[2026-01-22 15:51:52] INFO PID of this process: 2413556
[2026-01-22 15:52:00] INFO {'model': {'embed_dim': 64, 'loss_fn': 'bce', 'sub_model': 'SASRec', 'hidden_size': 128, 'layer_num': 2, 'head_num': 2, 'dropout_rate': 0.5, 'activation': 'gelu', 'tau_min': 1, 'layer_norm_eps': 1e-12, 'model': 'MetaModel'}, 'data': {'domain_name_list': ['sport_15'], 'user_threshold': 5, 'item_threshold': 5, 'max_seq_len': 50, 'dataset_class': 'general', 'train_file': '_regen', 'dataset': 'noisy_15'}, 'train': {'batch_size': 256, 'early_stop_mode': 'max', 'early_stop_patience': 20, 'epochs': 1000, 'device': 'cuda', 'optimizer': 'adam', 'learning_rate': 0.001, 'weight_decay': 0, 'num_neg': 1, 'seed': 2028, 'interval': 30, 'meta_optimizer': 'sgd', 'meta_learning_rate': 0.001, 'hpo_learning_rate': 0.001, 'meta_weight_decay': 0.001, 'descent_step': 30, 'warmup_epoch': 10}, 'eval': {'batch_size': 2048, 'cutoff': [20, 10], 'val_metrics': ['ndcg', 'recall'], 'test_metrics': ['ndcg', 'recall'], 'topk': 100, 'save_path': './saved/'}}
[2026-01-22 15:52:00] INFO <data.dataset.SeparateDataset object at 0x7f879a7031f0>
[2026-01-22 15:52:00] INFO save_dir:saved
[2026-01-22 15:52:00] INFO {'model': {'embed_dim': 64, 'loss_fn': 'bce', 'hidden_size': 128, 'layer_num': 2, 'head_num': 2, 'dropout_rate': 0.5, 'activation': 'gelu', 'layer_norm_eps': 1e-12, 'model': 'SASRec'}, 'data': {'domain_name_list': ['beauty_15'], 'user_threshold': 5, 'item_threshold': 5, 'max_seq_len': 50, 'dataset_class': 'general', 'train_file': '_regen', 'dataset': 'noisy_15'}, 'train': {'batch_size': 256, 'early_stop_mode': 'max', 'early_stop_patience': 20, 'epochs': 1000, 'device': 0, 'optimizer': 'adam', 'learning_rate': 0.001, 'weight_decay': 0, 'num_neg': 1, 'seed': 2028}, 'eval': {'batch_size': 2048, 'cutoff': [20, 10], 'val_metrics': ['ndcg', 'recall'], 'test_metrics': ['ndcg', 'recall'], 'topk': 100, 'save_path': './saved/'}}
[2026-01-22 15:52:00] INFO MetaModel(
  (item_embedding): Embedding(18358, 64, padding_idx=0)
  (sub_model): SASRec(
    (item_embedding): Embedding(18358, 64, padding_idx=0)
    (query_encoder): SASRecQueryEncoder(
      (item_encoder): Embedding(18358, 64, padding_idx=0)
      (position_emb): Embedding(50, 64)
      (transformer_layer): TransformerEncoder(
        (layers): ModuleList(
          (0): TransformerEncoderLayer(
            (self_attn): MultiheadAttention(
              (out_proj): NonDynamicallyQuantizableLinear(in_features=64, out_features=64, bias=True)
            )
            (linear1): Linear(in_features=64, out_features=128, bias=True)
            (dropout): Dropout(p=0.5, inplace=False)
            (linear2): Linear(in_features=128, out_features=64, bias=True)
            (norm1): LayerNorm((64,), eps=1e-12, elementwise_affine=True)
            (norm2): LayerNorm((64,), eps=1e-12, elementwise_affine=True)
            (dropout1): Dropout(p=0.5, inplace=False)
            (dropout2): Dropout(p=0.5, inplace=False)
          )
          (1): TransformerEncoderLayer(
            (self_attn): MultiheadAttention(
              (out_proj): NonDynamicallyQuantizableLinear(in_features=64, out_features=64, bias=True)
            )
            (linear1): Linear(in_features=64, out_features=128, bias=True)
            (dropout): Dropout(p=0.5, inplace=False)
            (linear2): Linear(in_features=128, out_features=64, bias=True)
            (norm1): LayerNorm((64,), eps=1e-12, elementwise_affine=True)
            (norm2): LayerNorm((64,), eps=1e-12, elementwise_affine=True)
            (dropout1): Dropout(p=0.5, inplace=False)
            (dropout2): Dropout(p=0.5, inplace=False)
          )
        )
      )
      (dropout): Dropout(p=0.5, inplace=False)
      (training_pooling_layer): SeqPoolingLayer()
      (eval_pooling_layer): SeqPoolingLayer()
    )
    (loss_fn): BinaryCrossEntropyLoss()
  )
  (meta_module): Sequential(
    (0): Linear(in_features=64, out_features=64, bias=True)
    (1): ReLU()
    (2): Linear(in_features=64, out_features=2, bias=True)
  )
)
[2026-01-22 15:52:43] INFO {'epoch': 0, 'sport_15_ndcg@20': tensor(0.0078), 'sport_15_recall@20': tensor(0.0198), 'ndcg@20': tensor(0.0078), 'recall@20': tensor(0.0198), 'train_loss_0': tensor(1.2427, device='cuda:0')}
[2026-01-22 15:52:43] INFO training_time: 42.10830998420715
[2026-01-22 15:52:43] INFO inference_time: 1.4132158756256104
[2026-01-22 15:52:43] INFO ndcg@20 improved. Best value: 0.0078
[2026-01-22 15:52:43] INFO Best model checkpoint saved in saved/MetaModel/noisy_15/2026-01-22-15-51-52-354382.ckpt.
[2026-01-22 15:53:31] INFO {'epoch': 1, 'sport_15_ndcg@20': tensor(0.0109), 'sport_15_recall@20': tensor(0.0268), 'ndcg@20': tensor(0.0109), 'recall@20': tensor(0.0268), 'train_loss_0': tensor(1.1189, device='cuda:0')}
[2026-01-22 15:53:31] INFO training_time: 88.47788166999817
[2026-01-22 15:53:31] INFO inference_time: 2.3967905044555664
[2026-01-22 15:53:31] INFO ndcg@20 improved. Best value: 0.0109
[2026-01-22 15:53:31] INFO Best model checkpoint saved in saved/MetaModel/noisy_15/2026-01-22-15-51-52-354382.ckpt.
[2026-01-22 15:54:19] INFO {'epoch': 2, 'sport_15_ndcg@20': tensor(0.0122), 'sport_15_recall@20': tensor(0.0302), 'ndcg@20': tensor(0.0122), 'recall@20': tensor(0.0302), 'train_loss_0': tensor(0.9981, device='cuda:0')}
[2026-01-22 15:54:19] INFO training_time: 135.06328535079956
[2026-01-22 15:54:19] INFO inference_time: 3.6585283279418945
[2026-01-22 15:54:19] INFO ndcg@20 improved. Best value: 0.0122
[2026-01-22 15:54:19] INFO Best model checkpoint saved in saved/MetaModel/noisy_15/2026-01-22-15-51-52-354382.ckpt.
[2026-01-22 15:55:06] INFO {'epoch': 3, 'sport_15_ndcg@20': tensor(0.0133), 'sport_15_recall@20': tensor(0.0329), 'ndcg@20': tensor(0.0133), 'recall@20': tensor(0.0329), 'train_loss_0': tensor(0.9077, device='cuda:0')}
[2026-01-22 15:55:06] INFO training_time: 181.4126172065735
[2026-01-22 15:55:06] INFO inference_time: 4.7111334800720215
[2026-01-22 15:55:06] INFO ndcg@20 improved. Best value: 0.0133
[2026-01-22 15:55:06] INFO Best model checkpoint saved in saved/MetaModel/noisy_15/2026-01-22-15-51-52-354382.ckpt.
[2026-01-22 15:55:54] INFO {'epoch': 4, 'sport_15_ndcg@20': tensor(0.0138), 'sport_15_recall@20': tensor(0.0334), 'ndcg@20': tensor(0.0138), 'recall@20': tensor(0.0334), 'train_loss_0': tensor(0.8376, device='cuda:0')}
[2026-01-22 15:55:54] INFO training_time: 228.16584992408752
[2026-01-22 15:55:54] INFO inference_time: 5.81985330581665
[2026-01-22 15:55:54] INFO ndcg@20 improved. Best value: 0.0138
[2026-01-22 15:55:54] INFO Best model checkpoint saved in saved/MetaModel/noisy_15/2026-01-22-15-51-52-354382.ckpt.
[2026-01-22 15:56:41] INFO {'epoch': 5, 'sport_15_ndcg@20': tensor(0.0144), 'sport_15_recall@20': tensor(0.0351), 'ndcg@20': tensor(0.0144), 'recall@20': tensor(0.0351), 'train_loss_0': tensor(0.7849, device='cuda:0')}
[2026-01-22 15:56:41] INFO training_time: 274.3597888946533
[2026-01-22 15:56:41] INFO inference_time: 6.909627676010132
[2026-01-22 15:56:41] INFO ndcg@20 improved. Best value: 0.0144
[2026-01-22 15:56:41] INFO Best model checkpoint saved in saved/MetaModel/noisy_15/2026-01-22-15-51-52-354382.ckpt.
[2026-01-22 15:57:29] INFO {'epoch': 6, 'sport_15_ndcg@20': tensor(0.0147), 'sport_15_recall@20': tensor(0.0341), 'ndcg@20': tensor(0.0147), 'recall@20': tensor(0.0341), 'train_loss_0': tensor(0.7423, device='cuda:0')}
[2026-01-22 15:57:29] INFO training_time: 320.58579540252686
[2026-01-22 15:57:29] INFO inference_time: 8.187395334243774
[2026-01-22 15:57:29] INFO ndcg@20 improved. Best value: 0.0147
[2026-01-22 15:57:29] INFO Best model checkpoint saved in saved/MetaModel/noisy_15/2026-01-22-15-51-52-354382.ckpt.
[2026-01-22 15:58:16] INFO {'epoch': 7, 'sport_15_ndcg@20': tensor(0.0149), 'sport_15_recall@20': tensor(0.0349), 'ndcg@20': tensor(0.0149), 'recall@20': tensor(0.0349), 'train_loss_0': tensor(0.7107, device='cuda:0')}
[2026-01-22 15:58:16] INFO training_time: 366.19876313209534
[2026-01-22 15:58:16] INFO inference_time: 9.322216987609863
[2026-01-22 15:58:16] INFO ndcg@20 improved. Best value: 0.0149
[2026-01-22 15:58:16] INFO Best model checkpoint saved in saved/MetaModel/noisy_15/2026-01-22-15-51-52-354382.ckpt.
[2026-01-22 15:59:02] INFO {'epoch': 8, 'sport_15_ndcg@20': tensor(0.0150), 'sport_15_recall@20': tensor(0.0351), 'ndcg@20': tensor(0.0150), 'recall@20': tensor(0.0351), 'train_loss_0': tensor(0.6874, device='cuda:0')}
[2026-01-22 15:59:02] INFO training_time: 411.19475769996643
[2026-01-22 15:59:02] INFO inference_time: 10.432095289230347
[2026-01-22 15:59:02] INFO ndcg@20 improved. Best value: 0.0150
[2026-01-22 15:59:02] INFO Best model checkpoint saved in saved/MetaModel/noisy_15/2026-01-22-15-51-52-354382.ckpt.
[2026-01-22 15:59:48] INFO {'epoch': 9, 'sport_15_ndcg@20': tensor(0.0148), 'sport_15_recall@20': tensor(0.0347), 'ndcg@20': tensor(0.0148), 'recall@20': tensor(0.0347), 'train_loss_0': tensor(0.6668, device='cuda:0')}
[2026-01-22 15:59:48] INFO training_time: 456.4779076576233
[2026-01-22 15:59:48] INFO inference_time: 11.534863948822021
[2026-01-22 16:00:35] INFO {'epoch': 10, 'sport_15_ndcg@20': tensor(0.0153), 'sport_15_recall@20': tensor(0.0362), 'ndcg@20': tensor(0.0153), 'recall@20': tensor(0.0362), 'train_loss_0': tensor(0.6503, device='cuda:0')}
[2026-01-22 16:00:35] INFO training_time: 501.93731570243835
[2026-01-22 16:00:35] INFO inference_time: 13.14462661743164
[2026-01-22 16:00:35] INFO ndcg@20 improved. Best value: 0.0153
[2026-01-22 16:00:35] INFO Best model checkpoint saved in saved/MetaModel/noisy_15/2026-01-22-15-51-52-354382.ckpt.
[2026-01-22 16:01:37] INFO {'epoch': 11, 'sport_15_ndcg@20': tensor(0.0158), 'sport_15_recall@20': tensor(0.0372), 'ndcg@20': tensor(0.0158), 'recall@20': tensor(0.0372), 'train_loss_0': tensor(0.3168, device='cuda:0')}
[2026-01-22 16:01:37] INFO training_time: 562.5436336994171
[2026-01-22 16:01:37] INFO inference_time: 14.149049520492554
[2026-01-22 16:01:37] INFO ndcg@20 improved. Best value: 0.0158
[2026-01-22 16:01:37] INFO Best model checkpoint saved in saved/MetaModel/noisy_15/2026-01-22-15-51-52-354382.ckpt.
[2026-01-22 16:02:38] INFO {'epoch': 12, 'sport_15_ndcg@20': tensor(0.0162), 'sport_15_recall@20': tensor(0.0373), 'ndcg@20': tensor(0.0162), 'recall@20': tensor(0.0373), 'train_loss_0': tensor(0.3093, device='cuda:0')}
[2026-01-22 16:02:38] INFO training_time: 622.5370228290558
[2026-01-22 16:02:38] INFO inference_time: 15.317246198654175
[2026-01-22 16:02:38] INFO ndcg@20 improved. Best value: 0.0162
[2026-01-22 16:02:38] INFO Best model checkpoint saved in saved/MetaModel/noisy_15/2026-01-22-15-51-52-354382.ckpt.
[2026-01-22 16:03:39] INFO {'epoch': 13, 'sport_15_ndcg@20': tensor(0.0162), 'sport_15_recall@20': tensor(0.0376), 'ndcg@20': tensor(0.0162), 'recall@20': tensor(0.0376), 'train_loss_0': tensor(0.3071, device='cuda:0')}
[2026-01-22 16:03:39] INFO training_time: 682.0076375007629
[2026-01-22 16:03:39] INFO inference_time: 16.464049100875854
[2026-01-22 16:03:39] INFO ndcg@20 improved. Best value: 0.0162
[2026-01-22 16:03:39] INFO Best model checkpoint saved in saved/MetaModel/noisy_15/2026-01-22-15-51-52-354382.ckpt.
[2026-01-22 16:04:40] INFO {'epoch': 14, 'sport_15_ndcg@20': tensor(0.0157), 'sport_15_recall@20': tensor(0.0371), 'ndcg@20': tensor(0.0157), 'recall@20': tensor(0.0371), 'train_loss_0': tensor(0.3050, device='cuda:0')}
[2026-01-22 16:04:40] INFO training_time: 741.9984953403473
[2026-01-22 16:04:40] INFO inference_time: 17.509642839431763
[2026-01-22 16:05:40] INFO {'epoch': 15, 'sport_15_ndcg@20': tensor(0.0160), 'sport_15_recall@20': tensor(0.0366), 'ndcg@20': tensor(0.0160), 'recall@20': tensor(0.0366), 'train_loss_0': tensor(0.3032, device='cuda:0')}
[2026-01-22 16:05:40] INFO training_time: 801.3119783401489
[2026-01-22 16:05:40] INFO inference_time: 18.704185247421265
[2026-01-22 16:06:41] INFO {'epoch': 16, 'sport_15_ndcg@20': tensor(0.0157), 'sport_15_recall@20': tensor(0.0364), 'ndcg@20': tensor(0.0157), 'recall@20': tensor(0.0364), 'train_loss_0': tensor(0.3021, device='cuda:0')}
[2026-01-22 16:06:41] INFO training_time: 861.2810835838318
[2026-01-22 16:06:41] INFO inference_time: 19.91546940803528
[2026-01-22 16:07:43] INFO {'epoch': 17, 'sport_15_ndcg@20': tensor(0.0159), 'sport_15_recall@20': tensor(0.0366), 'ndcg@20': tensor(0.0159), 'recall@20': tensor(0.0366), 'train_loss_0': tensor(0.3014, device='cuda:0')}
[2026-01-22 16:07:43] INFO training_time: 921.6465110778809
[2026-01-22 16:07:43] INFO inference_time: 21.069535732269287
[2026-01-22 16:08:44] INFO {'epoch': 18, 'sport_15_ndcg@20': tensor(0.0160), 'sport_15_recall@20': tensor(0.0371), 'ndcg@20': tensor(0.0160), 'recall@20': tensor(0.0371), 'train_loss_0': tensor(0.2985, device='cuda:0')}
[2026-01-22 16:08:44] INFO training_time: 981.7518539428711
[2026-01-22 16:08:44] INFO inference_time: 22.046483278274536
[2026-01-22 16:09:45] INFO {'epoch': 19, 'sport_15_ndcg@20': tensor(0.0163), 'sport_15_recall@20': tensor(0.0382), 'ndcg@20': tensor(0.0163), 'recall@20': tensor(0.0382), 'train_loss_0': tensor(0.2971, device='cuda:0')}
[2026-01-22 16:09:45] INFO training_time: 1041.7096014022827
[2026-01-22 16:09:45] INFO inference_time: 23.352163553237915
[2026-01-22 16:09:45] INFO ndcg@20 improved. Best value: 0.0163
[2026-01-22 16:09:45] INFO Best model checkpoint saved in saved/MetaModel/noisy_15/2026-01-22-15-51-52-354382.ckpt.
[2026-01-22 16:10:46] INFO {'epoch': 20, 'sport_15_ndcg@20': tensor(0.0154), 'sport_15_recall@20': tensor(0.0355), 'ndcg@20': tensor(0.0154), 'recall@20': tensor(0.0355), 'train_loss_0': tensor(0.2942, device='cuda:0')}
[2026-01-22 16:10:46] INFO training_time: 1101.3427684307098
[2026-01-22 16:10:46] INFO inference_time: 24.734692335128784
[2026-01-22 16:11:47] INFO {'epoch': 21, 'sport_15_ndcg@20': tensor(0.0163), 'sport_15_recall@20': tensor(0.0379), 'ndcg@20': tensor(0.0163), 'recall@20': tensor(0.0379), 'train_loss_0': tensor(0.2924, device='cuda:0')}
[2026-01-22 16:11:47] INFO training_time: 1161.1704440116882
[2026-01-22 16:11:47] INFO inference_time: 26.024420499801636
[2026-01-22 16:11:47] INFO ndcg@20 improved. Best value: 0.0163
[2026-01-22 16:11:47] INFO Best model checkpoint saved in saved/MetaModel/noisy_15/2026-01-22-15-51-52-354382.ckpt.
[2026-01-22 16:12:49] INFO {'epoch': 22, 'sport_15_ndcg@20': tensor(0.0156), 'sport_15_recall@20': tensor(0.0367), 'ndcg@20': tensor(0.0156), 'recall@20': tensor(0.0367), 'train_loss_0': tensor(0.2904, device='cuda:0')}
[2026-01-22 16:12:49] INFO training_time: 1221.3556196689606
[2026-01-22 16:12:49] INFO inference_time: 27.35342526435852
[2026-01-22 16:13:51] INFO {'epoch': 23, 'sport_15_ndcg@20': tensor(0.0158), 'sport_15_recall@20': tensor(0.0361), 'ndcg@20': tensor(0.0158), 'recall@20': tensor(0.0361), 'train_loss_0': tensor(0.2890, device='cuda:0')}
[2026-01-22 16:13:51] INFO training_time: 1282.0405521392822
[2026-01-22 16:13:51] INFO inference_time: 28.43562602996826
[2026-01-22 16:14:52] INFO {'epoch': 24, 'sport_15_ndcg@20': tensor(0.0161), 'sport_15_recall@20': tensor(0.0371), 'ndcg@20': tensor(0.0161), 'recall@20': tensor(0.0371), 'train_loss_0': tensor(0.2852, device='cuda:0')}
[2026-01-22 16:14:52] INFO training_time: 1341.761061668396
[2026-01-22 16:14:52] INFO inference_time: 29.56028175354004
[2026-01-22 16:15:53] INFO {'epoch': 25, 'sport_15_ndcg@20': tensor(0.0159), 'sport_15_recall@20': tensor(0.0372), 'ndcg@20': tensor(0.0159), 'recall@20': tensor(0.0372), 'train_loss_0': tensor(0.2833, device='cuda:0')}
[2026-01-22 16:15:53] INFO training_time: 1401.8977272510529
[2026-01-22 16:15:53] INFO inference_time: 30.966411590576172
[2026-01-22 16:16:54] INFO {'epoch': 26, 'sport_15_ndcg@20': tensor(0.0156), 'sport_15_recall@20': tensor(0.0361), 'ndcg@20': tensor(0.0156), 'recall@20': tensor(0.0361), 'train_loss_0': tensor(0.2822, device='cuda:0')}
[2026-01-22 16:16:54] INFO training_time: 1461.6784255504608
[2026-01-22 16:16:54] INFO inference_time: 31.87949275970459
[2026-01-22 16:17:55] INFO {'epoch': 27, 'sport_15_ndcg@20': tensor(0.0164), 'sport_15_recall@20': tensor(0.0378), 'ndcg@20': tensor(0.0164), 'recall@20': tensor(0.0378), 'train_loss_0': tensor(0.2810, device='cuda:0')}
[2026-01-22 16:17:55] INFO training_time: 1521.5430448055267
[2026-01-22 16:17:55] INFO inference_time: 32.90247344970703
[2026-01-22 16:17:55] INFO ndcg@20 improved. Best value: 0.0164
[2026-01-22 16:17:55] INFO Best model checkpoint saved in saved/MetaModel/noisy_15/2026-01-22-15-51-52-354382.ckpt.
[2026-01-22 16:18:56] INFO {'epoch': 28, 'sport_15_ndcg@20': tensor(0.0165), 'sport_15_recall@20': tensor(0.0382), 'ndcg@20': tensor(0.0165), 'recall@20': tensor(0.0382), 'train_loss_0': tensor(0.2782, device='cuda:0')}
[2026-01-22 16:18:56] INFO training_time: 1581.5831294059753
[2026-01-22 16:18:56] INFO inference_time: 34.00366139411926
[2026-01-22 16:18:56] INFO ndcg@20 improved. Best value: 0.0165
[2026-01-22 16:18:56] INFO Best model checkpoint saved in saved/MetaModel/noisy_15/2026-01-22-15-51-52-354382.ckpt.
[2026-01-22 16:19:57] INFO {'epoch': 29, 'sport_15_ndcg@20': tensor(0.0165), 'sport_15_recall@20': tensor(0.0384), 'ndcg@20': tensor(0.0165), 'recall@20': tensor(0.0384), 'train_loss_0': tensor(0.2784, device='cuda:0')}
[2026-01-22 16:19:57] INFO training_time: 1641.6865775585175
[2026-01-22 16:19:57] INFO inference_time: 35.09890294075012
[2026-01-22 16:20:58] INFO {'epoch': 30, 'sport_15_ndcg@20': tensor(0.0165), 'sport_15_recall@20': tensor(0.0386), 'ndcg@20': tensor(0.0165), 'recall@20': tensor(0.0386), 'train_loss_0': tensor(0.2749, device='cuda:0')}
[2026-01-22 16:20:58] INFO training_time: 1701.5021541118622
[2026-01-22 16:20:58] INFO inference_time: 36.68260192871094
[2026-01-22 16:20:58] INFO ndcg@20 improved. Best value: 0.0165
[2026-01-22 16:20:58] INFO Best model checkpoint saved in saved/MetaModel/noisy_15/2026-01-22-15-51-52-354382.ckpt.
[2026-01-22 16:22:00] INFO {'epoch': 31, 'sport_15_ndcg@20': tensor(0.0162), 'sport_15_recall@20': tensor(0.0372), 'ndcg@20': tensor(0.0162), 'recall@20': tensor(0.0372), 'train_loss_0': tensor(0.2748, device='cuda:0')}
[2026-01-22 16:22:00] INFO training_time: 1761.5474243164062
[2026-01-22 16:22:00] INFO inference_time: 37.79500675201416
[2026-01-22 16:23:01] INFO {'epoch': 32, 'sport_15_ndcg@20': tensor(0.0164), 'sport_15_recall@20': tensor(0.0376), 'ndcg@20': tensor(0.0164), 'recall@20': tensor(0.0376), 'train_loss_0': tensor(0.2738, device='cuda:0')}
[2026-01-22 16:23:01] INFO training_time: 1821.5994355678558
[2026-01-22 16:23:01] INFO inference_time: 39.098618507385254
[2026-01-22 16:24:02] INFO {'epoch': 33, 'sport_15_ndcg@20': tensor(0.0170), 'sport_15_recall@20': tensor(0.0380), 'ndcg@20': tensor(0.0170), 'recall@20': tensor(0.0380), 'train_loss_0': tensor(0.2725, device='cuda:0')}
[2026-01-22 16:24:02] INFO training_time: 1881.6325962543488
[2026-01-22 16:24:02] INFO inference_time: 40.404741525650024
[2026-01-22 16:24:02] INFO ndcg@20 improved. Best value: 0.0170
[2026-01-22 16:24:02] INFO Best model checkpoint saved in saved/MetaModel/noisy_15/2026-01-22-15-51-52-354382.ckpt.
[2026-01-22 16:25:04] INFO {'epoch': 34, 'sport_15_ndcg@20': tensor(0.0163), 'sport_15_recall@20': tensor(0.0379), 'ndcg@20': tensor(0.0163), 'recall@20': tensor(0.0379), 'train_loss_0': tensor(0.2699, device='cuda:0')}
[2026-01-22 16:25:04] INFO training_time: 1941.6981389522552
[2026-01-22 16:25:04] INFO inference_time: 41.60339426994324
[2026-01-22 16:26:05] INFO {'epoch': 35, 'sport_15_ndcg@20': tensor(0.0164), 'sport_15_recall@20': tensor(0.0377), 'ndcg@20': tensor(0.0164), 'recall@20': tensor(0.0377), 'train_loss_0': tensor(0.2694, device='cuda:0')}
[2026-01-22 16:26:05] INFO training_time: 2001.6529784202576
[2026-01-22 16:26:05] INFO inference_time: 42.717175006866455
[2026-01-22 16:27:06] INFO {'epoch': 36, 'sport_15_ndcg@20': tensor(0.0162), 'sport_15_recall@20': tensor(0.0378), 'ndcg@20': tensor(0.0162), 'recall@20': tensor(0.0378), 'train_loss_0': tensor(0.2681, device='cuda:0')}
[2026-01-22 16:27:06] INFO training_time: 2061.59037399292
[2026-01-22 16:27:06] INFO inference_time: 43.72563314437866
[2026-01-22 16:28:06] INFO {'epoch': 37, 'sport_15_ndcg@20': tensor(0.0166), 'sport_15_recall@20': tensor(0.0375), 'ndcg@20': tensor(0.0166), 'recall@20': tensor(0.0375), 'train_loss_0': tensor(0.2674, device='cuda:0')}
[2026-01-22 16:28:06] INFO training_time: 2120.979756593704
[2026-01-22 16:28:06] INFO inference_time: 44.87401103973389
[2026-01-22 16:29:07] INFO {'epoch': 38, 'sport_15_ndcg@20': tensor(0.0165), 'sport_15_recall@20': tensor(0.0385), 'ndcg@20': tensor(0.0165), 'recall@20': tensor(0.0385), 'train_loss_0': tensor(0.2659, device='cuda:0')}
[2026-01-22 16:29:07] INFO training_time: 2180.875174999237
[2026-01-22 16:29:07] INFO inference_time: 46.125463008880615
[2026-01-22 16:30:09] INFO {'epoch': 39, 'sport_15_ndcg@20': tensor(0.0164), 'sport_15_recall@20': tensor(0.0375), 'ndcg@20': tensor(0.0164), 'recall@20': tensor(0.0375), 'train_loss_0': tensor(0.2654, device='cuda:0')}
[2026-01-22 16:30:09] INFO training_time: 2240.677070379257
[2026-01-22 16:30:09] INFO inference_time: 47.505261182785034
[2026-01-22 16:31:11] INFO {'epoch': 40, 'sport_15_ndcg@20': tensor(0.0164), 'sport_15_recall@20': tensor(0.0373), 'ndcg@20': tensor(0.0164), 'recall@20': tensor(0.0373), 'train_loss_0': tensor(0.2634, device='cuda:0')}
[2026-01-22 16:31:11] INFO training_time: 2301.056671857834
[2026-01-22 16:31:11] INFO inference_time: 49.19943380355835
[2026-01-22 16:32:11] INFO {'epoch': 41, 'sport_15_ndcg@20': tensor(0.0161), 'sport_15_recall@20': tensor(0.0381), 'ndcg@20': tensor(0.0161), 'recall@20': tensor(0.0381), 'train_loss_0': tensor(0.2627, device='cuda:0')}
[2026-01-22 16:32:11] INFO training_time: 2360.118668794632
[2026-01-22 16:32:11] INFO inference_time: 50.411541223526
[2026-01-22 16:32:58] INFO {'epoch': 42, 'sport_15_ndcg@20': tensor(0.0161), 'sport_15_recall@20': tensor(0.0371), 'ndcg@20': tensor(0.0161), 'recall@20': tensor(0.0371), 'train_loss_0': tensor(0.2620, device='cuda:0')}
[2026-01-22 16:32:58] INFO training_time: 2406.2640838623047
[2026-01-22 16:32:58] INFO inference_time: 51.65121674537659
[2026-01-22 16:33:46] INFO {'epoch': 43, 'sport_15_ndcg@20': tensor(0.0163), 'sport_15_recall@20': tensor(0.0384), 'ndcg@20': tensor(0.0163), 'recall@20': tensor(0.0384), 'train_loss_0': tensor(0.2605, device='cuda:0')}
[2026-01-22 16:33:46] INFO training_time: 2452.504153728485
[2026-01-22 16:33:46] INFO inference_time: 52.847492694854736
[2026-01-22 16:34:33] INFO {'epoch': 44, 'sport_15_ndcg@20': tensor(0.0168), 'sport_15_recall@20': tensor(0.0389), 'ndcg@20': tensor(0.0168), 'recall@20': tensor(0.0389), 'train_loss_0': tensor(0.2613, device='cuda:0')}
[2026-01-22 16:34:33] INFO training_time: 2498.9210352897644
[2026-01-22 16:34:33] INFO inference_time: 53.88557529449463
[2026-01-22 16:35:20] INFO {'epoch': 45, 'sport_15_ndcg@20': tensor(0.0162), 'sport_15_recall@20': tensor(0.0370), 'ndcg@20': tensor(0.0162), 'recall@20': tensor(0.0370), 'train_loss_0': tensor(0.2589, device='cuda:0')}
[2026-01-22 16:35:20] INFO training_time: 2544.732139110565
[2026-01-22 16:35:20] INFO inference_time: 55.1020405292511
[2026-01-22 16:36:07] INFO {'epoch': 46, 'sport_15_ndcg@20': tensor(0.0162), 'sport_15_recall@20': tensor(0.0377), 'ndcg@20': tensor(0.0162), 'recall@20': tensor(0.0377), 'train_loss_0': tensor(0.2570, device='cuda:0')}
[2026-01-22 16:36:07] INFO training_time: 2590.444834470749
[2026-01-22 16:36:07] INFO inference_time: 56.2984619140625
[2026-01-22 16:36:54] INFO {'epoch': 47, 'sport_15_ndcg@20': tensor(0.0164), 'sport_15_recall@20': tensor(0.0375), 'ndcg@20': tensor(0.0164), 'recall@20': tensor(0.0375), 'train_loss_0': tensor(0.2574, device='cuda:0')}
[2026-01-22 16:36:54] INFO training_time: 2636.452923297882
[2026-01-22 16:36:54] INFO inference_time: 57.51815104484558
[2026-01-22 16:37:42] INFO {'epoch': 48, 'sport_15_ndcg@20': tensor(0.0164), 'sport_15_recall@20': tensor(0.0380), 'ndcg@20': tensor(0.0164), 'recall@20': tensor(0.0380), 'train_loss_0': tensor(0.2562, device='cuda:0')}
[2026-01-22 16:37:42] INFO training_time: 2682.784562587738
[2026-01-22 16:37:42] INFO inference_time: 58.74540948867798
[2026-01-22 16:38:30] INFO {'epoch': 49, 'sport_15_ndcg@20': tensor(0.0165), 'sport_15_recall@20': tensor(0.0376), 'ndcg@20': tensor(0.0165), 'recall@20': tensor(0.0376), 'train_loss_0': tensor(0.2565, device='cuda:0')}
[2026-01-22 16:38:30] INFO training_time: 2729.275235891342
[2026-01-22 16:38:30] INFO inference_time: 60.07302165031433
[2026-01-22 16:39:17] INFO {'epoch': 50, 'sport_15_ndcg@20': tensor(0.0162), 'sport_15_recall@20': tensor(0.0375), 'ndcg@20': tensor(0.0162), 'recall@20': tensor(0.0375), 'train_loss_0': tensor(0.2542, device='cuda:0')}
[2026-01-22 16:39:17] INFO training_time: 2775.3528275489807
[2026-01-22 16:39:17] INFO inference_time: 61.44295835494995
[2026-01-22 16:40:01] INFO {'epoch': 51, 'sport_15_ndcg@20': tensor(0.0166), 'sport_15_recall@20': tensor(0.0391), 'ndcg@20': tensor(0.0166), 'recall@20': tensor(0.0391), 'train_loss_0': tensor(0.2549, device='cuda:0')}
[2026-01-22 16:40:01] INFO training_time: 2818.2601132392883
[2026-01-22 16:40:01] INFO inference_time: 62.552592754364014
[2026-01-22 16:40:36] INFO {'epoch': 52, 'sport_15_ndcg@20': tensor(0.0162), 'sport_15_recall@20': tensor(0.0376), 'ndcg@20': tensor(0.0162), 'recall@20': tensor(0.0376), 'train_loss_0': tensor(0.2537, device='cuda:0')}
[2026-01-22 16:40:36] INFO training_time: 2852.495056629181
[2026-01-22 16:40:36] INFO inference_time: 63.479652881622314
[2026-01-22 16:41:11] INFO {'epoch': 53, 'sport_15_ndcg@20': tensor(0.0163), 'sport_15_recall@20': tensor(0.0380), 'ndcg@20': tensor(0.0163), 'recall@20': tensor(0.0380), 'train_loss_0': tensor(0.2534, device='cuda:0')}
[2026-01-22 16:41:11] INFO training_time: 2886.4730684757233
[2026-01-22 16:41:11] INFO inference_time: 64.52649807929993
[2026-01-22 16:41:11] INFO Early stopped. Since the metric ndcg@20 haven't been improved for 20 epochs.
[2026-01-22 16:41:11] INFO The best score of ndcg@20 is 0.0170 on epoch 33
[2026-01-22 16:41:11] INFO Best model checkpoint saved in saved/MetaModel/noisy_15/2026-01-22-15-51-52-354382.ckpt.
[2026-01-22 16:41:12] INFO defaultdict(<class 'float'>, {'sport_15_ndcg@20': tensor(0.0111), 'sport_15_recall@20': tensor(0.0267), 'sport_15_ndcg@10': tensor(0.0087), 'sport_15_recall@10': tensor(0.0173), 'ndcg@20': tensor(0.0111), 'recall@20': tensor(0.0267), 'ndcg@10': tensor(0.0087), 'recall@10': tensor(0.0173)})
