[2026-02-04 17:40:08] INFO PID of this process: 2445771
[2026-02-04 17:40:18] INFO {'model': {'embed_dim': 64, 'loss_fn': 'bce', 'sub_model': 'SASRec', 'hidden_size': 128, 'layer_num': 2, 'head_num': 2, 'dropout_rate': 0.5, 'activation': 'gelu', 'tau_min': 1, 'layer_norm_eps': 1e-12, 'model': 'MetaModel'}, 'data': {'domain_name_list': ['yelp_15'], 'user_threshold': 5, 'item_threshold': 5, 'max_seq_len': 50, 'dataset_class': 'general', 'train_file': '_regen', 'dataset': 'noisy_15'}, 'train': {'batch_size': 256, 'early_stop_mode': 'max', 'early_stop_patience': 20, 'epochs': 1000, 'device': 'cuda', 'optimizer': 'adam', 'learning_rate': 0.001, 'weight_decay': 0, 'num_neg': 1, 'seed': 2023, 'interval': 30, 'meta_optimizer': 'sgd', 'meta_learning_rate': 0.001, 'hpo_learning_rate': 0.001, 'meta_weight_decay': 0.001, 'descent_step': 30, 'warmup_epoch': 10}, 'eval': {'batch_size': 2048, 'cutoff': [20, 10], 'val_metrics': ['ndcg', 'recall'], 'test_metrics': ['ndcg', 'recall'], 'topk': 100, 'save_path': './saved/'}}
[2026-02-04 17:40:18] INFO <data.dataset.SeparateDataset object at 0x7f43b43161f0>
[2026-02-04 17:40:18] INFO save_dir:saved
[2026-02-04 17:40:18] INFO {'model': {'embed_dim': 64, 'loss_fn': 'bce', 'hidden_size': 128, 'layer_num': 2, 'head_num': 2, 'dropout_rate': 0.5, 'activation': 'gelu', 'layer_norm_eps': 1e-12, 'model': 'SASRec'}, 'data': {'domain_name_list': ['yelp_15'], 'user_threshold': 5, 'item_threshold': 5, 'max_seq_len': 50, 'dataset_class': 'general', 'train_file': '_regen', 'dataset': 'noisy_15'}, 'train': {'batch_size': 256, 'early_stop_mode': 'max', 'early_stop_patience': 20, 'epochs': 1000, 'device': 0, 'optimizer': 'adam', 'learning_rate': 0.001, 'weight_decay': 0, 'num_neg': 1, 'seed': 2023}, 'eval': {'batch_size': 2048, 'cutoff': [20, 10], 'val_metrics': ['ndcg', 'recall'], 'test_metrics': ['ndcg', 'recall'], 'topk': 100, 'save_path': './saved/'}}
[2026-02-04 17:40:19] INFO MetaModel(
  (item_embedding): Embedding(20034, 64, padding_idx=0)
  (sub_model): SASRec(
    (item_embedding): Embedding(20034, 64, padding_idx=0)
    (query_encoder): SASRecQueryEncoder(
      (item_encoder): Embedding(20034, 64, padding_idx=0)
      (position_emb): Embedding(50, 64)
      (transformer_layer): TransformerEncoder(
        (layers): ModuleList(
          (0): TransformerEncoderLayer(
            (self_attn): MultiheadAttention(
              (out_proj): NonDynamicallyQuantizableLinear(in_features=64, out_features=64, bias=True)
            )
            (linear1): Linear(in_features=64, out_features=128, bias=True)
            (dropout): Dropout(p=0.5, inplace=False)
            (linear2): Linear(in_features=128, out_features=64, bias=True)
            (norm1): LayerNorm((64,), eps=1e-12, elementwise_affine=True)
            (norm2): LayerNorm((64,), eps=1e-12, elementwise_affine=True)
            (dropout1): Dropout(p=0.5, inplace=False)
            (dropout2): Dropout(p=0.5, inplace=False)
          )
          (1): TransformerEncoderLayer(
            (self_attn): MultiheadAttention(
              (out_proj): NonDynamicallyQuantizableLinear(in_features=64, out_features=64, bias=True)
            )
            (linear1): Linear(in_features=64, out_features=128, bias=True)
            (dropout): Dropout(p=0.5, inplace=False)
            (linear2): Linear(in_features=128, out_features=64, bias=True)
            (norm1): LayerNorm((64,), eps=1e-12, elementwise_affine=True)
            (norm2): LayerNorm((64,), eps=1e-12, elementwise_affine=True)
            (dropout1): Dropout(p=0.5, inplace=False)
            (dropout2): Dropout(p=0.5, inplace=False)
          )
        )
      )
      (dropout): Dropout(p=0.5, inplace=False)
      (training_pooling_layer): SeqPoolingLayer()
      (eval_pooling_layer): SeqPoolingLayer()
    )
    (loss_fn): BinaryCrossEntropyLoss()
  )
  (meta_module): Sequential(
    (0): Linear(in_features=64, out_features=64, bias=True)
    (1): ReLU()
    (2): Linear(in_features=64, out_features=2, bias=True)
  )
)
[2026-02-04 17:41:45] INFO {'epoch': 0, 'yelp_15_ndcg@20': tensor(0.0067), 'yelp_15_recall@20': tensor(0.0166), 'ndcg@20': tensor(0.0067), 'recall@20': tensor(0.0166), 'train_loss_0': tensor(1.2677, device='cuda:0')}
[2026-02-04 17:41:45] INFO training_time: 84.12337017059326
[2026-02-04 17:41:45] INFO inference_time: 1.6874079704284668
[2026-02-04 17:41:45] INFO ndcg@20 improved. Best value: 0.0067
[2026-02-04 17:41:45] INFO Best model checkpoint saved in saved/MetaModel/noisy_15/2026-02-04-17-40-08-855178.ckpt.
[2026-02-04 17:43:08] INFO {'epoch': 1, 'yelp_15_ndcg@20': tensor(0.0106), 'yelp_15_recall@20': tensor(0.0269), 'ndcg@20': tensor(0.0106), 'recall@20': tensor(0.0269), 'train_loss_0': tensor(1.0889, device='cuda:0')}
[2026-02-04 17:43:08] INFO training_time: 166.11146712303162
[2026-02-04 17:43:08] INFO inference_time: 3.0440621376037598
[2026-02-04 17:43:08] INFO ndcg@20 improved. Best value: 0.0106
[2026-02-04 17:43:08] INFO Best model checkpoint saved in saved/MetaModel/noisy_15/2026-02-04-17-40-08-855178.ckpt.
[2026-02-04 17:44:32] INFO {'epoch': 2, 'yelp_15_ndcg@20': tensor(0.0127), 'yelp_15_recall@20': tensor(0.0319), 'ndcg@20': tensor(0.0127), 'recall@20': tensor(0.0319), 'train_loss_0': tensor(0.9264, device='cuda:0')}
[2026-02-04 17:44:32] INFO training_time: 248.84864377975464
[2026-02-04 17:44:32] INFO inference_time: 4.011016130447388
[2026-02-04 17:44:32] INFO ndcg@20 improved. Best value: 0.0127
[2026-02-04 17:44:32] INFO Best model checkpoint saved in saved/MetaModel/noisy_15/2026-02-04-17-40-08-855178.ckpt.
[2026-02-04 17:45:55] INFO {'epoch': 3, 'yelp_15_ndcg@20': tensor(0.0126), 'yelp_15_recall@20': tensor(0.0314), 'ndcg@20': tensor(0.0126), 'recall@20': tensor(0.0314), 'train_loss_0': tensor(0.8197, device='cuda:0')}
[2026-02-04 17:45:55] INFO training_time: 331.38901138305664
[2026-02-04 17:45:55] INFO inference_time: 5.147670030593872
[2026-02-04 17:47:19] INFO {'epoch': 4, 'yelp_15_ndcg@20': tensor(0.0135), 'yelp_15_recall@20': tensor(0.0333), 'ndcg@20': tensor(0.0135), 'recall@20': tensor(0.0333), 'train_loss_0': tensor(0.7481, device='cuda:0')}
[2026-02-04 17:47:19] INFO training_time: 414.1218602657318
[2026-02-04 17:47:19] INFO inference_time: 6.26544713973999
[2026-02-04 17:47:19] INFO ndcg@20 improved. Best value: 0.0135
[2026-02-04 17:47:19] INFO Best model checkpoint saved in saved/MetaModel/noisy_15/2026-02-04-17-40-08-855178.ckpt.
[2026-02-04 17:48:43] INFO {'epoch': 5, 'yelp_15_ndcg@20': tensor(0.0134), 'yelp_15_recall@20': tensor(0.0336), 'ndcg@20': tensor(0.0134), 'recall@20': tensor(0.0336), 'train_loss_0': tensor(0.6965, device='cuda:0')}
[2026-02-04 17:48:43] INFO training_time: 496.6087806224823
[2026-02-04 17:48:43] INFO inference_time: 7.558331727981567
[2026-02-04 17:50:07] INFO {'epoch': 6, 'yelp_15_ndcg@20': tensor(0.0138), 'yelp_15_recall@20': tensor(0.0344), 'ndcg@20': tensor(0.0138), 'recall@20': tensor(0.0344), 'train_loss_0': tensor(0.6563, device='cuda:0')}
[2026-02-04 17:50:07] INFO training_time: 578.8004152774811
[2026-02-04 17:50:07] INFO inference_time: 8.867764949798584
[2026-02-04 17:50:07] INFO ndcg@20 improved. Best value: 0.0138
[2026-02-04 17:50:07] INFO Best model checkpoint saved in saved/MetaModel/noisy_15/2026-02-04-17-40-08-855178.ckpt.
[2026-02-04 17:51:30] INFO {'epoch': 7, 'yelp_15_ndcg@20': tensor(0.0136), 'yelp_15_recall@20': tensor(0.0332), 'ndcg@20': tensor(0.0136), 'recall@20': tensor(0.0332), 'train_loss_0': tensor(0.6264, device='cuda:0')}
[2026-02-04 17:51:30] INFO training_time: 661.1737353801727
[2026-02-04 17:51:30] INFO inference_time: 10.11037826538086
[2026-02-04 17:52:54] INFO {'epoch': 8, 'yelp_15_ndcg@20': tensor(0.0138), 'yelp_15_recall@20': tensor(0.0344), 'ndcg@20': tensor(0.0138), 'recall@20': tensor(0.0344), 'train_loss_0': tensor(0.6034, device='cuda:0')}
[2026-02-04 17:52:54] INFO training_time: 743.5986201763153
[2026-02-04 17:52:54] INFO inference_time: 11.371366262435913
[2026-02-04 17:54:18] INFO {'epoch': 9, 'yelp_15_ndcg@20': tensor(0.0131), 'yelp_15_recall@20': tensor(0.0321), 'ndcg@20': tensor(0.0131), 'recall@20': tensor(0.0321), 'train_loss_0': tensor(0.5856, device='cuda:0')}
[2026-02-04 17:54:18] INFO training_time: 825.9476370811462
[2026-02-04 17:54:18] INFO inference_time: 12.673157215118408
[2026-02-04 17:55:41] INFO {'epoch': 10, 'yelp_15_ndcg@20': tensor(0.0135), 'yelp_15_recall@20': tensor(0.0329), 'ndcg@20': tensor(0.0135), 'recall@20': tensor(0.0329), 'train_loss_0': tensor(0.5709, device='cuda:0')}
[2026-02-04 17:55:41] INFO training_time: 907.970428943634
[2026-02-04 17:55:41] INFO inference_time: 14.51201343536377
[2026-02-04 17:57:41] INFO {'epoch': 11, 'yelp_15_ndcg@20': tensor(0.0144), 'yelp_15_recall@20': tensor(0.0344), 'ndcg@20': tensor(0.0144), 'recall@20': tensor(0.0344), 'train_loss_0': tensor(0.2754, device='cuda:0')}
[2026-02-04 17:57:41] INFO training_time: 1026.3571588993073
[2026-02-04 17:57:41] INFO inference_time: 15.833806037902832
[2026-02-04 17:57:41] INFO ndcg@20 improved. Best value: 0.0144
[2026-02-04 17:57:41] INFO Best model checkpoint saved in saved/MetaModel/noisy_15/2026-02-04-17-40-08-855178.ckpt.
[2026-02-04 17:59:41] INFO {'epoch': 12, 'yelp_15_ndcg@20': tensor(0.0144), 'yelp_15_recall@20': tensor(0.0354), 'ndcg@20': tensor(0.0144), 'recall@20': tensor(0.0354), 'train_loss_0': tensor(0.2693, device='cuda:0')}
[2026-02-04 17:59:41] INFO training_time: 1144.7652869224548
[2026-02-04 17:59:41] INFO inference_time: 17.02164626121521
[2026-02-04 17:59:41] INFO ndcg@20 improved. Best value: 0.0144
[2026-02-04 17:59:41] INFO Best model checkpoint saved in saved/MetaModel/noisy_15/2026-02-04-17-40-08-855178.ckpt.
[2026-02-04 18:01:39] INFO {'epoch': 13, 'yelp_15_ndcg@20': tensor(0.0142), 'yelp_15_recall@20': tensor(0.0349), 'ndcg@20': tensor(0.0142), 'recall@20': tensor(0.0349), 'train_loss_0': tensor(0.2665, device='cuda:0')}
[2026-02-04 18:01:39] INFO training_time: 1261.4378635883331
[2026-02-04 18:01:39] INFO inference_time: 18.221574306488037
[2026-02-04 18:03:38] INFO {'epoch': 14, 'yelp_15_ndcg@20': tensor(0.0145), 'yelp_15_recall@20': tensor(0.0362), 'ndcg@20': tensor(0.0145), 'recall@20': tensor(0.0362), 'train_loss_0': tensor(0.2639, device='cuda:0')}
[2026-02-04 18:03:38] INFO training_time: 1379.4729554653168
[2026-02-04 18:03:38] INFO inference_time: 19.670697689056396
[2026-02-04 18:03:38] INFO ndcg@20 improved. Best value: 0.0145
[2026-02-04 18:03:38] INFO Best model checkpoint saved in saved/MetaModel/noisy_15/2026-02-04-17-40-08-855178.ckpt.
[2026-02-04 18:05:38] INFO {'epoch': 15, 'yelp_15_ndcg@20': tensor(0.0142), 'yelp_15_recall@20': tensor(0.0343), 'ndcg@20': tensor(0.0142), 'recall@20': tensor(0.0343), 'train_loss_0': tensor(0.2636, device='cuda:0')}
[2026-02-04 18:05:38] INFO training_time: 1497.84601354599
[2026-02-04 18:05:38] INFO inference_time: 21.156127214431763
[2026-02-04 18:07:35] INFO {'epoch': 16, 'yelp_15_ndcg@20': tensor(0.0137), 'yelp_15_recall@20': tensor(0.0331), 'ndcg@20': tensor(0.0137), 'recall@20': tensor(0.0331), 'train_loss_0': tensor(0.2609, device='cuda:0')}
[2026-02-04 18:07:35] INFO training_time: 1613.5761387348175
[2026-02-04 18:07:35] INFO inference_time: 22.55091619491577
[2026-02-04 18:09:27] INFO {'epoch': 17, 'yelp_15_ndcg@20': tensor(0.0128), 'yelp_15_recall@20': tensor(0.0317), 'ndcg@20': tensor(0.0128), 'recall@20': tensor(0.0317), 'train_loss_0': tensor(0.2603, device='cuda:0')}
[2026-02-04 18:09:27] INFO training_time: 1723.9452230930328
[2026-02-04 18:09:27] INFO inference_time: 23.778153657913208
[2026-02-04 18:11:11] INFO {'epoch': 18, 'yelp_15_ndcg@20': tensor(0.0134), 'yelp_15_recall@20': tensor(0.0328), 'ndcg@20': tensor(0.0134), 'recall@20': tensor(0.0328), 'train_loss_0': tensor(0.2584, device='cuda:0')}
[2026-02-04 18:11:11] INFO training_time: 1826.6020004749298
[2026-02-04 18:11:11] INFO inference_time: 25.05796194076538
[2026-02-04 18:12:53] INFO {'epoch': 19, 'yelp_15_ndcg@20': tensor(0.0136), 'yelp_15_recall@20': tensor(0.0335), 'ndcg@20': tensor(0.0136), 'recall@20': tensor(0.0335), 'train_loss_0': tensor(0.2562, device='cuda:0')}
[2026-02-04 18:12:53] INFO training_time: 1927.8211176395416
[2026-02-04 18:12:53] INFO inference_time: 26.33540439605713
[2026-02-04 18:14:37] INFO {'epoch': 20, 'yelp_15_ndcg@20': tensor(0.0135), 'yelp_15_recall@20': tensor(0.0338), 'ndcg@20': tensor(0.0135), 'recall@20': tensor(0.0338), 'train_loss_0': tensor(0.2564, device='cuda:0')}
[2026-02-04 18:14:37] INFO training_time: 2030.2626464366913
[2026-02-04 18:14:37] INFO inference_time: 28.045403242111206
[2026-02-04 18:16:20] INFO {'epoch': 21, 'yelp_15_ndcg@20': tensor(0.0132), 'yelp_15_recall@20': tensor(0.0332), 'ndcg@20': tensor(0.0132), 'recall@20': tensor(0.0332), 'train_loss_0': tensor(0.2523, device='cuda:0')}
[2026-02-04 18:16:20] INFO training_time: 2131.1898205280304
[2026-02-04 18:16:20] INFO inference_time: 29.222174406051636
[2026-02-04 18:18:04] INFO {'epoch': 22, 'yelp_15_ndcg@20': tensor(0.0136), 'yelp_15_recall@20': tensor(0.0333), 'ndcg@20': tensor(0.0136), 'recall@20': tensor(0.0333), 'train_loss_0': tensor(0.2515, device='cuda:0')}
[2026-02-04 18:18:04] INFO training_time: 2234.1235110759735
[2026-02-04 18:18:04] INFO inference_time: 30.461435794830322
[2026-02-04 18:19:49] INFO {'epoch': 23, 'yelp_15_ndcg@20': tensor(0.0141), 'yelp_15_recall@20': tensor(0.0346), 'ndcg@20': tensor(0.0141), 'recall@20': tensor(0.0346), 'train_loss_0': tensor(0.2498, device='cuda:0')}
[2026-02-04 18:19:49] INFO training_time: 2337.639501094818
[2026-02-04 18:19:49] INFO inference_time: 31.788001775741577
[2026-02-04 18:21:32] INFO {'epoch': 24, 'yelp_15_ndcg@20': tensor(0.0139), 'yelp_15_recall@20': tensor(0.0349), 'ndcg@20': tensor(0.0139), 'recall@20': tensor(0.0349), 'train_loss_0': tensor(0.2484, device='cuda:0')}
[2026-02-04 18:21:32] INFO training_time: 2439.178067445755
[2026-02-04 18:21:32] INFO inference_time: 33.207627296447754
[2026-02-04 18:23:16] INFO {'epoch': 25, 'yelp_15_ndcg@20': tensor(0.0133), 'yelp_15_recall@20': tensor(0.0330), 'ndcg@20': tensor(0.0133), 'recall@20': tensor(0.0330), 'train_loss_0': tensor(0.2462, device='cuda:0')}
[2026-02-04 18:23:16] INFO training_time: 2542.0327932834625
[2026-02-04 18:23:16] INFO inference_time: 34.44373536109924
[2026-02-04 18:25:01] INFO {'epoch': 26, 'yelp_15_ndcg@20': tensor(0.0134), 'yelp_15_recall@20': tensor(0.0336), 'ndcg@20': tensor(0.0134), 'recall@20': tensor(0.0336), 'train_loss_0': tensor(0.2454, device='cuda:0')}
[2026-02-04 18:25:01] INFO training_time: 2645.9877922534943
[2026-02-04 18:25:01] INFO inference_time: 35.76310586929321
[2026-02-04 18:26:44] INFO {'epoch': 27, 'yelp_15_ndcg@20': tensor(0.0139), 'yelp_15_recall@20': tensor(0.0353), 'ndcg@20': tensor(0.0139), 'recall@20': tensor(0.0353), 'train_loss_0': tensor(0.2427, device='cuda:0')}
[2026-02-04 18:26:44] INFO training_time: 2747.892537355423
[2026-02-04 18:26:44] INFO inference_time: 37.067622423172
[2026-02-04 18:28:28] INFO {'epoch': 28, 'yelp_15_ndcg@20': tensor(0.0140), 'yelp_15_recall@20': tensor(0.0346), 'ndcg@20': tensor(0.0140), 'recall@20': tensor(0.0346), 'train_loss_0': tensor(0.2419, device='cuda:0')}
[2026-02-04 18:28:28] INFO training_time: 2850.353858232498
[2026-02-04 18:28:28] INFO inference_time: 38.364439725875854
[2026-02-04 18:30:12] INFO {'epoch': 29, 'yelp_15_ndcg@20': tensor(0.0139), 'yelp_15_recall@20': tensor(0.0350), 'ndcg@20': tensor(0.0139), 'recall@20': tensor(0.0350), 'train_loss_0': tensor(0.2416, device='cuda:0')}
[2026-02-04 18:30:12] INFO training_time: 2952.934679031372
[2026-02-04 18:30:12] INFO inference_time: 39.554710149765015
[2026-02-04 18:31:54] INFO {'epoch': 30, 'yelp_15_ndcg@20': tensor(0.0134), 'yelp_15_recall@20': tensor(0.0342), 'ndcg@20': tensor(0.0134), 'recall@20': tensor(0.0342), 'train_loss_0': tensor(0.2390, device='cuda:0')}
[2026-02-04 18:31:54] INFO training_time: 3054.271681547165
[2026-02-04 18:31:54] INFO inference_time: 40.89383244514465
[2026-02-04 18:33:37] INFO {'epoch': 31, 'yelp_15_ndcg@20': tensor(0.0135), 'yelp_15_recall@20': tensor(0.0340), 'ndcg@20': tensor(0.0135), 'recall@20': tensor(0.0340), 'train_loss_0': tensor(0.2379, device='cuda:0')}
[2026-02-04 18:33:37] INFO training_time: 3156.064782142639
[2026-02-04 18:33:37] INFO inference_time: 42.04014253616333
[2026-02-04 18:35:20] INFO {'epoch': 32, 'yelp_15_ndcg@20': tensor(0.0135), 'yelp_15_recall@20': tensor(0.0341), 'ndcg@20': tensor(0.0135), 'recall@20': tensor(0.0341), 'train_loss_0': tensor(0.2367, device='cuda:0')}
[2026-02-04 18:35:20] INFO training_time: 3257.690020084381
[2026-02-04 18:35:20] INFO inference_time: 43.25900197029114
[2026-02-04 18:37:05] INFO {'epoch': 33, 'yelp_15_ndcg@20': tensor(0.0138), 'yelp_15_recall@20': tensor(0.0356), 'ndcg@20': tensor(0.0138), 'recall@20': tensor(0.0356), 'train_loss_0': tensor(0.2356, device='cuda:0')}
[2026-02-04 18:37:05] INFO training_time: 3361.0059249401093
[2026-02-04 18:37:05] INFO inference_time: 44.72444772720337
[2026-02-04 18:38:49] INFO {'epoch': 34, 'yelp_15_ndcg@20': tensor(0.0134), 'yelp_15_recall@20': tensor(0.0336), 'ndcg@20': tensor(0.0134), 'recall@20': tensor(0.0336), 'train_loss_0': tensor(0.2326, device='cuda:0')}
[2026-02-04 18:38:49] INFO training_time: 3463.4168725013733
[2026-02-04 18:38:49] INFO inference_time: 46.049030780792236
[2026-02-04 18:38:49] INFO Early stopped. Since the metric ndcg@20 haven't been improved for 20 epochs.
[2026-02-04 18:38:49] INFO The best score of ndcg@20 is 0.0145 on epoch 14
[2026-02-04 18:38:49] INFO Best model checkpoint saved in saved/MetaModel/noisy_15/2026-02-04-17-40-08-855178.ckpt.
[2026-02-04 18:38:50] INFO defaultdict(<class 'float'>, {'yelp_15_ndcg@20': tensor(0.0121), 'yelp_15_recall@20': tensor(0.0302), 'yelp_15_ndcg@10': tensor(0.0089), 'yelp_15_recall@10': tensor(0.0177), 'ndcg@20': tensor(0.0121), 'recall@20': tensor(0.0302), 'ndcg@10': tensor(0.0089), 'recall@10': tensor(0.0177)})
