[2026-02-09 12:13:25] INFO PID of this process: 960381
[2026-02-09 12:13:34] INFO {'model': {'embed_dim': 64, 'loss_fn': 'bce', 'sub_model': 'SASRec', 'hidden_size': 128, 'layer_num': 2, 'head_num': 2, 'dropout_rate': 0.5, 'activation': 'gelu', 'tau_min': 1, 'layer_norm_eps': 1e-12, 'model': 'MetaModel'}, 'data': {'domain_name_list': ['beauty_5'], 'user_threshold': 5, 'item_threshold': 5, 'max_seq_len': 50, 'dataset_class': 'general', 'train_file': '_regen', 'dataset': 'noisy_5'}, 'train': {'batch_size': 256, 'early_stop_mode': 'max', 'early_stop_patience': 20, 'epochs': 1000, 'device': 'cuda', 'optimizer': 'adam', 'learning_rate': 0.001, 'weight_decay': 0, 'num_neg': 1, 'seed': 2024, 'interval': 30, 'meta_optimizer': 'sgd', 'meta_learning_rate': 0.001, 'hpo_learning_rate': 0.001, 'meta_weight_decay': 0.001, 'descent_step': 30, 'warmup_epoch': 10}, 'eval': {'batch_size': 2048, 'cutoff': [20, 10], 'val_metrics': ['ndcg', 'recall'], 'test_metrics': ['ndcg', 'recall'], 'topk': 100, 'save_path': './saved/'}}
[2026-02-09 12:13:34] INFO <data.dataset.SeparateDataset object at 0x7f5eacfdb1f0>
[2026-02-09 12:13:34] INFO save_dir:saved
[2026-02-09 12:13:34] INFO {'model': {'embed_dim': 64, 'loss_fn': 'bce', 'hidden_size': 128, 'layer_num': 2, 'head_num': 2, 'dropout_rate': 0.5, 'activation': 'gelu', 'layer_norm_eps': 1e-12, 'model': 'SASRec'}, 'data': {'domain_name_list': ['yelp_5'], 'user_threshold': 5, 'item_threshold': 5, 'max_seq_len': 50, 'dataset_class': 'general', 'train_file': '_regen', 'dataset': 'noisy_5'}, 'train': {'batch_size': 256, 'early_stop_mode': 'max', 'early_stop_patience': 20, 'epochs': 1000, 'device': 0, 'optimizer': 'adam', 'learning_rate': 0.001, 'weight_decay': 0, 'num_neg': 1, 'seed': 2024}, 'eval': {'batch_size': 2048, 'cutoff': [20, 10], 'val_metrics': ['ndcg', 'recall'], 'test_metrics': ['ndcg', 'recall'], 'topk': 100, 'save_path': './saved/'}}
[2026-02-09 12:13:34] INFO MetaModel(
  (item_embedding): Embedding(12102, 64, padding_idx=0)
  (sub_model): SASRec(
    (item_embedding): Embedding(12102, 64, padding_idx=0)
    (query_encoder): SASRecQueryEncoder(
      (item_encoder): Embedding(12102, 64, padding_idx=0)
      (position_emb): Embedding(50, 64)
      (transformer_layer): TransformerEncoder(
        (layers): ModuleList(
          (0): TransformerEncoderLayer(
            (self_attn): MultiheadAttention(
              (out_proj): NonDynamicallyQuantizableLinear(in_features=64, out_features=64, bias=True)
            )
            (linear1): Linear(in_features=64, out_features=128, bias=True)
            (dropout): Dropout(p=0.5, inplace=False)
            (linear2): Linear(in_features=128, out_features=64, bias=True)
            (norm1): LayerNorm((64,), eps=1e-12, elementwise_affine=True)
            (norm2): LayerNorm((64,), eps=1e-12, elementwise_affine=True)
            (dropout1): Dropout(p=0.5, inplace=False)
            (dropout2): Dropout(p=0.5, inplace=False)
          )
          (1): TransformerEncoderLayer(
            (self_attn): MultiheadAttention(
              (out_proj): NonDynamicallyQuantizableLinear(in_features=64, out_features=64, bias=True)
            )
            (linear1): Linear(in_features=64, out_features=128, bias=True)
            (dropout): Dropout(p=0.5, inplace=False)
            (linear2): Linear(in_features=128, out_features=64, bias=True)
            (norm1): LayerNorm((64,), eps=1e-12, elementwise_affine=True)
            (norm2): LayerNorm((64,), eps=1e-12, elementwise_affine=True)
            (dropout1): Dropout(p=0.5, inplace=False)
            (dropout2): Dropout(p=0.5, inplace=False)
          )
        )
      )
      (dropout): Dropout(p=0.5, inplace=False)
      (training_pooling_layer): SeqPoolingLayer()
      (eval_pooling_layer): SeqPoolingLayer()
    )
    (loss_fn): BinaryCrossEntropyLoss()
  )
  (meta_module): Sequential(
    (0): Linear(in_features=64, out_features=64, bias=True)
    (1): ReLU()
    (2): Linear(in_features=64, out_features=2, bias=True)
  )
)
[2026-02-09 12:14:20] INFO {'epoch': 0, 'beauty_5_ndcg@20': tensor(0.0123), 'beauty_5_recall@20': tensor(0.0309), 'ndcg@20': tensor(0.0123), 'recall@20': tensor(0.0309), 'train_loss_0': tensor(1.1213, device='cuda:0')}
[2026-02-09 12:14:20] INFO training_time: 45.48318314552307
[2026-02-09 12:14:20] INFO inference_time: 1.0280101299285889
[2026-02-09 12:14:20] INFO ndcg@20 improved. Best value: 0.0123
[2026-02-09 12:14:21] INFO Best model checkpoint saved in saved/MetaModel/noisy_5/2026-02-09-12-13-25-107916.ckpt.
[2026-02-09 12:15:13] INFO {'epoch': 1, 'beauty_5_ndcg@20': tensor(0.0209), 'beauty_5_recall@20': tensor(0.0521), 'ndcg@20': tensor(0.0209), 'recall@20': tensor(0.0521), 'train_loss_0': tensor(0.9270, device='cuda:0')}
[2026-02-09 12:15:13] INFO training_time: 97.17118763923645
[2026-02-09 12:15:13] INFO inference_time: 1.9284169673919678
[2026-02-09 12:15:13] INFO ndcg@20 improved. Best value: 0.0209
[2026-02-09 12:15:13] INFO Best model checkpoint saved in saved/MetaModel/noisy_5/2026-02-09-12-13-25-107916.ckpt.
[2026-02-09 12:16:05] INFO {'epoch': 2, 'beauty_5_ndcg@20': tensor(0.0266), 'beauty_5_recall@20': tensor(0.0639), 'ndcg@20': tensor(0.0266), 'recall@20': tensor(0.0639), 'train_loss_0': tensor(0.8134, device='cuda:0')}
[2026-02-09 12:16:05] INFO training_time: 148.5187849998474
[2026-02-09 12:16:05] INFO inference_time: 2.9401140213012695
[2026-02-09 12:16:05] INFO ndcg@20 improved. Best value: 0.0266
[2026-02-09 12:16:05] INFO Best model checkpoint saved in saved/MetaModel/noisy_5/2026-02-09-12-13-25-107916.ckpt.
[2026-02-09 12:16:58] INFO {'epoch': 3, 'beauty_5_ndcg@20': tensor(0.0311), 'beauty_5_recall@20': tensor(0.0728), 'ndcg@20': tensor(0.0311), 'recall@20': tensor(0.0728), 'train_loss_0': tensor(0.7237, device='cuda:0')}
[2026-02-09 12:16:58] INFO training_time: 200.3379876613617
[2026-02-09 12:16:58] INFO inference_time: 3.8454136848449707
[2026-02-09 12:16:58] INFO ndcg@20 improved. Best value: 0.0311
[2026-02-09 12:16:58] INFO Best model checkpoint saved in saved/MetaModel/noisy_5/2026-02-09-12-13-25-107916.ckpt.
[2026-02-09 12:17:51] INFO {'epoch': 4, 'beauty_5_ndcg@20': tensor(0.0346), 'beauty_5_recall@20': tensor(0.0842), 'ndcg@20': tensor(0.0346), 'recall@20': tensor(0.0842), 'train_loss_0': tensor(0.6602, device='cuda:0')}
[2026-02-09 12:17:51] INFO training_time: 251.80901503562927
[2026-02-09 12:17:51] INFO inference_time: 4.701695442199707
[2026-02-09 12:17:51] INFO ndcg@20 improved. Best value: 0.0346
[2026-02-09 12:17:51] INFO Best model checkpoint saved in saved/MetaModel/noisy_5/2026-02-09-12-13-25-107916.ckpt.
[2026-02-09 12:18:43] INFO {'epoch': 5, 'beauty_5_ndcg@20': tensor(0.0384), 'beauty_5_recall@20': tensor(0.0893), 'ndcg@20': tensor(0.0384), 'recall@20': tensor(0.0893), 'train_loss_0': tensor(0.6135, device='cuda:0')}
[2026-02-09 12:18:43] INFO training_time: 303.51995611190796
[2026-02-09 12:18:43] INFO inference_time: 5.595191240310669
[2026-02-09 12:18:43] INFO ndcg@20 improved. Best value: 0.0384
[2026-02-09 12:18:43] INFO Best model checkpoint saved in saved/MetaModel/noisy_5/2026-02-09-12-13-25-107916.ckpt.
[2026-02-09 12:19:36] INFO {'epoch': 6, 'beauty_5_ndcg@20': tensor(0.0386), 'beauty_5_recall@20': tensor(0.0914), 'ndcg@20': tensor(0.0386), 'recall@20': tensor(0.0914), 'train_loss_0': tensor(0.5799, device='cuda:0')}
[2026-02-09 12:19:36] INFO training_time: 355.05012035369873
[2026-02-09 12:19:36] INFO inference_time: 6.45412802696228
[2026-02-09 12:19:36] INFO ndcg@20 improved. Best value: 0.0386
[2026-02-09 12:19:36] INFO Best model checkpoint saved in saved/MetaModel/noisy_5/2026-02-09-12-13-25-107916.ckpt.
[2026-02-09 12:20:28] INFO {'epoch': 7, 'beauty_5_ndcg@20': tensor(0.0405), 'beauty_5_recall@20': tensor(0.0935), 'ndcg@20': tensor(0.0405), 'recall@20': tensor(0.0935), 'train_loss_0': tensor(0.5527, device='cuda:0')}
[2026-02-09 12:20:28] INFO training_time: 406.4856903553009
[2026-02-09 12:20:28] INFO inference_time: 7.284401178359985
[2026-02-09 12:20:28] INFO ndcg@20 improved. Best value: 0.0405
[2026-02-09 12:20:28] INFO Best model checkpoint saved in saved/MetaModel/noisy_5/2026-02-09-12-13-25-107916.ckpt.
[2026-02-09 12:21:20] INFO {'epoch': 8, 'beauty_5_ndcg@20': tensor(0.0403), 'beauty_5_recall@20': tensor(0.0936), 'ndcg@20': tensor(0.0403), 'recall@20': tensor(0.0936), 'train_loss_0': tensor(0.5328, device='cuda:0')}
[2026-02-09 12:21:20] INFO training_time: 458.03864455223083
[2026-02-09 12:21:20] INFO inference_time: 8.211602687835693
[2026-02-09 12:22:13] INFO {'epoch': 9, 'beauty_5_ndcg@20': tensor(0.0413), 'beauty_5_recall@20': tensor(0.0957), 'ndcg@20': tensor(0.0413), 'recall@20': tensor(0.0957), 'train_loss_0': tensor(0.5169, device='cuda:0')}
[2026-02-09 12:22:13] INFO training_time: 509.9229049682617
[2026-02-09 12:22:13] INFO inference_time: 9.25174856185913
[2026-02-09 12:22:13] INFO ndcg@20 improved. Best value: 0.0413
[2026-02-09 12:22:13] INFO Best model checkpoint saved in saved/MetaModel/noisy_5/2026-02-09-12-13-25-107916.ckpt.
[2026-02-09 12:23:07] INFO {'epoch': 10, 'beauty_5_ndcg@20': tensor(0.0438), 'beauty_5_recall@20': tensor(0.1001), 'ndcg@20': tensor(0.0438), 'recall@20': tensor(0.1001), 'train_loss_0': tensor(0.5044, device='cuda:0')}
[2026-02-09 12:23:07] INFO training_time: 562.7223162651062
[2026-02-09 12:23:07] INFO inference_time: 10.518545866012573
[2026-02-09 12:23:07] INFO ndcg@20 improved. Best value: 0.0438
[2026-02-09 12:23:07] INFO Best model checkpoint saved in saved/MetaModel/noisy_5/2026-02-09-12-13-25-107916.ckpt.
[2026-02-09 12:24:24] INFO {'epoch': 11, 'beauty_5_ndcg@20': tensor(0.0452), 'beauty_5_recall@20': tensor(0.1030), 'ndcg@20': tensor(0.0452), 'recall@20': tensor(0.1030), 'train_loss_0': tensor(0.2550, device='cuda:0')}
[2026-02-09 12:24:24] INFO training_time: 637.9164087772369
[2026-02-09 12:24:24] INFO inference_time: 11.445204019546509
[2026-02-09 12:24:24] INFO ndcg@20 improved. Best value: 0.0452
[2026-02-09 12:24:24] INFO Best model checkpoint saved in saved/MetaModel/noisy_5/2026-02-09-12-13-25-107916.ckpt.
[2026-02-09 12:25:41] INFO {'epoch': 12, 'beauty_5_ndcg@20': tensor(0.0452), 'beauty_5_recall@20': tensor(0.1014), 'ndcg@20': tensor(0.0452), 'recall@20': tensor(0.1014), 'train_loss_0': tensor(0.2493, device='cuda:0')}
[2026-02-09 12:25:41] INFO training_time: 713.7776689529419
[2026-02-09 12:25:41] INFO inference_time: 12.537574291229248
[2026-02-09 12:25:41] INFO ndcg@20 improved. Best value: 0.0452
[2026-02-09 12:25:41] INFO Best model checkpoint saved in saved/MetaModel/noisy_5/2026-02-09-12-13-25-107916.ckpt.
[2026-02-09 12:26:56] INFO {'epoch': 13, 'beauty_5_ndcg@20': tensor(0.0449), 'beauty_5_recall@20': tensor(0.1015), 'ndcg@20': tensor(0.0449), 'recall@20': tensor(0.1015), 'train_loss_0': tensor(0.2464, device='cuda:0')}
[2026-02-09 12:26:56] INFO training_time: 787.7602851390839
[2026-02-09 12:26:56] INFO inference_time: 13.502329349517822
[2026-02-09 12:28:11] INFO {'epoch': 14, 'beauty_5_ndcg@20': tensor(0.0468), 'beauty_5_recall@20': tensor(0.1055), 'ndcg@20': tensor(0.0468), 'recall@20': tensor(0.1055), 'train_loss_0': tensor(0.2455, device='cuda:0')}
[2026-02-09 12:28:11] INFO training_time: 862.7282071113586
[2026-02-09 12:28:11] INFO inference_time: 14.424989700317383
[2026-02-09 12:28:11] INFO ndcg@20 improved. Best value: 0.0468
[2026-02-09 12:28:11] INFO Best model checkpoint saved in saved/MetaModel/noisy_5/2026-02-09-12-13-25-107916.ckpt.
[2026-02-09 12:29:27] INFO {'epoch': 15, 'beauty_5_ndcg@20': tensor(0.0459), 'beauty_5_recall@20': tensor(0.1029), 'ndcg@20': tensor(0.0459), 'recall@20': tensor(0.1029), 'train_loss_0': tensor(0.2432, device='cuda:0')}
[2026-02-09 12:29:27] INFO training_time: 937.4448857307434
[2026-02-09 12:29:27] INFO inference_time: 15.386534690856934
[2026-02-09 12:30:43] INFO {'epoch': 16, 'beauty_5_ndcg@20': tensor(0.0455), 'beauty_5_recall@20': tensor(0.1039), 'ndcg@20': tensor(0.0455), 'recall@20': tensor(0.1039), 'train_loss_0': tensor(0.2427, device='cuda:0')}
[2026-02-09 12:30:43] INFO training_time: 1011.85569024086
[2026-02-09 12:30:43] INFO inference_time: 16.49799346923828
[2026-02-09 12:31:58] INFO {'epoch': 17, 'beauty_5_ndcg@20': tensor(0.0459), 'beauty_5_recall@20': tensor(0.1045), 'ndcg@20': tensor(0.0459), 'recall@20': tensor(0.1045), 'train_loss_0': tensor(0.2404, device='cuda:0')}
[2026-02-09 12:31:58] INFO training_time: 1086.1094422340393
[2026-02-09 12:31:58] INFO inference_time: 17.33043384552002
[2026-02-09 12:33:14] INFO {'epoch': 18, 'beauty_5_ndcg@20': tensor(0.0455), 'beauty_5_recall@20': tensor(0.1056), 'ndcg@20': tensor(0.0455), 'recall@20': tensor(0.1056), 'train_loss_0': tensor(0.2399, device='cuda:0')}
[2026-02-09 12:33:14] INFO training_time: 1161.043071269989
[2026-02-09 12:33:14] INFO inference_time: 18.23471450805664
[2026-02-09 12:34:28] INFO {'epoch': 19, 'beauty_5_ndcg@20': tensor(0.0477), 'beauty_5_recall@20': tensor(0.1054), 'ndcg@20': tensor(0.0477), 'recall@20': tensor(0.1054), 'train_loss_0': tensor(0.2370, device='cuda:0')}
[2026-02-09 12:34:28] INFO training_time: 1234.5082087516785
[2026-02-09 12:34:28] INFO inference_time: 19.11665391921997
[2026-02-09 12:34:28] INFO ndcg@20 improved. Best value: 0.0477
[2026-02-09 12:34:28] INFO Best model checkpoint saved in saved/MetaModel/noisy_5/2026-02-09-12-13-25-107916.ckpt.
[2026-02-09 12:35:42] INFO {'epoch': 20, 'beauty_5_ndcg@20': tensor(0.0451), 'beauty_5_recall@20': tensor(0.1030), 'ndcg@20': tensor(0.0451), 'recall@20': tensor(0.1030), 'train_loss_0': tensor(0.2354, device='cuda:0')}
[2026-02-09 12:35:42] INFO training_time: 1307.0828166007996
[2026-02-09 12:35:42] INFO inference_time: 20.240633964538574
[2026-02-09 12:36:57] INFO {'epoch': 21, 'beauty_5_ndcg@20': tensor(0.0474), 'beauty_5_recall@20': tensor(0.1058), 'ndcg@20': tensor(0.0474), 'recall@20': tensor(0.1058), 'train_loss_0': tensor(0.2350, device='cuda:0')}
[2026-02-09 12:36:57] INFO training_time: 1381.1248433589935
[2026-02-09 12:36:57] INFO inference_time: 21.190287351608276
[2026-02-09 12:38:11] INFO {'epoch': 22, 'beauty_5_ndcg@20': tensor(0.0475), 'beauty_5_recall@20': tensor(0.1058), 'ndcg@20': tensor(0.0475), 'recall@20': tensor(0.1058), 'train_loss_0': tensor(0.2335, device='cuda:0')}
[2026-02-09 12:38:11] INFO training_time: 1454.692720413208
[2026-02-09 12:38:11] INFO inference_time: 22.178966999053955
[2026-02-09 12:39:24] INFO {'epoch': 23, 'beauty_5_ndcg@20': tensor(0.0479), 'beauty_5_recall@20': tensor(0.1051), 'ndcg@20': tensor(0.0479), 'recall@20': tensor(0.1051), 'train_loss_0': tensor(0.2316, device='cuda:0')}
[2026-02-09 12:39:24] INFO training_time: 1526.9619028568268
[2026-02-09 12:39:24] INFO inference_time: 23.092384576797485
[2026-02-09 12:39:24] INFO ndcg@20 improved. Best value: 0.0479
[2026-02-09 12:39:24] INFO Best model checkpoint saved in saved/MetaModel/noisy_5/2026-02-09-12-13-25-107916.ckpt.
[2026-02-09 12:40:39] INFO {'epoch': 24, 'beauty_5_ndcg@20': tensor(0.0458), 'beauty_5_recall@20': tensor(0.1044), 'ndcg@20': tensor(0.0458), 'recall@20': tensor(0.1044), 'train_loss_0': tensor(0.2301, device='cuda:0')}
[2026-02-09 12:40:39] INFO training_time: 1600.1624484062195
[2026-02-09 12:40:39] INFO inference_time: 23.998496294021606
[2026-02-09 12:41:53] INFO {'epoch': 25, 'beauty_5_ndcg@20': tensor(0.0475), 'beauty_5_recall@20': tensor(0.1070), 'ndcg@20': tensor(0.0475), 'recall@20': tensor(0.1070), 'train_loss_0': tensor(0.2265, device='cuda:0')}
[2026-02-09 12:41:53] INFO training_time: 1673.5694229602814
[2026-02-09 12:41:53] INFO inference_time: 24.851745128631592
[2026-02-09 12:43:07] INFO {'epoch': 26, 'beauty_5_ndcg@20': tensor(0.0484), 'beauty_5_recall@20': tensor(0.1086), 'ndcg@20': tensor(0.0484), 'recall@20': tensor(0.1086), 'train_loss_0': tensor(0.2263, device='cuda:0')}
[2026-02-09 12:43:07] INFO training_time: 1746.5320253372192
[2026-02-09 12:43:07] INFO inference_time: 25.8477201461792
[2026-02-09 12:43:07] INFO ndcg@20 improved. Best value: 0.0484
[2026-02-09 12:43:07] INFO Best model checkpoint saved in saved/MetaModel/noisy_5/2026-02-09-12-13-25-107916.ckpt.
[2026-02-09 12:44:22] INFO {'epoch': 27, 'beauty_5_ndcg@20': tensor(0.0472), 'beauty_5_recall@20': tensor(0.1068), 'ndcg@20': tensor(0.0472), 'recall@20': tensor(0.1068), 'train_loss_0': tensor(0.2248, device='cuda:0')}
[2026-02-09 12:44:22] INFO training_time: 1820.8035514354706
[2026-02-09 12:44:22] INFO inference_time: 26.787357330322266
[2026-02-09 12:45:37] INFO {'epoch': 28, 'beauty_5_ndcg@20': tensor(0.0474), 'beauty_5_recall@20': tensor(0.1070), 'ndcg@20': tensor(0.0474), 'recall@20': tensor(0.1070), 'train_loss_0': tensor(0.2240, device='cuda:0')}
[2026-02-09 12:45:37] INFO training_time: 1895.1862058639526
[2026-02-09 12:45:37] INFO inference_time: 27.64234495162964
[2026-02-09 12:46:52] INFO {'epoch': 29, 'beauty_5_ndcg@20': tensor(0.0469), 'beauty_5_recall@20': tensor(0.1052), 'ndcg@20': tensor(0.0469), 'recall@20': tensor(0.1052), 'train_loss_0': tensor(0.2208, device='cuda:0')}
[2026-02-09 12:46:52] INFO training_time: 1969.3471205234528
[2026-02-09 12:46:52] INFO inference_time: 28.655298233032227
[2026-02-09 12:48:08] INFO {'epoch': 30, 'beauty_5_ndcg@20': tensor(0.0476), 'beauty_5_recall@20': tensor(0.1083), 'ndcg@20': tensor(0.0476), 'recall@20': tensor(0.1083), 'train_loss_0': tensor(0.2217, device='cuda:0')}
[2026-02-09 12:48:08] INFO training_time: 2043.2845623493195
[2026-02-09 12:48:08] INFO inference_time: 29.85717010498047
[2026-02-09 12:49:23] INFO {'epoch': 31, 'beauty_5_ndcg@20': tensor(0.0480), 'beauty_5_recall@20': tensor(0.1062), 'ndcg@20': tensor(0.0480), 'recall@20': tensor(0.1062), 'train_loss_0': tensor(0.2202, device='cuda:0')}
[2026-02-09 12:49:23] INFO training_time: 2117.347480773926
[2026-02-09 12:49:23] INFO inference_time: 30.883404970169067
[2026-02-09 12:50:38] INFO {'epoch': 32, 'beauty_5_ndcg@20': tensor(0.0478), 'beauty_5_recall@20': tensor(0.1059), 'ndcg@20': tensor(0.0478), 'recall@20': tensor(0.1059), 'train_loss_0': tensor(0.2184, device='cuda:0')}
[2026-02-09 12:50:38] INFO training_time: 2191.2400579452515
[2026-02-09 12:50:38] INFO inference_time: 31.850309371948242
[2026-02-09 12:51:51] INFO {'epoch': 33, 'beauty_5_ndcg@20': tensor(0.0479), 'beauty_5_recall@20': tensor(0.1084), 'ndcg@20': tensor(0.0479), 'recall@20': tensor(0.1084), 'train_loss_0': tensor(0.2173, device='cuda:0')}
[2026-02-09 12:51:51] INFO training_time: 2264.1116831302643
[2026-02-09 12:51:51] INFO inference_time: 32.90272307395935
[2026-02-09 12:53:07] INFO {'epoch': 34, 'beauty_5_ndcg@20': tensor(0.0481), 'beauty_5_recall@20': tensor(0.1059), 'ndcg@20': tensor(0.0481), 'recall@20': tensor(0.1059), 'train_loss_0': tensor(0.2174, device='cuda:0')}
[2026-02-09 12:53:07] INFO training_time: 2338.628629207611
[2026-02-09 12:53:07] INFO inference_time: 33.9181125164032
[2026-02-09 12:54:22] INFO {'epoch': 35, 'beauty_5_ndcg@20': tensor(0.0473), 'beauty_5_recall@20': tensor(0.1046), 'ndcg@20': tensor(0.0473), 'recall@20': tensor(0.1046), 'train_loss_0': tensor(0.2151, device='cuda:0')}
[2026-02-09 12:54:22] INFO training_time: 2413.170006275177
[2026-02-09 12:54:22] INFO inference_time: 34.8018012046814
[2026-02-09 12:55:36] INFO {'epoch': 36, 'beauty_5_ndcg@20': tensor(0.0483), 'beauty_5_recall@20': tensor(0.1078), 'ndcg@20': tensor(0.0483), 'recall@20': tensor(0.1078), 'train_loss_0': tensor(0.2154, device='cuda:0')}
[2026-02-09 12:55:36] INFO training_time: 2485.9472522735596
[2026-02-09 12:55:36] INFO inference_time: 35.66815114021301
[2026-02-09 12:56:50] INFO {'epoch': 37, 'beauty_5_ndcg@20': tensor(0.0489), 'beauty_5_recall@20': tensor(0.1083), 'ndcg@20': tensor(0.0489), 'recall@20': tensor(0.1083), 'train_loss_0': tensor(0.2128, device='cuda:0')}
[2026-02-09 12:56:50] INFO training_time: 2558.7371678352356
[2026-02-09 12:56:50] INFO inference_time: 36.47899031639099
[2026-02-09 12:56:50] INFO ndcg@20 improved. Best value: 0.0489
[2026-02-09 12:56:50] INFO Best model checkpoint saved in saved/MetaModel/noisy_5/2026-02-09-12-13-25-107916.ckpt.
[2026-02-09 12:58:04] INFO {'epoch': 38, 'beauty_5_ndcg@20': tensor(0.0498), 'beauty_5_recall@20': tensor(0.1086), 'ndcg@20': tensor(0.0498), 'recall@20': tensor(0.1086), 'train_loss_0': tensor(0.2123, device='cuda:0')}
[2026-02-09 12:58:04] INFO training_time: 2632.3202970027924
[2026-02-09 12:58:04] INFO inference_time: 37.421151638031006
[2026-02-09 12:58:04] INFO ndcg@20 improved. Best value: 0.0498
[2026-02-09 12:58:04] INFO Best model checkpoint saved in saved/MetaModel/noisy_5/2026-02-09-12-13-25-107916.ckpt.
[2026-02-09 12:59:19] INFO {'epoch': 39, 'beauty_5_ndcg@20': tensor(0.0490), 'beauty_5_recall@20': tensor(0.1074), 'ndcg@20': tensor(0.0490), 'recall@20': tensor(0.1074), 'train_loss_0': tensor(0.2127, device='cuda:0')}
[2026-02-09 12:59:19] INFO training_time: 2706.3700625896454
[2026-02-09 12:59:19] INFO inference_time: 38.33397388458252
[2026-02-09 13:00:33] INFO {'epoch': 40, 'beauty_5_ndcg@20': tensor(0.0483), 'beauty_5_recall@20': tensor(0.1077), 'ndcg@20': tensor(0.0483), 'recall@20': tensor(0.1077), 'train_loss_0': tensor(0.2103, device='cuda:0')}
[2026-02-09 13:00:33] INFO training_time: 2779.0840532779694
[2026-02-09 13:00:33] INFO inference_time: 39.497498512268066
[2026-02-09 13:01:48] INFO {'epoch': 41, 'beauty_5_ndcg@20': tensor(0.0485), 'beauty_5_recall@20': tensor(0.1102), 'ndcg@20': tensor(0.0485), 'recall@20': tensor(0.1102), 'train_loss_0': tensor(0.2106, device='cuda:0')}
[2026-02-09 13:01:48] INFO training_time: 2852.899055480957
[2026-02-09 13:01:48] INFO inference_time: 40.49264574050903
[2026-02-09 13:03:02] INFO {'epoch': 42, 'beauty_5_ndcg@20': tensor(0.0491), 'beauty_5_recall@20': tensor(0.1088), 'ndcg@20': tensor(0.0491), 'recall@20': tensor(0.1088), 'train_loss_0': tensor(0.2102, device='cuda:0')}
[2026-02-09 13:03:02] INFO training_time: 2925.9811725616455
[2026-02-09 13:03:02] INFO inference_time: 41.54517936706543
[2026-02-09 13:04:16] INFO {'epoch': 43, 'beauty_5_ndcg@20': tensor(0.0482), 'beauty_5_recall@20': tensor(0.1078), 'ndcg@20': tensor(0.0482), 'recall@20': tensor(0.1078), 'train_loss_0': tensor(0.2080, device='cuda:0')}
[2026-02-09 13:04:16] INFO training_time: 2998.944214820862
[2026-02-09 13:04:16] INFO inference_time: 42.65674090385437
[2026-02-09 13:05:30] INFO {'epoch': 44, 'beauty_5_ndcg@20': tensor(0.0472), 'beauty_5_recall@20': tensor(0.1071), 'ndcg@20': tensor(0.0472), 'recall@20': tensor(0.1071), 'train_loss_0': tensor(0.2089, device='cuda:0')}
[2026-02-09 13:05:30] INFO training_time: 3072.2134652137756
[2026-02-09 13:05:30] INFO inference_time: 43.62526488304138
[2026-02-09 13:06:44] INFO {'epoch': 45, 'beauty_5_ndcg@20': tensor(0.0478), 'beauty_5_recall@20': tensor(0.1086), 'ndcg@20': tensor(0.0478), 'recall@20': tensor(0.1086), 'train_loss_0': tensor(0.2071, device='cuda:0')}
[2026-02-09 13:06:44] INFO training_time: 3145.1570365428925
[2026-02-09 13:06:44] INFO inference_time: 44.60310459136963
[2026-02-09 13:07:58] INFO {'epoch': 46, 'beauty_5_ndcg@20': tensor(0.0494), 'beauty_5_recall@20': tensor(0.1109), 'ndcg@20': tensor(0.0494), 'recall@20': tensor(0.1109), 'train_loss_0': tensor(0.2069, device='cuda:0')}
[2026-02-09 13:07:58] INFO training_time: 3217.3518512248993
[2026-02-09 13:07:58] INFO inference_time: 45.81631302833557
[2026-02-09 13:09:13] INFO {'epoch': 47, 'beauty_5_ndcg@20': tensor(0.0480), 'beauty_5_recall@20': tensor(0.1084), 'ndcg@20': tensor(0.0480), 'recall@20': tensor(0.1084), 'train_loss_0': tensor(0.2061, device='cuda:0')}
[2026-02-09 13:09:13] INFO training_time: 3291.5490329265594
[2026-02-09 13:09:13] INFO inference_time: 46.83159852027893
[2026-02-09 13:10:29] INFO {'epoch': 48, 'beauty_5_ndcg@20': tensor(0.0481), 'beauty_5_recall@20': tensor(0.1068), 'ndcg@20': tensor(0.0481), 'recall@20': tensor(0.1068), 'train_loss_0': tensor(0.2045, device='cuda:0')}
[2026-02-09 13:10:29] INFO training_time: 3366.851945400238
[2026-02-09 13:10:29] INFO inference_time: 47.61453628540039
[2026-02-09 13:11:46] INFO {'epoch': 49, 'beauty_5_ndcg@20': tensor(0.0487), 'beauty_5_recall@20': tensor(0.1077), 'ndcg@20': tensor(0.0487), 'recall@20': tensor(0.1077), 'train_loss_0': tensor(0.2036, device='cuda:0')}
[2026-02-09 13:11:46] INFO training_time: 3442.5878386497498
[2026-02-09 13:11:46] INFO inference_time: 48.5675094127655
[2026-02-09 13:13:01] INFO {'epoch': 50, 'beauty_5_ndcg@20': tensor(0.0497), 'beauty_5_recall@20': tensor(0.1088), 'ndcg@20': tensor(0.0497), 'recall@20': tensor(0.1088), 'train_loss_0': tensor(0.2038, device='cuda:0')}
[2026-02-09 13:13:01] INFO training_time: 3516.032683134079
[2026-02-09 13:13:01] INFO inference_time: 49.867175579071045
[2026-02-09 13:14:16] INFO {'epoch': 51, 'beauty_5_ndcg@20': tensor(0.0484), 'beauty_5_recall@20': tensor(0.1100), 'ndcg@20': tensor(0.0484), 'recall@20': tensor(0.1100), 'train_loss_0': tensor(0.2038, device='cuda:0')}
[2026-02-09 13:14:16] INFO training_time: 3590.286927461624
[2026-02-09 13:14:16] INFO inference_time: 50.84619760513306
[2026-02-09 13:15:31] INFO {'epoch': 52, 'beauty_5_ndcg@20': tensor(0.0491), 'beauty_5_recall@20': tensor(0.1122), 'ndcg@20': tensor(0.0491), 'recall@20': tensor(0.1122), 'train_loss_0': tensor(0.2016, device='cuda:0')}
[2026-02-09 13:15:31] INFO training_time: 3664.3486890792847
[2026-02-09 13:15:31] INFO inference_time: 51.71199154853821
[2026-02-09 13:16:46] INFO {'epoch': 53, 'beauty_5_ndcg@20': tensor(0.0498), 'beauty_5_recall@20': tensor(0.1117), 'ndcg@20': tensor(0.0498), 'recall@20': tensor(0.1117), 'train_loss_0': tensor(0.2018, device='cuda:0')}
[2026-02-09 13:16:46] INFO training_time: 3738.579124689102
[2026-02-09 13:16:46] INFO inference_time: 52.82492995262146
[2026-02-09 13:18:01] INFO {'epoch': 54, 'beauty_5_ndcg@20': tensor(0.0487), 'beauty_5_recall@20': tensor(0.1073), 'ndcg@20': tensor(0.0487), 'recall@20': tensor(0.1073), 'train_loss_0': tensor(0.2004, device='cuda:0')}
[2026-02-09 13:18:01] INFO training_time: 3812.7956762313843
[2026-02-09 13:18:01] INFO inference_time: 53.64778161048889
[2026-02-09 13:19:16] INFO {'epoch': 55, 'beauty_5_ndcg@20': tensor(0.0500), 'beauty_5_recall@20': tensor(0.1113), 'ndcg@20': tensor(0.0500), 'recall@20': tensor(0.1113), 'train_loss_0': tensor(0.2018, device='cuda:0')}
[2026-02-09 13:19:16] INFO training_time: 3886.316742181778
[2026-02-09 13:19:16] INFO inference_time: 54.58341145515442
[2026-02-09 13:19:16] INFO ndcg@20 improved. Best value: 0.0500
[2026-02-09 13:19:16] INFO Best model checkpoint saved in saved/MetaModel/noisy_5/2026-02-09-12-13-25-107916.ckpt.
[2026-02-09 13:20:29] INFO {'epoch': 56, 'beauty_5_ndcg@20': tensor(0.0491), 'beauty_5_recall@20': tensor(0.1099), 'ndcg@20': tensor(0.0491), 'recall@20': tensor(0.1099), 'train_loss_0': tensor(0.2014, device='cuda:0')}
[2026-02-09 13:20:29] INFO training_time: 3958.627781867981
[2026-02-09 13:20:29] INFO inference_time: 55.468321561813354
[2026-02-09 13:21:44] INFO {'epoch': 57, 'beauty_5_ndcg@20': tensor(0.0479), 'beauty_5_recall@20': tensor(0.1092), 'ndcg@20': tensor(0.0479), 'recall@20': tensor(0.1092), 'train_loss_0': tensor(0.2006, device='cuda:0')}
[2026-02-09 13:21:44] INFO training_time: 4032.616124868393
[2026-02-09 13:21:44] INFO inference_time: 56.37439322471619
[2026-02-09 13:22:58] INFO {'epoch': 58, 'beauty_5_ndcg@20': tensor(0.0489), 'beauty_5_recall@20': tensor(0.1101), 'ndcg@20': tensor(0.0489), 'recall@20': tensor(0.1101), 'train_loss_0': tensor(0.1989, device='cuda:0')}
[2026-02-09 13:22:58] INFO training_time: 4105.953563213348
[2026-02-09 13:22:58] INFO inference_time: 57.33420133590698
[2026-02-09 13:24:14] INFO {'epoch': 59, 'beauty_5_ndcg@20': tensor(0.0500), 'beauty_5_recall@20': tensor(0.1111), 'ndcg@20': tensor(0.0500), 'recall@20': tensor(0.1111), 'train_loss_0': tensor(0.1988, device='cuda:0')}
[2026-02-09 13:24:14] INFO training_time: 4180.885070800781
[2026-02-09 13:24:14] INFO inference_time: 58.15882134437561
[2026-02-09 13:24:14] INFO ndcg@20 improved. Best value: 0.0500
[2026-02-09 13:24:14] INFO Best model checkpoint saved in saved/MetaModel/noisy_5/2026-02-09-12-13-25-107916.ckpt.
[2026-02-09 13:25:28] INFO {'epoch': 60, 'beauty_5_ndcg@20': tensor(0.0502), 'beauty_5_recall@20': tensor(0.1122), 'ndcg@20': tensor(0.0502), 'recall@20': tensor(0.1122), 'train_loss_0': tensor(0.1986, device='cuda:0')}
[2026-02-09 13:25:28] INFO training_time: 4253.554790258408
[2026-02-09 13:25:28] INFO inference_time: 59.25152897834778
[2026-02-09 13:25:28] INFO ndcg@20 improved. Best value: 0.0502
[2026-02-09 13:25:28] INFO Best model checkpoint saved in saved/MetaModel/noisy_5/2026-02-09-12-13-25-107916.ckpt.
[2026-02-09 13:26:44] INFO {'epoch': 61, 'beauty_5_ndcg@20': tensor(0.0493), 'beauty_5_recall@20': tensor(0.1092), 'ndcg@20': tensor(0.0493), 'recall@20': tensor(0.1092), 'train_loss_0': tensor(0.1993, device='cuda:0')}
[2026-02-09 13:26:44] INFO training_time: 4329.146994113922
[2026-02-09 13:26:44] INFO inference_time: 60.36278963088989
[2026-02-09 13:28:00] INFO {'epoch': 62, 'beauty_5_ndcg@20': tensor(0.0491), 'beauty_5_recall@20': tensor(0.1104), 'ndcg@20': tensor(0.0491), 'recall@20': tensor(0.1104), 'train_loss_0': tensor(0.1986, device='cuda:0')}
[2026-02-09 13:28:00] INFO training_time: 4403.554710388184
[2026-02-09 13:28:00] INFO inference_time: 61.32030653953552
[2026-02-09 13:29:15] INFO {'epoch': 63, 'beauty_5_ndcg@20': tensor(0.0489), 'beauty_5_recall@20': tensor(0.1105), 'ndcg@20': tensor(0.0489), 'recall@20': tensor(0.1105), 'train_loss_0': tensor(0.1967, device='cuda:0')}
[2026-02-09 13:29:15] INFO training_time: 4477.991069555283
[2026-02-09 13:29:15] INFO inference_time: 62.33918476104736
[2026-02-09 13:30:30] INFO {'epoch': 64, 'beauty_5_ndcg@20': tensor(0.0488), 'beauty_5_recall@20': tensor(0.1107), 'ndcg@20': tensor(0.0488), 'recall@20': tensor(0.1107), 'train_loss_0': tensor(0.1966, device='cuda:0')}
[2026-02-09 13:30:30] INFO training_time: 4551.608436584473
[2026-02-09 13:30:30] INFO inference_time: 63.271482944488525
[2026-02-09 13:31:46] INFO {'epoch': 65, 'beauty_5_ndcg@20': tensor(0.0499), 'beauty_5_recall@20': tensor(0.1109), 'ndcg@20': tensor(0.0499), 'recall@20': tensor(0.1109), 'train_loss_0': tensor(0.1974, device='cuda:0')}
[2026-02-09 13:31:46] INFO training_time: 4627.449019670486
[2026-02-09 13:31:46] INFO inference_time: 64.06174612045288
[2026-02-09 13:33:03] INFO {'epoch': 66, 'beauty_5_ndcg@20': tensor(0.0502), 'beauty_5_recall@20': tensor(0.1126), 'ndcg@20': tensor(0.0502), 'recall@20': tensor(0.1126), 'train_loss_0': tensor(0.1967, device='cuda:0')}
[2026-02-09 13:33:03] INFO training_time: 4702.917218923569
[2026-02-09 13:33:03] INFO inference_time: 65.06079578399658
[2026-02-09 13:33:03] INFO ndcg@20 improved. Best value: 0.0502
[2026-02-09 13:33:03] INFO Best model checkpoint saved in saved/MetaModel/noisy_5/2026-02-09-12-13-25-107916.ckpt.
[2026-02-09 13:34:18] INFO {'epoch': 67, 'beauty_5_ndcg@20': tensor(0.0486), 'beauty_5_recall@20': tensor(0.1095), 'ndcg@20': tensor(0.0486), 'recall@20': tensor(0.1095), 'train_loss_0': tensor(0.1956, device='cuda:0')}
[2026-02-09 13:34:18] INFO training_time: 4777.028400421143
[2026-02-09 13:34:18] INFO inference_time: 65.98010420799255
[2026-02-09 13:35:34] INFO {'epoch': 68, 'beauty_5_ndcg@20': tensor(0.0492), 'beauty_5_recall@20': tensor(0.1103), 'ndcg@20': tensor(0.0492), 'recall@20': tensor(0.1103), 'train_loss_0': tensor(0.1956, device='cuda:0')}
[2026-02-09 13:35:34] INFO training_time: 4852.0222799777985
[2026-02-09 13:35:34] INFO inference_time: 67.12195634841919
[2026-02-09 13:36:51] INFO {'epoch': 69, 'beauty_5_ndcg@20': tensor(0.0487), 'beauty_5_recall@20': tensor(0.1101), 'ndcg@20': tensor(0.0487), 'recall@20': tensor(0.1101), 'train_loss_0': tensor(0.1935, device='cuda:0')}
[2026-02-09 13:36:51] INFO training_time: 4927.7539093494415
[2026-02-09 13:36:51] INFO inference_time: 68.0964367389679
[2026-02-09 13:38:06] INFO {'epoch': 70, 'beauty_5_ndcg@20': tensor(0.0493), 'beauty_5_recall@20': tensor(0.1118), 'ndcg@20': tensor(0.0493), 'recall@20': tensor(0.1118), 'train_loss_0': tensor(0.1943, device='cuda:0')}
[2026-02-09 13:38:06] INFO training_time: 5001.677259922028
[2026-02-09 13:38:06] INFO inference_time: 69.3537814617157
[2026-02-09 13:39:21] INFO {'epoch': 71, 'beauty_5_ndcg@20': tensor(0.0497), 'beauty_5_recall@20': tensor(0.1110), 'ndcg@20': tensor(0.0497), 'recall@20': tensor(0.1110), 'train_loss_0': tensor(0.1944, device='cuda:0')}
[2026-02-09 13:39:21] INFO training_time: 5075.728790283203
[2026-02-09 13:39:21] INFO inference_time: 70.27774119377136
[2026-02-09 13:40:38] INFO {'epoch': 72, 'beauty_5_ndcg@20': tensor(0.0492), 'beauty_5_recall@20': tensor(0.1111), 'ndcg@20': tensor(0.0492), 'recall@20': tensor(0.1111), 'train_loss_0': tensor(0.1929, device='cuda:0')}
[2026-02-09 13:40:38] INFO training_time: 5151.528696537018
[2026-02-09 13:40:38] INFO inference_time: 71.22798418998718
[2026-02-09 13:41:45] INFO {'epoch': 73, 'beauty_5_ndcg@20': tensor(0.0492), 'beauty_5_recall@20': tensor(0.1096), 'ndcg@20': tensor(0.0492), 'recall@20': tensor(0.1096), 'train_loss_0': tensor(0.1930, device='cuda:0')}
[2026-02-09 13:41:45] INFO training_time: 5217.747158288956
[2026-02-09 13:41:45] INFO inference_time: 72.17567253112793
[2026-02-09 13:42:49] INFO {'epoch': 74, 'beauty_5_ndcg@20': tensor(0.0497), 'beauty_5_recall@20': tensor(0.1099), 'ndcg@20': tensor(0.0497), 'recall@20': tensor(0.1099), 'train_loss_0': tensor(0.1928, device='cuda:0')}
[2026-02-09 13:42:49] INFO training_time: 5281.485862255096
[2026-02-09 13:42:49] INFO inference_time: 73.11730551719666
[2026-02-09 13:43:55] INFO {'epoch': 75, 'beauty_5_ndcg@20': tensor(0.0485), 'beauty_5_recall@20': tensor(0.1092), 'ndcg@20': tensor(0.0485), 'recall@20': tensor(0.1092), 'train_loss_0': tensor(0.1940, device='cuda:0')}
[2026-02-09 13:43:55] INFO training_time: 5345.874576807022
[2026-02-09 13:43:55] INFO inference_time: 74.29730296134949
[2026-02-09 13:44:58] INFO {'epoch': 76, 'beauty_5_ndcg@20': tensor(0.0482), 'beauty_5_recall@20': tensor(0.1105), 'ndcg@20': tensor(0.0482), 'recall@20': tensor(0.1105), 'train_loss_0': tensor(0.1917, device='cuda:0')}
[2026-02-09 13:44:58] INFO training_time: 5407.964514970779
[2026-02-09 13:44:58] INFO inference_time: 75.21930980682373
[2026-02-09 13:46:04] INFO {'epoch': 77, 'beauty_5_ndcg@20': tensor(0.0475), 'beauty_5_recall@20': tensor(0.1090), 'ndcg@20': tensor(0.0475), 'recall@20': tensor(0.1090), 'train_loss_0': tensor(0.1914, device='cuda:0')}
[2026-02-09 13:46:04] INFO training_time: 5472.598188877106
[2026-02-09 13:46:04] INFO inference_time: 76.31247067451477
[2026-02-09 13:47:08] INFO {'epoch': 78, 'beauty_5_ndcg@20': tensor(0.0492), 'beauty_5_recall@20': tensor(0.1100), 'ndcg@20': tensor(0.0492), 'recall@20': tensor(0.1100), 'train_loss_0': tensor(0.1924, device='cuda:0')}
[2026-02-09 13:47:08] INFO training_time: 5536.1376032829285
[2026-02-09 13:47:08] INFO inference_time: 77.24521255493164
[2026-02-09 13:48:13] INFO {'epoch': 79, 'beauty_5_ndcg@20': tensor(0.0489), 'beauty_5_recall@20': tensor(0.1084), 'ndcg@20': tensor(0.0489), 'recall@20': tensor(0.1084), 'train_loss_0': tensor(0.1915, device='cuda:0')}
[2026-02-09 13:48:13] INFO training_time: 5599.666541099548
[2026-02-09 13:48:13] INFO inference_time: 78.2634654045105
[2026-02-09 13:49:16] INFO {'epoch': 80, 'beauty_5_ndcg@20': tensor(0.0501), 'beauty_5_recall@20': tensor(0.1134), 'ndcg@20': tensor(0.0501), 'recall@20': tensor(0.1134), 'train_loss_0': tensor(0.1909, device='cuda:0')}
[2026-02-09 13:49:16] INFO training_time: 5661.9463584423065
[2026-02-09 13:49:16] INFO inference_time: 79.54325008392334
[2026-02-09 13:50:21] INFO {'epoch': 81, 'beauty_5_ndcg@20': tensor(0.0481), 'beauty_5_recall@20': tensor(0.1087), 'ndcg@20': tensor(0.0481), 'recall@20': tensor(0.1087), 'train_loss_0': tensor(0.1911, device='cuda:0')}
[2026-02-09 13:50:21] INFO training_time: 5725.821420431137
[2026-02-09 13:50:21] INFO inference_time: 80.58254194259644
[2026-02-09 13:51:26] INFO {'epoch': 82, 'beauty_5_ndcg@20': tensor(0.0486), 'beauty_5_recall@20': tensor(0.1091), 'ndcg@20': tensor(0.0486), 'recall@20': tensor(0.1091), 'train_loss_0': tensor(0.1908, device='cuda:0')}
[2026-02-09 13:51:26] INFO training_time: 5789.406806468964
[2026-02-09 13:51:26] INFO inference_time: 81.5993344783783
[2026-02-09 13:52:30] INFO {'epoch': 83, 'beauty_5_ndcg@20': tensor(0.0488), 'beauty_5_recall@20': tensor(0.1092), 'ndcg@20': tensor(0.0488), 'recall@20': tensor(0.1092), 'train_loss_0': tensor(0.1905, device='cuda:0')}
[2026-02-09 13:52:30] INFO training_time: 5852.807160377502
[2026-02-09 13:52:30] INFO inference_time: 82.60347533226013
[2026-02-09 13:53:35] INFO {'epoch': 84, 'beauty_5_ndcg@20': tensor(0.0489), 'beauty_5_recall@20': tensor(0.1097), 'ndcg@20': tensor(0.0489), 'recall@20': tensor(0.1097), 'train_loss_0': tensor(0.1896, device='cuda:0')}
[2026-02-09 13:53:35] INFO training_time: 5916.112160205841
[2026-02-09 13:53:35] INFO inference_time: 83.64467859268188
[2026-02-09 13:54:40] INFO {'epoch': 85, 'beauty_5_ndcg@20': tensor(0.0487), 'beauty_5_recall@20': tensor(0.1096), 'ndcg@20': tensor(0.0487), 'recall@20': tensor(0.1096), 'train_loss_0': tensor(0.1904, device='cuda:0')}
[2026-02-09 13:54:40] INFO training_time: 5980.799446582794
[2026-02-09 13:54:40] INFO inference_time: 84.45515155792236
[2026-02-09 13:55:44] INFO {'epoch': 86, 'beauty_5_ndcg@20': tensor(0.0490), 'beauty_5_recall@20': tensor(0.1101), 'ndcg@20': tensor(0.0490), 'recall@20': tensor(0.1101), 'train_loss_0': tensor(0.1891, device='cuda:0')}
[2026-02-09 13:55:44] INFO training_time: 6043.462997198105
[2026-02-09 13:55:44] INFO inference_time: 85.45608425140381
[2026-02-09 13:55:44] INFO Early stopped. Since the metric ndcg@20 haven't been improved for 20 epochs.
[2026-02-09 13:55:44] INFO The best score of ndcg@20 is 0.0502 on epoch 66
[2026-02-09 13:55:44] INFO Best model checkpoint saved in saved/MetaModel/noisy_5/2026-02-09-12-13-25-107916.ckpt.
[2026-02-09 13:55:45] INFO defaultdict(<class 'float'>, {'beauty_5_ndcg@20': tensor(0.0393), 'beauty_5_recall@20': tensor(0.0891), 'beauty_5_ndcg@10': tensor(0.0318), 'beauty_5_recall@10': tensor(0.0597), 'ndcg@20': tensor(0.0393), 'recall@20': tensor(0.0891), 'ndcg@10': tensor(0.0318), 'recall@10': tensor(0.0597)})
