[2026-02-09 12:13:40] INFO PID of this process: 968419
[2026-02-09 12:13:51] INFO {'model': {'embed_dim': 64, 'loss_fn': 'bce', 'sub_model': 'SASRec', 'hidden_size': 128, 'layer_num': 2, 'head_num': 2, 'dropout_rate': 0.5, 'activation': 'gelu', 'tau_min': 1, 'layer_norm_eps': 1e-12, 'model': 'MetaModel'}, 'data': {'domain_name_list': ['yelp_5'], 'user_threshold': 5, 'item_threshold': 5, 'max_seq_len': 50, 'dataset_class': 'general', 'train_file': '_regen', 'dataset': 'noisy_5'}, 'train': {'batch_size': 256, 'early_stop_mode': 'max', 'early_stop_patience': 20, 'epochs': 1000, 'device': 'cuda', 'optimizer': 'adam', 'learning_rate': 0.001, 'weight_decay': 0, 'num_neg': 1, 'seed': 2024, 'interval': 30, 'meta_optimizer': 'sgd', 'meta_learning_rate': 0.001, 'hpo_learning_rate': 0.001, 'meta_weight_decay': 0.001, 'descent_step': 30, 'warmup_epoch': 10}, 'eval': {'batch_size': 2048, 'cutoff': [20, 10], 'val_metrics': ['ndcg', 'recall'], 'test_metrics': ['ndcg', 'recall'], 'topk': 100, 'save_path': './saved/'}}
[2026-02-09 12:13:51] INFO <data.dataset.SeparateDataset object at 0x7f99859831f0>
[2026-02-09 12:13:51] INFO save_dir:saved
[2026-02-09 12:13:51] INFO {'model': {'embed_dim': 64, 'loss_fn': 'bce', 'hidden_size': 128, 'layer_num': 2, 'head_num': 2, 'dropout_rate': 0.5, 'activation': 'gelu', 'layer_norm_eps': 1e-12, 'model': 'SASRec'}, 'data': {'domain_name_list': ['yelp_5'], 'user_threshold': 5, 'item_threshold': 5, 'max_seq_len': 50, 'dataset_class': 'general', 'train_file': '_regen', 'dataset': 'noisy_5'}, 'train': {'batch_size': 256, 'early_stop_mode': 'max', 'early_stop_patience': 20, 'epochs': 1000, 'device': 0, 'optimizer': 'adam', 'learning_rate': 0.001, 'weight_decay': 0, 'num_neg': 1, 'seed': 2024}, 'eval': {'batch_size': 2048, 'cutoff': [20, 10], 'val_metrics': ['ndcg', 'recall'], 'test_metrics': ['ndcg', 'recall'], 'topk': 100, 'save_path': './saved/'}}
[2026-02-09 12:13:51] INFO MetaModel(
  (item_embedding): Embedding(20034, 64, padding_idx=0)
  (sub_model): SASRec(
    (item_embedding): Embedding(20034, 64, padding_idx=0)
    (query_encoder): SASRecQueryEncoder(
      (item_encoder): Embedding(20034, 64, padding_idx=0)
      (position_emb): Embedding(50, 64)
      (transformer_layer): TransformerEncoder(
        (layers): ModuleList(
          (0): TransformerEncoderLayer(
            (self_attn): MultiheadAttention(
              (out_proj): NonDynamicallyQuantizableLinear(in_features=64, out_features=64, bias=True)
            )
            (linear1): Linear(in_features=64, out_features=128, bias=True)
            (dropout): Dropout(p=0.5, inplace=False)
            (linear2): Linear(in_features=128, out_features=64, bias=True)
            (norm1): LayerNorm((64,), eps=1e-12, elementwise_affine=True)
            (norm2): LayerNorm((64,), eps=1e-12, elementwise_affine=True)
            (dropout1): Dropout(p=0.5, inplace=False)
            (dropout2): Dropout(p=0.5, inplace=False)
          )
          (1): TransformerEncoderLayer(
            (self_attn): MultiheadAttention(
              (out_proj): NonDynamicallyQuantizableLinear(in_features=64, out_features=64, bias=True)
            )
            (linear1): Linear(in_features=64, out_features=128, bias=True)
            (dropout): Dropout(p=0.5, inplace=False)
            (linear2): Linear(in_features=128, out_features=64, bias=True)
            (norm1): LayerNorm((64,), eps=1e-12, elementwise_affine=True)
            (norm2): LayerNorm((64,), eps=1e-12, elementwise_affine=True)
            (dropout1): Dropout(p=0.5, inplace=False)
            (dropout2): Dropout(p=0.5, inplace=False)
          )
        )
      )
      (dropout): Dropout(p=0.5, inplace=False)
      (training_pooling_layer): SeqPoolingLayer()
      (eval_pooling_layer): SeqPoolingLayer()
    )
    (loss_fn): BinaryCrossEntropyLoss()
  )
  (meta_module): Sequential(
    (0): Linear(in_features=64, out_features=64, bias=True)
    (1): ReLU()
    (2): Linear(in_features=64, out_features=2, bias=True)
  )
)
[2026-02-09 12:14:57] INFO {'epoch': 0, 'yelp_5_ndcg@20': tensor(0.0069), 'yelp_5_recall@20': tensor(0.0199), 'ndcg@20': tensor(0.0069), 'recall@20': tensor(0.0199), 'train_loss_0': tensor(1.1620, device='cuda:0')}
[2026-02-09 12:14:57] INFO training_time: 64.08290004730225
[2026-02-09 12:14:57] INFO inference_time: 1.5120880603790283
[2026-02-09 12:14:57] INFO ndcg@20 improved. Best value: 0.0069
[2026-02-09 12:14:57] INFO Best model checkpoint saved in saved/MetaModel/noisy_5/2026-02-09-12-13-40-932166.ckpt.
[2026-02-09 12:16:01] INFO {'epoch': 1, 'yelp_5_ndcg@20': tensor(0.0114), 'yelp_5_recall@20': tensor(0.0323), 'ndcg@20': tensor(0.0114), 'recall@20': tensor(0.0323), 'train_loss_0': tensor(0.8341, device='cuda:0')}
[2026-02-09 12:16:01] INFO training_time: 126.80500888824463
[2026-02-09 12:16:01] INFO inference_time: 2.641632318496704
[2026-02-09 12:16:01] INFO ndcg@20 improved. Best value: 0.0114
[2026-02-09 12:16:01] INFO Best model checkpoint saved in saved/MetaModel/noisy_5/2026-02-09-12-13-40-932166.ckpt.
[2026-02-09 12:17:05] INFO {'epoch': 2, 'yelp_5_ndcg@20': tensor(0.0141), 'yelp_5_recall@20': tensor(0.0395), 'ndcg@20': tensor(0.0141), 'recall@20': tensor(0.0395), 'train_loss_0': tensor(0.6730, device='cuda:0')}
[2026-02-09 12:17:05] INFO training_time: 189.88336491584778
[2026-02-09 12:17:05] INFO inference_time: 3.907418966293335
[2026-02-09 12:17:05] INFO ndcg@20 improved. Best value: 0.0141
[2026-02-09 12:17:05] INFO Best model checkpoint saved in saved/MetaModel/noisy_5/2026-02-09-12-13-40-932166.ckpt.
[2026-02-09 12:18:09] INFO {'epoch': 3, 'yelp_5_ndcg@20': tensor(0.0153), 'yelp_5_recall@20': tensor(0.0424), 'ndcg@20': tensor(0.0153), 'recall@20': tensor(0.0424), 'train_loss_0': tensor(0.5962, device='cuda:0')}
[2026-02-09 12:18:09] INFO training_time: 252.98249173164368
[2026-02-09 12:18:09] INFO inference_time: 5.1294050216674805
[2026-02-09 12:18:09] INFO ndcg@20 improved. Best value: 0.0153
[2026-02-09 12:18:09] INFO Best model checkpoint saved in saved/MetaModel/noisy_5/2026-02-09-12-13-40-932166.ckpt.
[2026-02-09 12:19:14] INFO {'epoch': 4, 'yelp_5_ndcg@20': tensor(0.0160), 'yelp_5_recall@20': tensor(0.0442), 'ndcg@20': tensor(0.0160), 'recall@20': tensor(0.0442), 'train_loss_0': tensor(0.5479, device='cuda:0')}
[2026-02-09 12:19:14] INFO training_time: 316.12080121040344
[2026-02-09 12:19:14] INFO inference_time: 6.301069974899292
[2026-02-09 12:19:14] INFO ndcg@20 improved. Best value: 0.0160
[2026-02-09 12:19:14] INFO Best model checkpoint saved in saved/MetaModel/noisy_5/2026-02-09-12-13-40-932166.ckpt.
[2026-02-09 12:20:18] INFO {'epoch': 5, 'yelp_5_ndcg@20': tensor(0.0164), 'yelp_5_recall@20': tensor(0.0428), 'ndcg@20': tensor(0.0164), 'recall@20': tensor(0.0428), 'train_loss_0': tensor(0.5142, device='cuda:0')}
[2026-02-09 12:20:18] INFO training_time: 378.9625794887543
[2026-02-09 12:20:18] INFO inference_time: 7.600955963134766
[2026-02-09 12:20:18] INFO ndcg@20 improved. Best value: 0.0164
[2026-02-09 12:20:18] INFO Best model checkpoint saved in saved/MetaModel/noisy_5/2026-02-09-12-13-40-932166.ckpt.
[2026-02-09 12:21:22] INFO {'epoch': 6, 'yelp_5_ndcg@20': tensor(0.0161), 'yelp_5_recall@20': tensor(0.0437), 'ndcg@20': tensor(0.0161), 'recall@20': tensor(0.0437), 'train_loss_0': tensor(0.4879, device='cuda:0')}
[2026-02-09 12:21:22] INFO training_time: 442.2098364830017
[2026-02-09 12:21:22] INFO inference_time: 8.766212701797485
[2026-02-09 12:22:27] INFO {'epoch': 7, 'yelp_5_ndcg@20': tensor(0.0158), 'yelp_5_recall@20': tensor(0.0431), 'ndcg@20': tensor(0.0158), 'recall@20': tensor(0.0431), 'train_loss_0': tensor(0.4675, device='cuda:0')}
[2026-02-09 12:22:27] INFO training_time: 505.8380334377289
[2026-02-09 12:22:27] INFO inference_time: 10.031429767608643
[2026-02-09 12:23:33] INFO {'epoch': 8, 'yelp_5_ndcg@20': tensor(0.0173), 'yelp_5_recall@20': tensor(0.0472), 'ndcg@20': tensor(0.0173), 'recall@20': tensor(0.0472), 'train_loss_0': tensor(0.4519, device='cuda:0')}
[2026-02-09 12:23:33] INFO training_time: 569.7382440567017
[2026-02-09 12:23:33] INFO inference_time: 11.42379379272461
[2026-02-09 12:23:33] INFO ndcg@20 improved. Best value: 0.0173
[2026-02-09 12:23:33] INFO Best model checkpoint saved in saved/MetaModel/noisy_5/2026-02-09-12-13-40-932166.ckpt.
[2026-02-09 12:24:38] INFO {'epoch': 9, 'yelp_5_ndcg@20': tensor(0.0169), 'yelp_5_recall@20': tensor(0.0457), 'ndcg@20': tensor(0.0169), 'recall@20': tensor(0.0457), 'train_loss_0': tensor(0.4385, device='cuda:0')}
[2026-02-09 12:24:38] INFO training_time: 633.4947445392609
[2026-02-09 12:24:38] INFO inference_time: 12.790390491485596
[2026-02-09 12:25:42] INFO {'epoch': 10, 'yelp_5_ndcg@20': tensor(0.0176), 'yelp_5_recall@20': tensor(0.0468), 'ndcg@20': tensor(0.0176), 'recall@20': tensor(0.0468), 'train_loss_0': tensor(0.4284, device='cuda:0')}
[2026-02-09 12:25:42] INFO training_time: 696.5425846576691
[2026-02-09 12:25:42] INFO inference_time: 14.401910543441772
[2026-02-09 12:25:42] INFO ndcg@20 improved. Best value: 0.0176
[2026-02-09 12:25:42] INFO Best model checkpoint saved in saved/MetaModel/noisy_5/2026-02-09-12-13-40-932166.ckpt.
[2026-02-09 12:27:15] INFO {'epoch': 11, 'yelp_5_ndcg@20': tensor(0.0185), 'yelp_5_recall@20': tensor(0.0495), 'ndcg@20': tensor(0.0185), 'recall@20': tensor(0.0495), 'train_loss_0': tensor(0.2095, device='cuda:0')}
[2026-02-09 12:27:15] INFO training_time: 787.9584269523621
[2026-02-09 12:27:15] INFO inference_time: 15.763603925704956
[2026-02-09 12:27:15] INFO ndcg@20 improved. Best value: 0.0185
[2026-02-09 12:27:15] INFO Best model checkpoint saved in saved/MetaModel/noisy_5/2026-02-09-12-13-40-932166.ckpt.
[2026-02-09 12:28:47] INFO {'epoch': 12, 'yelp_5_ndcg@20': tensor(0.0190), 'yelp_5_recall@20': tensor(0.0501), 'ndcg@20': tensor(0.0190), 'recall@20': tensor(0.0501), 'train_loss_0': tensor(0.2063, device='cuda:0')}
[2026-02-09 12:28:47] INFO training_time: 878.0770847797394
[2026-02-09 12:28:47] INFO inference_time: 16.977608680725098
[2026-02-09 12:28:47] INFO ndcg@20 improved. Best value: 0.0190
[2026-02-09 12:28:47] INFO Best model checkpoint saved in saved/MetaModel/noisy_5/2026-02-09-12-13-40-932166.ckpt.
[2026-02-09 12:30:19] INFO {'epoch': 13, 'yelp_5_ndcg@20': tensor(0.0178), 'yelp_5_recall@20': tensor(0.0479), 'ndcg@20': tensor(0.0178), 'recall@20': tensor(0.0479), 'train_loss_0': tensor(0.2052, device='cuda:0')}
[2026-02-09 12:30:19] INFO training_time: 968.7597517967224
[2026-02-09 12:30:19] INFO inference_time: 18.312864065170288
[2026-02-09 12:31:50] INFO {'epoch': 14, 'yelp_5_ndcg@20': tensor(0.0185), 'yelp_5_recall@20': tensor(0.0499), 'ndcg@20': tensor(0.0185), 'recall@20': tensor(0.0499), 'train_loss_0': tensor(0.2040, device='cuda:0')}
[2026-02-09 12:31:50] INFO training_time: 1058.676638841629
[2026-02-09 12:31:50] INFO inference_time: 19.464313983917236
[2026-02-09 12:33:21] INFO {'epoch': 15, 'yelp_5_ndcg@20': tensor(0.0189), 'yelp_5_recall@20': tensor(0.0503), 'ndcg@20': tensor(0.0189), 'recall@20': tensor(0.0503), 'train_loss_0': tensor(0.2025, device='cuda:0')}
[2026-02-09 12:33:21] INFO training_time: 1149.009381532669
[2026-02-09 12:33:21] INFO inference_time: 20.683095455169678
[2026-02-09 12:34:53] INFO {'epoch': 16, 'yelp_5_ndcg@20': tensor(0.0189), 'yelp_5_recall@20': tensor(0.0499), 'ndcg@20': tensor(0.0189), 'recall@20': tensor(0.0499), 'train_loss_0': tensor(0.2011, device='cuda:0')}
[2026-02-09 12:34:53] INFO training_time: 1239.0762250423431
[2026-02-09 12:34:53] INFO inference_time: 21.897987365722656
[2026-02-09 12:36:24] INFO {'epoch': 17, 'yelp_5_ndcg@20': tensor(0.0190), 'yelp_5_recall@20': tensor(0.0494), 'ndcg@20': tensor(0.0190), 'recall@20': tensor(0.0494), 'train_loss_0': tensor(0.2009, device='cuda:0')}
[2026-02-09 12:36:24] INFO training_time: 1329.5350975990295
[2026-02-09 12:36:24] INFO inference_time: 23.276743173599243
[2026-02-09 12:37:56] INFO {'epoch': 18, 'yelp_5_ndcg@20': tensor(0.0184), 'yelp_5_recall@20': tensor(0.0488), 'ndcg@20': tensor(0.0184), 'recall@20': tensor(0.0488), 'train_loss_0': tensor(0.1989, device='cuda:0')}
[2026-02-09 12:37:56] INFO training_time: 1420.20232462883
[2026-02-09 12:37:56] INFO inference_time: 24.47248649597168
[2026-02-09 12:39:28] INFO {'epoch': 19, 'yelp_5_ndcg@20': tensor(0.0188), 'yelp_5_recall@20': tensor(0.0493), 'ndcg@20': tensor(0.0188), 'recall@20': tensor(0.0493), 'train_loss_0': tensor(0.1954, device='cuda:0')}
[2026-02-09 12:39:28] INFO training_time: 1510.205415725708
[2026-02-09 12:39:28] INFO inference_time: 25.715588808059692
[2026-02-09 12:41:00] INFO {'epoch': 20, 'yelp_5_ndcg@20': tensor(0.0188), 'yelp_5_recall@20': tensor(0.0499), 'ndcg@20': tensor(0.0188), 'recall@20': tensor(0.0499), 'train_loss_0': tensor(0.1946, device='cuda:0')}
[2026-02-09 12:41:00] INFO training_time: 1600.964021205902
[2026-02-09 12:41:00] INFO inference_time: 27.23983383178711
[2026-02-09 12:42:32] INFO {'epoch': 21, 'yelp_5_ndcg@20': tensor(0.0182), 'yelp_5_recall@20': tensor(0.0486), 'ndcg@20': tensor(0.0182), 'recall@20': tensor(0.0486), 'train_loss_0': tensor(0.1935, device='cuda:0')}
[2026-02-09 12:42:32] INFO training_time: 1691.9897632598877
[2026-02-09 12:42:32] INFO inference_time: 28.427565813064575
[2026-02-09 12:44:04] INFO {'epoch': 22, 'yelp_5_ndcg@20': tensor(0.0194), 'yelp_5_recall@20': tensor(0.0504), 'ndcg@20': tensor(0.0194), 'recall@20': tensor(0.0504), 'train_loss_0': tensor(0.1924, device='cuda:0')}
[2026-02-09 12:44:04] INFO training_time: 1782.7162334918976
[2026-02-09 12:44:04] INFO inference_time: 29.82086730003357
[2026-02-09 12:44:04] INFO ndcg@20 improved. Best value: 0.0194
[2026-02-09 12:44:04] INFO Best model checkpoint saved in saved/MetaModel/noisy_5/2026-02-09-12-13-40-932166.ckpt.
[2026-02-09 12:45:36] INFO {'epoch': 23, 'yelp_5_ndcg@20': tensor(0.0188), 'yelp_5_recall@20': tensor(0.0500), 'ndcg@20': tensor(0.0188), 'recall@20': tensor(0.0500), 'train_loss_0': tensor(0.1897, device='cuda:0')}
[2026-02-09 12:45:36] INFO training_time: 1873.6910467147827
[2026-02-09 12:45:36] INFO inference_time: 31.127774000167847
[2026-02-09 12:47:09] INFO {'epoch': 24, 'yelp_5_ndcg@20': tensor(0.0200), 'yelp_5_recall@20': tensor(0.0516), 'ndcg@20': tensor(0.0200), 'recall@20': tensor(0.0516), 'train_loss_0': tensor(0.1897, device='cuda:0')}
[2026-02-09 12:47:09] INFO training_time: 1964.7683510780334
[2026-02-09 12:47:09] INFO inference_time: 32.44330430030823
[2026-02-09 12:47:09] INFO ndcg@20 improved. Best value: 0.0200
[2026-02-09 12:47:09] INFO Best model checkpoint saved in saved/MetaModel/noisy_5/2026-02-09-12-13-40-932166.ckpt.
[2026-02-09 12:48:41] INFO {'epoch': 25, 'yelp_5_ndcg@20': tensor(0.0202), 'yelp_5_recall@20': tensor(0.0528), 'ndcg@20': tensor(0.0202), 'recall@20': tensor(0.0528), 'train_loss_0': tensor(0.1873, device='cuda:0')}
[2026-02-09 12:48:41] INFO training_time: 2055.669582605362
[2026-02-09 12:48:41] INFO inference_time: 33.494566202163696
[2026-02-09 12:48:41] INFO ndcg@20 improved. Best value: 0.0202
[2026-02-09 12:48:41] INFO Best model checkpoint saved in saved/MetaModel/noisy_5/2026-02-09-12-13-40-932166.ckpt.
[2026-02-09 12:50:13] INFO {'epoch': 26, 'yelp_5_ndcg@20': tensor(0.0193), 'yelp_5_recall@20': tensor(0.0509), 'ndcg@20': tensor(0.0193), 'recall@20': tensor(0.0509), 'train_loss_0': tensor(0.1864, device='cuda:0')}
[2026-02-09 12:50:13] INFO training_time: 2146.177865743637
[2026-02-09 12:50:13] INFO inference_time: 34.64785170555115
[2026-02-09 12:51:45] INFO {'epoch': 27, 'yelp_5_ndcg@20': tensor(0.0199), 'yelp_5_recall@20': tensor(0.0516), 'ndcg@20': tensor(0.0199), 'recall@20': tensor(0.0516), 'train_loss_0': tensor(0.1845, device='cuda:0')}
[2026-02-09 12:51:45] INFO training_time: 2237.4544970989227
[2026-02-09 12:51:45] INFO inference_time: 35.81667685508728
[2026-02-09 12:53:17] INFO {'epoch': 28, 'yelp_5_ndcg@20': tensor(0.0192), 'yelp_5_recall@20': tensor(0.0505), 'ndcg@20': tensor(0.0192), 'recall@20': tensor(0.0505), 'train_loss_0': tensor(0.1847, device='cuda:0')}
[2026-02-09 12:53:17] INFO training_time: 2328.757866382599
[2026-02-09 12:53:17] INFO inference_time: 36.988176345825195
[2026-02-09 12:54:50] INFO {'epoch': 29, 'yelp_5_ndcg@20': tensor(0.0203), 'yelp_5_recall@20': tensor(0.0521), 'ndcg@20': tensor(0.0203), 'recall@20': tensor(0.0521), 'train_loss_0': tensor(0.1845, device='cuda:0')}
[2026-02-09 12:54:50] INFO training_time: 2420.214796066284
[2026-02-09 12:54:50] INFO inference_time: 38.417285442352295
[2026-02-09 12:54:50] INFO ndcg@20 improved. Best value: 0.0203
[2026-02-09 12:54:50] INFO Best model checkpoint saved in saved/MetaModel/noisy_5/2026-02-09-12-13-40-932166.ckpt.
[2026-02-09 12:56:23] INFO {'epoch': 30, 'yelp_5_ndcg@20': tensor(0.0204), 'yelp_5_recall@20': tensor(0.0517), 'ndcg@20': tensor(0.0204), 'recall@20': tensor(0.0517), 'train_loss_0': tensor(0.1826, device='cuda:0')}
[2026-02-09 12:56:23] INFO training_time: 2510.896831512451
[2026-02-09 12:56:23] INFO inference_time: 40.12203574180603
[2026-02-09 12:56:23] INFO ndcg@20 improved. Best value: 0.0204
[2026-02-09 12:56:23] INFO Best model checkpoint saved in saved/MetaModel/noisy_5/2026-02-09-12-13-40-932166.ckpt.
[2026-02-09 12:57:56] INFO {'epoch': 31, 'yelp_5_ndcg@20': tensor(0.0201), 'yelp_5_recall@20': tensor(0.0516), 'ndcg@20': tensor(0.0201), 'recall@20': tensor(0.0516), 'train_loss_0': tensor(0.1805, device='cuda:0')}
[2026-02-09 12:57:56] INFO training_time: 2602.4704604148865
[2026-02-09 12:57:56] INFO inference_time: 41.383709192276
[2026-02-09 12:59:29] INFO {'epoch': 32, 'yelp_5_ndcg@20': tensor(0.0197), 'yelp_5_recall@20': tensor(0.0512), 'ndcg@20': tensor(0.0197), 'recall@20': tensor(0.0512), 'train_loss_0': tensor(0.1805, device='cuda:0')}
[2026-02-09 12:59:29] INFO training_time: 2694.3945932388306
[2026-02-09 12:59:29] INFO inference_time: 42.57703924179077
[2026-02-09 13:01:02] INFO {'epoch': 33, 'yelp_5_ndcg@20': tensor(0.0195), 'yelp_5_recall@20': tensor(0.0512), 'ndcg@20': tensor(0.0195), 'recall@20': tensor(0.0512), 'train_loss_0': tensor(0.1801, device='cuda:0')}
[2026-02-09 13:01:02] INFO training_time: 2786.6912336349487
[2026-02-09 13:01:02] INFO inference_time: 43.92143487930298
[2026-02-09 13:02:35] INFO {'epoch': 34, 'yelp_5_ndcg@20': tensor(0.0202), 'yelp_5_recall@20': tensor(0.0516), 'ndcg@20': tensor(0.0202), 'recall@20': tensor(0.0516), 'train_loss_0': tensor(0.1787, device='cuda:0')}
[2026-02-09 13:02:35] INFO training_time: 2878.223516225815
[2026-02-09 13:02:35] INFO inference_time: 45.20437788963318
[2026-02-09 13:04:09] INFO {'epoch': 35, 'yelp_5_ndcg@20': tensor(0.0201), 'yelp_5_recall@20': tensor(0.0522), 'ndcg@20': tensor(0.0201), 'recall@20': tensor(0.0522), 'train_loss_0': tensor(0.1767, device='cuda:0')}
[2026-02-09 13:04:09] INFO training_time: 2970.4418053627014
[2026-02-09 13:04:09] INFO inference_time: 46.577956676483154
[2026-02-09 13:05:42] INFO {'epoch': 36, 'yelp_5_ndcg@20': tensor(0.0208), 'yelp_5_recall@20': tensor(0.0531), 'ndcg@20': tensor(0.0208), 'recall@20': tensor(0.0531), 'train_loss_0': tensor(0.1758, device='cuda:0')}
[2026-02-09 13:05:42] INFO training_time: 3062.1051807403564
[2026-02-09 13:05:42] INFO inference_time: 47.9561812877655
[2026-02-09 13:05:42] INFO ndcg@20 improved. Best value: 0.0208
[2026-02-09 13:05:42] INFO Best model checkpoint saved in saved/MetaModel/noisy_5/2026-02-09-12-13-40-932166.ckpt.
[2026-02-09 13:07:15] INFO {'epoch': 37, 'yelp_5_ndcg@20': tensor(0.0197), 'yelp_5_recall@20': tensor(0.0507), 'ndcg@20': tensor(0.0197), 'recall@20': tensor(0.0507), 'train_loss_0': tensor(0.1746, device='cuda:0')}
[2026-02-09 13:07:15] INFO training_time: 3153.7793855667114
[2026-02-09 13:07:15] INFO inference_time: 49.2723548412323
[2026-02-09 13:08:47] INFO {'epoch': 38, 'yelp_5_ndcg@20': tensor(0.0203), 'yelp_5_recall@20': tensor(0.0520), 'ndcg@20': tensor(0.0203), 'recall@20': tensor(0.0520), 'train_loss_0': tensor(0.1751, device='cuda:0')}
[2026-02-09 13:08:47] INFO training_time: 3244.9137217998505
[2026-02-09 13:08:47] INFO inference_time: 50.48103642463684
[2026-02-09 13:10:20] INFO {'epoch': 39, 'yelp_5_ndcg@20': tensor(0.0200), 'yelp_5_recall@20': tensor(0.0516), 'ndcg@20': tensor(0.0200), 'recall@20': tensor(0.0516), 'train_loss_0': tensor(0.1750, device='cuda:0')}
[2026-02-09 13:10:20] INFO training_time: 3336.080701828003
[2026-02-09 13:10:20] INFO inference_time: 51.684439182281494
[2026-02-09 13:11:52] INFO {'epoch': 40, 'yelp_5_ndcg@20': tensor(0.0197), 'yelp_5_recall@20': tensor(0.0513), 'ndcg@20': tensor(0.0197), 'recall@20': tensor(0.0513), 'train_loss_0': tensor(0.1730, device='cuda:0')}
[2026-02-09 13:11:52] INFO training_time: 3426.514806985855
[2026-02-09 13:11:52] INFO inference_time: 53.26558828353882
[2026-02-09 13:13:24] INFO {'epoch': 41, 'yelp_5_ndcg@20': tensor(0.0208), 'yelp_5_recall@20': tensor(0.0531), 'ndcg@20': tensor(0.0208), 'recall@20': tensor(0.0531), 'train_loss_0': tensor(0.1731, device='cuda:0')}
[2026-02-09 13:13:24] INFO training_time: 3517.1445932388306
[2026-02-09 13:13:24] INFO inference_time: 54.53042912483215
[2026-02-09 13:13:24] INFO ndcg@20 improved. Best value: 0.0208
[2026-02-09 13:13:24] INFO Best model checkpoint saved in saved/MetaModel/noisy_5/2026-02-09-12-13-40-932166.ckpt.
[2026-02-09 13:14:56] INFO {'epoch': 42, 'yelp_5_ndcg@20': tensor(0.0205), 'yelp_5_recall@20': tensor(0.0521), 'ndcg@20': tensor(0.0205), 'recall@20': tensor(0.0521), 'train_loss_0': tensor(0.1725, device='cuda:0')}
[2026-02-09 13:14:56] INFO training_time: 3608.658704996109
[2026-02-09 13:14:56] INFO inference_time: 55.80888819694519
[2026-02-09 13:16:28] INFO {'epoch': 43, 'yelp_5_ndcg@20': tensor(0.0205), 'yelp_5_recall@20': tensor(0.0535), 'ndcg@20': tensor(0.0205), 'recall@20': tensor(0.0535), 'train_loss_0': tensor(0.1705, device='cuda:0')}
[2026-02-09 13:16:28] INFO training_time: 3698.418620109558
[2026-02-09 13:16:28] INFO inference_time: 57.17340064048767
[2026-02-09 13:18:00] INFO {'epoch': 44, 'yelp_5_ndcg@20': tensor(0.0202), 'yelp_5_recall@20': tensor(0.0517), 'ndcg@20': tensor(0.0202), 'recall@20': tensor(0.0517), 'train_loss_0': tensor(0.1709, device='cuda:0')}
[2026-02-09 13:18:00] INFO training_time: 3789.7527616024017
[2026-02-09 13:18:00] INFO inference_time: 58.31015110015869
[2026-02-09 13:19:32] INFO {'epoch': 45, 'yelp_5_ndcg@20': tensor(0.0203), 'yelp_5_recall@20': tensor(0.0524), 'ndcg@20': tensor(0.0203), 'recall@20': tensor(0.0524), 'train_loss_0': tensor(0.1700, device='cuda:0')}
[2026-02-09 13:19:32] INFO training_time: 3880.216914653778
[2026-02-09 13:19:32] INFO inference_time: 59.56890296936035
[2026-02-09 13:21:04] INFO {'epoch': 46, 'yelp_5_ndcg@20': tensor(0.0203), 'yelp_5_recall@20': tensor(0.0524), 'ndcg@20': tensor(0.0203), 'recall@20': tensor(0.0524), 'train_loss_0': tensor(0.1700, device='cuda:0')}
[2026-02-09 13:21:04] INFO training_time: 3971.658045768738
[2026-02-09 13:21:04] INFO inference_time: 60.73810315132141
[2026-02-09 13:22:36] INFO {'epoch': 47, 'yelp_5_ndcg@20': tensor(0.0203), 'yelp_5_recall@20': tensor(0.0517), 'ndcg@20': tensor(0.0203), 'recall@20': tensor(0.0517), 'train_loss_0': tensor(0.1701, device='cuda:0')}
[2026-02-09 13:22:36] INFO training_time: 4062.3547456264496
[2026-02-09 13:22:36] INFO inference_time: 62.12267088890076
[2026-02-09 13:24:09] INFO {'epoch': 48, 'yelp_5_ndcg@20': tensor(0.0204), 'yelp_5_recall@20': tensor(0.0527), 'ndcg@20': tensor(0.0204), 'recall@20': tensor(0.0527), 'train_loss_0': tensor(0.1697, device='cuda:0')}
[2026-02-09 13:24:09] INFO training_time: 4153.500359773636
[2026-02-09 13:24:09] INFO inference_time: 63.30537986755371
[2026-02-09 13:25:41] INFO {'epoch': 49, 'yelp_5_ndcg@20': tensor(0.0199), 'yelp_5_recall@20': tensor(0.0522), 'ndcg@20': tensor(0.0199), 'recall@20': tensor(0.0522), 'train_loss_0': tensor(0.1682, device='cuda:0')}
[2026-02-09 13:25:41] INFO training_time: 4244.059222698212
[2026-02-09 13:25:41] INFO inference_time: 64.61643266677856
[2026-02-09 13:27:13] INFO {'epoch': 50, 'yelp_5_ndcg@20': tensor(0.0204), 'yelp_5_recall@20': tensor(0.0529), 'ndcg@20': tensor(0.0204), 'recall@20': tensor(0.0529), 'train_loss_0': tensor(0.1684, device='cuda:0')}
[2026-02-09 13:27:13] INFO training_time: 4334.958420991898
[2026-02-09 13:27:13] INFO inference_time: 66.11015176773071
[2026-02-09 13:28:46] INFO {'epoch': 51, 'yelp_5_ndcg@20': tensor(0.0210), 'yelp_5_recall@20': tensor(0.0543), 'ndcg@20': tensor(0.0210), 'recall@20': tensor(0.0543), 'train_loss_0': tensor(0.1678, device='cuda:0')}
[2026-02-09 13:28:46] INFO training_time: 4425.927275180817
[2026-02-09 13:28:46] INFO inference_time: 67.57578206062317
[2026-02-09 13:28:46] INFO ndcg@20 improved. Best value: 0.0210
[2026-02-09 13:28:46] INFO Best model checkpoint saved in saved/MetaModel/noisy_5/2026-02-09-12-13-40-932166.ckpt.
[2026-02-09 13:30:18] INFO {'epoch': 52, 'yelp_5_ndcg@20': tensor(0.0202), 'yelp_5_recall@20': tensor(0.0525), 'ndcg@20': tensor(0.0202), 'recall@20': tensor(0.0525), 'train_loss_0': tensor(0.1664, device='cuda:0')}
[2026-02-09 13:30:18] INFO training_time: 4516.8492777347565
[2026-02-09 13:30:18] INFO inference_time: 68.97657108306885
[2026-02-09 13:31:51] INFO {'epoch': 53, 'yelp_5_ndcg@20': tensor(0.0210), 'yelp_5_recall@20': tensor(0.0532), 'ndcg@20': tensor(0.0210), 'recall@20': tensor(0.0532), 'train_loss_0': tensor(0.1672, device='cuda:0')}
[2026-02-09 13:31:51] INFO training_time: 4609.07227730751
[2026-02-09 13:31:51] INFO inference_time: 70.31174826622009
[2026-02-09 13:31:51] INFO ndcg@20 improved. Best value: 0.0210
[2026-02-09 13:31:51] INFO Best model checkpoint saved in saved/MetaModel/noisy_5/2026-02-09-12-13-40-932166.ckpt.
[2026-02-09 13:33:24] INFO {'epoch': 54, 'yelp_5_ndcg@20': tensor(0.0212), 'yelp_5_recall@20': tensor(0.0534), 'ndcg@20': tensor(0.0212), 'recall@20': tensor(0.0534), 'train_loss_0': tensor(0.1652, device='cuda:0')}
[2026-02-09 13:33:24] INFO training_time: 4699.946568965912
[2026-02-09 13:33:24] INFO inference_time: 71.65197253227234
[2026-02-09 13:33:24] INFO ndcg@20 improved. Best value: 0.0212
[2026-02-09 13:33:24] INFO Best model checkpoint saved in saved/MetaModel/noisy_5/2026-02-09-12-13-40-932166.ckpt.
[2026-02-09 13:34:56] INFO {'epoch': 55, 'yelp_5_ndcg@20': tensor(0.0205), 'yelp_5_recall@20': tensor(0.0526), 'ndcg@20': tensor(0.0205), 'recall@20': tensor(0.0526), 'train_loss_0': tensor(0.1645, device='cuda:0')}
[2026-02-09 13:34:56] INFO training_time: 4790.822923183441
[2026-02-09 13:34:56] INFO inference_time: 73.14365577697754
[2026-02-09 13:36:29] INFO {'epoch': 56, 'yelp_5_ndcg@20': tensor(0.0210), 'yelp_5_recall@20': tensor(0.0536), 'ndcg@20': tensor(0.0210), 'recall@20': tensor(0.0536), 'train_loss_0': tensor(0.1656, device='cuda:0')}
[2026-02-09 13:36:29] INFO training_time: 4882.865777492523
[2026-02-09 13:36:29] INFO inference_time: 74.45279002189636
[2026-02-09 13:38:02] INFO {'epoch': 57, 'yelp_5_ndcg@20': tensor(0.0203), 'yelp_5_recall@20': tensor(0.0529), 'ndcg@20': tensor(0.0203), 'recall@20': tensor(0.0529), 'train_loss_0': tensor(0.1637, device='cuda:0')}
[2026-02-09 13:38:02] INFO training_time: 4974.520793199539
[2026-02-09 13:38:02] INFO inference_time: 75.63416361808777
[2026-02-09 13:39:35] INFO {'epoch': 58, 'yelp_5_ndcg@20': tensor(0.0203), 'yelp_5_recall@20': tensor(0.0514), 'ndcg@20': tensor(0.0203), 'recall@20': tensor(0.0514), 'train_loss_0': tensor(0.1639, device='cuda:0')}
[2026-02-09 13:39:35] INFO training_time: 5065.645838260651
[2026-02-09 13:39:35] INFO inference_time: 77.14913582801819
[2026-02-09 13:41:06] INFO {'epoch': 59, 'yelp_5_ndcg@20': tensor(0.0200), 'yelp_5_recall@20': tensor(0.0507), 'ndcg@20': tensor(0.0200), 'recall@20': tensor(0.0507), 'train_loss_0': tensor(0.1639, device='cuda:0')}
[2026-02-09 13:41:06] INFO training_time: 5155.652373790741
[2026-02-09 13:41:06] INFO inference_time: 78.52922654151917
[2026-02-09 13:42:26] INFO {'epoch': 60, 'yelp_5_ndcg@20': tensor(0.0205), 'yelp_5_recall@20': tensor(0.0521), 'ndcg@20': tensor(0.0205), 'recall@20': tensor(0.0521), 'train_loss_0': tensor(0.1625, device='cuda:0')}
[2026-02-09 13:42:26] INFO training_time: 5233.948272705078
[2026-02-09 13:42:26] INFO inference_time: 80.11626243591309
[2026-02-09 13:43:45] INFO {'epoch': 61, 'yelp_5_ndcg@20': tensor(0.0211), 'yelp_5_recall@20': tensor(0.0526), 'ndcg@20': tensor(0.0211), 'recall@20': tensor(0.0526), 'train_loss_0': tensor(0.1631, device='cuda:0')}
[2026-02-09 13:43:45] INFO training_time: 5311.300831317902
[2026-02-09 13:43:45] INFO inference_time: 81.24740672111511
[2026-02-09 13:45:04] INFO {'epoch': 62, 'yelp_5_ndcg@20': tensor(0.0212), 'yelp_5_recall@20': tensor(0.0533), 'ndcg@20': tensor(0.0212), 'recall@20': tensor(0.0533), 'train_loss_0': tensor(0.1620, device='cuda:0')}
[2026-02-09 13:45:04] INFO training_time: 5389.37012720108
[2026-02-09 13:45:04] INFO inference_time: 82.45080137252808
[2026-02-09 13:45:04] INFO ndcg@20 improved. Best value: 0.0212
[2026-02-09 13:45:04] INFO Best model checkpoint saved in saved/MetaModel/noisy_5/2026-02-09-12-13-40-932166.ckpt.
[2026-02-09 13:46:23] INFO {'epoch': 63, 'yelp_5_ndcg@20': tensor(0.0205), 'yelp_5_recall@20': tensor(0.0531), 'ndcg@20': tensor(0.0205), 'recall@20': tensor(0.0531), 'train_loss_0': tensor(0.1623, device='cuda:0')}
[2026-02-09 13:46:23] INFO training_time: 5466.763909339905
[2026-02-09 13:46:23] INFO inference_time: 83.73840999603271
[2026-02-09 13:47:42] INFO {'epoch': 64, 'yelp_5_ndcg@20': tensor(0.0201), 'yelp_5_recall@20': tensor(0.0518), 'ndcg@20': tensor(0.0201), 'recall@20': tensor(0.0518), 'train_loss_0': tensor(0.1621, device='cuda:0')}
[2026-02-09 13:47:42] INFO training_time: 5544.341291189194
[2026-02-09 13:47:42] INFO inference_time: 85.06913876533508
[2026-02-09 13:49:01] INFO {'epoch': 65, 'yelp_5_ndcg@20': tensor(0.0207), 'yelp_5_recall@20': tensor(0.0521), 'ndcg@20': tensor(0.0207), 'recall@20': tensor(0.0521), 'train_loss_0': tensor(0.1613, device='cuda:0')}
[2026-02-09 13:49:01] INFO training_time: 5622.140058517456
[2026-02-09 13:49:01] INFO inference_time: 86.58460569381714
[2026-02-09 13:50:21] INFO {'epoch': 66, 'yelp_5_ndcg@20': tensor(0.0211), 'yelp_5_recall@20': tensor(0.0531), 'ndcg@20': tensor(0.0211), 'recall@20': tensor(0.0531), 'train_loss_0': tensor(0.1611, device='cuda:0')}
[2026-02-09 13:50:21] INFO training_time: 5700.463450431824
[2026-02-09 13:50:21] INFO inference_time: 87.9644947052002
[2026-02-09 13:51:41] INFO {'epoch': 67, 'yelp_5_ndcg@20': tensor(0.0206), 'yelp_5_recall@20': tensor(0.0526), 'ndcg@20': tensor(0.0206), 'recall@20': tensor(0.0526), 'train_loss_0': tensor(0.1603, device='cuda:0')}
[2026-02-09 13:51:41] INFO training_time: 5779.435657978058
[2026-02-09 13:51:41] INFO inference_time: 89.32197666168213
[2026-02-09 13:53:01] INFO {'epoch': 68, 'yelp_5_ndcg@20': tensor(0.0203), 'yelp_5_recall@20': tensor(0.0523), 'ndcg@20': tensor(0.0203), 'recall@20': tensor(0.0523), 'train_loss_0': tensor(0.1604, device='cuda:0')}
[2026-02-09 13:53:01] INFO training_time: 5858.6307690143585
[2026-02-09 13:53:01] INFO inference_time: 90.57874846458435
[2026-02-09 13:54:21] INFO {'epoch': 69, 'yelp_5_ndcg@20': tensor(0.0214), 'yelp_5_recall@20': tensor(0.0538), 'ndcg@20': tensor(0.0214), 'recall@20': tensor(0.0538), 'train_loss_0': tensor(0.1588, device='cuda:0')}
[2026-02-09 13:54:21] INFO training_time: 5936.824181556702
[2026-02-09 13:54:21] INFO inference_time: 91.92051577568054
[2026-02-09 13:54:21] INFO ndcg@20 improved. Best value: 0.0214
[2026-02-09 13:54:21] INFO Best model checkpoint saved in saved/MetaModel/noisy_5/2026-02-09-12-13-40-932166.ckpt.
[2026-02-09 13:55:41] INFO {'epoch': 70, 'yelp_5_ndcg@20': tensor(0.0213), 'yelp_5_recall@20': tensor(0.0534), 'ndcg@20': tensor(0.0213), 'recall@20': tensor(0.0534), 'train_loss_0': tensor(0.1593, device='cuda:0')}
[2026-02-09 13:55:41] INFO training_time: 6015.508505821228
[2026-02-09 13:55:41] INFO inference_time: 93.43270015716553
[2026-02-09 13:56:48] INFO {'epoch': 71, 'yelp_5_ndcg@20': tensor(0.0210), 'yelp_5_recall@20': tensor(0.0518), 'ndcg@20': tensor(0.0210), 'recall@20': tensor(0.0518), 'train_loss_0': tensor(0.1593, device='cuda:0')}
[2026-02-09 13:56:48] INFO training_time: 6080.85166478157
[2026-02-09 13:56:48] INFO inference_time: 94.69462561607361
[2026-02-09 13:57:54] INFO {'epoch': 72, 'yelp_5_ndcg@20': tensor(0.0208), 'yelp_5_recall@20': tensor(0.0525), 'ndcg@20': tensor(0.0208), 'recall@20': tensor(0.0525), 'train_loss_0': tensor(0.1595, device='cuda:0')}
[2026-02-09 13:57:54] INFO training_time: 6145.333430051804
[2026-02-09 13:57:54] INFO inference_time: 95.9645733833313
[2026-02-09 13:58:59] INFO {'epoch': 73, 'yelp_5_ndcg@20': tensor(0.0208), 'yelp_5_recall@20': tensor(0.0528), 'ndcg@20': tensor(0.0208), 'recall@20': tensor(0.0528), 'train_loss_0': tensor(0.1588, device='cuda:0')}
[2026-02-09 13:58:59] INFO training_time: 6209.496992588043
[2026-02-09 13:58:59] INFO inference_time: 97.10482215881348
[2026-02-09 14:00:05] INFO {'epoch': 74, 'yelp_5_ndcg@20': tensor(0.0208), 'yelp_5_recall@20': tensor(0.0530), 'ndcg@20': tensor(0.0208), 'recall@20': tensor(0.0530), 'train_loss_0': tensor(0.1583, device='cuda:0')}
[2026-02-09 14:00:05] INFO training_time: 6274.3186185359955
[2026-02-09 14:00:05] INFO inference_time: 98.52670764923096
[2026-02-09 14:01:11] INFO {'epoch': 75, 'yelp_5_ndcg@20': tensor(0.0207), 'yelp_5_recall@20': tensor(0.0529), 'ndcg@20': tensor(0.0207), 'recall@20': tensor(0.0529), 'train_loss_0': tensor(0.1590, device='cuda:0')}
[2026-02-09 14:01:11] INFO training_time: 6339.050961494446
[2026-02-09 14:01:11] INFO inference_time: 99.78632259368896
[2026-02-09 14:02:17] INFO {'epoch': 76, 'yelp_5_ndcg@20': tensor(0.0214), 'yelp_5_recall@20': tensor(0.0537), 'ndcg@20': tensor(0.0214), 'recall@20': tensor(0.0537), 'train_loss_0': tensor(0.1573, device='cuda:0')}
[2026-02-09 14:02:17] INFO training_time: 6403.985257863998
[2026-02-09 14:02:17] INFO inference_time: 100.89342927932739
[2026-02-09 14:03:23] INFO {'epoch': 77, 'yelp_5_ndcg@20': tensor(0.0210), 'yelp_5_recall@20': tensor(0.0534), 'ndcg@20': tensor(0.0210), 'recall@20': tensor(0.0534), 'train_loss_0': tensor(0.1575, device='cuda:0')}
[2026-02-09 14:03:23] INFO training_time: 6468.986297130585
[2026-02-09 14:03:23] INFO inference_time: 102.03791451454163
[2026-02-09 14:04:30] INFO {'epoch': 78, 'yelp_5_ndcg@20': tensor(0.0205), 'yelp_5_recall@20': tensor(0.0519), 'ndcg@20': tensor(0.0205), 'recall@20': tensor(0.0519), 'train_loss_0': tensor(0.1574, device='cuda:0')}
[2026-02-09 14:04:30] INFO training_time: 6534.395555734634
[2026-02-09 14:04:30] INFO inference_time: 103.2812819480896
[2026-02-09 14:05:37] INFO {'epoch': 79, 'yelp_5_ndcg@20': tensor(0.0206), 'yelp_5_recall@20': tensor(0.0530), 'ndcg@20': tensor(0.0206), 'recall@20': tensor(0.0530), 'train_loss_0': tensor(0.1569, device='cuda:0')}
[2026-02-09 14:05:37] INFO training_time: 6600.0581176280975
[2026-02-09 14:05:37] INFO inference_time: 104.66365385055542
[2026-02-09 14:06:45] INFO {'epoch': 80, 'yelp_5_ndcg@20': tensor(0.0202), 'yelp_5_recall@20': tensor(0.0521), 'ndcg@20': tensor(0.0202), 'recall@20': tensor(0.0521), 'train_loss_0': tensor(0.1563, device='cuda:0')}
[2026-02-09 14:06:45] INFO training_time: 6666.220506668091
[2026-02-09 14:06:45] INFO inference_time: 106.08786296844482
[2026-02-09 14:07:52] INFO {'epoch': 81, 'yelp_5_ndcg@20': tensor(0.0202), 'yelp_5_recall@20': tensor(0.0516), 'ndcg@20': tensor(0.0202), 'recall@20': tensor(0.0516), 'train_loss_0': tensor(0.1570, device='cuda:0')}
[2026-02-09 14:07:52] INFO training_time: 6732.3713846206665
[2026-02-09 14:07:52] INFO inference_time: 107.3714349269867
[2026-02-09 14:08:59] INFO {'epoch': 82, 'yelp_5_ndcg@20': tensor(0.0201), 'yelp_5_recall@20': tensor(0.0509), 'ndcg@20': tensor(0.0201), 'recall@20': tensor(0.0509), 'train_loss_0': tensor(0.1567, device='cuda:0')}
[2026-02-09 14:08:59] INFO training_time: 6798.462832927704
[2026-02-09 14:08:59] INFO inference_time: 108.57962775230408
[2026-02-09 14:10:05] INFO {'epoch': 83, 'yelp_5_ndcg@20': tensor(0.0208), 'yelp_5_recall@20': tensor(0.0519), 'ndcg@20': tensor(0.0208), 'recall@20': tensor(0.0519), 'train_loss_0': tensor(0.1557, device='cuda:0')}
[2026-02-09 14:10:05] INFO training_time: 6863.153858184814
[2026-02-09 14:10:05] INFO inference_time: 109.9364275932312
[2026-02-09 14:11:13] INFO {'epoch': 84, 'yelp_5_ndcg@20': tensor(0.0211), 'yelp_5_recall@20': tensor(0.0541), 'ndcg@20': tensor(0.0211), 'recall@20': tensor(0.0541), 'train_loss_0': tensor(0.1556, device='cuda:0')}
[2026-02-09 14:11:13] INFO training_time: 6929.176179885864
[2026-02-09 14:11:13] INFO inference_time: 111.12167167663574
[2026-02-09 14:12:19] INFO {'epoch': 85, 'yelp_5_ndcg@20': tensor(0.0208), 'yelp_5_recall@20': tensor(0.0526), 'ndcg@20': tensor(0.0208), 'recall@20': tensor(0.0526), 'train_loss_0': tensor(0.1552, device='cuda:0')}
[2026-02-09 14:12:19] INFO training_time: 6994.217077255249
[2026-02-09 14:12:19] INFO inference_time: 112.35277724266052
[2026-02-09 14:13:25] INFO {'epoch': 86, 'yelp_5_ndcg@20': tensor(0.0201), 'yelp_5_recall@20': tensor(0.0512), 'ndcg@20': tensor(0.0201), 'recall@20': tensor(0.0512), 'train_loss_0': tensor(0.1558, device='cuda:0')}
[2026-02-09 14:13:25] INFO training_time: 7059.2805824279785
[2026-02-09 14:13:25] INFO inference_time: 113.61285066604614
[2026-02-09 14:14:32] INFO {'epoch': 87, 'yelp_5_ndcg@20': tensor(0.0211), 'yelp_5_recall@20': tensor(0.0541), 'ndcg@20': tensor(0.0211), 'recall@20': tensor(0.0541), 'train_loss_0': tensor(0.1541, device='cuda:0')}
[2026-02-09 14:14:32] INFO training_time: 7124.541884422302
[2026-02-09 14:14:32] INFO inference_time: 114.96877980232239
[2026-02-09 14:15:38] INFO {'epoch': 88, 'yelp_5_ndcg@20': tensor(0.0206), 'yelp_5_recall@20': tensor(0.0528), 'ndcg@20': tensor(0.0206), 'recall@20': tensor(0.0528), 'train_loss_0': tensor(0.1556, device='cuda:0')}
[2026-02-09 14:15:38] INFO training_time: 7189.605411052704
[2026-02-09 14:15:38] INFO inference_time: 116.11878204345703
[2026-02-09 14:16:40] INFO {'epoch': 89, 'yelp_5_ndcg@20': tensor(0.0209), 'yelp_5_recall@20': tensor(0.0533), 'ndcg@20': tensor(0.0209), 'recall@20': tensor(0.0533), 'train_loss_0': tensor(0.1539, device='cuda:0')}
[2026-02-09 14:16:40] INFO training_time: 7250.502623558044
[2026-02-09 14:16:40] INFO inference_time: 117.27884674072266
[2026-02-09 14:16:40] INFO Early stopped. Since the metric ndcg@20 haven't been improved for 20 epochs.
[2026-02-09 14:16:40] INFO The best score of ndcg@20 is 0.0214 on epoch 69
[2026-02-09 14:16:40] INFO Best model checkpoint saved in saved/MetaModel/noisy_5/2026-02-09-12-13-40-932166.ckpt.
[2026-02-09 14:16:42] INFO defaultdict(<class 'float'>, {'yelp_5_ndcg@20': tensor(0.0161), 'yelp_5_recall@20': tensor(0.0402), 'yelp_5_ndcg@10': tensor(0.0120), 'yelp_5_recall@10': tensor(0.0240), 'ndcg@20': tensor(0.0161), 'recall@20': tensor(0.0402), 'ndcg@10': tensor(0.0120), 'recall@10': tensor(0.0240)})
