[2026-03-15 14:59:55] INFO PID of this process: 611669
[2026-03-15 15:00:01] INFO {'model': {'embed_dim': 64, 'loss_fn': 'bce', 'sub_model': 'SASRec', 'hidden_size': 128, 'layer_num': 2, 'head_num': 2, 'dropout_rate': 0.5, 'activation': 'gelu', 'tau_min': 1, 'layer_norm_eps': 1e-12, 'model': 'MetaModel'}, 'data': {'domain_name_list': ['toy_5'], 'user_threshold': 5, 'item_threshold': 5, 'max_seq_len': 50, 'dataset_class': 'general', 'train_file': '_regen', 'dataset': 'noisy_5'}, 'train': {'batch_size': 256, 'early_stop_mode': 'max', 'early_stop_patience': 20, 'epochs': 1000, 'device': 'cuda', 'optimizer': 'adam', 'learning_rate': 0.001, 'weight_decay': 0, 'num_neg': 1, 'seed': 2025, 'interval': 30, 'meta_optimizer': 'sgd', 'meta_learning_rate': 0.001, 'hpo_learning_rate': 0.001, 'meta_weight_decay': 0.001, 'descent_step': 30, 'warmup_epoch': 10}, 'eval': {'batch_size': 2048, 'cutoff': [20, 10], 'val_metrics': ['ndcg', 'recall'], 'test_metrics': ['ndcg', 'recall'], 'topk': 100, 'save_path': './saved/'}}
[2026-03-15 15:00:01] INFO <data.dataset.SeparateDataset object at 0x7f0a677de1f0>
[2026-03-15 15:00:01] INFO save_dir:saved
[2026-03-15 15:00:01] INFO {'model': {'embed_dim': 64, 'loss_fn': 'bce', 'hidden_size': 128, 'layer_num': 2, 'head_num': 2, 'dropout_rate': 0.5, 'activation': 'gelu', 'layer_norm_eps': 1e-12, 'model': 'SASRec'}, 'data': {'domain_name_list': ['toy_5'], 'user_threshold': 5, 'item_threshold': 5, 'max_seq_len': 50, 'dataset_class': 'general', 'train_file': '_regen', 'dataset': 'noisy_5'}, 'train': {'batch_size': 256, 'early_stop_mode': 'max', 'early_stop_patience': 20, 'epochs': 1000, 'device': 0, 'optimizer': 'adam', 'learning_rate': 0.001, 'weight_decay': 0, 'num_neg': 1, 'seed': 2025}, 'eval': {'batch_size': 2048, 'cutoff': [20, 10], 'val_metrics': ['ndcg', 'recall'], 'test_metrics': ['ndcg', 'recall'], 'topk': 100, 'save_path': './saved/'}}
[2026-03-15 15:00:01] INFO MetaModel(
  (item_embedding): Embedding(11925, 64, padding_idx=0)
  (sub_model): SASRec(
    (item_embedding): Embedding(11925, 64, padding_idx=0)
    (query_encoder): SASRecQueryEncoder(
      (item_encoder): Embedding(11925, 64, padding_idx=0)
      (position_emb): Embedding(50, 64)
      (transformer_layer): TransformerEncoder(
        (layers): ModuleList(
          (0): TransformerEncoderLayer(
            (self_attn): MultiheadAttention(
              (out_proj): NonDynamicallyQuantizableLinear(in_features=64, out_features=64, bias=True)
            )
            (linear1): Linear(in_features=64, out_features=128, bias=True)
            (dropout): Dropout(p=0.5, inplace=False)
            (linear2): Linear(in_features=128, out_features=64, bias=True)
            (norm1): LayerNorm((64,), eps=1e-12, elementwise_affine=True)
            (norm2): LayerNorm((64,), eps=1e-12, elementwise_affine=True)
            (dropout1): Dropout(p=0.5, inplace=False)
            (dropout2): Dropout(p=0.5, inplace=False)
          )
          (1): TransformerEncoderLayer(
            (self_attn): MultiheadAttention(
              (out_proj): NonDynamicallyQuantizableLinear(in_features=64, out_features=64, bias=True)
            )
            (linear1): Linear(in_features=64, out_features=128, bias=True)
            (dropout): Dropout(p=0.5, inplace=False)
            (linear2): Linear(in_features=128, out_features=64, bias=True)
            (norm1): LayerNorm((64,), eps=1e-12, elementwise_affine=True)
            (norm2): LayerNorm((64,), eps=1e-12, elementwise_affine=True)
            (dropout1): Dropout(p=0.5, inplace=False)
            (dropout2): Dropout(p=0.5, inplace=False)
          )
        )
      )
      (dropout): Dropout(p=0.5, inplace=False)
      (training_pooling_layer): SeqPoolingLayer()
      (eval_pooling_layer): SeqPoolingLayer()
    )
    (loss_fn): BinaryCrossEntropyLoss()
  )
  (meta_module): Sequential(
    (0): Linear(in_features=64, out_features=64, bias=True)
    (1): ReLU()
    (2): Linear(in_features=64, out_features=2, bias=True)
  )
)
[2026-03-15 15:00:33] INFO {'epoch': 0, 'toy_5_ndcg@20': tensor(0.0090), 'toy_5_recall@20': tensor(0.0206), 'ndcg@20': tensor(0.0090), 'recall@20': tensor(0.0206), 'train_loss_0': tensor(1.2377, device='cuda:0')}
[2026-03-15 15:00:33] INFO training_time: 31.56450390815735
[2026-03-15 15:00:33] INFO inference_time: 1.037498950958252
[2026-03-15 15:00:33] INFO ndcg@20 improved. Best value: 0.0090
[2026-03-15 15:00:33] INFO Best model checkpoint saved in saved/MetaModel/noisy_5/2026-03-15-14-59-55-770336.ckpt.
[2026-03-15 15:01:26] INFO {'epoch': 1, 'toy_5_ndcg@20': tensor(0.0190), 'toy_5_recall@20': tensor(0.0432), 'ndcg@20': tensor(0.0190), 'recall@20': tensor(0.0432), 'train_loss_0': tensor(1.0522, device='cuda:0')}
[2026-03-15 15:01:26] INFO training_time: 83.74222373962402
[2026-03-15 15:01:26] INFO inference_time: 1.7871146202087402
[2026-03-15 15:01:26] INFO ndcg@20 improved. Best value: 0.0190
[2026-03-15 15:01:26] INFO Best model checkpoint saved in saved/MetaModel/noisy_5/2026-03-15-14-59-55-770336.ckpt.
[2026-03-15 15:02:19] INFO {'epoch': 2, 'toy_5_ndcg@20': tensor(0.0267), 'toy_5_recall@20': tensor(0.0581), 'ndcg@20': tensor(0.0267), 'recall@20': tensor(0.0581), 'train_loss_0': tensor(0.9034, device='cuda:0')}
[2026-03-15 15:02:19] INFO training_time: 135.89715909957886
[2026-03-15 15:02:19] INFO inference_time: 2.3192946910858154
[2026-03-15 15:02:19] INFO ndcg@20 improved. Best value: 0.0267
[2026-03-15 15:02:19] INFO Best model checkpoint saved in saved/MetaModel/noisy_5/2026-03-15-14-59-55-770336.ckpt.
[2026-03-15 15:03:12] INFO {'epoch': 3, 'toy_5_ndcg@20': tensor(0.0310), 'toy_5_recall@20': tensor(0.0682), 'ndcg@20': tensor(0.0310), 'recall@20': tensor(0.0682), 'train_loss_0': tensor(0.7869, device='cuda:0')}
[2026-03-15 15:03:12] INFO training_time: 188.10719323158264
[2026-03-15 15:03:12] INFO inference_time: 3.0707364082336426
[2026-03-15 15:03:12] INFO ndcg@20 improved. Best value: 0.0310
[2026-03-15 15:03:12] INFO Best model checkpoint saved in saved/MetaModel/noisy_5/2026-03-15-14-59-55-770336.ckpt.
[2026-03-15 15:04:05] INFO {'epoch': 4, 'toy_5_ndcg@20': tensor(0.0337), 'toy_5_recall@20': tensor(0.0739), 'ndcg@20': tensor(0.0337), 'recall@20': tensor(0.0739), 'train_loss_0': tensor(0.7006, device='cuda:0')}
[2026-03-15 15:04:05] INFO training_time: 240.14990210533142
[2026-03-15 15:04:05] INFO inference_time: 3.6813173294067383
[2026-03-15 15:04:05] INFO ndcg@20 improved. Best value: 0.0337
[2026-03-15 15:04:05] INFO Best model checkpoint saved in saved/MetaModel/noisy_5/2026-03-15-14-59-55-770336.ckpt.
[2026-03-15 15:04:57] INFO {'epoch': 5, 'toy_5_ndcg@20': tensor(0.0367), 'toy_5_recall@20': tensor(0.0793), 'ndcg@20': tensor(0.0367), 'recall@20': tensor(0.0793), 'train_loss_0': tensor(0.6360, device='cuda:0')}
[2026-03-15 15:04:57] INFO training_time: 292.0083816051483
[2026-03-15 15:04:57] INFO inference_time: 4.486245155334473
[2026-03-15 15:04:57] INFO ndcg@20 improved. Best value: 0.0367
[2026-03-15 15:04:57] INFO Best model checkpoint saved in saved/MetaModel/noisy_5/2026-03-15-14-59-55-770336.ckpt.
[2026-03-15 15:05:50] INFO {'epoch': 6, 'toy_5_ndcg@20': tensor(0.0398), 'toy_5_recall@20': tensor(0.0850), 'ndcg@20': tensor(0.0398), 'recall@20': tensor(0.0850), 'train_loss_0': tensor(0.5855, device='cuda:0')}
[2026-03-15 15:05:50] INFO training_time: 344.24647283554077
[2026-03-15 15:05:50] INFO inference_time: 5.089170455932617
[2026-03-15 15:05:50] INFO ndcg@20 improved. Best value: 0.0398
[2026-03-15 15:05:50] INFO Best model checkpoint saved in saved/MetaModel/noisy_5/2026-03-15-14-59-55-770336.ckpt.
[2026-03-15 15:06:43] INFO {'epoch': 7, 'toy_5_ndcg@20': tensor(0.0394), 'toy_5_recall@20': tensor(0.0851), 'ndcg@20': tensor(0.0394), 'recall@20': tensor(0.0851), 'train_loss_0': tensor(0.5508, device='cuda:0')}
[2026-03-15 15:06:43] INFO training_time: 396.7274053096771
[2026-03-15 15:06:43] INFO inference_time: 5.746812105178833
[2026-03-15 15:07:37] INFO {'epoch': 8, 'toy_5_ndcg@20': tensor(0.0416), 'toy_5_recall@20': tensor(0.0900), 'ndcg@20': tensor(0.0416), 'recall@20': tensor(0.0900), 'train_loss_0': tensor(0.5237, device='cuda:0')}
[2026-03-15 15:07:37] INFO training_time: 449.2562930583954
[2026-03-15 15:07:37] INFO inference_time: 6.551033973693848
[2026-03-15 15:07:37] INFO ndcg@20 improved. Best value: 0.0416
[2026-03-15 15:07:37] INFO Best model checkpoint saved in saved/MetaModel/noisy_5/2026-03-15-14-59-55-770336.ckpt.
[2026-03-15 15:08:30] INFO {'epoch': 9, 'toy_5_ndcg@20': tensor(0.0424), 'toy_5_recall@20': tensor(0.0922), 'ndcg@20': tensor(0.0424), 'recall@20': tensor(0.0922), 'train_loss_0': tensor(0.5037, device='cuda:0')}
[2026-03-15 15:08:30] INFO training_time: 501.3511462211609
[2026-03-15 15:08:30] INFO inference_time: 7.170261859893799
[2026-03-15 15:08:30] INFO ndcg@20 improved. Best value: 0.0424
[2026-03-15 15:08:30] INFO Best model checkpoint saved in saved/MetaModel/noisy_5/2026-03-15-14-59-55-770336.ckpt.
[2026-03-15 15:09:23] INFO {'epoch': 10, 'toy_5_ndcg@20': tensor(0.0443), 'toy_5_recall@20': tensor(0.0952), 'ndcg@20': tensor(0.0443), 'recall@20': tensor(0.0952), 'train_loss_0': tensor(0.4832, device='cuda:0')}
[2026-03-15 15:09:23] INFO training_time: 553.76833319664
[2026-03-15 15:09:23] INFO inference_time: 8.195710182189941
[2026-03-15 15:09:23] INFO ndcg@20 improved. Best value: 0.0443
[2026-03-15 15:09:23] INFO Best model checkpoint saved in saved/MetaModel/noisy_5/2026-03-15-14-59-55-770336.ckpt.
[2026-03-15 15:10:36] INFO {'epoch': 11, 'toy_5_ndcg@20': tensor(0.0457), 'toy_5_recall@20': tensor(0.0973), 'ndcg@20': tensor(0.0457), 'recall@20': tensor(0.0973), 'train_loss_0': tensor(0.2399, device='cuda:0')}
[2026-03-15 15:10:36] INFO training_time: 626.529217004776
[2026-03-15 15:10:36] INFO inference_time: 8.712539196014404
[2026-03-15 15:10:36] INFO ndcg@20 improved. Best value: 0.0457
[2026-03-15 15:10:36] INFO Best model checkpoint saved in saved/MetaModel/noisy_5/2026-03-15-14-59-55-770336.ckpt.
[2026-03-15 15:11:48] INFO {'epoch': 12, 'toy_5_ndcg@20': tensor(0.0457), 'toy_5_recall@20': tensor(0.0980), 'ndcg@20': tensor(0.0457), 'recall@20': tensor(0.0980), 'train_loss_0': tensor(0.2310, device='cuda:0')}
[2026-03-15 15:11:48] INFO training_time: 697.3874900341034
[2026-03-15 15:11:48] INFO inference_time: 9.22761607170105
[2026-03-15 15:11:48] INFO ndcg@20 improved. Best value: 0.0457
[2026-03-15 15:11:48] INFO Best model checkpoint saved in saved/MetaModel/noisy_5/2026-03-15-14-59-55-770336.ckpt.
[2026-03-15 15:13:01] INFO {'epoch': 13, 'toy_5_ndcg@20': tensor(0.0467), 'toy_5_recall@20': tensor(0.0980), 'ndcg@20': tensor(0.0467), 'recall@20': tensor(0.0980), 'train_loss_0': tensor(0.2268, device='cuda:0')}
[2026-03-15 15:13:01] INFO training_time: 769.7653605937958
[2026-03-15 15:13:01] INFO inference_time: 9.98274540901184
[2026-03-15 15:13:01] INFO ndcg@20 improved. Best value: 0.0467
[2026-03-15 15:13:01] INFO Best model checkpoint saved in saved/MetaModel/noisy_5/2026-03-15-14-59-55-770336.ckpt.
[2026-03-15 15:14:15] INFO {'epoch': 14, 'toy_5_ndcg@20': tensor(0.0477), 'toy_5_recall@20': tensor(0.1000), 'ndcg@20': tensor(0.0477), 'recall@20': tensor(0.1000), 'train_loss_0': tensor(0.2243, device='cuda:0')}
[2026-03-15 15:14:15] INFO training_time: 843.0351910591125
[2026-03-15 15:14:15] INFO inference_time: 10.594692945480347
[2026-03-15 15:14:15] INFO ndcg@20 improved. Best value: 0.0477
[2026-03-15 15:14:15] INFO Best model checkpoint saved in saved/MetaModel/noisy_5/2026-03-15-14-59-55-770336.ckpt.
[2026-03-15 15:15:29] INFO {'epoch': 15, 'toy_5_ndcg@20': tensor(0.0475), 'toy_5_recall@20': tensor(0.1004), 'ndcg@20': tensor(0.0475), 'recall@20': tensor(0.1004), 'train_loss_0': tensor(0.2230, device='cuda:0')}
[2026-03-15 15:15:29] INFO training_time: 916.5036904811859
[2026-03-15 15:15:29] INFO inference_time: 11.131102085113525
[2026-03-15 15:16:43] INFO {'epoch': 16, 'toy_5_ndcg@20': tensor(0.0489), 'toy_5_recall@20': tensor(0.1009), 'ndcg@20': tensor(0.0489), 'recall@20': tensor(0.1009), 'train_loss_0': tensor(0.2201, device='cuda:0')}
[2026-03-15 15:16:43] INFO training_time: 989.5985043048859
[2026-03-15 15:16:43] INFO inference_time: 11.748837947845459
[2026-03-15 15:16:43] INFO ndcg@20 improved. Best value: 0.0489
[2026-03-15 15:16:43] INFO Best model checkpoint saved in saved/MetaModel/noisy_5/2026-03-15-14-59-55-770336.ckpt.
[2026-03-15 15:17:55] INFO {'epoch': 17, 'toy_5_ndcg@20': tensor(0.0484), 'toy_5_recall@20': tensor(0.1012), 'ndcg@20': tensor(0.0484), 'recall@20': tensor(0.1012), 'train_loss_0': tensor(0.2197, device='cuda:0')}
[2026-03-15 15:17:55] INFO training_time: 1061.1867008209229
[2026-03-15 15:17:55] INFO inference_time: 12.794017791748047
[2026-03-15 15:19:09] INFO {'epoch': 18, 'toy_5_ndcg@20': tensor(0.0483), 'toy_5_recall@20': tensor(0.1020), 'ndcg@20': tensor(0.0483), 'recall@20': tensor(0.1020), 'train_loss_0': tensor(0.2180, device='cuda:0')}
[2026-03-15 15:19:09] INFO training_time: 1134.6383905410767
[2026-03-15 15:19:09] INFO inference_time: 13.56044864654541
[2026-03-15 15:20:23] INFO {'epoch': 19, 'toy_5_ndcg@20': tensor(0.0485), 'toy_5_recall@20': tensor(0.1024), 'ndcg@20': tensor(0.0485), 'recall@20': tensor(0.1024), 'train_loss_0': tensor(0.2150, device='cuda:0')}
[2026-03-15 15:20:24] INFO training_time: 1208.1112222671509
[2026-03-15 15:20:24] INFO inference_time: 14.182578563690186
[2026-03-15 15:21:38] INFO {'epoch': 20, 'toy_5_ndcg@20': tensor(0.0478), 'toy_5_recall@20': tensor(0.1007), 'ndcg@20': tensor(0.0478), 'recall@20': tensor(0.1007), 'train_loss_0': tensor(0.2138, device='cuda:0')}
[2026-03-15 15:21:38] INFO training_time: 1281.4419212341309
[2026-03-15 15:21:38] INFO inference_time: 15.16436505317688
[2026-03-15 15:22:50] INFO {'epoch': 21, 'toy_5_ndcg@20': tensor(0.0488), 'toy_5_recall@20': tensor(0.1020), 'ndcg@20': tensor(0.0488), 'recall@20': tensor(0.1020), 'train_loss_0': tensor(0.2119, device='cuda:0')}
[2026-03-15 15:22:50] INFO training_time: 1353.1422448158264
[2026-03-15 15:22:50] INFO inference_time: 15.806950330734253
[2026-03-15 15:24:04] INFO {'epoch': 22, 'toy_5_ndcg@20': tensor(0.0479), 'toy_5_recall@20': tensor(0.1019), 'ndcg@20': tensor(0.0479), 'recall@20': tensor(0.1019), 'train_loss_0': tensor(0.2101, device='cuda:0')}
[2026-03-15 15:24:04] INFO training_time: 1426.289717912674
[2026-03-15 15:24:04] INFO inference_time: 16.56943440437317
[2026-03-15 15:25:18] INFO {'epoch': 23, 'toy_5_ndcg@20': tensor(0.0490), 'toy_5_recall@20': tensor(0.1013), 'ndcg@20': tensor(0.0490), 'recall@20': tensor(0.1013), 'train_loss_0': tensor(0.2091, device='cuda:0')}
[2026-03-15 15:25:18] INFO training_time: 1499.293114900589
[2026-03-15 15:25:18] INFO inference_time: 17.25409507751465
[2026-03-15 15:25:18] INFO ndcg@20 improved. Best value: 0.0490
[2026-03-15 15:25:18] INFO Best model checkpoint saved in saved/MetaModel/noisy_5/2026-03-15-14-59-55-770336.ckpt.
[2026-03-15 15:26:32] INFO {'epoch': 24, 'toy_5_ndcg@20': tensor(0.0488), 'toy_5_recall@20': tensor(0.1030), 'ndcg@20': tensor(0.0488), 'recall@20': tensor(0.1030), 'train_loss_0': tensor(0.2073, device='cuda:0')}
[2026-03-15 15:26:32] INFO training_time: 1572.5956771373749
[2026-03-15 15:26:32] INFO inference_time: 17.96845579147339
[2026-03-15 15:27:44] INFO {'epoch': 25, 'toy_5_ndcg@20': tensor(0.0488), 'toy_5_recall@20': tensor(0.1051), 'ndcg@20': tensor(0.0488), 'recall@20': tensor(0.1051), 'train_loss_0': tensor(0.2059, device='cuda:0')}
[2026-03-15 15:27:44] INFO training_time: 1643.888603925705
[2026-03-15 15:27:44] INFO inference_time: 18.493160724639893
[2026-03-15 15:28:58] INFO {'epoch': 26, 'toy_5_ndcg@20': tensor(0.0489), 'toy_5_recall@20': tensor(0.1044), 'ndcg@20': tensor(0.0489), 'recall@20': tensor(0.1044), 'train_loss_0': tensor(0.2065, device='cuda:0')}
[2026-03-15 15:28:58] INFO training_time: 1717.3015089035034
[2026-03-15 15:28:58] INFO inference_time: 19.162607192993164
[2026-03-15 15:30:11] INFO {'epoch': 27, 'toy_5_ndcg@20': tensor(0.0485), 'toy_5_recall@20': tensor(0.1023), 'ndcg@20': tensor(0.0485), 'recall@20': tensor(0.1023), 'train_loss_0': tensor(0.2041, device='cuda:0')}
[2026-03-15 15:30:11] INFO training_time: 1790.1041097640991
[2026-03-15 15:30:11] INFO inference_time: 19.865196704864502
[2026-03-15 15:31:25] INFO {'epoch': 28, 'toy_5_ndcg@20': tensor(0.0492), 'toy_5_recall@20': tensor(0.1049), 'ndcg@20': tensor(0.0492), 'recall@20': tensor(0.1049), 'train_loss_0': tensor(0.2031, device='cuda:0')}
[2026-03-15 15:31:25] INFO training_time: 1862.9745781421661
[2026-03-15 15:31:25] INFO inference_time: 20.493982076644897
[2026-03-15 15:31:25] INFO ndcg@20 improved. Best value: 0.0492
[2026-03-15 15:31:25] INFO Best model checkpoint saved in saved/MetaModel/noisy_5/2026-03-15-14-59-55-770336.ckpt.
[2026-03-15 15:32:39] INFO {'epoch': 29, 'toy_5_ndcg@20': tensor(0.0495), 'toy_5_recall@20': tensor(0.1038), 'ndcg@20': tensor(0.0495), 'recall@20': tensor(0.1038), 'train_loss_0': tensor(0.2019, device='cuda:0')}
[2026-03-15 15:32:39] INFO training_time: 1936.5467419624329
[2026-03-15 15:32:39] INFO inference_time: 21.054121255874634
[2026-03-15 15:32:39] INFO ndcg@20 improved. Best value: 0.0495
[2026-03-15 15:32:39] INFO Best model checkpoint saved in saved/MetaModel/noisy_5/2026-03-15-14-59-55-770336.ckpt.
[2026-03-15 15:33:52] INFO {'epoch': 30, 'toy_5_ndcg@20': tensor(0.0501), 'toy_5_recall@20': tensor(0.1062), 'ndcg@20': tensor(0.0501), 'recall@20': tensor(0.1062), 'train_loss_0': tensor(0.1975, device='cuda:0')}
[2026-03-15 15:33:52] INFO training_time: 2008.2428934574127
[2026-03-15 15:33:52] INFO inference_time: 22.159923553466797
[2026-03-15 15:33:52] INFO ndcg@20 improved. Best value: 0.0501
[2026-03-15 15:33:52] INFO Best model checkpoint saved in saved/MetaModel/noisy_5/2026-03-15-14-59-55-770336.ckpt.
[2026-03-15 15:35:06] INFO {'epoch': 31, 'toy_5_ndcg@20': tensor(0.0508), 'toy_5_recall@20': tensor(0.1076), 'ndcg@20': tensor(0.0508), 'recall@20': tensor(0.1076), 'train_loss_0': tensor(0.1999, device='cuda:0')}
[2026-03-15 15:35:06] INFO training_time: 2081.3428921699524
[2026-03-15 15:35:06] INFO inference_time: 22.79149341583252
[2026-03-15 15:35:06] INFO ndcg@20 improved. Best value: 0.0508
[2026-03-15 15:35:06] INFO Best model checkpoint saved in saved/MetaModel/noisy_5/2026-03-15-14-59-55-770336.ckpt.
[2026-03-15 15:36:20] INFO {'epoch': 32, 'toy_5_ndcg@20': tensor(0.0501), 'toy_5_recall@20': tensor(0.1072), 'ndcg@20': tensor(0.0501), 'recall@20': tensor(0.1072), 'train_loss_0': tensor(0.1984, device='cuda:0')}
[2026-03-15 15:36:20] INFO training_time: 2155.2641928195953
[2026-03-15 15:36:20] INFO inference_time: 23.370969772338867
[2026-03-15 15:37:34] INFO {'epoch': 33, 'toy_5_ndcg@20': tensor(0.0506), 'toy_5_recall@20': tensor(0.1066), 'ndcg@20': tensor(0.0506), 'recall@20': tensor(0.1066), 'train_loss_0': tensor(0.1956, device='cuda:0')}
[2026-03-15 15:37:34] INFO training_time: 2228.841157913208
[2026-03-15 15:37:34] INFO inference_time: 23.89120316505432
[2026-03-15 15:38:47] INFO {'epoch': 34, 'toy_5_ndcg@20': tensor(0.0509), 'toy_5_recall@20': tensor(0.1062), 'ndcg@20': tensor(0.0509), 'recall@20': tensor(0.1062), 'train_loss_0': tensor(0.1960, device='cuda:0')}
[2026-03-15 15:38:47] INFO training_time: 2300.8613834381104
[2026-03-15 15:38:47] INFO inference_time: 24.537838459014893
[2026-03-15 15:38:47] INFO ndcg@20 improved. Best value: 0.0509
[2026-03-15 15:38:47] INFO Best model checkpoint saved in saved/MetaModel/noisy_5/2026-03-15-14-59-55-770336.ckpt.
[2026-03-15 15:40:01] INFO {'epoch': 35, 'toy_5_ndcg@20': tensor(0.0503), 'toy_5_recall@20': tensor(0.1062), 'ndcg@20': tensor(0.0503), 'recall@20': tensor(0.1062), 'train_loss_0': tensor(0.1959, device='cuda:0')}
[2026-03-15 15:40:01] INFO training_time: 2374.061974287033
[2026-03-15 15:40:01] INFO inference_time: 25.307417154312134
[2026-03-15 15:41:15] INFO {'epoch': 36, 'toy_5_ndcg@20': tensor(0.0496), 'toy_5_recall@20': tensor(0.1074), 'ndcg@20': tensor(0.0496), 'recall@20': tensor(0.1074), 'train_loss_0': tensor(0.1934, device='cuda:0')}
[2026-03-15 15:41:15] INFO training_time: 2447.3344266414642
[2026-03-15 15:41:15] INFO inference_time: 25.826271295547485
[2026-03-15 15:42:28] INFO {'epoch': 37, 'toy_5_ndcg@20': tensor(0.0486), 'toy_5_recall@20': tensor(0.1063), 'ndcg@20': tensor(0.0486), 'recall@20': tensor(0.1063), 'train_loss_0': tensor(0.1909, device='cuda:0')}
[2026-03-15 15:42:28] INFO training_time: 2520.3760392665863
[2026-03-15 15:42:28] INFO inference_time: 26.316605806350708
[2026-03-15 15:43:40] INFO {'epoch': 38, 'toy_5_ndcg@20': tensor(0.0505), 'toy_5_recall@20': tensor(0.1068), 'ndcg@20': tensor(0.0505), 'recall@20': tensor(0.1068), 'train_loss_0': tensor(0.1913, device='cuda:0')}
[2026-03-15 15:43:40] INFO training_time: 2591.8909413814545
[2026-03-15 15:43:40] INFO inference_time: 27.05719304084778
[2026-03-15 15:44:54] INFO {'epoch': 39, 'toy_5_ndcg@20': tensor(0.0499), 'toy_5_recall@20': tensor(0.1075), 'ndcg@20': tensor(0.0499), 'recall@20': tensor(0.1075), 'train_loss_0': tensor(0.1907, device='cuda:0')}
[2026-03-15 15:44:54] INFO training_time: 2665.148283958435
[2026-03-15 15:44:54] INFO inference_time: 27.742605686187744
[2026-03-15 15:46:09] INFO {'epoch': 40, 'toy_5_ndcg@20': tensor(0.0507), 'toy_5_recall@20': tensor(0.1100), 'ndcg@20': tensor(0.0507), 'recall@20': tensor(0.1100), 'train_loss_0': tensor(0.1908, device='cuda:0')}
[2026-03-15 15:46:09] INFO training_time: 2738.4128408432007
[2026-03-15 15:46:09] INFO inference_time: 28.68645739555359
[2026-03-15 15:47:23] INFO {'epoch': 41, 'toy_5_ndcg@20': tensor(0.0506), 'toy_5_recall@20': tensor(0.1079), 'ndcg@20': tensor(0.0506), 'recall@20': tensor(0.1079), 'train_loss_0': tensor(0.1907, device='cuda:0')}
[2026-03-15 15:47:23] INFO training_time: 2812.2728362083435
[2026-03-15 15:47:23] INFO inference_time: 29.230128526687622
[2026-03-15 15:48:35] INFO {'epoch': 42, 'toy_5_ndcg@20': tensor(0.0508), 'toy_5_recall@20': tensor(0.1072), 'ndcg@20': tensor(0.0508), 'recall@20': tensor(0.1072), 'train_loss_0': tensor(0.1885, device='cuda:0')}
[2026-03-15 15:48:35] INFO training_time: 2883.7544322013855
[2026-03-15 15:48:35] INFO inference_time: 29.83684277534485
[2026-03-15 15:49:49] INFO {'epoch': 43, 'toy_5_ndcg@20': tensor(0.0520), 'toy_5_recall@20': tensor(0.1099), 'ndcg@20': tensor(0.0520), 'recall@20': tensor(0.1099), 'train_loss_0': tensor(0.1876, device='cuda:0')}
[2026-03-15 15:49:49] INFO training_time: 2957.2723302841187
[2026-03-15 15:49:49] INFO inference_time: 30.380051612854004
[2026-03-15 15:49:49] INFO ndcg@20 improved. Best value: 0.0520
[2026-03-15 15:49:49] INFO Best model checkpoint saved in saved/MetaModel/noisy_5/2026-03-15-14-59-55-770336.ckpt.
[2026-03-15 15:51:03] INFO {'epoch': 44, 'toy_5_ndcg@20': tensor(0.0509), 'toy_5_recall@20': tensor(0.1074), 'ndcg@20': tensor(0.0509), 'recall@20': tensor(0.1074), 'train_loss_0': tensor(0.1856, device='cuda:0')}
[2026-03-15 15:51:03] INFO training_time: 3030.5852587223053
[2026-03-15 15:51:03] INFO inference_time: 31.015896558761597
[2026-03-15 15:52:17] INFO {'epoch': 45, 'toy_5_ndcg@20': tensor(0.0519), 'toy_5_recall@20': tensor(0.1103), 'ndcg@20': tensor(0.0519), 'recall@20': tensor(0.1103), 'train_loss_0': tensor(0.1862, device='cuda:0')}
[2026-03-15 15:52:17] INFO training_time: 3103.3188927173615
[2026-03-15 15:52:17] INFO inference_time: 31.637365579605103
[2026-03-15 15:53:31] INFO {'epoch': 46, 'toy_5_ndcg@20': tensor(0.0526), 'toy_5_recall@20': tensor(0.1115), 'ndcg@20': tensor(0.0526), 'recall@20': tensor(0.1115), 'train_loss_0': tensor(0.1879, device='cuda:0')}
[2026-03-15 15:53:31] INFO training_time: 3176.752187013626
[2026-03-15 15:53:31] INFO inference_time: 32.28917121887207
[2026-03-15 15:53:31] INFO ndcg@20 improved. Best value: 0.0526
[2026-03-15 15:53:31] INFO Best model checkpoint saved in saved/MetaModel/noisy_5/2026-03-15-14-59-55-770336.ckpt.
[2026-03-15 15:54:43] INFO {'epoch': 47, 'toy_5_ndcg@20': tensor(0.0525), 'toy_5_recall@20': tensor(0.1112), 'ndcg@20': tensor(0.0525), 'recall@20': tensor(0.1112), 'train_loss_0': tensor(0.1860, device='cuda:0')}
[2026-03-15 15:54:43] INFO training_time: 3248.3151276111603
[2026-03-15 15:54:43] INFO inference_time: 32.966291666030884
[2026-03-15 15:55:57] INFO {'epoch': 48, 'toy_5_ndcg@20': tensor(0.0514), 'toy_5_recall@20': tensor(0.1123), 'ndcg@20': tensor(0.0514), 'recall@20': tensor(0.1123), 'train_loss_0': tensor(0.1839, device='cuda:0')}
[2026-03-15 15:55:57] INFO training_time: 3321.8260202407837
[2026-03-15 15:55:57] INFO inference_time: 33.56241178512573
[2026-03-15 15:57:11] INFO {'epoch': 49, 'toy_5_ndcg@20': tensor(0.0512), 'toy_5_recall@20': tensor(0.1102), 'ndcg@20': tensor(0.0512), 'recall@20': tensor(0.1102), 'train_loss_0': tensor(0.1844, device='cuda:0')}
[2026-03-15 15:57:11] INFO training_time: 3394.8658549785614
[2026-03-15 15:57:11] INFO inference_time: 34.093159914016724
[2026-03-15 15:58:15] INFO {'epoch': 50, 'toy_5_ndcg@20': tensor(0.0519), 'toy_5_recall@20': tensor(0.1095), 'ndcg@20': tensor(0.0519), 'recall@20': tensor(0.1095), 'train_loss_0': tensor(0.1823, device='cuda:0')}
[2026-03-15 15:58:15] INFO training_time: 3458.266535282135
[2026-03-15 15:58:15] INFO inference_time: 34.89174747467041
[2026-03-15 15:59:17] INFO {'epoch': 51, 'toy_5_ndcg@20': tensor(0.0529), 'toy_5_recall@20': tensor(0.1125), 'ndcg@20': tensor(0.0529), 'recall@20': tensor(0.1125), 'train_loss_0': tensor(0.1820, device='cuda:0')}
[2026-03-15 15:59:17] INFO training_time: 3519.997372865677
[2026-03-15 15:59:17] INFO inference_time: 35.55490183830261
[2026-03-15 15:59:17] INFO ndcg@20 improved. Best value: 0.0529
[2026-03-15 15:59:17] INFO Best model checkpoint saved in saved/MetaModel/noisy_5/2026-03-15-14-59-55-770336.ckpt.
[2026-03-15 16:00:21] INFO {'epoch': 52, 'toy_5_ndcg@20': tensor(0.0521), 'toy_5_recall@20': tensor(0.1113), 'ndcg@20': tensor(0.0521), 'recall@20': tensor(0.1113), 'train_loss_0': tensor(0.1824, device='cuda:0')}
[2026-03-15 16:00:21] INFO training_time: 3583.376182794571
[2026-03-15 16:00:21] INFO inference_time: 36.12924003601074
[2026-03-15 16:01:25] INFO {'epoch': 53, 'toy_5_ndcg@20': tensor(0.0521), 'toy_5_recall@20': tensor(0.1110), 'ndcg@20': tensor(0.0521), 'recall@20': tensor(0.1110), 'train_loss_0': tensor(0.1816, device='cuda:0')}
[2026-03-15 16:01:25] INFO training_time: 3646.748925924301
[2026-03-15 16:01:25] INFO inference_time: 36.67814373970032
[2026-03-15 16:02:29] INFO {'epoch': 54, 'toy_5_ndcg@20': tensor(0.0519), 'toy_5_recall@20': tensor(0.1110), 'ndcg@20': tensor(0.0519), 'recall@20': tensor(0.1110), 'train_loss_0': tensor(0.1809, device='cuda:0')}
[2026-03-15 16:02:29] INFO training_time: 3709.8320014476776
[2026-03-15 16:02:29] INFO inference_time: 37.27080845832825
[2026-03-15 16:03:32] INFO {'epoch': 55, 'toy_5_ndcg@20': tensor(0.0522), 'toy_5_recall@20': tensor(0.1100), 'ndcg@20': tensor(0.0522), 'recall@20': tensor(0.1100), 'train_loss_0': tensor(0.1799, device='cuda:0')}
[2026-03-15 16:03:32] INFO training_time: 3772.3460505008698
[2026-03-15 16:03:32] INFO inference_time: 37.981252670288086
[2026-03-15 16:04:36] INFO {'epoch': 56, 'toy_5_ndcg@20': tensor(0.0529), 'toy_5_recall@20': tensor(0.1122), 'ndcg@20': tensor(0.0529), 'recall@20': tensor(0.1122), 'train_loss_0': tensor(0.1811, device='cuda:0')}
[2026-03-15 16:04:36] INFO training_time: 3835.8689658641815
[2026-03-15 16:04:36] INFO inference_time: 38.63121700286865
[2026-03-15 16:05:40] INFO {'epoch': 57, 'toy_5_ndcg@20': tensor(0.0531), 'toy_5_recall@20': tensor(0.1122), 'ndcg@20': tensor(0.0531), 'recall@20': tensor(0.1122), 'train_loss_0': tensor(0.1792, device='cuda:0')}
[2026-03-15 16:05:40] INFO training_time: 3898.9799234867096
[2026-03-15 16:05:40] INFO inference_time: 39.23480248451233
[2026-03-15 16:05:40] INFO ndcg@20 improved. Best value: 0.0531
[2026-03-15 16:05:40] INFO Best model checkpoint saved in saved/MetaModel/noisy_5/2026-03-15-14-59-55-770336.ckpt.
[2026-03-15 16:06:44] INFO {'epoch': 58, 'toy_5_ndcg@20': tensor(0.0524), 'toy_5_recall@20': tensor(0.1117), 'ndcg@20': tensor(0.0524), 'recall@20': tensor(0.1117), 'train_loss_0': tensor(0.1788, device='cuda:0')}
[2026-03-15 16:06:44] INFO training_time: 3962.3306353092194
[2026-03-15 16:06:44] INFO inference_time: 39.84679889678955
[2026-03-15 16:07:48] INFO {'epoch': 59, 'toy_5_ndcg@20': tensor(0.0532), 'toy_5_recall@20': tensor(0.1107), 'ndcg@20': tensor(0.0532), 'recall@20': tensor(0.1107), 'train_loss_0': tensor(0.1778, device='cuda:0')}
[2026-03-15 16:07:48] INFO training_time: 4025.4047014713287
[2026-03-15 16:07:48] INFO inference_time: 40.416338205337524
[2026-03-15 16:07:48] INFO ndcg@20 improved. Best value: 0.0532
[2026-03-15 16:07:48] INFO Best model checkpoint saved in saved/MetaModel/noisy_5/2026-03-15-14-59-55-770336.ckpt.
[2026-03-15 16:08:51] INFO {'epoch': 60, 'toy_5_ndcg@20': tensor(0.0536), 'toy_5_recall@20': tensor(0.1127), 'ndcg@20': tensor(0.0536), 'recall@20': tensor(0.1127), 'train_loss_0': tensor(0.1768, device='cuda:0')}
[2026-03-15 16:08:51] INFO training_time: 4088.270426750183
[2026-03-15 16:08:51] INFO inference_time: 41.28917741775513
[2026-03-15 16:08:51] INFO ndcg@20 improved. Best value: 0.0536
[2026-03-15 16:08:51] INFO Best model checkpoint saved in saved/MetaModel/noisy_5/2026-03-15-14-59-55-770336.ckpt.
[2026-03-15 16:09:55] INFO {'epoch': 61, 'toy_5_ndcg@20': tensor(0.0541), 'toy_5_recall@20': tensor(0.1137), 'ndcg@20': tensor(0.0541), 'recall@20': tensor(0.1137), 'train_loss_0': tensor(0.1764, device='cuda:0')}
[2026-03-15 16:09:55] INFO training_time: 4151.736024856567
[2026-03-15 16:09:55] INFO inference_time: 41.962456464767456
[2026-03-15 16:09:55] INFO ndcg@20 improved. Best value: 0.0541
[2026-03-15 16:09:55] INFO Best model checkpoint saved in saved/MetaModel/noisy_5/2026-03-15-14-59-55-770336.ckpt.
[2026-03-15 16:10:59] INFO {'epoch': 62, 'toy_5_ndcg@20': tensor(0.0527), 'toy_5_recall@20': tensor(0.1126), 'ndcg@20': tensor(0.0527), 'recall@20': tensor(0.1126), 'train_loss_0': tensor(0.1769, device='cuda:0')}
[2026-03-15 16:10:59] INFO training_time: 4215.034096956253
[2026-03-15 16:10:59] INFO inference_time: 42.544865131378174
[2026-03-15 16:12:03] INFO {'epoch': 63, 'toy_5_ndcg@20': tensor(0.0526), 'toy_5_recall@20': tensor(0.1108), 'ndcg@20': tensor(0.0526), 'recall@20': tensor(0.1108), 'train_loss_0': tensor(0.1771, device='cuda:0')}
[2026-03-15 16:12:03] INFO training_time: 4277.947350502014
[2026-03-15 16:12:03] INFO inference_time: 43.07922625541687
[2026-03-15 16:13:06] INFO {'epoch': 64, 'toy_5_ndcg@20': tensor(0.0517), 'toy_5_recall@20': tensor(0.1115), 'ndcg@20': tensor(0.0517), 'recall@20': tensor(0.1115), 'train_loss_0': tensor(0.1747, device='cuda:0')}
[2026-03-15 16:13:06] INFO training_time: 4340.075151920319
[2026-03-15 16:13:06] INFO inference_time: 43.65132117271423
[2026-03-15 16:14:09] INFO {'epoch': 65, 'toy_5_ndcg@20': tensor(0.0523), 'toy_5_recall@20': tensor(0.1106), 'ndcg@20': tensor(0.0523), 'recall@20': tensor(0.1106), 'train_loss_0': tensor(0.1769, device='cuda:0')}
[2026-03-15 16:14:09] INFO training_time: 4403.218036174774
[2026-03-15 16:14:09] INFO inference_time: 44.33397150039673
[2026-03-15 16:15:14] INFO {'epoch': 66, 'toy_5_ndcg@20': tensor(0.0528), 'toy_5_recall@20': tensor(0.1116), 'ndcg@20': tensor(0.0528), 'recall@20': tensor(0.1116), 'train_loss_0': tensor(0.1745, device='cuda:0')}
[2026-03-15 16:15:14] INFO training_time: 4467.140953779221
[2026-03-15 16:15:14] INFO inference_time: 44.937320947647095
[2026-03-15 16:16:18] INFO {'epoch': 67, 'toy_5_ndcg@20': tensor(0.0530), 'toy_5_recall@20': tensor(0.1124), 'ndcg@20': tensor(0.0530), 'recall@20': tensor(0.1124), 'train_loss_0': tensor(0.1738, device='cuda:0')}
[2026-03-15 16:16:18] INFO training_time: 4530.486271619797
[2026-03-15 16:16:18] INFO inference_time: 45.55970096588135
[2026-03-15 16:17:21] INFO {'epoch': 68, 'toy_5_ndcg@20': tensor(0.0539), 'toy_5_recall@20': tensor(0.1126), 'ndcg@20': tensor(0.0539), 'recall@20': tensor(0.1126), 'train_loss_0': tensor(0.1722, device='cuda:0')}
[2026-03-15 16:17:21] INFO training_time: 4592.6684584617615
[2026-03-15 16:17:21] INFO inference_time: 46.0572726726532
[2026-03-15 16:18:24] INFO {'epoch': 69, 'toy_5_ndcg@20': tensor(0.0541), 'toy_5_recall@20': tensor(0.1120), 'ndcg@20': tensor(0.0541), 'recall@20': tensor(0.1120), 'train_loss_0': tensor(0.1732, device='cuda:0')}
[2026-03-15 16:18:24] INFO training_time: 4655.635104417801
[2026-03-15 16:18:24] INFO inference_time: 46.734891176223755
[2026-03-15 16:18:24] INFO ndcg@20 improved. Best value: 0.0541
[2026-03-15 16:18:24] INFO Best model checkpoint saved in saved/MetaModel/noisy_5/2026-03-15-14-59-55-770336.ckpt.
[2026-03-15 16:19:28] INFO {'epoch': 70, 'toy_5_ndcg@20': tensor(0.0534), 'toy_5_recall@20': tensor(0.1114), 'ndcg@20': tensor(0.0534), 'recall@20': tensor(0.1114), 'train_loss_0': tensor(0.1744, device='cuda:0')}
[2026-03-15 16:19:28] INFO training_time: 4718.730571508408
[2026-03-15 16:19:28] INFO inference_time: 47.71310567855835
[2026-03-15 16:20:32] INFO {'epoch': 71, 'toy_5_ndcg@20': tensor(0.0534), 'toy_5_recall@20': tensor(0.1133), 'ndcg@20': tensor(0.0534), 'recall@20': tensor(0.1133), 'train_loss_0': tensor(0.1739, device='cuda:0')}
[2026-03-15 16:20:32] INFO training_time: 4782.120460510254
[2026-03-15 16:20:32] INFO inference_time: 48.21018028259277
[2026-03-15 16:21:35] INFO {'epoch': 72, 'toy_5_ndcg@20': tensor(0.0530), 'toy_5_recall@20': tensor(0.1119), 'ndcg@20': tensor(0.0530), 'recall@20': tensor(0.1119), 'train_loss_0': tensor(0.1732, device='cuda:0')}
[2026-03-15 16:21:35] INFO training_time: 4844.115979194641
[2026-03-15 16:21:35] INFO inference_time: 48.76985239982605
[2026-03-15 16:22:39] INFO {'epoch': 73, 'toy_5_ndcg@20': tensor(0.0526), 'toy_5_recall@20': tensor(0.1124), 'ndcg@20': tensor(0.0526), 'recall@20': tensor(0.1124), 'train_loss_0': tensor(0.1711, device='cuda:0')}
[2026-03-15 16:22:39] INFO training_time: 4907.630035400391
[2026-03-15 16:22:39] INFO inference_time: 49.34770131111145
[2026-03-15 16:23:43] INFO {'epoch': 74, 'toy_5_ndcg@20': tensor(0.0520), 'toy_5_recall@20': tensor(0.1110), 'ndcg@20': tensor(0.0520), 'recall@20': tensor(0.1110), 'train_loss_0': tensor(0.1722, device='cuda:0')}
[2026-03-15 16:23:43] INFO training_time: 4970.868406057358
[2026-03-15 16:23:43] INFO inference_time: 49.85536742210388
[2026-03-15 16:24:47] INFO {'epoch': 75, 'toy_5_ndcg@20': tensor(0.0521), 'toy_5_recall@20': tensor(0.1111), 'ndcg@20': tensor(0.0521), 'recall@20': tensor(0.1111), 'train_loss_0': tensor(0.1716, device='cuda:0')}
[2026-03-15 16:24:47] INFO training_time: 5034.422955751419
[2026-03-15 16:24:47] INFO inference_time: 50.56294250488281
[2026-03-15 16:25:51] INFO {'epoch': 76, 'toy_5_ndcg@20': tensor(0.0529), 'toy_5_recall@20': tensor(0.1120), 'ndcg@20': tensor(0.0529), 'recall@20': tensor(0.1120), 'train_loss_0': tensor(0.1708, device='cuda:0')}
[2026-03-15 16:25:51] INFO training_time: 5097.744233131409
[2026-03-15 16:25:51] INFO inference_time: 51.271321535110474
[2026-03-15 16:26:54] INFO {'epoch': 77, 'toy_5_ndcg@20': tensor(0.0520), 'toy_5_recall@20': tensor(0.1110), 'ndcg@20': tensor(0.0520), 'recall@20': tensor(0.1110), 'train_loss_0': tensor(0.1702, device='cuda:0')}
[2026-03-15 16:26:54] INFO training_time: 5159.7643048763275
[2026-03-15 16:26:54] INFO inference_time: 51.94444537162781
[2026-03-15 16:27:58] INFO {'epoch': 78, 'toy_5_ndcg@20': tensor(0.0530), 'toy_5_recall@20': tensor(0.1114), 'ndcg@20': tensor(0.0530), 'recall@20': tensor(0.1114), 'train_loss_0': tensor(0.1705, device='cuda:0')}
[2026-03-15 16:27:58] INFO training_time: 5223.346605062485
[2026-03-15 16:27:58] INFO inference_time: 52.57161068916321
[2026-03-15 16:29:02] INFO {'epoch': 79, 'toy_5_ndcg@20': tensor(0.0535), 'toy_5_recall@20': tensor(0.1121), 'ndcg@20': tensor(0.0535), 'recall@20': tensor(0.1121), 'train_loss_0': tensor(0.1711, device='cuda:0')}
[2026-03-15 16:29:02] INFO training_time: 5287.199282169342
[2026-03-15 16:29:02] INFO inference_time: 53.21997952461243
[2026-03-15 16:30:07] INFO {'epoch': 80, 'toy_5_ndcg@20': tensor(0.0528), 'toy_5_recall@20': tensor(0.1126), 'ndcg@20': tensor(0.0528), 'recall@20': tensor(0.1126), 'train_loss_0': tensor(0.1699, device='cuda:0')}
[2026-03-15 16:30:07] INFO training_time: 5350.605278491974
[2026-03-15 16:30:07] INFO inference_time: 53.985135078430176
[2026-03-15 16:31:09] INFO {'epoch': 81, 'toy_5_ndcg@20': tensor(0.0536), 'toy_5_recall@20': tensor(0.1130), 'ndcg@20': tensor(0.0536), 'recall@20': tensor(0.1130), 'train_loss_0': tensor(0.1700, device='cuda:0')}
[2026-03-15 16:31:09] INFO training_time: 5412.6284964084625
[2026-03-15 16:31:09] INFO inference_time: 54.68723821640015
[2026-03-15 16:32:13] INFO {'epoch': 82, 'toy_5_ndcg@20': tensor(0.0519), 'toy_5_recall@20': tensor(0.1110), 'ndcg@20': tensor(0.0519), 'recall@20': tensor(0.1110), 'train_loss_0': tensor(0.1684, device='cuda:0')}
[2026-03-15 16:32:13] INFO training_time: 5475.8076593875885
[2026-03-15 16:32:13] INFO inference_time: 55.4846670627594
[2026-03-15 16:33:17] INFO {'epoch': 83, 'toy_5_ndcg@20': tensor(0.0533), 'toy_5_recall@20': tensor(0.1128), 'ndcg@20': tensor(0.0533), 'recall@20': tensor(0.1128), 'train_loss_0': tensor(0.1695, device='cuda:0')}
[2026-03-15 16:33:17] INFO training_time: 5539.2500557899475
[2026-03-15 16:33:17] INFO inference_time: 56.0770525932312
[2026-03-15 16:34:21] INFO {'epoch': 84, 'toy_5_ndcg@20': tensor(0.0540), 'toy_5_recall@20': tensor(0.1129), 'ndcg@20': tensor(0.0540), 'recall@20': tensor(0.1129), 'train_loss_0': tensor(0.1686, device='cuda:0')}
[2026-03-15 16:34:21] INFO training_time: 5602.5218670368195
[2026-03-15 16:34:21] INFO inference_time: 56.75371599197388
[2026-03-15 16:35:24] INFO {'epoch': 85, 'toy_5_ndcg@20': tensor(0.0532), 'toy_5_recall@20': tensor(0.1138), 'ndcg@20': tensor(0.0532), 'recall@20': tensor(0.1138), 'train_loss_0': tensor(0.1696, device='cuda:0')}
[2026-03-15 16:35:24] INFO training_time: 5664.325055360794
[2026-03-15 16:35:24] INFO inference_time: 57.42077565193176
[2026-03-15 16:36:27] INFO {'epoch': 86, 'toy_5_ndcg@20': tensor(0.0537), 'toy_5_recall@20': tensor(0.1138), 'ndcg@20': tensor(0.0537), 'recall@20': tensor(0.1138), 'train_loss_0': tensor(0.1684, device='cuda:0')}
[2026-03-15 16:36:27] INFO training_time: 5727.367478847504
[2026-03-15 16:36:27] INFO inference_time: 58.095274448394775
[2026-03-15 16:37:32] INFO {'epoch': 87, 'toy_5_ndcg@20': tensor(0.0529), 'toy_5_recall@20': tensor(0.1133), 'ndcg@20': tensor(0.0529), 'recall@20': tensor(0.1133), 'train_loss_0': tensor(0.1682, device='cuda:0')}
[2026-03-15 16:37:32] INFO training_time: 5791.0900292396545
[2026-03-15 16:37:32] INFO inference_time: 58.711520195007324
[2026-03-15 16:38:36] INFO {'epoch': 88, 'toy_5_ndcg@20': tensor(0.0534), 'toy_5_recall@20': tensor(0.1136), 'ndcg@20': tensor(0.0534), 'recall@20': tensor(0.1136), 'train_loss_0': tensor(0.1681, device='cuda:0')}
[2026-03-15 16:38:36] INFO training_time: 5854.253087043762
[2026-03-15 16:38:36] INFO inference_time: 59.50059270858765
[2026-03-15 16:39:40] INFO {'epoch': 89, 'toy_5_ndcg@20': tensor(0.0540), 'toy_5_recall@20': tensor(0.1143), 'ndcg@20': tensor(0.0540), 'recall@20': tensor(0.1143), 'train_loss_0': tensor(0.1692, device='cuda:0')}
[2026-03-15 16:39:40] INFO training_time: 5918.048099517822
[2026-03-15 16:39:40] INFO inference_time: 60.00972080230713
[2026-03-15 16:39:40] INFO Early stopped. Since the metric ndcg@20 haven't been improved for 20 epochs.
[2026-03-15 16:39:40] INFO The best score of ndcg@20 is 0.0541 on epoch 69
[2026-03-15 16:39:40] INFO Best model checkpoint saved in saved/MetaModel/noisy_5/2026-03-15-14-59-55-770336.ckpt.
[2026-03-15 16:39:41] INFO defaultdict(<class 'float'>, {'toy_5_ndcg@20': tensor(0.0449), 'toy_5_recall@20': tensor(0.0944), 'toy_5_ndcg@10': tensor(0.0387), 'toy_5_recall@10': tensor(0.0696), 'ndcg@20': tensor(0.0449), 'recall@20': tensor(0.0944), 'ndcg@10': tensor(0.0387), 'recall@10': tensor(0.0696)})
