[2026-03-16 09:08:27] INFO PID of this process: 2467818
[2026-03-16 09:08:32] INFO {'model': {'embed_dim': 64, 'loss_fn': 'bce', 'hidden_size': 128, 'layer_num': 2, 'head_num': 2, 'dropout_rate': 0.5, 'activation': 'gelu', 'layer_norm_eps': 1e-12, 'model': 'SASRec'}, 'data': {'domain_name_list': ['beauty_5'], 'user_threshold': 5, 'item_threshold': 5, 'max_seq_len': 50, 'dataset_class': 'general', 'train_file': '_ori', 'dataset': 'noisy_5'}, 'train': {'batch_size': 256, 'early_stop_mode': 'max', 'early_stop_patience': 20, 'epochs': 1000, 'device': 'cuda', 'optimizer': 'adam', 'learning_rate': 0.001, 'weight_decay': 0, 'num_neg': 1, 'seed': 2024}, 'eval': {'batch_size': 2048, 'cutoff': [20, 10], 'val_metrics': ['ndcg', 'recall'], 'test_metrics': ['ndcg', 'recall'], 'topk': 100, 'save_path': './saved/'}}
[2026-03-16 09:08:32] INFO <data.dataset.SeparateDataset object at 0x7f98420381f0>
[2026-03-16 09:08:32] INFO save_dir:saved
[2026-03-16 09:08:32] INFO SASRec(
  (item_embedding): Embedding(12102, 64, padding_idx=0)
  (query_encoder): SASRecQueryEncoder(
    (item_encoder): Embedding(12102, 64, padding_idx=0)
    (position_emb): Embedding(50, 64)
    (transformer_layer): TransformerEncoder(
      (layers): ModuleList(
        (0): TransformerEncoderLayer(
          (self_attn): MultiheadAttention(
            (out_proj): NonDynamicallyQuantizableLinear(in_features=64, out_features=64, bias=True)
          )
          (linear1): Linear(in_features=64, out_features=128, bias=True)
          (dropout): Dropout(p=0.5, inplace=False)
          (linear2): Linear(in_features=128, out_features=64, bias=True)
          (norm1): LayerNorm((64,), eps=1e-12, elementwise_affine=True)
          (norm2): LayerNorm((64,), eps=1e-12, elementwise_affine=True)
          (dropout1): Dropout(p=0.5, inplace=False)
          (dropout2): Dropout(p=0.5, inplace=False)
        )
        (1): TransformerEncoderLayer(
          (self_attn): MultiheadAttention(
            (out_proj): NonDynamicallyQuantizableLinear(in_features=64, out_features=64, bias=True)
          )
          (linear1): Linear(in_features=64, out_features=128, bias=True)
          (dropout): Dropout(p=0.5, inplace=False)
          (linear2): Linear(in_features=128, out_features=64, bias=True)
          (norm1): LayerNorm((64,), eps=1e-12, elementwise_affine=True)
          (norm2): LayerNorm((64,), eps=1e-12, elementwise_affine=True)
          (dropout1): Dropout(p=0.5, inplace=False)
          (dropout2): Dropout(p=0.5, inplace=False)
        )
      )
    )
    (dropout): Dropout(p=0.5, inplace=False)
    (training_pooling_layer): SeqPoolingLayer()
    (eval_pooling_layer): SeqPoolingLayer()
  )
  (loss_fn): BinaryCrossEntropyLoss()
)
[2026-03-16 09:08:43] INFO {'epoch': 0, 'beauty_5_ndcg@20': tensor(0.0095), 'beauty_5_recall@20': tensor(0.0224), 'ndcg@20': tensor(0.0095), 'recall@20': tensor(0.0224), 'train_loss_0': tensor(1.3096, device='cuda:0')}
[2026-03-16 09:08:43] INFO training_time: 10.48439073562622
[2026-03-16 09:08:43] INFO inference_time: 0.8783643245697021
[2026-03-16 09:08:43] INFO ndcg@20 improved. Best value: 0.0095
[2026-03-16 09:08:43] INFO Best model checkpoint saved in saved/SASRec/noisy_5/2026-03-16-09-08-27-860618.ckpt.
[2026-03-16 09:08:55] INFO {'epoch': 1, 'beauty_5_ndcg@20': tensor(0.0108), 'beauty_5_recall@20': tensor(0.0284), 'ndcg@20': tensor(0.0108), 'recall@20': tensor(0.0284), 'train_loss_0': tensor(1.1722, device='cuda:0')}
[2026-03-16 09:08:55] INFO training_time: 21.626269817352295
[2026-03-16 09:08:55] INFO inference_time: 1.5915892124176025
[2026-03-16 09:08:55] INFO ndcg@20 improved. Best value: 0.0108
[2026-03-16 09:08:55] INFO Best model checkpoint saved in saved/SASRec/noisy_5/2026-03-16-09-08-27-860618.ckpt.
[2026-03-16 09:09:09] INFO {'epoch': 2, 'beauty_5_ndcg@20': tensor(0.0133), 'beauty_5_recall@20': tensor(0.0330), 'ndcg@20': tensor(0.0133), 'recall@20': tensor(0.0330), 'train_loss_0': tensor(1.1115, device='cuda:0')}
[2026-03-16 09:09:09] INFO training_time: 35.271358251571655
[2026-03-16 09:09:09] INFO inference_time: 2.2572402954101562
[2026-03-16 09:09:09] INFO ndcg@20 improved. Best value: 0.0133
[2026-03-16 09:09:09] INFO Best model checkpoint saved in saved/SASRec/noisy_5/2026-03-16-09-08-27-860618.ckpt.
[2026-03-16 09:09:24] INFO {'epoch': 3, 'beauty_5_ndcg@20': tensor(0.0143), 'beauty_5_recall@20': tensor(0.0347), 'ndcg@20': tensor(0.0143), 'recall@20': tensor(0.0347), 'train_loss_0': tensor(1.0475, device='cuda:0')}
[2026-03-16 09:09:24] INFO training_time: 48.84087514877319
[2026-03-16 09:09:24] INFO inference_time: 3.1138498783111572
[2026-03-16 09:09:24] INFO ndcg@20 improved. Best value: 0.0143
[2026-03-16 09:09:24] INFO Best model checkpoint saved in saved/SASRec/noisy_5/2026-03-16-09-08-27-860618.ckpt.
[2026-03-16 09:09:38] INFO {'epoch': 4, 'beauty_5_ndcg@20': tensor(0.0163), 'beauty_5_recall@20': tensor(0.0404), 'ndcg@20': tensor(0.0163), 'recall@20': tensor(0.0404), 'train_loss_0': tensor(0.9922, device='cuda:0')}
[2026-03-16 09:09:38] INFO training_time: 62.625590324401855
[2026-03-16 09:09:38] INFO inference_time: 3.781450033187866
[2026-03-16 09:09:38] INFO ndcg@20 improved. Best value: 0.0163
[2026-03-16 09:09:38] INFO Best model checkpoint saved in saved/SASRec/noisy_5/2026-03-16-09-08-27-860618.ckpt.
[2026-03-16 09:09:52] INFO {'epoch': 5, 'beauty_5_ndcg@20': tensor(0.0169), 'beauty_5_recall@20': tensor(0.0419), 'ndcg@20': tensor(0.0169), 'recall@20': tensor(0.0419), 'train_loss_0': tensor(0.9495, device='cuda:0')}
[2026-03-16 09:09:53] INFO training_time: 76.32577276229858
[2026-03-16 09:09:53] INFO inference_time: 4.47412371635437
[2026-03-16 09:09:53] INFO ndcg@20 improved. Best value: 0.0169
[2026-03-16 09:09:53] INFO Best model checkpoint saved in saved/SASRec/noisy_5/2026-03-16-09-08-27-860618.ckpt.
[2026-03-16 09:10:07] INFO {'epoch': 6, 'beauty_5_ndcg@20': tensor(0.0192), 'beauty_5_recall@20': tensor(0.0467), 'ndcg@20': tensor(0.0192), 'recall@20': tensor(0.0467), 'train_loss_0': tensor(0.9069, device='cuda:0')}
[2026-03-16 09:10:07] INFO training_time: 90.06788921356201
[2026-03-16 09:10:07] INFO inference_time: 5.164988994598389
[2026-03-16 09:10:07] INFO ndcg@20 improved. Best value: 0.0192
[2026-03-16 09:10:07] INFO Best model checkpoint saved in saved/SASRec/noisy_5/2026-03-16-09-08-27-860618.ckpt.
[2026-03-16 09:10:21] INFO {'epoch': 7, 'beauty_5_ndcg@20': tensor(0.0214), 'beauty_5_recall@20': tensor(0.0521), 'ndcg@20': tensor(0.0214), 'recall@20': tensor(0.0521), 'train_loss_0': tensor(0.8631, device='cuda:0')}
[2026-03-16 09:10:21] INFO training_time: 103.68284440040588
[2026-03-16 09:10:21] INFO inference_time: 5.982546329498291
[2026-03-16 09:10:21] INFO ndcg@20 improved. Best value: 0.0214
[2026-03-16 09:10:21] INFO Best model checkpoint saved in saved/SASRec/noisy_5/2026-03-16-09-08-27-860618.ckpt.
[2026-03-16 09:10:36] INFO {'epoch': 8, 'beauty_5_ndcg@20': tensor(0.0236), 'beauty_5_recall@20': tensor(0.0570), 'ndcg@20': tensor(0.0236), 'recall@20': tensor(0.0570), 'train_loss_0': tensor(0.8219, device='cuda:0')}
[2026-03-16 09:10:36] INFO training_time: 117.27489757537842
[2026-03-16 09:10:36] INFO inference_time: 6.660839557647705
[2026-03-16 09:10:36] INFO ndcg@20 improved. Best value: 0.0236
[2026-03-16 09:10:36] INFO Best model checkpoint saved in saved/SASRec/noisy_5/2026-03-16-09-08-27-860618.ckpt.
[2026-03-16 09:10:50] INFO {'epoch': 9, 'beauty_5_ndcg@20': tensor(0.0265), 'beauty_5_recall@20': tensor(0.0636), 'ndcg@20': tensor(0.0265), 'recall@20': tensor(0.0636), 'train_loss_0': tensor(0.7834, device='cuda:0')}
[2026-03-16 09:10:50] INFO training_time: 130.91137766838074
[2026-03-16 09:10:50] INFO inference_time: 7.489236831665039
[2026-03-16 09:10:50] INFO ndcg@20 improved. Best value: 0.0265
[2026-03-16 09:10:50] INFO Best model checkpoint saved in saved/SASRec/noisy_5/2026-03-16-09-08-27-860618.ckpt.
[2026-03-16 09:11:05] INFO {'epoch': 10, 'beauty_5_ndcg@20': tensor(0.0259), 'beauty_5_recall@20': tensor(0.0634), 'ndcg@20': tensor(0.0259), 'recall@20': tensor(0.0634), 'train_loss_0': tensor(0.7496, device='cuda:0')}
[2026-03-16 09:11:05] INFO training_time: 144.58129477500916
[2026-03-16 09:11:05] INFO inference_time: 8.343049049377441
[2026-03-16 09:11:19] INFO {'epoch': 11, 'beauty_5_ndcg@20': tensor(0.0273), 'beauty_5_recall@20': tensor(0.0673), 'ndcg@20': tensor(0.0273), 'recall@20': tensor(0.0673), 'train_loss_0': tensor(0.7133, device='cuda:0')}
[2026-03-16 09:11:19] INFO training_time: 158.22922897338867
[2026-03-16 09:11:19] INFO inference_time: 8.989785194396973
[2026-03-16 09:11:19] INFO ndcg@20 improved. Best value: 0.0273
[2026-03-16 09:11:19] INFO Best model checkpoint saved in saved/SASRec/noisy_5/2026-03-16-09-08-27-860618.ckpt.
[2026-03-16 09:11:34] INFO {'epoch': 12, 'beauty_5_ndcg@20': tensor(0.0300), 'beauty_5_recall@20': tensor(0.0744), 'ndcg@20': tensor(0.0300), 'recall@20': tensor(0.0744), 'train_loss_0': tensor(0.6850, device='cuda:0')}
[2026-03-16 09:11:34] INFO training_time: 171.9991056919098
[2026-03-16 09:11:34] INFO inference_time: 9.824597597122192
[2026-03-16 09:11:34] INFO ndcg@20 improved. Best value: 0.0300
[2026-03-16 09:11:34] INFO Best model checkpoint saved in saved/SASRec/noisy_5/2026-03-16-09-08-27-860618.ckpt.
[2026-03-16 09:11:48] INFO {'epoch': 13, 'beauty_5_ndcg@20': tensor(0.0305), 'beauty_5_recall@20': tensor(0.0748), 'ndcg@20': tensor(0.0305), 'recall@20': tensor(0.0748), 'train_loss_0': tensor(0.6575, device='cuda:0')}
[2026-03-16 09:11:48] INFO training_time: 185.6620271205902
[2026-03-16 09:11:48] INFO inference_time: 10.494821786880493
[2026-03-16 09:11:48] INFO ndcg@20 improved. Best value: 0.0305
[2026-03-16 09:11:48] INFO Best model checkpoint saved in saved/SASRec/noisy_5/2026-03-16-09-08-27-860618.ckpt.
[2026-03-16 09:12:03] INFO {'epoch': 14, 'beauty_5_ndcg@20': tensor(0.0305), 'beauty_5_recall@20': tensor(0.0765), 'ndcg@20': tensor(0.0305), 'recall@20': tensor(0.0765), 'train_loss_0': tensor(0.6370, device='cuda:0')}
[2026-03-16 09:12:03] INFO training_time: 199.36184239387512
[2026-03-16 09:12:03] INFO inference_time: 11.316564798355103
[2026-03-16 09:12:03] INFO ndcg@20 improved. Best value: 0.0305
[2026-03-16 09:12:03] INFO Best model checkpoint saved in saved/SASRec/noisy_5/2026-03-16-09-08-27-860618.ckpt.
[2026-03-16 09:12:17] INFO {'epoch': 15, 'beauty_5_ndcg@20': tensor(0.0333), 'beauty_5_recall@20': tensor(0.0806), 'ndcg@20': tensor(0.0333), 'recall@20': tensor(0.0806), 'train_loss_0': tensor(0.6127, device='cuda:0')}
[2026-03-16 09:12:17] INFO training_time: 213.27613949775696
[2026-03-16 09:12:17] INFO inference_time: 12.057918787002563
[2026-03-16 09:12:17] INFO ndcg@20 improved. Best value: 0.0333
[2026-03-16 09:12:17] INFO Best model checkpoint saved in saved/SASRec/noisy_5/2026-03-16-09-08-27-860618.ckpt.
[2026-03-16 09:12:32] INFO {'epoch': 16, 'beauty_5_ndcg@20': tensor(0.0355), 'beauty_5_recall@20': tensor(0.0853), 'ndcg@20': tensor(0.0355), 'recall@20': tensor(0.0853), 'train_loss_0': tensor(0.5986, device='cuda:0')}
[2026-03-16 09:12:32] INFO training_time: 227.1557755470276
[2026-03-16 09:12:32] INFO inference_time: 12.81851577758789
[2026-03-16 09:12:32] INFO ndcg@20 improved. Best value: 0.0355
[2026-03-16 09:12:32] INFO Best model checkpoint saved in saved/SASRec/noisy_5/2026-03-16-09-08-27-860618.ckpt.
[2026-03-16 09:12:47] INFO {'epoch': 17, 'beauty_5_ndcg@20': tensor(0.0360), 'beauty_5_recall@20': tensor(0.0857), 'ndcg@20': tensor(0.0360), 'recall@20': tensor(0.0857), 'train_loss_0': tensor(0.5796, device='cuda:0')}
[2026-03-16 09:12:47] INFO training_time: 240.9323697090149
[2026-03-16 09:12:47] INFO inference_time: 13.674710750579834
[2026-03-16 09:12:47] INFO ndcg@20 improved. Best value: 0.0360
[2026-03-16 09:12:47] INFO Best model checkpoint saved in saved/SASRec/noisy_5/2026-03-16-09-08-27-860618.ckpt.
[2026-03-16 09:13:01] INFO {'epoch': 18, 'beauty_5_ndcg@20': tensor(0.0378), 'beauty_5_recall@20': tensor(0.0877), 'ndcg@20': tensor(0.0378), 'recall@20': tensor(0.0877), 'train_loss_0': tensor(0.5629, device='cuda:0')}
[2026-03-16 09:13:01] INFO training_time: 254.6100709438324
[2026-03-16 09:13:01] INFO inference_time: 14.542357206344604
[2026-03-16 09:13:01] INFO ndcg@20 improved. Best value: 0.0378
[2026-03-16 09:13:01] INFO Best model checkpoint saved in saved/SASRec/noisy_5/2026-03-16-09-08-27-860618.ckpt.
[2026-03-16 09:13:16] INFO {'epoch': 19, 'beauty_5_ndcg@20': tensor(0.0390), 'beauty_5_recall@20': tensor(0.0915), 'ndcg@20': tensor(0.0390), 'recall@20': tensor(0.0915), 'train_loss_0': tensor(0.5534, device='cuda:0')}
[2026-03-16 09:13:16] INFO training_time: 268.3114187717438
[2026-03-16 09:13:16] INFO inference_time: 15.412382125854492
[2026-03-16 09:13:16] INFO ndcg@20 improved. Best value: 0.0390
[2026-03-16 09:13:16] INFO Best model checkpoint saved in saved/SASRec/noisy_5/2026-03-16-09-08-27-860618.ckpt.
[2026-03-16 09:13:31] INFO {'epoch': 20, 'beauty_5_ndcg@20': tensor(0.0397), 'beauty_5_recall@20': tensor(0.0912), 'ndcg@20': tensor(0.0397), 'recall@20': tensor(0.0912), 'train_loss_0': tensor(0.5344, device='cuda:0')}
[2026-03-16 09:13:31] INFO training_time: 282.14057445526123
[2026-03-16 09:13:31] INFO inference_time: 16.517517566680908
[2026-03-16 09:13:31] INFO ndcg@20 improved. Best value: 0.0397
[2026-03-16 09:13:31] INFO Best model checkpoint saved in saved/SASRec/noisy_5/2026-03-16-09-08-27-860618.ckpt.
[2026-03-16 09:13:45] INFO {'epoch': 21, 'beauty_5_ndcg@20': tensor(0.0392), 'beauty_5_recall@20': tensor(0.0920), 'ndcg@20': tensor(0.0392), 'recall@20': tensor(0.0920), 'train_loss_0': tensor(0.5237, device='cuda:0')}
[2026-03-16 09:13:45] INFO training_time: 295.8232698440552
[2026-03-16 09:13:45] INFO inference_time: 17.180767059326172
[2026-03-16 09:13:59] INFO {'epoch': 22, 'beauty_5_ndcg@20': tensor(0.0386), 'beauty_5_recall@20': tensor(0.0904), 'ndcg@20': tensor(0.0386), 'recall@20': tensor(0.0904), 'train_loss_0': tensor(0.5104, device='cuda:0')}
[2026-03-16 09:14:00] INFO training_time: 309.6183362007141
[2026-03-16 09:14:00] INFO inference_time: 17.860281944274902
[2026-03-16 09:14:14] INFO {'epoch': 23, 'beauty_5_ndcg@20': tensor(0.0390), 'beauty_5_recall@20': tensor(0.0929), 'ndcg@20': tensor(0.0390), 'recall@20': tensor(0.0929), 'train_loss_0': tensor(0.5045, device='cuda:0')}
[2026-03-16 09:14:14] INFO training_time: 323.37662148475647
[2026-03-16 09:14:14] INFO inference_time: 18.553847789764404
[2026-03-16 09:14:29] INFO {'epoch': 24, 'beauty_5_ndcg@20': tensor(0.0394), 'beauty_5_recall@20': tensor(0.0942), 'ndcg@20': tensor(0.0394), 'recall@20': tensor(0.0942), 'train_loss_0': tensor(0.4939, device='cuda:0')}
[2026-03-16 09:14:29] INFO training_time: 337.2547357082367
[2026-03-16 09:14:29] INFO inference_time: 19.45117974281311
[2026-03-16 09:14:43] INFO {'epoch': 25, 'beauty_5_ndcg@20': tensor(0.0406), 'beauty_5_recall@20': tensor(0.0956), 'ndcg@20': tensor(0.0406), 'recall@20': tensor(0.0956), 'train_loss_0': tensor(0.4915, device='cuda:0')}
[2026-03-16 09:14:43] INFO training_time: 351.10808968544006
[2026-03-16 09:14:43] INFO inference_time: 20.07763123512268
[2026-03-16 09:14:43] INFO ndcg@20 improved. Best value: 0.0406
[2026-03-16 09:14:43] INFO Best model checkpoint saved in saved/SASRec/noisy_5/2026-03-16-09-08-27-860618.ckpt.
[2026-03-16 09:14:58] INFO {'epoch': 26, 'beauty_5_ndcg@20': tensor(0.0411), 'beauty_5_recall@20': tensor(0.0965), 'ndcg@20': tensor(0.0411), 'recall@20': tensor(0.0965), 'train_loss_0': tensor(0.4778, device='cuda:0')}
[2026-03-16 09:14:58] INFO training_time: 364.7591984272003
[2026-03-16 09:14:58] INFO inference_time: 20.913968563079834
[2026-03-16 09:14:58] INFO ndcg@20 improved. Best value: 0.0411
[2026-03-16 09:14:58] INFO Best model checkpoint saved in saved/SASRec/noisy_5/2026-03-16-09-08-27-860618.ckpt.
[2026-03-16 09:15:12] INFO {'epoch': 27, 'beauty_5_ndcg@20': tensor(0.0401), 'beauty_5_recall@20': tensor(0.0952), 'ndcg@20': tensor(0.0401), 'recall@20': tensor(0.0952), 'train_loss_0': tensor(0.4724, device='cuda:0')}
[2026-03-16 09:15:12] INFO training_time: 378.4551990032196
[2026-03-16 09:15:12] INFO inference_time: 21.660094499588013
[2026-03-16 09:15:27] INFO {'epoch': 28, 'beauty_5_ndcg@20': tensor(0.0404), 'beauty_5_recall@20': tensor(0.0963), 'ndcg@20': tensor(0.0404), 'recall@20': tensor(0.0963), 'train_loss_0': tensor(0.4649, device='cuda:0')}
[2026-03-16 09:15:27] INFO training_time: 392.24992203712463
[2026-03-16 09:15:27] INFO inference_time: 22.348140716552734
[2026-03-16 09:15:41] INFO {'epoch': 29, 'beauty_5_ndcg@20': tensor(0.0411), 'beauty_5_recall@20': tensor(0.0957), 'ndcg@20': tensor(0.0411), 'recall@20': tensor(0.0957), 'train_loss_0': tensor(0.4583, device='cuda:0')}
[2026-03-16 09:15:41] INFO training_time: 405.89074087142944
[2026-03-16 09:15:41] INFO inference_time: 22.99998641014099
[2026-03-16 09:15:41] INFO ndcg@20 improved. Best value: 0.0411
[2026-03-16 09:15:41] INFO Best model checkpoint saved in saved/SASRec/noisy_5/2026-03-16-09-08-27-860618.ckpt.
[2026-03-16 09:15:56] INFO {'epoch': 30, 'beauty_5_ndcg@20': tensor(0.0417), 'beauty_5_recall@20': tensor(0.0970), 'ndcg@20': tensor(0.0417), 'recall@20': tensor(0.0970), 'train_loss_0': tensor(0.4549, device='cuda:0')}
[2026-03-16 09:15:56] INFO training_time: 419.40968346595764
[2026-03-16 09:15:56] INFO inference_time: 24.091662168502808
[2026-03-16 09:15:56] INFO ndcg@20 improved. Best value: 0.0417
[2026-03-16 09:15:56] INFO Best model checkpoint saved in saved/SASRec/noisy_5/2026-03-16-09-08-27-860618.ckpt.
[2026-03-16 09:16:10] INFO {'epoch': 31, 'beauty_5_ndcg@20': tensor(0.0420), 'beauty_5_recall@20': tensor(0.0975), 'ndcg@20': tensor(0.0420), 'recall@20': tensor(0.0975), 'train_loss_0': tensor(0.4535, device='cuda:0')}
[2026-03-16 09:16:10] INFO training_time: 432.96719312667847
[2026-03-16 09:16:10] INFO inference_time: 24.82076072692871
[2026-03-16 09:16:10] INFO ndcg@20 improved. Best value: 0.0420
[2026-03-16 09:16:10] INFO Best model checkpoint saved in saved/SASRec/noisy_5/2026-03-16-09-08-27-860618.ckpt.
[2026-03-16 09:16:24] INFO {'epoch': 32, 'beauty_5_ndcg@20': tensor(0.0429), 'beauty_5_recall@20': tensor(0.0995), 'ndcg@20': tensor(0.0429), 'recall@20': tensor(0.0995), 'train_loss_0': tensor(0.4407, device='cuda:0')}
[2026-03-16 09:16:24] INFO training_time: 446.7300236225128
[2026-03-16 09:16:24] INFO inference_time: 25.527599096298218
[2026-03-16 09:16:24] INFO ndcg@20 improved. Best value: 0.0429
[2026-03-16 09:16:24] INFO Best model checkpoint saved in saved/SASRec/noisy_5/2026-03-16-09-08-27-860618.ckpt.
[2026-03-16 09:16:39] INFO {'epoch': 33, 'beauty_5_ndcg@20': tensor(0.0435), 'beauty_5_recall@20': tensor(0.0999), 'ndcg@20': tensor(0.0435), 'recall@20': tensor(0.0999), 'train_loss_0': tensor(0.4367, device='cuda:0')}
[2026-03-16 09:16:39] INFO training_time: 460.47908210754395
[2026-03-16 09:16:39] INFO inference_time: 26.382365942001343
[2026-03-16 09:16:39] INFO ndcg@20 improved. Best value: 0.0435
[2026-03-16 09:16:39] INFO Best model checkpoint saved in saved/SASRec/noisy_5/2026-03-16-09-08-27-860618.ckpt.
[2026-03-16 09:16:53] INFO {'epoch': 34, 'beauty_5_ndcg@20': tensor(0.0423), 'beauty_5_recall@20': tensor(0.0986), 'ndcg@20': tensor(0.0423), 'recall@20': tensor(0.0986), 'train_loss_0': tensor(0.4361, device='cuda:0')}
[2026-03-16 09:16:53] INFO training_time: 473.9648873806
[2026-03-16 09:16:53] INFO inference_time: 27.21245551109314
[2026-03-16 09:17:08] INFO {'epoch': 35, 'beauty_5_ndcg@20': tensor(0.0438), 'beauty_5_recall@20': tensor(0.0990), 'ndcg@20': tensor(0.0438), 'recall@20': tensor(0.0990), 'train_loss_0': tensor(0.4313, device='cuda:0')}
[2026-03-16 09:17:08] INFO training_time: 487.6754047870636
[2026-03-16 09:17:08] INFO inference_time: 28.03965711593628
[2026-03-16 09:17:08] INFO ndcg@20 improved. Best value: 0.0438
[2026-03-16 09:17:08] INFO Best model checkpoint saved in saved/SASRec/noisy_5/2026-03-16-09-08-27-860618.ckpt.
[2026-03-16 09:17:22] INFO {'epoch': 36, 'beauty_5_ndcg@20': tensor(0.0440), 'beauty_5_recall@20': tensor(0.1003), 'ndcg@20': tensor(0.0440), 'recall@20': tensor(0.1003), 'train_loss_0': tensor(0.4294, device='cuda:0')}
[2026-03-16 09:17:22] INFO training_time: 501.30124592781067
[2026-03-16 09:17:22] INFO inference_time: 28.847134590148926
[2026-03-16 09:17:22] INFO ndcg@20 improved. Best value: 0.0440
[2026-03-16 09:17:22] INFO Best model checkpoint saved in saved/SASRec/noisy_5/2026-03-16-09-08-27-860618.ckpt.
[2026-03-16 09:17:37] INFO {'epoch': 37, 'beauty_5_ndcg@20': tensor(0.0441), 'beauty_5_recall@20': tensor(0.1019), 'ndcg@20': tensor(0.0441), 'recall@20': tensor(0.1019), 'train_loss_0': tensor(0.4249, device='cuda:0')}
[2026-03-16 09:17:37] INFO training_time: 515.1093771457672
[2026-03-16 09:17:37] INFO inference_time: 29.742432832717896
[2026-03-16 09:17:37] INFO ndcg@20 improved. Best value: 0.0441
[2026-03-16 09:17:37] INFO Best model checkpoint saved in saved/SASRec/noisy_5/2026-03-16-09-08-27-860618.ckpt.
[2026-03-16 09:17:52] INFO {'epoch': 38, 'beauty_5_ndcg@20': tensor(0.0446), 'beauty_5_recall@20': tensor(0.1028), 'ndcg@20': tensor(0.0446), 'recall@20': tensor(0.1028), 'train_loss_0': tensor(0.4170, device='cuda:0')}
[2026-03-16 09:17:52] INFO training_time: 528.8529734611511
[2026-03-16 09:17:52] INFO inference_time: 30.551924467086792
[2026-03-16 09:17:52] INFO ndcg@20 improved. Best value: 0.0446
[2026-03-16 09:17:52] INFO Best model checkpoint saved in saved/SASRec/noisy_5/2026-03-16-09-08-27-860618.ckpt.
[2026-03-16 09:18:06] INFO {'epoch': 39, 'beauty_5_ndcg@20': tensor(0.0448), 'beauty_5_recall@20': tensor(0.1033), 'ndcg@20': tensor(0.0448), 'recall@20': tensor(0.1033), 'train_loss_0': tensor(0.4173, device='cuda:0')}
[2026-03-16 09:18:06] INFO training_time: 542.5551574230194
[2026-03-16 09:18:06] INFO inference_time: 31.181439876556396
[2026-03-16 09:18:06] INFO ndcg@20 improved. Best value: 0.0448
[2026-03-16 09:18:06] INFO Best model checkpoint saved in saved/SASRec/noisy_5/2026-03-16-09-08-27-860618.ckpt.
[2026-03-16 09:18:21] INFO {'epoch': 40, 'beauty_5_ndcg@20': tensor(0.0441), 'beauty_5_recall@20': tensor(0.1019), 'ndcg@20': tensor(0.0441), 'recall@20': tensor(0.1019), 'train_loss_0': tensor(0.4149, device='cuda:0')}
[2026-03-16 09:18:21] INFO training_time: 556.3223903179169
[2026-03-16 09:18:21] INFO inference_time: 32.08064842224121
[2026-03-16 09:18:35] INFO {'epoch': 41, 'beauty_5_ndcg@20': tensor(0.0453), 'beauty_5_recall@20': tensor(0.1040), 'ndcg@20': tensor(0.0453), 'recall@20': tensor(0.1040), 'train_loss_0': tensor(0.4148, device='cuda:0')}
[2026-03-16 09:18:35] INFO training_time: 569.9192106723785
[2026-03-16 09:18:35] INFO inference_time: 32.734198808670044
[2026-03-16 09:18:35] INFO ndcg@20 improved. Best value: 0.0453
[2026-03-16 09:18:35] INFO Best model checkpoint saved in saved/SASRec/noisy_5/2026-03-16-09-08-27-860618.ckpt.
[2026-03-16 09:18:49] INFO {'epoch': 42, 'beauty_5_ndcg@20': tensor(0.0462), 'beauty_5_recall@20': tensor(0.1035), 'ndcg@20': tensor(0.0462), 'recall@20': tensor(0.1035), 'train_loss_0': tensor(0.4097, device='cuda:0')}
[2026-03-16 09:18:49] INFO training_time: 583.6889083385468
[2026-03-16 09:18:49] INFO inference_time: 33.35962271690369
[2026-03-16 09:18:49] INFO ndcg@20 improved. Best value: 0.0462
[2026-03-16 09:18:49] INFO Best model checkpoint saved in saved/SASRec/noisy_5/2026-03-16-09-08-27-860618.ckpt.
[2026-03-16 09:19:04] INFO {'epoch': 43, 'beauty_5_ndcg@20': tensor(0.0450), 'beauty_5_recall@20': tensor(0.1020), 'ndcg@20': tensor(0.0450), 'recall@20': tensor(0.1020), 'train_loss_0': tensor(0.4047, device='cuda:0')}
[2026-03-16 09:19:04] INFO training_time: 597.4431746006012
[2026-03-16 09:19:04] INFO inference_time: 34.181530714035034
[2026-03-16 09:19:18] INFO {'epoch': 44, 'beauty_5_ndcg@20': tensor(0.0459), 'beauty_5_recall@20': tensor(0.1032), 'ndcg@20': tensor(0.0459), 'recall@20': tensor(0.1032), 'train_loss_0': tensor(0.4051, device='cuda:0')}
[2026-03-16 09:19:18] INFO training_time: 611.1293323040009
[2026-03-16 09:19:18] INFO inference_time: 34.87608981132507
[2026-03-16 09:19:33] INFO {'epoch': 45, 'beauty_5_ndcg@20': tensor(0.0446), 'beauty_5_recall@20': tensor(0.1024), 'ndcg@20': tensor(0.0446), 'recall@20': tensor(0.1024), 'train_loss_0': tensor(0.4051, device='cuda:0')}
[2026-03-16 09:19:33] INFO training_time: 624.815233707428
[2026-03-16 09:19:33] INFO inference_time: 35.79903197288513
[2026-03-16 09:19:48] INFO {'epoch': 46, 'beauty_5_ndcg@20': tensor(0.0455), 'beauty_5_recall@20': tensor(0.1029), 'ndcg@20': tensor(0.0455), 'recall@20': tensor(0.1029), 'train_loss_0': tensor(0.4023, device='cuda:0')}
[2026-03-16 09:19:48] INFO training_time: 638.652783870697
[2026-03-16 09:19:48] INFO inference_time: 36.618703842163086
[2026-03-16 09:20:02] INFO {'epoch': 47, 'beauty_5_ndcg@20': tensor(0.0449), 'beauty_5_recall@20': tensor(0.1030), 'ndcg@20': tensor(0.0449), 'recall@20': tensor(0.1030), 'train_loss_0': tensor(0.3975, device='cuda:0')}
[2026-03-16 09:20:02] INFO training_time: 652.2923271656036
[2026-03-16 09:20:02] INFO inference_time: 37.25524878501892
[2026-03-16 09:20:17] INFO {'epoch': 48, 'beauty_5_ndcg@20': tensor(0.0451), 'beauty_5_recall@20': tensor(0.1038), 'ndcg@20': tensor(0.0451), 'recall@20': tensor(0.1038), 'train_loss_0': tensor(0.3988, device='cuda:0')}
[2026-03-16 09:20:17] INFO training_time: 666.1047110557556
[2026-03-16 09:20:17] INFO inference_time: 38.0674033164978
[2026-03-16 09:20:31] INFO {'epoch': 49, 'beauty_5_ndcg@20': tensor(0.0451), 'beauty_5_recall@20': tensor(0.1029), 'ndcg@20': tensor(0.0451), 'recall@20': tensor(0.1029), 'train_loss_0': tensor(0.3974, device='cuda:0')}
[2026-03-16 09:20:31] INFO training_time: 679.8399856090546
[2026-03-16 09:20:31] INFO inference_time: 38.68518400192261
[2026-03-16 09:20:46] INFO {'epoch': 50, 'beauty_5_ndcg@20': tensor(0.0447), 'beauty_5_recall@20': tensor(0.1037), 'ndcg@20': tensor(0.0447), 'recall@20': tensor(0.1037), 'train_loss_0': tensor(0.3955, device='cuda:0')}
[2026-03-16 09:20:46] INFO training_time: 693.5791966915131
[2026-03-16 09:20:46] INFO inference_time: 39.6445894241333
[2026-03-16 09:21:00] INFO {'epoch': 51, 'beauty_5_ndcg@20': tensor(0.0464), 'beauty_5_recall@20': tensor(0.1069), 'ndcg@20': tensor(0.0464), 'recall@20': tensor(0.1069), 'train_loss_0': tensor(0.3947, device='cuda:0')}
[2026-03-16 09:21:00] INFO training_time: 707.388557434082
[2026-03-16 09:21:00] INFO inference_time: 40.48082900047302
[2026-03-16 09:21:00] INFO ndcg@20 improved. Best value: 0.0464
[2026-03-16 09:21:00] INFO Best model checkpoint saved in saved/SASRec/noisy_5/2026-03-16-09-08-27-860618.ckpt.
[2026-03-16 09:21:15] INFO {'epoch': 52, 'beauty_5_ndcg@20': tensor(0.0458), 'beauty_5_recall@20': tensor(0.1066), 'ndcg@20': tensor(0.0458), 'recall@20': tensor(0.1066), 'train_loss_0': tensor(0.3874, device='cuda:0')}
[2026-03-16 09:21:15] INFO training_time: 721.1670877933502
[2026-03-16 09:21:15] INFO inference_time: 41.13792562484741
[2026-03-16 09:21:29] INFO {'epoch': 53, 'beauty_5_ndcg@20': tensor(0.0460), 'beauty_5_recall@20': tensor(0.1053), 'ndcg@20': tensor(0.0460), 'recall@20': tensor(0.1053), 'train_loss_0': tensor(0.3904, device='cuda:0')}
[2026-03-16 09:21:29] INFO training_time: 734.9339969158173
[2026-03-16 09:21:29] INFO inference_time: 41.951377153396606
[2026-03-16 09:21:44] INFO {'epoch': 54, 'beauty_5_ndcg@20': tensor(0.0465), 'beauty_5_recall@20': tensor(0.1054), 'ndcg@20': tensor(0.0465), 'recall@20': tensor(0.1054), 'train_loss_0': tensor(0.3883, device='cuda:0')}
[2026-03-16 09:21:44] INFO training_time: 748.882167339325
[2026-03-16 09:21:44] INFO inference_time: 42.74892973899841
[2026-03-16 09:21:44] INFO ndcg@20 improved. Best value: 0.0465
[2026-03-16 09:21:44] INFO Best model checkpoint saved in saved/SASRec/noisy_5/2026-03-16-09-08-27-860618.ckpt.
[2026-03-16 09:21:59] INFO {'epoch': 55, 'beauty_5_ndcg@20': tensor(0.0461), 'beauty_5_recall@20': tensor(0.1051), 'ndcg@20': tensor(0.0461), 'recall@20': tensor(0.1051), 'train_loss_0': tensor(0.3860, device='cuda:0')}
[2026-03-16 09:21:59] INFO training_time: 762.9016790390015
[2026-03-16 09:21:59] INFO inference_time: 43.45256209373474
[2026-03-16 09:22:13] INFO {'epoch': 56, 'beauty_5_ndcg@20': tensor(0.0451), 'beauty_5_recall@20': tensor(0.1025), 'ndcg@20': tensor(0.0451), 'recall@20': tensor(0.1025), 'train_loss_0': tensor(0.3865, device='cuda:0')}
[2026-03-16 09:22:13] INFO training_time: 776.7422223091125
[2026-03-16 09:22:13] INFO inference_time: 44.15076661109924
[2026-03-16 09:22:28] INFO {'epoch': 57, 'beauty_5_ndcg@20': tensor(0.0463), 'beauty_5_recall@20': tensor(0.1065), 'ndcg@20': tensor(0.0463), 'recall@20': tensor(0.1065), 'train_loss_0': tensor(0.3830, device='cuda:0')}
[2026-03-16 09:22:28] INFO training_time: 790.4668798446655
[2026-03-16 09:22:28] INFO inference_time: 44.80780553817749
[2026-03-16 09:22:42] INFO {'epoch': 58, 'beauty_5_ndcg@20': tensor(0.0457), 'beauty_5_recall@20': tensor(0.1049), 'ndcg@20': tensor(0.0457), 'recall@20': tensor(0.1049), 'train_loss_0': tensor(0.3801, device='cuda:0')}
[2026-03-16 09:22:42] INFO training_time: 804.201048374176
[2026-03-16 09:22:42] INFO inference_time: 45.704787492752075
[2026-03-16 09:22:57] INFO {'epoch': 59, 'beauty_5_ndcg@20': tensor(0.0458), 'beauty_5_recall@20': tensor(0.1053), 'ndcg@20': tensor(0.0458), 'recall@20': tensor(0.1053), 'train_loss_0': tensor(0.3829, device='cuda:0')}
[2026-03-16 09:22:57] INFO training_time: 818.0910079479218
[2026-03-16 09:22:57] INFO inference_time: 46.476556062698364
[2026-03-16 09:23:12] INFO {'epoch': 60, 'beauty_5_ndcg@20': tensor(0.0454), 'beauty_5_recall@20': tensor(0.1040), 'ndcg@20': tensor(0.0454), 'recall@20': tensor(0.1040), 'train_loss_0': tensor(0.3760, device='cuda:0')}
[2026-03-16 09:23:12] INFO training_time: 831.8556408882141
[2026-03-16 09:23:12] INFO inference_time: 47.4363317489624
[2026-03-16 09:23:26] INFO {'epoch': 61, 'beauty_5_ndcg@20': tensor(0.0450), 'beauty_5_recall@20': tensor(0.1034), 'ndcg@20': tensor(0.0450), 'recall@20': tensor(0.1034), 'train_loss_0': tensor(0.3786, device='cuda:0')}
[2026-03-16 09:23:26] INFO training_time: 845.625563621521
[2026-03-16 09:23:26] INFO inference_time: 48.256134271621704
[2026-03-16 09:23:41] INFO {'epoch': 62, 'beauty_5_ndcg@20': tensor(0.0458), 'beauty_5_recall@20': tensor(0.1062), 'ndcg@20': tensor(0.0458), 'recall@20': tensor(0.1062), 'train_loss_0': tensor(0.3797, device='cuda:0')}
[2026-03-16 09:23:41] INFO training_time: 859.4299335479736
[2026-03-16 09:23:41] INFO inference_time: 49.061771392822266
[2026-03-16 09:23:56] INFO {'epoch': 63, 'beauty_5_ndcg@20': tensor(0.0460), 'beauty_5_recall@20': tensor(0.1063), 'ndcg@20': tensor(0.0460), 'recall@20': tensor(0.1063), 'train_loss_0': tensor(0.3767, device='cuda:0')}
[2026-03-16 09:23:56] INFO training_time: 873.1890664100647
[2026-03-16 09:23:56] INFO inference_time: 49.75918459892273
[2026-03-16 09:24:10] INFO {'epoch': 64, 'beauty_5_ndcg@20': tensor(0.0459), 'beauty_5_recall@20': tensor(0.1056), 'ndcg@20': tensor(0.0459), 'recall@20': tensor(0.1056), 'train_loss_0': tensor(0.3745, device='cuda:0')}
[2026-03-16 09:24:10] INFO training_time: 886.9844024181366
[2026-03-16 09:24:10] INFO inference_time: 50.44903492927551
[2026-03-16 09:24:25] INFO {'epoch': 65, 'beauty_5_ndcg@20': tensor(0.0449), 'beauty_5_recall@20': tensor(0.1033), 'ndcg@20': tensor(0.0449), 'recall@20': tensor(0.1033), 'train_loss_0': tensor(0.3757, device='cuda:0')}
[2026-03-16 09:24:25] INFO training_time: 900.9022166728973
[2026-03-16 09:24:25] INFO inference_time: 51.249749183654785
[2026-03-16 09:24:39] INFO {'epoch': 66, 'beauty_5_ndcg@20': tensor(0.0452), 'beauty_5_recall@20': tensor(0.1051), 'ndcg@20': tensor(0.0452), 'recall@20': tensor(0.1051), 'train_loss_0': tensor(0.3762, device='cuda:0')}
[2026-03-16 09:24:39] INFO training_time: 914.7979745864868
[2026-03-16 09:24:39] INFO inference_time: 51.985087633132935
[2026-03-16 09:24:54] INFO {'epoch': 67, 'beauty_5_ndcg@20': tensor(0.0460), 'beauty_5_recall@20': tensor(0.1041), 'ndcg@20': tensor(0.0460), 'recall@20': tensor(0.1041), 'train_loss_0': tensor(0.3691, device='cuda:0')}
[2026-03-16 09:24:54] INFO training_time: 928.5297124385834
[2026-03-16 09:24:54] INFO inference_time: 52.811479568481445
[2026-03-16 09:25:08] INFO {'epoch': 68, 'beauty_5_ndcg@20': tensor(0.0455), 'beauty_5_recall@20': tensor(0.1045), 'ndcg@20': tensor(0.0455), 'recall@20': tensor(0.1045), 'train_loss_0': tensor(0.3697, device='cuda:0')}
[2026-03-16 09:25:08] INFO training_time: 942.3712210655212
[2026-03-16 09:25:08] INFO inference_time: 53.46461486816406
[2026-03-16 09:25:23] INFO {'epoch': 69, 'beauty_5_ndcg@20': tensor(0.0453), 'beauty_5_recall@20': tensor(0.1044), 'ndcg@20': tensor(0.0453), 'recall@20': tensor(0.1044), 'train_loss_0': tensor(0.3710, device='cuda:0')}
[2026-03-16 09:25:23] INFO training_time: 956.0970375537872
[2026-03-16 09:25:23] INFO inference_time: 54.12397336959839
[2026-03-16 09:25:38] INFO {'epoch': 70, 'beauty_5_ndcg@20': tensor(0.0454), 'beauty_5_recall@20': tensor(0.1044), 'ndcg@20': tensor(0.0454), 'recall@20': tensor(0.1044), 'train_loss_0': tensor(0.3681, device='cuda:0')}
[2026-03-16 09:25:38] INFO training_time: 969.8659946918488
[2026-03-16 09:25:38] INFO inference_time: 55.27966237068176
[2026-03-16 09:25:52] INFO {'epoch': 71, 'beauty_5_ndcg@20': tensor(0.0475), 'beauty_5_recall@20': tensor(0.1052), 'ndcg@20': tensor(0.0475), 'recall@20': tensor(0.1052), 'train_loss_0': tensor(0.3714, device='cuda:0')}
[2026-03-16 09:25:52] INFO training_time: 983.6674482822418
[2026-03-16 09:25:52] INFO inference_time: 56.08848237991333
[2026-03-16 09:25:52] INFO ndcg@20 improved. Best value: 0.0475
[2026-03-16 09:25:52] INFO Best model checkpoint saved in saved/SASRec/noisy_5/2026-03-16-09-08-27-860618.ckpt.
[2026-03-16 09:26:07] INFO {'epoch': 72, 'beauty_5_ndcg@20': tensor(0.0466), 'beauty_5_recall@20': tensor(0.1056), 'ndcg@20': tensor(0.0466), 'recall@20': tensor(0.1056), 'train_loss_0': tensor(0.3671, device='cuda:0')}
[2026-03-16 09:26:07] INFO training_time: 997.4087255001068
[2026-03-16 09:26:07] INFO inference_time: 56.93475651741028
[2026-03-16 09:26:21] INFO {'epoch': 73, 'beauty_5_ndcg@20': tensor(0.0465), 'beauty_5_recall@20': tensor(0.1065), 'ndcg@20': tensor(0.0465), 'recall@20': tensor(0.1065), 'train_loss_0': tensor(0.3641, device='cuda:0')}
[2026-03-16 09:26:21] INFO training_time: 1010.4246966838837
[2026-03-16 09:26:21] INFO inference_time: 57.75853943824768
[2026-03-16 09:26:34] INFO {'epoch': 74, 'beauty_5_ndcg@20': tensor(0.0476), 'beauty_5_recall@20': tensor(0.1076), 'ndcg@20': tensor(0.0476), 'recall@20': tensor(0.1076), 'train_loss_0': tensor(0.3666, device='cuda:0')}
[2026-03-16 09:26:34] INFO training_time: 1022.5199978351593
[2026-03-16 09:26:34] INFO inference_time: 58.43459749221802
[2026-03-16 09:26:34] INFO ndcg@20 improved. Best value: 0.0476
[2026-03-16 09:26:34] INFO Best model checkpoint saved in saved/SASRec/noisy_5/2026-03-16-09-08-27-860618.ckpt.
[2026-03-16 09:26:47] INFO {'epoch': 75, 'beauty_5_ndcg@20': tensor(0.0465), 'beauty_5_recall@20': tensor(0.1057), 'ndcg@20': tensor(0.0465), 'recall@20': tensor(0.1057), 'train_loss_0': tensor(0.3660, device='cuda:0')}
[2026-03-16 09:26:47] INFO training_time: 1034.6957025527954
[2026-03-16 09:26:47] INFO inference_time: 59.256789684295654
[2026-03-16 09:26:59] INFO {'epoch': 76, 'beauty_5_ndcg@20': tensor(0.0466), 'beauty_5_recall@20': tensor(0.1058), 'ndcg@20': tensor(0.0466), 'recall@20': tensor(0.1058), 'train_loss_0': tensor(0.3622, device='cuda:0')}
[2026-03-16 09:26:59] INFO training_time: 1046.6820256710052
[2026-03-16 09:26:59] INFO inference_time: 59.89144492149353
[2026-03-16 09:27:12] INFO {'epoch': 77, 'beauty_5_ndcg@20': tensor(0.0453), 'beauty_5_recall@20': tensor(0.1036), 'ndcg@20': tensor(0.0453), 'recall@20': tensor(0.1036), 'train_loss_0': tensor(0.3608, device='cuda:0')}
[2026-03-16 09:27:12] INFO training_time: 1058.655065536499
[2026-03-16 09:27:12] INFO inference_time: 60.719932317733765
[2026-03-16 09:27:25] INFO {'epoch': 78, 'beauty_5_ndcg@20': tensor(0.0459), 'beauty_5_recall@20': tensor(0.1045), 'ndcg@20': tensor(0.0459), 'recall@20': tensor(0.1045), 'train_loss_0': tensor(0.3615, device='cuda:0')}
[2026-03-16 09:27:25] INFO training_time: 1070.5348107814789
[2026-03-16 09:27:25] INFO inference_time: 61.54200029373169
[2026-03-16 09:27:36] INFO {'epoch': 79, 'beauty_5_ndcg@20': tensor(0.0453), 'beauty_5_recall@20': tensor(0.1040), 'ndcg@20': tensor(0.0453), 'recall@20': tensor(0.1040), 'train_loss_0': tensor(0.3583, device='cuda:0')}
[2026-03-16 09:27:36] INFO training_time: 1080.8052241802216
[2026-03-16 09:27:36] INFO inference_time: 62.15456771850586
[2026-03-16 09:27:47] INFO {'epoch': 80, 'beauty_5_ndcg@20': tensor(0.0466), 'beauty_5_recall@20': tensor(0.1061), 'ndcg@20': tensor(0.0466), 'recall@20': tensor(0.1061), 'train_loss_0': tensor(0.3572, device='cuda:0')}
[2026-03-16 09:27:47] INFO training_time: 1091.1067085266113
[2026-03-16 09:27:47] INFO inference_time: 62.91757893562317
[2026-03-16 09:27:58] INFO {'epoch': 81, 'beauty_5_ndcg@20': tensor(0.0478), 'beauty_5_recall@20': tensor(0.1090), 'ndcg@20': tensor(0.0478), 'recall@20': tensor(0.1090), 'train_loss_0': tensor(0.3605, device='cuda:0')}
[2026-03-16 09:27:58] INFO training_time: 1101.3281679153442
[2026-03-16 09:27:58] INFO inference_time: 63.54449653625488
[2026-03-16 09:27:58] INFO ndcg@20 improved. Best value: 0.0478
[2026-03-16 09:27:58] INFO Best model checkpoint saved in saved/SASRec/noisy_5/2026-03-16-09-08-27-860618.ckpt.
[2026-03-16 09:28:09] INFO {'epoch': 82, 'beauty_5_ndcg@20': tensor(0.0470), 'beauty_5_recall@20': tensor(0.1064), 'ndcg@20': tensor(0.0470), 'recall@20': tensor(0.1064), 'train_loss_0': tensor(0.3599, device='cuda:0')}
[2026-03-16 09:28:09] INFO training_time: 1111.5860533714294
[2026-03-16 09:28:09] INFO inference_time: 64.34465265274048
[2026-03-16 09:28:20] INFO {'epoch': 83, 'beauty_5_ndcg@20': tensor(0.0470), 'beauty_5_recall@20': tensor(0.1066), 'ndcg@20': tensor(0.0470), 'recall@20': tensor(0.1066), 'train_loss_0': tensor(0.3585, device='cuda:0')}
[2026-03-16 09:28:20] INFO training_time: 1121.8948056697845
[2026-03-16 09:28:20] INFO inference_time: 64.93082594871521
[2026-03-16 09:28:31] INFO {'epoch': 84, 'beauty_5_ndcg@20': tensor(0.0469), 'beauty_5_recall@20': tensor(0.1059), 'ndcg@20': tensor(0.0469), 'recall@20': tensor(0.1059), 'train_loss_0': tensor(0.3607, device='cuda:0')}
[2026-03-16 09:28:31] INFO training_time: 1132.1179008483887
[2026-03-16 09:28:31] INFO inference_time: 65.72231030464172
[2026-03-16 09:28:42] INFO {'epoch': 85, 'beauty_5_ndcg@20': tensor(0.0467), 'beauty_5_recall@20': tensor(0.1055), 'ndcg@20': tensor(0.0467), 'recall@20': tensor(0.1055), 'train_loss_0': tensor(0.3530, device='cuda:0')}
[2026-03-16 09:28:42] INFO training_time: 1142.3940360546112
[2026-03-16 09:28:42] INFO inference_time: 66.50408625602722
[2026-03-16 09:28:53] INFO {'epoch': 86, 'beauty_5_ndcg@20': tensor(0.0465), 'beauty_5_recall@20': tensor(0.1059), 'ndcg@20': tensor(0.0465), 'recall@20': tensor(0.1059), 'train_loss_0': tensor(0.3563, device='cuda:0')}
[2026-03-16 09:28:53] INFO training_time: 1152.6741881370544
[2026-03-16 09:28:53] INFO inference_time: 67.13363552093506
[2026-03-16 09:29:04] INFO {'epoch': 87, 'beauty_5_ndcg@20': tensor(0.0474), 'beauty_5_recall@20': tensor(0.1067), 'ndcg@20': tensor(0.0474), 'recall@20': tensor(0.1067), 'train_loss_0': tensor(0.3562, device='cuda:0')}
[2026-03-16 09:29:04] INFO training_time: 1162.9405415058136
[2026-03-16 09:29:04] INFO inference_time: 67.76861190795898
[2026-03-16 09:29:13] INFO {'epoch': 88, 'beauty_5_ndcg@20': tensor(0.0474), 'beauty_5_recall@20': tensor(0.1069), 'ndcg@20': tensor(0.0474), 'recall@20': tensor(0.1069), 'train_loss_0': tensor(0.3545, device='cuda:0')}
[2026-03-16 09:29:13] INFO training_time: 1171.592673778534
[2026-03-16 09:29:13] INFO inference_time: 68.54509353637695
[2026-03-16 09:29:22] INFO {'epoch': 89, 'beauty_5_ndcg@20': tensor(0.0476), 'beauty_5_recall@20': tensor(0.1070), 'ndcg@20': tensor(0.0476), 'recall@20': tensor(0.1070), 'train_loss_0': tensor(0.3540, device='cuda:0')}
[2026-03-16 09:29:22] INFO training_time: 1179.3702638149261
[2026-03-16 09:29:22] INFO inference_time: 69.34535813331604
[2026-03-16 09:29:30] INFO {'epoch': 90, 'beauty_5_ndcg@20': tensor(0.0484), 'beauty_5_recall@20': tensor(0.1081), 'ndcg@20': tensor(0.0484), 'recall@20': tensor(0.1081), 'train_loss_0': tensor(0.3537, device='cuda:0')}
[2026-03-16 09:29:30] INFO training_time: 1186.4832513332367
[2026-03-16 09:29:30] INFO inference_time: 70.34522700309753
[2026-03-16 09:29:30] INFO ndcg@20 improved. Best value: 0.0484
[2026-03-16 09:29:30] INFO Best model checkpoint saved in saved/SASRec/noisy_5/2026-03-16-09-08-27-860618.ckpt.
[2026-03-16 09:29:38] INFO {'epoch': 91, 'beauty_5_ndcg@20': tensor(0.0474), 'beauty_5_recall@20': tensor(0.1061), 'ndcg@20': tensor(0.0474), 'recall@20': tensor(0.1061), 'train_loss_0': tensor(0.3513, device='cuda:0')}
[2026-03-16 09:29:38] INFO training_time: 1193.6272943019867
[2026-03-16 09:29:38] INFO inference_time: 71.1104302406311
[2026-03-16 09:29:46] INFO {'epoch': 92, 'beauty_5_ndcg@20': tensor(0.0458), 'beauty_5_recall@20': tensor(0.1048), 'ndcg@20': tensor(0.0458), 'recall@20': tensor(0.1048), 'train_loss_0': tensor(0.3507, device='cuda:0')}
[2026-03-16 09:29:46] INFO training_time: 1200.8269062042236
[2026-03-16 09:29:46] INFO inference_time: 71.8703453540802
[2026-03-16 09:29:53] INFO {'epoch': 93, 'beauty_5_ndcg@20': tensor(0.0474), 'beauty_5_recall@20': tensor(0.1066), 'ndcg@20': tensor(0.0474), 'recall@20': tensor(0.1066), 'train_loss_0': tensor(0.3521, device='cuda:0')}
[2026-03-16 09:29:53] INFO training_time: 1207.9429523944855
[2026-03-16 09:29:53] INFO inference_time: 72.63938117027283
[2026-03-16 09:30:01] INFO {'epoch': 94, 'beauty_5_ndcg@20': tensor(0.0477), 'beauty_5_recall@20': tensor(0.1073), 'ndcg@20': tensor(0.0477), 'recall@20': tensor(0.1073), 'train_loss_0': tensor(0.3486, device='cuda:0')}
[2026-03-16 09:30:01] INFO training_time: 1215.1670253276825
[2026-03-16 09:30:01] INFO inference_time: 73.25321173667908
[2026-03-16 09:30:09] INFO {'epoch': 95, 'beauty_5_ndcg@20': tensor(0.0474), 'beauty_5_recall@20': tensor(0.1070), 'ndcg@20': tensor(0.0474), 'recall@20': tensor(0.1070), 'train_loss_0': tensor(0.3499, device='cuda:0')}
[2026-03-16 09:30:09] INFO training_time: 1222.0584235191345
[2026-03-16 09:30:09] INFO inference_time: 74.00704336166382
[2026-03-16 09:30:17] INFO {'epoch': 96, 'beauty_5_ndcg@20': tensor(0.0470), 'beauty_5_recall@20': tensor(0.1069), 'ndcg@20': tensor(0.0470), 'recall@20': tensor(0.1069), 'train_loss_0': tensor(0.3482, device='cuda:0')}
[2026-03-16 09:30:17] INFO training_time: 1228.8475358486176
[2026-03-16 09:30:17] INFO inference_time: 74.76732277870178
[2026-03-16 09:30:25] INFO {'epoch': 97, 'beauty_5_ndcg@20': tensor(0.0460), 'beauty_5_recall@20': tensor(0.1044), 'ndcg@20': tensor(0.0460), 'recall@20': tensor(0.1044), 'train_loss_0': tensor(0.3508, device='cuda:0')}
[2026-03-16 09:30:25] INFO training_time: 1236.1245057582855
[2026-03-16 09:30:25] INFO inference_time: 75.54202032089233
[2026-03-16 09:30:32] INFO {'epoch': 98, 'beauty_5_ndcg@20': tensor(0.0461), 'beauty_5_recall@20': tensor(0.1054), 'ndcg@20': tensor(0.0461), 'recall@20': tensor(0.1054), 'train_loss_0': tensor(0.3470, device='cuda:0')}
[2026-03-16 09:30:32] INFO training_time: 1243.0031831264496
[2026-03-16 09:30:32] INFO inference_time: 76.30139756202698
[2026-03-16 09:30:40] INFO {'epoch': 99, 'beauty_5_ndcg@20': tensor(0.0463), 'beauty_5_recall@20': tensor(0.1076), 'ndcg@20': tensor(0.0463), 'recall@20': tensor(0.1076), 'train_loss_0': tensor(0.3446, device='cuda:0')}
[2026-03-16 09:30:40] INFO training_time: 1250.070979833603
[2026-03-16 09:30:40] INFO inference_time: 77.0672082901001
[2026-03-16 09:30:48] INFO {'epoch': 100, 'beauty_5_ndcg@20': tensor(0.0469), 'beauty_5_recall@20': tensor(0.1089), 'ndcg@20': tensor(0.0469), 'recall@20': tensor(0.1089), 'train_loss_0': tensor(0.3477, device='cuda:0')}
[2026-03-16 09:30:48] INFO training_time: 1257.266461610794
[2026-03-16 09:30:48] INFO inference_time: 78.05509352684021
[2026-03-16 09:30:56] INFO {'epoch': 101, 'beauty_5_ndcg@20': tensor(0.0470), 'beauty_5_recall@20': tensor(0.1080), 'ndcg@20': tensor(0.0470), 'recall@20': tensor(0.1080), 'train_loss_0': tensor(0.3505, device='cuda:0')}
[2026-03-16 09:30:56] INFO training_time: 1264.4535264968872
[2026-03-16 09:30:56] INFO inference_time: 78.81082129478455
[2026-03-16 09:31:04] INFO {'epoch': 102, 'beauty_5_ndcg@20': tensor(0.0469), 'beauty_5_recall@20': tensor(0.1075), 'ndcg@20': tensor(0.0469), 'recall@20': tensor(0.1075), 'train_loss_0': tensor(0.3475, device='cuda:0')}
[2026-03-16 09:31:04] INFO training_time: 1271.57208943367
[2026-03-16 09:31:04] INFO inference_time: 79.5549066066742
[2026-03-16 09:31:12] INFO {'epoch': 103, 'beauty_5_ndcg@20': tensor(0.0472), 'beauty_5_recall@20': tensor(0.1074), 'ndcg@20': tensor(0.0472), 'recall@20': tensor(0.1074), 'train_loss_0': tensor(0.3431, device='cuda:0')}
[2026-03-16 09:31:12] INFO training_time: 1278.7152943611145
[2026-03-16 09:31:12] INFO inference_time: 80.32345628738403
[2026-03-16 09:31:20] INFO {'epoch': 104, 'beauty_5_ndcg@20': tensor(0.0471), 'beauty_5_recall@20': tensor(0.1073), 'ndcg@20': tensor(0.0471), 'recall@20': tensor(0.1073), 'train_loss_0': tensor(0.3455, device='cuda:0')}
[2026-03-16 09:31:20] INFO training_time: 1285.7354276180267
[2026-03-16 09:31:20] INFO inference_time: 81.01443338394165
[2026-03-16 09:31:28] INFO {'epoch': 105, 'beauty_5_ndcg@20': tensor(0.0484), 'beauty_5_recall@20': tensor(0.1089), 'ndcg@20': tensor(0.0484), 'recall@20': tensor(0.1089), 'train_loss_0': tensor(0.3441, device='cuda:0')}
[2026-03-16 09:31:28] INFO training_time: 1293.01606631279
[2026-03-16 09:31:28] INFO inference_time: 81.76146578788757
[2026-03-16 09:31:28] INFO ndcg@20 improved. Best value: 0.0484
[2026-03-16 09:31:28] INFO Best model checkpoint saved in saved/SASRec/noisy_5/2026-03-16-09-08-27-860618.ckpt.
[2026-03-16 09:31:35] INFO {'epoch': 106, 'beauty_5_ndcg@20': tensor(0.0475), 'beauty_5_recall@20': tensor(0.1072), 'ndcg@20': tensor(0.0475), 'recall@20': tensor(0.1072), 'train_loss_0': tensor(0.3489, device='cuda:0')}
[2026-03-16 09:31:35] INFO training_time: 1299.7440581321716
[2026-03-16 09:31:35] INFO inference_time: 82.35916709899902
[2026-03-16 09:31:43] INFO {'epoch': 107, 'beauty_5_ndcg@20': tensor(0.0477), 'beauty_5_recall@20': tensor(0.1073), 'ndcg@20': tensor(0.0477), 'recall@20': tensor(0.1073), 'train_loss_0': tensor(0.3461, device='cuda:0')}
[2026-03-16 09:31:43] INFO training_time: 1306.70134973526
[2026-03-16 09:31:43] INFO inference_time: 82.9307644367218
[2026-03-16 09:31:51] INFO {'epoch': 108, 'beauty_5_ndcg@20': tensor(0.0481), 'beauty_5_recall@20': tensor(0.1080), 'ndcg@20': tensor(0.0481), 'recall@20': tensor(0.1080), 'train_loss_0': tensor(0.3419, device='cuda:0')}
[2026-03-16 09:31:51] INFO training_time: 1313.9631855487823
[2026-03-16 09:31:51] INFO inference_time: 83.56773614883423
[2026-03-16 09:31:58] INFO {'epoch': 109, 'beauty_5_ndcg@20': tensor(0.0485), 'beauty_5_recall@20': tensor(0.1098), 'ndcg@20': tensor(0.0485), 'recall@20': tensor(0.1098), 'train_loss_0': tensor(0.3425, device='cuda:0')}
[2026-03-16 09:31:58] INFO training_time: 1320.9016017913818
[2026-03-16 09:31:58] INFO inference_time: 84.33159518241882
[2026-03-16 09:31:58] INFO ndcg@20 improved. Best value: 0.0485
[2026-03-16 09:31:58] INFO Best model checkpoint saved in saved/SASRec/noisy_5/2026-03-16-09-08-27-860618.ckpt.
[2026-03-16 09:32:06] INFO {'epoch': 110, 'beauty_5_ndcg@20': tensor(0.0479), 'beauty_5_recall@20': tensor(0.1089), 'ndcg@20': tensor(0.0479), 'recall@20': tensor(0.1089), 'train_loss_0': tensor(0.3414, device='cuda:0')}
[2026-03-16 09:32:06] INFO training_time: 1328.1427118778229
[2026-03-16 09:32:06] INFO inference_time: 85.32217454910278
[2026-03-16 09:32:14] INFO {'epoch': 111, 'beauty_5_ndcg@20': tensor(0.0473), 'beauty_5_recall@20': tensor(0.1075), 'ndcg@20': tensor(0.0473), 'recall@20': tensor(0.1075), 'train_loss_0': tensor(0.3436, device='cuda:0')}
[2026-03-16 09:32:14] INFO training_time: 1335.0800108909607
[2026-03-16 09:32:14] INFO inference_time: 86.06981563568115
[2026-03-16 09:32:22] INFO {'epoch': 112, 'beauty_5_ndcg@20': tensor(0.0472), 'beauty_5_recall@20': tensor(0.1071), 'ndcg@20': tensor(0.0472), 'recall@20': tensor(0.1071), 'train_loss_0': tensor(0.3394, device='cuda:0')}
[2026-03-16 09:32:22] INFO training_time: 1342.1206815242767
[2026-03-16 09:32:22] INFO inference_time: 86.64598560333252
[2026-03-16 09:32:30] INFO {'epoch': 113, 'beauty_5_ndcg@20': tensor(0.0472), 'beauty_5_recall@20': tensor(0.1070), 'ndcg@20': tensor(0.0472), 'recall@20': tensor(0.1070), 'train_loss_0': tensor(0.3420, device='cuda:0')}
[2026-03-16 09:32:30] INFO training_time: 1349.1793234348297
[2026-03-16 09:32:30] INFO inference_time: 87.39153695106506
[2026-03-16 09:32:37] INFO {'epoch': 114, 'beauty_5_ndcg@20': tensor(0.0482), 'beauty_5_recall@20': tensor(0.1081), 'ndcg@20': tensor(0.0482), 'recall@20': tensor(0.1081), 'train_loss_0': tensor(0.3391, device='cuda:0')}
[2026-03-16 09:32:37] INFO training_time: 1356.1067116260529
[2026-03-16 09:32:37] INFO inference_time: 87.95814108848572
[2026-03-16 09:32:45] INFO {'epoch': 115, 'beauty_5_ndcg@20': tensor(0.0471), 'beauty_5_recall@20': tensor(0.1056), 'ndcg@20': tensor(0.0471), 'recall@20': tensor(0.1056), 'train_loss_0': tensor(0.3358, device='cuda:0')}
[2026-03-16 09:32:45] INFO training_time: 1363.2107455730438
[2026-03-16 09:32:45] INFO inference_time: 88.75573325157166
[2026-03-16 09:32:53] INFO {'epoch': 116, 'beauty_5_ndcg@20': tensor(0.0476), 'beauty_5_recall@20': tensor(0.1074), 'ndcg@20': tensor(0.0476), 'recall@20': tensor(0.1074), 'train_loss_0': tensor(0.3394, device='cuda:0')}
[2026-03-16 09:32:53] INFO training_time: 1370.4302473068237
[2026-03-16 09:32:53] INFO inference_time: 89.33838725090027
[2026-03-16 09:33:00] INFO {'epoch': 117, 'beauty_5_ndcg@20': tensor(0.0470), 'beauty_5_recall@20': tensor(0.1063), 'ndcg@20': tensor(0.0470), 'recall@20': tensor(0.1063), 'train_loss_0': tensor(0.3419, device='cuda:0')}
[2026-03-16 09:33:00] INFO training_time: 1377.3997371196747
[2026-03-16 09:33:00] INFO inference_time: 90.02821707725525
[2026-03-16 09:33:08] INFO {'epoch': 118, 'beauty_5_ndcg@20': tensor(0.0466), 'beauty_5_recall@20': tensor(0.1050), 'ndcg@20': tensor(0.0466), 'recall@20': tensor(0.1050), 'train_loss_0': tensor(0.3430, device='cuda:0')}
[2026-03-16 09:33:09] INFO training_time: 1384.6485040187836
[2026-03-16 09:33:09] INFO inference_time: 90.78757691383362
[2026-03-16 09:33:16] INFO {'epoch': 119, 'beauty_5_ndcg@20': tensor(0.0473), 'beauty_5_recall@20': tensor(0.1066), 'ndcg@20': tensor(0.0473), 'recall@20': tensor(0.1066), 'train_loss_0': tensor(0.3413, device='cuda:0')}
[2026-03-16 09:33:16] INFO training_time: 1391.526964187622
[2026-03-16 09:33:16] INFO inference_time: 91.5561192035675
[2026-03-16 09:33:25] INFO {'epoch': 120, 'beauty_5_ndcg@20': tensor(0.0473), 'beauty_5_recall@20': tensor(0.1068), 'ndcg@20': tensor(0.0473), 'recall@20': tensor(0.1068), 'train_loss_0': tensor(0.3379, device='cuda:0')}
[2026-03-16 09:33:25] INFO training_time: 1398.8337852954865
[2026-03-16 09:33:25] INFO inference_time: 92.59027361869812
[2026-03-16 09:33:33] INFO {'epoch': 121, 'beauty_5_ndcg@20': tensor(0.0475), 'beauty_5_recall@20': tensor(0.1061), 'ndcg@20': tensor(0.0475), 'recall@20': tensor(0.1061), 'train_loss_0': tensor(0.3380, device='cuda:0')}
[2026-03-16 09:33:33] INFO training_time: 1406.0589468479156
[2026-03-16 09:33:33] INFO inference_time: 93.3534197807312
[2026-03-16 09:33:40] INFO {'epoch': 122, 'beauty_5_ndcg@20': tensor(0.0483), 'beauty_5_recall@20': tensor(0.1081), 'ndcg@20': tensor(0.0483), 'recall@20': tensor(0.1081), 'train_loss_0': tensor(0.3383, device='cuda:0')}
[2026-03-16 09:33:40] INFO training_time: 1413.0359835624695
[2026-03-16 09:33:40] INFO inference_time: 94.1274049282074
[2026-03-16 09:33:48] INFO {'epoch': 123, 'beauty_5_ndcg@20': tensor(0.0478), 'beauty_5_recall@20': tensor(0.1073), 'ndcg@20': tensor(0.0478), 'recall@20': tensor(0.1073), 'train_loss_0': tensor(0.3377, device='cuda:0')}
[2026-03-16 09:33:48] INFO training_time: 1420.2738008499146
[2026-03-16 09:33:48] INFO inference_time: 94.90055823326111
[2026-03-16 09:33:56] INFO {'epoch': 124, 'beauty_5_ndcg@20': tensor(0.0473), 'beauty_5_recall@20': tensor(0.1085), 'ndcg@20': tensor(0.0473), 'recall@20': tensor(0.1085), 'train_loss_0': tensor(0.3347, device='cuda:0')}
[2026-03-16 09:33:56] INFO training_time: 1427.4366257190704
[2026-03-16 09:33:56] INFO inference_time: 95.6636757850647
[2026-03-16 09:34:04] INFO {'epoch': 125, 'beauty_5_ndcg@20': tensor(0.0467), 'beauty_5_recall@20': tensor(0.1074), 'ndcg@20': tensor(0.0467), 'recall@20': tensor(0.1074), 'train_loss_0': tensor(0.3395, device='cuda:0')}
[2026-03-16 09:34:04] INFO training_time: 1434.4136793613434
[2026-03-16 09:34:04] INFO inference_time: 96.41371083259583
[2026-03-16 09:34:12] INFO {'epoch': 126, 'beauty_5_ndcg@20': tensor(0.0477), 'beauty_5_recall@20': tensor(0.1089), 'ndcg@20': tensor(0.0477), 'recall@20': tensor(0.1089), 'train_loss_0': tensor(0.3354, device='cuda:0')}
[2026-03-16 09:34:12] INFO training_time: 1441.6523089408875
[2026-03-16 09:34:12] INFO inference_time: 97.17119693756104
[2026-03-16 09:34:20] INFO {'epoch': 127, 'beauty_5_ndcg@20': tensor(0.0483), 'beauty_5_recall@20': tensor(0.1097), 'ndcg@20': tensor(0.0483), 'recall@20': tensor(0.1097), 'train_loss_0': tensor(0.3356, device='cuda:0')}
[2026-03-16 09:34:20] INFO training_time: 1448.6943671703339
[2026-03-16 09:34:20] INFO inference_time: 97.92585349082947
[2026-03-16 09:34:28] INFO {'epoch': 128, 'beauty_5_ndcg@20': tensor(0.0478), 'beauty_5_recall@20': tensor(0.1088), 'ndcg@20': tensor(0.0478), 'recall@20': tensor(0.1088), 'train_loss_0': tensor(0.3323, device='cuda:0')}
[2026-03-16 09:34:28] INFO training_time: 1455.8310995101929
[2026-03-16 09:34:28] INFO inference_time: 98.67904210090637
[2026-03-16 09:34:36] INFO {'epoch': 129, 'beauty_5_ndcg@20': tensor(0.0466), 'beauty_5_recall@20': tensor(0.1086), 'ndcg@20': tensor(0.0466), 'recall@20': tensor(0.1086), 'train_loss_0': tensor(0.3353, device='cuda:0')}
[2026-03-16 09:34:36] INFO training_time: 1463.077897310257
[2026-03-16 09:34:36] INFO inference_time: 99.43405389785767
[2026-03-16 09:34:36] INFO Early stopped. Since the metric ndcg@20 haven't been improved for 20 epochs.
[2026-03-16 09:34:36] INFO The best score of ndcg@20 is 0.0485 on epoch 109
[2026-03-16 09:34:36] INFO Best model checkpoint saved in saved/SASRec/noisy_5/2026-03-16-09-08-27-860618.ckpt.
[2026-03-16 09:34:37] INFO defaultdict(<class 'float'>, {'beauty_5_ndcg@20': tensor(0.0375), 'beauty_5_recall@20': tensor(0.0851), 'beauty_5_ndcg@10': tensor(0.0302), 'beauty_5_recall@10': tensor(0.0561), 'ndcg@20': tensor(0.0375), 'recall@20': tensor(0.0851), 'ndcg@10': tensor(0.0302), 'recall@10': tensor(0.0561)})
