[2026-03-16 09:07:40] INFO PID of this process: 2466096
[2026-03-16 09:07:44] INFO {'model': {'embed_dim': 64, 'loss_fn': 'bce', 'hidden_size': 128, 'layer_num': 2, 'head_num': 2, 'dropout_rate': 0.5, 'activation': 'gelu', 'layer_norm_eps': 1e-12, 'model': 'SASRec'}, 'data': {'domain_name_list': ['toy_5'], 'user_threshold': 5, 'item_threshold': 5, 'max_seq_len': 50, 'dataset_class': 'general', 'train_file': '_ori', 'dataset': 'noisy_5'}, 'train': {'batch_size': 256, 'early_stop_mode': 'max', 'early_stop_patience': 20, 'epochs': 1000, 'device': 'cuda', 'optimizer': 'adam', 'learning_rate': 0.001, 'weight_decay': 0, 'num_neg': 1, 'seed': 2024}, 'eval': {'batch_size': 2048, 'cutoff': [20, 10], 'val_metrics': ['ndcg', 'recall'], 'test_metrics': ['ndcg', 'recall'], 'topk': 100, 'save_path': './saved/'}}
[2026-03-16 09:07:44] INFO <data.dataset.SeparateDataset object at 0x7f6b1dc371f0>
[2026-03-16 09:07:44] INFO save_dir:saved
[2026-03-16 09:07:44] INFO SASRec(
  (item_embedding): Embedding(11925, 64, padding_idx=0)
  (query_encoder): SASRecQueryEncoder(
    (item_encoder): Embedding(11925, 64, padding_idx=0)
    (position_emb): Embedding(50, 64)
    (transformer_layer): TransformerEncoder(
      (layers): ModuleList(
        (0): TransformerEncoderLayer(
          (self_attn): MultiheadAttention(
            (out_proj): NonDynamicallyQuantizableLinear(in_features=64, out_features=64, bias=True)
          )
          (linear1): Linear(in_features=64, out_features=128, bias=True)
          (dropout): Dropout(p=0.5, inplace=False)
          (linear2): Linear(in_features=128, out_features=64, bias=True)
          (norm1): LayerNorm((64,), eps=1e-12, elementwise_affine=True)
          (norm2): LayerNorm((64,), eps=1e-12, elementwise_affine=True)
          (dropout1): Dropout(p=0.5, inplace=False)
          (dropout2): Dropout(p=0.5, inplace=False)
        )
        (1): TransformerEncoderLayer(
          (self_attn): MultiheadAttention(
            (out_proj): NonDynamicallyQuantizableLinear(in_features=64, out_features=64, bias=True)
          )
          (linear1): Linear(in_features=64, out_features=128, bias=True)
          (dropout): Dropout(p=0.5, inplace=False)
          (linear2): Linear(in_features=128, out_features=64, bias=True)
          (norm1): LayerNorm((64,), eps=1e-12, elementwise_affine=True)
          (norm2): LayerNorm((64,), eps=1e-12, elementwise_affine=True)
          (dropout1): Dropout(p=0.5, inplace=False)
          (dropout2): Dropout(p=0.5, inplace=False)
        )
      )
    )
    (dropout): Dropout(p=0.5, inplace=False)
    (training_pooling_layer): SeqPoolingLayer()
    (eval_pooling_layer): SeqPoolingLayer()
  )
  (loss_fn): BinaryCrossEntropyLoss()
)
[2026-03-16 09:07:49] INFO {'epoch': 0, 'toy_5_ndcg@20': tensor(0.0076), 'toy_5_recall@20': tensor(0.0195), 'ndcg@20': tensor(0.0076), 'recall@20': tensor(0.0195), 'train_loss_0': tensor(1.3481, device='cuda:0')}
[2026-03-16 09:07:49] INFO training_time: 3.643301486968994
[2026-03-16 09:07:49] INFO inference_time: 0.6783113479614258
[2026-03-16 09:07:49] INFO ndcg@20 improved. Best value: 0.0076
[2026-03-16 09:07:49] INFO Best model checkpoint saved in saved/SASRec/noisy_5/2026-03-16-09-07-40-931336.ckpt.
[2026-03-16 09:07:53] INFO {'epoch': 1, 'toy_5_ndcg@20': tensor(0.0074), 'toy_5_recall@20': tensor(0.0188), 'ndcg@20': tensor(0.0074), 'recall@20': tensor(0.0188), 'train_loss_0': tensor(1.2384, device='cuda:0')}
[2026-03-16 09:07:53] INFO training_time: 7.26170015335083
[2026-03-16 09:07:53] INFO inference_time: 1.1246380805969238
[2026-03-16 09:07:57] INFO {'epoch': 2, 'toy_5_ndcg@20': tensor(0.0088), 'toy_5_recall@20': tensor(0.0201), 'ndcg@20': tensor(0.0088), 'recall@20': tensor(0.0201), 'train_loss_0': tensor(1.1807, device='cuda:0')}
[2026-03-16 09:07:57] INFO training_time: 10.978417158126831
[2026-03-16 09:07:57] INFO inference_time: 1.5575144290924072
[2026-03-16 09:07:57] INFO ndcg@20 improved. Best value: 0.0088
[2026-03-16 09:07:57] INFO Best model checkpoint saved in saved/SASRec/noisy_5/2026-03-16-09-07-40-931336.ckpt.
[2026-03-16 09:08:01] INFO {'epoch': 3, 'toy_5_ndcg@20': tensor(0.0111), 'toy_5_recall@20': tensor(0.0268), 'ndcg@20': tensor(0.0111), 'recall@20': tensor(0.0268), 'train_loss_0': tensor(1.1219, device='cuda:0')}
[2026-03-16 09:08:01] INFO training_time: 14.798663854598999
[2026-03-16 09:08:01] INFO inference_time: 2.0169973373413086
[2026-03-16 09:08:01] INFO ndcg@20 improved. Best value: 0.0111
[2026-03-16 09:08:01] INFO Best model checkpoint saved in saved/SASRec/noisy_5/2026-03-16-09-07-40-931336.ckpt.
[2026-03-16 09:08:05] INFO {'epoch': 4, 'toy_5_ndcg@20': tensor(0.0129), 'toy_5_recall@20': tensor(0.0296), 'ndcg@20': tensor(0.0129), 'recall@20': tensor(0.0296), 'train_loss_0': tensor(1.0640, device='cuda:0')}
[2026-03-16 09:08:05] INFO training_time: 18.509915590286255
[2026-03-16 09:08:05] INFO inference_time: 2.552647113800049
[2026-03-16 09:08:05] INFO ndcg@20 improved. Best value: 0.0129
[2026-03-16 09:08:05] INFO Best model checkpoint saved in saved/SASRec/noisy_5/2026-03-16-09-07-40-931336.ckpt.
[2026-03-16 09:08:10] INFO {'epoch': 5, 'toy_5_ndcg@20': tensor(0.0162), 'toy_5_recall@20': tensor(0.0361), 'ndcg@20': tensor(0.0162), 'recall@20': tensor(0.0361), 'train_loss_0': tensor(1.0087, device='cuda:0')}
[2026-03-16 09:08:10] INFO training_time: 22.199541091918945
[2026-03-16 09:08:10] INFO inference_time: 3.0634071826934814
[2026-03-16 09:08:10] INFO ndcg@20 improved. Best value: 0.0162
[2026-03-16 09:08:10] INFO Best model checkpoint saved in saved/SASRec/noisy_5/2026-03-16-09-07-40-931336.ckpt.
[2026-03-16 09:08:14] INFO {'epoch': 6, 'toy_5_ndcg@20': tensor(0.0189), 'toy_5_recall@20': tensor(0.0406), 'ndcg@20': tensor(0.0189), 'recall@20': tensor(0.0406), 'train_loss_0': tensor(0.9633, device='cuda:0')}
[2026-03-16 09:08:14] INFO training_time: 25.989777326583862
[2026-03-16 09:08:14] INFO inference_time: 3.6263930797576904
[2026-03-16 09:08:14] INFO ndcg@20 improved. Best value: 0.0189
[2026-03-16 09:08:14] INFO Best model checkpoint saved in saved/SASRec/noisy_5/2026-03-16-09-07-40-931336.ckpt.
[2026-03-16 09:08:19] INFO {'epoch': 7, 'toy_5_ndcg@20': tensor(0.0221), 'toy_5_recall@20': tensor(0.0484), 'ndcg@20': tensor(0.0221), 'recall@20': tensor(0.0484), 'train_loss_0': tensor(0.9123, device='cuda:0')}
[2026-03-16 09:08:19] INFO training_time: 30.42939519882202
[2026-03-16 09:08:19] INFO inference_time: 4.086319923400879
[2026-03-16 09:08:19] INFO ndcg@20 improved. Best value: 0.0221
[2026-03-16 09:08:19] INFO Best model checkpoint saved in saved/SASRec/noisy_5/2026-03-16-09-07-40-931336.ckpt.
[2026-03-16 09:08:25] INFO {'epoch': 8, 'toy_5_ndcg@20': tensor(0.0232), 'toy_5_recall@20': tensor(0.0531), 'ndcg@20': tensor(0.0232), 'recall@20': tensor(0.0531), 'train_loss_0': tensor(0.8658, device='cuda:0')}
[2026-03-16 09:08:25] INFO training_time: 36.46303343772888
[2026-03-16 09:08:25] INFO inference_time: 4.569676637649536
[2026-03-16 09:08:25] INFO ndcg@20 improved. Best value: 0.0232
[2026-03-16 09:08:25] INFO Best model checkpoint saved in saved/SASRec/noisy_5/2026-03-16-09-07-40-931336.ckpt.
[2026-03-16 09:08:32] INFO {'epoch': 9, 'toy_5_ndcg@20': tensor(0.0250), 'toy_5_recall@20': tensor(0.0571), 'ndcg@20': tensor(0.0250), 'recall@20': tensor(0.0571), 'train_loss_0': tensor(0.8293, device='cuda:0')}
[2026-03-16 09:08:32] INFO training_time: 42.419296979904175
[2026-03-16 09:08:32] INFO inference_time: 5.273455619812012
[2026-03-16 09:08:32] INFO ndcg@20 improved. Best value: 0.0250
[2026-03-16 09:08:32] INFO Best model checkpoint saved in saved/SASRec/noisy_5/2026-03-16-09-07-40-931336.ckpt.
[2026-03-16 09:08:41] INFO {'epoch': 10, 'toy_5_ndcg@20': tensor(0.0279), 'toy_5_recall@20': tensor(0.0628), 'ndcg@20': tensor(0.0279), 'recall@20': tensor(0.0628), 'train_loss_0': tensor(0.7913, device='cuda:0')}
[2026-03-16 09:08:41] INFO training_time: 50.36324858665466
[2026-03-16 09:08:41] INFO inference_time: 6.232069253921509
[2026-03-16 09:08:41] INFO ndcg@20 improved. Best value: 0.0279
[2026-03-16 09:08:41] INFO Best model checkpoint saved in saved/SASRec/noisy_5/2026-03-16-09-07-40-931336.ckpt.
[2026-03-16 09:08:51] INFO {'epoch': 11, 'toy_5_ndcg@20': tensor(0.0294), 'toy_5_recall@20': tensor(0.0644), 'ndcg@20': tensor(0.0294), 'recall@20': tensor(0.0644), 'train_loss_0': tensor(0.7510, device='cuda:0')}
[2026-03-16 09:08:51] INFO training_time: 59.33510637283325
[2026-03-16 09:08:51] INFO inference_time: 7.061742544174194
[2026-03-16 09:08:51] INFO ndcg@20 improved. Best value: 0.0294
[2026-03-16 09:08:51] INFO Best model checkpoint saved in saved/SASRec/noisy_5/2026-03-16-09-07-40-931336.ckpt.
[2026-03-16 09:09:03] INFO {'epoch': 12, 'toy_5_ndcg@20': tensor(0.0305), 'toy_5_recall@20': tensor(0.0666), 'ndcg@20': tensor(0.0305), 'recall@20': tensor(0.0666), 'train_loss_0': tensor(0.7269, device='cuda:0')}
[2026-03-16 09:09:03] INFO training_time: 70.83027243614197
[2026-03-16 09:09:03] INFO inference_time: 7.837408542633057
[2026-03-16 09:09:03] INFO ndcg@20 improved. Best value: 0.0305
[2026-03-16 09:09:03] INFO Best model checkpoint saved in saved/SASRec/noisy_5/2026-03-16-09-07-40-931336.ckpt.
[2026-03-16 09:09:16] INFO {'epoch': 13, 'toy_5_ndcg@20': tensor(0.0312), 'toy_5_recall@20': tensor(0.0692), 'ndcg@20': tensor(0.0312), 'recall@20': tensor(0.0692), 'train_loss_0': tensor(0.6932, device='cuda:0')}
[2026-03-16 09:09:16] INFO training_time: 82.65774869918823
[2026-03-16 09:09:16] INFO inference_time: 8.38594365119934
[2026-03-16 09:09:16] INFO ndcg@20 improved. Best value: 0.0312
[2026-03-16 09:09:16] INFO Best model checkpoint saved in saved/SASRec/noisy_5/2026-03-16-09-07-40-931336.ckpt.
[2026-03-16 09:09:28] INFO {'epoch': 14, 'toy_5_ndcg@20': tensor(0.0320), 'toy_5_recall@20': tensor(0.0704), 'ndcg@20': tensor(0.0320), 'recall@20': tensor(0.0704), 'train_loss_0': tensor(0.6662, device='cuda:0')}
[2026-03-16 09:09:28] INFO training_time: 94.5088939666748
[2026-03-16 09:09:28] INFO inference_time: 9.122169971466064
[2026-03-16 09:09:28] INFO ndcg@20 improved. Best value: 0.0320
[2026-03-16 09:09:28] INFO Best model checkpoint saved in saved/SASRec/noisy_5/2026-03-16-09-07-40-931336.ckpt.
[2026-03-16 09:09:41] INFO {'epoch': 15, 'toy_5_ndcg@20': tensor(0.0349), 'toy_5_recall@20': tensor(0.0762), 'ndcg@20': tensor(0.0349), 'recall@20': tensor(0.0762), 'train_loss_0': tensor(0.6404, device='cuda:0')}
[2026-03-16 09:09:41] INFO training_time: 106.35258436203003
[2026-03-16 09:09:41] INFO inference_time: 9.628439664840698
[2026-03-16 09:09:41] INFO ndcg@20 improved. Best value: 0.0349
[2026-03-16 09:09:41] INFO Best model checkpoint saved in saved/SASRec/noisy_5/2026-03-16-09-07-40-931336.ckpt.
[2026-03-16 09:09:53] INFO {'epoch': 16, 'toy_5_ndcg@20': tensor(0.0348), 'toy_5_recall@20': tensor(0.0747), 'ndcg@20': tensor(0.0348), 'recall@20': tensor(0.0747), 'train_loss_0': tensor(0.6189, device='cuda:0')}
[2026-03-16 09:09:53] INFO training_time: 118.20682621002197
[2026-03-16 09:09:53] INFO inference_time: 10.165081977844238
[2026-03-16 09:10:06] INFO {'epoch': 17, 'toy_5_ndcg@20': tensor(0.0367), 'toy_5_recall@20': tensor(0.0772), 'ndcg@20': tensor(0.0367), 'recall@20': tensor(0.0772), 'train_loss_0': tensor(0.6006, device='cuda:0')}
[2026-03-16 09:10:06] INFO training_time: 130.18324613571167
[2026-03-16 09:10:06] INFO inference_time: 10.781025409698486
[2026-03-16 09:10:06] INFO ndcg@20 improved. Best value: 0.0367
[2026-03-16 09:10:06] INFO Best model checkpoint saved in saved/SASRec/noisy_5/2026-03-16-09-07-40-931336.ckpt.
[2026-03-16 09:10:18] INFO {'epoch': 18, 'toy_5_ndcg@20': tensor(0.0373), 'toy_5_recall@20': tensor(0.0794), 'ndcg@20': tensor(0.0373), 'recall@20': tensor(0.0794), 'train_loss_0': tensor(0.5822, device='cuda:0')}
[2026-03-16 09:10:18] INFO training_time: 141.93824124336243
[2026-03-16 09:10:18] INFO inference_time: 11.533003807067871
[2026-03-16 09:10:18] INFO ndcg@20 improved. Best value: 0.0373
[2026-03-16 09:10:18] INFO Best model checkpoint saved in saved/SASRec/noisy_5/2026-03-16-09-07-40-931336.ckpt.
[2026-03-16 09:10:30] INFO {'epoch': 19, 'toy_5_ndcg@20': tensor(0.0386), 'toy_5_recall@20': tensor(0.0828), 'ndcg@20': tensor(0.0386), 'recall@20': tensor(0.0828), 'train_loss_0': tensor(0.5662, device='cuda:0')}
[2026-03-16 09:10:30] INFO training_time: 153.70976948738098
[2026-03-16 09:10:30] INFO inference_time: 12.07257866859436
[2026-03-16 09:10:30] INFO ndcg@20 improved. Best value: 0.0386
[2026-03-16 09:10:30] INFO Best model checkpoint saved in saved/SASRec/noisy_5/2026-03-16-09-07-40-931336.ckpt.
[2026-03-16 09:10:43] INFO {'epoch': 20, 'toy_5_ndcg@20': tensor(0.0389), 'toy_5_recall@20': tensor(0.0827), 'ndcg@20': tensor(0.0389), 'recall@20': tensor(0.0827), 'train_loss_0': tensor(0.5497, device='cuda:0')}
[2026-03-16 09:10:43] INFO training_time: 165.66900515556335
[2026-03-16 09:10:43] INFO inference_time: 13.019079685211182
[2026-03-16 09:10:43] INFO ndcg@20 improved. Best value: 0.0389
[2026-03-16 09:10:43] INFO Best model checkpoint saved in saved/SASRec/noisy_5/2026-03-16-09-07-40-931336.ckpt.
[2026-03-16 09:10:56] INFO {'epoch': 21, 'toy_5_ndcg@20': tensor(0.0396), 'toy_5_recall@20': tensor(0.0852), 'ndcg@20': tensor(0.0396), 'recall@20': tensor(0.0852), 'train_loss_0': tensor(0.5328, device='cuda:0')}
[2026-03-16 09:10:56] INFO training_time: 177.6336076259613
[2026-03-16 09:10:56] INFO inference_time: 13.686347246170044
[2026-03-16 09:10:56] INFO ndcg@20 improved. Best value: 0.0396
[2026-03-16 09:10:56] INFO Best model checkpoint saved in saved/SASRec/noisy_5/2026-03-16-09-07-40-931336.ckpt.
[2026-03-16 09:11:09] INFO {'epoch': 22, 'toy_5_ndcg@20': tensor(0.0412), 'toy_5_recall@20': tensor(0.0877), 'ndcg@20': tensor(0.0412), 'recall@20': tensor(0.0877), 'train_loss_0': tensor(0.5227, device='cuda:0')}
[2026-03-16 09:11:09] INFO training_time: 189.52046370506287
[2026-03-16 09:11:09] INFO inference_time: 14.430958986282349
[2026-03-16 09:11:09] INFO ndcg@20 improved. Best value: 0.0412
[2026-03-16 09:11:09] INFO Best model checkpoint saved in saved/SASRec/noisy_5/2026-03-16-09-07-40-931336.ckpt.
[2026-03-16 09:11:21] INFO {'epoch': 23, 'toy_5_ndcg@20': tensor(0.0413), 'toy_5_recall@20': tensor(0.0893), 'ndcg@20': tensor(0.0413), 'recall@20': tensor(0.0893), 'train_loss_0': tensor(0.5107, device='cuda:0')}
[2026-03-16 09:11:21] INFO training_time: 201.5211250782013
[2026-03-16 09:11:21] INFO inference_time: 15.184103965759277
[2026-03-16 09:11:21] INFO ndcg@20 improved. Best value: 0.0413
[2026-03-16 09:11:21] INFO Best model checkpoint saved in saved/SASRec/noisy_5/2026-03-16-09-07-40-931336.ckpt.
[2026-03-16 09:11:34] INFO {'epoch': 24, 'toy_5_ndcg@20': tensor(0.0416), 'toy_5_recall@20': tensor(0.0897), 'ndcg@20': tensor(0.0416), 'recall@20': tensor(0.0897), 'train_loss_0': tensor(0.5009, device='cuda:0')}
[2026-03-16 09:11:34] INFO training_time: 213.50807738304138
[2026-03-16 09:11:34] INFO inference_time: 15.960030794143677
[2026-03-16 09:11:34] INFO ndcg@20 improved. Best value: 0.0416
[2026-03-16 09:11:34] INFO Best model checkpoint saved in saved/SASRec/noisy_5/2026-03-16-09-07-40-931336.ckpt.
[2026-03-16 09:11:47] INFO {'epoch': 25, 'toy_5_ndcg@20': tensor(0.0425), 'toy_5_recall@20': tensor(0.0897), 'ndcg@20': tensor(0.0425), 'recall@20': tensor(0.0897), 'train_loss_0': tensor(0.4938, device='cuda:0')}
[2026-03-16 09:11:47] INFO training_time: 225.40763688087463
[2026-03-16 09:11:47] INFO inference_time: 16.558454513549805
[2026-03-16 09:11:47] INFO ndcg@20 improved. Best value: 0.0425
[2026-03-16 09:11:47] INFO Best model checkpoint saved in saved/SASRec/noisy_5/2026-03-16-09-07-40-931336.ckpt.
[2026-03-16 09:11:59] INFO {'epoch': 26, 'toy_5_ndcg@20': tensor(0.0429), 'toy_5_recall@20': tensor(0.0902), 'ndcg@20': tensor(0.0429), 'recall@20': tensor(0.0902), 'train_loss_0': tensor(0.4836, device='cuda:0')}
[2026-03-16 09:11:59] INFO training_time: 237.2594029903412
[2026-03-16 09:11:59] INFO inference_time: 17.102279901504517
[2026-03-16 09:11:59] INFO ndcg@20 improved. Best value: 0.0429
[2026-03-16 09:11:59] INFO Best model checkpoint saved in saved/SASRec/noisy_5/2026-03-16-09-07-40-931336.ckpt.
[2026-03-16 09:12:12] INFO {'epoch': 27, 'toy_5_ndcg@20': tensor(0.0429), 'toy_5_recall@20': tensor(0.0921), 'ndcg@20': tensor(0.0429), 'recall@20': tensor(0.0921), 'train_loss_0': tensor(0.4747, device='cuda:0')}
[2026-03-16 09:12:12] INFO training_time: 249.11413669586182
[2026-03-16 09:12:12] INFO inference_time: 17.81058430671692
[2026-03-16 09:12:24] INFO {'epoch': 28, 'toy_5_ndcg@20': tensor(0.0440), 'toy_5_recall@20': tensor(0.0946), 'ndcg@20': tensor(0.0440), 'recall@20': tensor(0.0946), 'train_loss_0': tensor(0.4655, device='cuda:0')}
[2026-03-16 09:12:24] INFO training_time: 260.86380434036255
[2026-03-16 09:12:24] INFO inference_time: 18.4255530834198
[2026-03-16 09:12:24] INFO ndcg@20 improved. Best value: 0.0440
[2026-03-16 09:12:24] INFO Best model checkpoint saved in saved/SASRec/noisy_5/2026-03-16-09-07-40-931336.ckpt.
[2026-03-16 09:12:37] INFO {'epoch': 29, 'toy_5_ndcg@20': tensor(0.0442), 'toy_5_recall@20': tensor(0.0934), 'ndcg@20': tensor(0.0442), 'recall@20': tensor(0.0934), 'train_loss_0': tensor(0.4602, device='cuda:0')}
[2026-03-16 09:12:37] INFO training_time: 272.75547218322754
[2026-03-16 09:12:37] INFO inference_time: 19.046493768692017
[2026-03-16 09:12:37] INFO ndcg@20 improved. Best value: 0.0442
[2026-03-16 09:12:37] INFO Best model checkpoint saved in saved/SASRec/noisy_5/2026-03-16-09-07-40-931336.ckpt.
[2026-03-16 09:12:49] INFO {'epoch': 30, 'toy_5_ndcg@20': tensor(0.0433), 'toy_5_recall@20': tensor(0.0922), 'ndcg@20': tensor(0.0433), 'recall@20': tensor(0.0922), 'train_loss_0': tensor(0.4516, device='cuda:0')}
[2026-03-16 09:12:49] INFO training_time: 284.5420935153961
[2026-03-16 09:12:49] INFO inference_time: 20.094568490982056
[2026-03-16 09:13:02] INFO {'epoch': 31, 'toy_5_ndcg@20': tensor(0.0447), 'toy_5_recall@20': tensor(0.0948), 'ndcg@20': tensor(0.0447), 'recall@20': tensor(0.0948), 'train_loss_0': tensor(0.4474, device='cuda:0')}
[2026-03-16 09:13:02] INFO training_time: 296.37204480171204
[2026-03-16 09:13:02] INFO inference_time: 20.646466970443726
[2026-03-16 09:13:02] INFO ndcg@20 improved. Best value: 0.0447
[2026-03-16 09:13:02] INFO Best model checkpoint saved in saved/SASRec/noisy_5/2026-03-16-09-07-40-931336.ckpt.
[2026-03-16 09:13:14] INFO {'epoch': 32, 'toy_5_ndcg@20': tensor(0.0444), 'toy_5_recall@20': tensor(0.0947), 'ndcg@20': tensor(0.0444), 'recall@20': tensor(0.0947), 'train_loss_0': tensor(0.4455, device='cuda:0')}
[2026-03-16 09:13:14] INFO training_time: 308.19641494750977
[2026-03-16 09:13:14] INFO inference_time: 21.173081398010254
[2026-03-16 09:13:27] INFO {'epoch': 33, 'toy_5_ndcg@20': tensor(0.0438), 'toy_5_recall@20': tensor(0.0932), 'ndcg@20': tensor(0.0438), 'recall@20': tensor(0.0932), 'train_loss_0': tensor(0.4350, device='cuda:0')}
[2026-03-16 09:13:27] INFO training_time: 319.9613206386566
[2026-03-16 09:13:27] INFO inference_time: 21.704763650894165
[2026-03-16 09:13:39] INFO {'epoch': 34, 'toy_5_ndcg@20': tensor(0.0442), 'toy_5_recall@20': tensor(0.0944), 'ndcg@20': tensor(0.0442), 'recall@20': tensor(0.0944), 'train_loss_0': tensor(0.4297, device='cuda:0')}
[2026-03-16 09:13:39] INFO training_time: 331.87056946754456
[2026-03-16 09:13:39] INFO inference_time: 22.416056156158447
[2026-03-16 09:13:52] INFO {'epoch': 35, 'toy_5_ndcg@20': tensor(0.0452), 'toy_5_recall@20': tensor(0.0957), 'ndcg@20': tensor(0.0452), 'recall@20': tensor(0.0957), 'train_loss_0': tensor(0.4262, device='cuda:0')}
[2026-03-16 09:13:52] INFO training_time: 343.87162923812866
[2026-03-16 09:13:52] INFO inference_time: 23.15619921684265
[2026-03-16 09:13:52] INFO ndcg@20 improved. Best value: 0.0452
[2026-03-16 09:13:52] INFO Best model checkpoint saved in saved/SASRec/noisy_5/2026-03-16-09-07-40-931336.ckpt.
[2026-03-16 09:14:05] INFO {'epoch': 36, 'toy_5_ndcg@20': tensor(0.0448), 'toy_5_recall@20': tensor(0.0936), 'ndcg@20': tensor(0.0448), 'recall@20': tensor(0.0936), 'train_loss_0': tensor(0.4220, device='cuda:0')}
[2026-03-16 09:14:05] INFO training_time: 355.8060805797577
[2026-03-16 09:14:05] INFO inference_time: 23.9226975440979
[2026-03-16 09:14:17] INFO {'epoch': 37, 'toy_5_ndcg@20': tensor(0.0452), 'toy_5_recall@20': tensor(0.0940), 'ndcg@20': tensor(0.0452), 'recall@20': tensor(0.0940), 'train_loss_0': tensor(0.4162, device='cuda:0')}
[2026-03-16 09:14:17] INFO training_time: 367.7650456428528
[2026-03-16 09:14:17] INFO inference_time: 24.662465572357178
[2026-03-16 09:14:30] INFO {'epoch': 38, 'toy_5_ndcg@20': tensor(0.0457), 'toy_5_recall@20': tensor(0.0956), 'ndcg@20': tensor(0.0457), 'recall@20': tensor(0.0956), 'train_loss_0': tensor(0.4152, device='cuda:0')}
[2026-03-16 09:14:30] INFO training_time: 379.64150881767273
[2026-03-16 09:14:30] INFO inference_time: 25.153144121170044
[2026-03-16 09:14:30] INFO ndcg@20 improved. Best value: 0.0457
[2026-03-16 09:14:30] INFO Best model checkpoint saved in saved/SASRec/noisy_5/2026-03-16-09-07-40-931336.ckpt.
[2026-03-16 09:14:42] INFO {'epoch': 39, 'toy_5_ndcg@20': tensor(0.0457), 'toy_5_recall@20': tensor(0.0960), 'ndcg@20': tensor(0.0457), 'recall@20': tensor(0.0960), 'train_loss_0': tensor(0.4097, device='cuda:0')}
[2026-03-16 09:14:42] INFO training_time: 391.5405032634735
[2026-03-16 09:14:42] INFO inference_time: 25.818430185317993
[2026-03-16 09:14:42] INFO ndcg@20 improved. Best value: 0.0457
[2026-03-16 09:14:42] INFO Best model checkpoint saved in saved/SASRec/noisy_5/2026-03-16-09-07-40-931336.ckpt.
[2026-03-16 09:14:55] INFO {'epoch': 40, 'toy_5_ndcg@20': tensor(0.0453), 'toy_5_recall@20': tensor(0.0970), 'ndcg@20': tensor(0.0453), 'recall@20': tensor(0.0970), 'train_loss_0': tensor(0.4024, device='cuda:0')}
[2026-03-16 09:14:55] INFO training_time: 403.467027425766
[2026-03-16 09:14:55] INFO inference_time: 26.605555772781372
[2026-03-16 09:15:08] INFO {'epoch': 41, 'toy_5_ndcg@20': tensor(0.0467), 'toy_5_recall@20': tensor(0.0967), 'ndcg@20': tensor(0.0467), 'recall@20': tensor(0.0967), 'train_loss_0': tensor(0.4071, device='cuda:0')}
[2026-03-16 09:15:08] INFO training_time: 415.37121748924255
[2026-03-16 09:15:08] INFO inference_time: 27.27065634727478
[2026-03-16 09:15:08] INFO ndcg@20 improved. Best value: 0.0467
[2026-03-16 09:15:08] INFO Best model checkpoint saved in saved/SASRec/noisy_5/2026-03-16-09-07-40-931336.ckpt.
[2026-03-16 09:15:20] INFO {'epoch': 42, 'toy_5_ndcg@20': tensor(0.0464), 'toy_5_recall@20': tensor(0.0967), 'ndcg@20': tensor(0.0464), 'recall@20': tensor(0.0967), 'train_loss_0': tensor(0.4025, device='cuda:0')}
[2026-03-16 09:15:20] INFO training_time: 427.20928859710693
[2026-03-16 09:15:20] INFO inference_time: 27.967318773269653
[2026-03-16 09:15:33] INFO {'epoch': 43, 'toy_5_ndcg@20': tensor(0.0465), 'toy_5_recall@20': tensor(0.0980), 'ndcg@20': tensor(0.0465), 'recall@20': tensor(0.0980), 'train_loss_0': tensor(0.3961, device='cuda:0')}
[2026-03-16 09:15:33] INFO training_time: 439.11333537101746
[2026-03-16 09:15:33] INFO inference_time: 28.697130918502808
[2026-03-16 09:15:45] INFO {'epoch': 44, 'toy_5_ndcg@20': tensor(0.0466), 'toy_5_recall@20': tensor(0.0984), 'ndcg@20': tensor(0.0466), 'recall@20': tensor(0.0984), 'train_loss_0': tensor(0.3948, device='cuda:0')}
[2026-03-16 09:15:45] INFO training_time: 450.8139078617096
[2026-03-16 09:15:45] INFO inference_time: 29.504818201065063
[2026-03-16 09:15:58] INFO {'epoch': 45, 'toy_5_ndcg@20': tensor(0.0463), 'toy_5_recall@20': tensor(0.0972), 'ndcg@20': tensor(0.0463), 'recall@20': tensor(0.0972), 'train_loss_0': tensor(0.3906, device='cuda:0')}
[2026-03-16 09:15:58] INFO training_time: 462.59375047683716
[2026-03-16 09:15:58] INFO inference_time: 30.14576268196106
[2026-03-16 09:16:10] INFO {'epoch': 46, 'toy_5_ndcg@20': tensor(0.0462), 'toy_5_recall@20': tensor(0.0984), 'ndcg@20': tensor(0.0462), 'recall@20': tensor(0.0984), 'train_loss_0': tensor(0.3932, device='cuda:0')}
[2026-03-16 09:16:10] INFO training_time: 474.3029749393463
[2026-03-16 09:16:10] INFO inference_time: 30.646899223327637
[2026-03-16 09:16:23] INFO {'epoch': 47, 'toy_5_ndcg@20': tensor(0.0465), 'toy_5_recall@20': tensor(0.0965), 'ndcg@20': tensor(0.0465), 'recall@20': tensor(0.0965), 'train_loss_0': tensor(0.3885, device='cuda:0')}
[2026-03-16 09:16:23] INFO training_time: 486.2936387062073
[2026-03-16 09:16:23] INFO inference_time: 31.29952645301819
[2026-03-16 09:16:35] INFO {'epoch': 48, 'toy_5_ndcg@20': tensor(0.0469), 'toy_5_recall@20': tensor(0.0976), 'ndcg@20': tensor(0.0469), 'recall@20': tensor(0.0976), 'train_loss_0': tensor(0.3880, device='cuda:0')}
[2026-03-16 09:16:35] INFO training_time: 498.18550848960876
[2026-03-16 09:16:35] INFO inference_time: 31.941349983215332
[2026-03-16 09:16:35] INFO ndcg@20 improved. Best value: 0.0469
[2026-03-16 09:16:35] INFO Best model checkpoint saved in saved/SASRec/noisy_5/2026-03-16-09-07-40-931336.ckpt.
[2026-03-16 09:16:48] INFO {'epoch': 49, 'toy_5_ndcg@20': tensor(0.0471), 'toy_5_recall@20': tensor(0.0983), 'ndcg@20': tensor(0.0471), 'recall@20': tensor(0.0983), 'train_loss_0': tensor(0.3808, device='cuda:0')}
[2026-03-16 09:16:48] INFO training_time: 510.096040725708
[2026-03-16 09:16:48] INFO inference_time: 32.77682423591614
[2026-03-16 09:16:48] INFO ndcg@20 improved. Best value: 0.0471
[2026-03-16 09:16:48] INFO Best model checkpoint saved in saved/SASRec/noisy_5/2026-03-16-09-07-40-931336.ckpt.
[2026-03-16 09:17:01] INFO {'epoch': 50, 'toy_5_ndcg@20': tensor(0.0474), 'toy_5_recall@20': tensor(0.0992), 'ndcg@20': tensor(0.0474), 'recall@20': tensor(0.0992), 'train_loss_0': tensor(0.3796, device='cuda:0')}
[2026-03-16 09:17:01] INFO training_time: 521.883948802948
[2026-03-16 09:17:01] INFO inference_time: 33.55321526527405
[2026-03-16 09:17:01] INFO ndcg@20 improved. Best value: 0.0474
[2026-03-16 09:17:01] INFO Best model checkpoint saved in saved/SASRec/noisy_5/2026-03-16-09-07-40-931336.ckpt.
[2026-03-16 09:17:13] INFO {'epoch': 51, 'toy_5_ndcg@20': tensor(0.0470), 'toy_5_recall@20': tensor(0.1001), 'ndcg@20': tensor(0.0470), 'recall@20': tensor(0.1001), 'train_loss_0': tensor(0.3788, device='cuda:0')}
[2026-03-16 09:17:13] INFO training_time: 533.6813707351685
[2026-03-16 09:17:13] INFO inference_time: 34.11126661300659
[2026-03-16 09:17:25] INFO {'epoch': 52, 'toy_5_ndcg@20': tensor(0.0465), 'toy_5_recall@20': tensor(0.0989), 'ndcg@20': tensor(0.0465), 'recall@20': tensor(0.0989), 'train_loss_0': tensor(0.3763, device='cuda:0')}
[2026-03-16 09:17:25] INFO training_time: 545.4794096946716
[2026-03-16 09:17:25] INFO inference_time: 34.66110324859619
[2026-03-16 09:17:38] INFO {'epoch': 53, 'toy_5_ndcg@20': tensor(0.0484), 'toy_5_recall@20': tensor(0.1027), 'ndcg@20': tensor(0.0484), 'recall@20': tensor(0.1027), 'train_loss_0': tensor(0.3755, device='cuda:0')}
[2026-03-16 09:17:38] INFO training_time: 557.3319044113159
[2026-03-16 09:17:38] INFO inference_time: 35.357781171798706
[2026-03-16 09:17:38] INFO ndcg@20 improved. Best value: 0.0484
[2026-03-16 09:17:38] INFO Best model checkpoint saved in saved/SASRec/noisy_5/2026-03-16-09-07-40-931336.ckpt.
[2026-03-16 09:17:51] INFO {'epoch': 54, 'toy_5_ndcg@20': tensor(0.0483), 'toy_5_recall@20': tensor(0.1015), 'ndcg@20': tensor(0.0483), 'recall@20': tensor(0.1015), 'train_loss_0': tensor(0.3738, device='cuda:0')}
[2026-03-16 09:17:51] INFO training_time: 569.2872059345245
[2026-03-16 09:17:51] INFO inference_time: 36.13548278808594
[2026-03-16 09:18:03] INFO {'epoch': 55, 'toy_5_ndcg@20': tensor(0.0479), 'toy_5_recall@20': tensor(0.0994), 'ndcg@20': tensor(0.0479), 'recall@20': tensor(0.0994), 'train_loss_0': tensor(0.3729, device='cuda:0')}
[2026-03-16 09:18:03] INFO training_time: 581.1610326766968
[2026-03-16 09:18:03] INFO inference_time: 36.897289991378784
[2026-03-16 09:18:16] INFO {'epoch': 56, 'toy_5_ndcg@20': tensor(0.0485), 'toy_5_recall@20': tensor(0.1009), 'ndcg@20': tensor(0.0485), 'recall@20': tensor(0.1009), 'train_loss_0': tensor(0.3704, device='cuda:0')}
[2026-03-16 09:18:16] INFO training_time: 593.0629091262817
[2026-03-16 09:18:16] INFO inference_time: 37.66425943374634
[2026-03-16 09:18:16] INFO ndcg@20 improved. Best value: 0.0485
[2026-03-16 09:18:16] INFO Best model checkpoint saved in saved/SASRec/noisy_5/2026-03-16-09-07-40-931336.ckpt.
[2026-03-16 09:18:28] INFO {'epoch': 57, 'toy_5_ndcg@20': tensor(0.0486), 'toy_5_recall@20': tensor(0.1014), 'ndcg@20': tensor(0.0486), 'recall@20': tensor(0.1014), 'train_loss_0': tensor(0.3683, device='cuda:0')}
[2026-03-16 09:18:28] INFO training_time: 604.8934972286224
[2026-03-16 09:18:28] INFO inference_time: 38.349403619766235
[2026-03-16 09:18:28] INFO ndcg@20 improved. Best value: 0.0486
[2026-03-16 09:18:28] INFO Best model checkpoint saved in saved/SASRec/noisy_5/2026-03-16-09-07-40-931336.ckpt.
[2026-03-16 09:18:41] INFO {'epoch': 58, 'toy_5_ndcg@20': tensor(0.0484), 'toy_5_recall@20': tensor(0.1011), 'ndcg@20': tensor(0.0484), 'recall@20': tensor(0.1011), 'train_loss_0': tensor(0.3671, device='cuda:0')}
[2026-03-16 09:18:41] INFO training_time: 616.8179490566254
[2026-03-16 09:18:41] INFO inference_time: 38.998878717422485
[2026-03-16 09:18:53] INFO {'epoch': 59, 'toy_5_ndcg@20': tensor(0.0484), 'toy_5_recall@20': tensor(0.1010), 'ndcg@20': tensor(0.0484), 'recall@20': tensor(0.1010), 'train_loss_0': tensor(0.3657, device='cuda:0')}
[2026-03-16 09:18:53] INFO training_time: 628.6379117965698
[2026-03-16 09:18:53] INFO inference_time: 39.508164405822754
[2026-03-16 09:19:06] INFO {'epoch': 60, 'toy_5_ndcg@20': tensor(0.0479), 'toy_5_recall@20': tensor(0.0997), 'ndcg@20': tensor(0.0479), 'recall@20': tensor(0.0997), 'train_loss_0': tensor(0.3696, device='cuda:0')}
[2026-03-16 09:19:06] INFO training_time: 640.4165723323822
[2026-03-16 09:19:06] INFO inference_time: 40.45298981666565
[2026-03-16 09:19:19] INFO {'epoch': 61, 'toy_5_ndcg@20': tensor(0.0475), 'toy_5_recall@20': tensor(0.1008), 'ndcg@20': tensor(0.0475), 'recall@20': tensor(0.1008), 'train_loss_0': tensor(0.3650, device='cuda:0')}
[2026-03-16 09:19:19] INFO training_time: 652.2558906078339
[2026-03-16 09:19:19] INFO inference_time: 41.03608798980713
[2026-03-16 09:19:31] INFO {'epoch': 62, 'toy_5_ndcg@20': tensor(0.0476), 'toy_5_recall@20': tensor(0.1005), 'ndcg@20': tensor(0.0476), 'recall@20': tensor(0.1005), 'train_loss_0': tensor(0.3650, device='cuda:0')}
[2026-03-16 09:19:31] INFO training_time: 664.0523290634155
[2026-03-16 09:19:31] INFO inference_time: 41.766467332839966
[2026-03-16 09:19:44] INFO {'epoch': 63, 'toy_5_ndcg@20': tensor(0.0474), 'toy_5_recall@20': tensor(0.1012), 'ndcg@20': tensor(0.0474), 'recall@20': tensor(0.1012), 'train_loss_0': tensor(0.3627, device='cuda:0')}
[2026-03-16 09:19:44] INFO training_time: 675.9893190860748
[2026-03-16 09:19:44] INFO inference_time: 42.354851722717285
[2026-03-16 09:19:56] INFO {'epoch': 64, 'toy_5_ndcg@20': tensor(0.0479), 'toy_5_recall@20': tensor(0.1025), 'ndcg@20': tensor(0.0479), 'recall@20': tensor(0.1025), 'train_loss_0': tensor(0.3621, device='cuda:0')}
[2026-03-16 09:19:56] INFO training_time: 687.7789905071259
[2026-03-16 09:19:56] INFO inference_time: 43.00612998008728
[2026-03-16 09:20:09] INFO {'epoch': 65, 'toy_5_ndcg@20': tensor(0.0480), 'toy_5_recall@20': tensor(0.1018), 'ndcg@20': tensor(0.0480), 'recall@20': tensor(0.1018), 'train_loss_0': tensor(0.3557, device='cuda:0')}
[2026-03-16 09:20:09] INFO training_time: 699.7753608226776
[2026-03-16 09:20:09] INFO inference_time: 43.681124687194824
[2026-03-16 09:20:21] INFO {'epoch': 66, 'toy_5_ndcg@20': tensor(0.0482), 'toy_5_recall@20': tensor(0.1009), 'ndcg@20': tensor(0.0482), 'recall@20': tensor(0.1009), 'train_loss_0': tensor(0.3571, device='cuda:0')}
[2026-03-16 09:20:21] INFO training_time: 711.6312527656555
[2026-03-16 09:20:21] INFO inference_time: 44.359391927719116
[2026-03-16 09:20:34] INFO {'epoch': 67, 'toy_5_ndcg@20': tensor(0.0491), 'toy_5_recall@20': tensor(0.1031), 'ndcg@20': tensor(0.0491), 'recall@20': tensor(0.1031), 'train_loss_0': tensor(0.3571, device='cuda:0')}
[2026-03-16 09:20:34] INFO training_time: 723.4988195896149
[2026-03-16 09:20:34] INFO inference_time: 45.129448652267456
[2026-03-16 09:20:34] INFO ndcg@20 improved. Best value: 0.0491
[2026-03-16 09:20:34] INFO Best model checkpoint saved in saved/SASRec/noisy_5/2026-03-16-09-07-40-931336.ckpt.
[2026-03-16 09:20:47] INFO {'epoch': 68, 'toy_5_ndcg@20': tensor(0.0486), 'toy_5_recall@20': tensor(0.1019), 'ndcg@20': tensor(0.0486), 'recall@20': tensor(0.1019), 'train_loss_0': tensor(0.3604, device='cuda:0')}
[2026-03-16 09:20:47] INFO training_time: 735.3284502029419
[2026-03-16 09:20:47] INFO inference_time: 45.91536784172058
[2026-03-16 09:20:59] INFO {'epoch': 69, 'toy_5_ndcg@20': tensor(0.0484), 'toy_5_recall@20': tensor(0.1010), 'ndcg@20': tensor(0.0484), 'recall@20': tensor(0.1010), 'train_loss_0': tensor(0.3538, device='cuda:0')}
[2026-03-16 09:20:59] INFO training_time: 747.2822358608246
[2026-03-16 09:20:59] INFO inference_time: 46.66005516052246
[2026-03-16 09:21:12] INFO {'epoch': 70, 'toy_5_ndcg@20': tensor(0.0482), 'toy_5_recall@20': tensor(0.1010), 'ndcg@20': tensor(0.0482), 'recall@20': tensor(0.1010), 'train_loss_0': tensor(0.3565, device='cuda:0')}
[2026-03-16 09:21:12] INFO training_time: 759.0699326992035
[2026-03-16 09:21:12] INFO inference_time: 47.422489643096924
[2026-03-16 09:21:24] INFO {'epoch': 71, 'toy_5_ndcg@20': tensor(0.0487), 'toy_5_recall@20': tensor(0.1017), 'ndcg@20': tensor(0.0487), 'recall@20': tensor(0.1017), 'train_loss_0': tensor(0.3555, device='cuda:0')}
[2026-03-16 09:21:24] INFO training_time: 770.9476461410522
[2026-03-16 09:21:24] INFO inference_time: 48.07358765602112
[2026-03-16 09:21:37] INFO {'epoch': 72, 'toy_5_ndcg@20': tensor(0.0488), 'toy_5_recall@20': tensor(0.1025), 'ndcg@20': tensor(0.0488), 'recall@20': tensor(0.1025), 'train_loss_0': tensor(0.3497, device='cuda:0')}
[2026-03-16 09:21:37] INFO training_time: 782.8158826828003
[2026-03-16 09:21:37] INFO inference_time: 48.58682656288147
[2026-03-16 09:21:50] INFO {'epoch': 73, 'toy_5_ndcg@20': tensor(0.0488), 'toy_5_recall@20': tensor(0.1039), 'ndcg@20': tensor(0.0488), 'recall@20': tensor(0.1039), 'train_loss_0': tensor(0.3464, device='cuda:0')}
[2026-03-16 09:21:50] INFO training_time: 794.7450444698334
[2026-03-16 09:21:50] INFO inference_time: 49.40000319480896
[2026-03-16 09:22:02] INFO {'epoch': 74, 'toy_5_ndcg@20': tensor(0.0485), 'toy_5_recall@20': tensor(0.1033), 'ndcg@20': tensor(0.0485), 'recall@20': tensor(0.1033), 'train_loss_0': tensor(0.3535, device='cuda:0')}
[2026-03-16 09:22:02] INFO training_time: 806.7196016311646
[2026-03-16 09:22:02] INFO inference_time: 49.94184708595276
[2026-03-16 09:22:15] INFO {'epoch': 75, 'toy_5_ndcg@20': tensor(0.0491), 'toy_5_recall@20': tensor(0.1020), 'ndcg@20': tensor(0.0491), 'recall@20': tensor(0.1020), 'train_loss_0': tensor(0.3526, device='cuda:0')}
[2026-03-16 09:22:15] INFO training_time: 818.61545753479
[2026-03-16 09:22:15] INFO inference_time: 50.488845109939575
[2026-03-16 09:22:27] INFO {'epoch': 76, 'toy_5_ndcg@20': tensor(0.0485), 'toy_5_recall@20': tensor(0.1024), 'ndcg@20': tensor(0.0485), 'recall@20': tensor(0.1024), 'train_loss_0': tensor(0.3441, device='cuda:0')}
[2026-03-16 09:22:27] INFO training_time: 830.5011792182922
[2026-03-16 09:22:27] INFO inference_time: 51.217466831207275
[2026-03-16 09:22:40] INFO {'epoch': 77, 'toy_5_ndcg@20': tensor(0.0489), 'toy_5_recall@20': tensor(0.1035), 'ndcg@20': tensor(0.0489), 'recall@20': tensor(0.1035), 'train_loss_0': tensor(0.3476, device='cuda:0')}
[2026-03-16 09:22:40] INFO training_time: 842.455361366272
[2026-03-16 09:22:40] INFO inference_time: 51.946268796920776
[2026-03-16 09:22:53] INFO {'epoch': 78, 'toy_5_ndcg@20': tensor(0.0487), 'toy_5_recall@20': tensor(0.1043), 'ndcg@20': tensor(0.0487), 'recall@20': tensor(0.1043), 'train_loss_0': tensor(0.3476, device='cuda:0')}
[2026-03-16 09:22:53] INFO training_time: 854.4669463634491
[2026-03-16 09:22:53] INFO inference_time: 52.681739807128906
[2026-03-16 09:23:05] INFO {'epoch': 79, 'toy_5_ndcg@20': tensor(0.0490), 'toy_5_recall@20': tensor(0.1049), 'ndcg@20': tensor(0.0490), 'recall@20': tensor(0.1049), 'train_loss_0': tensor(0.3466, device='cuda:0')}
[2026-03-16 09:23:05] INFO training_time: 866.355717420578
[2026-03-16 09:23:05] INFO inference_time: 53.44495487213135
[2026-03-16 09:23:18] INFO {'epoch': 80, 'toy_5_ndcg@20': tensor(0.0491), 'toy_5_recall@20': tensor(0.1038), 'ndcg@20': tensor(0.0491), 'recall@20': tensor(0.1038), 'train_loss_0': tensor(0.3473, device='cuda:0')}
[2026-03-16 09:23:18] INFO training_time: 878.3095388412476
[2026-03-16 09:23:18] INFO inference_time: 54.403536796569824
[2026-03-16 09:23:18] INFO ndcg@20 improved. Best value: 0.0491
[2026-03-16 09:23:18] INFO Best model checkpoint saved in saved/SASRec/noisy_5/2026-03-16-09-07-40-931336.ckpt.
[2026-03-16 09:23:31] INFO {'epoch': 81, 'toy_5_ndcg@20': tensor(0.0494), 'toy_5_recall@20': tensor(0.1043), 'ndcg@20': tensor(0.0494), 'recall@20': tensor(0.1043), 'train_loss_0': tensor(0.3443, device='cuda:0')}
[2026-03-16 09:23:31] INFO training_time: 890.1077196598053
[2026-03-16 09:23:31] INFO inference_time: 54.939481019973755
[2026-03-16 09:23:31] INFO ndcg@20 improved. Best value: 0.0494
[2026-03-16 09:23:31] INFO Best model checkpoint saved in saved/SASRec/noisy_5/2026-03-16-09-07-40-931336.ckpt.
[2026-03-16 09:23:43] INFO {'epoch': 82, 'toy_5_ndcg@20': tensor(0.0491), 'toy_5_recall@20': tensor(0.1042), 'ndcg@20': tensor(0.0491), 'recall@20': tensor(0.1042), 'train_loss_0': tensor(0.3437, device='cuda:0')}
[2026-03-16 09:23:43] INFO training_time: 901.9923865795135
[2026-03-16 09:23:43] INFO inference_time: 55.60160756111145
[2026-03-16 09:23:56] INFO {'epoch': 83, 'toy_5_ndcg@20': tensor(0.0497), 'toy_5_recall@20': tensor(0.1049), 'ndcg@20': tensor(0.0497), 'recall@20': tensor(0.1049), 'train_loss_0': tensor(0.3409, device='cuda:0')}
[2026-03-16 09:23:56] INFO training_time: 913.9104471206665
[2026-03-16 09:23:56] INFO inference_time: 56.194642305374146
[2026-03-16 09:23:56] INFO ndcg@20 improved. Best value: 0.0497
[2026-03-16 09:23:56] INFO Best model checkpoint saved in saved/SASRec/noisy_5/2026-03-16-09-07-40-931336.ckpt.
[2026-03-16 09:24:08] INFO {'epoch': 84, 'toy_5_ndcg@20': tensor(0.0505), 'toy_5_recall@20': tensor(0.1050), 'ndcg@20': tensor(0.0505), 'recall@20': tensor(0.1050), 'train_loss_0': tensor(0.3429, device='cuda:0')}
[2026-03-16 09:24:08] INFO training_time: 925.7465198040009
[2026-03-16 09:24:08] INFO inference_time: 56.95208811759949
[2026-03-16 09:24:08] INFO ndcg@20 improved. Best value: 0.0505
[2026-03-16 09:24:08] INFO Best model checkpoint saved in saved/SASRec/noisy_5/2026-03-16-09-07-40-931336.ckpt.
[2026-03-16 09:24:21] INFO {'epoch': 85, 'toy_5_ndcg@20': tensor(0.0499), 'toy_5_recall@20': tensor(0.1045), 'ndcg@20': tensor(0.0499), 'recall@20': tensor(0.1045), 'train_loss_0': tensor(0.3415, device='cuda:0')}
[2026-03-16 09:24:21] INFO training_time: 937.8458545207977
[2026-03-16 09:24:21] INFO inference_time: 57.469624042510986
[2026-03-16 09:24:33] INFO {'epoch': 86, 'toy_5_ndcg@20': tensor(0.0485), 'toy_5_recall@20': tensor(0.1043), 'ndcg@20': tensor(0.0485), 'recall@20': tensor(0.1043), 'train_loss_0': tensor(0.3410, device='cuda:0')}
[2026-03-16 09:24:34] INFO training_time: 949.829302072525
[2026-03-16 09:24:34] INFO inference_time: 58.116816997528076
[2026-03-16 09:24:46] INFO {'epoch': 87, 'toy_5_ndcg@20': tensor(0.0493), 'toy_5_recall@20': tensor(0.1050), 'ndcg@20': tensor(0.0493), 'recall@20': tensor(0.1050), 'train_loss_0': tensor(0.3400, device='cuda:0')}
[2026-03-16 09:24:46] INFO training_time: 961.7197618484497
[2026-03-16 09:24:46] INFO inference_time: 58.64441657066345
[2026-03-16 09:24:58] INFO {'epoch': 88, 'toy_5_ndcg@20': tensor(0.0495), 'toy_5_recall@20': tensor(0.1060), 'ndcg@20': tensor(0.0495), 'recall@20': tensor(0.1060), 'train_loss_0': tensor(0.3420, device='cuda:0')}
[2026-03-16 09:24:58] INFO training_time: 973.6466422080994
[2026-03-16 09:24:58] INFO inference_time: 59.14146065711975
[2026-03-16 09:25:11] INFO {'epoch': 89, 'toy_5_ndcg@20': tensor(0.0495), 'toy_5_recall@20': tensor(0.1043), 'ndcg@20': tensor(0.0495), 'recall@20': tensor(0.1043), 'train_loss_0': tensor(0.3376, device='cuda:0')}
[2026-03-16 09:25:11] INFO training_time: 985.7298247814178
[2026-03-16 09:25:11] INFO inference_time: 59.719730615615845
[2026-03-16 09:25:24] INFO {'epoch': 90, 'toy_5_ndcg@20': tensor(0.0495), 'toy_5_recall@20': tensor(0.1061), 'ndcg@20': tensor(0.0495), 'recall@20': tensor(0.1061), 'train_loss_0': tensor(0.3393, device='cuda:0')}
[2026-03-16 09:25:24] INFO training_time: 997.560702085495
[2026-03-16 09:25:24] INFO inference_time: 60.47697424888611
[2026-03-16 09:25:36] INFO {'epoch': 91, 'toy_5_ndcg@20': tensor(0.0494), 'toy_5_recall@20': tensor(0.1056), 'ndcg@20': tensor(0.0494), 'recall@20': tensor(0.1056), 'train_loss_0': tensor(0.3358, device='cuda:0')}
[2026-03-16 09:25:36] INFO training_time: 1009.4512071609497
[2026-03-16 09:25:36] INFO inference_time: 61.07566523551941
[2026-03-16 09:25:49] INFO {'epoch': 92, 'toy_5_ndcg@20': tensor(0.0497), 'toy_5_recall@20': tensor(0.1045), 'ndcg@20': tensor(0.0497), 'recall@20': tensor(0.1045), 'train_loss_0': tensor(0.3315, device='cuda:0')}
[2026-03-16 09:25:49] INFO training_time: 1021.1882956027985
[2026-03-16 09:25:49] INFO inference_time: 61.8575541973114
[2026-03-16 09:26:01] INFO {'epoch': 93, 'toy_5_ndcg@20': tensor(0.0497), 'toy_5_recall@20': tensor(0.1054), 'ndcg@20': tensor(0.0497), 'recall@20': tensor(0.1054), 'train_loss_0': tensor(0.3366, device='cuda:0')}
[2026-03-16 09:26:01] INFO training_time: 1033.0773100852966
[2026-03-16 09:26:01] INFO inference_time: 62.37517476081848
[2026-03-16 09:26:14] INFO {'epoch': 94, 'toy_5_ndcg@20': tensor(0.0493), 'toy_5_recall@20': tensor(0.1049), 'ndcg@20': tensor(0.0493), 'recall@20': tensor(0.1049), 'train_loss_0': tensor(0.3359, device='cuda:0')}
[2026-03-16 09:26:14] INFO training_time: 1045.1112089157104
[2026-03-16 09:26:14] INFO inference_time: 63.01692533493042
[2026-03-16 09:26:25] INFO {'epoch': 95, 'toy_5_ndcg@20': tensor(0.0492), 'toy_5_recall@20': tensor(0.1052), 'ndcg@20': tensor(0.0492), 'recall@20': tensor(0.1052), 'train_loss_0': tensor(0.3333, device='cuda:0')}
[2026-03-16 09:26:25] INFO training_time: 1055.6577503681183
[2026-03-16 09:26:25] INFO inference_time: 63.691503286361694
[2026-03-16 09:26:36] INFO {'epoch': 96, 'toy_5_ndcg@20': tensor(0.0493), 'toy_5_recall@20': tensor(0.1056), 'ndcg@20': tensor(0.0493), 'recall@20': tensor(0.1056), 'train_loss_0': tensor(0.3343, device='cuda:0')}
[2026-03-16 09:26:36] INFO training_time: 1065.9722061157227
[2026-03-16 09:26:36] INFO inference_time: 64.20025849342346
[2026-03-16 09:26:47] INFO {'epoch': 97, 'toy_5_ndcg@20': tensor(0.0499), 'toy_5_recall@20': tensor(0.1063), 'ndcg@20': tensor(0.0499), 'recall@20': tensor(0.1063), 'train_loss_0': tensor(0.3380, device='cuda:0')}
[2026-03-16 09:26:47] INFO training_time: 1076.461229801178
[2026-03-16 09:26:47] INFO inference_time: 64.86646604537964
[2026-03-16 09:26:58] INFO {'epoch': 98, 'toy_5_ndcg@20': tensor(0.0494), 'toy_5_recall@20': tensor(0.1043), 'ndcg@20': tensor(0.0494), 'recall@20': tensor(0.1043), 'train_loss_0': tensor(0.3349, device='cuda:0')}
[2026-03-16 09:26:58] INFO training_time: 1086.8198664188385
[2026-03-16 09:26:58] INFO inference_time: 65.56848096847534
[2026-03-16 09:27:09] INFO {'epoch': 99, 'toy_5_ndcg@20': tensor(0.0505), 'toy_5_recall@20': tensor(0.1064), 'ndcg@20': tensor(0.0505), 'recall@20': tensor(0.1064), 'train_loss_0': tensor(0.3330, device='cuda:0')}
[2026-03-16 09:27:09] INFO training_time: 1097.1798889636993
[2026-03-16 09:27:09] INFO inference_time: 66.30196356773376
[2026-03-16 09:27:09] INFO ndcg@20 improved. Best value: 0.0505
[2026-03-16 09:27:09] INFO Best model checkpoint saved in saved/SASRec/noisy_5/2026-03-16-09-07-40-931336.ckpt.
[2026-03-16 09:27:20] INFO {'epoch': 100, 'toy_5_ndcg@20': tensor(0.0502), 'toy_5_recall@20': tensor(0.1047), 'ndcg@20': tensor(0.0502), 'recall@20': tensor(0.1047), 'train_loss_0': tensor(0.3313, device='cuda:0')}
[2026-03-16 09:27:20] INFO training_time: 1107.4760739803314
[2026-03-16 09:27:20] INFO inference_time: 67.07311534881592
[2026-03-16 09:27:30] INFO {'epoch': 101, 'toy_5_ndcg@20': tensor(0.0494), 'toy_5_recall@20': tensor(0.1039), 'ndcg@20': tensor(0.0494), 'recall@20': tensor(0.1039), 'train_loss_0': tensor(0.3297, device='cuda:0')}
[2026-03-16 09:27:30] INFO training_time: 1116.7248408794403
[2026-03-16 09:27:30] INFO inference_time: 67.63662338256836
[2026-03-16 09:27:39] INFO {'epoch': 102, 'toy_5_ndcg@20': tensor(0.0493), 'toy_5_recall@20': tensor(0.1048), 'ndcg@20': tensor(0.0493), 'recall@20': tensor(0.1048), 'train_loss_0': tensor(0.3324, device='cuda:0')}
[2026-03-16 09:27:39] INFO training_time: 1125.6236577033997
[2026-03-16 09:27:39] INFO inference_time: 68.12367725372314
[2026-03-16 09:27:49] INFO {'epoch': 103, 'toy_5_ndcg@20': tensor(0.0500), 'toy_5_recall@20': tensor(0.1066), 'ndcg@20': tensor(0.0500), 'recall@20': tensor(0.1066), 'train_loss_0': tensor(0.3288, device='cuda:0')}
[2026-03-16 09:27:49] INFO training_time: 1134.4918875694275
[2026-03-16 09:27:49] INFO inference_time: 68.61982226371765
[2026-03-16 09:27:58] INFO {'epoch': 104, 'toy_5_ndcg@20': tensor(0.0502), 'toy_5_recall@20': tensor(0.1060), 'ndcg@20': tensor(0.0502), 'recall@20': tensor(0.1060), 'train_loss_0': tensor(0.3253, device='cuda:0')}
[2026-03-16 09:27:58] INFO training_time: 1143.1651456356049
[2026-03-16 09:27:58] INFO inference_time: 69.20330548286438
[2026-03-16 09:28:08] INFO {'epoch': 105, 'toy_5_ndcg@20': tensor(0.0505), 'toy_5_recall@20': tensor(0.1066), 'ndcg@20': tensor(0.0505), 'recall@20': tensor(0.1066), 'train_loss_0': tensor(0.3344, device='cuda:0')}
[2026-03-16 09:28:08] INFO training_time: 1152.128207206726
[2026-03-16 09:28:08] INFO inference_time: 69.9515631198883
[2026-03-16 09:28:17] INFO {'epoch': 106, 'toy_5_ndcg@20': tensor(0.0496), 'toy_5_recall@20': tensor(0.1063), 'ndcg@20': tensor(0.0496), 'recall@20': tensor(0.1063), 'train_loss_0': tensor(0.3261, device='cuda:0')}
[2026-03-16 09:28:17] INFO training_time: 1161.0707566738129
[2026-03-16 09:28:17] INFO inference_time: 70.52869534492493
[2026-03-16 09:28:27] INFO {'epoch': 107, 'toy_5_ndcg@20': tensor(0.0501), 'toy_5_recall@20': tensor(0.1061), 'ndcg@20': tensor(0.0501), 'recall@20': tensor(0.1061), 'train_loss_0': tensor(0.3306, device='cuda:0')}
[2026-03-16 09:28:27] INFO training_time: 1169.8779528141022
[2026-03-16 09:28:27] INFO inference_time: 71.16680717468262
[2026-03-16 09:28:36] INFO {'epoch': 108, 'toy_5_ndcg@20': tensor(0.0500), 'toy_5_recall@20': tensor(0.1056), 'ndcg@20': tensor(0.0500), 'recall@20': tensor(0.1056), 'train_loss_0': tensor(0.3283, device='cuda:0')}
[2026-03-16 09:28:36] INFO training_time: 1178.764187335968
[2026-03-16 09:28:36] INFO inference_time: 71.82657122612
[2026-03-16 09:28:46] INFO {'epoch': 109, 'toy_5_ndcg@20': tensor(0.0497), 'toy_5_recall@20': tensor(0.1044), 'ndcg@20': tensor(0.0497), 'recall@20': tensor(0.1044), 'train_loss_0': tensor(0.3251, device='cuda:0')}
[2026-03-16 09:28:46] INFO training_time: 1187.6510977745056
[2026-03-16 09:28:46] INFO inference_time: 72.38463139533997
[2026-03-16 09:28:55] INFO {'epoch': 110, 'toy_5_ndcg@20': tensor(0.0500), 'toy_5_recall@20': tensor(0.1055), 'ndcg@20': tensor(0.0500), 'recall@20': tensor(0.1055), 'train_loss_0': tensor(0.3283, device='cuda:0')}
[2026-03-16 09:28:55] INFO training_time: 1196.5435633659363
[2026-03-16 09:28:55] INFO inference_time: 73.10116720199585
[2026-03-16 09:29:05] INFO {'epoch': 111, 'toy_5_ndcg@20': tensor(0.0501), 'toy_5_recall@20': tensor(0.1055), 'ndcg@20': tensor(0.0501), 'recall@20': tensor(0.1055), 'train_loss_0': tensor(0.3250, device='cuda:0')}
[2026-03-16 09:29:05] INFO training_time: 1205.1751339435577
[2026-03-16 09:29:05] INFO inference_time: 73.63285112380981
[2026-03-16 09:29:13] INFO {'epoch': 112, 'toy_5_ndcg@20': tensor(0.0507), 'toy_5_recall@20': tensor(0.1063), 'ndcg@20': tensor(0.0507), 'recall@20': tensor(0.1063), 'train_loss_0': tensor(0.3320, device='cuda:0')}
[2026-03-16 09:29:13] INFO training_time: 1212.6400172710419
[2026-03-16 09:29:13] INFO inference_time: 74.32477688789368
[2026-03-16 09:29:13] INFO ndcg@20 improved. Best value: 0.0507
[2026-03-16 09:29:13] INFO Best model checkpoint saved in saved/SASRec/noisy_5/2026-03-16-09-07-40-931336.ckpt.
[2026-03-16 09:29:20] INFO {'epoch': 113, 'toy_5_ndcg@20': tensor(0.0496), 'toy_5_recall@20': tensor(0.1038), 'ndcg@20': tensor(0.0496), 'recall@20': tensor(0.1038), 'train_loss_0': tensor(0.3268, device='cuda:0')}
[2026-03-16 09:29:20] INFO training_time: 1219.6538944244385
[2026-03-16 09:29:20] INFO inference_time: 74.94952750205994
[2026-03-16 09:29:27] INFO {'epoch': 114, 'toy_5_ndcg@20': tensor(0.0486), 'toy_5_recall@20': tensor(0.1033), 'ndcg@20': tensor(0.0486), 'recall@20': tensor(0.1033), 'train_loss_0': tensor(0.3260, device='cuda:0')}
[2026-03-16 09:29:27] INFO training_time: 1225.707398891449
[2026-03-16 09:29:27] INFO inference_time: 75.55187034606934
[2026-03-16 09:29:34] INFO {'epoch': 115, 'toy_5_ndcg@20': tensor(0.0490), 'toy_5_recall@20': tensor(0.1047), 'ndcg@20': tensor(0.0490), 'recall@20': tensor(0.1047), 'train_loss_0': tensor(0.3212, device='cuda:0')}
[2026-03-16 09:29:34] INFO training_time: 1231.8008637428284
[2026-03-16 09:29:34] INFO inference_time: 76.2578194141388
[2026-03-16 09:29:41] INFO {'epoch': 116, 'toy_5_ndcg@20': tensor(0.0499), 'toy_5_recall@20': tensor(0.1043), 'ndcg@20': tensor(0.0499), 'recall@20': tensor(0.1043), 'train_loss_0': tensor(0.3273, device='cuda:0')}
[2026-03-16 09:29:41] INFO training_time: 1238.0196652412415
[2026-03-16 09:29:41] INFO inference_time: 76.93233752250671
[2026-03-16 09:29:48] INFO {'epoch': 117, 'toy_5_ndcg@20': tensor(0.0513), 'toy_5_recall@20': tensor(0.1081), 'ndcg@20': tensor(0.0513), 'recall@20': tensor(0.1081), 'train_loss_0': tensor(0.3248, device='cuda:0')}
[2026-03-16 09:29:48] INFO training_time: 1244.1739058494568
[2026-03-16 09:29:48] INFO inference_time: 77.54002261161804
[2026-03-16 09:29:48] INFO ndcg@20 improved. Best value: 0.0513
[2026-03-16 09:29:48] INFO Best model checkpoint saved in saved/SASRec/noisy_5/2026-03-16-09-07-40-931336.ckpt.
[2026-03-16 09:29:54] INFO {'epoch': 118, 'toy_5_ndcg@20': tensor(0.0507), 'toy_5_recall@20': tensor(0.1059), 'ndcg@20': tensor(0.0507), 'recall@20': tensor(0.1059), 'train_loss_0': tensor(0.3248, device='cuda:0')}
[2026-03-16 09:29:54] INFO training_time: 1250.1239988803864
[2026-03-16 09:29:54] INFO inference_time: 78.08437323570251
[2026-03-16 09:30:01] INFO {'epoch': 119, 'toy_5_ndcg@20': tensor(0.0503), 'toy_5_recall@20': tensor(0.1062), 'ndcg@20': tensor(0.0503), 'recall@20': tensor(0.1062), 'train_loss_0': tensor(0.3241, device='cuda:0')}
[2026-03-16 09:30:01] INFO training_time: 1256.4794962406158
[2026-03-16 09:30:01] INFO inference_time: 78.69902491569519
[2026-03-16 09:30:08] INFO {'epoch': 120, 'toy_5_ndcg@20': tensor(0.0500), 'toy_5_recall@20': tensor(0.1062), 'ndcg@20': tensor(0.0500), 'recall@20': tensor(0.1062), 'train_loss_0': tensor(0.3213, device='cuda:0')}
[2026-03-16 09:30:08] INFO training_time: 1262.4803524017334
[2026-03-16 09:30:08] INFO inference_time: 79.60213494300842
[2026-03-16 09:30:15] INFO {'epoch': 121, 'toy_5_ndcg@20': tensor(0.0507), 'toy_5_recall@20': tensor(0.1067), 'ndcg@20': tensor(0.0507), 'recall@20': tensor(0.1067), 'train_loss_0': tensor(0.3208, device='cuda:0')}
[2026-03-16 09:30:15] INFO training_time: 1268.5202460289001
[2026-03-16 09:30:15] INFO inference_time: 80.3289589881897
[2026-03-16 09:30:22] INFO {'epoch': 122, 'toy_5_ndcg@20': tensor(0.0507), 'toy_5_recall@20': tensor(0.1071), 'ndcg@20': tensor(0.0507), 'recall@20': tensor(0.1071), 'train_loss_0': tensor(0.3216, device='cuda:0')}
[2026-03-16 09:30:22] INFO training_time: 1274.7409296035767
[2026-03-16 09:30:22] INFO inference_time: 81.00418400764465
[2026-03-16 09:30:28] INFO {'epoch': 123, 'toy_5_ndcg@20': tensor(0.0501), 'toy_5_recall@20': tensor(0.1062), 'ndcg@20': tensor(0.0501), 'recall@20': tensor(0.1062), 'train_loss_0': tensor(0.3204, device='cuda:0')}
[2026-03-16 09:30:28] INFO training_time: 1280.7891104221344
[2026-03-16 09:30:28] INFO inference_time: 81.63234162330627
[2026-03-16 09:30:35] INFO {'epoch': 124, 'toy_5_ndcg@20': tensor(0.0503), 'toy_5_recall@20': tensor(0.1053), 'ndcg@20': tensor(0.0503), 'recall@20': tensor(0.1053), 'train_loss_0': tensor(0.3213, device='cuda:0')}
[2026-03-16 09:30:35] INFO training_time: 1287.0179476737976
[2026-03-16 09:30:35] INFO inference_time: 82.23329019546509
[2026-03-16 09:30:42] INFO {'epoch': 125, 'toy_5_ndcg@20': tensor(0.0510), 'toy_5_recall@20': tensor(0.1066), 'ndcg@20': tensor(0.0510), 'recall@20': tensor(0.1066), 'train_loss_0': tensor(0.3206, device='cuda:0')}
[2026-03-16 09:30:42] INFO training_time: 1293.0392384529114
[2026-03-16 09:30:42] INFO inference_time: 82.83517360687256
[2026-03-16 09:30:49] INFO {'epoch': 126, 'toy_5_ndcg@20': tensor(0.0503), 'toy_5_recall@20': tensor(0.1060), 'ndcg@20': tensor(0.0503), 'recall@20': tensor(0.1060), 'train_loss_0': tensor(0.3218, device='cuda:0')}
[2026-03-16 09:30:49] INFO training_time: 1299.2575249671936
[2026-03-16 09:30:49] INFO inference_time: 83.50728726387024
[2026-03-16 09:30:56] INFO {'epoch': 127, 'toy_5_ndcg@20': tensor(0.0507), 'toy_5_recall@20': tensor(0.1064), 'ndcg@20': tensor(0.0507), 'recall@20': tensor(0.1064), 'train_loss_0': tensor(0.3195, device='cuda:0')}
[2026-03-16 09:30:56] INFO training_time: 1305.532084941864
[2026-03-16 09:30:56] INFO inference_time: 84.18104791641235
[2026-03-16 09:31:03] INFO {'epoch': 128, 'toy_5_ndcg@20': tensor(0.0497), 'toy_5_recall@20': tensor(0.1061), 'ndcg@20': tensor(0.0497), 'recall@20': tensor(0.1061), 'train_loss_0': tensor(0.3186, device='cuda:0')}
[2026-03-16 09:31:03] INFO training_time: 1311.7659275531769
[2026-03-16 09:31:03] INFO inference_time: 84.85312604904175
[2026-03-16 09:31:09] INFO {'epoch': 129, 'toy_5_ndcg@20': tensor(0.0501), 'toy_5_recall@20': tensor(0.1057), 'ndcg@20': tensor(0.0501), 'recall@20': tensor(0.1057), 'train_loss_0': tensor(0.3199, device='cuda:0')}
[2026-03-16 09:31:09] INFO training_time: 1317.711284160614
[2026-03-16 09:31:09] INFO inference_time: 85.45807528495789
[2026-03-16 09:31:16] INFO {'epoch': 130, 'toy_5_ndcg@20': tensor(0.0503), 'toy_5_recall@20': tensor(0.1066), 'ndcg@20': tensor(0.0503), 'recall@20': tensor(0.1066), 'train_loss_0': tensor(0.3259, device='cuda:0')}
[2026-03-16 09:31:16] INFO training_time: 1324.1256973743439
[2026-03-16 09:31:16] INFO inference_time: 86.2779188156128
[2026-03-16 09:31:23] INFO {'epoch': 131, 'toy_5_ndcg@20': tensor(0.0510), 'toy_5_recall@20': tensor(0.1073), 'ndcg@20': tensor(0.0510), 'recall@20': tensor(0.1073), 'train_loss_0': tensor(0.3185, device='cuda:0')}
[2026-03-16 09:31:23] INFO training_time: 1330.285611152649
[2026-03-16 09:31:23] INFO inference_time: 86.87354016304016
[2026-03-16 09:31:30] INFO {'epoch': 132, 'toy_5_ndcg@20': tensor(0.0507), 'toy_5_recall@20': tensor(0.1070), 'ndcg@20': tensor(0.0507), 'recall@20': tensor(0.1070), 'train_loss_0': tensor(0.3189, device='cuda:0')}
[2026-03-16 09:31:30] INFO training_time: 1336.2969357967377
[2026-03-16 09:31:30] INFO inference_time: 87.55237364768982
[2026-03-16 09:31:37] INFO {'epoch': 133, 'toy_5_ndcg@20': tensor(0.0504), 'toy_5_recall@20': tensor(0.1080), 'ndcg@20': tensor(0.0504), 'recall@20': tensor(0.1080), 'train_loss_0': tensor(0.3140, device='cuda:0')}
[2026-03-16 09:31:37] INFO training_time: 1342.6827726364136
[2026-03-16 09:31:37] INFO inference_time: 88.2366738319397
[2026-03-16 09:31:44] INFO {'epoch': 134, 'toy_5_ndcg@20': tensor(0.0502), 'toy_5_recall@20': tensor(0.1074), 'ndcg@20': tensor(0.0502), 'recall@20': tensor(0.1074), 'train_loss_0': tensor(0.3162, device='cuda:0')}
[2026-03-16 09:31:44] INFO training_time: 1348.7193417549133
[2026-03-16 09:31:44] INFO inference_time: 88.92656373977661
[2026-03-16 09:31:51] INFO {'epoch': 135, 'toy_5_ndcg@20': tensor(0.0509), 'toy_5_recall@20': tensor(0.1080), 'ndcg@20': tensor(0.0509), 'recall@20': tensor(0.1080), 'train_loss_0': tensor(0.3144, device='cuda:0')}
[2026-03-16 09:31:51] INFO training_time: 1355.043485403061
[2026-03-16 09:31:51] INFO inference_time: 89.56417155265808
[2026-03-16 09:31:57] INFO {'epoch': 136, 'toy_5_ndcg@20': tensor(0.0514), 'toy_5_recall@20': tensor(0.1096), 'ndcg@20': tensor(0.0514), 'recall@20': tensor(0.1096), 'train_loss_0': tensor(0.3147, device='cuda:0')}
[2026-03-16 09:31:57] INFO training_time: 1361.2464437484741
[2026-03-16 09:31:57] INFO inference_time: 90.0141966342926
[2026-03-16 09:31:57] INFO ndcg@20 improved. Best value: 0.0514
[2026-03-16 09:31:57] INFO Best model checkpoint saved in saved/SASRec/noisy_5/2026-03-16-09-07-40-931336.ckpt.
[2026-03-16 09:32:04] INFO {'epoch': 137, 'toy_5_ndcg@20': tensor(0.0513), 'toy_5_recall@20': tensor(0.1086), 'ndcg@20': tensor(0.0513), 'recall@20': tensor(0.1086), 'train_loss_0': tensor(0.3087, device='cuda:0')}
[2026-03-16 09:32:04] INFO training_time: 1367.3254730701447
[2026-03-16 09:32:04] INFO inference_time: 90.70631217956543
[2026-03-16 09:32:11] INFO {'epoch': 138, 'toy_5_ndcg@20': tensor(0.0501), 'toy_5_recall@20': tensor(0.1070), 'ndcg@20': tensor(0.0501), 'recall@20': tensor(0.1070), 'train_loss_0': tensor(0.3173, device='cuda:0')}
[2026-03-16 09:32:11] INFO training_time: 1373.4540803432465
[2026-03-16 09:32:11] INFO inference_time: 91.37790584564209
[2026-03-16 09:32:17] INFO {'epoch': 139, 'toy_5_ndcg@20': tensor(0.0505), 'toy_5_recall@20': tensor(0.1084), 'ndcg@20': tensor(0.0505), 'recall@20': tensor(0.1084), 'train_loss_0': tensor(0.3157, device='cuda:0')}
[2026-03-16 09:32:17] INFO training_time: 1379.5493586063385
[2026-03-16 09:32:17] INFO inference_time: 91.97549390792847
[2026-03-16 09:32:24] INFO {'epoch': 140, 'toy_5_ndcg@20': tensor(0.0503), 'toy_5_recall@20': tensor(0.1086), 'ndcg@20': tensor(0.0503), 'recall@20': tensor(0.1086), 'train_loss_0': tensor(0.3128, device='cuda:0')}
[2026-03-16 09:32:24] INFO training_time: 1385.6043474674225
[2026-03-16 09:32:24] INFO inference_time: 92.79940700531006
[2026-03-16 09:32:31] INFO {'epoch': 141, 'toy_5_ndcg@20': tensor(0.0502), 'toy_5_recall@20': tensor(0.1084), 'ndcg@20': tensor(0.0502), 'recall@20': tensor(0.1084), 'train_loss_0': tensor(0.3120, device='cuda:0')}
[2026-03-16 09:32:31] INFO training_time: 1391.9031426906586
[2026-03-16 09:32:31] INFO inference_time: 93.40574049949646
[2026-03-16 09:32:38] INFO {'epoch': 142, 'toy_5_ndcg@20': tensor(0.0503), 'toy_5_recall@20': tensor(0.1084), 'ndcg@20': tensor(0.0503), 'recall@20': tensor(0.1084), 'train_loss_0': tensor(0.3183, device='cuda:0')}
[2026-03-16 09:32:38] INFO training_time: 1397.7804374694824
[2026-03-16 09:32:38] INFO inference_time: 93.91055178642273
[2026-03-16 09:32:45] INFO {'epoch': 143, 'toy_5_ndcg@20': tensor(0.0498), 'toy_5_recall@20': tensor(0.1076), 'ndcg@20': tensor(0.0498), 'recall@20': tensor(0.1076), 'train_loss_0': tensor(0.3154, device='cuda:0')}
[2026-03-16 09:32:45] INFO training_time: 1404.090764284134
[2026-03-16 09:32:45] INFO inference_time: 94.6044991016388
[2026-03-16 09:32:52] INFO {'epoch': 144, 'toy_5_ndcg@20': tensor(0.0498), 'toy_5_recall@20': tensor(0.1072), 'ndcg@20': tensor(0.0498), 'recall@20': tensor(0.1072), 'train_loss_0': tensor(0.3139, device='cuda:0')}
[2026-03-16 09:32:52] INFO training_time: 1410.295208454132
[2026-03-16 09:32:52] INFO inference_time: 95.27301502227783
[2026-03-16 09:32:59] INFO {'epoch': 145, 'toy_5_ndcg@20': tensor(0.0508), 'toy_5_recall@20': tensor(0.1081), 'ndcg@20': tensor(0.0508), 'recall@20': tensor(0.1081), 'train_loss_0': tensor(0.3117, device='cuda:0')}
[2026-03-16 09:32:59] INFO training_time: 1416.54189991951
[2026-03-16 09:32:59] INFO inference_time: 95.97114706039429
[2026-03-16 09:33:05] INFO {'epoch': 146, 'toy_5_ndcg@20': tensor(0.0516), 'toy_5_recall@20': tensor(0.1083), 'ndcg@20': tensor(0.0516), 'recall@20': tensor(0.1083), 'train_loss_0': tensor(0.3116, device='cuda:0')}
[2026-03-16 09:33:05] INFO training_time: 1422.777173280716
[2026-03-16 09:33:05] INFO inference_time: 96.5841817855835
[2026-03-16 09:33:05] INFO ndcg@20 improved. Best value: 0.0516
[2026-03-16 09:33:05] INFO Best model checkpoint saved in saved/SASRec/noisy_5/2026-03-16-09-07-40-931336.ckpt.
[2026-03-16 09:33:12] INFO {'epoch': 147, 'toy_5_ndcg@20': tensor(0.0513), 'toy_5_recall@20': tensor(0.1092), 'ndcg@20': tensor(0.0513), 'recall@20': tensor(0.1092), 'train_loss_0': tensor(0.3122, device='cuda:0')}
[2026-03-16 09:33:12] INFO training_time: 1428.9019484519958
[2026-03-16 09:33:12] INFO inference_time: 97.19811248779297
[2026-03-16 09:33:19] INFO {'epoch': 148, 'toy_5_ndcg@20': tensor(0.0503), 'toy_5_recall@20': tensor(0.1080), 'ndcg@20': tensor(0.0503), 'recall@20': tensor(0.1080), 'train_loss_0': tensor(0.3144, device='cuda:0')}
[2026-03-16 09:33:19] INFO training_time: 1435.026882648468
[2026-03-16 09:33:19] INFO inference_time: 97.87683963775635
[2026-03-16 09:33:26] INFO {'epoch': 149, 'toy_5_ndcg@20': tensor(0.0502), 'toy_5_recall@20': tensor(0.1073), 'ndcg@20': tensor(0.0502), 'recall@20': tensor(0.1073), 'train_loss_0': tensor(0.3146, device='cuda:0')}
[2026-03-16 09:33:26] INFO training_time: 1441.0825834274292
[2026-03-16 09:33:26] INFO inference_time: 98.5839638710022
[2026-03-16 09:33:33] INFO {'epoch': 150, 'toy_5_ndcg@20': tensor(0.0505), 'toy_5_recall@20': tensor(0.1090), 'ndcg@20': tensor(0.0505), 'recall@20': tensor(0.1090), 'train_loss_0': tensor(0.3099, device='cuda:0')}
[2026-03-16 09:33:33] INFO training_time: 1447.447369337082
[2026-03-16 09:33:33] INFO inference_time: 99.52809548377991
[2026-03-16 09:33:40] INFO {'epoch': 151, 'toy_5_ndcg@20': tensor(0.0503), 'toy_5_recall@20': tensor(0.1078), 'ndcg@20': tensor(0.0503), 'recall@20': tensor(0.1078), 'train_loss_0': tensor(0.3082, device='cuda:0')}
[2026-03-16 09:33:40] INFO training_time: 1453.5469689369202
[2026-03-16 09:33:40] INFO inference_time: 100.12154459953308
[2026-03-16 09:33:47] INFO {'epoch': 152, 'toy_5_ndcg@20': tensor(0.0502), 'toy_5_recall@20': tensor(0.1066), 'ndcg@20': tensor(0.0502), 'recall@20': tensor(0.1066), 'train_loss_0': tensor(0.3107, device='cuda:0')}
[2026-03-16 09:33:47] INFO training_time: 1459.8646788597107
[2026-03-16 09:33:47] INFO inference_time: 100.72486305236816
[2026-03-16 09:33:53] INFO {'epoch': 153, 'toy_5_ndcg@20': tensor(0.0500), 'toy_5_recall@20': tensor(0.1063), 'ndcg@20': tensor(0.0500), 'recall@20': tensor(0.1063), 'train_loss_0': tensor(0.3099, device='cuda:0')}
[2026-03-16 09:33:53] INFO training_time: 1465.9356625080109
[2026-03-16 09:33:53] INFO inference_time: 101.32128643989563
[2026-03-16 09:34:00] INFO {'epoch': 154, 'toy_5_ndcg@20': tensor(0.0504), 'toy_5_recall@20': tensor(0.1070), 'ndcg@20': tensor(0.0504), 'recall@20': tensor(0.1070), 'train_loss_0': tensor(0.3088, device='cuda:0')}
[2026-03-16 09:34:00] INFO training_time: 1472.1980166435242
[2026-03-16 09:34:00] INFO inference_time: 101.99875783920288
[2026-03-16 09:34:07] INFO {'epoch': 155, 'toy_5_ndcg@20': tensor(0.0503), 'toy_5_recall@20': tensor(0.1076), 'ndcg@20': tensor(0.0503), 'recall@20': tensor(0.1076), 'train_loss_0': tensor(0.3109, device='cuda:0')}
[2026-03-16 09:34:07] INFO training_time: 1478.39048910141
[2026-03-16 09:34:07] INFO inference_time: 102.67013168334961
[2026-03-16 09:34:14] INFO {'epoch': 156, 'toy_5_ndcg@20': tensor(0.0509), 'toy_5_recall@20': tensor(0.1097), 'ndcg@20': tensor(0.0509), 'recall@20': tensor(0.1097), 'train_loss_0': tensor(0.3145, device='cuda:0')}
[2026-03-16 09:34:14] INFO training_time: 1484.5552651882172
[2026-03-16 09:34:14] INFO inference_time: 103.35118079185486
[2026-03-16 09:34:21] INFO {'epoch': 157, 'toy_5_ndcg@20': tensor(0.0516), 'toy_5_recall@20': tensor(0.1090), 'ndcg@20': tensor(0.0516), 'recall@20': tensor(0.1090), 'train_loss_0': tensor(0.3136, device='cuda:0')}
[2026-03-16 09:34:21] INFO training_time: 1490.8440155982971
[2026-03-16 09:34:21] INFO inference_time: 104.0334267616272
[2026-03-16 09:34:28] INFO {'epoch': 158, 'toy_5_ndcg@20': tensor(0.0505), 'toy_5_recall@20': tensor(0.1082), 'ndcg@20': tensor(0.0505), 'recall@20': tensor(0.1082), 'train_loss_0': tensor(0.3100, device='cuda:0')}
[2026-03-16 09:34:28] INFO training_time: 1497.1054027080536
[2026-03-16 09:34:28] INFO inference_time: 104.63712930679321
[2026-03-16 09:34:35] INFO {'epoch': 159, 'toy_5_ndcg@20': tensor(0.0499), 'toy_5_recall@20': tensor(0.1075), 'ndcg@20': tensor(0.0499), 'recall@20': tensor(0.1075), 'train_loss_0': tensor(0.3124, device='cuda:0')}
[2026-03-16 09:34:35] INFO training_time: 1503.5536510944366
[2026-03-16 09:34:35] INFO inference_time: 105.24302077293396
[2026-03-16 09:34:41] INFO {'epoch': 160, 'toy_5_ndcg@20': tensor(0.0506), 'toy_5_recall@20': tensor(0.1070), 'ndcg@20': tensor(0.0506), 'recall@20': tensor(0.1070), 'train_loss_0': tensor(0.3070, device='cuda:0')}
[2026-03-16 09:34:41] INFO training_time: 1508.4741497039795
[2026-03-16 09:34:41] INFO inference_time: 106.12231826782227
[2026-03-16 09:34:46] INFO {'epoch': 161, 'toy_5_ndcg@20': tensor(0.0510), 'toy_5_recall@20': tensor(0.1074), 'ndcg@20': tensor(0.0510), 'recall@20': tensor(0.1074), 'train_loss_0': tensor(0.3033, device='cuda:0')}
[2026-03-16 09:34:46] INFO training_time: 1513.612454175949
[2026-03-16 09:34:46] INFO inference_time: 106.78749489784241
[2026-03-16 09:34:52] INFO {'epoch': 162, 'toy_5_ndcg@20': tensor(0.0510), 'toy_5_recall@20': tensor(0.1091), 'ndcg@20': tensor(0.0510), 'recall@20': tensor(0.1091), 'train_loss_0': tensor(0.3097, device='cuda:0')}
[2026-03-16 09:34:52] INFO training_time: 1518.2275218963623
[2026-03-16 09:34:52] INFO inference_time: 107.44754552841187
[2026-03-16 09:34:57] INFO {'epoch': 163, 'toy_5_ndcg@20': tensor(0.0508), 'toy_5_recall@20': tensor(0.1084), 'ndcg@20': tensor(0.0508), 'recall@20': tensor(0.1084), 'train_loss_0': tensor(0.3116, device='cuda:0')}
[2026-03-16 09:34:57] INFO training_time: 1523.3033187389374
[2026-03-16 09:34:57] INFO inference_time: 107.88657212257385
[2026-03-16 09:35:03] INFO {'epoch': 164, 'toy_5_ndcg@20': tensor(0.0509), 'toy_5_recall@20': tensor(0.1098), 'ndcg@20': tensor(0.0509), 'recall@20': tensor(0.1098), 'train_loss_0': tensor(0.3091, device='cuda:0')}
[2026-03-16 09:35:03] INFO training_time: 1528.1346786022186
[2026-03-16 09:35:03] INFO inference_time: 108.32102465629578
[2026-03-16 09:35:08] INFO {'epoch': 165, 'toy_5_ndcg@20': tensor(0.0509), 'toy_5_recall@20': tensor(0.1086), 'ndcg@20': tensor(0.0509), 'recall@20': tensor(0.1086), 'train_loss_0': tensor(0.3066, device='cuda:0')}
[2026-03-16 09:35:08] INFO training_time: 1532.8482446670532
[2026-03-16 09:35:08] INFO inference_time: 108.92202353477478
[2026-03-16 09:35:12] INFO {'epoch': 166, 'toy_5_ndcg@20': tensor(0.0510), 'toy_5_recall@20': tensor(0.1088), 'ndcg@20': tensor(0.0510), 'recall@20': tensor(0.1088), 'train_loss_0': tensor(0.3034, device='cuda:0')}
[2026-03-16 09:35:12] INFO training_time: 1536.4765157699585
[2026-03-16 09:35:12] INFO inference_time: 109.38373804092407
[2026-03-16 09:35:12] INFO Early stopped. Since the metric ndcg@20 haven't been improved for 20 epochs.
[2026-03-16 09:35:12] INFO The best score of ndcg@20 is 0.0516 on epoch 146
[2026-03-16 09:35:12] INFO Best model checkpoint saved in saved/SASRec/noisy_5/2026-03-16-09-07-40-931336.ckpt.
[2026-03-16 09:35:12] INFO defaultdict(<class 'float'>, {'toy_5_ndcg@20': tensor(0.0437), 'toy_5_recall@20': tensor(0.0927), 'toy_5_ndcg@10': tensor(0.0371), 'toy_5_recall@10': tensor(0.0661), 'ndcg@20': tensor(0.0437), 'recall@20': tensor(0.0927), 'ndcg@10': tensor(0.0371), 'recall@10': tensor(0.0661)})
