[2026-02-06 11:21:57] INFO PID of this process: 2962243
[2026-02-06 11:22:02] INFO {'model': {'embed_dim': 64, 'loss_fn': 'bce', 'hidden_size': 128, 'layer_num': 2, 'head_num': 2, 'dropout_rate': 0.5, 'activation': 'gelu', 'layer_norm_eps': 1e-12, 'model': 'SASRec'}, 'data': {'domain_name_list': ['beauty_5'], 'user_threshold': 5, 'item_threshold': 5, 'max_seq_len': 50, 'dataset_class': 'general', 'train_file': '_ori', 'dataset': 'noisy_5'}, 'train': {'batch_size': 256, 'early_stop_mode': 'max', 'early_stop_patience': 20, 'epochs': 1000, 'device': 'cuda', 'optimizer': 'adam', 'learning_rate': 0.001, 'weight_decay': 0, 'num_neg': 1, 'seed': 2027}, 'eval': {'batch_size': 2048, 'cutoff': [20, 10], 'val_metrics': ['ndcg', 'recall'], 'test_metrics': ['ndcg', 'recall'], 'topk': 100, 'save_path': './saved/'}}
[2026-02-06 11:22:02] INFO <data.dataset.SeparateDataset object at 0x7f15d2a991f0>
[2026-02-06 11:22:02] INFO save_dir:saved
[2026-02-06 11:22:02] INFO SASRec(
  (item_embedding): Embedding(12102, 64, padding_idx=0)
  (query_encoder): SASRecQueryEncoder(
    (item_encoder): Embedding(12102, 64, padding_idx=0)
    (position_emb): Embedding(50, 64)
    (transformer_layer): TransformerEncoder(
      (layers): ModuleList(
        (0): TransformerEncoderLayer(
          (self_attn): MultiheadAttention(
            (out_proj): NonDynamicallyQuantizableLinear(in_features=64, out_features=64, bias=True)
          )
          (linear1): Linear(in_features=64, out_features=128, bias=True)
          (dropout): Dropout(p=0.5, inplace=False)
          (linear2): Linear(in_features=128, out_features=64, bias=True)
          (norm1): LayerNorm((64,), eps=1e-12, elementwise_affine=True)
          (norm2): LayerNorm((64,), eps=1e-12, elementwise_affine=True)
          (dropout1): Dropout(p=0.5, inplace=False)
          (dropout2): Dropout(p=0.5, inplace=False)
        )
        (1): TransformerEncoderLayer(
          (self_attn): MultiheadAttention(
            (out_proj): NonDynamicallyQuantizableLinear(in_features=64, out_features=64, bias=True)
          )
          (linear1): Linear(in_features=64, out_features=128, bias=True)
          (dropout): Dropout(p=0.5, inplace=False)
          (linear2): Linear(in_features=128, out_features=64, bias=True)
          (norm1): LayerNorm((64,), eps=1e-12, elementwise_affine=True)
          (norm2): LayerNorm((64,), eps=1e-12, elementwise_affine=True)
          (dropout1): Dropout(p=0.5, inplace=False)
          (dropout2): Dropout(p=0.5, inplace=False)
        )
      )
    )
    (dropout): Dropout(p=0.5, inplace=False)
    (training_pooling_layer): SeqPoolingLayer()
    (eval_pooling_layer): SeqPoolingLayer()
  )
  (loss_fn): BinaryCrossEntropyLoss()
)
[2026-02-06 11:22:14] INFO {'epoch': 0, 'beauty_5_ndcg@20': tensor(0.0100), 'beauty_5_recall@20': tensor(0.0249), 'ndcg@20': tensor(0.0100), 'recall@20': tensor(0.0249), 'train_loss_0': tensor(1.3159, device='cuda:0')}
[2026-02-06 11:22:14] INFO training_time: 11.627833843231201
[2026-02-06 11:22:14] INFO inference_time: 0.9524099826812744
[2026-02-06 11:22:14] INFO ndcg@20 improved. Best value: 0.0100
[2026-02-06 11:22:14] INFO Best model checkpoint saved in saved/SASRec/noisy_5/2026-02-06-11-21-57-873656.ckpt.
[2026-02-06 11:22:25] INFO {'epoch': 1, 'beauty_5_ndcg@20': tensor(0.0100), 'beauty_5_recall@20': tensor(0.0257), 'ndcg@20': tensor(0.0100), 'recall@20': tensor(0.0257), 'train_loss_0': tensor(1.1902, device='cuda:0')}
[2026-02-06 11:22:25] INFO training_time: 21.910276889801025
[2026-02-06 11:22:25] INFO inference_time: 1.6661581993103027
[2026-02-06 11:22:37] INFO {'epoch': 2, 'beauty_5_ndcg@20': tensor(0.0119), 'beauty_5_recall@20': tensor(0.0300), 'ndcg@20': tensor(0.0119), 'recall@20': tensor(0.0300), 'train_loss_0': tensor(1.1333, device='cuda:0')}
[2026-02-06 11:22:37] INFO training_time: 32.29217314720154
[2026-02-06 11:22:37] INFO inference_time: 2.5851855278015137
[2026-02-06 11:22:37] INFO ndcg@20 improved. Best value: 0.0119
[2026-02-06 11:22:37] INFO Best model checkpoint saved in saved/SASRec/noisy_5/2026-02-06-11-21-57-873656.ckpt.
[2026-02-06 11:22:48] INFO {'epoch': 3, 'beauty_5_ndcg@20': tensor(0.0127), 'beauty_5_recall@20': tensor(0.0320), 'ndcg@20': tensor(0.0127), 'recall@20': tensor(0.0320), 'train_loss_0': tensor(1.0762, device='cuda:0')}
[2026-02-06 11:22:48] INFO training_time: 42.92940044403076
[2026-02-06 11:22:48] INFO inference_time: 3.3036601543426514
[2026-02-06 11:22:48] INFO ndcg@20 improved. Best value: 0.0127
[2026-02-06 11:22:48] INFO Best model checkpoint saved in saved/SASRec/noisy_5/2026-02-06-11-21-57-873656.ckpt.
[2026-02-06 11:22:59] INFO {'epoch': 4, 'beauty_5_ndcg@20': tensor(0.0145), 'beauty_5_recall@20': tensor(0.0344), 'ndcg@20': tensor(0.0145), 'recall@20': tensor(0.0344), 'train_loss_0': tensor(1.0288, device='cuda:0')}
[2026-02-06 11:22:59] INFO training_time: 53.352378368377686
[2026-02-06 11:22:59] INFO inference_time: 4.0650811195373535
[2026-02-06 11:22:59] INFO ndcg@20 improved. Best value: 0.0145
[2026-02-06 11:22:59] INFO Best model checkpoint saved in saved/SASRec/noisy_5/2026-02-06-11-21-57-873656.ckpt.
[2026-02-06 11:23:10] INFO {'epoch': 5, 'beauty_5_ndcg@20': tensor(0.0163), 'beauty_5_recall@20': tensor(0.0397), 'ndcg@20': tensor(0.0163), 'recall@20': tensor(0.0397), 'train_loss_0': tensor(0.9855, device='cuda:0')}
[2026-02-06 11:23:10] INFO training_time: 63.727245569229126
[2026-02-06 11:23:10] INFO inference_time: 4.835655212402344
[2026-02-06 11:23:10] INFO ndcg@20 improved. Best value: 0.0163
[2026-02-06 11:23:10] INFO Best model checkpoint saved in saved/SASRec/noisy_5/2026-02-06-11-21-57-873656.ckpt.
[2026-02-06 11:23:22] INFO {'epoch': 6, 'beauty_5_ndcg@20': tensor(0.0190), 'beauty_5_recall@20': tensor(0.0463), 'ndcg@20': tensor(0.0190), 'recall@20': tensor(0.0463), 'train_loss_0': tensor(0.9416, device='cuda:0')}
[2026-02-06 11:23:22] INFO training_time: 74.14915156364441
[2026-02-06 11:23:22] INFO inference_time: 5.732600212097168
[2026-02-06 11:23:22] INFO ndcg@20 improved. Best value: 0.0190
[2026-02-06 11:23:22] INFO Best model checkpoint saved in saved/SASRec/noisy_5/2026-02-06-11-21-57-873656.ckpt.
[2026-02-06 11:23:33] INFO {'epoch': 7, 'beauty_5_ndcg@20': tensor(0.0219), 'beauty_5_recall@20': tensor(0.0530), 'ndcg@20': tensor(0.0219), 'recall@20': tensor(0.0530), 'train_loss_0': tensor(0.9031, device='cuda:0')}
[2026-02-06 11:23:33] INFO training_time: 84.51577830314636
[2026-02-06 11:23:33] INFO inference_time: 6.445318222045898
[2026-02-06 11:23:33] INFO ndcg@20 improved. Best value: 0.0219
[2026-02-06 11:23:33] INFO Best model checkpoint saved in saved/SASRec/noisy_5/2026-02-06-11-21-57-873656.ckpt.
[2026-02-06 11:23:44] INFO {'epoch': 8, 'beauty_5_ndcg@20': tensor(0.0228), 'beauty_5_recall@20': tensor(0.0558), 'ndcg@20': tensor(0.0228), 'recall@20': tensor(0.0558), 'train_loss_0': tensor(0.8606, device='cuda:0')}
[2026-02-06 11:23:44] INFO training_time: 95.03136110305786
[2026-02-06 11:23:44] INFO inference_time: 7.229306697845459
[2026-02-06 11:23:44] INFO ndcg@20 improved. Best value: 0.0228
[2026-02-06 11:23:44] INFO Best model checkpoint saved in saved/SASRec/noisy_5/2026-02-06-11-21-57-873656.ckpt.
[2026-02-06 11:23:55] INFO {'epoch': 9, 'beauty_5_ndcg@20': tensor(0.0234), 'beauty_5_recall@20': tensor(0.0584), 'ndcg@20': tensor(0.0234), 'recall@20': tensor(0.0584), 'train_loss_0': tensor(0.8253, device='cuda:0')}
[2026-02-06 11:23:55] INFO training_time: 105.5515444278717
[2026-02-06 11:23:55] INFO inference_time: 7.9418158531188965
[2026-02-06 11:23:55] INFO ndcg@20 improved. Best value: 0.0234
[2026-02-06 11:23:55] INFO Best model checkpoint saved in saved/SASRec/noisy_5/2026-02-06-11-21-57-873656.ckpt.
[2026-02-06 11:24:07] INFO {'epoch': 10, 'beauty_5_ndcg@20': tensor(0.0237), 'beauty_5_recall@20': tensor(0.0599), 'ndcg@20': tensor(0.0237), 'recall@20': tensor(0.0599), 'train_loss_0': tensor(0.7948, device='cuda:0')}
[2026-02-06 11:24:07] INFO training_time: 116.11498594284058
[2026-02-06 11:24:07] INFO inference_time: 9.024997234344482
[2026-02-06 11:24:07] INFO ndcg@20 improved. Best value: 0.0237
[2026-02-06 11:24:07] INFO Best model checkpoint saved in saved/SASRec/noisy_5/2026-02-06-11-21-57-873656.ckpt.
[2026-02-06 11:24:18] INFO {'epoch': 11, 'beauty_5_ndcg@20': tensor(0.0254), 'beauty_5_recall@20': tensor(0.0625), 'ndcg@20': tensor(0.0254), 'recall@20': tensor(0.0625), 'train_loss_0': tensor(0.7599, device='cuda:0')}
[2026-02-06 11:24:18] INFO training_time: 126.3913254737854
[2026-02-06 11:24:18] INFO inference_time: 9.790710687637329
[2026-02-06 11:24:18] INFO ndcg@20 improved. Best value: 0.0254
[2026-02-06 11:24:18] INFO Best model checkpoint saved in saved/SASRec/noisy_5/2026-02-06-11-21-57-873656.ckpt.
[2026-02-06 11:24:29] INFO {'epoch': 12, 'beauty_5_ndcg@20': tensor(0.0280), 'beauty_5_recall@20': tensor(0.0684), 'ndcg@20': tensor(0.0280), 'recall@20': tensor(0.0684), 'train_loss_0': tensor(0.7336, device='cuda:0')}
[2026-02-06 11:24:29] INFO training_time: 136.80404615402222
[2026-02-06 11:24:29] INFO inference_time: 10.674804449081421
[2026-02-06 11:24:29] INFO ndcg@20 improved. Best value: 0.0280
[2026-02-06 11:24:29] INFO Best model checkpoint saved in saved/SASRec/noisy_5/2026-02-06-11-21-57-873656.ckpt.
[2026-02-06 11:24:41] INFO {'epoch': 13, 'beauty_5_ndcg@20': tensor(0.0278), 'beauty_5_recall@20': tensor(0.0686), 'ndcg@20': tensor(0.0278), 'recall@20': tensor(0.0686), 'train_loss_0': tensor(0.7065, device='cuda:0')}
[2026-02-06 11:24:41] INFO training_time: 147.24231386184692
[2026-02-06 11:24:41] INFO inference_time: 11.407434463500977
[2026-02-06 11:24:52] INFO {'epoch': 14, 'beauty_5_ndcg@20': tensor(0.0288), 'beauty_5_recall@20': tensor(0.0704), 'ndcg@20': tensor(0.0288), 'recall@20': tensor(0.0704), 'train_loss_0': tensor(0.6887, device='cuda:0')}
[2026-02-06 11:24:52] INFO training_time: 157.6933913230896
[2026-02-06 11:24:52] INFO inference_time: 12.107992887496948
[2026-02-06 11:24:52] INFO ndcg@20 improved. Best value: 0.0288
[2026-02-06 11:24:52] INFO Best model checkpoint saved in saved/SASRec/noisy_5/2026-02-06-11-21-57-873656.ckpt.
[2026-02-06 11:25:03] INFO {'epoch': 15, 'beauty_5_ndcg@20': tensor(0.0304), 'beauty_5_recall@20': tensor(0.0739), 'ndcg@20': tensor(0.0304), 'recall@20': tensor(0.0739), 'train_loss_0': tensor(0.6658, device='cuda:0')}
[2026-02-06 11:25:03] INFO training_time: 168.1181857585907
[2026-02-06 11:25:03] INFO inference_time: 12.8260178565979
[2026-02-06 11:25:03] INFO ndcg@20 improved. Best value: 0.0304
[2026-02-06 11:25:03] INFO Best model checkpoint saved in saved/SASRec/noisy_5/2026-02-06-11-21-57-873656.ckpt.
[2026-02-06 11:25:14] INFO {'epoch': 16, 'beauty_5_ndcg@20': tensor(0.0307), 'beauty_5_recall@20': tensor(0.0762), 'ndcg@20': tensor(0.0307), 'recall@20': tensor(0.0762), 'train_loss_0': tensor(0.6472, device='cuda:0')}
[2026-02-06 11:25:14] INFO training_time: 178.45943808555603
[2026-02-06 11:25:14] INFO inference_time: 13.53177785873413
[2026-02-06 11:25:14] INFO ndcg@20 improved. Best value: 0.0307
[2026-02-06 11:25:14] INFO Best model checkpoint saved in saved/SASRec/noisy_5/2026-02-06-11-21-57-873656.ckpt.
[2026-02-06 11:25:25] INFO {'epoch': 17, 'beauty_5_ndcg@20': tensor(0.0328), 'beauty_5_recall@20': tensor(0.0805), 'ndcg@20': tensor(0.0328), 'recall@20': tensor(0.0805), 'train_loss_0': tensor(0.6314, device='cuda:0')}
[2026-02-06 11:25:25] INFO training_time: 188.82030034065247
[2026-02-06 11:25:25] INFO inference_time: 14.266025066375732
[2026-02-06 11:25:25] INFO ndcg@20 improved. Best value: 0.0328
[2026-02-06 11:25:25] INFO Best model checkpoint saved in saved/SASRec/noisy_5/2026-02-06-11-21-57-873656.ckpt.
[2026-02-06 11:25:36] INFO {'epoch': 18, 'beauty_5_ndcg@20': tensor(0.0332), 'beauty_5_recall@20': tensor(0.0810), 'ndcg@20': tensor(0.0332), 'recall@20': tensor(0.0810), 'train_loss_0': tensor(0.6156, device='cuda:0')}
[2026-02-06 11:25:36] INFO training_time: 199.16306471824646
[2026-02-06 11:25:36] INFO inference_time: 15.024540185928345
[2026-02-06 11:25:36] INFO ndcg@20 improved. Best value: 0.0332
[2026-02-06 11:25:36] INFO Best model checkpoint saved in saved/SASRec/noisy_5/2026-02-06-11-21-57-873656.ckpt.
[2026-02-06 11:25:47] INFO {'epoch': 19, 'beauty_5_ndcg@20': tensor(0.0324), 'beauty_5_recall@20': tensor(0.0799), 'ndcg@20': tensor(0.0324), 'recall@20': tensor(0.0799), 'train_loss_0': tensor(0.6031, device='cuda:0')}
[2026-02-06 11:25:47] INFO training_time: 209.65753841400146
[2026-02-06 11:25:47] INFO inference_time: 15.712059736251831
[2026-02-06 11:25:59] INFO {'epoch': 20, 'beauty_5_ndcg@20': tensor(0.0338), 'beauty_5_recall@20': tensor(0.0813), 'ndcg@20': tensor(0.0338), 'recall@20': tensor(0.0813), 'train_loss_0': tensor(0.5881, device='cuda:0')}
[2026-02-06 11:25:59] INFO training_time: 220.07255125045776
[2026-02-06 11:25:59] INFO inference_time: 16.73368549346924
[2026-02-06 11:25:59] INFO ndcg@20 improved. Best value: 0.0338
[2026-02-06 11:25:59] INFO Best model checkpoint saved in saved/SASRec/noisy_5/2026-02-06-11-21-57-873656.ckpt.
[2026-02-06 11:26:10] INFO {'epoch': 21, 'beauty_5_ndcg@20': tensor(0.0350), 'beauty_5_recall@20': tensor(0.0839), 'ndcg@20': tensor(0.0350), 'recall@20': tensor(0.0839), 'train_loss_0': tensor(0.5749, device='cuda:0')}
[2026-02-06 11:26:10] INFO training_time: 230.50569367408752
[2026-02-06 11:26:10] INFO inference_time: 17.34222650527954
[2026-02-06 11:26:10] INFO ndcg@20 improved. Best value: 0.0350
[2026-02-06 11:26:10] INFO Best model checkpoint saved in saved/SASRec/noisy_5/2026-02-06-11-21-57-873656.ckpt.
[2026-02-06 11:26:21] INFO {'epoch': 22, 'beauty_5_ndcg@20': tensor(0.0361), 'beauty_5_recall@20': tensor(0.0863), 'ndcg@20': tensor(0.0361), 'recall@20': tensor(0.0863), 'train_loss_0': tensor(0.5670, device='cuda:0')}
[2026-02-06 11:26:21] INFO training_time: 240.855539560318
[2026-02-06 11:26:21] INFO inference_time: 18.179771423339844
[2026-02-06 11:26:21] INFO ndcg@20 improved. Best value: 0.0361
[2026-02-06 11:26:21] INFO Best model checkpoint saved in saved/SASRec/noisy_5/2026-02-06-11-21-57-873656.ckpt.
[2026-02-06 11:26:32] INFO {'epoch': 23, 'beauty_5_ndcg@20': tensor(0.0357), 'beauty_5_recall@20': tensor(0.0849), 'ndcg@20': tensor(0.0357), 'recall@20': tensor(0.0849), 'train_loss_0': tensor(0.5581, device='cuda:0')}
[2026-02-06 11:26:32] INFO training_time: 251.23931765556335
[2026-02-06 11:26:32] INFO inference_time: 18.89962363243103
[2026-02-06 11:26:43] INFO {'epoch': 24, 'beauty_5_ndcg@20': tensor(0.0360), 'beauty_5_recall@20': tensor(0.0841), 'ndcg@20': tensor(0.0360), 'recall@20': tensor(0.0841), 'train_loss_0': tensor(0.5473, device='cuda:0')}
[2026-02-06 11:26:43] INFO training_time: 261.52840638160706
[2026-02-06 11:26:43] INFO inference_time: 19.627329111099243
[2026-02-06 11:26:54] INFO {'epoch': 25, 'beauty_5_ndcg@20': tensor(0.0360), 'beauty_5_recall@20': tensor(0.0850), 'ndcg@20': tensor(0.0360), 'recall@20': tensor(0.0850), 'train_loss_0': tensor(0.5415, device='cuda:0')}
[2026-02-06 11:26:54] INFO training_time: 271.85371828079224
[2026-02-06 11:26:54] INFO inference_time: 20.360762119293213
[2026-02-06 11:27:05] INFO {'epoch': 26, 'beauty_5_ndcg@20': tensor(0.0363), 'beauty_5_recall@20': tensor(0.0857), 'ndcg@20': tensor(0.0363), 'recall@20': tensor(0.0857), 'train_loss_0': tensor(0.5277, device='cuda:0')}
[2026-02-06 11:27:05] INFO training_time: 282.1783354282379
[2026-02-06 11:27:05] INFO inference_time: 21.054853200912476
[2026-02-06 11:27:05] INFO ndcg@20 improved. Best value: 0.0363
[2026-02-06 11:27:05] INFO Best model checkpoint saved in saved/SASRec/noisy_5/2026-02-06-11-21-57-873656.ckpt.
[2026-02-06 11:27:16] INFO {'epoch': 27, 'beauty_5_ndcg@20': tensor(0.0366), 'beauty_5_recall@20': tensor(0.0865), 'ndcg@20': tensor(0.0366), 'recall@20': tensor(0.0865), 'train_loss_0': tensor(0.5182, device='cuda:0')}
[2026-02-06 11:27:16] INFO training_time: 292.4953408241272
[2026-02-06 11:27:16] INFO inference_time: 21.77723455429077
[2026-02-06 11:27:16] INFO ndcg@20 improved. Best value: 0.0366
[2026-02-06 11:27:16] INFO Best model checkpoint saved in saved/SASRec/noisy_5/2026-02-06-11-21-57-873656.ckpt.
[2026-02-06 11:27:28] INFO {'epoch': 28, 'beauty_5_ndcg@20': tensor(0.0374), 'beauty_5_recall@20': tensor(0.0871), 'ndcg@20': tensor(0.0374), 'recall@20': tensor(0.0871), 'train_loss_0': tensor(0.5188, device='cuda:0')}
[2026-02-06 11:27:28] INFO training_time: 302.83529233932495
[2026-02-06 11:27:28] INFO inference_time: 22.640248775482178
[2026-02-06 11:27:28] INFO ndcg@20 improved. Best value: 0.0374
[2026-02-06 11:27:28] INFO Best model checkpoint saved in saved/SASRec/noisy_5/2026-02-06-11-21-57-873656.ckpt.
[2026-02-06 11:27:39] INFO {'epoch': 29, 'beauty_5_ndcg@20': tensor(0.0378), 'beauty_5_recall@20': tensor(0.0880), 'ndcg@20': tensor(0.0378), 'recall@20': tensor(0.0880), 'train_loss_0': tensor(0.5108, device='cuda:0')}
[2026-02-06 11:27:39] INFO training_time: 313.32665491104126
[2026-02-06 11:27:39] INFO inference_time: 23.426397562026978
[2026-02-06 11:27:39] INFO ndcg@20 improved. Best value: 0.0378
[2026-02-06 11:27:39] INFO Best model checkpoint saved in saved/SASRec/noisy_5/2026-02-06-11-21-57-873656.ckpt.
[2026-02-06 11:27:50] INFO {'epoch': 30, 'beauty_5_ndcg@20': tensor(0.0367), 'beauty_5_recall@20': tensor(0.0866), 'ndcg@20': tensor(0.0367), 'recall@20': tensor(0.0866), 'train_loss_0': tensor(0.5058, device='cuda:0')}
[2026-02-06 11:27:50] INFO training_time: 323.64138102531433
[2026-02-06 11:27:50] INFO inference_time: 24.402273893356323
[2026-02-06 11:28:01] INFO {'epoch': 31, 'beauty_5_ndcg@20': tensor(0.0380), 'beauty_5_recall@20': tensor(0.0886), 'ndcg@20': tensor(0.0380), 'recall@20': tensor(0.0886), 'train_loss_0': tensor(0.5005, device='cuda:0')}
[2026-02-06 11:28:01] INFO training_time: 334.0023281574249
[2026-02-06 11:28:01] INFO inference_time: 25.234477281570435
[2026-02-06 11:28:01] INFO ndcg@20 improved. Best value: 0.0380
[2026-02-06 11:28:01] INFO Best model checkpoint saved in saved/SASRec/noisy_5/2026-02-06-11-21-57-873656.ckpt.
[2026-02-06 11:28:13] INFO {'epoch': 32, 'beauty_5_ndcg@20': tensor(0.0379), 'beauty_5_recall@20': tensor(0.0875), 'ndcg@20': tensor(0.0379), 'recall@20': tensor(0.0875), 'train_loss_0': tensor(0.4958, device='cuda:0')}
[2026-02-06 11:28:13] INFO training_time: 344.41351890563965
[2026-02-06 11:28:13] INFO inference_time: 26.061992406845093
[2026-02-06 11:28:24] INFO {'epoch': 33, 'beauty_5_ndcg@20': tensor(0.0385), 'beauty_5_recall@20': tensor(0.0904), 'ndcg@20': tensor(0.0385), 'recall@20': tensor(0.0904), 'train_loss_0': tensor(0.4912, device='cuda:0')}
[2026-02-06 11:28:24] INFO training_time: 354.8215663433075
[2026-02-06 11:28:24] INFO inference_time: 27.054325819015503
[2026-02-06 11:28:24] INFO ndcg@20 improved. Best value: 0.0385
[2026-02-06 11:28:24] INFO Best model checkpoint saved in saved/SASRec/noisy_5/2026-02-06-11-21-57-873656.ckpt.
[2026-02-06 11:28:35] INFO {'epoch': 34, 'beauty_5_ndcg@20': tensor(0.0384), 'beauty_5_recall@20': tensor(0.0886), 'ndcg@20': tensor(0.0384), 'recall@20': tensor(0.0886), 'train_loss_0': tensor(0.4879, device='cuda:0')}
[2026-02-06 11:28:35] INFO training_time: 365.193088054657
[2026-02-06 11:28:35] INFO inference_time: 27.809601068496704
[2026-02-06 11:28:46] INFO {'epoch': 35, 'beauty_5_ndcg@20': tensor(0.0384), 'beauty_5_recall@20': tensor(0.0897), 'ndcg@20': tensor(0.0384), 'recall@20': tensor(0.0897), 'train_loss_0': tensor(0.4839, device='cuda:0')}
[2026-02-06 11:28:46] INFO training_time: 375.6426856517792
[2026-02-06 11:28:46] INFO inference_time: 28.52435541152954
[2026-02-06 11:28:58] INFO {'epoch': 36, 'beauty_5_ndcg@20': tensor(0.0388), 'beauty_5_recall@20': tensor(0.0908), 'ndcg@20': tensor(0.0388), 'recall@20': tensor(0.0908), 'train_loss_0': tensor(0.4833, device='cuda:0')}
[2026-02-06 11:28:58] INFO training_time: 386.12477922439575
[2026-02-06 11:28:58] INFO inference_time: 29.307538509368896
[2026-02-06 11:28:58] INFO ndcg@20 improved. Best value: 0.0388
[2026-02-06 11:28:58] INFO Best model checkpoint saved in saved/SASRec/noisy_5/2026-02-06-11-21-57-873656.ckpt.
[2026-02-06 11:29:09] INFO {'epoch': 37, 'beauty_5_ndcg@20': tensor(0.0393), 'beauty_5_recall@20': tensor(0.0924), 'ndcg@20': tensor(0.0393), 'recall@20': tensor(0.0924), 'train_loss_0': tensor(0.4742, device='cuda:0')}
[2026-02-06 11:29:09] INFO training_time: 396.6081099510193
[2026-02-06 11:29:09] INFO inference_time: 30.151498794555664
[2026-02-06 11:29:09] INFO ndcg@20 improved. Best value: 0.0393
[2026-02-06 11:29:09] INFO Best model checkpoint saved in saved/SASRec/noisy_5/2026-02-06-11-21-57-873656.ckpt.
[2026-02-06 11:29:20] INFO {'epoch': 38, 'beauty_5_ndcg@20': tensor(0.0384), 'beauty_5_recall@20': tensor(0.0881), 'ndcg@20': tensor(0.0384), 'recall@20': tensor(0.0881), 'train_loss_0': tensor(0.4698, device='cuda:0')}
[2026-02-06 11:29:20] INFO training_time: 406.85433197021484
[2026-02-06 11:29:20] INFO inference_time: 30.96818256378174
[2026-02-06 11:29:31] INFO {'epoch': 39, 'beauty_5_ndcg@20': tensor(0.0387), 'beauty_5_recall@20': tensor(0.0880), 'ndcg@20': tensor(0.0387), 'recall@20': tensor(0.0880), 'train_loss_0': tensor(0.4657, device='cuda:0')}
[2026-02-06 11:29:31] INFO training_time: 417.23438143730164
[2026-02-06 11:29:31] INFO inference_time: 31.844773769378662
[2026-02-06 11:29:43] INFO {'epoch': 40, 'beauty_5_ndcg@20': tensor(0.0380), 'beauty_5_recall@20': tensor(0.0868), 'ndcg@20': tensor(0.0380), 'recall@20': tensor(0.0868), 'train_loss_0': tensor(0.4691, device='cuda:0')}
[2026-02-06 11:29:43] INFO training_time: 427.7517855167389
[2026-02-06 11:29:43] INFO inference_time: 33.020920276641846
[2026-02-06 11:29:54] INFO {'epoch': 41, 'beauty_5_ndcg@20': tensor(0.0389), 'beauty_5_recall@20': tensor(0.0871), 'ndcg@20': tensor(0.0389), 'recall@20': tensor(0.0871), 'train_loss_0': tensor(0.4653, device='cuda:0')}
[2026-02-06 11:29:54] INFO training_time: 438.1525502204895
[2026-02-06 11:29:54] INFO inference_time: 33.746623516082764
[2026-02-06 11:30:05] INFO {'epoch': 42, 'beauty_5_ndcg@20': tensor(0.0390), 'beauty_5_recall@20': tensor(0.0890), 'ndcg@20': tensor(0.0390), 'recall@20': tensor(0.0890), 'train_loss_0': tensor(0.4598, device='cuda:0')}
[2026-02-06 11:30:05] INFO training_time: 448.47021079063416
[2026-02-06 11:30:05] INFO inference_time: 34.60675501823425
[2026-02-06 11:30:17] INFO {'epoch': 43, 'beauty_5_ndcg@20': tensor(0.0398), 'beauty_5_recall@20': tensor(0.0905), 'ndcg@20': tensor(0.0398), 'recall@20': tensor(0.0905), 'train_loss_0': tensor(0.4583, device='cuda:0')}
[2026-02-06 11:30:17] INFO training_time: 458.90059185028076
[2026-02-06 11:30:17] INFO inference_time: 35.28462052345276
[2026-02-06 11:30:17] INFO ndcg@20 improved. Best value: 0.0398
[2026-02-06 11:30:17] INFO Best model checkpoint saved in saved/SASRec/noisy_5/2026-02-06-11-21-57-873656.ckpt.
[2026-02-06 11:30:28] INFO {'epoch': 44, 'beauty_5_ndcg@20': tensor(0.0407), 'beauty_5_recall@20': tensor(0.0927), 'ndcg@20': tensor(0.0407), 'recall@20': tensor(0.0927), 'train_loss_0': tensor(0.4597, device='cuda:0')}
[2026-02-06 11:30:28] INFO training_time: 469.2265839576721
[2026-02-06 11:30:28] INFO inference_time: 35.97669506072998
[2026-02-06 11:30:28] INFO ndcg@20 improved. Best value: 0.0407
[2026-02-06 11:30:28] INFO Best model checkpoint saved in saved/SASRec/noisy_5/2026-02-06-11-21-57-873656.ckpt.
[2026-02-06 11:30:39] INFO {'epoch': 45, 'beauty_5_ndcg@20': tensor(0.0395), 'beauty_5_recall@20': tensor(0.0907), 'ndcg@20': tensor(0.0395), 'recall@20': tensor(0.0907), 'train_loss_0': tensor(0.4532, device='cuda:0')}
[2026-02-06 11:30:39] INFO training_time: 479.5882544517517
[2026-02-06 11:30:39] INFO inference_time: 36.69952917098999
[2026-02-06 11:30:50] INFO {'epoch': 46, 'beauty_5_ndcg@20': tensor(0.0394), 'beauty_5_recall@20': tensor(0.0897), 'ndcg@20': tensor(0.0394), 'recall@20': tensor(0.0897), 'train_loss_0': tensor(0.4497, device='cuda:0')}
[2026-02-06 11:30:50] INFO training_time: 490.13264298439026
[2026-02-06 11:30:50] INFO inference_time: 37.41572189331055
[2026-02-06 11:31:01] INFO {'epoch': 47, 'beauty_5_ndcg@20': tensor(0.0403), 'beauty_5_recall@20': tensor(0.0912), 'ndcg@20': tensor(0.0403), 'recall@20': tensor(0.0912), 'train_loss_0': tensor(0.4499, device='cuda:0')}
[2026-02-06 11:31:01] INFO training_time: 500.6441526412964
[2026-02-06 11:31:01] INFO inference_time: 38.268295764923096
[2026-02-06 11:31:13] INFO {'epoch': 48, 'beauty_5_ndcg@20': tensor(0.0394), 'beauty_5_recall@20': tensor(0.0896), 'ndcg@20': tensor(0.0394), 'recall@20': tensor(0.0896), 'train_loss_0': tensor(0.4456, device='cuda:0')}
[2026-02-06 11:31:13] INFO training_time: 511.1451427936554
[2026-02-06 11:31:13] INFO inference_time: 38.99021339416504
[2026-02-06 11:31:24] INFO {'epoch': 49, 'beauty_5_ndcg@20': tensor(0.0400), 'beauty_5_recall@20': tensor(0.0900), 'ndcg@20': tensor(0.0400), 'recall@20': tensor(0.0900), 'train_loss_0': tensor(0.4451, device='cuda:0')}
[2026-02-06 11:31:24] INFO training_time: 521.5764989852905
[2026-02-06 11:31:24] INFO inference_time: 39.79865884780884
[2026-02-06 11:31:35] INFO {'epoch': 50, 'beauty_5_ndcg@20': tensor(0.0402), 'beauty_5_recall@20': tensor(0.0903), 'ndcg@20': tensor(0.0402), 'recall@20': tensor(0.0903), 'train_loss_0': tensor(0.4426, device='cuda:0')}
[2026-02-06 11:31:35] INFO training_time: 531.98384308815
[2026-02-06 11:31:35] INFO inference_time: 40.78054213523865
[2026-02-06 11:31:46] INFO {'epoch': 51, 'beauty_5_ndcg@20': tensor(0.0407), 'beauty_5_recall@20': tensor(0.0910), 'ndcg@20': tensor(0.0407), 'recall@20': tensor(0.0910), 'train_loss_0': tensor(0.4414, device='cuda:0')}
[2026-02-06 11:31:46] INFO training_time: 542.3904871940613
[2026-02-06 11:31:46] INFO inference_time: 41.474122524261475
[2026-02-06 11:31:58] INFO {'epoch': 52, 'beauty_5_ndcg@20': tensor(0.0403), 'beauty_5_recall@20': tensor(0.0910), 'ndcg@20': tensor(0.0403), 'recall@20': tensor(0.0910), 'train_loss_0': tensor(0.4388, device='cuda:0')}
[2026-02-06 11:31:58] INFO training_time: 552.7871997356415
[2026-02-06 11:31:58] INFO inference_time: 42.326175928115845
[2026-02-06 11:32:09] INFO {'epoch': 53, 'beauty_5_ndcg@20': tensor(0.0409), 'beauty_5_recall@20': tensor(0.0917), 'ndcg@20': tensor(0.0409), 'recall@20': tensor(0.0917), 'train_loss_0': tensor(0.4360, device='cuda:0')}
[2026-02-06 11:32:09] INFO training_time: 563.1941585540771
[2026-02-06 11:32:09] INFO inference_time: 43.05158019065857
[2026-02-06 11:32:09] INFO ndcg@20 improved. Best value: 0.0409
[2026-02-06 11:32:09] INFO Best model checkpoint saved in saved/SASRec/noisy_5/2026-02-06-11-21-57-873656.ckpt.
[2026-02-06 11:32:20] INFO {'epoch': 54, 'beauty_5_ndcg@20': tensor(0.0401), 'beauty_5_recall@20': tensor(0.0905), 'ndcg@20': tensor(0.0401), 'recall@20': tensor(0.0905), 'train_loss_0': tensor(0.4347, device='cuda:0')}
[2026-02-06 11:32:20] INFO training_time: 573.5768239498138
[2026-02-06 11:32:20] INFO inference_time: 43.73234510421753
[2026-02-06 11:32:31] INFO {'epoch': 55, 'beauty_5_ndcg@20': tensor(0.0403), 'beauty_5_recall@20': tensor(0.0921), 'ndcg@20': tensor(0.0403), 'recall@20': tensor(0.0921), 'train_loss_0': tensor(0.4341, device='cuda:0')}
[2026-02-06 11:32:31] INFO training_time: 584.2567398548126
[2026-02-06 11:32:31] INFO inference_time: 44.522456407547
[2026-02-06 11:32:42] INFO {'epoch': 56, 'beauty_5_ndcg@20': tensor(0.0404), 'beauty_5_recall@20': tensor(0.0906), 'ndcg@20': tensor(0.0404), 'recall@20': tensor(0.0906), 'train_loss_0': tensor(0.4351, device='cuda:0')}
[2026-02-06 11:32:43] INFO training_time: 594.7483174800873
[2026-02-06 11:32:43] INFO inference_time: 45.2396674156189
[2026-02-06 11:32:54] INFO {'epoch': 57, 'beauty_5_ndcg@20': tensor(0.0401), 'beauty_5_recall@20': tensor(0.0915), 'ndcg@20': tensor(0.0401), 'recall@20': tensor(0.0915), 'train_loss_0': tensor(0.4285, device='cuda:0')}
[2026-02-06 11:32:54] INFO training_time: 605.1072034835815
[2026-02-06 11:32:54] INFO inference_time: 46.104736328125
[2026-02-06 11:33:05] INFO {'epoch': 58, 'beauty_5_ndcg@20': tensor(0.0404), 'beauty_5_recall@20': tensor(0.0932), 'ndcg@20': tensor(0.0404), 'recall@20': tensor(0.0932), 'train_loss_0': tensor(0.4311, device='cuda:0')}
[2026-02-06 11:33:05] INFO training_time: 615.7156076431274
[2026-02-06 11:33:05] INFO inference_time: 46.878544330596924
[2026-02-06 11:33:16] INFO {'epoch': 59, 'beauty_5_ndcg@20': tensor(0.0404), 'beauty_5_recall@20': tensor(0.0930), 'ndcg@20': tensor(0.0404), 'recall@20': tensor(0.0930), 'train_loss_0': tensor(0.4292, device='cuda:0')}
[2026-02-06 11:33:16] INFO training_time: 626.1513910293579
[2026-02-06 11:33:16] INFO inference_time: 47.557456254959106
[2026-02-06 11:33:28] INFO {'epoch': 60, 'beauty_5_ndcg@20': tensor(0.0404), 'beauty_5_recall@20': tensor(0.0916), 'ndcg@20': tensor(0.0404), 'recall@20': tensor(0.0916), 'train_loss_0': tensor(0.4259, device='cuda:0')}
[2026-02-06 11:33:28] INFO training_time: 636.5779051780701
[2026-02-06 11:33:28] INFO inference_time: 48.539278507232666
[2026-02-06 11:33:39] INFO {'epoch': 61, 'beauty_5_ndcg@20': tensor(0.0405), 'beauty_5_recall@20': tensor(0.0916), 'ndcg@20': tensor(0.0405), 'recall@20': tensor(0.0916), 'train_loss_0': tensor(0.4248, device='cuda:0')}
[2026-02-06 11:33:39] INFO training_time: 646.9079377651215
[2026-02-06 11:33:39] INFO inference_time: 49.38006234169006
[2026-02-06 11:33:50] INFO {'epoch': 62, 'beauty_5_ndcg@20': tensor(0.0406), 'beauty_5_recall@20': tensor(0.0921), 'ndcg@20': tensor(0.0406), 'recall@20': tensor(0.0921), 'train_loss_0': tensor(0.4239, device='cuda:0')}
[2026-02-06 11:33:50] INFO training_time: 657.1562120914459
[2026-02-06 11:33:50] INFO inference_time: 50.07240319252014
[2026-02-06 11:34:01] INFO {'epoch': 63, 'beauty_5_ndcg@20': tensor(0.0410), 'beauty_5_recall@20': tensor(0.0915), 'ndcg@20': tensor(0.0410), 'recall@20': tensor(0.0915), 'train_loss_0': tensor(0.4248, device='cuda:0')}
[2026-02-06 11:34:01] INFO training_time: 667.4789690971375
[2026-02-06 11:34:01] INFO inference_time: 50.75144815444946
[2026-02-06 11:34:01] INFO ndcg@20 improved. Best value: 0.0410
[2026-02-06 11:34:01] INFO Best model checkpoint saved in saved/SASRec/noisy_5/2026-02-06-11-21-57-873656.ckpt.
[2026-02-06 11:34:12] INFO {'epoch': 64, 'beauty_5_ndcg@20': tensor(0.0416), 'beauty_5_recall@20': tensor(0.0927), 'ndcg@20': tensor(0.0416), 'recall@20': tensor(0.0927), 'train_loss_0': tensor(0.4211, device='cuda:0')}
[2026-02-06 11:34:12] INFO training_time: 678.0255837440491
[2026-02-06 11:34:12] INFO inference_time: 51.4751079082489
[2026-02-06 11:34:12] INFO ndcg@20 improved. Best value: 0.0416
[2026-02-06 11:34:12] INFO Best model checkpoint saved in saved/SASRec/noisy_5/2026-02-06-11-21-57-873656.ckpt.
[2026-02-06 11:34:23] INFO {'epoch': 65, 'beauty_5_ndcg@20': tensor(0.0409), 'beauty_5_recall@20': tensor(0.0922), 'ndcg@20': tensor(0.0409), 'recall@20': tensor(0.0922), 'train_loss_0': tensor(0.4218, device='cuda:0')}
[2026-02-06 11:34:23] INFO training_time: 688.4053342342377
[2026-02-06 11:34:23] INFO inference_time: 52.199344635009766
[2026-02-06 11:34:34] INFO {'epoch': 66, 'beauty_5_ndcg@20': tensor(0.0414), 'beauty_5_recall@20': tensor(0.0943), 'ndcg@20': tensor(0.0414), 'recall@20': tensor(0.0943), 'train_loss_0': tensor(0.4200, device='cuda:0')}
[2026-02-06 11:34:35] INFO training_time: 698.9254865646362
[2026-02-06 11:34:35] INFO inference_time: 52.95582294464111
[2026-02-06 11:34:46] INFO {'epoch': 67, 'beauty_5_ndcg@20': tensor(0.0405), 'beauty_5_recall@20': tensor(0.0919), 'ndcg@20': tensor(0.0405), 'recall@20': tensor(0.0919), 'train_loss_0': tensor(0.4157, device='cuda:0')}
[2026-02-06 11:34:46] INFO training_time: 709.4066665172577
[2026-02-06 11:34:46] INFO inference_time: 53.682273864746094
[2026-02-06 11:34:56] INFO {'epoch': 68, 'beauty_5_ndcg@20': tensor(0.0412), 'beauty_5_recall@20': tensor(0.0917), 'ndcg@20': tensor(0.0412), 'recall@20': tensor(0.0917), 'train_loss_0': tensor(0.4196, device='cuda:0')}
[2026-02-06 11:34:56] INFO training_time: 719.2178554534912
[2026-02-06 11:34:56] INFO inference_time: 54.350017786026
[2026-02-06 11:35:06] INFO {'epoch': 69, 'beauty_5_ndcg@20': tensor(0.0415), 'beauty_5_recall@20': tensor(0.0925), 'ndcg@20': tensor(0.0415), 'recall@20': tensor(0.0925), 'train_loss_0': tensor(0.4170, device='cuda:0')}
[2026-02-06 11:35:06] INFO training_time: 728.2037239074707
[2026-02-06 11:35:06] INFO inference_time: 55.21908640861511
[2026-02-06 11:35:16] INFO {'epoch': 70, 'beauty_5_ndcg@20': tensor(0.0413), 'beauty_5_recall@20': tensor(0.0916), 'ndcg@20': tensor(0.0413), 'recall@20': tensor(0.0916), 'train_loss_0': tensor(0.4135, device='cuda:0')}
[2026-02-06 11:35:16] INFO training_time: 737.2980456352234
[2026-02-06 11:35:16] INFO inference_time: 56.3614616394043
[2026-02-06 11:35:26] INFO {'epoch': 71, 'beauty_5_ndcg@20': tensor(0.0421), 'beauty_5_recall@20': tensor(0.0934), 'ndcg@20': tensor(0.0421), 'recall@20': tensor(0.0934), 'train_loss_0': tensor(0.4150, device='cuda:0')}
[2026-02-06 11:35:26] INFO training_time: 746.3329408168793
[2026-02-06 11:35:26] INFO inference_time: 57.03957986831665
[2026-02-06 11:35:26] INFO ndcg@20 improved. Best value: 0.0421
[2026-02-06 11:35:26] INFO Best model checkpoint saved in saved/SASRec/noisy_5/2026-02-06-11-21-57-873656.ckpt.
[2026-02-06 11:35:36] INFO {'epoch': 72, 'beauty_5_ndcg@20': tensor(0.0417), 'beauty_5_recall@20': tensor(0.0933), 'ndcg@20': tensor(0.0417), 'recall@20': tensor(0.0933), 'train_loss_0': tensor(0.4120, device='cuda:0')}
[2026-02-06 11:35:36] INFO training_time: 755.4051861763
[2026-02-06 11:35:36] INFO inference_time: 57.72860264778137
[2026-02-06 11:35:46] INFO {'epoch': 73, 'beauty_5_ndcg@20': tensor(0.0425), 'beauty_5_recall@20': tensor(0.0940), 'ndcg@20': tensor(0.0425), 'recall@20': tensor(0.0940), 'train_loss_0': tensor(0.4158, device='cuda:0')}
[2026-02-06 11:35:46] INFO training_time: 764.4844145774841
[2026-02-06 11:35:46] INFO inference_time: 58.48893713951111
[2026-02-06 11:35:46] INFO ndcg@20 improved. Best value: 0.0425
[2026-02-06 11:35:46] INFO Best model checkpoint saved in saved/SASRec/noisy_5/2026-02-06-11-21-57-873656.ckpt.
[2026-02-06 11:35:55] INFO {'epoch': 74, 'beauty_5_ndcg@20': tensor(0.0425), 'beauty_5_recall@20': tensor(0.0939), 'ndcg@20': tensor(0.0425), 'recall@20': tensor(0.0939), 'train_loss_0': tensor(0.4094, device='cuda:0')}
[2026-02-06 11:35:55] INFO training_time: 773.5270638465881
[2026-02-06 11:35:55] INFO inference_time: 59.21306610107422
[2026-02-06 11:36:05] INFO {'epoch': 75, 'beauty_5_ndcg@20': tensor(0.0415), 'beauty_5_recall@20': tensor(0.0933), 'ndcg@20': tensor(0.0415), 'recall@20': tensor(0.0933), 'train_loss_0': tensor(0.4110, device='cuda:0')}
[2026-02-06 11:36:05] INFO training_time: 782.5320284366608
[2026-02-06 11:36:05] INFO inference_time: 59.888203859329224
[2026-02-06 11:36:15] INFO {'epoch': 76, 'beauty_5_ndcg@20': tensor(0.0422), 'beauty_5_recall@20': tensor(0.0943), 'ndcg@20': tensor(0.0422), 'recall@20': tensor(0.0943), 'train_loss_0': tensor(0.4102, device='cuda:0')}
[2026-02-06 11:36:15] INFO training_time: 791.5730473995209
[2026-02-06 11:36:15] INFO inference_time: 60.74864172935486
[2026-02-06 11:36:25] INFO {'epoch': 77, 'beauty_5_ndcg@20': tensor(0.0415), 'beauty_5_recall@20': tensor(0.0943), 'ndcg@20': tensor(0.0415), 'recall@20': tensor(0.0943), 'train_loss_0': tensor(0.4074, device='cuda:0')}
[2026-02-06 11:36:25] INFO training_time: 800.8047745227814
[2026-02-06 11:36:25] INFO inference_time: 61.44328451156616
[2026-02-06 11:36:35] INFO {'epoch': 78, 'beauty_5_ndcg@20': tensor(0.0420), 'beauty_5_recall@20': tensor(0.0950), 'ndcg@20': tensor(0.0420), 'recall@20': tensor(0.0950), 'train_loss_0': tensor(0.4111, device='cuda:0')}
[2026-02-06 11:36:35] INFO training_time: 809.9344477653503
[2026-02-06 11:36:35] INFO inference_time: 62.12888765335083
[2026-02-06 11:36:45] INFO {'epoch': 79, 'beauty_5_ndcg@20': tensor(0.0419), 'beauty_5_recall@20': tensor(0.0932), 'ndcg@20': tensor(0.0419), 'recall@20': tensor(0.0932), 'train_loss_0': tensor(0.4064, device='cuda:0')}
[2026-02-06 11:36:45] INFO training_time: 819.0574445724487
[2026-02-06 11:36:45] INFO inference_time: 62.87095046043396
[2026-02-06 11:36:55] INFO {'epoch': 80, 'beauty_5_ndcg@20': tensor(0.0429), 'beauty_5_recall@20': tensor(0.0952), 'ndcg@20': tensor(0.0429), 'recall@20': tensor(0.0952), 'train_loss_0': tensor(0.4076, device='cuda:0')}
[2026-02-06 11:36:55] INFO training_time: 828.0953631401062
[2026-02-06 11:36:55] INFO inference_time: 63.907772064208984
[2026-02-06 11:36:55] INFO ndcg@20 improved. Best value: 0.0429
[2026-02-06 11:36:55] INFO Best model checkpoint saved in saved/SASRec/noisy_5/2026-02-06-11-21-57-873656.ckpt.
[2026-02-06 11:37:05] INFO {'epoch': 81, 'beauty_5_ndcg@20': tensor(0.0428), 'beauty_5_recall@20': tensor(0.0961), 'ndcg@20': tensor(0.0428), 'recall@20': tensor(0.0961), 'train_loss_0': tensor(0.4016, device='cuda:0')}
[2026-02-06 11:37:05] INFO training_time: 837.2985150814056
[2026-02-06 11:37:05] INFO inference_time: 64.56737089157104
[2026-02-06 11:37:14] INFO {'epoch': 82, 'beauty_5_ndcg@20': tensor(0.0416), 'beauty_5_recall@20': tensor(0.0935), 'ndcg@20': tensor(0.0416), 'recall@20': tensor(0.0935), 'train_loss_0': tensor(0.4047, device='cuda:0')}
[2026-02-06 11:37:14] INFO training_time: 846.3081250190735
[2026-02-06 11:37:14] INFO inference_time: 65.26588654518127
[2026-02-06 11:37:24] INFO {'epoch': 83, 'beauty_5_ndcg@20': tensor(0.0421), 'beauty_5_recall@20': tensor(0.0951), 'ndcg@20': tensor(0.0421), 'recall@20': tensor(0.0951), 'train_loss_0': tensor(0.4008, device='cuda:0')}
[2026-02-06 11:37:24] INFO training_time: 855.3186321258545
[2026-02-06 11:37:24] INFO inference_time: 65.9523446559906
[2026-02-06 11:37:34] INFO {'epoch': 84, 'beauty_5_ndcg@20': tensor(0.0413), 'beauty_5_recall@20': tensor(0.0934), 'ndcg@20': tensor(0.0413), 'recall@20': tensor(0.0934), 'train_loss_0': tensor(0.4017, device='cuda:0')}
[2026-02-06 11:37:34] INFO training_time: 864.4208371639252
[2026-02-06 11:37:34] INFO inference_time: 66.77655911445618
[2026-02-06 11:37:44] INFO {'epoch': 85, 'beauty_5_ndcg@20': tensor(0.0413), 'beauty_5_recall@20': tensor(0.0940), 'ndcg@20': tensor(0.0413), 'recall@20': tensor(0.0940), 'train_loss_0': tensor(0.4022, device='cuda:0')}
[2026-02-06 11:37:44] INFO training_time: 873.5700850486755
[2026-02-06 11:37:44] INFO inference_time: 67.58972191810608
[2026-02-06 11:37:54] INFO {'epoch': 86, 'beauty_5_ndcg@20': tensor(0.0418), 'beauty_5_recall@20': tensor(0.0947), 'ndcg@20': tensor(0.0418), 'recall@20': tensor(0.0947), 'train_loss_0': tensor(0.4000, device='cuda:0')}
[2026-02-06 11:37:54] INFO training_time: 882.5884690284729
[2026-02-06 11:37:54] INFO inference_time: 68.31120252609253
[2026-02-06 11:38:04] INFO {'epoch': 87, 'beauty_5_ndcg@20': tensor(0.0412), 'beauty_5_recall@20': tensor(0.0927), 'ndcg@20': tensor(0.0412), 'recall@20': tensor(0.0927), 'train_loss_0': tensor(0.3997, device='cuda:0')}
[2026-02-06 11:38:04] INFO training_time: 891.6657180786133
[2026-02-06 11:38:04] INFO inference_time: 69.12613773345947
[2026-02-06 11:38:14] INFO {'epoch': 88, 'beauty_5_ndcg@20': tensor(0.0422), 'beauty_5_recall@20': tensor(0.0960), 'ndcg@20': tensor(0.0422), 'recall@20': tensor(0.0960), 'train_loss_0': tensor(0.4024, device='cuda:0')}
[2026-02-06 11:38:14] INFO training_time: 900.8515610694885
[2026-02-06 11:38:14] INFO inference_time: 69.90289354324341
[2026-02-06 11:38:23] INFO {'epoch': 89, 'beauty_5_ndcg@20': tensor(0.0420), 'beauty_5_recall@20': tensor(0.0940), 'ndcg@20': tensor(0.0420), 'recall@20': tensor(0.0940), 'train_loss_0': tensor(0.3992, device='cuda:0')}
[2026-02-06 11:38:23] INFO training_time: 909.8783929347992
[2026-02-06 11:38:23] INFO inference_time: 70.68557929992676
[2026-02-06 11:38:34] INFO {'epoch': 90, 'beauty_5_ndcg@20': tensor(0.0420), 'beauty_5_recall@20': tensor(0.0945), 'ndcg@20': tensor(0.0420), 'recall@20': tensor(0.0945), 'train_loss_0': tensor(0.4012, device='cuda:0')}
[2026-02-06 11:38:34] INFO training_time: 918.9651117324829
[2026-02-06 11:38:34] INFO inference_time: 71.75708818435669
[2026-02-06 11:38:44] INFO {'epoch': 91, 'beauty_5_ndcg@20': tensor(0.0414), 'beauty_5_recall@20': tensor(0.0933), 'ndcg@20': tensor(0.0414), 'recall@20': tensor(0.0933), 'train_loss_0': tensor(0.4001, device='cuda:0')}
[2026-02-06 11:38:44] INFO training_time: 928.1596586704254
[2026-02-06 11:38:44] INFO inference_time: 72.58486557006836
[2026-02-06 11:38:53] INFO {'epoch': 92, 'beauty_5_ndcg@20': tensor(0.0410), 'beauty_5_recall@20': tensor(0.0939), 'ndcg@20': tensor(0.0410), 'recall@20': tensor(0.0939), 'train_loss_0': tensor(0.3972, device='cuda:0')}
[2026-02-06 11:38:53] INFO training_time: 937.3366551399231
[2026-02-06 11:38:53] INFO inference_time: 73.31565856933594
[2026-02-06 11:39:04] INFO {'epoch': 93, 'beauty_5_ndcg@20': tensor(0.0420), 'beauty_5_recall@20': tensor(0.0946), 'ndcg@20': tensor(0.0420), 'recall@20': tensor(0.0946), 'train_loss_0': tensor(0.3980, device='cuda:0')}
[2026-02-06 11:39:04] INFO training_time: 946.5346941947937
[2026-02-06 11:39:04] INFO inference_time: 74.18792223930359
[2026-02-06 11:39:13] INFO {'epoch': 94, 'beauty_5_ndcg@20': tensor(0.0421), 'beauty_5_recall@20': tensor(0.0943), 'ndcg@20': tensor(0.0421), 'recall@20': tensor(0.0943), 'train_loss_0': tensor(0.3979, device='cuda:0')}
[2026-02-06 11:39:13] INFO training_time: 955.6459164619446
[2026-02-06 11:39:13] INFO inference_time: 74.99589133262634
[2026-02-06 11:39:24] INFO {'epoch': 95, 'beauty_5_ndcg@20': tensor(0.0424), 'beauty_5_recall@20': tensor(0.0947), 'ndcg@20': tensor(0.0424), 'recall@20': tensor(0.0947), 'train_loss_0': tensor(0.3944, device='cuda:0')}
[2026-02-06 11:39:24] INFO training_time: 964.9201917648315
[2026-02-06 11:39:24] INFO inference_time: 75.83044838905334
[2026-02-06 11:39:34] INFO {'epoch': 96, 'beauty_5_ndcg@20': tensor(0.0434), 'beauty_5_recall@20': tensor(0.0968), 'ndcg@20': tensor(0.0434), 'recall@20': tensor(0.0968), 'train_loss_0': tensor(0.3925, device='cuda:0')}
[2026-02-06 11:39:34] INFO training_time: 974.0293567180634
[2026-02-06 11:39:34] INFO inference_time: 76.65466165542603
[2026-02-06 11:39:34] INFO ndcg@20 improved. Best value: 0.0434
[2026-02-06 11:39:34] INFO Best model checkpoint saved in saved/SASRec/noisy_5/2026-02-06-11-21-57-873656.ckpt.
[2026-02-06 11:39:43] INFO {'epoch': 97, 'beauty_5_ndcg@20': tensor(0.0421), 'beauty_5_recall@20': tensor(0.0942), 'ndcg@20': tensor(0.0421), 'recall@20': tensor(0.0942), 'train_loss_0': tensor(0.3984, device='cuda:0')}
[2026-02-06 11:39:43] INFO training_time: 982.8938722610474
[2026-02-06 11:39:43] INFO inference_time: 77.32148289680481
[2026-02-06 11:39:53] INFO {'epoch': 98, 'beauty_5_ndcg@20': tensor(0.0409), 'beauty_5_recall@20': tensor(0.0931), 'ndcg@20': tensor(0.0409), 'recall@20': tensor(0.0931), 'train_loss_0': tensor(0.3949, device='cuda:0')}
[2026-02-06 11:39:53] INFO training_time: 991.9537191390991
[2026-02-06 11:39:53] INFO inference_time: 78.07532930374146
[2026-02-06 11:40:03] INFO {'epoch': 99, 'beauty_5_ndcg@20': tensor(0.0428), 'beauty_5_recall@20': tensor(0.0962), 'ndcg@20': tensor(0.0428), 'recall@20': tensor(0.0962), 'train_loss_0': tensor(0.3897, device='cuda:0')}
[2026-02-06 11:40:03] INFO training_time: 1001.1074841022491
[2026-02-06 11:40:03] INFO inference_time: 78.78665828704834
[2026-02-06 11:40:13] INFO {'epoch': 100, 'beauty_5_ndcg@20': tensor(0.0422), 'beauty_5_recall@20': tensor(0.0946), 'ndcg@20': tensor(0.0422), 'recall@20': tensor(0.0946), 'train_loss_0': tensor(0.3955, device='cuda:0')}
[2026-02-06 11:40:13] INFO training_time: 1010.0481584072113
[2026-02-06 11:40:13] INFO inference_time: 79.7202775478363
[2026-02-06 11:40:23] INFO {'epoch': 101, 'beauty_5_ndcg@20': tensor(0.0420), 'beauty_5_recall@20': tensor(0.0939), 'ndcg@20': tensor(0.0420), 'recall@20': tensor(0.0939), 'train_loss_0': tensor(0.3920, device='cuda:0')}
[2026-02-06 11:40:23] INFO training_time: 1019.2696356773376
[2026-02-06 11:40:23] INFO inference_time: 80.44446730613708
[2026-02-06 11:40:32] INFO {'epoch': 102, 'beauty_5_ndcg@20': tensor(0.0422), 'beauty_5_recall@20': tensor(0.0956), 'ndcg@20': tensor(0.0422), 'recall@20': tensor(0.0956), 'train_loss_0': tensor(0.3885, device='cuda:0')}
[2026-02-06 11:40:32] INFO training_time: 1028.2006545066833
[2026-02-06 11:40:32] INFO inference_time: 81.12139868736267
[2026-02-06 11:40:42] INFO {'epoch': 103, 'beauty_5_ndcg@20': tensor(0.0426), 'beauty_5_recall@20': tensor(0.0948), 'ndcg@20': tensor(0.0426), 'recall@20': tensor(0.0948), 'train_loss_0': tensor(0.3914, device='cuda:0')}
[2026-02-06 11:40:42] INFO training_time: 1037.2015297412872
[2026-02-06 11:40:42] INFO inference_time: 81.92451786994934
[2026-02-06 11:40:52] INFO {'epoch': 104, 'beauty_5_ndcg@20': tensor(0.0419), 'beauty_5_recall@20': tensor(0.0923), 'ndcg@20': tensor(0.0419), 'recall@20': tensor(0.0923), 'train_loss_0': tensor(0.3892, device='cuda:0')}
[2026-02-06 11:40:52] INFO training_time: 1046.1925189495087
[2026-02-06 11:40:52] INFO inference_time: 82.65037655830383
[2026-02-06 11:41:02] INFO {'epoch': 105, 'beauty_5_ndcg@20': tensor(0.0424), 'beauty_5_recall@20': tensor(0.0960), 'ndcg@20': tensor(0.0424), 'recall@20': tensor(0.0960), 'train_loss_0': tensor(0.3895, device='cuda:0')}
[2026-02-06 11:41:02] INFO training_time: 1055.3161187171936
[2026-02-06 11:41:02] INFO inference_time: 83.42926692962646
[2026-02-06 11:41:12] INFO {'epoch': 106, 'beauty_5_ndcg@20': tensor(0.0421), 'beauty_5_recall@20': tensor(0.0952), 'ndcg@20': tensor(0.0421), 'recall@20': tensor(0.0952), 'train_loss_0': tensor(0.3898, device='cuda:0')}
[2026-02-06 11:41:12] INFO training_time: 1064.5310688018799
[2026-02-06 11:41:12] INFO inference_time: 84.28425097465515
[2026-02-06 11:41:22] INFO {'epoch': 107, 'beauty_5_ndcg@20': tensor(0.0425), 'beauty_5_recall@20': tensor(0.0961), 'ndcg@20': tensor(0.0425), 'recall@20': tensor(0.0961), 'train_loss_0': tensor(0.3884, device='cuda:0')}
[2026-02-06 11:41:22] INFO training_time: 1073.601407289505
[2026-02-06 11:41:22] INFO inference_time: 85.11436414718628
[2026-02-06 11:41:32] INFO {'epoch': 108, 'beauty_5_ndcg@20': tensor(0.0428), 'beauty_5_recall@20': tensor(0.0961), 'ndcg@20': tensor(0.0428), 'recall@20': tensor(0.0961), 'train_loss_0': tensor(0.3902, device='cuda:0')}
[2026-02-06 11:41:32] INFO training_time: 1082.6942603588104
[2026-02-06 11:41:32] INFO inference_time: 85.90351986885071
[2026-02-06 11:41:41] INFO {'epoch': 109, 'beauty_5_ndcg@20': tensor(0.0431), 'beauty_5_recall@20': tensor(0.0963), 'ndcg@20': tensor(0.0431), 'recall@20': tensor(0.0963), 'train_loss_0': tensor(0.3883, device='cuda:0')}
[2026-02-06 11:41:41] INFO training_time: 1091.7742524147034
[2026-02-06 11:41:41] INFO inference_time: 86.74434614181519
[2026-02-06 11:41:51] INFO {'epoch': 110, 'beauty_5_ndcg@20': tensor(0.0422), 'beauty_5_recall@20': tensor(0.0945), 'ndcg@20': tensor(0.0422), 'recall@20': tensor(0.0945), 'train_loss_0': tensor(0.3914, device='cuda:0')}
[2026-02-06 11:41:51] INFO training_time: 1100.7549903392792
[2026-02-06 11:41:51] INFO inference_time: 87.61315870285034
[2026-02-06 11:42:01] INFO {'epoch': 111, 'beauty_5_ndcg@20': tensor(0.0427), 'beauty_5_recall@20': tensor(0.0954), 'ndcg@20': tensor(0.0427), 'recall@20': tensor(0.0954), 'train_loss_0': tensor(0.3874, device='cuda:0')}
[2026-02-06 11:42:01] INFO training_time: 1109.936588525772
[2026-02-06 11:42:01] INFO inference_time: 88.3100073337555
[2026-02-06 11:42:11] INFO {'epoch': 112, 'beauty_5_ndcg@20': tensor(0.0427), 'beauty_5_recall@20': tensor(0.0948), 'ndcg@20': tensor(0.0427), 'recall@20': tensor(0.0948), 'train_loss_0': tensor(0.3861, device='cuda:0')}
[2026-02-06 11:42:11] INFO training_time: 1119.1455326080322
[2026-02-06 11:42:11] INFO inference_time: 89.11196708679199
[2026-02-06 11:42:21] INFO {'epoch': 113, 'beauty_5_ndcg@20': tensor(0.0432), 'beauty_5_recall@20': tensor(0.0949), 'ndcg@20': tensor(0.0432), 'recall@20': tensor(0.0949), 'train_loss_0': tensor(0.3889, device='cuda:0')}
[2026-02-06 11:42:21] INFO training_time: 1128.2198882102966
[2026-02-06 11:42:21] INFO inference_time: 89.89942455291748
[2026-02-06 11:42:31] INFO {'epoch': 114, 'beauty_5_ndcg@20': tensor(0.0431), 'beauty_5_recall@20': tensor(0.0945), 'ndcg@20': tensor(0.0431), 'recall@20': tensor(0.0945), 'train_loss_0': tensor(0.3846, device='cuda:0')}
[2026-02-06 11:42:31] INFO training_time: 1137.1537489891052
[2026-02-06 11:42:31] INFO inference_time: 90.5807695388794
[2026-02-06 11:42:41] INFO {'epoch': 115, 'beauty_5_ndcg@20': tensor(0.0430), 'beauty_5_recall@20': tensor(0.0946), 'ndcg@20': tensor(0.0430), 'recall@20': tensor(0.0946), 'train_loss_0': tensor(0.3857, device='cuda:0')}
[2026-02-06 11:42:41] INFO training_time: 1146.3070776462555
[2026-02-06 11:42:41] INFO inference_time: 91.51719117164612
[2026-02-06 11:42:51] INFO {'epoch': 116, 'beauty_5_ndcg@20': tensor(0.0436), 'beauty_5_recall@20': tensor(0.0963), 'ndcg@20': tensor(0.0436), 'recall@20': tensor(0.0963), 'train_loss_0': tensor(0.3878, device='cuda:0')}
[2026-02-06 11:42:51] INFO training_time: 1155.6346769332886
[2026-02-06 11:42:51] INFO inference_time: 92.57152891159058
[2026-02-06 11:42:51] INFO ndcg@20 improved. Best value: 0.0436
[2026-02-06 11:42:51] INFO Best model checkpoint saved in saved/SASRec/noisy_5/2026-02-06-11-21-57-873656.ckpt.
[2026-02-06 11:43:01] INFO {'epoch': 117, 'beauty_5_ndcg@20': tensor(0.0436), 'beauty_5_recall@20': tensor(0.0958), 'ndcg@20': tensor(0.0436), 'recall@20': tensor(0.0958), 'train_loss_0': tensor(0.3840, device='cuda:0')}
[2026-02-06 11:43:01] INFO training_time: 1164.733591556549
[2026-02-06 11:43:01] INFO inference_time: 93.28785157203674
[2026-02-06 11:43:01] INFO ndcg@20 improved. Best value: 0.0436
[2026-02-06 11:43:01] INFO Best model checkpoint saved in saved/SASRec/noisy_5/2026-02-06-11-21-57-873656.ckpt.
[2026-02-06 11:43:11] INFO {'epoch': 118, 'beauty_5_ndcg@20': tensor(0.0436), 'beauty_5_recall@20': tensor(0.0962), 'ndcg@20': tensor(0.0436), 'recall@20': tensor(0.0962), 'train_loss_0': tensor(0.3817, device='cuda:0')}
[2026-02-06 11:43:11] INFO training_time: 1173.907832145691
[2026-02-06 11:43:11] INFO inference_time: 94.11804413795471
[2026-02-06 11:43:21] INFO {'epoch': 119, 'beauty_5_ndcg@20': tensor(0.0427), 'beauty_5_recall@20': tensor(0.0954), 'ndcg@20': tensor(0.0427), 'recall@20': tensor(0.0954), 'train_loss_0': tensor(0.3817, device='cuda:0')}
[2026-02-06 11:43:21] INFO training_time: 1183.123529434204
[2026-02-06 11:43:21] INFO inference_time: 94.9787323474884
[2026-02-06 11:43:31] INFO {'epoch': 120, 'beauty_5_ndcg@20': tensor(0.0438), 'beauty_5_recall@20': tensor(0.0982), 'ndcg@20': tensor(0.0438), 'recall@20': tensor(0.0982), 'train_loss_0': tensor(0.3827, device='cuda:0')}
[2026-02-06 11:43:31] INFO training_time: 1192.3304946422577
[2026-02-06 11:43:31] INFO inference_time: 96.01366901397705
[2026-02-06 11:43:31] INFO ndcg@20 improved. Best value: 0.0438
[2026-02-06 11:43:31] INFO Best model checkpoint saved in saved/SASRec/noisy_5/2026-02-06-11-21-57-873656.ckpt.
[2026-02-06 11:43:41] INFO {'epoch': 121, 'beauty_5_ndcg@20': tensor(0.0428), 'beauty_5_recall@20': tensor(0.0960), 'ndcg@20': tensor(0.0428), 'recall@20': tensor(0.0960), 'train_loss_0': tensor(0.3810, device='cuda:0')}
[2026-02-06 11:43:41] INFO training_time: 1201.4825565814972
[2026-02-06 11:43:41] INFO inference_time: 96.8066349029541
[2026-02-06 11:43:51] INFO {'epoch': 122, 'beauty_5_ndcg@20': tensor(0.0431), 'beauty_5_recall@20': tensor(0.0957), 'ndcg@20': tensor(0.0431), 'recall@20': tensor(0.0957), 'train_loss_0': tensor(0.3813, device='cuda:0')}
[2026-02-06 11:43:51] INFO training_time: 1210.412477016449
[2026-02-06 11:43:51] INFO inference_time: 97.48655080795288
[2026-02-06 11:44:01] INFO {'epoch': 123, 'beauty_5_ndcg@20': tensor(0.0433), 'beauty_5_recall@20': tensor(0.0975), 'ndcg@20': tensor(0.0433), 'recall@20': tensor(0.0975), 'train_loss_0': tensor(0.3814, device='cuda:0')}
[2026-02-06 11:44:01] INFO training_time: 1219.396939277649
[2026-02-06 11:44:01] INFO inference_time: 98.31187319755554
[2026-02-06 11:44:11] INFO {'epoch': 124, 'beauty_5_ndcg@20': tensor(0.0425), 'beauty_5_recall@20': tensor(0.0952), 'ndcg@20': tensor(0.0425), 'recall@20': tensor(0.0952), 'train_loss_0': tensor(0.3819, device='cuda:0')}
[2026-02-06 11:44:11] INFO training_time: 1228.5429978370667
[2026-02-06 11:44:11] INFO inference_time: 99.12576842308044
[2026-02-06 11:44:21] INFO {'epoch': 125, 'beauty_5_ndcg@20': tensor(0.0424), 'beauty_5_recall@20': tensor(0.0963), 'ndcg@20': tensor(0.0424), 'recall@20': tensor(0.0963), 'train_loss_0': tensor(0.3812, device='cuda:0')}
[2026-02-06 11:44:21] INFO training_time: 1237.7278048992157
[2026-02-06 11:44:21] INFO inference_time: 99.90391755104065
[2026-02-06 11:44:31] INFO {'epoch': 126, 'beauty_5_ndcg@20': tensor(0.0429), 'beauty_5_recall@20': tensor(0.0972), 'ndcg@20': tensor(0.0429), 'recall@20': tensor(0.0972), 'train_loss_0': tensor(0.3812, device='cuda:0')}
[2026-02-06 11:44:31] INFO training_time: 1246.8997838497162
[2026-02-06 11:44:31] INFO inference_time: 100.61407399177551
[2026-02-06 11:44:41] INFO {'epoch': 127, 'beauty_5_ndcg@20': tensor(0.0429), 'beauty_5_recall@20': tensor(0.0974), 'ndcg@20': tensor(0.0429), 'recall@20': tensor(0.0974), 'train_loss_0': tensor(0.3823, device='cuda:0')}
[2026-02-06 11:44:41] INFO training_time: 1256.1206860542297
[2026-02-06 11:44:41] INFO inference_time: 101.39216136932373
[2026-02-06 11:44:50] INFO {'epoch': 128, 'beauty_5_ndcg@20': tensor(0.0428), 'beauty_5_recall@20': tensor(0.0970), 'ndcg@20': tensor(0.0428), 'recall@20': tensor(0.0970), 'train_loss_0': tensor(0.3784, device='cuda:0')}
[2026-02-06 11:44:50] INFO training_time: 1265.282125711441
[2026-02-06 11:44:50] INFO inference_time: 102.05299401283264
[2026-02-06 11:45:01] INFO {'epoch': 129, 'beauty_5_ndcg@20': tensor(0.0422), 'beauty_5_recall@20': tensor(0.0952), 'ndcg@20': tensor(0.0422), 'recall@20': tensor(0.0952), 'train_loss_0': tensor(0.3775, device='cuda:0')}
[2026-02-06 11:45:01] INFO training_time: 1274.5236368179321
[2026-02-06 11:45:01] INFO inference_time: 102.8768470287323
[2026-02-06 11:45:11] INFO {'epoch': 130, 'beauty_5_ndcg@20': tensor(0.0444), 'beauty_5_recall@20': tensor(0.0979), 'ndcg@20': tensor(0.0444), 'recall@20': tensor(0.0979), 'train_loss_0': tensor(0.3781, device='cuda:0')}
[2026-02-06 11:45:11] INFO training_time: 1283.6687519550323
[2026-02-06 11:45:11] INFO inference_time: 103.90207266807556
[2026-02-06 11:45:11] INFO ndcg@20 improved. Best value: 0.0444
[2026-02-06 11:45:11] INFO Best model checkpoint saved in saved/SASRec/noisy_5/2026-02-06-11-21-57-873656.ckpt.
[2026-02-06 11:45:21] INFO {'epoch': 131, 'beauty_5_ndcg@20': tensor(0.0439), 'beauty_5_recall@20': tensor(0.0973), 'ndcg@20': tensor(0.0439), 'recall@20': tensor(0.0973), 'train_loss_0': tensor(0.3802, device='cuda:0')}
[2026-02-06 11:45:21] INFO training_time: 1292.8080742359161
[2026-02-06 11:45:21] INFO inference_time: 104.7233567237854
[2026-02-06 11:45:31] INFO {'epoch': 132, 'beauty_5_ndcg@20': tensor(0.0436), 'beauty_5_recall@20': tensor(0.0973), 'ndcg@20': tensor(0.0436), 'recall@20': tensor(0.0973), 'train_loss_0': tensor(0.3789, device='cuda:0')}
[2026-02-06 11:45:31] INFO training_time: 1301.9902594089508
[2026-02-06 11:45:31] INFO inference_time: 105.49397921562195
[2026-02-06 11:45:40] INFO {'epoch': 133, 'beauty_5_ndcg@20': tensor(0.0437), 'beauty_5_recall@20': tensor(0.0988), 'ndcg@20': tensor(0.0437), 'recall@20': tensor(0.0988), 'train_loss_0': tensor(0.3761, device='cuda:0')}
[2026-02-06 11:45:40] INFO training_time: 1311.1418404579163
[2026-02-06 11:45:40] INFO inference_time: 106.15588903427124
[2026-02-06 11:45:50] INFO {'epoch': 134, 'beauty_5_ndcg@20': tensor(0.0431), 'beauty_5_recall@20': tensor(0.0967), 'ndcg@20': tensor(0.0431), 'recall@20': tensor(0.0967), 'train_loss_0': tensor(0.3749, device='cuda:0')}
[2026-02-06 11:45:50] INFO training_time: 1320.3170511722565
[2026-02-06 11:45:50] INFO inference_time: 107.0095317363739
[2026-02-06 11:46:00] INFO {'epoch': 135, 'beauty_5_ndcg@20': tensor(0.0435), 'beauty_5_recall@20': tensor(0.0979), 'ndcg@20': tensor(0.0435), 'recall@20': tensor(0.0979), 'train_loss_0': tensor(0.3768, device='cuda:0')}
[2026-02-06 11:46:01] INFO training_time: 1329.529366493225
[2026-02-06 11:46:01] INFO inference_time: 107.79884505271912
[2026-02-06 11:46:10] INFO {'epoch': 136, 'beauty_5_ndcg@20': tensor(0.0437), 'beauty_5_recall@20': tensor(0.0982), 'ndcg@20': tensor(0.0437), 'recall@20': tensor(0.0982), 'train_loss_0': tensor(0.3759, device='cuda:0')}
[2026-02-06 11:46:10] INFO training_time: 1338.7138617038727
[2026-02-06 11:46:10] INFO inference_time: 108.52319073677063
[2026-02-06 11:46:20] INFO {'epoch': 137, 'beauty_5_ndcg@20': tensor(0.0433), 'beauty_5_recall@20': tensor(0.0980), 'ndcg@20': tensor(0.0433), 'recall@20': tensor(0.0980), 'train_loss_0': tensor(0.3727, device='cuda:0')}
[2026-02-06 11:46:20] INFO training_time: 1347.8519189357758
[2026-02-06 11:46:20] INFO inference_time: 109.3035261631012
[2026-02-06 11:46:30] INFO {'epoch': 138, 'beauty_5_ndcg@20': tensor(0.0430), 'beauty_5_recall@20': tensor(0.0974), 'ndcg@20': tensor(0.0430), 'recall@20': tensor(0.0974), 'train_loss_0': tensor(0.3746, device='cuda:0')}
[2026-02-06 11:46:30] INFO training_time: 1357.0080778598785
[2026-02-06 11:46:30] INFO inference_time: 110.06954383850098
[2026-02-06 11:46:40] INFO {'epoch': 139, 'beauty_5_ndcg@20': tensor(0.0429), 'beauty_5_recall@20': tensor(0.0966), 'ndcg@20': tensor(0.0429), 'recall@20': tensor(0.0966), 'train_loss_0': tensor(0.3756, device='cuda:0')}
[2026-02-06 11:46:40] INFO training_time: 1366.1655683517456
[2026-02-06 11:46:40] INFO inference_time: 110.72967481613159
[2026-02-06 11:46:50] INFO {'epoch': 140, 'beauty_5_ndcg@20': tensor(0.0431), 'beauty_5_recall@20': tensor(0.0989), 'ndcg@20': tensor(0.0431), 'recall@20': tensor(0.0989), 'train_loss_0': tensor(0.3695, device='cuda:0')}
[2026-02-06 11:46:50] INFO training_time: 1375.2841050624847
[2026-02-06 11:46:50] INFO inference_time: 111.75766897201538
[2026-02-06 11:47:00] INFO {'epoch': 141, 'beauty_5_ndcg@20': tensor(0.0436), 'beauty_5_recall@20': tensor(0.0985), 'ndcg@20': tensor(0.0436), 'recall@20': tensor(0.0985), 'train_loss_0': tensor(0.3730, device='cuda:0')}
[2026-02-06 11:47:00] INFO training_time: 1384.3128099441528
[2026-02-06 11:47:00] INFO inference_time: 112.44573640823364
[2026-02-06 11:47:10] INFO {'epoch': 142, 'beauty_5_ndcg@20': tensor(0.0436), 'beauty_5_recall@20': tensor(0.0982), 'ndcg@20': tensor(0.0436), 'recall@20': tensor(0.0982), 'train_loss_0': tensor(0.3735, device='cuda:0')}
[2026-02-06 11:47:10] INFO training_time: 1393.4548013210297
[2026-02-06 11:47:10] INFO inference_time: 113.24945211410522
[2026-02-06 11:47:20] INFO {'epoch': 143, 'beauty_5_ndcg@20': tensor(0.0436), 'beauty_5_recall@20': tensor(0.0982), 'ndcg@20': tensor(0.0436), 'recall@20': tensor(0.0982), 'train_loss_0': tensor(0.3725, device='cuda:0')}
[2026-02-06 11:47:20] INFO training_time: 1402.6367330551147
[2026-02-06 11:47:20] INFO inference_time: 114.02361488342285
[2026-02-06 11:47:30] INFO {'epoch': 144, 'beauty_5_ndcg@20': tensor(0.0434), 'beauty_5_recall@20': tensor(0.0985), 'ndcg@20': tensor(0.0434), 'recall@20': tensor(0.0985), 'train_loss_0': tensor(0.3721, device='cuda:0')}
[2026-02-06 11:47:30] INFO training_time: 1411.83922290802
[2026-02-06 11:47:30] INFO inference_time: 114.79956030845642
[2026-02-06 11:47:40] INFO {'epoch': 145, 'beauty_5_ndcg@20': tensor(0.0429), 'beauty_5_recall@20': tensor(0.0966), 'ndcg@20': tensor(0.0429), 'recall@20': tensor(0.0966), 'train_loss_0': tensor(0.3725, device='cuda:0')}
[2026-02-06 11:47:40] INFO training_time: 1420.928986787796
[2026-02-06 11:47:40] INFO inference_time: 115.47271060943604
[2026-02-06 11:47:50] INFO {'epoch': 146, 'beauty_5_ndcg@20': tensor(0.0439), 'beauty_5_recall@20': tensor(0.0990), 'ndcg@20': tensor(0.0439), 'recall@20': tensor(0.0990), 'train_loss_0': tensor(0.3726, device='cuda:0')}
[2026-02-06 11:47:50] INFO training_time: 1430.0876677036285
[2026-02-06 11:47:50] INFO inference_time: 116.27950477600098
[2026-02-06 11:48:00] INFO {'epoch': 147, 'beauty_5_ndcg@20': tensor(0.0439), 'beauty_5_recall@20': tensor(0.0992), 'ndcg@20': tensor(0.0439), 'recall@20': tensor(0.0992), 'train_loss_0': tensor(0.3732, device='cuda:0')}
[2026-02-06 11:48:00] INFO training_time: 1439.3300790786743
[2026-02-06 11:48:00] INFO inference_time: 116.98523902893066
[2026-02-06 11:48:09] INFO {'epoch': 148, 'beauty_5_ndcg@20': tensor(0.0437), 'beauty_5_recall@20': tensor(0.0992), 'ndcg@20': tensor(0.0437), 'recall@20': tensor(0.0992), 'train_loss_0': tensor(0.3707, device='cuda:0')}
[2026-02-06 11:48:09] INFO training_time: 1448.388061761856
[2026-02-06 11:48:09] INFO inference_time: 117.57536935806274
[2026-02-06 11:48:19] INFO {'epoch': 149, 'beauty_5_ndcg@20': tensor(0.0440), 'beauty_5_recall@20': tensor(0.0984), 'ndcg@20': tensor(0.0440), 'recall@20': tensor(0.0984), 'train_loss_0': tensor(0.3709, device='cuda:0')}
[2026-02-06 11:48:19] INFO training_time: 1457.598260641098
[2026-02-06 11:48:19] INFO inference_time: 118.35073757171631
[2026-02-06 11:48:29] INFO {'epoch': 150, 'beauty_5_ndcg@20': tensor(0.0439), 'beauty_5_recall@20': tensor(0.0990), 'ndcg@20': tensor(0.0439), 'recall@20': tensor(0.0990), 'train_loss_0': tensor(0.3665, device='cuda:0')}
[2026-02-06 11:48:29] INFO training_time: 1466.7441220283508
[2026-02-06 11:48:29] INFO inference_time: 119.397456407547
[2026-02-06 11:48:29] INFO Early stopped. Since the metric ndcg@20 haven't been improved for 20 epochs.
[2026-02-06 11:48:29] INFO The best score of ndcg@20 is 0.0444 on epoch 130
[2026-02-06 11:48:29] INFO Best model checkpoint saved in saved/SASRec/noisy_5/2026-02-06-11-21-57-873656.ckpt.
[2026-02-06 11:48:30] INFO defaultdict(<class 'float'>, {'beauty_5_ndcg@20': tensor(0.0347), 'beauty_5_recall@20': tensor(0.0766), 'beauty_5_ndcg@10': tensor(0.0286), 'beauty_5_recall@10': tensor(0.0525), 'ndcg@20': tensor(0.0347), 'recall@20': tensor(0.0766), 'ndcg@10': tensor(0.0286), 'recall@10': tensor(0.0525)})
