[2026-02-06 08:35:16] INFO PID of this process: 2601276
[2026-02-06 08:35:24] INFO {'model': {'embed_dim': 64, 'loss_fn': 'bce', 'hidden_size': 128, 'layer_num': 2, 'head_num': 2, 'dropout_rate': 0.5, 'activation': 'gelu', 'layer_norm_eps': 1e-12, 'model': 'SASRec'}, 'data': {'domain_name_list': ['sport_5'], 'user_threshold': 5, 'item_threshold': 5, 'max_seq_len': 50, 'dataset_class': 'general', 'train_file': '_ori', 'dataset': 'noisy_5'}, 'train': {'batch_size': 256, 'early_stop_mode': 'max', 'early_stop_patience': 20, 'epochs': 1000, 'device': 'cuda', 'optimizer': 'adam', 'learning_rate': 0.001, 'weight_decay': 0, 'num_neg': 1, 'seed': 2028}, 'eval': {'batch_size': 2048, 'cutoff': [20, 10], 'val_metrics': ['ndcg', 'recall'], 'test_metrics': ['ndcg', 'recall'], 'topk': 100, 'save_path': './saved/'}}
[2026-02-06 08:35:24] INFO <data.dataset.SeparateDataset object at 0x7fc4dcc461f0>
[2026-02-06 08:35:24] INFO save_dir:saved
[2026-02-06 08:35:24] INFO SASRec(
  (item_embedding): Embedding(18358, 64, padding_idx=0)
  (query_encoder): SASRecQueryEncoder(
    (item_encoder): Embedding(18358, 64, padding_idx=0)
    (position_emb): Embedding(50, 64)
    (transformer_layer): TransformerEncoder(
      (layers): ModuleList(
        (0): TransformerEncoderLayer(
          (self_attn): MultiheadAttention(
            (out_proj): NonDynamicallyQuantizableLinear(in_features=64, out_features=64, bias=True)
          )
          (linear1): Linear(in_features=64, out_features=128, bias=True)
          (dropout): Dropout(p=0.5, inplace=False)
          (linear2): Linear(in_features=128, out_features=64, bias=True)
          (norm1): LayerNorm((64,), eps=1e-12, elementwise_affine=True)
          (norm2): LayerNorm((64,), eps=1e-12, elementwise_affine=True)
          (dropout1): Dropout(p=0.5, inplace=False)
          (dropout2): Dropout(p=0.5, inplace=False)
        )
        (1): TransformerEncoderLayer(
          (self_attn): MultiheadAttention(
            (out_proj): NonDynamicallyQuantizableLinear(in_features=64, out_features=64, bias=True)
          )
          (linear1): Linear(in_features=64, out_features=128, bias=True)
          (dropout): Dropout(p=0.5, inplace=False)
          (linear2): Linear(in_features=128, out_features=64, bias=True)
          (norm1): LayerNorm((64,), eps=1e-12, elementwise_affine=True)
          (norm2): LayerNorm((64,), eps=1e-12, elementwise_affine=True)
          (dropout1): Dropout(p=0.5, inplace=False)
          (dropout2): Dropout(p=0.5, inplace=False)
        )
      )
    )
    (dropout): Dropout(p=0.5, inplace=False)
    (training_pooling_layer): SeqPoolingLayer()
    (eval_pooling_layer): SeqPoolingLayer()
  )
  (loss_fn): BinaryCrossEntropyLoss()
)
[2026-02-06 08:36:39] INFO {'epoch': 0, 'sport_5_ndcg@20': tensor(0.0082), 'sport_5_recall@20': tensor(0.0192), 'ndcg@20': tensor(0.0082), 'recall@20': tensor(0.0192), 'train_loss_0': tensor(1.3036, device='cuda:0')}
[2026-02-06 08:36:39] INFO training_time: 72.66473031044006
[2026-02-06 08:36:39] INFO inference_time: 3.049671173095703
[2026-02-06 08:36:39] INFO ndcg@20 improved. Best value: 0.0082
[2026-02-06 08:36:39] INFO Best model checkpoint saved in saved/SASRec/noisy_5/2026-02-06-08-35-16-557276.ckpt.
[2026-02-06 08:37:52] INFO {'epoch': 1, 'sport_5_ndcg@20': tensor(0.0087), 'sport_5_recall@20': tensor(0.0212), 'ndcg@20': tensor(0.0087), 'recall@20': tensor(0.0212), 'train_loss_0': tensor(1.2046, device='cuda:0')}
[2026-02-06 08:37:52] INFO training_time: 143.3216519355774
[2026-02-06 08:37:52] INFO inference_time: 4.999540090560913
[2026-02-06 08:37:52] INFO ndcg@20 improved. Best value: 0.0087
[2026-02-06 08:37:52] INFO Best model checkpoint saved in saved/SASRec/noisy_5/2026-02-06-08-35-16-557276.ckpt.
[2026-02-06 08:39:07] INFO {'epoch': 2, 'sport_5_ndcg@20': tensor(0.0091), 'sport_5_recall@20': tensor(0.0220), 'ndcg@20': tensor(0.0091), 'recall@20': tensor(0.0220), 'train_loss_0': tensor(1.1667, device='cuda:0')}
[2026-02-06 08:39:07] INFO training_time: 215.88339972496033
[2026-02-06 08:39:07] INFO inference_time: 6.847427606582642
[2026-02-06 08:39:07] INFO ndcg@20 improved. Best value: 0.0091
[2026-02-06 08:39:07] INFO Best model checkpoint saved in saved/SASRec/noisy_5/2026-02-06-08-35-16-557276.ckpt.
[2026-02-06 08:40:22] INFO {'epoch': 3, 'sport_5_ndcg@20': tensor(0.0106), 'sport_5_recall@20': tensor(0.0267), 'ndcg@20': tensor(0.0106), 'recall@20': tensor(0.0267), 'train_loss_0': tensor(1.1113, device='cuda:0')}
[2026-02-06 08:40:22] INFO training_time: 289.5260879993439
[2026-02-06 08:40:22] INFO inference_time: 8.678455352783203
[2026-02-06 08:40:22] INFO ndcg@20 improved. Best value: 0.0106
[2026-02-06 08:40:22] INFO Best model checkpoint saved in saved/SASRec/noisy_5/2026-02-06-08-35-16-557276.ckpt.
[2026-02-06 08:41:37] INFO {'epoch': 4, 'sport_5_ndcg@20': tensor(0.0126), 'sport_5_recall@20': tensor(0.0321), 'ndcg@20': tensor(0.0126), 'recall@20': tensor(0.0321), 'train_loss_0': tensor(1.0459, device='cuda:0')}
[2026-02-06 08:41:37] INFO training_time: 362.8965096473694
[2026-02-06 08:41:37] INFO inference_time: 10.521423816680908
[2026-02-06 08:41:37] INFO ndcg@20 improved. Best value: 0.0126
[2026-02-06 08:41:37] INFO Best model checkpoint saved in saved/SASRec/noisy_5/2026-02-06-08-35-16-557276.ckpt.
[2026-02-06 08:42:53] INFO {'epoch': 5, 'sport_5_ndcg@20': tensor(0.0135), 'sport_5_recall@20': tensor(0.0332), 'ndcg@20': tensor(0.0135), 'recall@20': tensor(0.0332), 'train_loss_0': tensor(0.9909, device='cuda:0')}
[2026-02-06 08:42:53] INFO training_time: 436.3130040168762
[2026-02-06 08:42:53] INFO inference_time: 12.357831954956055
[2026-02-06 08:42:53] INFO ndcg@20 improved. Best value: 0.0135
[2026-02-06 08:42:53] INFO Best model checkpoint saved in saved/SASRec/noisy_5/2026-02-06-08-35-16-557276.ckpt.
[2026-02-06 08:44:08] INFO {'epoch': 6, 'sport_5_ndcg@20': tensor(0.0141), 'sport_5_recall@20': tensor(0.0357), 'ndcg@20': tensor(0.0141), 'recall@20': tensor(0.0357), 'train_loss_0': tensor(0.9450, device='cuda:0')}
[2026-02-06 08:44:08] INFO training_time: 510.02466106414795
[2026-02-06 08:44:08] INFO inference_time: 14.193370342254639
[2026-02-06 08:44:08] INFO ndcg@20 improved. Best value: 0.0141
[2026-02-06 08:44:08] INFO Best model checkpoint saved in saved/SASRec/noisy_5/2026-02-06-08-35-16-557276.ckpt.
[2026-02-06 08:45:24] INFO {'epoch': 7, 'sport_5_ndcg@20': tensor(0.0154), 'sport_5_recall@20': tensor(0.0383), 'ndcg@20': tensor(0.0154), 'recall@20': tensor(0.0383), 'train_loss_0': tensor(0.9031, device='cuda:0')}
[2026-02-06 08:45:24] INFO training_time: 583.8352651596069
[2026-02-06 08:45:24] INFO inference_time: 16.169835567474365
[2026-02-06 08:45:24] INFO ndcg@20 improved. Best value: 0.0154
[2026-02-06 08:45:24] INFO Best model checkpoint saved in saved/SASRec/noisy_5/2026-02-06-08-35-16-557276.ckpt.
[2026-02-06 08:46:40] INFO {'epoch': 8, 'sport_5_ndcg@20': tensor(0.0159), 'sport_5_recall@20': tensor(0.0402), 'ndcg@20': tensor(0.0159), 'recall@20': tensor(0.0402), 'train_loss_0': tensor(0.8654, device='cuda:0')}
[2026-02-06 08:46:40] INFO training_time: 657.7838399410248
[2026-02-06 08:46:40] INFO inference_time: 17.79561495780945
[2026-02-06 08:46:40] INFO ndcg@20 improved. Best value: 0.0159
[2026-02-06 08:46:40] INFO Best model checkpoint saved in saved/SASRec/noisy_5/2026-02-06-08-35-16-557276.ckpt.
[2026-02-06 08:47:55] INFO {'epoch': 9, 'sport_5_ndcg@20': tensor(0.0166), 'sport_5_recall@20': tensor(0.0419), 'ndcg@20': tensor(0.0166), 'recall@20': tensor(0.0419), 'train_loss_0': tensor(0.8299, device='cuda:0')}
[2026-02-06 08:47:55] INFO training_time: 731.2591400146484
[2026-02-06 08:47:55] INFO inference_time: 19.582157373428345
[2026-02-06 08:47:55] INFO ndcg@20 improved. Best value: 0.0166
[2026-02-06 08:47:55] INFO Best model checkpoint saved in saved/SASRec/noisy_5/2026-02-06-08-35-16-557276.ckpt.
[2026-02-06 08:49:12] INFO {'epoch': 10, 'sport_5_ndcg@20': tensor(0.0175), 'sport_5_recall@20': tensor(0.0428), 'ndcg@20': tensor(0.0175), 'recall@20': tensor(0.0428), 'train_loss_0': tensor(0.7980, device='cuda:0')}
[2026-02-06 08:49:12] INFO training_time: 804.8608980178833
[2026-02-06 08:49:12] INFO inference_time: 22.64263606071472
[2026-02-06 08:49:12] INFO ndcg@20 improved. Best value: 0.0175
[2026-02-06 08:49:12] INFO Best model checkpoint saved in saved/SASRec/noisy_5/2026-02-06-08-35-16-557276.ckpt.
[2026-02-06 08:50:27] INFO {'epoch': 11, 'sport_5_ndcg@20': tensor(0.0180), 'sport_5_recall@20': tensor(0.0451), 'ndcg@20': tensor(0.0180), 'recall@20': tensor(0.0451), 'train_loss_0': tensor(0.7665, device='cuda:0')}
[2026-02-06 08:50:27] INFO training_time: 878.4381773471832
[2026-02-06 08:50:27] INFO inference_time: 24.47331142425537
[2026-02-06 08:50:27] INFO ndcg@20 improved. Best value: 0.0180
[2026-02-06 08:50:27] INFO Best model checkpoint saved in saved/SASRec/noisy_5/2026-02-06-08-35-16-557276.ckpt.
[2026-02-06 08:51:43] INFO {'epoch': 12, 'sport_5_ndcg@20': tensor(0.0181), 'sport_5_recall@20': tensor(0.0437), 'ndcg@20': tensor(0.0181), 'recall@20': tensor(0.0437), 'train_loss_0': tensor(0.7408, device='cuda:0')}
[2026-02-06 08:51:43] INFO training_time: 951.8487720489502
[2026-02-06 08:51:43] INFO inference_time: 26.434911727905273
[2026-02-06 08:51:43] INFO ndcg@20 improved. Best value: 0.0181
[2026-02-06 08:51:43] INFO Best model checkpoint saved in saved/SASRec/noisy_5/2026-02-06-08-35-16-557276.ckpt.
[2026-02-06 08:52:58] INFO {'epoch': 13, 'sport_5_ndcg@20': tensor(0.0185), 'sport_5_recall@20': tensor(0.0450), 'ndcg@20': tensor(0.0185), 'recall@20': tensor(0.0450), 'train_loss_0': tensor(0.7195, device='cuda:0')}
[2026-02-06 08:52:58] INFO training_time: 1025.5025362968445
[2026-02-06 08:52:58] INFO inference_time: 28.3111252784729
[2026-02-06 08:52:58] INFO ndcg@20 improved. Best value: 0.0185
[2026-02-06 08:52:58] INFO Best model checkpoint saved in saved/SASRec/noisy_5/2026-02-06-08-35-16-557276.ckpt.
[2026-02-06 08:54:14] INFO {'epoch': 14, 'sport_5_ndcg@20': tensor(0.0190), 'sport_5_recall@20': tensor(0.0468), 'ndcg@20': tensor(0.0190), 'recall@20': tensor(0.0468), 'train_loss_0': tensor(0.6995, device='cuda:0')}
[2026-02-06 08:54:14] INFO training_time: 1099.5576622486115
[2026-02-06 08:54:14] INFO inference_time: 30.26357126235962
[2026-02-06 08:54:14] INFO ndcg@20 improved. Best value: 0.0190
[2026-02-06 08:54:14] INFO Best model checkpoint saved in saved/SASRec/noisy_5/2026-02-06-08-35-16-557276.ckpt.
[2026-02-06 08:55:29] INFO {'epoch': 15, 'sport_5_ndcg@20': tensor(0.0187), 'sport_5_recall@20': tensor(0.0455), 'ndcg@20': tensor(0.0187), 'recall@20': tensor(0.0455), 'train_loss_0': tensor(0.6818, device='cuda:0')}
[2026-02-06 08:55:29] INFO training_time: 1172.8278362751007
[2026-02-06 08:55:29] INFO inference_time: 31.984788417816162
[2026-02-06 08:56:45] INFO {'epoch': 16, 'sport_5_ndcg@20': tensor(0.0186), 'sport_5_recall@20': tensor(0.0452), 'ndcg@20': tensor(0.0186), 'recall@20': tensor(0.0452), 'train_loss_0': tensor(0.6635, device='cuda:0')}
[2026-02-06 08:56:45] INFO training_time: 1246.3923711776733
[2026-02-06 08:56:45] INFO inference_time: 33.79309558868408
[2026-02-06 08:58:00] INFO {'epoch': 17, 'sport_5_ndcg@20': tensor(0.0192), 'sport_5_recall@20': tensor(0.0460), 'ndcg@20': tensor(0.0192), 'recall@20': tensor(0.0460), 'train_loss_0': tensor(0.6503, device='cuda:0')}
[2026-02-06 08:58:00] INFO training_time: 1320.1853423118591
[2026-02-06 08:58:00] INFO inference_time: 35.624940395355225
[2026-02-06 08:58:00] INFO ndcg@20 improved. Best value: 0.0192
[2026-02-06 08:58:00] INFO Best model checkpoint saved in saved/SASRec/noisy_5/2026-02-06-08-35-16-557276.ckpt.
[2026-02-06 08:59:16] INFO {'epoch': 18, 'sport_5_ndcg@20': tensor(0.0194), 'sport_5_recall@20': tensor(0.0462), 'ndcg@20': tensor(0.0194), 'recall@20': tensor(0.0462), 'train_loss_0': tensor(0.6379, device='cuda:0')}
[2026-02-06 08:59:16] INFO training_time: 1393.498839855194
[2026-02-06 08:59:16] INFO inference_time: 37.61842179298401
[2026-02-06 08:59:16] INFO ndcg@20 improved. Best value: 0.0194
[2026-02-06 08:59:16] INFO Best model checkpoint saved in saved/SASRec/noisy_5/2026-02-06-08-35-16-557276.ckpt.
[2026-02-06 09:00:31] INFO {'epoch': 19, 'sport_5_ndcg@20': tensor(0.0200), 'sport_5_recall@20': tensor(0.0479), 'ndcg@20': tensor(0.0200), 'recall@20': tensor(0.0479), 'train_loss_0': tensor(0.6240, device='cuda:0')}
[2026-02-06 09:00:31] INFO training_time: 1466.8176217079163
[2026-02-06 09:00:31] INFO inference_time: 39.44934892654419
[2026-02-06 09:00:31] INFO ndcg@20 improved. Best value: 0.0200
[2026-02-06 09:00:31] INFO Best model checkpoint saved in saved/SASRec/noisy_5/2026-02-06-08-35-16-557276.ckpt.
[2026-02-06 09:01:47] INFO {'epoch': 20, 'sport_5_ndcg@20': tensor(0.0195), 'sport_5_recall@20': tensor(0.0467), 'ndcg@20': tensor(0.0195), 'recall@20': tensor(0.0467), 'train_loss_0': tensor(0.6128, device='cuda:0')}
[2026-02-06 09:01:47] INFO training_time: 1540.1255297660828
[2026-02-06 09:01:47] INFO inference_time: 42.35300588607788
[2026-02-06 09:03:02] INFO {'epoch': 21, 'sport_5_ndcg@20': tensor(0.0200), 'sport_5_recall@20': tensor(0.0476), 'ndcg@20': tensor(0.0200), 'recall@20': tensor(0.0476), 'train_loss_0': tensor(0.6019, device='cuda:0')}
[2026-02-06 09:03:02] INFO training_time: 1613.3823647499084
[2026-02-06 09:03:02] INFO inference_time: 44.098020792007446
[2026-02-06 09:03:02] INFO ndcg@20 improved. Best value: 0.0200
[2026-02-06 09:03:02] INFO Best model checkpoint saved in saved/SASRec/noisy_5/2026-02-06-08-35-16-557276.ckpt.
[2026-02-06 09:04:17] INFO {'epoch': 22, 'sport_5_ndcg@20': tensor(0.0196), 'sport_5_recall@20': tensor(0.0471), 'ndcg@20': tensor(0.0196), 'recall@20': tensor(0.0471), 'train_loss_0': tensor(0.5933, device='cuda:0')}
[2026-02-06 09:04:17] INFO training_time: 1686.6146473884583
[2026-02-06 09:04:17] INFO inference_time: 45.88677644729614
[2026-02-06 09:05:33] INFO {'epoch': 23, 'sport_5_ndcg@20': tensor(0.0193), 'sport_5_recall@20': tensor(0.0456), 'ndcg@20': tensor(0.0193), 'recall@20': tensor(0.0456), 'train_loss_0': tensor(0.5893, device='cuda:0')}
[2026-02-06 09:05:33] INFO training_time: 1760.169023513794
[2026-02-06 09:05:33] INFO inference_time: 47.949485301971436
[2026-02-06 09:06:48] INFO {'epoch': 24, 'sport_5_ndcg@20': tensor(0.0193), 'sport_5_recall@20': tensor(0.0461), 'ndcg@20': tensor(0.0193), 'recall@20': tensor(0.0461), 'train_loss_0': tensor(0.5813, device='cuda:0')}
[2026-02-06 09:06:48] INFO training_time: 1833.299103975296
[2026-02-06 09:06:48] INFO inference_time: 49.94542932510376
[2026-02-06 09:08:03] INFO {'epoch': 25, 'sport_5_ndcg@20': tensor(0.0196), 'sport_5_recall@20': tensor(0.0467), 'ndcg@20': tensor(0.0196), 'recall@20': tensor(0.0467), 'train_loss_0': tensor(0.5741, device='cuda:0')}
[2026-02-06 09:08:03] INFO training_time: 1906.4070649147034
[2026-02-06 09:08:03] INFO inference_time: 51.84383988380432
[2026-02-06 09:09:18] INFO {'epoch': 26, 'sport_5_ndcg@20': tensor(0.0197), 'sport_5_recall@20': tensor(0.0467), 'ndcg@20': tensor(0.0197), 'recall@20': tensor(0.0467), 'train_loss_0': tensor(0.5673, device='cuda:0')}
[2026-02-06 09:09:18] INFO training_time: 1979.6007645130157
[2026-02-06 09:09:18] INFO inference_time: 53.82123923301697
[2026-02-06 09:10:33] INFO {'epoch': 27, 'sport_5_ndcg@20': tensor(0.0200), 'sport_5_recall@20': tensor(0.0473), 'ndcg@20': tensor(0.0200), 'recall@20': tensor(0.0473), 'train_loss_0': tensor(0.5630, device='cuda:0')}
[2026-02-06 09:10:33] INFO training_time: 2052.7554335594177
[2026-02-06 09:10:33] INFO inference_time: 55.753666400909424
[2026-02-06 09:10:33] INFO ndcg@20 improved. Best value: 0.0200
[2026-02-06 09:10:33] INFO Best model checkpoint saved in saved/SASRec/noisy_5/2026-02-06-08-35-16-557276.ckpt.
[2026-02-06 09:11:49] INFO {'epoch': 28, 'sport_5_ndcg@20': tensor(0.0200), 'sport_5_recall@20': tensor(0.0478), 'ndcg@20': tensor(0.0200), 'recall@20': tensor(0.0478), 'train_loss_0': tensor(0.5529, device='cuda:0')}
[2026-02-06 09:11:49] INFO training_time: 2126.079972743988
[2026-02-06 09:11:49] INFO inference_time: 57.66507267951965
[2026-02-06 09:11:49] INFO ndcg@20 improved. Best value: 0.0200
[2026-02-06 09:11:49] INFO Best model checkpoint saved in saved/SASRec/noisy_5/2026-02-06-08-35-16-557276.ckpt.
[2026-02-06 09:13:04] INFO {'epoch': 29, 'sport_5_ndcg@20': tensor(0.0203), 'sport_5_recall@20': tensor(0.0479), 'ndcg@20': tensor(0.0203), 'recall@20': tensor(0.0479), 'train_loss_0': tensor(0.5525, device='cuda:0')}
[2026-02-06 09:13:04] INFO training_time: 2199.1468544006348
[2026-02-06 09:13:04] INFO inference_time: 59.544577836990356
[2026-02-06 09:13:04] INFO ndcg@20 improved. Best value: 0.0203
[2026-02-06 09:13:04] INFO Best model checkpoint saved in saved/SASRec/noisy_5/2026-02-06-08-35-16-557276.ckpt.
[2026-02-06 09:14:19] INFO {'epoch': 30, 'sport_5_ndcg@20': tensor(0.0203), 'sport_5_recall@20': tensor(0.0473), 'ndcg@20': tensor(0.0203), 'recall@20': tensor(0.0473), 'train_loss_0': tensor(0.5532, device='cuda:0')}
[2026-02-06 09:14:19] INFO training_time: 2271.978186607361
[2026-02-06 09:14:19] INFO inference_time: 62.38139605522156
[2026-02-06 09:15:34] INFO {'epoch': 31, 'sport_5_ndcg@20': tensor(0.0200), 'sport_5_recall@20': tensor(0.0474), 'ndcg@20': tensor(0.0200), 'recall@20': tensor(0.0474), 'train_loss_0': tensor(0.5398, device='cuda:0')}
[2026-02-06 09:15:34] INFO training_time: 2344.807697057724
[2026-02-06 09:15:34] INFO inference_time: 64.2123281955719
[2026-02-06 09:16:49] INFO {'epoch': 32, 'sport_5_ndcg@20': tensor(0.0206), 'sport_5_recall@20': tensor(0.0483), 'ndcg@20': tensor(0.0206), 'recall@20': tensor(0.0483), 'train_loss_0': tensor(0.5373, device='cuda:0')}
[2026-02-06 09:16:49] INFO training_time: 2418.1898448467255
[2026-02-06 09:16:49] INFO inference_time: 66.25180196762085
[2026-02-06 09:16:49] INFO ndcg@20 improved. Best value: 0.0206
[2026-02-06 09:16:50] INFO Best model checkpoint saved in saved/SASRec/noisy_5/2026-02-06-08-35-16-557276.ckpt.
[2026-02-06 09:18:04] INFO {'epoch': 33, 'sport_5_ndcg@20': tensor(0.0205), 'sport_5_recall@20': tensor(0.0473), 'ndcg@20': tensor(0.0205), 'recall@20': tensor(0.0473), 'train_loss_0': tensor(0.5378, device='cuda:0')}
[2026-02-06 09:18:04] INFO training_time: 2490.9279577732086
[2026-02-06 09:18:04] INFO inference_time: 68.03378748893738
[2026-02-06 09:19:19] INFO {'epoch': 34, 'sport_5_ndcg@20': tensor(0.0200), 'sport_5_recall@20': tensor(0.0472), 'ndcg@20': tensor(0.0200), 'recall@20': tensor(0.0472), 'train_loss_0': tensor(0.5330, device='cuda:0')}
[2026-02-06 09:19:19] INFO training_time: 2563.564041376114
[2026-02-06 09:19:19] INFO inference_time: 69.90549755096436
[2026-02-06 09:20:33] INFO {'epoch': 35, 'sport_5_ndcg@20': tensor(0.0204), 'sport_5_recall@20': tensor(0.0486), 'ndcg@20': tensor(0.0204), 'recall@20': tensor(0.0486), 'train_loss_0': tensor(0.5250, device='cuda:0')}
[2026-02-06 09:20:33] INFO training_time: 2636.389019012451
[2026-02-06 09:20:33] INFO inference_time: 71.87610030174255
[2026-02-06 09:21:48] INFO {'epoch': 36, 'sport_5_ndcg@20': tensor(0.0204), 'sport_5_recall@20': tensor(0.0476), 'ndcg@20': tensor(0.0204), 'recall@20': tensor(0.0476), 'train_loss_0': tensor(0.5250, device='cuda:0')}
[2026-02-06 09:21:48] INFO training_time: 2708.988513946533
[2026-02-06 09:21:48] INFO inference_time: 73.596843957901
[2026-02-06 09:23:02] INFO {'epoch': 37, 'sport_5_ndcg@20': tensor(0.0210), 'sport_5_recall@20': tensor(0.0495), 'ndcg@20': tensor(0.0210), 'recall@20': tensor(0.0495), 'train_loss_0': tensor(0.5191, device='cuda:0')}
[2026-02-06 09:23:03] INFO training_time: 2781.8423235416412
[2026-02-06 09:23:03] INFO inference_time: 75.44615745544434
[2026-02-06 09:23:03] INFO ndcg@20 improved. Best value: 0.0210
[2026-02-06 09:23:03] INFO Best model checkpoint saved in saved/SASRec/noisy_5/2026-02-06-08-35-16-557276.ckpt.
[2026-02-06 09:24:17] INFO {'epoch': 38, 'sport_5_ndcg@20': tensor(0.0207), 'sport_5_recall@20': tensor(0.0487), 'ndcg@20': tensor(0.0207), 'recall@20': tensor(0.0487), 'train_loss_0': tensor(0.5208, device='cuda:0')}
[2026-02-06 09:24:17] INFO training_time: 2854.7518491744995
[2026-02-06 09:24:17] INFO inference_time: 77.17578315734863
[2026-02-06 09:25:32] INFO {'epoch': 39, 'sport_5_ndcg@20': tensor(0.0211), 'sport_5_recall@20': tensor(0.0497), 'ndcg@20': tensor(0.0211), 'recall@20': tensor(0.0497), 'train_loss_0': tensor(0.5159, device='cuda:0')}
[2026-02-06 09:25:32] INFO training_time: 2927.3530898094177
[2026-02-06 09:25:32] INFO inference_time: 79.07830834388733
[2026-02-06 09:25:32] INFO ndcg@20 improved. Best value: 0.0211
[2026-02-06 09:25:32] INFO Best model checkpoint saved in saved/SASRec/noisy_5/2026-02-06-08-35-16-557276.ckpt.
[2026-02-06 09:26:48] INFO {'epoch': 40, 'sport_5_ndcg@20': tensor(0.0209), 'sport_5_recall@20': tensor(0.0494), 'ndcg@20': tensor(0.0209), 'recall@20': tensor(0.0494), 'train_loss_0': tensor(0.5136, device='cuda:0')}
[2026-02-06 09:26:48] INFO training_time: 3000.095034122467
[2026-02-06 09:26:48] INFO inference_time: 82.53279042243958
[2026-02-06 09:28:03] INFO {'epoch': 41, 'sport_5_ndcg@20': tensor(0.0199), 'sport_5_recall@20': tensor(0.0480), 'ndcg@20': tensor(0.0199), 'recall@20': tensor(0.0480), 'train_loss_0': tensor(0.5097, device='cuda:0')}
[2026-02-06 09:28:03] INFO training_time: 3072.9043061733246
[2026-02-06 09:28:03] INFO inference_time: 84.52062511444092
[2026-02-06 09:29:18] INFO {'epoch': 42, 'sport_5_ndcg@20': tensor(0.0207), 'sport_5_recall@20': tensor(0.0490), 'ndcg@20': tensor(0.0207), 'recall@20': tensor(0.0490), 'train_loss_0': tensor(0.5060, device='cuda:0')}
[2026-02-06 09:29:18] INFO training_time: 3145.695476770401
[2026-02-06 09:29:18] INFO inference_time: 86.4569571018219
[2026-02-06 09:30:32] INFO {'epoch': 43, 'sport_5_ndcg@20': tensor(0.0211), 'sport_5_recall@20': tensor(0.0493), 'ndcg@20': tensor(0.0211), 'recall@20': tensor(0.0493), 'train_loss_0': tensor(0.5048, device='cuda:0')}
[2026-02-06 09:30:32] INFO training_time: 3218.5011472702026
[2026-02-06 09:30:32] INFO inference_time: 88.26669073104858
[2026-02-06 09:31:47] INFO {'epoch': 44, 'sport_5_ndcg@20': tensor(0.0206), 'sport_5_recall@20': tensor(0.0485), 'ndcg@20': tensor(0.0206), 'recall@20': tensor(0.0485), 'train_loss_0': tensor(0.5012, device='cuda:0')}
[2026-02-06 09:31:47] INFO training_time: 3291.347592115402
[2026-02-06 09:31:47] INFO inference_time: 89.83100509643555
[2026-02-06 09:33:01] INFO {'epoch': 45, 'sport_5_ndcg@20': tensor(0.0207), 'sport_5_recall@20': tensor(0.0480), 'ndcg@20': tensor(0.0207), 'recall@20': tensor(0.0480), 'train_loss_0': tensor(0.5019, device='cuda:0')}
[2026-02-06 09:33:01] INFO training_time: 3364.2014265060425
[2026-02-06 09:33:01] INFO inference_time: 91.64818072319031
[2026-02-06 09:34:16] INFO {'epoch': 46, 'sport_5_ndcg@20': tensor(0.0207), 'sport_5_recall@20': tensor(0.0480), 'ndcg@20': tensor(0.0207), 'recall@20': tensor(0.0480), 'train_loss_0': tensor(0.4975, device='cuda:0')}
[2026-02-06 09:34:16] INFO training_time: 3436.9907081127167
[2026-02-06 09:34:16] INFO inference_time: 93.597895860672
[2026-02-06 09:35:31] INFO {'epoch': 47, 'sport_5_ndcg@20': tensor(0.0211), 'sport_5_recall@20': tensor(0.0490), 'ndcg@20': tensor(0.0211), 'recall@20': tensor(0.0490), 'train_loss_0': tensor(0.4962, device='cuda:0')}
[2026-02-06 09:35:31] INFO training_time: 3509.876885175705
[2026-02-06 09:35:31] INFO inference_time: 95.66780805587769
[2026-02-06 09:35:31] INFO ndcg@20 improved. Best value: 0.0211
[2026-02-06 09:35:31] INFO Best model checkpoint saved in saved/SASRec/noisy_5/2026-02-06-08-35-16-557276.ckpt.
[2026-02-06 09:36:46] INFO {'epoch': 48, 'sport_5_ndcg@20': tensor(0.0207), 'sport_5_recall@20': tensor(0.0486), 'ndcg@20': tensor(0.0207), 'recall@20': tensor(0.0486), 'train_loss_0': tensor(0.4982, device='cuda:0')}
[2026-02-06 09:36:46] INFO training_time: 3583.1062688827515
[2026-02-06 09:36:46] INFO inference_time: 97.49030256271362
[2026-02-06 09:38:01] INFO {'epoch': 49, 'sport_5_ndcg@20': tensor(0.0216), 'sport_5_recall@20': tensor(0.0501), 'ndcg@20': tensor(0.0216), 'recall@20': tensor(0.0501), 'train_loss_0': tensor(0.4902, device='cuda:0')}
[2026-02-06 09:38:01] INFO training_time: 3655.8984339237213
[2026-02-06 09:38:01] INFO inference_time: 99.23522329330444
[2026-02-06 09:38:01] INFO ndcg@20 improved. Best value: 0.0216
[2026-02-06 09:38:01] INFO Best model checkpoint saved in saved/SASRec/noisy_5/2026-02-06-08-35-16-557276.ckpt.
[2026-02-06 09:39:18] INFO {'epoch': 50, 'sport_5_ndcg@20': tensor(0.0216), 'sport_5_recall@20': tensor(0.0487), 'ndcg@20': tensor(0.0216), 'recall@20': tensor(0.0487), 'train_loss_0': tensor(0.4888, device='cuda:0')}
[2026-02-06 09:39:18] INFO training_time: 3728.7410094738007
[2026-02-06 09:39:18] INFO inference_time: 103.76870703697205
[2026-02-06 09:40:36] INFO {'epoch': 51, 'sport_5_ndcg@20': tensor(0.0215), 'sport_5_recall@20': tensor(0.0487), 'ndcg@20': tensor(0.0215), 'recall@20': tensor(0.0487), 'train_loss_0': tensor(0.4896, device='cuda:0')}
[2026-02-06 09:40:36] INFO training_time: 3803.9631037712097
[2026-02-06 09:40:36] INFO inference_time: 106.19807004928589
[2026-02-06 09:42:26] INFO {'epoch': 52, 'sport_5_ndcg@20': tensor(0.0211), 'sport_5_recall@20': tensor(0.0487), 'ndcg@20': tensor(0.0211), 'recall@20': tensor(0.0487), 'train_loss_0': tensor(0.4888, device='cuda:0')}
[2026-02-06 09:42:26] INFO training_time: 3911.782348394394
[2026-02-06 09:42:26] INFO inference_time: 108.4285032749176
[2026-02-06 09:44:17] INFO {'epoch': 53, 'sport_5_ndcg@20': tensor(0.0214), 'sport_5_recall@20': tensor(0.0497), 'ndcg@20': tensor(0.0214), 'recall@20': tensor(0.0497), 'train_loss_0': tensor(0.4858, device='cuda:0')}
[2026-02-06 09:44:17] INFO training_time: 4019.822509288788
[2026-02-06 09:44:17] INFO inference_time: 110.86305522918701
[2026-02-06 09:45:55] INFO {'epoch': 54, 'sport_5_ndcg@20': tensor(0.0213), 'sport_5_recall@20': tensor(0.0491), 'ndcg@20': tensor(0.0213), 'recall@20': tensor(0.0491), 'train_loss_0': tensor(0.4856, device='cuda:0')}
[2026-02-06 09:45:55] INFO training_time: 4116.278452634811
[2026-02-06 09:45:55] INFO inference_time: 112.85250639915466
[2026-02-06 09:47:10] INFO {'epoch': 55, 'sport_5_ndcg@20': tensor(0.0210), 'sport_5_recall@20': tensor(0.0485), 'ndcg@20': tensor(0.0210), 'recall@20': tensor(0.0485), 'train_loss_0': tensor(0.4825, device='cuda:0')}
[2026-02-06 09:47:10] INFO training_time: 4189.692291975021
[2026-02-06 09:47:10] INFO inference_time: 114.70729303359985
[2026-02-06 09:48:26] INFO {'epoch': 56, 'sport_5_ndcg@20': tensor(0.0208), 'sport_5_recall@20': tensor(0.0487), 'ndcg@20': tensor(0.0208), 'recall@20': tensor(0.0487), 'train_loss_0': tensor(0.4810, device='cuda:0')}
[2026-02-06 09:48:26] INFO training_time: 4263.325229406357
[2026-02-06 09:48:26] INFO inference_time: 116.7731602191925
[2026-02-06 09:49:41] INFO {'epoch': 57, 'sport_5_ndcg@20': tensor(0.0215), 'sport_5_recall@20': tensor(0.0500), 'ndcg@20': tensor(0.0215), 'recall@20': tensor(0.0500), 'train_loss_0': tensor(0.4793, device='cuda:0')}
[2026-02-06 09:49:41] INFO training_time: 4336.566724777222
[2026-02-06 09:49:41] INFO inference_time: 118.75116777420044
[2026-02-06 09:50:57] INFO {'epoch': 58, 'sport_5_ndcg@20': tensor(0.0219), 'sport_5_recall@20': tensor(0.0505), 'ndcg@20': tensor(0.0219), 'recall@20': tensor(0.0505), 'train_loss_0': tensor(0.4782, device='cuda:0')}
[2026-02-06 09:50:57] INFO training_time: 4410.418247938156
[2026-02-06 09:50:57] INFO inference_time: 120.7339882850647
[2026-02-06 09:50:57] INFO ndcg@20 improved. Best value: 0.0219
[2026-02-06 09:50:57] INFO Best model checkpoint saved in saved/SASRec/noisy_5/2026-02-06-08-35-16-557276.ckpt.
[2026-02-06 09:52:13] INFO {'epoch': 59, 'sport_5_ndcg@20': tensor(0.0209), 'sport_5_recall@20': tensor(0.0482), 'ndcg@20': tensor(0.0209), 'recall@20': tensor(0.0482), 'train_loss_0': tensor(0.4751, device='cuda:0')}
[2026-02-06 09:52:13] INFO training_time: 4484.007749795914
[2026-02-06 09:52:13] INFO inference_time: 122.84658718109131
[2026-02-06 09:53:31] INFO {'epoch': 60, 'sport_5_ndcg@20': tensor(0.0217), 'sport_5_recall@20': tensor(0.0502), 'ndcg@20': tensor(0.0217), 'recall@20': tensor(0.0502), 'train_loss_0': tensor(0.4764, device='cuda:0')}
[2026-02-06 09:53:31] INFO training_time: 4557.501736164093
[2026-02-06 09:53:31] INFO inference_time: 127.07638740539551
[2026-02-06 09:54:47] INFO {'epoch': 61, 'sport_5_ndcg@20': tensor(0.0215), 'sport_5_recall@20': tensor(0.0498), 'ndcg@20': tensor(0.0215), 'recall@20': tensor(0.0498), 'train_loss_0': tensor(0.4721, device='cuda:0')}
[2026-02-06 09:54:47] INFO training_time: 4631.77050280571
[2026-02-06 09:54:47] INFO inference_time: 128.67530941963196
[2026-02-06 09:56:02] INFO {'epoch': 62, 'sport_5_ndcg@20': tensor(0.0212), 'sport_5_recall@20': tensor(0.0488), 'ndcg@20': tensor(0.0212), 'recall@20': tensor(0.0488), 'train_loss_0': tensor(0.4712, device='cuda:0')}
[2026-02-06 09:56:02] INFO training_time: 4705.351403951645
[2026-02-06 09:56:02] INFO inference_time: 130.45406794548035
[2026-02-06 09:57:18] INFO {'epoch': 63, 'sport_5_ndcg@20': tensor(0.0212), 'sport_5_recall@20': tensor(0.0489), 'ndcg@20': tensor(0.0212), 'recall@20': tensor(0.0489), 'train_loss_0': tensor(0.4682, device='cuda:0')}
[2026-02-06 09:57:18] INFO training_time: 4779.1695728302
[2026-02-06 09:57:18] INFO inference_time: 132.44666385650635
[2026-02-06 09:58:34] INFO {'epoch': 64, 'sport_5_ndcg@20': tensor(0.0219), 'sport_5_recall@20': tensor(0.0510), 'ndcg@20': tensor(0.0219), 'recall@20': tensor(0.0510), 'train_loss_0': tensor(0.4734, device='cuda:0')}
[2026-02-06 09:58:34] INFO training_time: 4853.112190723419
[2026-02-06 09:58:34] INFO inference_time: 134.48398399353027
[2026-02-06 09:59:50] INFO {'epoch': 65, 'sport_5_ndcg@20': tensor(0.0216), 'sport_5_recall@20': tensor(0.0503), 'ndcg@20': tensor(0.0216), 'recall@20': tensor(0.0503), 'train_loss_0': tensor(0.4676, device='cuda:0')}
[2026-02-06 09:59:50] INFO training_time: 4926.841420650482
[2026-02-06 09:59:50] INFO inference_time: 136.53955507278442
[2026-02-06 10:01:05] INFO {'epoch': 66, 'sport_5_ndcg@20': tensor(0.0214), 'sport_5_recall@20': tensor(0.0494), 'ndcg@20': tensor(0.0214), 'recall@20': tensor(0.0494), 'train_loss_0': tensor(0.4687, device='cuda:0')}
[2026-02-06 10:01:05] INFO training_time: 5000.415122509003
[2026-02-06 10:01:05] INFO inference_time: 138.6324110031128
[2026-02-06 10:02:21] INFO {'epoch': 67, 'sport_5_ndcg@20': tensor(0.0215), 'sport_5_recall@20': tensor(0.0505), 'ndcg@20': tensor(0.0215), 'recall@20': tensor(0.0505), 'train_loss_0': tensor(0.4679, device='cuda:0')}
[2026-02-06 10:02:21] INFO training_time: 5073.6789836883545
[2026-02-06 10:02:21] INFO inference_time: 140.53641176223755
[2026-02-06 10:03:36] INFO {'epoch': 68, 'sport_5_ndcg@20': tensor(0.0212), 'sport_5_recall@20': tensor(0.0510), 'ndcg@20': tensor(0.0212), 'recall@20': tensor(0.0510), 'train_loss_0': tensor(0.4634, device='cuda:0')}
[2026-02-06 10:03:36] INFO training_time: 5146.908668994904
[2026-02-06 10:03:36] INFO inference_time: 142.53926539421082
[2026-02-06 10:04:51] INFO {'epoch': 69, 'sport_5_ndcg@20': tensor(0.0216), 'sport_5_recall@20': tensor(0.0506), 'ndcg@20': tensor(0.0216), 'recall@20': tensor(0.0506), 'train_loss_0': tensor(0.4661, device='cuda:0')}
[2026-02-06 10:04:51] INFO training_time: 5220.227876901627
[2026-02-06 10:04:51] INFO inference_time: 144.56445407867432
[2026-02-06 10:06:10] INFO {'epoch': 70, 'sport_5_ndcg@20': tensor(0.0215), 'sport_5_recall@20': tensor(0.0494), 'ndcg@20': tensor(0.0215), 'recall@20': tensor(0.0494), 'train_loss_0': tensor(0.4655, device='cuda:0')}
[2026-02-06 10:06:10] INFO training_time: 5293.718605041504
[2026-02-06 10:06:10] INFO inference_time: 149.7106568813324
[2026-02-06 10:07:26] INFO {'epoch': 71, 'sport_5_ndcg@20': tensor(0.0212), 'sport_5_recall@20': tensor(0.0491), 'ndcg@20': tensor(0.0212), 'recall@20': tensor(0.0491), 'train_loss_0': tensor(0.4662, device='cuda:0')}
[2026-02-06 10:07:26] INFO training_time: 5367.859162330627
[2026-02-06 10:07:26] INFO inference_time: 151.6986539363861
[2026-02-06 10:08:39] INFO {'epoch': 72, 'sport_5_ndcg@20': tensor(0.0214), 'sport_5_recall@20': tensor(0.0489), 'ndcg@20': tensor(0.0214), 'recall@20': tensor(0.0489), 'train_loss_0': tensor(0.4634, device='cuda:0')}
[2026-02-06 10:08:39] INFO training_time: 5438.490004062653
[2026-02-06 10:08:39] INFO inference_time: 153.8401906490326
[2026-02-06 10:09:52] INFO {'epoch': 73, 'sport_5_ndcg@20': tensor(0.0215), 'sport_5_recall@20': tensor(0.0496), 'ndcg@20': tensor(0.0215), 'recall@20': tensor(0.0496), 'train_loss_0': tensor(0.4615, device='cuda:0')}
[2026-02-06 10:09:52] INFO training_time: 5509.352907657623
[2026-02-06 10:09:52] INFO inference_time: 155.8467514514923
[2026-02-06 10:11:04] INFO {'epoch': 74, 'sport_5_ndcg@20': tensor(0.0215), 'sport_5_recall@20': tensor(0.0504), 'ndcg@20': tensor(0.0215), 'recall@20': tensor(0.0504), 'train_loss_0': tensor(0.4604, device='cuda:0')}
[2026-02-06 10:11:04] INFO training_time: 5579.778393030167
[2026-02-06 10:11:04] INFO inference_time: 157.6069540977478
[2026-02-06 10:12:16] INFO {'epoch': 75, 'sport_5_ndcg@20': tensor(0.0216), 'sport_5_recall@20': tensor(0.0500), 'ndcg@20': tensor(0.0216), 'recall@20': tensor(0.0500), 'train_loss_0': tensor(0.4607, device='cuda:0')}
[2026-02-06 10:12:16] INFO training_time: 5649.837705612183
[2026-02-06 10:12:16] INFO inference_time: 159.4096176624298
[2026-02-06 10:13:28] INFO {'epoch': 76, 'sport_5_ndcg@20': tensor(0.0218), 'sport_5_recall@20': tensor(0.0501), 'ndcg@20': tensor(0.0218), 'recall@20': tensor(0.0501), 'train_loss_0': tensor(0.4598, device='cuda:0')}
[2026-02-06 10:13:28] INFO training_time: 5720.559384346008
[2026-02-06 10:13:28] INFO inference_time: 161.20430374145508
[2026-02-06 10:14:41] INFO {'epoch': 77, 'sport_5_ndcg@20': tensor(0.0219), 'sport_5_recall@20': tensor(0.0503), 'ndcg@20': tensor(0.0219), 'recall@20': tensor(0.0503), 'train_loss_0': tensor(0.4561, device='cuda:0')}
[2026-02-06 10:14:41] INFO training_time: 5790.8291273117065
[2026-02-06 10:14:41] INFO inference_time: 163.26418662071228
[2026-02-06 10:15:53] INFO {'epoch': 78, 'sport_5_ndcg@20': tensor(0.0220), 'sport_5_recall@20': tensor(0.0505), 'ndcg@20': tensor(0.0220), 'recall@20': tensor(0.0505), 'train_loss_0': tensor(0.4571, device='cuda:0')}
[2026-02-06 10:15:53] INFO training_time: 5861.138648748398
[2026-02-06 10:15:53] INFO inference_time: 165.30596804618835
[2026-02-06 10:15:53] INFO ndcg@20 improved. Best value: 0.0220
[2026-02-06 10:15:53] INFO Best model checkpoint saved in saved/SASRec/noisy_5/2026-02-06-08-35-16-557276.ckpt.
[2026-02-06 10:17:06] INFO {'epoch': 79, 'sport_5_ndcg@20': tensor(0.0222), 'sport_5_recall@20': tensor(0.0515), 'ndcg@20': tensor(0.0222), 'recall@20': tensor(0.0515), 'train_loss_0': tensor(0.4542, device='cuda:0')}
[2026-02-06 10:17:06] INFO training_time: 5931.86773276329
[2026-02-06 10:17:06] INFO inference_time: 167.25711870193481
[2026-02-06 10:17:06] INFO ndcg@20 improved. Best value: 0.0222
[2026-02-06 10:17:06] INFO Best model checkpoint saved in saved/SASRec/noisy_5/2026-02-06-08-35-16-557276.ckpt.
[2026-02-06 10:18:21] INFO {'epoch': 80, 'sport_5_ndcg@20': tensor(0.0223), 'sport_5_recall@20': tensor(0.0514), 'ndcg@20': tensor(0.0223), 'recall@20': tensor(0.0514), 'train_loss_0': tensor(0.4515, device='cuda:0')}
[2026-02-06 10:18:21] INFO training_time: 6002.6079976558685
[2026-02-06 10:18:21] INFO inference_time: 171.6752073764801
[2026-02-06 10:18:21] INFO ndcg@20 improved. Best value: 0.0223
[2026-02-06 10:18:21] INFO Best model checkpoint saved in saved/SASRec/noisy_5/2026-02-06-08-35-16-557276.ckpt.
[2026-02-06 10:19:34] INFO {'epoch': 81, 'sport_5_ndcg@20': tensor(0.0221), 'sport_5_recall@20': tensor(0.0517), 'ndcg@20': tensor(0.0221), 'recall@20': tensor(0.0517), 'train_loss_0': tensor(0.4537, device='cuda:0')}
[2026-02-06 10:19:34] INFO training_time: 6072.914180517197
[2026-02-06 10:19:34] INFO inference_time: 173.84322547912598
[2026-02-06 10:20:44] INFO {'epoch': 82, 'sport_5_ndcg@20': tensor(0.0222), 'sport_5_recall@20': tensor(0.0515), 'ndcg@20': tensor(0.0222), 'recall@20': tensor(0.0515), 'train_loss_0': tensor(0.4533, device='cuda:0')}
[2026-02-06 10:20:44] INFO training_time: 6141.594052314758
[2026-02-06 10:20:44] INFO inference_time: 175.73567175865173
[2026-02-06 10:21:54] INFO {'epoch': 83, 'sport_5_ndcg@20': tensor(0.0219), 'sport_5_recall@20': tensor(0.0515), 'ndcg@20': tensor(0.0219), 'recall@20': tensor(0.0515), 'train_loss_0': tensor(0.4508, device='cuda:0')}
[2026-02-06 10:21:54] INFO training_time: 6209.095001935959
[2026-02-06 10:21:54] INFO inference_time: 177.64718747138977
[2026-02-06 10:23:03] INFO {'epoch': 84, 'sport_5_ndcg@20': tensor(0.0223), 'sport_5_recall@20': tensor(0.0513), 'ndcg@20': tensor(0.0223), 'recall@20': tensor(0.0513), 'train_loss_0': tensor(0.4461, device='cuda:0')}
[2026-02-06 10:23:03] INFO training_time: 6276.547212600708
[2026-02-06 10:23:03] INFO inference_time: 179.42019748687744
[2026-02-06 10:23:03] INFO ndcg@20 improved. Best value: 0.0223
[2026-02-06 10:23:03] INFO Best model checkpoint saved in saved/SASRec/noisy_5/2026-02-06-08-35-16-557276.ckpt.
[2026-02-06 10:24:12] INFO {'epoch': 85, 'sport_5_ndcg@20': tensor(0.0224), 'sport_5_recall@20': tensor(0.0516), 'ndcg@20': tensor(0.0224), 'recall@20': tensor(0.0516), 'train_loss_0': tensor(0.4484, device='cuda:0')}
[2026-02-06 10:24:12] INFO training_time: 6343.663263082504
[2026-02-06 10:24:12] INFO inference_time: 181.2513952255249
[2026-02-06 10:24:12] INFO ndcg@20 improved. Best value: 0.0224
[2026-02-06 10:24:12] INFO Best model checkpoint saved in saved/SASRec/noisy_5/2026-02-06-08-35-16-557276.ckpt.
[2026-02-06 10:25:21] INFO {'epoch': 86, 'sport_5_ndcg@20': tensor(0.0224), 'sport_5_recall@20': tensor(0.0513), 'ndcg@20': tensor(0.0224), 'recall@20': tensor(0.0513), 'train_loss_0': tensor(0.4555, device='cuda:0')}
[2026-02-06 10:25:21] INFO training_time: 6410.858850240707
[2026-02-06 10:25:21] INFO inference_time: 183.2375373840332
[2026-02-06 10:26:30] INFO {'epoch': 87, 'sport_5_ndcg@20': tensor(0.0221), 'sport_5_recall@20': tensor(0.0518), 'ndcg@20': tensor(0.0221), 'recall@20': tensor(0.0518), 'train_loss_0': tensor(0.4476, device='cuda:0')}
[2026-02-06 10:26:30] INFO training_time: 6477.978247880936
[2026-02-06 10:26:30] INFO inference_time: 184.8205749988556
[2026-02-06 10:27:39] INFO {'epoch': 88, 'sport_5_ndcg@20': tensor(0.0223), 'sport_5_recall@20': tensor(0.0514), 'ndcg@20': tensor(0.0223), 'recall@20': tensor(0.0514), 'train_loss_0': tensor(0.4490, device='cuda:0')}
[2026-02-06 10:27:39] INFO training_time: 6545.390993356705
[2026-02-06 10:27:39] INFO inference_time: 186.39658284187317
[2026-02-06 10:28:48] INFO {'epoch': 89, 'sport_5_ndcg@20': tensor(0.0220), 'sport_5_recall@20': tensor(0.0500), 'ndcg@20': tensor(0.0220), 'recall@20': tensor(0.0500), 'train_loss_0': tensor(0.4452, device='cuda:0')}
[2026-02-06 10:28:48] INFO training_time: 6612.717476606369
[2026-02-06 10:28:48] INFO inference_time: 187.9323468208313
[2026-02-06 10:29:58] INFO {'epoch': 90, 'sport_5_ndcg@20': tensor(0.0219), 'sport_5_recall@20': tensor(0.0509), 'ndcg@20': tensor(0.0219), 'recall@20': tensor(0.0509), 'train_loss_0': tensor(0.4449, device='cuda:0')}
[2026-02-06 10:29:58] INFO training_time: 6679.789222478867
[2026-02-06 10:29:58] INFO inference_time: 190.9546639919281
[2026-02-06 10:31:07] INFO {'epoch': 91, 'sport_5_ndcg@20': tensor(0.0221), 'sport_5_recall@20': tensor(0.0505), 'ndcg@20': tensor(0.0221), 'recall@20': tensor(0.0505), 'train_loss_0': tensor(0.4461, device='cuda:0')}
[2026-02-06 10:31:07] INFO training_time: 6747.332452058792
[2026-02-06 10:31:07] INFO inference_time: 192.94010734558105
[2026-02-06 10:32:17] INFO {'epoch': 92, 'sport_5_ndcg@20': tensor(0.0223), 'sport_5_recall@20': tensor(0.0509), 'ndcg@20': tensor(0.0223), 'recall@20': tensor(0.0509), 'train_loss_0': tensor(0.4469, device='cuda:0')}
[2026-02-06 10:32:17] INFO training_time: 6814.586749076843
[2026-02-06 10:32:17] INFO inference_time: 195.04713821411133
[2026-02-06 10:33:26] INFO {'epoch': 93, 'sport_5_ndcg@20': tensor(0.0220), 'sport_5_recall@20': tensor(0.0507), 'ndcg@20': tensor(0.0220), 'recall@20': tensor(0.0507), 'train_loss_0': tensor(0.4447, device='cuda:0')}
[2026-02-06 10:33:26] INFO training_time: 6881.924732685089
[2026-02-06 10:33:26] INFO inference_time: 197.0201916694641
[2026-02-06 10:34:35] INFO {'epoch': 94, 'sport_5_ndcg@20': tensor(0.0214), 'sport_5_recall@20': tensor(0.0491), 'ndcg@20': tensor(0.0214), 'recall@20': tensor(0.0491), 'train_loss_0': tensor(0.4428, device='cuda:0')}
[2026-02-06 10:34:35] INFO training_time: 6949.1831867694855
[2026-02-06 10:34:35] INFO inference_time: 198.55585169792175
[2026-02-06 10:35:44] INFO {'epoch': 95, 'sport_5_ndcg@20': tensor(0.0218), 'sport_5_recall@20': tensor(0.0503), 'ndcg@20': tensor(0.0218), 'recall@20': tensor(0.0503), 'train_loss_0': tensor(0.4426, device='cuda:0')}
[2026-02-06 10:35:44] INFO training_time: 7016.40500164032
[2026-02-06 10:35:44] INFO inference_time: 200.49274802207947
[2026-02-06 10:36:53] INFO {'epoch': 96, 'sport_5_ndcg@20': tensor(0.0221), 'sport_5_recall@20': tensor(0.0502), 'ndcg@20': tensor(0.0221), 'recall@20': tensor(0.0502), 'train_loss_0': tensor(0.4414, device='cuda:0')}
[2026-02-06 10:36:53] INFO training_time: 7083.717051267624
[2026-02-06 10:36:53] INFO inference_time: 202.31755995750427
[2026-02-06 10:38:02] INFO {'epoch': 97, 'sport_5_ndcg@20': tensor(0.0215), 'sport_5_recall@20': tensor(0.0498), 'ndcg@20': tensor(0.0215), 'recall@20': tensor(0.0498), 'train_loss_0': tensor(0.4395, device='cuda:0')}
[2026-02-06 10:38:02] INFO training_time: 7151.105806112289
[2026-02-06 10:38:02] INFO inference_time: 203.87172198295593
[2026-02-06 10:39:11] INFO {'epoch': 98, 'sport_5_ndcg@20': tensor(0.0217), 'sport_5_recall@20': tensor(0.0494), 'ndcg@20': tensor(0.0217), 'recall@20': tensor(0.0494), 'train_loss_0': tensor(0.4393, device='cuda:0')}
[2026-02-06 10:39:11] INFO training_time: 7218.115259408951
[2026-02-06 10:39:11] INFO inference_time: 205.42103815078735
[2026-02-06 10:40:20] INFO {'epoch': 99, 'sport_5_ndcg@20': tensor(0.0217), 'sport_5_recall@20': tensor(0.0492), 'ndcg@20': tensor(0.0217), 'recall@20': tensor(0.0492), 'train_loss_0': tensor(0.4400, device='cuda:0')}
[2026-02-06 10:40:20] INFO training_time: 7285.601436853409
[2026-02-06 10:40:20] INFO inference_time: 207.51462197303772
[2026-02-06 10:41:30] INFO {'epoch': 100, 'sport_5_ndcg@20': tensor(0.0214), 'sport_5_recall@20': tensor(0.0489), 'ndcg@20': tensor(0.0214), 'recall@20': tensor(0.0489), 'train_loss_0': tensor(0.4371, device='cuda:0')}
[2026-02-06 10:41:30] INFO training_time: 7352.782765626907
[2026-02-06 10:41:30] INFO inference_time: 209.82518887519836
[2026-02-06 10:42:39] INFO {'epoch': 101, 'sport_5_ndcg@20': tensor(0.0217), 'sport_5_recall@20': tensor(0.0498), 'ndcg@20': tensor(0.0217), 'recall@20': tensor(0.0498), 'train_loss_0': tensor(0.4456, device='cuda:0')}
[2026-02-06 10:42:39] INFO training_time: 7419.925891876221
[2026-02-06 10:42:39] INFO inference_time: 211.45113825798035
[2026-02-06 10:43:48] INFO {'epoch': 102, 'sport_5_ndcg@20': tensor(0.0215), 'sport_5_recall@20': tensor(0.0497), 'ndcg@20': tensor(0.0215), 'recall@20': tensor(0.0497), 'train_loss_0': tensor(0.4348, device='cuda:0')}
[2026-02-06 10:43:48] INFO training_time: 7486.92115354538
[2026-02-06 10:43:48] INFO inference_time: 213.43650436401367
[2026-02-06 10:44:57] INFO {'epoch': 103, 'sport_5_ndcg@20': tensor(0.0220), 'sport_5_recall@20': tensor(0.0512), 'ndcg@20': tensor(0.0220), 'recall@20': tensor(0.0512), 'train_loss_0': tensor(0.4345, device='cuda:0')}
[2026-02-06 10:44:57] INFO training_time: 7554.18327331543
[2026-02-06 10:44:57] INFO inference_time: 215.30344605445862
[2026-02-06 10:46:06] INFO {'epoch': 104, 'sport_5_ndcg@20': tensor(0.0214), 'sport_5_recall@20': tensor(0.0494), 'ndcg@20': tensor(0.0214), 'recall@20': tensor(0.0494), 'train_loss_0': tensor(0.4353, device='cuda:0')}
[2026-02-06 10:46:06] INFO training_time: 7621.695845842361
[2026-02-06 10:46:06] INFO inference_time: 216.8984272480011
[2026-02-06 10:47:15] INFO {'epoch': 105, 'sport_5_ndcg@20': tensor(0.0217), 'sport_5_recall@20': tensor(0.0495), 'ndcg@20': tensor(0.0217), 'recall@20': tensor(0.0495), 'train_loss_0': tensor(0.4340, device='cuda:0')}
[2026-02-06 10:47:15] INFO training_time: 7688.7202208042145
[2026-02-06 10:47:15] INFO inference_time: 219.01391196250916
[2026-02-06 10:47:15] INFO Early stopped. Since the metric ndcg@20 haven't been improved for 20 epochs.
[2026-02-06 10:47:15] INFO The best score of ndcg@20 is 0.0224 on epoch 85
[2026-02-06 10:47:15] INFO Best model checkpoint saved in saved/SASRec/noisy_5/2026-02-06-08-35-16-557276.ckpt.
[2026-02-06 10:47:18] INFO defaultdict(<class 'float'>, {'sport_5_ndcg@20': tensor(0.0164), 'sport_5_recall@20': tensor(0.0384), 'sport_5_ndcg@10': tensor(0.0131), 'sport_5_recall@10': tensor(0.0253), 'ndcg@20': tensor(0.0164), 'recall@20': tensor(0.0384), 'ndcg@10': tensor(0.0131), 'recall@10': tensor(0.0253)})
