[2026-01-22 11:30:49] INFO PID of this process: 1964424
[2026-01-22 11:30:54] INFO {'model': {'embed_dim': 64, 'loss_fn': 'bce', 'hidden_size': 128, 'layer_num': 2, 'head_num': 2, 'dropout_rate': 0.5, 'activation': 'gelu', 'layer_norm_eps': 1e-12, 'model': 'SASRec'}, 'data': {'domain_name_list': ['toy_5'], 'user_threshold': 5, 'item_threshold': 5, 'max_seq_len': 50, 'dataset_class': 'general', 'train_file': '_regen', 'dataset': 'noisy_5'}, 'train': {'batch_size': 256, 'early_stop_mode': 'max', 'early_stop_patience': 20, 'epochs': 1000, 'device': 'cuda', 'optimizer': 'adam', 'learning_rate': 0.001, 'weight_decay': 0, 'num_neg': 1, 'seed': 2027}, 'eval': {'batch_size': 2048, 'cutoff': [20, 10], 'val_metrics': ['ndcg', 'recall'], 'test_metrics': ['ndcg', 'recall'], 'topk': 100, 'save_path': './saved/'}}
[2026-01-22 11:30:54] INFO <data.dataset.SeparateDataset object at 0x7f25cc0df1f0>
[2026-01-22 11:30:54] INFO save_dir:saved
[2026-01-22 11:30:54] INFO SASRec(
  (item_embedding): Embedding(11925, 64, padding_idx=0)
  (query_encoder): SASRecQueryEncoder(
    (item_encoder): Embedding(11925, 64, padding_idx=0)
    (position_emb): Embedding(50, 64)
    (transformer_layer): TransformerEncoder(
      (layers): ModuleList(
        (0): TransformerEncoderLayer(
          (self_attn): MultiheadAttention(
            (out_proj): NonDynamicallyQuantizableLinear(in_features=64, out_features=64, bias=True)
          )
          (linear1): Linear(in_features=64, out_features=128, bias=True)
          (dropout): Dropout(p=0.5, inplace=False)
          (linear2): Linear(in_features=128, out_features=64, bias=True)
          (norm1): LayerNorm((64,), eps=1e-12, elementwise_affine=True)
          (norm2): LayerNorm((64,), eps=1e-12, elementwise_affine=True)
          (dropout1): Dropout(p=0.5, inplace=False)
          (dropout2): Dropout(p=0.5, inplace=False)
        )
        (1): TransformerEncoderLayer(
          (self_attn): MultiheadAttention(
            (out_proj): NonDynamicallyQuantizableLinear(in_features=64, out_features=64, bias=True)
          )
          (linear1): Linear(in_features=64, out_features=128, bias=True)
          (dropout): Dropout(p=0.5, inplace=False)
          (linear2): Linear(in_features=128, out_features=64, bias=True)
          (norm1): LayerNorm((64,), eps=1e-12, elementwise_affine=True)
          (norm2): LayerNorm((64,), eps=1e-12, elementwise_affine=True)
          (dropout1): Dropout(p=0.5, inplace=False)
          (dropout2): Dropout(p=0.5, inplace=False)
        )
      )
    )
    (dropout): Dropout(p=0.5, inplace=False)
    (training_pooling_layer): SeqPoolingLayer()
    (eval_pooling_layer): SeqPoolingLayer()
  )
  (loss_fn): BinaryCrossEntropyLoss()
)
[2026-01-22 11:31:16] INFO {'epoch': 0, 'toy_5_ndcg@20': tensor(0.0077), 'toy_5_recall@20': tensor(0.0199), 'ndcg@20': tensor(0.0077), 'recall@20': tensor(0.0199), 'train_loss_0': tensor(1.2522, device='cuda:0')}
[2026-01-22 11:31:16] INFO training_time: 21.64353060722351
[2026-01-22 11:31:16] INFO inference_time: 0.8607742786407471
[2026-01-22 11:31:16] INFO ndcg@20 improved. Best value: 0.0077
[2026-01-22 11:31:16] INFO Best model checkpoint saved in saved/SASRec/noisy_5/2026-01-22-11-30-49-595607.ckpt.
[2026-01-22 11:31:39] INFO {'epoch': 1, 'toy_5_ndcg@20': tensor(0.0138), 'toy_5_recall@20': tensor(0.0325), 'ndcg@20': tensor(0.0138), 'recall@20': tensor(0.0325), 'train_loss_0': tensor(1.0922, device='cuda:0')}
[2026-01-22 11:31:39] INFO training_time: 43.460269927978516
[2026-01-22 11:31:39] INFO inference_time: 1.3858892917633057
[2026-01-22 11:31:39] INFO ndcg@20 improved. Best value: 0.0138
[2026-01-22 11:31:39] INFO Best model checkpoint saved in saved/SASRec/noisy_5/2026-01-22-11-30-49-595607.ckpt.
[2026-01-22 11:32:06] INFO {'epoch': 2, 'toy_5_ndcg@20': tensor(0.0214), 'toy_5_recall@20': tensor(0.0492), 'ndcg@20': tensor(0.0214), 'recall@20': tensor(0.0492), 'train_loss_0': tensor(0.9555, device='cuda:0')}
[2026-01-22 11:32:06] INFO training_time: 69.85000896453857
[2026-01-22 11:32:06] INFO inference_time: 1.8948032855987549
[2026-01-22 11:32:06] INFO ndcg@20 improved. Best value: 0.0214
[2026-01-22 11:32:06] INFO Best model checkpoint saved in saved/SASRec/noisy_5/2026-01-22-11-30-49-595607.ckpt.
[2026-01-22 11:32:58] INFO {'epoch': 3, 'toy_5_ndcg@20': tensor(0.0274), 'toy_5_recall@20': tensor(0.0608), 'ndcg@20': tensor(0.0274), 'recall@20': tensor(0.0608), 'train_loss_0': tensor(0.8447, device='cuda:0')}
[2026-01-22 11:32:58] INFO training_time: 121.58735132217407
[2026-01-22 11:32:58] INFO inference_time: 2.702392101287842
[2026-01-22 11:32:58] INFO ndcg@20 improved. Best value: 0.0274
[2026-01-22 11:32:58] INFO Best model checkpoint saved in saved/SASRec/noisy_5/2026-01-22-11-30-49-595607.ckpt.
[2026-01-22 11:33:55] INFO {'epoch': 4, 'toy_5_ndcg@20': tensor(0.0313), 'toy_5_recall@20': tensor(0.0672), 'ndcg@20': tensor(0.0313), 'recall@20': tensor(0.0672), 'train_loss_0': tensor(0.7583, device='cuda:0')}
[2026-01-22 11:33:55] INFO training_time: 177.9884593486786
[2026-01-22 11:33:55] INFO inference_time: 3.3290059566497803
[2026-01-22 11:33:55] INFO ndcg@20 improved. Best value: 0.0313
[2026-01-22 11:33:55] INFO Best model checkpoint saved in saved/SASRec/noisy_5/2026-01-22-11-30-49-595607.ckpt.
[2026-01-22 11:34:53] INFO {'epoch': 5, 'toy_5_ndcg@20': tensor(0.0343), 'toy_5_recall@20': tensor(0.0726), 'ndcg@20': tensor(0.0343), 'recall@20': tensor(0.0726), 'train_loss_0': tensor(0.6901, device='cuda:0')}
[2026-01-22 11:34:53] INFO training_time: 234.51105451583862
[2026-01-22 11:34:53] INFO inference_time: 4.0353617668151855
[2026-01-22 11:34:53] INFO ndcg@20 improved. Best value: 0.0343
[2026-01-22 11:34:53] INFO Best model checkpoint saved in saved/SASRec/noisy_5/2026-01-22-11-30-49-595607.ckpt.
[2026-01-22 11:35:50] INFO {'epoch': 6, 'toy_5_ndcg@20': tensor(0.0351), 'toy_5_recall@20': tensor(0.0742), 'ndcg@20': tensor(0.0351), 'recall@20': tensor(0.0742), 'train_loss_0': tensor(0.6401, device='cuda:0')}
[2026-01-22 11:35:50] INFO training_time: 291.14816451072693
[2026-01-22 11:35:50] INFO inference_time: 4.55517578125
[2026-01-22 11:35:50] INFO ndcg@20 improved. Best value: 0.0351
[2026-01-22 11:35:50] INFO Best model checkpoint saved in saved/SASRec/noisy_5/2026-01-22-11-30-49-595607.ckpt.
[2026-01-22 11:36:47] INFO {'epoch': 7, 'toy_5_ndcg@20': tensor(0.0381), 'toy_5_recall@20': tensor(0.0789), 'ndcg@20': tensor(0.0381), 'recall@20': tensor(0.0789), 'train_loss_0': tensor(0.6021, device='cuda:0')}
[2026-01-22 11:36:47] INFO training_time: 348.01044154167175
[2026-01-22 11:36:47] INFO inference_time: 5.25255274772644
[2026-01-22 11:36:47] INFO ndcg@20 improved. Best value: 0.0381
[2026-01-22 11:36:47] INFO Best model checkpoint saved in saved/SASRec/noisy_5/2026-01-22-11-30-49-595607.ckpt.
[2026-01-22 11:37:45] INFO {'epoch': 8, 'toy_5_ndcg@20': tensor(0.0377), 'toy_5_recall@20': tensor(0.0774), 'ndcg@20': tensor(0.0377), 'recall@20': tensor(0.0774), 'train_loss_0': tensor(0.5706, device='cuda:0')}
[2026-01-22 11:37:45] INFO training_time: 404.5568447113037
[2026-01-22 11:37:45] INFO inference_time: 5.955718278884888
[2026-01-22 11:38:42] INFO {'epoch': 9, 'toy_5_ndcg@20': tensor(0.0399), 'toy_5_recall@20': tensor(0.0819), 'ndcg@20': tensor(0.0399), 'recall@20': tensor(0.0819), 'train_loss_0': tensor(0.5526, device='cuda:0')}
[2026-01-22 11:38:42] INFO training_time: 461.2329638004303
[2026-01-22 11:38:42] INFO inference_time: 6.629472017288208
[2026-01-22 11:38:42] INFO ndcg@20 improved. Best value: 0.0399
[2026-01-22 11:38:42] INFO Best model checkpoint saved in saved/SASRec/noisy_5/2026-01-22-11-30-49-595607.ckpt.
[2026-01-22 11:39:39] INFO {'epoch': 10, 'toy_5_ndcg@20': tensor(0.0400), 'toy_5_recall@20': tensor(0.0818), 'ndcg@20': tensor(0.0400), 'recall@20': tensor(0.0818), 'train_loss_0': tensor(0.5307, device='cuda:0')}
[2026-01-22 11:39:39] INFO training_time: 517.5216825008392
[2026-01-22 11:39:39] INFO inference_time: 7.479690790176392
[2026-01-22 11:39:39] INFO ndcg@20 improved. Best value: 0.0400
[2026-01-22 11:39:39] INFO Best model checkpoint saved in saved/SASRec/noisy_5/2026-01-22-11-30-49-595607.ckpt.
[2026-01-22 11:40:36] INFO {'epoch': 11, 'toy_5_ndcg@20': tensor(0.0399), 'toy_5_recall@20': tensor(0.0833), 'ndcg@20': tensor(0.0399), 'recall@20': tensor(0.0833), 'train_loss_0': tensor(0.5173, device='cuda:0')}
[2026-01-22 11:40:36] INFO training_time: 573.8238728046417
[2026-01-22 11:40:36] INFO inference_time: 8.24765419960022
[2026-01-22 11:41:33] INFO {'epoch': 12, 'toy_5_ndcg@20': tensor(0.0396), 'toy_5_recall@20': tensor(0.0831), 'ndcg@20': tensor(0.0396), 'recall@20': tensor(0.0831), 'train_loss_0': tensor(0.5052, device='cuda:0')}
[2026-01-22 11:41:33] INFO training_time: 630.0507018566132
[2026-01-22 11:41:33] INFO inference_time: 8.7917959690094
[2026-01-22 11:42:30] INFO {'epoch': 13, 'toy_5_ndcg@20': tensor(0.0410), 'toy_5_recall@20': tensor(0.0842), 'ndcg@20': tensor(0.0410), 'recall@20': tensor(0.0842), 'train_loss_0': tensor(0.4935, device='cuda:0')}
[2026-01-22 11:42:30] INFO training_time: 686.3094544410706
[2026-01-22 11:42:30] INFO inference_time: 9.470647811889648
[2026-01-22 11:42:30] INFO ndcg@20 improved. Best value: 0.0410
[2026-01-22 11:42:30] INFO Best model checkpoint saved in saved/SASRec/noisy_5/2026-01-22-11-30-49-595607.ckpt.
[2026-01-22 11:43:27] INFO {'epoch': 14, 'toy_5_ndcg@20': tensor(0.0413), 'toy_5_recall@20': tensor(0.0845), 'ndcg@20': tensor(0.0413), 'recall@20': tensor(0.0845), 'train_loss_0': tensor(0.4840, device='cuda:0')}
[2026-01-22 11:43:27] INFO training_time: 742.2196295261383
[2026-01-22 11:43:27] INFO inference_time: 10.237913846969604
[2026-01-22 11:43:27] INFO ndcg@20 improved. Best value: 0.0413
[2026-01-22 11:43:27] INFO Best model checkpoint saved in saved/SASRec/noisy_5/2026-01-22-11-30-49-595607.ckpt.
[2026-01-22 11:44:24] INFO {'epoch': 15, 'toy_5_ndcg@20': tensor(0.0409), 'toy_5_recall@20': tensor(0.0844), 'ndcg@20': tensor(0.0409), 'recall@20': tensor(0.0844), 'train_loss_0': tensor(0.4774, device='cuda:0')}
[2026-01-22 11:44:24] INFO training_time: 798.2290685176849
[2026-01-22 11:44:24] INFO inference_time: 11.030846357345581
[2026-01-22 11:45:20] INFO {'epoch': 16, 'toy_5_ndcg@20': tensor(0.0413), 'toy_5_recall@20': tensor(0.0865), 'ndcg@20': tensor(0.0413), 'recall@20': tensor(0.0865), 'train_loss_0': tensor(0.4720, device='cuda:0')}
[2026-01-22 11:45:20] INFO training_time: 853.568585395813
[2026-01-22 11:45:20] INFO inference_time: 11.71517038345337
[2026-01-22 11:46:16] INFO {'epoch': 17, 'toy_5_ndcg@20': tensor(0.0416), 'toy_5_recall@20': tensor(0.0860), 'ndcg@20': tensor(0.0416), 'recall@20': tensor(0.0860), 'train_loss_0': tensor(0.4635, device='cuda:0')}
[2026-01-22 11:46:16] INFO training_time: 908.9221713542938
[2026-01-22 11:46:16] INFO inference_time: 12.378472805023193
[2026-01-22 11:46:16] INFO ndcg@20 improved. Best value: 0.0416
[2026-01-22 11:46:16] INFO Best model checkpoint saved in saved/SASRec/noisy_5/2026-01-22-11-30-49-595607.ckpt.
[2026-01-22 11:47:12] INFO {'epoch': 18, 'toy_5_ndcg@20': tensor(0.0410), 'toy_5_recall@20': tensor(0.0862), 'ndcg@20': tensor(0.0410), 'recall@20': tensor(0.0862), 'train_loss_0': tensor(0.4590, device='cuda:0')}
[2026-01-22 11:47:12] INFO training_time: 964.0591368675232
[2026-01-22 11:47:12] INFO inference_time: 13.349247455596924
[2026-01-22 11:48:08] INFO {'epoch': 19, 'toy_5_ndcg@20': tensor(0.0422), 'toy_5_recall@20': tensor(0.0886), 'ndcg@20': tensor(0.0422), 'recall@20': tensor(0.0886), 'train_loss_0': tensor(0.4544, device='cuda:0')}
[2026-01-22 11:48:08] INFO training_time: 1019.2764959335327
[2026-01-22 11:48:08] INFO inference_time: 14.089375972747803
[2026-01-22 11:48:08] INFO ndcg@20 improved. Best value: 0.0422
[2026-01-22 11:48:08] INFO Best model checkpoint saved in saved/SASRec/noisy_5/2026-01-22-11-30-49-595607.ckpt.
[2026-01-22 11:49:04] INFO {'epoch': 20, 'toy_5_ndcg@20': tensor(0.0426), 'toy_5_recall@20': tensor(0.0880), 'ndcg@20': tensor(0.0426), 'recall@20': tensor(0.0880), 'train_loss_0': tensor(0.4492, device='cuda:0')}
[2026-01-22 11:49:04] INFO training_time: 1074.706477880478
[2026-01-22 11:49:04] INFO inference_time: 15.120121717453003
[2026-01-22 11:49:04] INFO ndcg@20 improved. Best value: 0.0426
[2026-01-22 11:49:04] INFO Best model checkpoint saved in saved/SASRec/noisy_5/2026-01-22-11-30-49-595607.ckpt.
[2026-01-22 11:50:00] INFO {'epoch': 21, 'toy_5_ndcg@20': tensor(0.0413), 'toy_5_recall@20': tensor(0.0887), 'ndcg@20': tensor(0.0413), 'recall@20': tensor(0.0887), 'train_loss_0': tensor(0.4433, device='cuda:0')}
[2026-01-22 11:50:00] INFO training_time: 1129.4296879768372
[2026-01-22 11:50:00] INFO inference_time: 15.903011560440063
[2026-01-22 11:50:55] INFO {'epoch': 22, 'toy_5_ndcg@20': tensor(0.0422), 'toy_5_recall@20': tensor(0.0882), 'ndcg@20': tensor(0.0422), 'recall@20': tensor(0.0882), 'train_loss_0': tensor(0.4407, device='cuda:0')}
[2026-01-22 11:50:55] INFO training_time: 1184.0839641094208
[2026-01-22 11:50:55] INFO inference_time: 16.495702743530273
[2026-01-22 11:51:50] INFO {'epoch': 23, 'toy_5_ndcg@20': tensor(0.0425), 'toy_5_recall@20': tensor(0.0889), 'ndcg@20': tensor(0.0425), 'recall@20': tensor(0.0889), 'train_loss_0': tensor(0.4385, device='cuda:0')}
[2026-01-22 11:51:50] INFO training_time: 1238.568598985672
[2026-01-22 11:51:50] INFO inference_time: 17.102126836776733
[2026-01-22 11:52:45] INFO {'epoch': 24, 'toy_5_ndcg@20': tensor(0.0436), 'toy_5_recall@20': tensor(0.0911), 'ndcg@20': tensor(0.0436), 'recall@20': tensor(0.0911), 'train_loss_0': tensor(0.4354, device='cuda:0')}
[2026-01-22 11:52:45] INFO training_time: 1293.3391134738922
[2026-01-22 11:52:45] INFO inference_time: 17.731160163879395
[2026-01-22 11:52:45] INFO ndcg@20 improved. Best value: 0.0436
[2026-01-22 11:52:45] INFO Best model checkpoint saved in saved/SASRec/noisy_5/2026-01-22-11-30-49-595607.ckpt.
[2026-01-22 11:53:41] INFO {'epoch': 25, 'toy_5_ndcg@20': tensor(0.0423), 'toy_5_recall@20': tensor(0.0891), 'ndcg@20': tensor(0.0423), 'recall@20': tensor(0.0891), 'train_loss_0': tensor(0.4283, device='cuda:0')}
[2026-01-22 11:53:41] INFO training_time: 1348.2245576381683
[2026-01-22 11:53:41] INFO inference_time: 18.48696804046631
[2026-01-22 11:54:37] INFO {'epoch': 26, 'toy_5_ndcg@20': tensor(0.0426), 'toy_5_recall@20': tensor(0.0896), 'ndcg@20': tensor(0.0426), 'recall@20': tensor(0.0896), 'train_loss_0': tensor(0.4303, device='cuda:0')}
[2026-01-22 11:54:37] INFO training_time: 1402.970954656601
[2026-01-22 11:54:37] INFO inference_time: 19.140889406204224
[2026-01-22 11:55:32] INFO {'epoch': 27, 'toy_5_ndcg@20': tensor(0.0431), 'toy_5_recall@20': tensor(0.0921), 'ndcg@20': tensor(0.0431), 'recall@20': tensor(0.0921), 'train_loss_0': tensor(0.4272, device='cuda:0')}
[2026-01-22 11:55:32] INFO training_time: 1457.8949208259583
[2026-01-22 11:55:32] INFO inference_time: 19.70136857032776
[2026-01-22 11:56:28] INFO {'epoch': 28, 'toy_5_ndcg@20': tensor(0.0427), 'toy_5_recall@20': tensor(0.0908), 'ndcg@20': tensor(0.0427), 'recall@20': tensor(0.0908), 'train_loss_0': tensor(0.4210, device='cuda:0')}
[2026-01-22 11:56:28] INFO training_time: 1512.7682664394379
[2026-01-22 11:56:28] INFO inference_time: 20.355400562286377
[2026-01-22 11:57:23] INFO {'epoch': 29, 'toy_5_ndcg@20': tensor(0.0432), 'toy_5_recall@20': tensor(0.0903), 'ndcg@20': tensor(0.0432), 'recall@20': tensor(0.0903), 'train_loss_0': tensor(0.4195, device='cuda:0')}
[2026-01-22 11:57:23] INFO training_time: 1567.6048135757446
[2026-01-22 11:57:23] INFO inference_time: 21.049426317214966
[2026-01-22 11:58:19] INFO {'epoch': 30, 'toy_5_ndcg@20': tensor(0.0431), 'toy_5_recall@20': tensor(0.0911), 'ndcg@20': tensor(0.0431), 'recall@20': tensor(0.0911), 'train_loss_0': tensor(0.4175, device='cuda:0')}
[2026-01-22 11:58:19] INFO training_time: 1622.3224353790283
[2026-01-22 11:58:19] INFO inference_time: 21.92528200149536
[2026-01-22 11:59:14] INFO {'epoch': 31, 'toy_5_ndcg@20': tensor(0.0436), 'toy_5_recall@20': tensor(0.0920), 'ndcg@20': tensor(0.0436), 'recall@20': tensor(0.0920), 'train_loss_0': tensor(0.4145, device='cuda:0')}
[2026-01-22 11:59:14] INFO training_time: 1676.943120956421
[2026-01-22 11:59:14] INFO inference_time: 22.561469078063965
[2026-01-22 12:00:10] INFO {'epoch': 32, 'toy_5_ndcg@20': tensor(0.0428), 'toy_5_recall@20': tensor(0.0882), 'ndcg@20': tensor(0.0428), 'recall@20': tensor(0.0882), 'train_loss_0': tensor(0.4143, device='cuda:0')}
[2026-01-22 12:00:10] INFO training_time: 1731.9015769958496
[2026-01-22 12:00:10] INFO inference_time: 23.23672318458557
[2026-01-22 12:01:05] INFO {'epoch': 33, 'toy_5_ndcg@20': tensor(0.0445), 'toy_5_recall@20': tensor(0.0929), 'ndcg@20': tensor(0.0445), 'recall@20': tensor(0.0929), 'train_loss_0': tensor(0.4126, device='cuda:0')}
[2026-01-22 12:01:05] INFO training_time: 1786.9940040111542
[2026-01-22 12:01:05] INFO inference_time: 24.006534337997437
[2026-01-22 12:01:06] INFO ndcg@20 improved. Best value: 0.0445
[2026-01-22 12:01:06] INFO Best model checkpoint saved in saved/SASRec/noisy_5/2026-01-22-11-30-49-595607.ckpt.
[2026-01-22 12:02:02] INFO {'epoch': 34, 'toy_5_ndcg@20': tensor(0.0434), 'toy_5_recall@20': tensor(0.0923), 'ndcg@20': tensor(0.0434), 'recall@20': tensor(0.0923), 'train_loss_0': tensor(0.4095, device='cuda:0')}
[2026-01-22 12:02:02] INFO training_time: 1842.4032690525055
[2026-01-22 12:02:02] INFO inference_time: 24.67899799346924
[2026-01-22 12:02:57] INFO {'epoch': 35, 'toy_5_ndcg@20': tensor(0.0440), 'toy_5_recall@20': tensor(0.0930), 'ndcg@20': tensor(0.0440), 'recall@20': tensor(0.0930), 'train_loss_0': tensor(0.4070, device='cuda:0')}
[2026-01-22 12:02:57] INFO training_time: 1897.365643978119
[2026-01-22 12:02:57] INFO inference_time: 25.252058029174805
[2026-01-22 12:03:53] INFO {'epoch': 36, 'toy_5_ndcg@20': tensor(0.0448), 'toy_5_recall@20': tensor(0.0938), 'ndcg@20': tensor(0.0448), 'recall@20': tensor(0.0938), 'train_loss_0': tensor(0.4033, device='cuda:0')}
[2026-01-22 12:03:53] INFO training_time: 1952.084834575653
[2026-01-22 12:03:53] INFO inference_time: 25.888450860977173
[2026-01-22 12:03:53] INFO ndcg@20 improved. Best value: 0.0448
[2026-01-22 12:03:53] INFO Best model checkpoint saved in saved/SASRec/noisy_5/2026-01-22-11-30-49-595607.ckpt.
[2026-01-22 12:04:48] INFO {'epoch': 37, 'toy_5_ndcg@20': tensor(0.0447), 'toy_5_recall@20': tensor(0.0937), 'ndcg@20': tensor(0.0447), 'recall@20': tensor(0.0937), 'train_loss_0': tensor(0.4037, device='cuda:0')}
[2026-01-22 12:04:48] INFO training_time: 2006.973349571228
[2026-01-22 12:04:48] INFO inference_time: 26.540190935134888
[2026-01-22 12:05:44] INFO {'epoch': 38, 'toy_5_ndcg@20': tensor(0.0449), 'toy_5_recall@20': tensor(0.0936), 'ndcg@20': tensor(0.0449), 'recall@20': tensor(0.0936), 'train_loss_0': tensor(0.4000, device='cuda:0')}
[2026-01-22 12:05:44] INFO training_time: 2061.723136663437
[2026-01-22 12:05:44] INFO inference_time: 27.3528254032135
[2026-01-22 12:05:44] INFO ndcg@20 improved. Best value: 0.0449
[2026-01-22 12:05:44] INFO Best model checkpoint saved in saved/SASRec/noisy_5/2026-01-22-11-30-49-595607.ckpt.
[2026-01-22 12:06:39] INFO {'epoch': 39, 'toy_5_ndcg@20': tensor(0.0438), 'toy_5_recall@20': tensor(0.0939), 'ndcg@20': tensor(0.0438), 'recall@20': tensor(0.0939), 'train_loss_0': tensor(0.4011, device='cuda:0')}
[2026-01-22 12:06:39] INFO training_time: 2116.508635997772
[2026-01-22 12:06:39] INFO inference_time: 28.061310529708862
[2026-01-22 12:07:35] INFO {'epoch': 40, 'toy_5_ndcg@20': tensor(0.0443), 'toy_5_recall@20': tensor(0.0928), 'ndcg@20': tensor(0.0443), 'recall@20': tensor(0.0928), 'train_loss_0': tensor(0.3990, device='cuda:0')}
[2026-01-22 12:07:35] INFO training_time: 2171.483128786087
[2026-01-22 12:07:35] INFO inference_time: 29.101049184799194
[2026-01-22 12:08:31] INFO {'epoch': 41, 'toy_5_ndcg@20': tensor(0.0449), 'toy_5_recall@20': tensor(0.0939), 'ndcg@20': tensor(0.0449), 'recall@20': tensor(0.0939), 'train_loss_0': tensor(0.3977, device='cuda:0')}
[2026-01-22 12:08:31] INFO training_time: 2226.3945133686066
[2026-01-22 12:08:31] INFO inference_time: 29.761826753616333
[2026-01-22 12:09:26] INFO {'epoch': 42, 'toy_5_ndcg@20': tensor(0.0449), 'toy_5_recall@20': tensor(0.0946), 'ndcg@20': tensor(0.0449), 'recall@20': tensor(0.0946), 'train_loss_0': tensor(0.3949, device='cuda:0')}
[2026-01-22 12:09:26] INFO training_time: 2281.23509144783
[2026-01-22 12:09:26] INFO inference_time: 30.325450658798218
[2026-01-22 12:10:22] INFO {'epoch': 43, 'toy_5_ndcg@20': tensor(0.0457), 'toy_5_recall@20': tensor(0.0945), 'ndcg@20': tensor(0.0457), 'recall@20': tensor(0.0945), 'train_loss_0': tensor(0.3915, device='cuda:0')}
[2026-01-22 12:10:22] INFO training_time: 2335.9840891361237
[2026-01-22 12:10:22] INFO inference_time: 31.012522220611572
[2026-01-22 12:10:22] INFO ndcg@20 improved. Best value: 0.0457
[2026-01-22 12:10:22] INFO Best model checkpoint saved in saved/SASRec/noisy_5/2026-01-22-11-30-49-595607.ckpt.
[2026-01-22 12:11:17] INFO {'epoch': 44, 'toy_5_ndcg@20': tensor(0.0446), 'toy_5_recall@20': tensor(0.0937), 'ndcg@20': tensor(0.0446), 'recall@20': tensor(0.0937), 'train_loss_0': tensor(0.3920, device='cuda:0')}
[2026-01-22 12:11:17] INFO training_time: 2391.1520087718964
[2026-01-22 12:11:17] INFO inference_time: 31.679263591766357
[2026-01-22 12:12:13] INFO {'epoch': 45, 'toy_5_ndcg@20': tensor(0.0460), 'toy_5_recall@20': tensor(0.0962), 'ndcg@20': tensor(0.0460), 'recall@20': tensor(0.0962), 'train_loss_0': tensor(0.3930, device='cuda:0')}
[2026-01-22 12:12:13] INFO training_time: 2445.887408018112
[2026-01-22 12:12:13] INFO inference_time: 32.552459478378296
[2026-01-22 12:12:13] INFO ndcg@20 improved. Best value: 0.0460
[2026-01-22 12:12:13] INFO Best model checkpoint saved in saved/SASRec/noisy_5/2026-01-22-11-30-49-595607.ckpt.
[2026-01-22 12:13:08] INFO {'epoch': 46, 'toy_5_ndcg@20': tensor(0.0458), 'toy_5_recall@20': tensor(0.0958), 'ndcg@20': tensor(0.0458), 'recall@20': tensor(0.0958), 'train_loss_0': tensor(0.3929, device='cuda:0')}
[2026-01-22 12:13:08] INFO training_time: 2500.538688182831
[2026-01-22 12:13:08] INFO inference_time: 33.21536421775818
[2026-01-22 12:14:04] INFO {'epoch': 47, 'toy_5_ndcg@20': tensor(0.0450), 'toy_5_recall@20': tensor(0.0944), 'ndcg@20': tensor(0.0450), 'recall@20': tensor(0.0944), 'train_loss_0': tensor(0.3892, device='cuda:0')}
[2026-01-22 12:14:04] INFO training_time: 2555.294796705246
[2026-01-22 12:14:04] INFO inference_time: 33.849689245224
[2026-01-22 12:14:59] INFO {'epoch': 48, 'toy_5_ndcg@20': tensor(0.0456), 'toy_5_recall@20': tensor(0.0960), 'ndcg@20': tensor(0.0456), 'recall@20': tensor(0.0960), 'train_loss_0': tensor(0.3873, device='cuda:0')}
[2026-01-22 12:14:59] INFO training_time: 2610.2115485668182
[2026-01-22 12:14:59] INFO inference_time: 34.455650091171265
[2026-01-22 12:15:55] INFO {'epoch': 49, 'toy_5_ndcg@20': tensor(0.0458), 'toy_5_recall@20': tensor(0.0957), 'ndcg@20': tensor(0.0458), 'recall@20': tensor(0.0957), 'train_loss_0': tensor(0.3854, device='cuda:0')}
[2026-01-22 12:15:55] INFO training_time: 2665.0338513851166
[2026-01-22 12:15:55] INFO inference_time: 35.05119180679321
[2026-01-22 12:16:51] INFO {'epoch': 50, 'toy_5_ndcg@20': tensor(0.0467), 'toy_5_recall@20': tensor(0.0977), 'ndcg@20': tensor(0.0467), 'recall@20': tensor(0.0977), 'train_loss_0': tensor(0.3862, device='cuda:0')}
[2026-01-22 12:16:51] INFO training_time: 2719.932915687561
[2026-01-22 12:16:51] INFO inference_time: 36.035855293273926
[2026-01-22 12:16:51] INFO ndcg@20 improved. Best value: 0.0467
[2026-01-22 12:16:51] INFO Best model checkpoint saved in saved/SASRec/noisy_5/2026-01-22-11-30-49-595607.ckpt.
[2026-01-22 12:17:46] INFO {'epoch': 51, 'toy_5_ndcg@20': tensor(0.0458), 'toy_5_recall@20': tensor(0.0963), 'ndcg@20': tensor(0.0458), 'recall@20': tensor(0.0963), 'train_loss_0': tensor(0.3841, device='cuda:0')}
[2026-01-22 12:17:46] INFO training_time: 2774.853100299835
[2026-01-22 12:17:46] INFO inference_time: 36.65516185760498
[2026-01-22 12:18:41] INFO {'epoch': 52, 'toy_5_ndcg@20': tensor(0.0463), 'toy_5_recall@20': tensor(0.0970), 'ndcg@20': tensor(0.0463), 'recall@20': tensor(0.0970), 'train_loss_0': tensor(0.3816, device='cuda:0')}
[2026-01-22 12:18:41] INFO training_time: 2829.3002865314484
[2026-01-22 12:18:41] INFO inference_time: 37.30516338348389
[2026-01-22 12:19:37] INFO {'epoch': 53, 'toy_5_ndcg@20': tensor(0.0470), 'toy_5_recall@20': tensor(0.0998), 'ndcg@20': tensor(0.0470), 'recall@20': tensor(0.0998), 'train_loss_0': tensor(0.3825, device='cuda:0')}
[2026-01-22 12:19:37] INFO training_time: 2884.309514284134
[2026-01-22 12:19:37] INFO inference_time: 37.945013761520386
[2026-01-22 12:19:37] INFO ndcg@20 improved. Best value: 0.0470
[2026-01-22 12:19:37] INFO Best model checkpoint saved in saved/SASRec/noisy_5/2026-01-22-11-30-49-595607.ckpt.
[2026-01-22 12:20:32] INFO {'epoch': 54, 'toy_5_ndcg@20': tensor(0.0465), 'toy_5_recall@20': tensor(0.0983), 'ndcg@20': tensor(0.0465), 'recall@20': tensor(0.0983), 'train_loss_0': tensor(0.3813, device='cuda:0')}
[2026-01-22 12:20:32] INFO training_time: 2938.930883169174
[2026-01-22 12:20:32] INFO inference_time: 38.548800230026245
[2026-01-22 12:21:28] INFO {'epoch': 55, 'toy_5_ndcg@20': tensor(0.0460), 'toy_5_recall@20': tensor(0.0975), 'ndcg@20': tensor(0.0460), 'recall@20': tensor(0.0975), 'train_loss_0': tensor(0.3785, device='cuda:0')}
[2026-01-22 12:21:28] INFO training_time: 2993.9422249794006
[2026-01-22 12:21:28] INFO inference_time: 39.33403301239014
[2026-01-22 12:22:24] INFO {'epoch': 56, 'toy_5_ndcg@20': tensor(0.0458), 'toy_5_recall@20': tensor(0.0958), 'ndcg@20': tensor(0.0458), 'recall@20': tensor(0.0958), 'train_loss_0': tensor(0.3792, device='cuda:0')}
[2026-01-22 12:22:24] INFO training_time: 3048.820997238159
[2026-01-22 12:22:24] INFO inference_time: 39.91555094718933
[2026-01-22 12:23:19] INFO {'epoch': 57, 'toy_5_ndcg@20': tensor(0.0467), 'toy_5_recall@20': tensor(0.0983), 'ndcg@20': tensor(0.0467), 'recall@20': tensor(0.0983), 'train_loss_0': tensor(0.3763, device='cuda:0')}
[2026-01-22 12:23:19] INFO training_time: 3103.8292937278748
[2026-01-22 12:23:19] INFO inference_time: 40.43358302116394
[2026-01-22 12:24:15] INFO {'epoch': 58, 'toy_5_ndcg@20': tensor(0.0464), 'toy_5_recall@20': tensor(0.0985), 'ndcg@20': tensor(0.0464), 'recall@20': tensor(0.0985), 'train_loss_0': tensor(0.3773, device='cuda:0')}
[2026-01-22 12:24:15] INFO training_time: 3158.6318197250366
[2026-01-22 12:24:15] INFO inference_time: 41.09874200820923
[2026-01-22 12:25:10] INFO {'epoch': 59, 'toy_5_ndcg@20': tensor(0.0454), 'toy_5_recall@20': tensor(0.0967), 'ndcg@20': tensor(0.0454), 'recall@20': tensor(0.0967), 'train_loss_0': tensor(0.3757, device='cuda:0')}
[2026-01-22 12:25:10] INFO training_time: 3213.2718875408173
[2026-01-22 12:25:10] INFO inference_time: 41.751293420791626
[2026-01-22 12:26:06] INFO {'epoch': 60, 'toy_5_ndcg@20': tensor(0.0461), 'toy_5_recall@20': tensor(0.0974), 'ndcg@20': tensor(0.0461), 'recall@20': tensor(0.0974), 'train_loss_0': tensor(0.3742, device='cuda:0')}
[2026-01-22 12:26:06] INFO training_time: 3268.0595993995667
[2026-01-22 12:26:06] INFO inference_time: 42.664448261260986
[2026-01-22 12:27:01] INFO {'epoch': 61, 'toy_5_ndcg@20': tensor(0.0466), 'toy_5_recall@20': tensor(0.0996), 'ndcg@20': tensor(0.0466), 'recall@20': tensor(0.0996), 'train_loss_0': tensor(0.3730, device='cuda:0')}
[2026-01-22 12:27:01] INFO training_time: 3323.035299062729
[2026-01-22 12:27:01] INFO inference_time: 43.2984836101532
[2026-01-22 12:27:56] INFO {'epoch': 62, 'toy_5_ndcg@20': tensor(0.0461), 'toy_5_recall@20': tensor(0.0986), 'ndcg@20': tensor(0.0461), 'recall@20': tensor(0.0986), 'train_loss_0': tensor(0.3696, device='cuda:0')}
[2026-01-22 12:27:56] INFO training_time: 3377.6706631183624
[2026-01-22 12:27:56] INFO inference_time: 43.92201852798462
[2026-01-22 12:28:52] INFO {'epoch': 63, 'toy_5_ndcg@20': tensor(0.0462), 'toy_5_recall@20': tensor(0.0971), 'ndcg@20': tensor(0.0462), 'recall@20': tensor(0.0971), 'train_loss_0': tensor(0.3710, device='cuda:0')}
[2026-01-22 12:28:52] INFO training_time: 3432.2485699653625
[2026-01-22 12:28:52] INFO inference_time: 44.516629219055176
[2026-01-22 12:29:47] INFO {'epoch': 64, 'toy_5_ndcg@20': tensor(0.0468), 'toy_5_recall@20': tensor(0.0998), 'ndcg@20': tensor(0.0468), 'recall@20': tensor(0.0998), 'train_loss_0': tensor(0.3721, device='cuda:0')}
[2026-01-22 12:29:47] INFO training_time: 3486.9153101444244
[2026-01-22 12:29:47] INFO inference_time: 45.18507671356201
[2026-01-22 12:30:43] INFO {'epoch': 65, 'toy_5_ndcg@20': tensor(0.0466), 'toy_5_recall@20': tensor(0.0980), 'ndcg@20': tensor(0.0466), 'recall@20': tensor(0.0980), 'train_loss_0': tensor(0.3681, device='cuda:0')}
[2026-01-22 12:30:43] INFO training_time: 3541.79248547554
[2026-01-22 12:30:43] INFO inference_time: 45.90458607673645
[2026-01-22 12:31:38] INFO {'epoch': 66, 'toy_5_ndcg@20': tensor(0.0452), 'toy_5_recall@20': tensor(0.0957), 'ndcg@20': tensor(0.0452), 'recall@20': tensor(0.0957), 'train_loss_0': tensor(0.3675, device='cuda:0')}
[2026-01-22 12:31:38] INFO training_time: 3596.547208070755
[2026-01-22 12:31:38] INFO inference_time: 46.605469703674316
[2026-01-22 12:32:34] INFO {'epoch': 67, 'toy_5_ndcg@20': tensor(0.0466), 'toy_5_recall@20': tensor(0.0982), 'ndcg@20': tensor(0.0466), 'recall@20': tensor(0.0982), 'train_loss_0': tensor(0.3697, device='cuda:0')}
[2026-01-22 12:32:34] INFO training_time: 3651.2660353183746
[2026-01-22 12:32:34] INFO inference_time: 47.41059494018555
[2026-01-22 12:33:29] INFO {'epoch': 68, 'toy_5_ndcg@20': tensor(0.0464), 'toy_5_recall@20': tensor(0.0989), 'ndcg@20': tensor(0.0464), 'recall@20': tensor(0.0989), 'train_loss_0': tensor(0.3667, device='cuda:0')}
[2026-01-22 12:33:29] INFO training_time: 3706.129732608795
[2026-01-22 12:33:29] INFO inference_time: 47.98267960548401
[2026-01-22 12:34:24] INFO {'epoch': 69, 'toy_5_ndcg@20': tensor(0.0457), 'toy_5_recall@20': tensor(0.0981), 'ndcg@20': tensor(0.0457), 'recall@20': tensor(0.0981), 'train_loss_0': tensor(0.3654, device='cuda:0')}
[2026-01-22 12:34:24] INFO training_time: 3760.8137340545654
[2026-01-22 12:34:24] INFO inference_time: 48.65194630622864
[2026-01-22 12:35:20] INFO {'epoch': 70, 'toy_5_ndcg@20': tensor(0.0462), 'toy_5_recall@20': tensor(0.0987), 'ndcg@20': tensor(0.0462), 'recall@20': tensor(0.0987), 'train_loss_0': tensor(0.3683, device='cuda:0')}
[2026-01-22 12:35:20] INFO training_time: 3815.672374010086
[2026-01-22 12:35:20] INFO inference_time: 49.59770202636719
[2026-01-22 12:36:16] INFO {'epoch': 71, 'toy_5_ndcg@20': tensor(0.0468), 'toy_5_recall@20': tensor(0.0999), 'ndcg@20': tensor(0.0468), 'recall@20': tensor(0.0999), 'train_loss_0': tensor(0.3638, device='cuda:0')}
[2026-01-22 12:36:16] INFO training_time: 3870.264601945877
[2026-01-22 12:36:16] INFO inference_time: 50.33425521850586
[2026-01-22 12:37:11] INFO {'epoch': 72, 'toy_5_ndcg@20': tensor(0.0472), 'toy_5_recall@20': tensor(0.0996), 'ndcg@20': tensor(0.0472), 'recall@20': tensor(0.0996), 'train_loss_0': tensor(0.3658, device='cuda:0')}
[2026-01-22 12:37:11] INFO training_time: 3925.1058118343353
[2026-01-22 12:37:11] INFO inference_time: 51.11217665672302
[2026-01-22 12:37:11] INFO ndcg@20 improved. Best value: 0.0472
[2026-01-22 12:37:11] INFO Best model checkpoint saved in saved/SASRec/noisy_5/2026-01-22-11-30-49-595607.ckpt.
[2026-01-22 12:38:07] INFO {'epoch': 73, 'toy_5_ndcg@20': tensor(0.0467), 'toy_5_recall@20': tensor(0.0985), 'ndcg@20': tensor(0.0467), 'recall@20': tensor(0.0985), 'train_loss_0': tensor(0.3638, device='cuda:0')}
[2026-01-22 12:38:07] INFO training_time: 3980.0362918376923
[2026-01-22 12:38:07] INFO inference_time: 51.809173822402954
[2026-01-22 12:39:02] INFO {'epoch': 74, 'toy_5_ndcg@20': tensor(0.0475), 'toy_5_recall@20': tensor(0.0996), 'ndcg@20': tensor(0.0475), 'recall@20': tensor(0.0996), 'train_loss_0': tensor(0.3621, device='cuda:0')}
[2026-01-22 12:39:02] INFO training_time: 4034.2482059001923
[2026-01-22 12:39:02] INFO inference_time: 52.56455612182617
[2026-01-22 12:39:02] INFO ndcg@20 improved. Best value: 0.0475
[2026-01-22 12:39:02] INFO Best model checkpoint saved in saved/SASRec/noisy_5/2026-01-22-11-30-49-595607.ckpt.
[2026-01-22 12:39:51] INFO {'epoch': 75, 'toy_5_ndcg@20': tensor(0.0469), 'toy_5_recall@20': tensor(0.0992), 'ndcg@20': tensor(0.0469), 'recall@20': tensor(0.0992), 'train_loss_0': tensor(0.3629, device='cuda:0')}
[2026-01-22 12:39:51] INFO training_time: 4082.8466017246246
[2026-01-22 12:39:51] INFO inference_time: 53.50702977180481
[2026-01-22 12:40:40] INFO {'epoch': 76, 'toy_5_ndcg@20': tensor(0.0478), 'toy_5_recall@20': tensor(0.1016), 'ndcg@20': tensor(0.0478), 'recall@20': tensor(0.1016), 'train_loss_0': tensor(0.3603, device='cuda:0')}
[2026-01-22 12:40:40] INFO training_time: 4131.01057434082
[2026-01-22 12:40:40] INFO inference_time: 54.20513558387756
[2026-01-22 12:40:40] INFO ndcg@20 improved. Best value: 0.0478
[2026-01-22 12:40:40] INFO Best model checkpoint saved in saved/SASRec/noisy_5/2026-01-22-11-30-49-595607.ckpt.
[2026-01-22 12:41:29] INFO {'epoch': 77, 'toy_5_ndcg@20': tensor(0.0478), 'toy_5_recall@20': tensor(0.1017), 'ndcg@20': tensor(0.0478), 'recall@20': tensor(0.1017), 'train_loss_0': tensor(0.3604, device='cuda:0')}
[2026-01-22 12:41:29] INFO training_time: 4179.470436811447
[2026-01-22 12:41:29] INFO inference_time: 54.82425236701965
[2026-01-22 12:42:19] INFO {'epoch': 78, 'toy_5_ndcg@20': tensor(0.0471), 'toy_5_recall@20': tensor(0.0996), 'ndcg@20': tensor(0.0471), 'recall@20': tensor(0.0996), 'train_loss_0': tensor(0.3590, device='cuda:0')}
[2026-01-22 12:42:19] INFO training_time: 4227.953504085541
[2026-01-22 12:42:19] INFO inference_time: 55.57212162017822
[2026-01-22 12:43:07] INFO {'epoch': 79, 'toy_5_ndcg@20': tensor(0.0479), 'toy_5_recall@20': tensor(0.1012), 'ndcg@20': tensor(0.0479), 'recall@20': tensor(0.1012), 'train_loss_0': tensor(0.3597, device='cuda:0')}
[2026-01-22 12:43:07] INFO training_time: 4276.063928365707
[2026-01-22 12:43:07] INFO inference_time: 56.25047779083252
[2026-01-22 12:43:07] INFO ndcg@20 improved. Best value: 0.0479
[2026-01-22 12:43:07] INFO Best model checkpoint saved in saved/SASRec/noisy_5/2026-01-22-11-30-49-595607.ckpt.
[2026-01-22 12:43:57] INFO {'epoch': 80, 'toy_5_ndcg@20': tensor(0.0471), 'toy_5_recall@20': tensor(0.0989), 'ndcg@20': tensor(0.0471), 'recall@20': tensor(0.0989), 'train_loss_0': tensor(0.3600, device='cuda:0')}
[2026-01-22 12:43:57] INFO training_time: 4324.382663965225
[2026-01-22 12:43:57] INFO inference_time: 57.05270862579346
[2026-01-22 12:44:46] INFO {'epoch': 81, 'toy_5_ndcg@20': tensor(0.0481), 'toy_5_recall@20': tensor(0.1005), 'ndcg@20': tensor(0.0481), 'recall@20': tensor(0.1005), 'train_loss_0': tensor(0.3604, device='cuda:0')}
[2026-01-22 12:44:46] INFO training_time: 4372.5284695625305
[2026-01-22 12:44:46] INFO inference_time: 57.87348556518555
[2026-01-22 12:44:46] INFO ndcg@20 improved. Best value: 0.0481
[2026-01-22 12:44:46] INFO Best model checkpoint saved in saved/SASRec/noisy_5/2026-01-22-11-30-49-595607.ckpt.
[2026-01-22 12:45:34] INFO {'epoch': 82, 'toy_5_ndcg@20': tensor(0.0471), 'toy_5_recall@20': tensor(0.0984), 'ndcg@20': tensor(0.0471), 'recall@20': tensor(0.0984), 'train_loss_0': tensor(0.3578, device='cuda:0')}
[2026-01-22 12:45:34] INFO training_time: 4420.69488120079
[2026-01-22 12:45:34] INFO inference_time: 58.52310585975647
[2026-01-22 12:46:24] INFO {'epoch': 83, 'toy_5_ndcg@20': tensor(0.0467), 'toy_5_recall@20': tensor(0.0990), 'ndcg@20': tensor(0.0467), 'recall@20': tensor(0.0990), 'train_loss_0': tensor(0.3589, device='cuda:0')}
[2026-01-22 12:46:24] INFO training_time: 4469.122522115707
[2026-01-22 12:46:24] INFO inference_time: 59.38565921783447
[2026-01-22 12:47:13] INFO {'epoch': 84, 'toy_5_ndcg@20': tensor(0.0476), 'toy_5_recall@20': tensor(0.1002), 'ndcg@20': tensor(0.0476), 'recall@20': tensor(0.1002), 'train_loss_0': tensor(0.3528, device='cuda:0')}
[2026-01-22 12:47:13] INFO training_time: 4517.73174738884
[2026-01-22 12:47:13] INFO inference_time: 59.98492622375488
[2026-01-22 12:48:02] INFO {'epoch': 85, 'toy_5_ndcg@20': tensor(0.0466), 'toy_5_recall@20': tensor(0.0980), 'ndcg@20': tensor(0.0466), 'recall@20': tensor(0.0980), 'train_loss_0': tensor(0.3550, device='cuda:0')}
[2026-01-22 12:48:02] INFO training_time: 4566.148020982742
[2026-01-22 12:48:02] INFO inference_time: 60.68055510520935
[2026-01-22 12:48:51] INFO {'epoch': 86, 'toy_5_ndcg@20': tensor(0.0469), 'toy_5_recall@20': tensor(0.0996), 'ndcg@20': tensor(0.0469), 'recall@20': tensor(0.0996), 'train_loss_0': tensor(0.3558, device='cuda:0')}
[2026-01-22 12:48:51] INFO training_time: 4614.166959762573
[2026-01-22 12:48:51] INFO inference_time: 61.41384506225586
[2026-01-22 12:49:40] INFO {'epoch': 87, 'toy_5_ndcg@20': tensor(0.0471), 'toy_5_recall@20': tensor(0.0982), 'ndcg@20': tensor(0.0471), 'recall@20': tensor(0.0982), 'train_loss_0': tensor(0.3546, device='cuda:0')}
[2026-01-22 12:49:40] INFO training_time: 4662.329334020615
[2026-01-22 12:49:40] INFO inference_time: 62.078603744506836
[2026-01-22 12:50:29] INFO {'epoch': 88, 'toy_5_ndcg@20': tensor(0.0473), 'toy_5_recall@20': tensor(0.0982), 'ndcg@20': tensor(0.0473), 'recall@20': tensor(0.0982), 'train_loss_0': tensor(0.3536, device='cuda:0')}
[2026-01-22 12:50:29] INFO training_time: 4711.011554718018
[2026-01-22 12:50:29] INFO inference_time: 62.80222845077515
[2026-01-22 12:51:18] INFO {'epoch': 89, 'toy_5_ndcg@20': tensor(0.0474), 'toy_5_recall@20': tensor(0.0993), 'ndcg@20': tensor(0.0474), 'recall@20': tensor(0.0993), 'train_loss_0': tensor(0.3538, device='cuda:0')}
[2026-01-22 12:51:18] INFO training_time: 4759.016416549683
[2026-01-22 12:51:18] INFO inference_time: 63.58560061454773
[2026-01-22 12:52:07] INFO {'epoch': 90, 'toy_5_ndcg@20': tensor(0.0473), 'toy_5_recall@20': tensor(0.0997), 'ndcg@20': tensor(0.0473), 'recall@20': tensor(0.0997), 'train_loss_0': tensor(0.3540, device='cuda:0')}
[2026-01-22 12:52:07] INFO training_time: 4807.078666210175
[2026-01-22 12:52:07] INFO inference_time: 64.47919845581055
[2026-01-22 12:52:56] INFO {'epoch': 91, 'toy_5_ndcg@20': tensor(0.0475), 'toy_5_recall@20': tensor(0.0997), 'ndcg@20': tensor(0.0475), 'recall@20': tensor(0.0997), 'train_loss_0': tensor(0.3513, device='cuda:0')}
[2026-01-22 12:52:56] INFO training_time: 4855.68879365921
[2026-01-22 12:52:56] INFO inference_time: 65.2298436164856
[2026-01-22 12:53:45] INFO {'epoch': 92, 'toy_5_ndcg@20': tensor(0.0478), 'toy_5_recall@20': tensor(0.1005), 'ndcg@20': tensor(0.0478), 'recall@20': tensor(0.1005), 'train_loss_0': tensor(0.3517, device='cuda:0')}
[2026-01-22 12:53:45] INFO training_time: 4903.797070980072
[2026-01-22 12:53:45] INFO inference_time: 65.77391052246094
[2026-01-22 12:54:34] INFO {'epoch': 93, 'toy_5_ndcg@20': tensor(0.0479), 'toy_5_recall@20': tensor(0.1000), 'ndcg@20': tensor(0.0479), 'recall@20': tensor(0.1000), 'train_loss_0': tensor(0.3525, device='cuda:0')}
[2026-01-22 12:54:34] INFO training_time: 4951.925319910049
[2026-01-22 12:54:34] INFO inference_time: 66.35141491889954
[2026-01-22 12:55:23] INFO {'epoch': 94, 'toy_5_ndcg@20': tensor(0.0479), 'toy_5_recall@20': tensor(0.1003), 'ndcg@20': tensor(0.0479), 'recall@20': tensor(0.1003), 'train_loss_0': tensor(0.3512, device='cuda:0')}
[2026-01-22 12:55:23] INFO training_time: 5000.7520871162415
[2026-01-22 12:55:23] INFO inference_time: 66.94391441345215
[2026-01-22 12:56:12] INFO {'epoch': 95, 'toy_5_ndcg@20': tensor(0.0479), 'toy_5_recall@20': tensor(0.1003), 'ndcg@20': tensor(0.0479), 'recall@20': tensor(0.1003), 'train_loss_0': tensor(0.3484, device='cuda:0')}
[2026-01-22 12:56:12] INFO training_time: 5049.076602697372
[2026-01-22 12:56:12] INFO inference_time: 67.61017227172852
[2026-01-22 12:57:01] INFO {'epoch': 96, 'toy_5_ndcg@20': tensor(0.0477), 'toy_5_recall@20': tensor(0.1002), 'ndcg@20': tensor(0.0477), 'recall@20': tensor(0.1002), 'train_loss_0': tensor(0.3514, device='cuda:0')}
[2026-01-22 12:57:01] INFO training_time: 5097.383893489838
[2026-01-22 12:57:01] INFO inference_time: 68.21165108680725
[2026-01-22 12:57:50] INFO {'epoch': 97, 'toy_5_ndcg@20': tensor(0.0473), 'toy_5_recall@20': tensor(0.1009), 'ndcg@20': tensor(0.0473), 'recall@20': tensor(0.1009), 'train_loss_0': tensor(0.3490, device='cuda:0')}
[2026-01-22 12:57:50] INFO training_time: 5145.573353052139
[2026-01-22 12:57:50] INFO inference_time: 68.81629180908203
[2026-01-22 12:58:39] INFO {'epoch': 98, 'toy_5_ndcg@20': tensor(0.0480), 'toy_5_recall@20': tensor(0.1002), 'ndcg@20': tensor(0.0480), 'recall@20': tensor(0.1002), 'train_loss_0': tensor(0.3503, device='cuda:0')}
[2026-01-22 12:58:39] INFO training_time: 5194.129044532776
[2026-01-22 12:58:39] INFO inference_time: 69.45821189880371
[2026-01-22 12:59:28] INFO {'epoch': 99, 'toy_5_ndcg@20': tensor(0.0477), 'toy_5_recall@20': tensor(0.1004), 'ndcg@20': tensor(0.0477), 'recall@20': tensor(0.1004), 'train_loss_0': tensor(0.3463, device='cuda:0')}
[2026-01-22 12:59:28] INFO training_time: 5242.413297653198
[2026-01-22 12:59:28] INFO inference_time: 70.1716251373291
[2026-01-22 13:00:18] INFO {'epoch': 100, 'toy_5_ndcg@20': tensor(0.0479), 'toy_5_recall@20': tensor(0.1010), 'ndcg@20': tensor(0.0479), 'recall@20': tensor(0.1010), 'train_loss_0': tensor(0.3472, device='cuda:0')}
[2026-01-22 13:00:18] INFO training_time: 5291.00611281395
[2026-01-22 13:00:18] INFO inference_time: 71.37229704856873
[2026-01-22 13:01:07] INFO {'epoch': 101, 'toy_5_ndcg@20': tensor(0.0474), 'toy_5_recall@20': tensor(0.0993), 'ndcg@20': tensor(0.0474), 'recall@20': tensor(0.0993), 'train_loss_0': tensor(0.3474, device='cuda:0')}
[2026-01-22 13:01:07] INFO training_time: 5339.26975440979
[2026-01-22 13:01:07] INFO inference_time: 72.04292440414429
[2026-01-22 13:01:07] INFO Early stopped. Since the metric ndcg@20 haven't been improved for 20 epochs.
[2026-01-22 13:01:07] INFO The best score of ndcg@20 is 0.0481 on epoch 81
[2026-01-22 13:01:07] INFO Best model checkpoint saved in saved/SASRec/noisy_5/2026-01-22-11-30-49-595607.ckpt.
[2026-01-22 13:01:07] INFO defaultdict(<class 'float'>, {'toy_5_ndcg@20': tensor(0.0399), 'toy_5_recall@20': tensor(0.0840), 'toy_5_ndcg@10': tensor(0.0342), 'toy_5_recall@10': tensor(0.0616), 'ndcg@20': tensor(0.0399), 'recall@20': tensor(0.0840), 'ndcg@10': tensor(0.0342), 'recall@10': tensor(0.0616)})
