[2026-02-05 19:53:51] INFO PID of this process: 1079030
[2026-02-05 19:53:55] INFO {'model': {'embed_dim': 64, 'loss_fn': 'bce', 'hidden_size': 128, 'layer_num': 2, 'head_num': 2, 'dropout_rate': 0.5, 'activation': 'gelu', 'layer_norm_eps': 1e-12, 'model': 'SASRec'}, 'data': {'domain_name_list': ['toy_5'], 'user_threshold': 5, 'item_threshold': 5, 'max_seq_len': 50, 'dataset_class': 'general', 'train_file': '_ori', 'dataset': 'noisy_5'}, 'train': {'batch_size': 256, 'early_stop_mode': 'max', 'early_stop_patience': 20, 'epochs': 1000, 'device': 'cuda', 'optimizer': 'adam', 'learning_rate': 0.001, 'weight_decay': 0, 'num_neg': 1, 'seed': 2026}, 'eval': {'batch_size': 2048, 'cutoff': [20, 10], 'val_metrics': ['ndcg', 'recall'], 'test_metrics': ['ndcg', 'recall'], 'topk': 100, 'save_path': './saved/'}}
[2026-02-05 19:53:55] INFO <data.dataset.SeparateDataset object at 0x7f2d51dc11f0>
[2026-02-05 19:53:55] INFO save_dir:saved
[2026-02-05 19:53:55] INFO SASRec(
  (item_embedding): Embedding(11925, 64, padding_idx=0)
  (query_encoder): SASRecQueryEncoder(
    (item_encoder): Embedding(11925, 64, padding_idx=0)
    (position_emb): Embedding(50, 64)
    (transformer_layer): TransformerEncoder(
      (layers): ModuleList(
        (0): TransformerEncoderLayer(
          (self_attn): MultiheadAttention(
            (out_proj): NonDynamicallyQuantizableLinear(in_features=64, out_features=64, bias=True)
          )
          (linear1): Linear(in_features=64, out_features=128, bias=True)
          (dropout): Dropout(p=0.5, inplace=False)
          (linear2): Linear(in_features=128, out_features=64, bias=True)
          (norm1): LayerNorm((64,), eps=1e-12, elementwise_affine=True)
          (norm2): LayerNorm((64,), eps=1e-12, elementwise_affine=True)
          (dropout1): Dropout(p=0.5, inplace=False)
          (dropout2): Dropout(p=0.5, inplace=False)
        )
        (1): TransformerEncoderLayer(
          (self_attn): MultiheadAttention(
            (out_proj): NonDynamicallyQuantizableLinear(in_features=64, out_features=64, bias=True)
          )
          (linear1): Linear(in_features=64, out_features=128, bias=True)
          (dropout): Dropout(p=0.5, inplace=False)
          (linear2): Linear(in_features=128, out_features=64, bias=True)
          (norm1): LayerNorm((64,), eps=1e-12, elementwise_affine=True)
          (norm2): LayerNorm((64,), eps=1e-12, elementwise_affine=True)
          (dropout1): Dropout(p=0.5, inplace=False)
          (dropout2): Dropout(p=0.5, inplace=False)
        )
      )
    )
    (dropout): Dropout(p=0.5, inplace=False)
    (training_pooling_layer): SeqPoolingLayer()
    (eval_pooling_layer): SeqPoolingLayer()
  )
  (loss_fn): BinaryCrossEntropyLoss()
)
[2026-02-05 19:54:07] INFO {'epoch': 0, 'toy_5_ndcg@20': tensor(0.0076), 'toy_5_recall@20': tensor(0.0168), 'ndcg@20': tensor(0.0076), 'recall@20': tensor(0.0168), 'train_loss_0': tensor(1.3525, device='cuda:0')}
[2026-02-05 19:54:07] INFO training_time: 10.411455392837524
[2026-02-05 19:54:07] INFO inference_time: 1.052260398864746
[2026-02-05 19:54:07] INFO ndcg@20 improved. Best value: 0.0076
[2026-02-05 19:54:07] INFO Best model checkpoint saved in saved/SASRec/noisy_5/2026-02-05-19-53-51-171681.ckpt.
[2026-02-05 19:54:19] INFO {'epoch': 1, 'toy_5_ndcg@20': tensor(0.0078), 'toy_5_recall@20': tensor(0.0178), 'ndcg@20': tensor(0.0078), 'recall@20': tensor(0.0178), 'train_loss_0': tensor(1.2503, device='cuda:0')}
[2026-02-05 19:54:19] INFO training_time: 21.778449058532715
[2026-02-05 19:54:19] INFO inference_time: 1.8644764423370361
[2026-02-05 19:54:19] INFO ndcg@20 improved. Best value: 0.0078
[2026-02-05 19:54:19] INFO Best model checkpoint saved in saved/SASRec/noisy_5/2026-02-05-19-53-51-171681.ckpt.
[2026-02-05 19:54:31] INFO {'epoch': 2, 'toy_5_ndcg@20': tensor(0.0087), 'toy_5_recall@20': tensor(0.0210), 'ndcg@20': tensor(0.0087), 'recall@20': tensor(0.0210), 'train_loss_0': tensor(1.1978, device='cuda:0')}
[2026-02-05 19:54:31] INFO training_time: 33.137627601623535
[2026-02-05 19:54:31] INFO inference_time: 2.6756691932678223
[2026-02-05 19:54:31] INFO ndcg@20 improved. Best value: 0.0087
[2026-02-05 19:54:31] INFO Best model checkpoint saved in saved/SASRec/noisy_5/2026-02-05-19-53-51-171681.ckpt.
[2026-02-05 19:54:43] INFO {'epoch': 3, 'toy_5_ndcg@20': tensor(0.0089), 'toy_5_recall@20': tensor(0.0213), 'ndcg@20': tensor(0.0089), 'recall@20': tensor(0.0213), 'train_loss_0': tensor(1.1444, device='cuda:0')}
[2026-02-05 19:54:43] INFO training_time: 44.707818031311035
[2026-02-05 19:54:43] INFO inference_time: 3.3199942111968994
[2026-02-05 19:54:43] INFO ndcg@20 improved. Best value: 0.0089
[2026-02-05 19:54:43] INFO Best model checkpoint saved in saved/SASRec/noisy_5/2026-02-05-19-53-51-171681.ckpt.
[2026-02-05 19:54:55] INFO {'epoch': 4, 'toy_5_ndcg@20': tensor(0.0124), 'toy_5_recall@20': tensor(0.0289), 'ndcg@20': tensor(0.0124), 'recall@20': tensor(0.0289), 'train_loss_0': tensor(1.0879, device='cuda:0')}
[2026-02-05 19:54:55] INFO training_time: 56.155728816986084
[2026-02-05 19:54:55] INFO inference_time: 3.9237775802612305
[2026-02-05 19:54:55] INFO ndcg@20 improved. Best value: 0.0124
[2026-02-05 19:54:55] INFO Best model checkpoint saved in saved/SASRec/noisy_5/2026-02-05-19-53-51-171681.ckpt.
[2026-02-05 19:55:08] INFO {'epoch': 5, 'toy_5_ndcg@20': tensor(0.0143), 'toy_5_recall@20': tensor(0.0323), 'ndcg@20': tensor(0.0143), 'recall@20': tensor(0.0323), 'train_loss_0': tensor(1.0374, device='cuda:0')}
[2026-02-05 19:55:08] INFO training_time: 67.39487051963806
[2026-02-05 19:55:08] INFO inference_time: 4.739175796508789
[2026-02-05 19:55:08] INFO ndcg@20 improved. Best value: 0.0143
[2026-02-05 19:55:08] INFO Best model checkpoint saved in saved/SASRec/noisy_5/2026-02-05-19-53-51-171681.ckpt.
[2026-02-05 19:55:20] INFO {'epoch': 6, 'toy_5_ndcg@20': tensor(0.0168), 'toy_5_recall@20': tensor(0.0388), 'ndcg@20': tensor(0.0168), 'recall@20': tensor(0.0388), 'train_loss_0': tensor(0.9890, device='cuda:0')}
[2026-02-05 19:55:20] INFO training_time: 78.68509602546692
[2026-02-05 19:55:20] INFO inference_time: 5.581163644790649
[2026-02-05 19:55:20] INFO ndcg@20 improved. Best value: 0.0168
[2026-02-05 19:55:20] INFO Best model checkpoint saved in saved/SASRec/noisy_5/2026-02-05-19-53-51-171681.ckpt.
[2026-02-05 19:55:32] INFO {'epoch': 7, 'toy_5_ndcg@20': tensor(0.0190), 'toy_5_recall@20': tensor(0.0437), 'ndcg@20': tensor(0.0190), 'recall@20': tensor(0.0437), 'train_loss_0': tensor(0.9468, device='cuda:0')}
[2026-02-05 19:55:32] INFO training_time: 89.97834372520447
[2026-02-05 19:55:32] INFO inference_time: 6.295961141586304
[2026-02-05 19:55:32] INFO ndcg@20 improved. Best value: 0.0190
[2026-02-05 19:55:32] INFO Best model checkpoint saved in saved/SASRec/noisy_5/2026-02-05-19-53-51-171681.ckpt.
[2026-02-05 19:55:44] INFO {'epoch': 8, 'toy_5_ndcg@20': tensor(0.0220), 'toy_5_recall@20': tensor(0.0485), 'ndcg@20': tensor(0.0220), 'recall@20': tensor(0.0485), 'train_loss_0': tensor(0.9016, device='cuda:0')}
[2026-02-05 19:55:44] INFO training_time: 101.4131727218628
[2026-02-05 19:55:44] INFO inference_time: 7.080160856246948
[2026-02-05 19:55:44] INFO ndcg@20 improved. Best value: 0.0220
[2026-02-05 19:55:44] INFO Best model checkpoint saved in saved/SASRec/noisy_5/2026-02-05-19-53-51-171681.ckpt.
[2026-02-05 19:55:56] INFO {'epoch': 9, 'toy_5_ndcg@20': tensor(0.0235), 'toy_5_recall@20': tensor(0.0529), 'ndcg@20': tensor(0.0235), 'recall@20': tensor(0.0529), 'train_loss_0': tensor(0.8707, device='cuda:0')}
[2026-02-05 19:55:56] INFO training_time: 112.91683578491211
[2026-02-05 19:55:56] INFO inference_time: 7.7656779289245605
[2026-02-05 19:55:56] INFO ndcg@20 improved. Best value: 0.0235
[2026-02-05 19:55:56] INFO Best model checkpoint saved in saved/SASRec/noisy_5/2026-02-05-19-53-51-171681.ckpt.
[2026-02-05 19:56:09] INFO {'epoch': 10, 'toy_5_ndcg@20': tensor(0.0254), 'toy_5_recall@20': tensor(0.0558), 'ndcg@20': tensor(0.0254), 'recall@20': tensor(0.0558), 'train_loss_0': tensor(0.8337, device='cuda:0')}
[2026-02-05 19:56:09] INFO training_time: 124.37039875984192
[2026-02-05 19:56:09] INFO inference_time: 8.815829277038574
[2026-02-05 19:56:09] INFO ndcg@20 improved. Best value: 0.0254
[2026-02-05 19:56:09] INFO Best model checkpoint saved in saved/SASRec/noisy_5/2026-02-05-19-53-51-171681.ckpt.
[2026-02-05 19:56:21] INFO {'epoch': 11, 'toy_5_ndcg@20': tensor(0.0263), 'toy_5_recall@20': tensor(0.0584), 'ndcg@20': tensor(0.0263), 'recall@20': tensor(0.0584), 'train_loss_0': tensor(0.7997, device='cuda:0')}
[2026-02-05 19:56:21] INFO training_time: 135.74471855163574
[2026-02-05 19:56:21] INFO inference_time: 9.515692234039307
[2026-02-05 19:56:21] INFO ndcg@20 improved. Best value: 0.0263
[2026-02-05 19:56:21] INFO Best model checkpoint saved in saved/SASRec/noisy_5/2026-02-05-19-53-51-171681.ckpt.
[2026-02-05 19:56:33] INFO {'epoch': 12, 'toy_5_ndcg@20': tensor(0.0257), 'toy_5_recall@20': tensor(0.0579), 'ndcg@20': tensor(0.0257), 'recall@20': tensor(0.0579), 'train_loss_0': tensor(0.7690, device='cuda:0')}
[2026-02-05 19:56:33] INFO training_time: 146.9781951904297
[2026-02-05 19:56:33] INFO inference_time: 10.219269514083862
[2026-02-05 19:56:45] INFO {'epoch': 13, 'toy_5_ndcg@20': tensor(0.0276), 'toy_5_recall@20': tensor(0.0621), 'ndcg@20': tensor(0.0276), 'recall@20': tensor(0.0621), 'train_loss_0': tensor(0.7393, device='cuda:0')}
[2026-02-05 19:56:45] INFO training_time: 158.34764170646667
[2026-02-05 19:56:45] INFO inference_time: 11.040988683700562
[2026-02-05 19:56:45] INFO ndcg@20 improved. Best value: 0.0276
[2026-02-05 19:56:45] INFO Best model checkpoint saved in saved/SASRec/noisy_5/2026-02-05-19-53-51-171681.ckpt.
[2026-02-05 19:56:57] INFO {'epoch': 14, 'toy_5_ndcg@20': tensor(0.0289), 'toy_5_recall@20': tensor(0.0646), 'ndcg@20': tensor(0.0289), 'recall@20': tensor(0.0646), 'train_loss_0': tensor(0.7154, device='cuda:0')}
[2026-02-05 19:56:57] INFO training_time: 169.6286702156067
[2026-02-05 19:56:57] INFO inference_time: 11.730564594268799
[2026-02-05 19:56:57] INFO ndcg@20 improved. Best value: 0.0289
[2026-02-05 19:56:57] INFO Best model checkpoint saved in saved/SASRec/noisy_5/2026-02-05-19-53-51-171681.ckpt.
[2026-02-05 19:57:09] INFO {'epoch': 15, 'toy_5_ndcg@20': tensor(0.0305), 'toy_5_recall@20': tensor(0.0678), 'ndcg@20': tensor(0.0305), 'recall@20': tensor(0.0678), 'train_loss_0': tensor(0.6896, device='cuda:0')}
[2026-02-05 19:57:09] INFO training_time: 181.07073378562927
[2026-02-05 19:57:09] INFO inference_time: 12.440264225006104
[2026-02-05 19:57:09] INFO ndcg@20 improved. Best value: 0.0305
[2026-02-05 19:57:09] INFO Best model checkpoint saved in saved/SASRec/noisy_5/2026-02-05-19-53-51-171681.ckpt.
[2026-02-05 19:57:21] INFO {'epoch': 16, 'toy_5_ndcg@20': tensor(0.0319), 'toy_5_recall@20': tensor(0.0696), 'ndcg@20': tensor(0.0319), 'recall@20': tensor(0.0696), 'train_loss_0': tensor(0.6700, device='cuda:0')}
[2026-02-05 19:57:21] INFO training_time: 192.48035216331482
[2026-02-05 19:57:21] INFO inference_time: 13.23983883857727
[2026-02-05 19:57:21] INFO ndcg@20 improved. Best value: 0.0319
[2026-02-05 19:57:21] INFO Best model checkpoint saved in saved/SASRec/noisy_5/2026-02-05-19-53-51-171681.ckpt.
[2026-02-05 19:57:34] INFO {'epoch': 17, 'toy_5_ndcg@20': tensor(0.0326), 'toy_5_recall@20': tensor(0.0708), 'ndcg@20': tensor(0.0326), 'recall@20': tensor(0.0708), 'train_loss_0': tensor(0.6486, device='cuda:0')}
[2026-02-05 19:57:34] INFO training_time: 203.91542506217957
[2026-02-05 19:57:34] INFO inference_time: 14.070328712463379
[2026-02-05 19:57:34] INFO ndcg@20 improved. Best value: 0.0326
[2026-02-05 19:57:34] INFO Best model checkpoint saved in saved/SASRec/noisy_5/2026-02-05-19-53-51-171681.ckpt.
[2026-02-05 19:57:46] INFO {'epoch': 18, 'toy_5_ndcg@20': tensor(0.0335), 'toy_5_recall@20': tensor(0.0708), 'ndcg@20': tensor(0.0335), 'recall@20': tensor(0.0708), 'train_loss_0': tensor(0.6315, device='cuda:0')}
[2026-02-05 19:57:46] INFO training_time: 215.48485612869263
[2026-02-05 19:57:46] INFO inference_time: 14.722309112548828
[2026-02-05 19:57:46] INFO ndcg@20 improved. Best value: 0.0335
[2026-02-05 19:57:46] INFO Best model checkpoint saved in saved/SASRec/noisy_5/2026-02-05-19-53-51-171681.ckpt.
[2026-02-05 19:57:58] INFO {'epoch': 19, 'toy_5_ndcg@20': tensor(0.0344), 'toy_5_recall@20': tensor(0.0738), 'ndcg@20': tensor(0.0344), 'recall@20': tensor(0.0738), 'train_loss_0': tensor(0.6108, device='cuda:0')}
[2026-02-05 19:57:58] INFO training_time: 226.5790867805481
[2026-02-05 19:57:58] INFO inference_time: 15.515923976898193
[2026-02-05 19:57:58] INFO ndcg@20 improved. Best value: 0.0344
[2026-02-05 19:57:58] INFO Best model checkpoint saved in saved/SASRec/noisy_5/2026-02-05-19-53-51-171681.ckpt.
[2026-02-05 19:58:10] INFO {'epoch': 20, 'toy_5_ndcg@20': tensor(0.0347), 'toy_5_recall@20': tensor(0.0750), 'ndcg@20': tensor(0.0347), 'recall@20': tensor(0.0750), 'train_loss_0': tensor(0.5960, device='cuda:0')}
[2026-02-05 19:58:10] INFO training_time: 237.84893918037415
[2026-02-05 19:58:10] INFO inference_time: 16.63695502281189
[2026-02-05 19:58:10] INFO ndcg@20 improved. Best value: 0.0347
[2026-02-05 19:58:10] INFO Best model checkpoint saved in saved/SASRec/noisy_5/2026-02-05-19-53-51-171681.ckpt.
[2026-02-05 19:58:22] INFO {'epoch': 21, 'toy_5_ndcg@20': tensor(0.0356), 'toy_5_recall@20': tensor(0.0764), 'ndcg@20': tensor(0.0356), 'recall@20': tensor(0.0764), 'train_loss_0': tensor(0.5826, device='cuda:0')}
[2026-02-05 19:58:22] INFO training_time: 249.17395734786987
[2026-02-05 19:58:22] INFO inference_time: 17.542190313339233
[2026-02-05 19:58:22] INFO ndcg@20 improved. Best value: 0.0356
[2026-02-05 19:58:22] INFO Best model checkpoint saved in saved/SASRec/noisy_5/2026-02-05-19-53-51-171681.ckpt.
[2026-02-05 19:58:34] INFO {'epoch': 22, 'toy_5_ndcg@20': tensor(0.0360), 'toy_5_recall@20': tensor(0.0778), 'ndcg@20': tensor(0.0360), 'recall@20': tensor(0.0778), 'train_loss_0': tensor(0.5735, device='cuda:0')}
[2026-02-05 19:58:34] INFO training_time: 260.4851162433624
[2026-02-05 19:58:34] INFO inference_time: 18.211693048477173
[2026-02-05 19:58:34] INFO ndcg@20 improved. Best value: 0.0360
[2026-02-05 19:58:34] INFO Best model checkpoint saved in saved/SASRec/noisy_5/2026-02-05-19-53-51-171681.ckpt.
[2026-02-05 19:58:46] INFO {'epoch': 23, 'toy_5_ndcg@20': tensor(0.0369), 'toy_5_recall@20': tensor(0.0786), 'ndcg@20': tensor(0.0369), 'recall@20': tensor(0.0786), 'train_loss_0': tensor(0.5586, device='cuda:0')}
[2026-02-05 19:58:46] INFO training_time: 271.68207836151123
[2026-02-05 19:58:46] INFO inference_time: 18.94209313392639
[2026-02-05 19:58:46] INFO ndcg@20 improved. Best value: 0.0369
[2026-02-05 19:58:46] INFO Best model checkpoint saved in saved/SASRec/noisy_5/2026-02-05-19-53-51-171681.ckpt.
[2026-02-05 19:58:58] INFO {'epoch': 24, 'toy_5_ndcg@20': tensor(0.0365), 'toy_5_recall@20': tensor(0.0777), 'ndcg@20': tensor(0.0365), 'recall@20': tensor(0.0777), 'train_loss_0': tensor(0.5547, device='cuda:0')}
[2026-02-05 19:58:58] INFO training_time: 283.14114928245544
[2026-02-05 19:58:58] INFO inference_time: 19.55237579345703
[2026-02-05 19:59:10] INFO {'epoch': 25, 'toy_5_ndcg@20': tensor(0.0375), 'toy_5_recall@20': tensor(0.0803), 'ndcg@20': tensor(0.0375), 'recall@20': tensor(0.0803), 'train_loss_0': tensor(0.5374, device='cuda:0')}
[2026-02-05 19:59:10] INFO training_time: 294.3166871070862
[2026-02-05 19:59:10] INFO inference_time: 20.341315269470215
[2026-02-05 19:59:10] INFO ndcg@20 improved. Best value: 0.0375
[2026-02-05 19:59:10] INFO Best model checkpoint saved in saved/SASRec/noisy_5/2026-02-05-19-53-51-171681.ckpt.
[2026-02-05 19:59:22] INFO {'epoch': 26, 'toy_5_ndcg@20': tensor(0.0378), 'toy_5_recall@20': tensor(0.0801), 'ndcg@20': tensor(0.0378), 'recall@20': tensor(0.0801), 'train_loss_0': tensor(0.5288, device='cuda:0')}
[2026-02-05 19:59:22] INFO training_time: 305.5395700931549
[2026-02-05 19:59:22] INFO inference_time: 21.00552010536194
[2026-02-05 19:59:22] INFO ndcg@20 improved. Best value: 0.0378
[2026-02-05 19:59:22] INFO Best model checkpoint saved in saved/SASRec/noisy_5/2026-02-05-19-53-51-171681.ckpt.
[2026-02-05 19:59:35] INFO {'epoch': 27, 'toy_5_ndcg@20': tensor(0.0386), 'toy_5_recall@20': tensor(0.0809), 'ndcg@20': tensor(0.0386), 'recall@20': tensor(0.0809), 'train_loss_0': tensor(0.5201, device='cuda:0')}
[2026-02-05 19:59:35] INFO training_time: 316.9144756793976
[2026-02-05 19:59:35] INFO inference_time: 21.81223201751709
[2026-02-05 19:59:35] INFO ndcg@20 improved. Best value: 0.0386
[2026-02-05 19:59:35] INFO Best model checkpoint saved in saved/SASRec/noisy_5/2026-02-05-19-53-51-171681.ckpt.
[2026-02-05 19:59:47] INFO {'epoch': 28, 'toy_5_ndcg@20': tensor(0.0384), 'toy_5_recall@20': tensor(0.0808), 'ndcg@20': tensor(0.0384), 'recall@20': tensor(0.0808), 'train_loss_0': tensor(0.5174, device='cuda:0')}
[2026-02-05 19:59:47] INFO training_time: 328.31725120544434
[2026-02-05 19:59:47] INFO inference_time: 22.573857069015503
[2026-02-05 19:59:59] INFO {'epoch': 29, 'toy_5_ndcg@20': tensor(0.0389), 'toy_5_recall@20': tensor(0.0826), 'ndcg@20': tensor(0.0389), 'recall@20': tensor(0.0826), 'train_loss_0': tensor(0.5046, device='cuda:0')}
[2026-02-05 19:59:59] INFO training_time: 339.7134783267975
[2026-02-05 19:59:59] INFO inference_time: 23.3018217086792
[2026-02-05 19:59:59] INFO ndcg@20 improved. Best value: 0.0389
[2026-02-05 19:59:59] INFO Best model checkpoint saved in saved/SASRec/noisy_5/2026-02-05-19-53-51-171681.ckpt.
[2026-02-05 20:00:11] INFO {'epoch': 30, 'toy_5_ndcg@20': tensor(0.0394), 'toy_5_recall@20': tensor(0.0829), 'ndcg@20': tensor(0.0394), 'recall@20': tensor(0.0829), 'train_loss_0': tensor(0.5007, device='cuda:0')}
[2026-02-05 20:00:11] INFO training_time: 351.0226020812988
[2026-02-05 20:00:11] INFO inference_time: 24.233078479766846
[2026-02-05 20:00:11] INFO ndcg@20 improved. Best value: 0.0394
[2026-02-05 20:00:11] INFO Best model checkpoint saved in saved/SASRec/noisy_5/2026-02-05-19-53-51-171681.ckpt.
[2026-02-05 20:00:23] INFO {'epoch': 31, 'toy_5_ndcg@20': tensor(0.0393), 'toy_5_recall@20': tensor(0.0836), 'ndcg@20': tensor(0.0393), 'recall@20': tensor(0.0836), 'train_loss_0': tensor(0.4907, device='cuda:0')}
[2026-02-05 20:00:23] INFO training_time: 362.30180525779724
[2026-02-05 20:00:23] INFO inference_time: 25.04670548439026
[2026-02-05 20:00:35] INFO {'epoch': 32, 'toy_5_ndcg@20': tensor(0.0398), 'toy_5_recall@20': tensor(0.0834), 'ndcg@20': tensor(0.0398), 'recall@20': tensor(0.0834), 'train_loss_0': tensor(0.4879, device='cuda:0')}
[2026-02-05 20:00:35] INFO training_time: 373.54466819763184
[2026-02-05 20:00:35] INFO inference_time: 25.912367582321167
[2026-02-05 20:00:35] INFO ndcg@20 improved. Best value: 0.0398
[2026-02-05 20:00:35] INFO Best model checkpoint saved in saved/SASRec/noisy_5/2026-02-05-19-53-51-171681.ckpt.
[2026-02-05 20:00:47] INFO {'epoch': 33, 'toy_5_ndcg@20': tensor(0.0401), 'toy_5_recall@20': tensor(0.0860), 'ndcg@20': tensor(0.0401), 'recall@20': tensor(0.0860), 'train_loss_0': tensor(0.4821, device='cuda:0')}
[2026-02-05 20:00:47] INFO training_time: 384.8912036418915
[2026-02-05 20:00:47] INFO inference_time: 26.6561017036438
[2026-02-05 20:00:47] INFO ndcg@20 improved. Best value: 0.0401
[2026-02-05 20:00:47] INFO Best model checkpoint saved in saved/SASRec/noisy_5/2026-02-05-19-53-51-171681.ckpt.
[2026-02-05 20:01:00] INFO {'epoch': 34, 'toy_5_ndcg@20': tensor(0.0400), 'toy_5_recall@20': tensor(0.0844), 'ndcg@20': tensor(0.0400), 'recall@20': tensor(0.0844), 'train_loss_0': tensor(0.4795, device='cuda:0')}
[2026-02-05 20:01:00] INFO training_time: 396.3586745262146
[2026-02-05 20:01:00] INFO inference_time: 27.39187240600586
[2026-02-05 20:01:12] INFO {'epoch': 35, 'toy_5_ndcg@20': tensor(0.0401), 'toy_5_recall@20': tensor(0.0840), 'ndcg@20': tensor(0.0401), 'recall@20': tensor(0.0840), 'train_loss_0': tensor(0.4724, device='cuda:0')}
[2026-02-05 20:01:12] INFO training_time: 407.82356357574463
[2026-02-05 20:01:12] INFO inference_time: 28.087146282196045
[2026-02-05 20:01:24] INFO {'epoch': 36, 'toy_5_ndcg@20': tensor(0.0405), 'toy_5_recall@20': tensor(0.0857), 'ndcg@20': tensor(0.0405), 'recall@20': tensor(0.0857), 'train_loss_0': tensor(0.4680, device='cuda:0')}
[2026-02-05 20:01:24] INFO training_time: 419.04647970199585
[2026-02-05 20:01:24] INFO inference_time: 28.885495901107788
[2026-02-05 20:01:24] INFO ndcg@20 improved. Best value: 0.0405
[2026-02-05 20:01:24] INFO Best model checkpoint saved in saved/SASRec/noisy_5/2026-02-05-19-53-51-171681.ckpt.
[2026-02-05 20:01:36] INFO {'epoch': 37, 'toy_5_ndcg@20': tensor(0.0403), 'toy_5_recall@20': tensor(0.0856), 'ndcg@20': tensor(0.0403), 'recall@20': tensor(0.0856), 'train_loss_0': tensor(0.4649, device='cuda:0')}
[2026-02-05 20:01:36] INFO training_time: 430.20900797843933
[2026-02-05 20:01:36] INFO inference_time: 29.797231197357178
[2026-02-05 20:01:48] INFO {'epoch': 38, 'toy_5_ndcg@20': tensor(0.0406), 'toy_5_recall@20': tensor(0.0849), 'ndcg@20': tensor(0.0406), 'recall@20': tensor(0.0849), 'train_loss_0': tensor(0.4563, device='cuda:0')}
[2026-02-05 20:01:48] INFO training_time: 441.64098286628723
[2026-02-05 20:01:48] INFO inference_time: 30.390499591827393
[2026-02-05 20:01:48] INFO ndcg@20 improved. Best value: 0.0406
[2026-02-05 20:01:48] INFO Best model checkpoint saved in saved/SASRec/noisy_5/2026-02-05-19-53-51-171681.ckpt.
[2026-02-05 20:02:00] INFO {'epoch': 39, 'toy_5_ndcg@20': tensor(0.0410), 'toy_5_recall@20': tensor(0.0869), 'ndcg@20': tensor(0.0410), 'recall@20': tensor(0.0869), 'train_loss_0': tensor(0.4574, device='cuda:0')}
[2026-02-05 20:02:00] INFO training_time: 452.9414167404175
[2026-02-05 20:02:00] INFO inference_time: 31.143835067749023
[2026-02-05 20:02:00] INFO ndcg@20 improved. Best value: 0.0410
[2026-02-05 20:02:00] INFO Best model checkpoint saved in saved/SASRec/noisy_5/2026-02-05-19-53-51-171681.ckpt.
[2026-02-05 20:02:13] INFO {'epoch': 40, 'toy_5_ndcg@20': tensor(0.0403), 'toy_5_recall@20': tensor(0.0862), 'ndcg@20': tensor(0.0403), 'recall@20': tensor(0.0862), 'train_loss_0': tensor(0.4535, device='cuda:0')}
[2026-02-05 20:02:13] INFO training_time: 464.324702501297
[2026-02-05 20:02:13] INFO inference_time: 32.23759484291077
[2026-02-05 20:02:25] INFO {'epoch': 41, 'toy_5_ndcg@20': tensor(0.0411), 'toy_5_recall@20': tensor(0.0861), 'ndcg@20': tensor(0.0411), 'recall@20': tensor(0.0861), 'train_loss_0': tensor(0.4490, device='cuda:0')}
[2026-02-05 20:02:25] INFO training_time: 475.7239999771118
[2026-02-05 20:02:25] INFO inference_time: 32.95819664001465
[2026-02-05 20:02:25] INFO ndcg@20 improved. Best value: 0.0411
[2026-02-05 20:02:25] INFO Best model checkpoint saved in saved/SASRec/noisy_5/2026-02-05-19-53-51-171681.ckpt.
[2026-02-05 20:02:37] INFO {'epoch': 42, 'toy_5_ndcg@20': tensor(0.0403), 'toy_5_recall@20': tensor(0.0859), 'ndcg@20': tensor(0.0403), 'recall@20': tensor(0.0859), 'train_loss_0': tensor(0.4453, device='cuda:0')}
[2026-02-05 20:02:37] INFO training_time: 487.02133202552795
[2026-02-05 20:02:37] INFO inference_time: 33.73694396018982
[2026-02-05 20:02:49] INFO {'epoch': 43, 'toy_5_ndcg@20': tensor(0.0407), 'toy_5_recall@20': tensor(0.0873), 'ndcg@20': tensor(0.0407), 'recall@20': tensor(0.0873), 'train_loss_0': tensor(0.4392, device='cuda:0')}
[2026-02-05 20:02:49] INFO training_time: 498.2684180736542
[2026-02-05 20:02:49] INFO inference_time: 34.73706889152527
[2026-02-05 20:03:01] INFO {'epoch': 44, 'toy_5_ndcg@20': tensor(0.0403), 'toy_5_recall@20': tensor(0.0859), 'ndcg@20': tensor(0.0403), 'recall@20': tensor(0.0859), 'train_loss_0': tensor(0.4401, device='cuda:0')}
[2026-02-05 20:03:01] INFO training_time: 509.5275104045868
[2026-02-05 20:03:01] INFO inference_time: 35.42671513557434
[2026-02-05 20:03:13] INFO {'epoch': 45, 'toy_5_ndcg@20': tensor(0.0407), 'toy_5_recall@20': tensor(0.0870), 'ndcg@20': tensor(0.0407), 'recall@20': tensor(0.0870), 'train_loss_0': tensor(0.4376, device='cuda:0')}
[2026-02-05 20:03:13] INFO training_time: 520.798273563385
[2026-02-05 20:03:13] INFO inference_time: 36.25018572807312
[2026-02-05 20:03:25] INFO {'epoch': 46, 'toy_5_ndcg@20': tensor(0.0412), 'toy_5_recall@20': tensor(0.0877), 'ndcg@20': tensor(0.0412), 'recall@20': tensor(0.0877), 'train_loss_0': tensor(0.4406, device='cuda:0')}
[2026-02-05 20:03:25] INFO training_time: 532.1353306770325
[2026-02-05 20:03:25] INFO inference_time: 36.8761568069458
[2026-02-05 20:03:25] INFO ndcg@20 improved. Best value: 0.0412
[2026-02-05 20:03:25] INFO Best model checkpoint saved in saved/SASRec/noisy_5/2026-02-05-19-53-51-171681.ckpt.
[2026-02-05 20:03:37] INFO {'epoch': 47, 'toy_5_ndcg@20': tensor(0.0406), 'toy_5_recall@20': tensor(0.0868), 'ndcg@20': tensor(0.0406), 'recall@20': tensor(0.0868), 'train_loss_0': tensor(0.4317, device='cuda:0')}
[2026-02-05 20:03:37] INFO training_time: 543.415292263031
[2026-02-05 20:03:37] INFO inference_time: 37.65195941925049
[2026-02-05 20:03:49] INFO {'epoch': 48, 'toy_5_ndcg@20': tensor(0.0412), 'toy_5_recall@20': tensor(0.0872), 'ndcg@20': tensor(0.0412), 'recall@20': tensor(0.0872), 'train_loss_0': tensor(0.4351, device='cuda:0')}
[2026-02-05 20:03:49] INFO training_time: 554.7036395072937
[2026-02-05 20:03:49] INFO inference_time: 38.338948249816895
[2026-02-05 20:04:01] INFO {'epoch': 49, 'toy_5_ndcg@20': tensor(0.0420), 'toy_5_recall@20': tensor(0.0877), 'ndcg@20': tensor(0.0420), 'recall@20': tensor(0.0877), 'train_loss_0': tensor(0.4301, device='cuda:0')}
[2026-02-05 20:04:01] INFO training_time: 566.0958018302917
[2026-02-05 20:04:01] INFO inference_time: 39.10935139656067
[2026-02-05 20:04:01] INFO ndcg@20 improved. Best value: 0.0420
[2026-02-05 20:04:01] INFO Best model checkpoint saved in saved/SASRec/noisy_5/2026-02-05-19-53-51-171681.ckpt.
[2026-02-05 20:04:14] INFO {'epoch': 50, 'toy_5_ndcg@20': tensor(0.0417), 'toy_5_recall@20': tensor(0.0877), 'ndcg@20': tensor(0.0417), 'recall@20': tensor(0.0877), 'train_loss_0': tensor(0.4247, device='cuda:0')}
[2026-02-05 20:04:14] INFO training_time: 577.393059015274
[2026-02-05 20:04:14] INFO inference_time: 40.19623517990112
[2026-02-05 20:04:26] INFO {'epoch': 51, 'toy_5_ndcg@20': tensor(0.0413), 'toy_5_recall@20': tensor(0.0886), 'ndcg@20': tensor(0.0413), 'recall@20': tensor(0.0886), 'train_loss_0': tensor(0.4256, device='cuda:0')}
[2026-02-05 20:04:26] INFO training_time: 588.7910590171814
[2026-02-05 20:04:26] INFO inference_time: 40.869691371917725
[2026-02-05 20:04:38] INFO {'epoch': 52, 'toy_5_ndcg@20': tensor(0.0419), 'toy_5_recall@20': tensor(0.0885), 'ndcg@20': tensor(0.0419), 'recall@20': tensor(0.0885), 'train_loss_0': tensor(0.4257, device='cuda:0')}
[2026-02-05 20:04:38] INFO training_time: 600.2853112220764
[2026-02-05 20:04:38] INFO inference_time: 41.63648724555969
[2026-02-05 20:04:50] INFO {'epoch': 53, 'toy_5_ndcg@20': tensor(0.0421), 'toy_5_recall@20': tensor(0.0899), 'ndcg@20': tensor(0.0421), 'recall@20': tensor(0.0899), 'train_loss_0': tensor(0.4221, device='cuda:0')}
[2026-02-05 20:04:50] INFO training_time: 611.8388869762421
[2026-02-05 20:04:50] INFO inference_time: 42.26440739631653
[2026-02-05 20:04:50] INFO ndcg@20 improved. Best value: 0.0421
[2026-02-05 20:04:50] INFO Best model checkpoint saved in saved/SASRec/noisy_5/2026-02-05-19-53-51-171681.ckpt.
[2026-02-05 20:05:02] INFO {'epoch': 54, 'toy_5_ndcg@20': tensor(0.0427), 'toy_5_recall@20': tensor(0.0902), 'ndcg@20': tensor(0.0427), 'recall@20': tensor(0.0902), 'train_loss_0': tensor(0.4228, device='cuda:0')}
[2026-02-05 20:05:02] INFO training_time: 623.1633083820343
[2026-02-05 20:05:02] INFO inference_time: 42.95059251785278
[2026-02-05 20:05:02] INFO ndcg@20 improved. Best value: 0.0427
[2026-02-05 20:05:02] INFO Best model checkpoint saved in saved/SASRec/noisy_5/2026-02-05-19-53-51-171681.ckpt.
[2026-02-05 20:05:14] INFO {'epoch': 55, 'toy_5_ndcg@20': tensor(0.0421), 'toy_5_recall@20': tensor(0.0888), 'ndcg@20': tensor(0.0421), 'recall@20': tensor(0.0888), 'train_loss_0': tensor(0.4168, device='cuda:0')}
[2026-02-05 20:05:14] INFO training_time: 634.4810643196106
[2026-02-05 20:05:14] INFO inference_time: 43.74966287612915
[2026-02-05 20:05:27] INFO {'epoch': 56, 'toy_5_ndcg@20': tensor(0.0417), 'toy_5_recall@20': tensor(0.0877), 'ndcg@20': tensor(0.0417), 'recall@20': tensor(0.0877), 'train_loss_0': tensor(0.4130, device='cuda:0')}
[2026-02-05 20:05:27] INFO training_time: 645.792051076889
[2026-02-05 20:05:27] INFO inference_time: 44.51546835899353
[2026-02-05 20:05:39] INFO {'epoch': 57, 'toy_5_ndcg@20': tensor(0.0417), 'toy_5_recall@20': tensor(0.0878), 'ndcg@20': tensor(0.0417), 'recall@20': tensor(0.0878), 'train_loss_0': tensor(0.4177, device='cuda:0')}
[2026-02-05 20:05:39] INFO training_time: 656.9868817329407
[2026-02-05 20:05:39] INFO inference_time: 45.38218021392822
[2026-02-05 20:05:51] INFO {'epoch': 58, 'toy_5_ndcg@20': tensor(0.0418), 'toy_5_recall@20': tensor(0.0888), 'ndcg@20': tensor(0.0418), 'recall@20': tensor(0.0888), 'train_loss_0': tensor(0.4118, device='cuda:0')}
[2026-02-05 20:05:51] INFO training_time: 668.4382970333099
[2026-02-05 20:05:51] INFO inference_time: 46.13657021522522
[2026-02-05 20:06:03] INFO {'epoch': 59, 'toy_5_ndcg@20': tensor(0.0423), 'toy_5_recall@20': tensor(0.0892), 'ndcg@20': tensor(0.0423), 'recall@20': tensor(0.0892), 'train_loss_0': tensor(0.4134, device='cuda:0')}
[2026-02-05 20:06:03] INFO training_time: 679.9195816516876
[2026-02-05 20:06:03] INFO inference_time: 46.8975305557251
[2026-02-05 20:06:16] INFO {'epoch': 60, 'toy_5_ndcg@20': tensor(0.0424), 'toy_5_recall@20': tensor(0.0890), 'ndcg@20': tensor(0.0424), 'recall@20': tensor(0.0890), 'train_loss_0': tensor(0.4118, device='cuda:0')}
[2026-02-05 20:06:16] INFO training_time: 691.3607769012451
[2026-02-05 20:06:16] INFO inference_time: 47.90893745422363
[2026-02-05 20:06:28] INFO {'epoch': 61, 'toy_5_ndcg@20': tensor(0.0429), 'toy_5_recall@20': tensor(0.0903), 'ndcg@20': tensor(0.0429), 'recall@20': tensor(0.0903), 'train_loss_0': tensor(0.4039, device='cuda:0')}
[2026-02-05 20:06:28] INFO training_time: 702.9188406467438
[2026-02-05 20:06:28] INFO inference_time: 48.632477045059204
[2026-02-05 20:06:28] INFO ndcg@20 improved. Best value: 0.0429
[2026-02-05 20:06:28] INFO Best model checkpoint saved in saved/SASRec/noisy_5/2026-02-05-19-53-51-171681.ckpt.
[2026-02-05 20:06:40] INFO {'epoch': 62, 'toy_5_ndcg@20': tensor(0.0432), 'toy_5_recall@20': tensor(0.0912), 'ndcg@20': tensor(0.0432), 'recall@20': tensor(0.0912), 'train_loss_0': tensor(0.4093, device='cuda:0')}
[2026-02-05 20:06:40] INFO training_time: 714.2426609992981
[2026-02-05 20:06:40] INFO inference_time: 49.46356010437012
[2026-02-05 20:06:40] INFO ndcg@20 improved. Best value: 0.0432
[2026-02-05 20:06:40] INFO Best model checkpoint saved in saved/SASRec/noisy_5/2026-02-05-19-53-51-171681.ckpt.
[2026-02-05 20:06:52] INFO {'epoch': 63, 'toy_5_ndcg@20': tensor(0.0429), 'toy_5_recall@20': tensor(0.0895), 'ndcg@20': tensor(0.0429), 'recall@20': tensor(0.0895), 'train_loss_0': tensor(0.4037, device='cuda:0')}
[2026-02-05 20:06:52] INFO training_time: 725.5120301246643
[2026-02-05 20:06:52] INFO inference_time: 50.179983139038086
[2026-02-05 20:07:04] INFO {'epoch': 64, 'toy_5_ndcg@20': tensor(0.0440), 'toy_5_recall@20': tensor(0.0916), 'ndcg@20': tensor(0.0440), 'recall@20': tensor(0.0916), 'train_loss_0': tensor(0.4056, device='cuda:0')}
[2026-02-05 20:07:04] INFO training_time: 736.7273190021515
[2026-02-05 20:07:04] INFO inference_time: 51.00702953338623
[2026-02-05 20:07:04] INFO ndcg@20 improved. Best value: 0.0440
[2026-02-05 20:07:04] INFO Best model checkpoint saved in saved/SASRec/noisy_5/2026-02-05-19-53-51-171681.ckpt.
[2026-02-05 20:07:16] INFO {'epoch': 65, 'toy_5_ndcg@20': tensor(0.0432), 'toy_5_recall@20': tensor(0.0902), 'ndcg@20': tensor(0.0432), 'recall@20': tensor(0.0902), 'train_loss_0': tensor(0.3989, device='cuda:0')}
[2026-02-05 20:07:16] INFO training_time: 748.0050141811371
[2026-02-05 20:07:16] INFO inference_time: 51.797555685043335
[2026-02-05 20:07:28] INFO {'epoch': 66, 'toy_5_ndcg@20': tensor(0.0422), 'toy_5_recall@20': tensor(0.0902), 'ndcg@20': tensor(0.0422), 'recall@20': tensor(0.0902), 'train_loss_0': tensor(0.3966, device='cuda:0')}
[2026-02-05 20:07:28] INFO training_time: 759.4099726676941
[2026-02-05 20:07:28] INFO inference_time: 52.55069065093994
[2026-02-05 20:07:40] INFO {'epoch': 67, 'toy_5_ndcg@20': tensor(0.0430), 'toy_5_recall@20': tensor(0.0904), 'ndcg@20': tensor(0.0430), 'recall@20': tensor(0.0904), 'train_loss_0': tensor(0.4012, device='cuda:0')}
[2026-02-05 20:07:41] INFO training_time: 770.8501946926117
[2026-02-05 20:07:41] INFO inference_time: 53.26727771759033
[2026-02-05 20:07:53] INFO {'epoch': 68, 'toy_5_ndcg@20': tensor(0.0435), 'toy_5_recall@20': tensor(0.0895), 'ndcg@20': tensor(0.0435), 'recall@20': tensor(0.0895), 'train_loss_0': tensor(0.4006, device='cuda:0')}
[2026-02-05 20:07:53] INFO training_time: 782.2929813861847
[2026-02-05 20:07:53] INFO inference_time: 54.06310677528381
[2026-02-05 20:08:05] INFO {'epoch': 69, 'toy_5_ndcg@20': tensor(0.0441), 'toy_5_recall@20': tensor(0.0909), 'ndcg@20': tensor(0.0441), 'recall@20': tensor(0.0909), 'train_loss_0': tensor(0.3959, device='cuda:0')}
[2026-02-05 20:08:05] INFO training_time: 793.5999875068665
[2026-02-05 20:08:05] INFO inference_time: 54.8180251121521
[2026-02-05 20:08:05] INFO ndcg@20 improved. Best value: 0.0441
[2026-02-05 20:08:05] INFO Best model checkpoint saved in saved/SASRec/noisy_5/2026-02-05-19-53-51-171681.ckpt.
[2026-02-05 20:08:17] INFO {'epoch': 70, 'toy_5_ndcg@20': tensor(0.0429), 'toy_5_recall@20': tensor(0.0892), 'ndcg@20': tensor(0.0429), 'recall@20': tensor(0.0892), 'train_loss_0': tensor(0.3939, device='cuda:0')}
[2026-02-05 20:08:17] INFO training_time: 805.001339673996
[2026-02-05 20:08:17] INFO inference_time: 55.9541015625
[2026-02-05 20:08:29] INFO {'epoch': 71, 'toy_5_ndcg@20': tensor(0.0435), 'toy_5_recall@20': tensor(0.0908), 'ndcg@20': tensor(0.0435), 'recall@20': tensor(0.0908), 'train_loss_0': tensor(0.3981, device='cuda:0')}
[2026-02-05 20:08:29] INFO training_time: 816.1578984260559
[2026-02-05 20:08:29] INFO inference_time: 56.760390281677246
[2026-02-05 20:08:42] INFO {'epoch': 72, 'toy_5_ndcg@20': tensor(0.0441), 'toy_5_recall@20': tensor(0.0916), 'ndcg@20': tensor(0.0441), 'recall@20': tensor(0.0916), 'train_loss_0': tensor(0.3947, device='cuda:0')}
[2026-02-05 20:08:42] INFO training_time: 827.711457490921
[2026-02-05 20:08:42] INFO inference_time: 57.496119022369385
[2026-02-05 20:08:54] INFO {'epoch': 73, 'toy_5_ndcg@20': tensor(0.0426), 'toy_5_recall@20': tensor(0.0898), 'ndcg@20': tensor(0.0426), 'recall@20': tensor(0.0898), 'train_loss_0': tensor(0.4006, device='cuda:0')}
[2026-02-05 20:08:54] INFO training_time: 839.1741704940796
[2026-02-05 20:08:54] INFO inference_time: 58.22144031524658
[2026-02-05 20:09:06] INFO {'epoch': 74, 'toy_5_ndcg@20': tensor(0.0437), 'toy_5_recall@20': tensor(0.0911), 'ndcg@20': tensor(0.0437), 'recall@20': tensor(0.0911), 'train_loss_0': tensor(0.3894, device='cuda:0')}
[2026-02-05 20:09:06] INFO training_time: 850.5075945854187
[2026-02-05 20:09:06] INFO inference_time: 58.907880544662476
[2026-02-05 20:09:17] INFO {'epoch': 75, 'toy_5_ndcg@20': tensor(0.0433), 'toy_5_recall@20': tensor(0.0920), 'ndcg@20': tensor(0.0433), 'recall@20': tensor(0.0920), 'train_loss_0': tensor(0.3908, device='cuda:0')}
[2026-02-05 20:09:18] INFO training_time: 861.4365880489349
[2026-02-05 20:09:18] INFO inference_time: 59.601484060287476
[2026-02-05 20:09:28] INFO {'epoch': 76, 'toy_5_ndcg@20': tensor(0.0435), 'toy_5_recall@20': tensor(0.0907), 'ndcg@20': tensor(0.0435), 'recall@20': tensor(0.0907), 'train_loss_0': tensor(0.3893, device='cuda:0')}
[2026-02-05 20:09:28] INFO training_time: 871.4930138587952
[2026-02-05 20:09:28] INFO inference_time: 60.32492780685425
[2026-02-05 20:09:39] INFO {'epoch': 77, 'toy_5_ndcg@20': tensor(0.0436), 'toy_5_recall@20': tensor(0.0907), 'ndcg@20': tensor(0.0436), 'recall@20': tensor(0.0907), 'train_loss_0': tensor(0.3838, device='cuda:0')}
[2026-02-05 20:09:39] INFO training_time: 881.6724541187286
[2026-02-05 20:09:39] INFO inference_time: 61.08255124092102
[2026-02-05 20:09:50] INFO {'epoch': 78, 'toy_5_ndcg@20': tensor(0.0437), 'toy_5_recall@20': tensor(0.0909), 'ndcg@20': tensor(0.0437), 'recall@20': tensor(0.0909), 'train_loss_0': tensor(0.3905, device='cuda:0')}
[2026-02-05 20:09:50] INFO training_time: 891.9502997398376
[2026-02-05 20:09:50] INFO inference_time: 61.836419105529785
[2026-02-05 20:10:01] INFO {'epoch': 79, 'toy_5_ndcg@20': tensor(0.0437), 'toy_5_recall@20': tensor(0.0914), 'ndcg@20': tensor(0.0437), 'recall@20': tensor(0.0914), 'train_loss_0': tensor(0.3906, device='cuda:0')}
[2026-02-05 20:10:01] INFO training_time: 901.8766295909882
[2026-02-05 20:10:01] INFO inference_time: 62.73657941818237
[2026-02-05 20:10:12] INFO {'epoch': 80, 'toy_5_ndcg@20': tensor(0.0435), 'toy_5_recall@20': tensor(0.0908), 'ndcg@20': tensor(0.0435), 'recall@20': tensor(0.0908), 'train_loss_0': tensor(0.3853, device='cuda:0')}
[2026-02-05 20:10:12] INFO training_time: 911.7045383453369
[2026-02-05 20:10:12] INFO inference_time: 63.66676712036133
[2026-02-05 20:10:22] INFO {'epoch': 81, 'toy_5_ndcg@20': tensor(0.0434), 'toy_5_recall@20': tensor(0.0911), 'ndcg@20': tensor(0.0434), 'recall@20': tensor(0.0911), 'train_loss_0': tensor(0.3868, device='cuda:0')}
[2026-02-05 20:10:23] INFO training_time: 921.5822429656982
[2026-02-05 20:10:23] INFO inference_time: 64.40384411811829
[2026-02-05 20:10:33] INFO {'epoch': 82, 'toy_5_ndcg@20': tensor(0.0432), 'toy_5_recall@20': tensor(0.0897), 'ndcg@20': tensor(0.0432), 'recall@20': tensor(0.0897), 'train_loss_0': tensor(0.3831, device='cuda:0')}
[2026-02-05 20:10:33] INFO training_time: 931.5905346870422
[2026-02-05 20:10:33] INFO inference_time: 65.10810136795044
[2026-02-05 20:10:44] INFO {'epoch': 83, 'toy_5_ndcg@20': tensor(0.0439), 'toy_5_recall@20': tensor(0.0913), 'ndcg@20': tensor(0.0439), 'recall@20': tensor(0.0913), 'train_loss_0': tensor(0.3819, device='cuda:0')}
[2026-02-05 20:10:44] INFO training_time: 941.5109643936157
[2026-02-05 20:10:44] INFO inference_time: 65.92393445968628
[2026-02-05 20:10:55] INFO {'epoch': 84, 'toy_5_ndcg@20': tensor(0.0435), 'toy_5_recall@20': tensor(0.0912), 'ndcg@20': tensor(0.0435), 'recall@20': tensor(0.0912), 'train_loss_0': tensor(0.3843, device='cuda:0')}
[2026-02-05 20:10:55] INFO training_time: 951.6767084598541
[2026-02-05 20:10:55] INFO inference_time: 66.4926118850708
[2026-02-05 20:11:05] INFO {'epoch': 85, 'toy_5_ndcg@20': tensor(0.0436), 'toy_5_recall@20': tensor(0.0904), 'ndcg@20': tensor(0.0436), 'recall@20': tensor(0.0904), 'train_loss_0': tensor(0.3800, device='cuda:0')}
[2026-02-05 20:11:05] INFO training_time: 961.7389459609985
[2026-02-05 20:11:05] INFO inference_time: 67.14654850959778
[2026-02-05 20:11:16] INFO {'epoch': 86, 'toy_5_ndcg@20': tensor(0.0441), 'toy_5_recall@20': tensor(0.0919), 'ndcg@20': tensor(0.0441), 'recall@20': tensor(0.0919), 'train_loss_0': tensor(0.3838, device='cuda:0')}
[2026-02-05 20:11:16] INFO training_time: 971.9245274066925
[2026-02-05 20:11:16] INFO inference_time: 67.88631534576416
[2026-02-05 20:11:27] INFO {'epoch': 87, 'toy_5_ndcg@20': tensor(0.0441), 'toy_5_recall@20': tensor(0.0916), 'ndcg@20': tensor(0.0441), 'recall@20': tensor(0.0916), 'train_loss_0': tensor(0.3816, device='cuda:0')}
[2026-02-05 20:11:27] INFO training_time: 981.9152917861938
[2026-02-05 20:11:27] INFO inference_time: 68.5604259967804
[2026-02-05 20:11:27] INFO ndcg@20 improved. Best value: 0.0441
[2026-02-05 20:11:27] INFO Best model checkpoint saved in saved/SASRec/noisy_5/2026-02-05-19-53-51-171681.ckpt.
[2026-02-05 20:11:38] INFO {'epoch': 88, 'toy_5_ndcg@20': tensor(0.0443), 'toy_5_recall@20': tensor(0.0919), 'ndcg@20': tensor(0.0443), 'recall@20': tensor(0.0919), 'train_loss_0': tensor(0.3791, device='cuda:0')}
[2026-02-05 20:11:38] INFO training_time: 991.8881442546844
[2026-02-05 20:11:38] INFO inference_time: 69.33398962020874
[2026-02-05 20:11:38] INFO ndcg@20 improved. Best value: 0.0443
[2026-02-05 20:11:38] INFO Best model checkpoint saved in saved/SASRec/noisy_5/2026-02-05-19-53-51-171681.ckpt.
[2026-02-05 20:11:48] INFO {'epoch': 89, 'toy_5_ndcg@20': tensor(0.0435), 'toy_5_recall@20': tensor(0.0906), 'ndcg@20': tensor(0.0435), 'recall@20': tensor(0.0906), 'train_loss_0': tensor(0.3803, device='cuda:0')}
[2026-02-05 20:11:48] INFO training_time: 1001.8435666561127
[2026-02-05 20:11:48] INFO inference_time: 69.93689703941345
[2026-02-05 20:11:59] INFO {'epoch': 90, 'toy_5_ndcg@20': tensor(0.0442), 'toy_5_recall@20': tensor(0.0922), 'ndcg@20': tensor(0.0442), 'recall@20': tensor(0.0922), 'train_loss_0': tensor(0.3808, device='cuda:0')}
[2026-02-05 20:11:59] INFO training_time: 1011.9327824115753
[2026-02-05 20:11:59] INFO inference_time: 70.7934639453888
[2026-02-05 20:12:10] INFO {'epoch': 91, 'toy_5_ndcg@20': tensor(0.0433), 'toy_5_recall@20': tensor(0.0924), 'ndcg@20': tensor(0.0433), 'recall@20': tensor(0.0924), 'train_loss_0': tensor(0.3791, device='cuda:0')}
[2026-02-05 20:12:10] INFO training_time: 1021.8066163063049
[2026-02-05 20:12:10] INFO inference_time: 71.53532600402832
[2026-02-05 20:12:21] INFO {'epoch': 92, 'toy_5_ndcg@20': tensor(0.0428), 'toy_5_recall@20': tensor(0.0914), 'ndcg@20': tensor(0.0428), 'recall@20': tensor(0.0914), 'train_loss_0': tensor(0.3841, device='cuda:0')}
[2026-02-05 20:12:21] INFO training_time: 1031.8570792675018
[2026-02-05 20:12:21] INFO inference_time: 72.42927742004395
[2026-02-05 20:12:32] INFO {'epoch': 93, 'toy_5_ndcg@20': tensor(0.0442), 'toy_5_recall@20': tensor(0.0932), 'ndcg@20': tensor(0.0442), 'recall@20': tensor(0.0932), 'train_loss_0': tensor(0.3786, device='cuda:0')}
[2026-02-05 20:12:32] INFO training_time: 1041.8807270526886
[2026-02-05 20:12:32] INFO inference_time: 73.13279175758362
[2026-02-05 20:12:42] INFO {'epoch': 94, 'toy_5_ndcg@20': tensor(0.0445), 'toy_5_recall@20': tensor(0.0932), 'ndcg@20': tensor(0.0445), 'recall@20': tensor(0.0932), 'train_loss_0': tensor(0.3807, device='cuda:0')}
[2026-02-05 20:12:42] INFO training_time: 1051.8131620883942
[2026-02-05 20:12:42] INFO inference_time: 73.84023833274841
[2026-02-05 20:12:42] INFO ndcg@20 improved. Best value: 0.0445
[2026-02-05 20:12:42] INFO Best model checkpoint saved in saved/SASRec/noisy_5/2026-02-05-19-53-51-171681.ckpt.
[2026-02-05 20:12:53] INFO {'epoch': 95, 'toy_5_ndcg@20': tensor(0.0437), 'toy_5_recall@20': tensor(0.0929), 'ndcg@20': tensor(0.0437), 'recall@20': tensor(0.0929), 'train_loss_0': tensor(0.3777, device='cuda:0')}
[2026-02-05 20:12:53] INFO training_time: 1061.9367277622223
[2026-02-05 20:12:53] INFO inference_time: 74.63411593437195
[2026-02-05 20:13:04] INFO {'epoch': 96, 'toy_5_ndcg@20': tensor(0.0442), 'toy_5_recall@20': tensor(0.0934), 'ndcg@20': tensor(0.0442), 'recall@20': tensor(0.0934), 'train_loss_0': tensor(0.3774, device='cuda:0')}
[2026-02-05 20:13:04] INFO training_time: 1072.0044493675232
[2026-02-05 20:13:04] INFO inference_time: 75.34171772003174
[2026-02-05 20:13:15] INFO {'epoch': 97, 'toy_5_ndcg@20': tensor(0.0442), 'toy_5_recall@20': tensor(0.0941), 'ndcg@20': tensor(0.0442), 'recall@20': tensor(0.0941), 'train_loss_0': tensor(0.3679, device='cuda:0')}
[2026-02-05 20:13:15] INFO training_time: 1082.0734395980835
[2026-02-05 20:13:15] INFO inference_time: 76.11047649383545
[2026-02-05 20:13:26] INFO {'epoch': 98, 'toy_5_ndcg@20': tensor(0.0434), 'toy_5_recall@20': tensor(0.0928), 'ndcg@20': tensor(0.0434), 'recall@20': tensor(0.0928), 'train_loss_0': tensor(0.3723, device='cuda:0')}
[2026-02-05 20:13:26] INFO training_time: 1092.1085348129272
[2026-02-05 20:13:26] INFO inference_time: 76.98192811012268
[2026-02-05 20:13:37] INFO {'epoch': 99, 'toy_5_ndcg@20': tensor(0.0436), 'toy_5_recall@20': tensor(0.0917), 'ndcg@20': tensor(0.0436), 'recall@20': tensor(0.0917), 'train_loss_0': tensor(0.3777, device='cuda:0')}
[2026-02-05 20:13:37] INFO training_time: 1102.0296289920807
[2026-02-05 20:13:37] INFO inference_time: 77.83265852928162
[2026-02-05 20:13:48] INFO {'epoch': 100, 'toy_5_ndcg@20': tensor(0.0434), 'toy_5_recall@20': tensor(0.0923), 'ndcg@20': tensor(0.0434), 'recall@20': tensor(0.0923), 'train_loss_0': tensor(0.3696, device='cuda:0')}
[2026-02-05 20:13:48] INFO training_time: 1112.2178738117218
[2026-02-05 20:13:48] INFO inference_time: 78.70111465454102
[2026-02-05 20:13:59] INFO {'epoch': 101, 'toy_5_ndcg@20': tensor(0.0433), 'toy_5_recall@20': tensor(0.0913), 'ndcg@20': tensor(0.0433), 'recall@20': tensor(0.0913), 'train_loss_0': tensor(0.3752, device='cuda:0')}
[2026-02-05 20:13:59] INFO training_time: 1122.3650398254395
[2026-02-05 20:13:59] INFO inference_time: 79.46777367591858
[2026-02-05 20:14:10] INFO {'epoch': 102, 'toy_5_ndcg@20': tensor(0.0434), 'toy_5_recall@20': tensor(0.0928), 'ndcg@20': tensor(0.0434), 'recall@20': tensor(0.0928), 'train_loss_0': tensor(0.3752, device='cuda:0')}
[2026-02-05 20:14:10] INFO training_time: 1132.5226459503174
[2026-02-05 20:14:10] INFO inference_time: 80.2595624923706
[2026-02-05 20:14:20] INFO {'epoch': 103, 'toy_5_ndcg@20': tensor(0.0432), 'toy_5_recall@20': tensor(0.0926), 'ndcg@20': tensor(0.0432), 'recall@20': tensor(0.0926), 'train_loss_0': tensor(0.3709, device='cuda:0')}
[2026-02-05 20:14:20] INFO training_time: 1142.5434231758118
[2026-02-05 20:14:20] INFO inference_time: 80.97979807853699
[2026-02-05 20:14:31] INFO {'epoch': 104, 'toy_5_ndcg@20': tensor(0.0439), 'toy_5_recall@20': tensor(0.0933), 'ndcg@20': tensor(0.0439), 'recall@20': tensor(0.0933), 'train_loss_0': tensor(0.3696, device='cuda:0')}
[2026-02-05 20:14:31] INFO training_time: 1152.5687944889069
[2026-02-05 20:14:31] INFO inference_time: 81.7873785495758
[2026-02-05 20:14:42] INFO {'epoch': 105, 'toy_5_ndcg@20': tensor(0.0436), 'toy_5_recall@20': tensor(0.0918), 'ndcg@20': tensor(0.0436), 'recall@20': tensor(0.0918), 'train_loss_0': tensor(0.3725, device='cuda:0')}
[2026-02-05 20:14:42] INFO training_time: 1162.7104513645172
[2026-02-05 20:14:42] INFO inference_time: 82.46046900749207
[2026-02-05 20:14:53] INFO {'epoch': 106, 'toy_5_ndcg@20': tensor(0.0439), 'toy_5_recall@20': tensor(0.0920), 'ndcg@20': tensor(0.0439), 'recall@20': tensor(0.0920), 'train_loss_0': tensor(0.3677, device='cuda:0')}
[2026-02-05 20:14:53] INFO training_time: 1172.714995622635
[2026-02-05 20:14:53] INFO inference_time: 83.1081850528717
[2026-02-05 20:15:03] INFO {'epoch': 107, 'toy_5_ndcg@20': tensor(0.0438), 'toy_5_recall@20': tensor(0.0927), 'ndcg@20': tensor(0.0438), 'recall@20': tensor(0.0927), 'train_loss_0': tensor(0.3653, device='cuda:0')}
[2026-02-05 20:15:03] INFO training_time: 1182.741705417633
[2026-02-05 20:15:03] INFO inference_time: 83.81317615509033
[2026-02-05 20:15:14] INFO {'epoch': 108, 'toy_5_ndcg@20': tensor(0.0439), 'toy_5_recall@20': tensor(0.0933), 'ndcg@20': tensor(0.0439), 'recall@20': tensor(0.0933), 'train_loss_0': tensor(0.3698, device='cuda:0')}
[2026-02-05 20:15:14] INFO training_time: 1192.989619255066
[2026-02-05 20:15:14] INFO inference_time: 84.43486595153809
[2026-02-05 20:15:25] INFO {'epoch': 109, 'toy_5_ndcg@20': tensor(0.0442), 'toy_5_recall@20': tensor(0.0933), 'ndcg@20': tensor(0.0442), 'recall@20': tensor(0.0933), 'train_loss_0': tensor(0.3673, device='cuda:0')}
[2026-02-05 20:15:25] INFO training_time: 1203.1142179965973
[2026-02-05 20:15:25] INFO inference_time: 85.27382898330688
[2026-02-05 20:15:36] INFO {'epoch': 110, 'toy_5_ndcg@20': tensor(0.0453), 'toy_5_recall@20': tensor(0.0956), 'ndcg@20': tensor(0.0453), 'recall@20': tensor(0.0956), 'train_loss_0': tensor(0.3677, device='cuda:0')}
[2026-02-05 20:15:36] INFO training_time: 1213.2136161327362
[2026-02-05 20:15:36] INFO inference_time: 86.36768579483032
[2026-02-05 20:15:36] INFO ndcg@20 improved. Best value: 0.0453
[2026-02-05 20:15:36] INFO Best model checkpoint saved in saved/SASRec/noisy_5/2026-02-05-19-53-51-171681.ckpt.
[2026-02-05 20:15:47] INFO {'epoch': 111, 'toy_5_ndcg@20': tensor(0.0449), 'toy_5_recall@20': tensor(0.0946), 'ndcg@20': tensor(0.0449), 'recall@20': tensor(0.0946), 'train_loss_0': tensor(0.3653, device='cuda:0')}
[2026-02-05 20:15:47] INFO training_time: 1223.2817220687866
[2026-02-05 20:15:47] INFO inference_time: 87.06559753417969
[2026-02-05 20:15:58] INFO {'epoch': 112, 'toy_5_ndcg@20': tensor(0.0438), 'toy_5_recall@20': tensor(0.0935), 'ndcg@20': tensor(0.0438), 'recall@20': tensor(0.0935), 'train_loss_0': tensor(0.3684, device='cuda:0')}
[2026-02-05 20:15:58] INFO training_time: 1233.48908162117
[2026-02-05 20:15:58] INFO inference_time: 87.84447979927063
[2026-02-05 20:16:09] INFO {'epoch': 113, 'toy_5_ndcg@20': tensor(0.0440), 'toy_5_recall@20': tensor(0.0926), 'ndcg@20': tensor(0.0440), 'recall@20': tensor(0.0926), 'train_loss_0': tensor(0.3642, device='cuda:0')}
[2026-02-05 20:16:09] INFO training_time: 1243.51221036911
[2026-02-05 20:16:09] INFO inference_time: 88.54619288444519
[2026-02-05 20:16:20] INFO {'epoch': 114, 'toy_5_ndcg@20': tensor(0.0440), 'toy_5_recall@20': tensor(0.0924), 'ndcg@20': tensor(0.0440), 'recall@20': tensor(0.0924), 'train_loss_0': tensor(0.3662, device='cuda:0')}
[2026-02-05 20:16:20] INFO training_time: 1253.6916029453278
[2026-02-05 20:16:20] INFO inference_time: 89.24712347984314
[2026-02-05 20:16:31] INFO {'epoch': 115, 'toy_5_ndcg@20': tensor(0.0443), 'toy_5_recall@20': tensor(0.0932), 'ndcg@20': tensor(0.0443), 'recall@20': tensor(0.0932), 'train_loss_0': tensor(0.3629, device='cuda:0')}
[2026-02-05 20:16:31] INFO training_time: 1263.7385687828064
[2026-02-05 20:16:31] INFO inference_time: 90.10605955123901
[2026-02-05 20:16:41] INFO {'epoch': 116, 'toy_5_ndcg@20': tensor(0.0442), 'toy_5_recall@20': tensor(0.0922), 'ndcg@20': tensor(0.0442), 'recall@20': tensor(0.0922), 'train_loss_0': tensor(0.3646, device='cuda:0')}
[2026-02-05 20:16:41] INFO training_time: 1273.7534575462341
[2026-02-05 20:16:41] INFO inference_time: 90.7013487815857
[2026-02-05 20:16:52] INFO {'epoch': 117, 'toy_5_ndcg@20': tensor(0.0440), 'toy_5_recall@20': tensor(0.0926), 'ndcg@20': tensor(0.0440), 'recall@20': tensor(0.0926), 'train_loss_0': tensor(0.3662, device='cuda:0')}
[2026-02-05 20:16:52] INFO training_time: 1283.929045677185
[2026-02-05 20:16:52] INFO inference_time: 91.38362431526184
[2026-02-05 20:17:03] INFO {'epoch': 118, 'toy_5_ndcg@20': tensor(0.0440), 'toy_5_recall@20': tensor(0.0928), 'ndcg@20': tensor(0.0440), 'recall@20': tensor(0.0928), 'train_loss_0': tensor(0.3599, device='cuda:0')}
[2026-02-05 20:17:03] INFO training_time: 1294.0182271003723
[2026-02-05 20:17:03] INFO inference_time: 92.18868684768677
[2026-02-05 20:17:14] INFO {'epoch': 119, 'toy_5_ndcg@20': tensor(0.0447), 'toy_5_recall@20': tensor(0.0942), 'ndcg@20': tensor(0.0447), 'recall@20': tensor(0.0942), 'train_loss_0': tensor(0.3637, device='cuda:0')}
[2026-02-05 20:17:14] INFO training_time: 1304.154965877533
[2026-02-05 20:17:14] INFO inference_time: 92.94870805740356
[2026-02-05 20:17:25] INFO {'epoch': 120, 'toy_5_ndcg@20': tensor(0.0445), 'toy_5_recall@20': tensor(0.0929), 'ndcg@20': tensor(0.0445), 'recall@20': tensor(0.0929), 'train_loss_0': tensor(0.3663, device='cuda:0')}
[2026-02-05 20:17:25] INFO training_time: 1314.2179553508759
[2026-02-05 20:17:25] INFO inference_time: 94.02150797843933
[2026-02-05 20:17:36] INFO {'epoch': 121, 'toy_5_ndcg@20': tensor(0.0449), 'toy_5_recall@20': tensor(0.0945), 'ndcg@20': tensor(0.0449), 'recall@20': tensor(0.0945), 'train_loss_0': tensor(0.3659, device='cuda:0')}
[2026-02-05 20:17:36] INFO training_time: 1324.2295467853546
[2026-02-05 20:17:36] INFO inference_time: 94.74665474891663
[2026-02-05 20:17:46] INFO {'epoch': 122, 'toy_5_ndcg@20': tensor(0.0448), 'toy_5_recall@20': tensor(0.0943), 'ndcg@20': tensor(0.0448), 'recall@20': tensor(0.0943), 'train_loss_0': tensor(0.3641, device='cuda:0')}
[2026-02-05 20:17:46] INFO training_time: 1334.2713906764984
[2026-02-05 20:17:47] INFO inference_time: 95.32751488685608
[2026-02-05 20:17:57] INFO {'epoch': 123, 'toy_5_ndcg@20': tensor(0.0447), 'toy_5_recall@20': tensor(0.0949), 'ndcg@20': tensor(0.0447), 'recall@20': tensor(0.0949), 'train_loss_0': tensor(0.3597, device='cuda:0')}
[2026-02-05 20:17:57] INFO training_time: 1344.3622035980225
[2026-02-05 20:17:57] INFO inference_time: 95.96081638336182
[2026-02-05 20:18:08] INFO {'epoch': 124, 'toy_5_ndcg@20': tensor(0.0445), 'toy_5_recall@20': tensor(0.0946), 'ndcg@20': tensor(0.0445), 'recall@20': tensor(0.0946), 'train_loss_0': tensor(0.3583, device='cuda:0')}
[2026-02-05 20:18:08] INFO training_time: 1354.4068052768707
[2026-02-05 20:18:08] INFO inference_time: 96.66864776611328
[2026-02-05 20:18:19] INFO {'epoch': 125, 'toy_5_ndcg@20': tensor(0.0447), 'toy_5_recall@20': tensor(0.0939), 'ndcg@20': tensor(0.0447), 'recall@20': tensor(0.0939), 'train_loss_0': tensor(0.3615, device='cuda:0')}
[2026-02-05 20:18:19] INFO training_time: 1364.476188659668
[2026-02-05 20:18:19] INFO inference_time: 97.5068531036377
[2026-02-05 20:18:30] INFO {'epoch': 126, 'toy_5_ndcg@20': tensor(0.0444), 'toy_5_recall@20': tensor(0.0943), 'ndcg@20': tensor(0.0444), 'recall@20': tensor(0.0943), 'train_loss_0': tensor(0.3614, device='cuda:0')}
[2026-02-05 20:18:30] INFO training_time: 1374.621604681015
[2026-02-05 20:18:30] INFO inference_time: 98.27686333656311
[2026-02-05 20:18:41] INFO {'epoch': 127, 'toy_5_ndcg@20': tensor(0.0457), 'toy_5_recall@20': tensor(0.0974), 'ndcg@20': tensor(0.0457), 'recall@20': tensor(0.0974), 'train_loss_0': tensor(0.3587, device='cuda:0')}
[2026-02-05 20:18:41] INFO training_time: 1384.7115828990936
[2026-02-05 20:18:41] INFO inference_time: 98.99179935455322
[2026-02-05 20:18:41] INFO ndcg@20 improved. Best value: 0.0457
[2026-02-05 20:18:41] INFO Best model checkpoint saved in saved/SASRec/noisy_5/2026-02-05-19-53-51-171681.ckpt.
[2026-02-05 20:18:51] INFO {'epoch': 128, 'toy_5_ndcg@20': tensor(0.0460), 'toy_5_recall@20': tensor(0.0969), 'ndcg@20': tensor(0.0460), 'recall@20': tensor(0.0969), 'train_loss_0': tensor(0.3593, device='cuda:0')}
[2026-02-05 20:18:51] INFO training_time: 1394.6767363548279
[2026-02-05 20:18:51] INFO inference_time: 99.70401549339294
[2026-02-05 20:18:51] INFO ndcg@20 improved. Best value: 0.0460
[2026-02-05 20:18:51] INFO Best model checkpoint saved in saved/SASRec/noisy_5/2026-02-05-19-53-51-171681.ckpt.
[2026-02-05 20:19:02] INFO {'epoch': 129, 'toy_5_ndcg@20': tensor(0.0454), 'toy_5_recall@20': tensor(0.0953), 'ndcg@20': tensor(0.0454), 'recall@20': tensor(0.0953), 'train_loss_0': tensor(0.3591, device='cuda:0')}
[2026-02-05 20:19:02] INFO training_time: 1404.7804231643677
[2026-02-05 20:19:02] INFO inference_time: 100.28881931304932
[2026-02-05 20:19:13] INFO {'epoch': 130, 'toy_5_ndcg@20': tensor(0.0453), 'toy_5_recall@20': tensor(0.0957), 'ndcg@20': tensor(0.0453), 'recall@20': tensor(0.0957), 'train_loss_0': tensor(0.3633, device='cuda:0')}
[2026-02-05 20:19:13] INFO training_time: 1414.9021220207214
[2026-02-05 20:19:13] INFO inference_time: 101.32478976249695
[2026-02-05 20:19:24] INFO {'epoch': 131, 'toy_5_ndcg@20': tensor(0.0451), 'toy_5_recall@20': tensor(0.0948), 'ndcg@20': tensor(0.0451), 'recall@20': tensor(0.0948), 'train_loss_0': tensor(0.3555, device='cuda:0')}
[2026-02-05 20:19:24] INFO training_time: 1425.0307235717773
[2026-02-05 20:19:24] INFO inference_time: 102.13398551940918
[2026-02-05 20:19:35] INFO {'epoch': 132, 'toy_5_ndcg@20': tensor(0.0447), 'toy_5_recall@20': tensor(0.0950), 'ndcg@20': tensor(0.0447), 'recall@20': tensor(0.0950), 'train_loss_0': tensor(0.3611, device='cuda:0')}
[2026-02-05 20:19:35] INFO training_time: 1435.1129567623138
[2026-02-05 20:19:35] INFO inference_time: 102.92631006240845
[2026-02-05 20:19:46] INFO {'epoch': 133, 'toy_5_ndcg@20': tensor(0.0454), 'toy_5_recall@20': tensor(0.0954), 'ndcg@20': tensor(0.0454), 'recall@20': tensor(0.0954), 'train_loss_0': tensor(0.3577, device='cuda:0')}
[2026-02-05 20:19:46] INFO training_time: 1445.2699711322784
[2026-02-05 20:19:46] INFO inference_time: 103.59657192230225
[2026-02-05 20:19:57] INFO {'epoch': 134, 'toy_5_ndcg@20': tensor(0.0456), 'toy_5_recall@20': tensor(0.0956), 'ndcg@20': tensor(0.0456), 'recall@20': tensor(0.0956), 'train_loss_0': tensor(0.3549, device='cuda:0')}
[2026-02-05 20:19:57] INFO training_time: 1455.5413401126862
[2026-02-05 20:19:57] INFO inference_time: 104.27359747886658
[2026-02-05 20:20:08] INFO {'epoch': 135, 'toy_5_ndcg@20': tensor(0.0458), 'toy_5_recall@20': tensor(0.0959), 'ndcg@20': tensor(0.0458), 'recall@20': tensor(0.0959), 'train_loss_0': tensor(0.3552, device='cuda:0')}
[2026-02-05 20:20:08] INFO training_time: 1465.6990983486176
[2026-02-05 20:20:08] INFO inference_time: 104.98580884933472
[2026-02-05 20:20:19] INFO {'epoch': 136, 'toy_5_ndcg@20': tensor(0.0456), 'toy_5_recall@20': tensor(0.0965), 'ndcg@20': tensor(0.0456), 'recall@20': tensor(0.0965), 'train_loss_0': tensor(0.3586, device='cuda:0')}
[2026-02-05 20:20:19] INFO training_time: 1475.8067948818207
[2026-02-05 20:20:19] INFO inference_time: 105.74403929710388
[2026-02-05 20:20:30] INFO {'epoch': 137, 'toy_5_ndcg@20': tensor(0.0457), 'toy_5_recall@20': tensor(0.0959), 'ndcg@20': tensor(0.0457), 'recall@20': tensor(0.0959), 'train_loss_0': tensor(0.3608, device='cuda:0')}
[2026-02-05 20:20:30] INFO training_time: 1486.042042016983
[2026-02-05 20:20:30] INFO inference_time: 106.6028983592987
[2026-02-05 20:20:41] INFO {'epoch': 138, 'toy_5_ndcg@20': tensor(0.0451), 'toy_5_recall@20': tensor(0.0957), 'ndcg@20': tensor(0.0451), 'recall@20': tensor(0.0957), 'train_loss_0': tensor(0.3549, device='cuda:0')}
[2026-02-05 20:20:41] INFO training_time: 1496.2813935279846
[2026-02-05 20:20:41] INFO inference_time: 107.33747816085815
[2026-02-05 20:20:51] INFO {'epoch': 139, 'toy_5_ndcg@20': tensor(0.0454), 'toy_5_recall@20': tensor(0.0962), 'ndcg@20': tensor(0.0454), 'recall@20': tensor(0.0962), 'train_loss_0': tensor(0.3596, device='cuda:0')}
[2026-02-05 20:20:51] INFO training_time: 1506.3605999946594
[2026-02-05 20:20:51] INFO inference_time: 107.95005941390991
[2026-02-05 20:21:03] INFO {'epoch': 140, 'toy_5_ndcg@20': tensor(0.0451), 'toy_5_recall@20': tensor(0.0953), 'ndcg@20': tensor(0.0451), 'recall@20': tensor(0.0953), 'train_loss_0': tensor(0.3563, device='cuda:0')}
[2026-02-05 20:21:03] INFO training_time: 1516.5745990276337
[2026-02-05 20:21:03] INFO inference_time: 108.88779854774475
[2026-02-05 20:21:13] INFO {'epoch': 141, 'toy_5_ndcg@20': tensor(0.0453), 'toy_5_recall@20': tensor(0.0953), 'ndcg@20': tensor(0.0453), 'recall@20': tensor(0.0953), 'train_loss_0': tensor(0.3539, device='cuda:0')}
[2026-02-05 20:21:13] INFO training_time: 1526.6473689079285
[2026-02-05 20:21:13] INFO inference_time: 109.63271141052246
[2026-02-05 20:21:24] INFO {'epoch': 142, 'toy_5_ndcg@20': tensor(0.0451), 'toy_5_recall@20': tensor(0.0943), 'ndcg@20': tensor(0.0451), 'recall@20': tensor(0.0943), 'train_loss_0': tensor(0.3567, device='cuda:0')}
[2026-02-05 20:21:24] INFO training_time: 1536.8292384147644
[2026-02-05 20:21:24] INFO inference_time: 110.38989114761353
[2026-02-05 20:21:35] INFO {'epoch': 143, 'toy_5_ndcg@20': tensor(0.0444), 'toy_5_recall@20': tensor(0.0932), 'ndcg@20': tensor(0.0444), 'recall@20': tensor(0.0932), 'train_loss_0': tensor(0.3560, device='cuda:0')}
[2026-02-05 20:21:35] INFO training_time: 1547.1244459152222
[2026-02-05 20:21:35] INFO inference_time: 111.14174461364746
[2026-02-05 20:21:46] INFO {'epoch': 144, 'toy_5_ndcg@20': tensor(0.0447), 'toy_5_recall@20': tensor(0.0941), 'ndcg@20': tensor(0.0447), 'recall@20': tensor(0.0941), 'train_loss_0': tensor(0.3527, device='cuda:0')}
[2026-02-05 20:21:46] INFO training_time: 1557.3465654850006
[2026-02-05 20:21:46] INFO inference_time: 111.81066179275513
[2026-02-05 20:21:57] INFO {'epoch': 145, 'toy_5_ndcg@20': tensor(0.0458), 'toy_5_recall@20': tensor(0.0954), 'ndcg@20': tensor(0.0458), 'recall@20': tensor(0.0954), 'train_loss_0': tensor(0.3592, device='cuda:0')}
[2026-02-05 20:21:57] INFO training_time: 1567.6706583499908
[2026-02-05 20:21:57] INFO inference_time: 112.49476647377014
[2026-02-05 20:22:08] INFO {'epoch': 146, 'toy_5_ndcg@20': tensor(0.0452), 'toy_5_recall@20': tensor(0.0959), 'ndcg@20': tensor(0.0452), 'recall@20': tensor(0.0959), 'train_loss_0': tensor(0.3497, device='cuda:0')}
[2026-02-05 20:22:08] INFO training_time: 1578.0445566177368
[2026-02-05 20:22:08] INFO inference_time: 113.21041321754456
[2026-02-05 20:22:19] INFO {'epoch': 147, 'toy_5_ndcg@20': tensor(0.0446), 'toy_5_recall@20': tensor(0.0946), 'ndcg@20': tensor(0.0446), 'recall@20': tensor(0.0946), 'train_loss_0': tensor(0.3487, device='cuda:0')}
[2026-02-05 20:22:19] INFO training_time: 1588.1856396198273
[2026-02-05 20:22:19] INFO inference_time: 113.93699526786804
[2026-02-05 20:22:30] INFO {'epoch': 148, 'toy_5_ndcg@20': tensor(0.0454), 'toy_5_recall@20': tensor(0.0966), 'ndcg@20': tensor(0.0454), 'recall@20': tensor(0.0966), 'train_loss_0': tensor(0.3500, device='cuda:0')}
[2026-02-05 20:22:30] INFO training_time: 1598.4503259658813
[2026-02-05 20:22:30] INFO inference_time: 114.65889167785645
[2026-02-05 20:22:30] INFO Early stopped. Since the metric ndcg@20 haven't been improved for 20 epochs.
[2026-02-05 20:22:30] INFO The best score of ndcg@20 is 0.0460 on epoch 128
[2026-02-05 20:22:30] INFO Best model checkpoint saved in saved/SASRec/noisy_5/2026-02-05-19-53-51-171681.ckpt.
[2026-02-05 20:22:31] INFO defaultdict(<class 'float'>, {'toy_5_ndcg@20': tensor(0.0377), 'toy_5_recall@20': tensor(0.0804), 'toy_5_ndcg@10': tensor(0.0321), 'toy_5_recall@10': tensor(0.0582), 'ndcg@20': tensor(0.0377), 'recall@20': tensor(0.0804), 'ndcg@10': tensor(0.0321), 'recall@10': tensor(0.0582)})
