[2026-01-21 12:07:30] INFO PID of this process: 3717987
[2026-01-21 12:07:35] INFO {'model': {'embed_dim': 64, 'loss_fn': 'bce', 'hidden_size': 128, 'layer_num': 2, 'head_num': 2, 'dropout_rate': 0.5, 'activation': 'gelu', 'layer_norm_eps': 1e-12, 'model': 'SASRec'}, 'data': {'domain_name_list': ['toy_5'], 'user_threshold': 5, 'item_threshold': 5, 'max_seq_len': 50, 'dataset_class': 'general', 'train_file': '_regen', 'dataset': 'noisy_5'}, 'train': {'batch_size': 256, 'early_stop_mode': 'max', 'early_stop_patience': 20, 'epochs': 1000, 'device': 'cuda', 'optimizer': 'adam', 'learning_rate': 0.001, 'weight_decay': 0, 'num_neg': 1, 'seed': 2024}, 'eval': {'batch_size': 2048, 'cutoff': [20, 10], 'val_metrics': ['ndcg', 'recall'], 'test_metrics': ['ndcg', 'recall'], 'topk': 100, 'save_path': './saved/'}}
[2026-01-21 12:07:35] INFO <data.dataset.SeparateDataset object at 0x7f7e8a9ec1f0>
[2026-01-21 12:07:35] INFO save_dir:saved
[2026-01-21 12:07:35] INFO SASRec(
  (item_embedding): Embedding(11925, 64, padding_idx=0)
  (query_encoder): SASRecQueryEncoder(
    (item_encoder): Embedding(11925, 64, padding_idx=0)
    (position_emb): Embedding(50, 64)
    (transformer_layer): TransformerEncoder(
      (layers): ModuleList(
        (0): TransformerEncoderLayer(
          (self_attn): MultiheadAttention(
            (out_proj): NonDynamicallyQuantizableLinear(in_features=64, out_features=64, bias=True)
          )
          (linear1): Linear(in_features=64, out_features=128, bias=True)
          (dropout): Dropout(p=0.5, inplace=False)
          (linear2): Linear(in_features=128, out_features=64, bias=True)
          (norm1): LayerNorm((64,), eps=1e-12, elementwise_affine=True)
          (norm2): LayerNorm((64,), eps=1e-12, elementwise_affine=True)
          (dropout1): Dropout(p=0.5, inplace=False)
          (dropout2): Dropout(p=0.5, inplace=False)
        )
        (1): TransformerEncoderLayer(
          (self_attn): MultiheadAttention(
            (out_proj): NonDynamicallyQuantizableLinear(in_features=64, out_features=64, bias=True)
          )
          (linear1): Linear(in_features=64, out_features=128, bias=True)
          (dropout): Dropout(p=0.5, inplace=False)
          (linear2): Linear(in_features=128, out_features=64, bias=True)
          (norm1): LayerNorm((64,), eps=1e-12, elementwise_affine=True)
          (norm2): LayerNorm((64,), eps=1e-12, elementwise_affine=True)
          (dropout1): Dropout(p=0.5, inplace=False)
          (dropout2): Dropout(p=0.5, inplace=False)
        )
      )
    )
    (dropout): Dropout(p=0.5, inplace=False)
    (training_pooling_layer): SeqPoolingLayer()
    (eval_pooling_layer): SeqPoolingLayer()
  )
  (loss_fn): BinaryCrossEntropyLoss()
)
[2026-01-21 12:07:49] INFO {'epoch': 0, 'toy_5_ndcg@20': tensor(0.0082), 'toy_5_recall@20': tensor(0.0206), 'ndcg@20': tensor(0.0082), 'recall@20': tensor(0.0206), 'train_loss_0': tensor(1.2528, device='cuda:0')}
[2026-01-21 12:07:49] INFO training_time: 13.968214511871338
[2026-01-21 12:07:49] INFO inference_time: 0.6595714092254639
[2026-01-21 12:07:49] INFO ndcg@20 improved. Best value: 0.0082
[2026-01-21 12:07:49] INFO Best model checkpoint saved in saved/SASRec/noisy_5/2026-01-21-12-07-30-305243.ckpt.
[2026-01-21 12:08:03] INFO {'epoch': 1, 'toy_5_ndcg@20': tensor(0.0157), 'toy_5_recall@20': tensor(0.0337), 'ndcg@20': tensor(0.0157), 'recall@20': tensor(0.0337), 'train_loss_0': tensor(1.0883, device='cuda:0')}
[2026-01-21 12:08:03] INFO training_time: 26.64860987663269
[2026-01-21 12:08:03] INFO inference_time: 1.1818745136260986
[2026-01-21 12:08:03] INFO ndcg@20 improved. Best value: 0.0157
[2026-01-21 12:08:03] INFO Best model checkpoint saved in saved/SASRec/noisy_5/2026-01-21-12-07-30-305243.ckpt.
[2026-01-21 12:08:16] INFO {'epoch': 2, 'toy_5_ndcg@20': tensor(0.0242), 'toy_5_recall@20': tensor(0.0517), 'ndcg@20': tensor(0.0242), 'recall@20': tensor(0.0517), 'train_loss_0': tensor(0.9563, device='cuda:0')}
[2026-01-21 12:08:16] INFO training_time: 39.524051666259766
[2026-01-21 12:08:16] INFO inference_time: 1.6897757053375244
[2026-01-21 12:08:16] INFO ndcg@20 improved. Best value: 0.0242
[2026-01-21 12:08:16] INFO Best model checkpoint saved in saved/SASRec/noisy_5/2026-01-21-12-07-30-305243.ckpt.
[2026-01-21 12:08:29] INFO {'epoch': 3, 'toy_5_ndcg@20': tensor(0.0303), 'toy_5_recall@20': tensor(0.0634), 'ndcg@20': tensor(0.0303), 'recall@20': tensor(0.0634), 'train_loss_0': tensor(0.8432, device='cuda:0')}
[2026-01-21 12:08:29] INFO training_time: 52.30555510520935
[2026-01-21 12:08:29] INFO inference_time: 2.124936103820801
[2026-01-21 12:08:29] INFO ndcg@20 improved. Best value: 0.0303
[2026-01-21 12:08:29] INFO Best model checkpoint saved in saved/SASRec/noisy_5/2026-01-21-12-07-30-305243.ckpt.
[2026-01-21 12:08:43] INFO {'epoch': 4, 'toy_5_ndcg@20': tensor(0.0334), 'toy_5_recall@20': tensor(0.0696), 'ndcg@20': tensor(0.0334), 'recall@20': tensor(0.0696), 'train_loss_0': tensor(0.7572, device='cuda:0')}
[2026-01-21 12:08:43] INFO training_time: 65.20912384986877
[2026-01-21 12:08:43] INFO inference_time: 2.601332664489746
[2026-01-21 12:08:43] INFO ndcg@20 improved. Best value: 0.0334
[2026-01-21 12:08:43] INFO Best model checkpoint saved in saved/SASRec/noisy_5/2026-01-21-12-07-30-305243.ckpt.
[2026-01-21 12:08:56] INFO {'epoch': 5, 'toy_5_ndcg@20': tensor(0.0346), 'toy_5_recall@20': tensor(0.0732), 'ndcg@20': tensor(0.0346), 'recall@20': tensor(0.0732), 'train_loss_0': tensor(0.6902, device='cuda:0')}
[2026-01-21 12:08:56] INFO training_time: 77.94564819335938
[2026-01-21 12:08:56] INFO inference_time: 3.106865644454956
[2026-01-21 12:08:56] INFO ndcg@20 improved. Best value: 0.0346
[2026-01-21 12:08:56] INFO Best model checkpoint saved in saved/SASRec/noisy_5/2026-01-21-12-07-30-305243.ckpt.
[2026-01-21 12:09:09] INFO {'epoch': 6, 'toy_5_ndcg@20': tensor(0.0369), 'toy_5_recall@20': tensor(0.0778), 'ndcg@20': tensor(0.0369), 'recall@20': tensor(0.0778), 'train_loss_0': tensor(0.6391, device='cuda:0')}
[2026-01-21 12:09:09] INFO training_time: 90.74392914772034
[2026-01-21 12:09:09] INFO inference_time: 3.633023977279663
[2026-01-21 12:09:09] INFO ndcg@20 improved. Best value: 0.0369
[2026-01-21 12:09:09] INFO Best model checkpoint saved in saved/SASRec/noisy_5/2026-01-21-12-07-30-305243.ckpt.
[2026-01-21 12:09:23] INFO {'epoch': 7, 'toy_5_ndcg@20': tensor(0.0370), 'toy_5_recall@20': tensor(0.0777), 'ndcg@20': tensor(0.0370), 'recall@20': tensor(0.0777), 'train_loss_0': tensor(0.6014, device='cuda:0')}
[2026-01-21 12:09:23] INFO training_time: 103.5786304473877
[2026-01-21 12:09:23] INFO inference_time: 4.130241632461548
[2026-01-21 12:09:23] INFO ndcg@20 improved. Best value: 0.0370
[2026-01-21 12:09:23] INFO Best model checkpoint saved in saved/SASRec/noisy_5/2026-01-21-12-07-30-305243.ckpt.
[2026-01-21 12:09:36] INFO {'epoch': 8, 'toy_5_ndcg@20': tensor(0.0378), 'toy_5_recall@20': tensor(0.0802), 'ndcg@20': tensor(0.0378), 'recall@20': tensor(0.0802), 'train_loss_0': tensor(0.5717, device='cuda:0')}
[2026-01-21 12:09:36] INFO training_time: 116.44619703292847
[2026-01-21 12:09:36] INFO inference_time: 4.568059682846069
[2026-01-21 12:09:36] INFO ndcg@20 improved. Best value: 0.0378
[2026-01-21 12:09:36] INFO Best model checkpoint saved in saved/SASRec/noisy_5/2026-01-21-12-07-30-305243.ckpt.
[2026-01-21 12:09:49] INFO {'epoch': 9, 'toy_5_ndcg@20': tensor(0.0383), 'toy_5_recall@20': tensor(0.0816), 'ndcg@20': tensor(0.0383), 'recall@20': tensor(0.0816), 'train_loss_0': tensor(0.5485, device='cuda:0')}
[2026-01-21 12:09:49] INFO training_time: 129.29315972328186
[2026-01-21 12:09:49] INFO inference_time: 5.007253646850586
[2026-01-21 12:09:49] INFO ndcg@20 improved. Best value: 0.0383
[2026-01-21 12:09:49] INFO Best model checkpoint saved in saved/SASRec/noisy_5/2026-01-21-12-07-30-305243.ckpt.
[2026-01-21 12:10:03] INFO {'epoch': 10, 'toy_5_ndcg@20': tensor(0.0397), 'toy_5_recall@20': tensor(0.0853), 'ndcg@20': tensor(0.0397), 'recall@20': tensor(0.0853), 'train_loss_0': tensor(0.5308, device='cuda:0')}
[2026-01-21 12:10:03] INFO training_time: 142.2119562625885
[2026-01-21 12:10:03] INFO inference_time: 5.647489547729492
[2026-01-21 12:10:03] INFO ndcg@20 improved. Best value: 0.0397
[2026-01-21 12:10:03] INFO Best model checkpoint saved in saved/SASRec/noisy_5/2026-01-21-12-07-30-305243.ckpt.
[2026-01-21 12:10:16] INFO {'epoch': 11, 'toy_5_ndcg@20': tensor(0.0396), 'toy_5_recall@20': tensor(0.0831), 'ndcg@20': tensor(0.0396), 'recall@20': tensor(0.0831), 'train_loss_0': tensor(0.5138, device='cuda:0')}
[2026-01-21 12:10:16] INFO training_time: 155.06931042671204
[2026-01-21 12:10:16] INFO inference_time: 6.081244945526123
[2026-01-21 12:10:29] INFO {'epoch': 12, 'toy_5_ndcg@20': tensor(0.0402), 'toy_5_recall@20': tensor(0.0841), 'ndcg@20': tensor(0.0402), 'recall@20': tensor(0.0841), 'train_loss_0': tensor(0.4997, device='cuda:0')}
[2026-01-21 12:10:29] INFO training_time: 167.9055049419403
[2026-01-21 12:10:29] INFO inference_time: 6.51972508430481
[2026-01-21 12:10:29] INFO ndcg@20 improved. Best value: 0.0402
[2026-01-21 12:10:29] INFO Best model checkpoint saved in saved/SASRec/noisy_5/2026-01-21-12-07-30-305243.ckpt.
[2026-01-21 12:10:43] INFO {'epoch': 13, 'toy_5_ndcg@20': tensor(0.0389), 'toy_5_recall@20': tensor(0.0839), 'ndcg@20': tensor(0.0389), 'recall@20': tensor(0.0839), 'train_loss_0': tensor(0.4938, device='cuda:0')}
[2026-01-21 12:10:43] INFO training_time: 180.73199939727783
[2026-01-21 12:10:43] INFO inference_time: 7.0273613929748535
[2026-01-21 12:10:56] INFO {'epoch': 14, 'toy_5_ndcg@20': tensor(0.0404), 'toy_5_recall@20': tensor(0.0838), 'ndcg@20': tensor(0.0404), 'recall@20': tensor(0.0838), 'train_loss_0': tensor(0.4839, device='cuda:0')}
[2026-01-21 12:10:56] INFO training_time: 193.43982434272766
[2026-01-21 12:10:56] INFO inference_time: 7.467409610748291
[2026-01-21 12:10:56] INFO ndcg@20 improved. Best value: 0.0404
[2026-01-21 12:10:56] INFO Best model checkpoint saved in saved/SASRec/noisy_5/2026-01-21-12-07-30-305243.ckpt.
[2026-01-21 12:11:09] INFO {'epoch': 15, 'toy_5_ndcg@20': tensor(0.0411), 'toy_5_recall@20': tensor(0.0863), 'ndcg@20': tensor(0.0411), 'recall@20': tensor(0.0863), 'train_loss_0': tensor(0.4750, device='cuda:0')}
[2026-01-21 12:11:09] INFO training_time: 206.27305459976196
[2026-01-21 12:11:09] INFO inference_time: 7.966246604919434
[2026-01-21 12:11:09] INFO ndcg@20 improved. Best value: 0.0411
[2026-01-21 12:11:09] INFO Best model checkpoint saved in saved/SASRec/noisy_5/2026-01-21-12-07-30-305243.ckpt.
[2026-01-21 12:11:23] INFO {'epoch': 16, 'toy_5_ndcg@20': tensor(0.0426), 'toy_5_recall@20': tensor(0.0880), 'ndcg@20': tensor(0.0426), 'recall@20': tensor(0.0880), 'train_loss_0': tensor(0.4698, device='cuda:0')}
[2026-01-21 12:11:23] INFO training_time: 219.1769621372223
[2026-01-21 12:11:23] INFO inference_time: 8.40122652053833
[2026-01-21 12:11:23] INFO ndcg@20 improved. Best value: 0.0426
[2026-01-21 12:11:23] INFO Best model checkpoint saved in saved/SASRec/noisy_5/2026-01-21-12-07-30-305243.ckpt.
[2026-01-21 12:11:36] INFO {'epoch': 17, 'toy_5_ndcg@20': tensor(0.0418), 'toy_5_recall@20': tensor(0.0873), 'ndcg@20': tensor(0.0418), 'recall@20': tensor(0.0873), 'train_loss_0': tensor(0.4632, device='cuda:0')}
[2026-01-21 12:11:36] INFO training_time: 232.0060453414917
[2026-01-21 12:11:36] INFO inference_time: 8.834758758544922
[2026-01-21 12:11:49] INFO {'epoch': 18, 'toy_5_ndcg@20': tensor(0.0410), 'toy_5_recall@20': tensor(0.0857), 'ndcg@20': tensor(0.0410), 'recall@20': tensor(0.0857), 'train_loss_0': tensor(0.4582, device='cuda:0')}
[2026-01-21 12:11:49] INFO training_time: 244.91771602630615
[2026-01-21 12:11:49] INFO inference_time: 9.334415674209595
[2026-01-21 12:12:03] INFO {'epoch': 19, 'toy_5_ndcg@20': tensor(0.0417), 'toy_5_recall@20': tensor(0.0871), 'ndcg@20': tensor(0.0417), 'recall@20': tensor(0.0871), 'train_loss_0': tensor(0.4527, device='cuda:0')}
[2026-01-21 12:12:03] INFO training_time: 257.7687990665436
[2026-01-21 12:12:03] INFO inference_time: 9.847427368164062
[2026-01-21 12:12:16] INFO {'epoch': 20, 'toy_5_ndcg@20': tensor(0.0419), 'toy_5_recall@20': tensor(0.0886), 'ndcg@20': tensor(0.0419), 'recall@20': tensor(0.0886), 'train_loss_0': tensor(0.4500, device='cuda:0')}
[2026-01-21 12:12:16] INFO training_time: 270.63936400413513
[2026-01-21 12:12:16] INFO inference_time: 10.435928344726562
[2026-01-21 12:12:29] INFO {'epoch': 21, 'toy_5_ndcg@20': tensor(0.0419), 'toy_5_recall@20': tensor(0.0885), 'ndcg@20': tensor(0.0419), 'recall@20': tensor(0.0885), 'train_loss_0': tensor(0.4436, device='cuda:0')}
[2026-01-21 12:12:29] INFO training_time: 283.52059864997864
[2026-01-21 12:12:29] INFO inference_time: 10.865554809570312
[2026-01-21 12:12:43] INFO {'epoch': 22, 'toy_5_ndcg@20': tensor(0.0433), 'toy_5_recall@20': tensor(0.0909), 'ndcg@20': tensor(0.0433), 'recall@20': tensor(0.0909), 'train_loss_0': tensor(0.4435, device='cuda:0')}
[2026-01-21 12:12:43] INFO training_time: 296.4906885623932
[2026-01-21 12:12:43] INFO inference_time: 11.301360607147217
[2026-01-21 12:12:43] INFO ndcg@20 improved. Best value: 0.0433
[2026-01-21 12:12:43] INFO Best model checkpoint saved in saved/SASRec/noisy_5/2026-01-21-12-07-30-305243.ckpt.
[2026-01-21 12:12:56] INFO {'epoch': 23, 'toy_5_ndcg@20': tensor(0.0433), 'toy_5_recall@20': tensor(0.0915), 'ndcg@20': tensor(0.0433), 'recall@20': tensor(0.0915), 'train_loss_0': tensor(0.4374, device='cuda:0')}
[2026-01-21 12:12:56] INFO training_time: 309.351838350296
[2026-01-21 12:12:56] INFO inference_time: 11.795765161514282
[2026-01-21 12:12:56] INFO ndcg@20 improved. Best value: 0.0433
[2026-01-21 12:12:56] INFO Best model checkpoint saved in saved/SASRec/noisy_5/2026-01-21-12-07-30-305243.ckpt.
[2026-01-21 12:13:09] INFO {'epoch': 24, 'toy_5_ndcg@20': tensor(0.0426), 'toy_5_recall@20': tensor(0.0909), 'ndcg@20': tensor(0.0426), 'recall@20': tensor(0.0909), 'train_loss_0': tensor(0.4332, device='cuda:0')}
[2026-01-21 12:13:09] INFO training_time: 322.21139788627625
[2026-01-21 12:13:09] INFO inference_time: 12.245763540267944
[2026-01-21 12:13:23] INFO {'epoch': 25, 'toy_5_ndcg@20': tensor(0.0422), 'toy_5_recall@20': tensor(0.0895), 'ndcg@20': tensor(0.0422), 'recall@20': tensor(0.0895), 'train_loss_0': tensor(0.4298, device='cuda:0')}
[2026-01-21 12:13:23] INFO training_time: 334.88066697120667
[2026-01-21 12:13:23] INFO inference_time: 12.748176097869873
[2026-01-21 12:13:36] INFO {'epoch': 26, 'toy_5_ndcg@20': tensor(0.0435), 'toy_5_recall@20': tensor(0.0908), 'ndcg@20': tensor(0.0435), 'recall@20': tensor(0.0908), 'train_loss_0': tensor(0.4291, device='cuda:0')}
[2026-01-21 12:13:36] INFO training_time: 347.6378266811371
[2026-01-21 12:13:36] INFO inference_time: 13.17876672744751
[2026-01-21 12:13:36] INFO ndcg@20 improved. Best value: 0.0435
[2026-01-21 12:13:36] INFO Best model checkpoint saved in saved/SASRec/noisy_5/2026-01-21-12-07-30-305243.ckpt.
[2026-01-21 12:13:49] INFO {'epoch': 27, 'toy_5_ndcg@20': tensor(0.0437), 'toy_5_recall@20': tensor(0.0916), 'ndcg@20': tensor(0.0437), 'recall@20': tensor(0.0916), 'train_loss_0': tensor(0.4249, device='cuda:0')}
[2026-01-21 12:13:49] INFO training_time: 360.4343042373657
[2026-01-21 12:13:49] INFO inference_time: 13.61130952835083
[2026-01-21 12:13:49] INFO ndcg@20 improved. Best value: 0.0437
[2026-01-21 12:13:49] INFO Best model checkpoint saved in saved/SASRec/noisy_5/2026-01-21-12-07-30-305243.ckpt.
[2026-01-21 12:14:02] INFO {'epoch': 28, 'toy_5_ndcg@20': tensor(0.0442), 'toy_5_recall@20': tensor(0.0917), 'ndcg@20': tensor(0.0442), 'recall@20': tensor(0.0917), 'train_loss_0': tensor(0.4210, device='cuda:0')}
[2026-01-21 12:14:02] INFO training_time: 373.28046798706055
[2026-01-21 12:14:02] INFO inference_time: 14.101790428161621
[2026-01-21 12:14:02] INFO ndcg@20 improved. Best value: 0.0442
[2026-01-21 12:14:02] INFO Best model checkpoint saved in saved/SASRec/noisy_5/2026-01-21-12-07-30-305243.ckpt.
[2026-01-21 12:14:16] INFO {'epoch': 29, 'toy_5_ndcg@20': tensor(0.0443), 'toy_5_recall@20': tensor(0.0920), 'ndcg@20': tensor(0.0443), 'recall@20': tensor(0.0920), 'train_loss_0': tensor(0.4177, device='cuda:0')}
[2026-01-21 12:14:16] INFO training_time: 386.0317430496216
[2026-01-21 12:14:16] INFO inference_time: 14.613573551177979
[2026-01-21 12:14:16] INFO ndcg@20 improved. Best value: 0.0443
[2026-01-21 12:14:16] INFO Best model checkpoint saved in saved/SASRec/noisy_5/2026-01-21-12-07-30-305243.ckpt.
[2026-01-21 12:14:29] INFO {'epoch': 30, 'toy_5_ndcg@20': tensor(0.0442), 'toy_5_recall@20': tensor(0.0913), 'ndcg@20': tensor(0.0442), 'recall@20': tensor(0.0913), 'train_loss_0': tensor(0.4159, device='cuda:0')}
[2026-01-21 12:14:29] INFO training_time: 398.8307020664215
[2026-01-21 12:14:29] INFO inference_time: 15.298182487487793
[2026-01-21 12:14:43] INFO {'epoch': 31, 'toy_5_ndcg@20': tensor(0.0450), 'toy_5_recall@20': tensor(0.0933), 'ndcg@20': tensor(0.0450), 'recall@20': tensor(0.0933), 'train_loss_0': tensor(0.4166, device='cuda:0')}
[2026-01-21 12:14:43] INFO training_time: 411.66244411468506
[2026-01-21 12:14:43] INFO inference_time: 15.815560817718506
[2026-01-21 12:14:43] INFO ndcg@20 improved. Best value: 0.0450
[2026-01-21 12:14:43] INFO Best model checkpoint saved in saved/SASRec/noisy_5/2026-01-21-12-07-30-305243.ckpt.
[2026-01-21 12:14:56] INFO {'epoch': 32, 'toy_5_ndcg@20': tensor(0.0451), 'toy_5_recall@20': tensor(0.0931), 'ndcg@20': tensor(0.0451), 'recall@20': tensor(0.0931), 'train_loss_0': tensor(0.4120, device='cuda:0')}
[2026-01-21 12:14:56] INFO training_time: 424.52919006347656
[2026-01-21 12:14:56] INFO inference_time: 16.35213851928711
[2026-01-21 12:14:56] INFO ndcg@20 improved. Best value: 0.0451
[2026-01-21 12:14:56] INFO Best model checkpoint saved in saved/SASRec/noisy_5/2026-01-21-12-07-30-305243.ckpt.
[2026-01-21 12:15:09] INFO {'epoch': 33, 'toy_5_ndcg@20': tensor(0.0444), 'toy_5_recall@20': tensor(0.0937), 'ndcg@20': tensor(0.0444), 'recall@20': tensor(0.0937), 'train_loss_0': tensor(0.4103, device='cuda:0')}
[2026-01-21 12:15:09] INFO training_time: 437.408011674881
[2026-01-21 12:15:09] INFO inference_time: 16.82552433013916
[2026-01-21 12:15:23] INFO {'epoch': 34, 'toy_5_ndcg@20': tensor(0.0453), 'toy_5_recall@20': tensor(0.0938), 'ndcg@20': tensor(0.0453), 'recall@20': tensor(0.0938), 'train_loss_0': tensor(0.4085, device='cuda:0')}
[2026-01-21 12:15:23] INFO training_time: 450.2546284198761
[2026-01-21 12:15:23] INFO inference_time: 17.25680637359619
[2026-01-21 12:15:23] INFO ndcg@20 improved. Best value: 0.0453
[2026-01-21 12:15:23] INFO Best model checkpoint saved in saved/SASRec/noisy_5/2026-01-21-12-07-30-305243.ckpt.
[2026-01-21 12:15:36] INFO {'epoch': 35, 'toy_5_ndcg@20': tensor(0.0448), 'toy_5_recall@20': tensor(0.0926), 'ndcg@20': tensor(0.0448), 'recall@20': tensor(0.0926), 'train_loss_0': tensor(0.4071, device='cuda:0')}
[2026-01-21 12:15:36] INFO training_time: 463.03887391090393
[2026-01-21 12:15:36] INFO inference_time: 17.74863886833191
[2026-01-21 12:15:49] INFO {'epoch': 36, 'toy_5_ndcg@20': tensor(0.0454), 'toy_5_recall@20': tensor(0.0958), 'ndcg@20': tensor(0.0454), 'recall@20': tensor(0.0958), 'train_loss_0': tensor(0.4038, device='cuda:0')}
[2026-01-21 12:15:49] INFO training_time: 475.8637342453003
[2026-01-21 12:15:49] INFO inference_time: 18.24901795387268
[2026-01-21 12:15:49] INFO ndcg@20 improved. Best value: 0.0454
[2026-01-21 12:15:49] INFO Best model checkpoint saved in saved/SASRec/noisy_5/2026-01-21-12-07-30-305243.ckpt.
[2026-01-21 12:16:03] INFO {'epoch': 37, 'toy_5_ndcg@20': tensor(0.0445), 'toy_5_recall@20': tensor(0.0945), 'ndcg@20': tensor(0.0445), 'recall@20': tensor(0.0945), 'train_loss_0': tensor(0.4055, device='cuda:0')}
[2026-01-21 12:16:03] INFO training_time: 488.77338886260986
[2026-01-21 12:16:03] INFO inference_time: 18.785855770111084
[2026-01-21 12:16:16] INFO {'epoch': 38, 'toy_5_ndcg@20': tensor(0.0455), 'toy_5_recall@20': tensor(0.0951), 'ndcg@20': tensor(0.0455), 'recall@20': tensor(0.0951), 'train_loss_0': tensor(0.3998, device='cuda:0')}
[2026-01-21 12:16:16] INFO training_time: 501.68486499786377
[2026-01-21 12:16:16] INFO inference_time: 19.257189989089966
[2026-01-21 12:16:16] INFO ndcg@20 improved. Best value: 0.0455
[2026-01-21 12:16:16] INFO Best model checkpoint saved in saved/SASRec/noisy_5/2026-01-21-12-07-30-305243.ckpt.
[2026-01-21 12:16:30] INFO {'epoch': 39, 'toy_5_ndcg@20': tensor(0.0448), 'toy_5_recall@20': tensor(0.0942), 'ndcg@20': tensor(0.0448), 'recall@20': tensor(0.0942), 'train_loss_0': tensor(0.3971, device='cuda:0')}
[2026-01-21 12:16:30] INFO training_time: 514.7451350688934
[2026-01-21 12:16:30] INFO inference_time: 19.766860008239746
[2026-01-21 12:16:43] INFO {'epoch': 40, 'toy_5_ndcg@20': tensor(0.0459), 'toy_5_recall@20': tensor(0.0956), 'ndcg@20': tensor(0.0459), 'recall@20': tensor(0.0956), 'train_loss_0': tensor(0.3973, device='cuda:0')}
[2026-01-21 12:16:43] INFO training_time: 527.518589258194
[2026-01-21 12:16:43] INFO inference_time: 20.390912771224976
[2026-01-21 12:16:43] INFO ndcg@20 improved. Best value: 0.0459
[2026-01-21 12:16:43] INFO Best model checkpoint saved in saved/SASRec/noisy_5/2026-01-21-12-07-30-305243.ckpt.
[2026-01-21 12:16:56] INFO {'epoch': 41, 'toy_5_ndcg@20': tensor(0.0453), 'toy_5_recall@20': tensor(0.0941), 'ndcg@20': tensor(0.0453), 'recall@20': tensor(0.0941), 'train_loss_0': tensor(0.3952, device='cuda:0')}
[2026-01-21 12:16:56] INFO training_time: 540.4404897689819
[2026-01-21 12:16:56] INFO inference_time: 20.85568404197693
[2026-01-21 12:17:10] INFO {'epoch': 42, 'toy_5_ndcg@20': tensor(0.0452), 'toy_5_recall@20': tensor(0.0953), 'ndcg@20': tensor(0.0452), 'recall@20': tensor(0.0953), 'train_loss_0': tensor(0.3968, device='cuda:0')}
[2026-01-21 12:17:10] INFO training_time: 553.3601279258728
[2026-01-21 12:17:10] INFO inference_time: 21.284773349761963
[2026-01-21 12:17:23] INFO {'epoch': 43, 'toy_5_ndcg@20': tensor(0.0452), 'toy_5_recall@20': tensor(0.0962), 'ndcg@20': tensor(0.0452), 'recall@20': tensor(0.0962), 'train_loss_0': tensor(0.3922, device='cuda:0')}
[2026-01-21 12:17:23] INFO training_time: 566.2403395175934
[2026-01-21 12:17:23] INFO inference_time: 21.80787444114685
[2026-01-21 12:17:36] INFO {'epoch': 44, 'toy_5_ndcg@20': tensor(0.0461), 'toy_5_recall@20': tensor(0.0970), 'ndcg@20': tensor(0.0461), 'recall@20': tensor(0.0970), 'train_loss_0': tensor(0.3916, device='cuda:0')}
[2026-01-21 12:17:36] INFO training_time: 579.0214047431946
[2026-01-21 12:17:36] INFO inference_time: 22.318918704986572
[2026-01-21 12:17:36] INFO ndcg@20 improved. Best value: 0.0461
[2026-01-21 12:17:36] INFO Best model checkpoint saved in saved/SASRec/noisy_5/2026-01-21-12-07-30-305243.ckpt.
[2026-01-21 12:17:50] INFO {'epoch': 45, 'toy_5_ndcg@20': tensor(0.0459), 'toy_5_recall@20': tensor(0.0965), 'ndcg@20': tensor(0.0459), 'recall@20': tensor(0.0965), 'train_loss_0': tensor(0.3908, device='cuda:0')}
[2026-01-21 12:17:50] INFO training_time: 591.8650426864624
[2026-01-21 12:17:50] INFO inference_time: 22.855669498443604
[2026-01-21 12:18:03] INFO {'epoch': 46, 'toy_5_ndcg@20': tensor(0.0464), 'toy_5_recall@20': tensor(0.0967), 'ndcg@20': tensor(0.0464), 'recall@20': tensor(0.0967), 'train_loss_0': tensor(0.3905, device='cuda:0')}
[2026-01-21 12:18:03] INFO training_time: 604.7445571422577
[2026-01-21 12:18:03] INFO inference_time: 23.288010120391846
[2026-01-21 12:18:03] INFO ndcg@20 improved. Best value: 0.0464
[2026-01-21 12:18:03] INFO Best model checkpoint saved in saved/SASRec/noisy_5/2026-01-21-12-07-30-305243.ckpt.
[2026-01-21 12:18:17] INFO {'epoch': 47, 'toy_5_ndcg@20': tensor(0.0451), 'toy_5_recall@20': tensor(0.0956), 'ndcg@20': tensor(0.0451), 'recall@20': tensor(0.0956), 'train_loss_0': tensor(0.3851, device='cuda:0')}
[2026-01-21 12:18:17] INFO training_time: 617.6306595802307
[2026-01-21 12:18:17] INFO inference_time: 23.777519941329956
[2026-01-21 12:18:30] INFO {'epoch': 48, 'toy_5_ndcg@20': tensor(0.0451), 'toy_5_recall@20': tensor(0.0954), 'ndcg@20': tensor(0.0451), 'recall@20': tensor(0.0954), 'train_loss_0': tensor(0.3884, device='cuda:0')}
[2026-01-21 12:18:30] INFO training_time: 630.4489374160767
[2026-01-21 12:18:30] INFO inference_time: 24.208354234695435
[2026-01-21 12:18:43] INFO {'epoch': 49, 'toy_5_ndcg@20': tensor(0.0459), 'toy_5_recall@20': tensor(0.0971), 'ndcg@20': tensor(0.0459), 'recall@20': tensor(0.0971), 'train_loss_0': tensor(0.3858, device='cuda:0')}
[2026-01-21 12:18:43] INFO training_time: 643.3338005542755
[2026-01-21 12:18:43] INFO inference_time: 24.7015163898468
[2026-01-21 12:18:57] INFO {'epoch': 50, 'toy_5_ndcg@20': tensor(0.0464), 'toy_5_recall@20': tensor(0.0966), 'ndcg@20': tensor(0.0464), 'recall@20': tensor(0.0966), 'train_loss_0': tensor(0.3861, device='cuda:0')}
[2026-01-21 12:18:57] INFO training_time: 656.2610416412354
[2026-01-21 12:18:57] INFO inference_time: 25.270280599594116
[2026-01-21 12:19:10] INFO {'epoch': 51, 'toy_5_ndcg@20': tensor(0.0453), 'toy_5_recall@20': tensor(0.0962), 'ndcg@20': tensor(0.0453), 'recall@20': tensor(0.0962), 'train_loss_0': tensor(0.3812, device='cuda:0')}
[2026-01-21 12:19:10] INFO training_time: 669.1468102931976
[2026-01-21 12:19:10] INFO inference_time: 25.739720582962036
[2026-01-21 12:19:23] INFO {'epoch': 52, 'toy_5_ndcg@20': tensor(0.0459), 'toy_5_recall@20': tensor(0.0971), 'ndcg@20': tensor(0.0459), 'recall@20': tensor(0.0971), 'train_loss_0': tensor(0.3821, device='cuda:0')}
[2026-01-21 12:19:23] INFO training_time: 682.0332727432251
[2026-01-21 12:19:23] INFO inference_time: 26.260416269302368
[2026-01-21 12:19:37] INFO {'epoch': 53, 'toy_5_ndcg@20': tensor(0.0465), 'toy_5_recall@20': tensor(0.0969), 'ndcg@20': tensor(0.0465), 'recall@20': tensor(0.0969), 'train_loss_0': tensor(0.3802, device='cuda:0')}
[2026-01-21 12:19:37] INFO training_time: 694.8468446731567
[2026-01-21 12:19:37] INFO inference_time: 26.747307300567627
[2026-01-21 12:19:37] INFO ndcg@20 improved. Best value: 0.0465
[2026-01-21 12:19:37] INFO Best model checkpoint saved in saved/SASRec/noisy_5/2026-01-21-12-07-30-305243.ckpt.
[2026-01-21 12:19:50] INFO {'epoch': 54, 'toy_5_ndcg@20': tensor(0.0459), 'toy_5_recall@20': tensor(0.0965), 'ndcg@20': tensor(0.0459), 'recall@20': tensor(0.0965), 'train_loss_0': tensor(0.3797, device='cuda:0')}
[2026-01-21 12:19:50] INFO training_time: 707.7385952472687
[2026-01-21 12:19:50] INFO inference_time: 27.28012180328369
[2026-01-21 12:20:04] INFO {'epoch': 55, 'toy_5_ndcg@20': tensor(0.0455), 'toy_5_recall@20': tensor(0.0957), 'ndcg@20': tensor(0.0455), 'recall@20': tensor(0.0957), 'train_loss_0': tensor(0.3810, device='cuda:0')}
[2026-01-21 12:20:04] INFO training_time: 720.6550385951996
[2026-01-21 12:20:04] INFO inference_time: 27.748875617980957
[2026-01-21 12:20:17] INFO {'epoch': 56, 'toy_5_ndcg@20': tensor(0.0460), 'toy_5_recall@20': tensor(0.0963), 'ndcg@20': tensor(0.0460), 'recall@20': tensor(0.0963), 'train_loss_0': tensor(0.3790, device='cuda:0')}
[2026-01-21 12:20:17] INFO training_time: 733.5498332977295
[2026-01-21 12:20:17] INFO inference_time: 28.181102752685547
[2026-01-21 12:20:30] INFO {'epoch': 57, 'toy_5_ndcg@20': tensor(0.0462), 'toy_5_recall@20': tensor(0.0996), 'ndcg@20': tensor(0.0462), 'recall@20': tensor(0.0996), 'train_loss_0': tensor(0.3729, device='cuda:0')}
[2026-01-21 12:20:30] INFO training_time: 746.3921113014221
[2026-01-21 12:20:30] INFO inference_time: 28.674926042556763
[2026-01-21 12:20:44] INFO {'epoch': 58, 'toy_5_ndcg@20': tensor(0.0465), 'toy_5_recall@20': tensor(0.0975), 'ndcg@20': tensor(0.0465), 'recall@20': tensor(0.0975), 'train_loss_0': tensor(0.3762, device='cuda:0')}
[2026-01-21 12:20:44] INFO training_time: 759.2000675201416
[2026-01-21 12:20:44] INFO inference_time: 29.160799264907837
[2026-01-21 12:20:44] INFO ndcg@20 improved. Best value: 0.0465
[2026-01-21 12:20:44] INFO Best model checkpoint saved in saved/SASRec/noisy_5/2026-01-21-12-07-30-305243.ckpt.
[2026-01-21 12:20:57] INFO {'epoch': 59, 'toy_5_ndcg@20': tensor(0.0454), 'toy_5_recall@20': tensor(0.0943), 'ndcg@20': tensor(0.0454), 'recall@20': tensor(0.0943), 'train_loss_0': tensor(0.3746, device='cuda:0')}
[2026-01-21 12:20:57] INFO training_time: 771.9792268276215
[2026-01-21 12:20:57] INFO inference_time: 29.59389591217041
[2026-01-21 12:21:10] INFO {'epoch': 60, 'toy_5_ndcg@20': tensor(0.0475), 'toy_5_recall@20': tensor(0.0987), 'ndcg@20': tensor(0.0475), 'recall@20': tensor(0.0987), 'train_loss_0': tensor(0.3723, device='cuda:0')}
[2026-01-21 12:21:10] INFO training_time: 784.8168151378632
[2026-01-21 12:21:10] INFO inference_time: 30.200073719024658
[2026-01-21 12:21:10] INFO ndcg@20 improved. Best value: 0.0475
[2026-01-21 12:21:10] INFO Best model checkpoint saved in saved/SASRec/noisy_5/2026-01-21-12-07-30-305243.ckpt.
[2026-01-21 12:21:24] INFO {'epoch': 61, 'toy_5_ndcg@20': tensor(0.0456), 'toy_5_recall@20': tensor(0.0960), 'ndcg@20': tensor(0.0456), 'recall@20': tensor(0.0960), 'train_loss_0': tensor(0.3724, device='cuda:0')}
[2026-01-21 12:21:24] INFO training_time: 797.8687069416046
[2026-01-21 12:21:24] INFO inference_time: 30.63560128211975
[2026-01-21 12:21:37] INFO {'epoch': 62, 'toy_5_ndcg@20': tensor(0.0463), 'toy_5_recall@20': tensor(0.0964), 'ndcg@20': tensor(0.0463), 'recall@20': tensor(0.0964), 'train_loss_0': tensor(0.3720, device='cuda:0')}
[2026-01-21 12:21:37] INFO training_time: 810.7339153289795
[2026-01-21 12:21:37] INFO inference_time: 31.131388187408447
[2026-01-21 12:21:50] INFO {'epoch': 63, 'toy_5_ndcg@20': tensor(0.0470), 'toy_5_recall@20': tensor(0.0982), 'ndcg@20': tensor(0.0470), 'recall@20': tensor(0.0982), 'train_loss_0': tensor(0.3733, device='cuda:0')}
[2026-01-21 12:21:50] INFO training_time: 823.585725069046
[2026-01-21 12:21:50] INFO inference_time: 31.56231141090393
[2026-01-21 12:22:04] INFO {'epoch': 64, 'toy_5_ndcg@20': tensor(0.0461), 'toy_5_recall@20': tensor(0.0968), 'ndcg@20': tensor(0.0461), 'recall@20': tensor(0.0968), 'train_loss_0': tensor(0.3717, device='cuda:0')}
[2026-01-21 12:22:04] INFO training_time: 836.6554887294769
[2026-01-21 12:22:04] INFO inference_time: 32.049190044403076
[2026-01-21 12:22:17] INFO {'epoch': 65, 'toy_5_ndcg@20': tensor(0.0461), 'toy_5_recall@20': tensor(0.0966), 'ndcg@20': tensor(0.0461), 'recall@20': tensor(0.0966), 'train_loss_0': tensor(0.3672, device='cuda:0')}
[2026-01-21 12:22:17] INFO training_time: 849.6090533733368
[2026-01-21 12:22:17] INFO inference_time: 32.48691177368164
[2026-01-21 12:22:31] INFO {'epoch': 66, 'toy_5_ndcg@20': tensor(0.0472), 'toy_5_recall@20': tensor(0.0971), 'ndcg@20': tensor(0.0472), 'recall@20': tensor(0.0971), 'train_loss_0': tensor(0.3701, device='cuda:0')}
[2026-01-21 12:22:31] INFO training_time: 862.7001373767853
[2026-01-21 12:22:31] INFO inference_time: 32.924612045288086
[2026-01-21 12:22:44] INFO {'epoch': 67, 'toy_5_ndcg@20': tensor(0.0469), 'toy_5_recall@20': tensor(0.0970), 'ndcg@20': tensor(0.0469), 'recall@20': tensor(0.0970), 'train_loss_0': tensor(0.3665, device='cuda:0')}
[2026-01-21 12:22:44] INFO training_time: 875.6482229232788
[2026-01-21 12:22:44] INFO inference_time: 33.41596817970276
[2026-01-21 12:22:58] INFO {'epoch': 68, 'toy_5_ndcg@20': tensor(0.0464), 'toy_5_recall@20': tensor(0.0992), 'ndcg@20': tensor(0.0464), 'recall@20': tensor(0.0992), 'train_loss_0': tensor(0.3658, device='cuda:0')}
[2026-01-21 12:22:58] INFO training_time: 888.6606664657593
[2026-01-21 12:22:58] INFO inference_time: 33.84510254859924
[2026-01-21 12:23:11] INFO {'epoch': 69, 'toy_5_ndcg@20': tensor(0.0466), 'toy_5_recall@20': tensor(0.0991), 'ndcg@20': tensor(0.0466), 'recall@20': tensor(0.0991), 'train_loss_0': tensor(0.3693, device='cuda:0')}
[2026-01-21 12:23:11] INFO training_time: 901.5102291107178
[2026-01-21 12:23:11] INFO inference_time: 34.35563039779663
[2026-01-21 12:23:25] INFO {'epoch': 70, 'toy_5_ndcg@20': tensor(0.0469), 'toy_5_recall@20': tensor(0.0993), 'ndcg@20': tensor(0.0469), 'recall@20': tensor(0.0993), 'train_loss_0': tensor(0.3698, device='cuda:0')}
[2026-01-21 12:23:25] INFO training_time: 914.3127331733704
[2026-01-21 12:23:25] INFO inference_time: 34.93685340881348
[2026-01-21 12:23:38] INFO {'epoch': 71, 'toy_5_ndcg@20': tensor(0.0464), 'toy_5_recall@20': tensor(0.0991), 'ndcg@20': tensor(0.0464), 'recall@20': tensor(0.0991), 'train_loss_0': tensor(0.3637, device='cuda:0')}
[2026-01-21 12:23:38] INFO training_time: 927.2168982028961
[2026-01-21 12:23:38] INFO inference_time: 35.371267557144165
[2026-01-21 12:23:51] INFO {'epoch': 72, 'toy_5_ndcg@20': tensor(0.0464), 'toy_5_recall@20': tensor(0.0987), 'ndcg@20': tensor(0.0464), 'recall@20': tensor(0.0987), 'train_loss_0': tensor(0.3620, device='cuda:0')}
[2026-01-21 12:23:51] INFO training_time: 940.0663433074951
[2026-01-21 12:23:51] INFO inference_time: 35.857298135757446
[2026-01-21 12:24:05] INFO {'epoch': 73, 'toy_5_ndcg@20': tensor(0.0467), 'toy_5_recall@20': tensor(0.0982), 'ndcg@20': tensor(0.0467), 'recall@20': tensor(0.0982), 'train_loss_0': tensor(0.3654, device='cuda:0')}
[2026-01-21 12:24:05] INFO training_time: 952.9210782051086
[2026-01-21 12:24:05] INFO inference_time: 36.3503155708313
[2026-01-21 12:24:18] INFO {'epoch': 74, 'toy_5_ndcg@20': tensor(0.0466), 'toy_5_recall@20': tensor(0.0984), 'ndcg@20': tensor(0.0466), 'recall@20': tensor(0.0984), 'train_loss_0': tensor(0.3664, device='cuda:0')}
[2026-01-21 12:24:18] INFO training_time: 965.7225804328918
[2026-01-21 12:24:18] INFO inference_time: 36.84526777267456
[2026-01-21 12:24:31] INFO {'epoch': 75, 'toy_5_ndcg@20': tensor(0.0471), 'toy_5_recall@20': tensor(0.0987), 'ndcg@20': tensor(0.0471), 'recall@20': tensor(0.0987), 'train_loss_0': tensor(0.3626, device='cuda:0')}
[2026-01-21 12:24:31] INFO training_time: 978.5238528251648
[2026-01-21 12:24:31] INFO inference_time: 37.446449279785156
[2026-01-21 12:24:45] INFO {'epoch': 76, 'toy_5_ndcg@20': tensor(0.0458), 'toy_5_recall@20': tensor(0.0974), 'ndcg@20': tensor(0.0458), 'recall@20': tensor(0.0974), 'train_loss_0': tensor(0.3608, device='cuda:0')}
[2026-01-21 12:24:45] INFO training_time: 991.6484520435333
[2026-01-21 12:24:45] INFO inference_time: 37.91409921646118
[2026-01-21 12:24:58] INFO {'epoch': 77, 'toy_5_ndcg@20': tensor(0.0464), 'toy_5_recall@20': tensor(0.0983), 'ndcg@20': tensor(0.0464), 'recall@20': tensor(0.0983), 'train_loss_0': tensor(0.3609, device='cuda:0')}
[2026-01-21 12:24:58] INFO training_time: 1004.5089342594147
[2026-01-21 12:24:58] INFO inference_time: 38.42864418029785
[2026-01-21 12:25:11] INFO {'epoch': 78, 'toy_5_ndcg@20': tensor(0.0462), 'toy_5_recall@20': tensor(0.0983), 'ndcg@20': tensor(0.0462), 'recall@20': tensor(0.0983), 'train_loss_0': tensor(0.3618, device='cuda:0')}
[2026-01-21 12:25:11] INFO training_time: 1017.3005962371826
[2026-01-21 12:25:11] INFO inference_time: 38.89561080932617
[2026-01-21 12:25:25] INFO {'epoch': 79, 'toy_5_ndcg@20': tensor(0.0460), 'toy_5_recall@20': tensor(0.0971), 'ndcg@20': tensor(0.0460), 'recall@20': tensor(0.0971), 'train_loss_0': tensor(0.3596, device='cuda:0')}
[2026-01-21 12:25:25] INFO training_time: 1030.0122327804565
[2026-01-21 12:25:25] INFO inference_time: 39.41732978820801
[2026-01-21 12:25:38] INFO {'epoch': 80, 'toy_5_ndcg@20': tensor(0.0464), 'toy_5_recall@20': tensor(0.0997), 'ndcg@20': tensor(0.0464), 'recall@20': tensor(0.0997), 'train_loss_0': tensor(0.3567, device='cuda:0')}
[2026-01-21 12:25:38] INFO training_time: 1042.8306653499603
[2026-01-21 12:25:38] INFO inference_time: 40.031357288360596
[2026-01-21 12:25:38] INFO Early stopped. Since the metric ndcg@20 haven't been improved for 20 epochs.
[2026-01-21 12:25:38] INFO The best score of ndcg@20 is 0.0475 on epoch 60
[2026-01-21 12:25:38] INFO Best model checkpoint saved in saved/SASRec/noisy_5/2026-01-21-12-07-30-305243.ckpt.
[2026-01-21 12:25:39] INFO defaultdict(<class 'float'>, {'toy_5_ndcg@20': tensor(0.0405), 'toy_5_recall@20': tensor(0.0830), 'toy_5_ndcg@10': tensor(0.0348), 'toy_5_recall@10': tensor(0.0603), 'ndcg@20': tensor(0.0405), 'recall@20': tensor(0.0830), 'ndcg@10': tensor(0.0348), 'recall@10': tensor(0.0603)})
