[2026-02-05 19:52:29] INFO PID of this process: 1075991
[2026-02-05 19:52:34] INFO {'model': {'embed_dim': 64, 'loss_fn': 'bce', 'hidden_size': 128, 'layer_num': 2, 'head_num': 2, 'dropout_rate': 0.5, 'activation': 'gelu', 'layer_norm_eps': 1e-12, 'model': 'SASRec'}, 'data': {'domain_name_list': ['toy_5'], 'user_threshold': 5, 'item_threshold': 5, 'max_seq_len': 50, 'dataset_class': 'general', 'train_file': '_ori', 'dataset': 'noisy_5'}, 'train': {'batch_size': 256, 'early_stop_mode': 'max', 'early_stop_patience': 20, 'epochs': 1000, 'device': 'cuda', 'optimizer': 'adam', 'learning_rate': 0.001, 'weight_decay': 0, 'num_neg': 1, 'seed': 2024}, 'eval': {'batch_size': 2048, 'cutoff': [20, 10], 'val_metrics': ['ndcg', 'recall'], 'test_metrics': ['ndcg', 'recall'], 'topk': 100, 'save_path': './saved/'}}
[2026-02-05 19:52:34] INFO <data.dataset.SeparateDataset object at 0x7f67706501f0>
[2026-02-05 19:52:34] INFO save_dir:saved
[2026-02-05 19:52:34] INFO SASRec(
  (item_embedding): Embedding(11925, 64, padding_idx=0)
  (query_encoder): SASRecQueryEncoder(
    (item_encoder): Embedding(11925, 64, padding_idx=0)
    (position_emb): Embedding(50, 64)
    (transformer_layer): TransformerEncoder(
      (layers): ModuleList(
        (0): TransformerEncoderLayer(
          (self_attn): MultiheadAttention(
            (out_proj): NonDynamicallyQuantizableLinear(in_features=64, out_features=64, bias=True)
          )
          (linear1): Linear(in_features=64, out_features=128, bias=True)
          (dropout): Dropout(p=0.5, inplace=False)
          (linear2): Linear(in_features=128, out_features=64, bias=True)
          (norm1): LayerNorm((64,), eps=1e-12, elementwise_affine=True)
          (norm2): LayerNorm((64,), eps=1e-12, elementwise_affine=True)
          (dropout1): Dropout(p=0.5, inplace=False)
          (dropout2): Dropout(p=0.5, inplace=False)
        )
        (1): TransformerEncoderLayer(
          (self_attn): MultiheadAttention(
            (out_proj): NonDynamicallyQuantizableLinear(in_features=64, out_features=64, bias=True)
          )
          (linear1): Linear(in_features=64, out_features=128, bias=True)
          (dropout): Dropout(p=0.5, inplace=False)
          (linear2): Linear(in_features=128, out_features=64, bias=True)
          (norm1): LayerNorm((64,), eps=1e-12, elementwise_affine=True)
          (norm2): LayerNorm((64,), eps=1e-12, elementwise_affine=True)
          (dropout1): Dropout(p=0.5, inplace=False)
          (dropout2): Dropout(p=0.5, inplace=False)
        )
      )
    )
    (dropout): Dropout(p=0.5, inplace=False)
    (training_pooling_layer): SeqPoolingLayer()
    (eval_pooling_layer): SeqPoolingLayer()
  )
  (loss_fn): BinaryCrossEntropyLoss()
)
[2026-02-05 19:52:42] INFO {'epoch': 0, 'toy_5_ndcg@20': tensor(0.0079), 'toy_5_recall@20': tensor(0.0188), 'ndcg@20': tensor(0.0079), 'recall@20': tensor(0.0188), 'train_loss_0': tensor(1.3538, device='cuda:0')}
[2026-02-05 19:52:42] INFO training_time: 6.951638698577881
[2026-02-05 19:52:42] INFO inference_time: 1.1516902446746826
[2026-02-05 19:52:42] INFO ndcg@20 improved. Best value: 0.0079
[2026-02-05 19:52:42] INFO Best model checkpoint saved in saved/SASRec/noisy_5/2026-02-05-19-52-29-816468.ckpt.
[2026-02-05 19:52:51] INFO {'epoch': 1, 'toy_5_ndcg@20': tensor(0.0070), 'toy_5_recall@20': tensor(0.0185), 'ndcg@20': tensor(0.0070), 'recall@20': tensor(0.0185), 'train_loss_0': tensor(1.2529, device='cuda:0')}
[2026-02-05 19:52:51] INFO training_time: 15.45852017402649
[2026-02-05 19:52:51] INFO inference_time: 1.9615321159362793
[2026-02-05 19:53:00] INFO {'epoch': 2, 'toy_5_ndcg@20': tensor(0.0080), 'toy_5_recall@20': tensor(0.0186), 'ndcg@20': tensor(0.0080), 'recall@20': tensor(0.0186), 'train_loss_0': tensor(1.1999, device='cuda:0')}
[2026-02-05 19:53:00] INFO training_time: 24.03992795944214
[2026-02-05 19:53:00] INFO inference_time: 2.7281107902526855
[2026-02-05 19:53:00] INFO ndcg@20 improved. Best value: 0.0080
[2026-02-05 19:53:00] INFO Best model checkpoint saved in saved/SASRec/noisy_5/2026-02-05-19-52-29-816468.ckpt.
[2026-02-05 19:53:10] INFO {'epoch': 3, 'toy_5_ndcg@20': tensor(0.0100), 'toy_5_recall@20': tensor(0.0244), 'ndcg@20': tensor(0.0100), 'recall@20': tensor(0.0244), 'train_loss_0': tensor(1.1448, device='cuda:0')}
[2026-02-05 19:53:10] INFO training_time: 32.907554626464844
[2026-02-05 19:53:10] INFO inference_time: 3.4753246307373047
[2026-02-05 19:53:10] INFO ndcg@20 improved. Best value: 0.0100
[2026-02-05 19:53:10] INFO Best model checkpoint saved in saved/SASRec/noisy_5/2026-02-05-19-52-29-816468.ckpt.
[2026-02-05 19:53:20] INFO {'epoch': 4, 'toy_5_ndcg@20': tensor(0.0116), 'toy_5_recall@20': tensor(0.0273), 'ndcg@20': tensor(0.0116), 'recall@20': tensor(0.0273), 'train_loss_0': tensor(1.0904, device='cuda:0')}
[2026-02-05 19:53:20] INFO training_time: 41.752891302108765
[2026-02-05 19:53:20] INFO inference_time: 4.180827856063843
[2026-02-05 19:53:20] INFO ndcg@20 improved. Best value: 0.0116
[2026-02-05 19:53:20] INFO Best model checkpoint saved in saved/SASRec/noisy_5/2026-02-05-19-52-29-816468.ckpt.
[2026-02-05 19:53:33] INFO {'epoch': 5, 'toy_5_ndcg@20': tensor(0.0139), 'toy_5_recall@20': tensor(0.0322), 'ndcg@20': tensor(0.0139), 'recall@20': tensor(0.0322), 'train_loss_0': tensor(1.0388, device='cuda:0')}
[2026-02-05 19:53:33] INFO training_time: 54.32277870178223
[2026-02-05 19:53:33] INFO inference_time: 4.878985404968262
[2026-02-05 19:53:33] INFO ndcg@20 improved. Best value: 0.0139
[2026-02-05 19:53:33] INFO Best model checkpoint saved in saved/SASRec/noisy_5/2026-02-05-19-52-29-816468.ckpt.
[2026-02-05 19:53:47] INFO {'epoch': 6, 'toy_5_ndcg@20': tensor(0.0169), 'toy_5_recall@20': tensor(0.0374), 'ndcg@20': tensor(0.0169), 'recall@20': tensor(0.0374), 'train_loss_0': tensor(0.9979, device='cuda:0')}
[2026-02-05 19:53:47] INFO training_time: 67.40855717658997
[2026-02-05 19:53:47] INFO inference_time: 5.725790023803711
[2026-02-05 19:53:47] INFO ndcg@20 improved. Best value: 0.0169
[2026-02-05 19:53:47] INFO Best model checkpoint saved in saved/SASRec/noisy_5/2026-02-05-19-52-29-816468.ckpt.
[2026-02-05 19:54:01] INFO {'epoch': 7, 'toy_5_ndcg@20': tensor(0.0186), 'toy_5_recall@20': tensor(0.0408), 'ndcg@20': tensor(0.0186), 'recall@20': tensor(0.0408), 'train_loss_0': tensor(0.9507, device='cuda:0')}
[2026-02-05 19:54:01] INFO training_time: 80.38640999794006
[2026-02-05 19:54:01] INFO inference_time: 6.451719045639038
[2026-02-05 19:54:01] INFO ndcg@20 improved. Best value: 0.0186
[2026-02-05 19:54:01] INFO Best model checkpoint saved in saved/SASRec/noisy_5/2026-02-05-19-52-29-816468.ckpt.
[2026-02-05 19:54:14] INFO {'epoch': 8, 'toy_5_ndcg@20': tensor(0.0211), 'toy_5_recall@20': tensor(0.0481), 'ndcg@20': tensor(0.0211), 'recall@20': tensor(0.0481), 'train_loss_0': tensor(0.9076, device='cuda:0')}
[2026-02-05 19:54:14] INFO training_time: 93.00040793418884
[2026-02-05 19:54:14] INFO inference_time: 7.148036479949951
[2026-02-05 19:54:14] INFO ndcg@20 improved. Best value: 0.0211
[2026-02-05 19:54:14] INFO Best model checkpoint saved in saved/SASRec/noisy_5/2026-02-05-19-52-29-816468.ckpt.
[2026-02-05 19:54:28] INFO {'epoch': 9, 'toy_5_ndcg@20': tensor(0.0227), 'toy_5_recall@20': tensor(0.0519), 'ndcg@20': tensor(0.0227), 'recall@20': tensor(0.0519), 'train_loss_0': tensor(0.8734, device='cuda:0')}
[2026-02-05 19:54:28] INFO training_time: 106.27699398994446
[2026-02-05 19:54:28] INFO inference_time: 7.89577579498291
[2026-02-05 19:54:28] INFO ndcg@20 improved. Best value: 0.0227
[2026-02-05 19:54:28] INFO Best model checkpoint saved in saved/SASRec/noisy_5/2026-02-05-19-52-29-816468.ckpt.
[2026-02-05 19:54:42] INFO {'epoch': 10, 'toy_5_ndcg@20': tensor(0.0251), 'toy_5_recall@20': tensor(0.0570), 'ndcg@20': tensor(0.0251), 'recall@20': tensor(0.0570), 'train_loss_0': tensor(0.8359, device='cuda:0')}
[2026-02-05 19:54:42] INFO training_time: 119.1025538444519
[2026-02-05 19:54:42] INFO inference_time: 8.88257622718811
[2026-02-05 19:54:42] INFO ndcg@20 improved. Best value: 0.0251
[2026-02-05 19:54:42] INFO Best model checkpoint saved in saved/SASRec/noisy_5/2026-02-05-19-52-29-816468.ckpt.
[2026-02-05 19:54:56] INFO {'epoch': 11, 'toy_5_ndcg@20': tensor(0.0264), 'toy_5_recall@20': tensor(0.0577), 'ndcg@20': tensor(0.0264), 'recall@20': tensor(0.0577), 'train_loss_0': tensor(0.8007, device='cuda:0')}
[2026-02-05 19:54:56] INFO training_time: 132.0863335132599
[2026-02-05 19:54:56] INFO inference_time: 9.786506175994873
[2026-02-05 19:54:56] INFO ndcg@20 improved. Best value: 0.0264
[2026-02-05 19:54:56] INFO Best model checkpoint saved in saved/SASRec/noisy_5/2026-02-05-19-52-29-816468.ckpt.
[2026-02-05 19:55:10] INFO {'epoch': 12, 'toy_5_ndcg@20': tensor(0.0279), 'toy_5_recall@20': tensor(0.0607), 'ndcg@20': tensor(0.0279), 'recall@20': tensor(0.0607), 'train_loss_0': tensor(0.7727, device='cuda:0')}
[2026-02-05 19:55:10] INFO training_time: 145.14342594146729
[2026-02-05 19:55:10] INFO inference_time: 10.675731658935547
[2026-02-05 19:55:10] INFO ndcg@20 improved. Best value: 0.0279
[2026-02-05 19:55:10] INFO Best model checkpoint saved in saved/SASRec/noisy_5/2026-02-05-19-52-29-816468.ckpt.
[2026-02-05 19:55:24] INFO {'epoch': 13, 'toy_5_ndcg@20': tensor(0.0284), 'toy_5_recall@20': tensor(0.0625), 'ndcg@20': tensor(0.0284), 'recall@20': tensor(0.0625), 'train_loss_0': tensor(0.7429, device='cuda:0')}
[2026-02-05 19:55:24] INFO training_time: 158.07635879516602
[2026-02-05 19:55:24] INFO inference_time: 11.628101587295532
[2026-02-05 19:55:24] INFO ndcg@20 improved. Best value: 0.0284
[2026-02-05 19:55:24] INFO Best model checkpoint saved in saved/SASRec/noisy_5/2026-02-05-19-52-29-816468.ckpt.
[2026-02-05 19:55:37] INFO {'epoch': 14, 'toy_5_ndcg@20': tensor(0.0299), 'toy_5_recall@20': tensor(0.0652), 'ndcg@20': tensor(0.0299), 'recall@20': tensor(0.0652), 'train_loss_0': tensor(0.7162, device='cuda:0')}
[2026-02-05 19:55:37] INFO training_time: 170.98030543327332
[2026-02-05 19:55:37] INFO inference_time: 12.366233348846436
[2026-02-05 19:55:37] INFO ndcg@20 improved. Best value: 0.0299
[2026-02-05 19:55:37] INFO Best model checkpoint saved in saved/SASRec/noisy_5/2026-02-05-19-52-29-816468.ckpt.
[2026-02-05 19:55:51] INFO {'epoch': 15, 'toy_5_ndcg@20': tensor(0.0313), 'toy_5_recall@20': tensor(0.0675), 'ndcg@20': tensor(0.0313), 'recall@20': tensor(0.0675), 'train_loss_0': tensor(0.6909, device='cuda:0')}
[2026-02-05 19:55:51] INFO training_time: 183.8036925792694
[2026-02-05 19:55:51] INFO inference_time: 13.118857622146606
[2026-02-05 19:55:51] INFO ndcg@20 improved. Best value: 0.0313
[2026-02-05 19:55:51] INFO Best model checkpoint saved in saved/SASRec/noisy_5/2026-02-05-19-52-29-816468.ckpt.
[2026-02-05 19:56:05] INFO {'epoch': 16, 'toy_5_ndcg@20': tensor(0.0319), 'toy_5_recall@20': tensor(0.0686), 'ndcg@20': tensor(0.0319), 'recall@20': tensor(0.0686), 'train_loss_0': tensor(0.6677, device='cuda:0')}
[2026-02-05 19:56:05] INFO training_time: 196.94675993919373
[2026-02-05 19:56:05] INFO inference_time: 13.831308603286743
[2026-02-05 19:56:05] INFO ndcg@20 improved. Best value: 0.0319
[2026-02-05 19:56:05] INFO Best model checkpoint saved in saved/SASRec/noisy_5/2026-02-05-19-52-29-816468.ckpt.
[2026-02-05 19:56:19] INFO {'epoch': 17, 'toy_5_ndcg@20': tensor(0.0327), 'toy_5_recall@20': tensor(0.0699), 'ndcg@20': tensor(0.0327), 'recall@20': tensor(0.0699), 'train_loss_0': tensor(0.6474, device='cuda:0')}
[2026-02-05 19:56:19] INFO training_time: 209.97280192375183
[2026-02-05 19:56:19] INFO inference_time: 14.615663528442383
[2026-02-05 19:56:19] INFO ndcg@20 improved. Best value: 0.0327
[2026-02-05 19:56:19] INFO Best model checkpoint saved in saved/SASRec/noisy_5/2026-02-05-19-52-29-816468.ckpt.
[2026-02-05 19:56:33] INFO {'epoch': 18, 'toy_5_ndcg@20': tensor(0.0340), 'toy_5_recall@20': tensor(0.0741), 'ndcg@20': tensor(0.0340), 'recall@20': tensor(0.0741), 'train_loss_0': tensor(0.6281, device='cuda:0')}
[2026-02-05 19:56:33] INFO training_time: 223.09431791305542
[2026-02-05 19:56:33] INFO inference_time: 15.44158124923706
[2026-02-05 19:56:33] INFO ndcg@20 improved. Best value: 0.0340
[2026-02-05 19:56:33] INFO Best model checkpoint saved in saved/SASRec/noisy_5/2026-02-05-19-52-29-816468.ckpt.
[2026-02-05 19:56:46] INFO {'epoch': 19, 'toy_5_ndcg@20': tensor(0.0350), 'toy_5_recall@20': tensor(0.0756), 'ndcg@20': tensor(0.0350), 'recall@20': tensor(0.0756), 'train_loss_0': tensor(0.6149, device='cuda:0')}
[2026-02-05 19:56:46] INFO training_time: 236.19968461990356
[2026-02-05 19:56:46] INFO inference_time: 16.205627918243408
[2026-02-05 19:56:46] INFO ndcg@20 improved. Best value: 0.0350
[2026-02-05 19:56:46] INFO Best model checkpoint saved in saved/SASRec/noisy_5/2026-02-05-19-52-29-816468.ckpt.
[2026-02-05 19:57:00] INFO {'epoch': 20, 'toy_5_ndcg@20': tensor(0.0356), 'toy_5_recall@20': tensor(0.0767), 'ndcg@20': tensor(0.0356), 'recall@20': tensor(0.0767), 'train_loss_0': tensor(0.5969, device='cuda:0')}
[2026-02-05 19:57:00] INFO training_time: 249.22256803512573
[2026-02-05 19:57:00] INFO inference_time: 17.17073154449463
[2026-02-05 19:57:00] INFO ndcg@20 improved. Best value: 0.0356
[2026-02-05 19:57:00] INFO Best model checkpoint saved in saved/SASRec/noisy_5/2026-02-05-19-52-29-816468.ckpt.
[2026-02-05 19:57:14] INFO {'epoch': 21, 'toy_5_ndcg@20': tensor(0.0356), 'toy_5_recall@20': tensor(0.0772), 'ndcg@20': tensor(0.0356), 'recall@20': tensor(0.0772), 'train_loss_0': tensor(0.5798, device='cuda:0')}
[2026-02-05 19:57:14] INFO training_time: 262.17703342437744
[2026-02-05 19:57:14] INFO inference_time: 17.929062128067017
[2026-02-05 19:57:28] INFO {'epoch': 22, 'toy_5_ndcg@20': tensor(0.0366), 'toy_5_recall@20': tensor(0.0778), 'ndcg@20': tensor(0.0366), 'recall@20': tensor(0.0778), 'train_loss_0': tensor(0.5712, device='cuda:0')}
[2026-02-05 19:57:28] INFO training_time: 275.2338285446167
[2026-02-05 19:57:28] INFO inference_time: 18.677482843399048
[2026-02-05 19:57:28] INFO ndcg@20 improved. Best value: 0.0366
[2026-02-05 19:57:28] INFO Best model checkpoint saved in saved/SASRec/noisy_5/2026-02-05-19-52-29-816468.ckpt.
[2026-02-05 19:57:42] INFO {'epoch': 23, 'toy_5_ndcg@20': tensor(0.0368), 'toy_5_recall@20': tensor(0.0789), 'ndcg@20': tensor(0.0368), 'recall@20': tensor(0.0789), 'train_loss_0': tensor(0.5546, device='cuda:0')}
[2026-02-05 19:57:42] INFO training_time: 288.3647348880768
[2026-02-05 19:57:42] INFO inference_time: 19.512192726135254
[2026-02-05 19:57:42] INFO ndcg@20 improved. Best value: 0.0368
[2026-02-05 19:57:42] INFO Best model checkpoint saved in saved/SASRec/noisy_5/2026-02-05-19-52-29-816468.ckpt.
[2026-02-05 19:57:56] INFO {'epoch': 24, 'toy_5_ndcg@20': tensor(0.0369), 'toy_5_recall@20': tensor(0.0785), 'ndcg@20': tensor(0.0369), 'recall@20': tensor(0.0785), 'train_loss_0': tensor(0.5468, device='cuda:0')}
[2026-02-05 19:57:56] INFO training_time: 301.35800552368164
[2026-02-05 19:57:56] INFO inference_time: 20.294671773910522
[2026-02-05 19:57:56] INFO ndcg@20 improved. Best value: 0.0369
[2026-02-05 19:57:56] INFO Best model checkpoint saved in saved/SASRec/noisy_5/2026-02-05-19-52-29-816468.ckpt.
[2026-02-05 19:58:10] INFO {'epoch': 25, 'toy_5_ndcg@20': tensor(0.0371), 'toy_5_recall@20': tensor(0.0783), 'ndcg@20': tensor(0.0371), 'recall@20': tensor(0.0783), 'train_loss_0': tensor(0.5381, device='cuda:0')}
[2026-02-05 19:58:10] INFO training_time: 314.4252667427063
[2026-02-05 19:58:10] INFO inference_time: 21.19235587120056
[2026-02-05 19:58:10] INFO ndcg@20 improved. Best value: 0.0371
[2026-02-05 19:58:10] INFO Best model checkpoint saved in saved/SASRec/noisy_5/2026-02-05-19-52-29-816468.ckpt.
[2026-02-05 19:58:23] INFO {'epoch': 26, 'toy_5_ndcg@20': tensor(0.0379), 'toy_5_recall@20': tensor(0.0787), 'ndcg@20': tensor(0.0379), 'recall@20': tensor(0.0787), 'train_loss_0': tensor(0.5290, device='cuda:0')}
[2026-02-05 19:58:23] INFO training_time: 327.39492893218994
[2026-02-05 19:58:23] INFO inference_time: 21.894057035446167
[2026-02-05 19:58:23] INFO ndcg@20 improved. Best value: 0.0379
[2026-02-05 19:58:24] INFO Best model checkpoint saved in saved/SASRec/noisy_5/2026-02-05-19-52-29-816468.ckpt.
[2026-02-05 19:58:37] INFO {'epoch': 27, 'toy_5_ndcg@20': tensor(0.0385), 'toy_5_recall@20': tensor(0.0808), 'ndcg@20': tensor(0.0385), 'recall@20': tensor(0.0808), 'train_loss_0': tensor(0.5204, device='cuda:0')}
[2026-02-05 19:58:37] INFO training_time: 340.3237774372101
[2026-02-05 19:58:37] INFO inference_time: 22.681097507476807
[2026-02-05 19:58:37] INFO ndcg@20 improved. Best value: 0.0385
[2026-02-05 19:58:37] INFO Best model checkpoint saved in saved/SASRec/noisy_5/2026-02-05-19-52-29-816468.ckpt.
[2026-02-05 19:58:51] INFO {'epoch': 28, 'toy_5_ndcg@20': tensor(0.0389), 'toy_5_recall@20': tensor(0.0815), 'ndcg@20': tensor(0.0389), 'recall@20': tensor(0.0815), 'train_loss_0': tensor(0.5136, device='cuda:0')}
[2026-02-05 19:58:51] INFO training_time: 353.48432993888855
[2026-02-05 19:58:51] INFO inference_time: 23.43394899368286
[2026-02-05 19:58:51] INFO ndcg@20 improved. Best value: 0.0389
[2026-02-05 19:58:51] INFO Best model checkpoint saved in saved/SASRec/noisy_5/2026-02-05-19-52-29-816468.ckpt.
[2026-02-05 19:59:05] INFO {'epoch': 29, 'toy_5_ndcg@20': tensor(0.0393), 'toy_5_recall@20': tensor(0.0815), 'ndcg@20': tensor(0.0393), 'recall@20': tensor(0.0815), 'train_loss_0': tensor(0.5049, device='cuda:0')}
[2026-02-05 19:59:05] INFO training_time: 366.6110289096832
[2026-02-05 19:59:05] INFO inference_time: 24.311502695083618
[2026-02-05 19:59:05] INFO ndcg@20 improved. Best value: 0.0393
[2026-02-05 19:59:05] INFO Best model checkpoint saved in saved/SASRec/noisy_5/2026-02-05-19-52-29-816468.ckpt.
[2026-02-05 19:59:19] INFO {'epoch': 30, 'toy_5_ndcg@20': tensor(0.0396), 'toy_5_recall@20': tensor(0.0803), 'ndcg@20': tensor(0.0396), 'recall@20': tensor(0.0803), 'train_loss_0': tensor(0.4970, device='cuda:0')}
[2026-02-05 19:59:19] INFO training_time: 379.4468710422516
[2026-02-05 19:59:19] INFO inference_time: 25.33063793182373
[2026-02-05 19:59:19] INFO ndcg@20 improved. Best value: 0.0396
[2026-02-05 19:59:19] INFO Best model checkpoint saved in saved/SASRec/noisy_5/2026-02-05-19-52-29-816468.ckpt.
[2026-02-05 19:59:33] INFO {'epoch': 31, 'toy_5_ndcg@20': tensor(0.0402), 'toy_5_recall@20': tensor(0.0823), 'ndcg@20': tensor(0.0402), 'recall@20': tensor(0.0823), 'train_loss_0': tensor(0.4899, device='cuda:0')}
[2026-02-05 19:59:33] INFO training_time: 392.49060678482056
[2026-02-05 19:59:33] INFO inference_time: 26.00935435295105
[2026-02-05 19:59:33] INFO ndcg@20 improved. Best value: 0.0402
[2026-02-05 19:59:33] INFO Best model checkpoint saved in saved/SASRec/noisy_5/2026-02-05-19-52-29-816468.ckpt.
[2026-02-05 19:59:46] INFO {'epoch': 32, 'toy_5_ndcg@20': tensor(0.0404), 'toy_5_recall@20': tensor(0.0836), 'ndcg@20': tensor(0.0404), 'recall@20': tensor(0.0836), 'train_loss_0': tensor(0.4877, device='cuda:0')}
[2026-02-05 19:59:46] INFO training_time: 405.52062797546387
[2026-02-05 19:59:46] INFO inference_time: 26.63370680809021
[2026-02-05 19:59:46] INFO ndcg@20 improved. Best value: 0.0404
[2026-02-05 19:59:46] INFO Best model checkpoint saved in saved/SASRec/noisy_5/2026-02-05-19-52-29-816468.ckpt.
[2026-02-05 20:00:00] INFO {'epoch': 33, 'toy_5_ndcg@20': tensor(0.0397), 'toy_5_recall@20': tensor(0.0811), 'ndcg@20': tensor(0.0397), 'recall@20': tensor(0.0811), 'train_loss_0': tensor(0.4800, device='cuda:0')}
[2026-02-05 20:00:00] INFO training_time: 418.64242339134216
[2026-02-05 20:00:00] INFO inference_time: 27.408660173416138
[2026-02-05 20:00:14] INFO {'epoch': 34, 'toy_5_ndcg@20': tensor(0.0394), 'toy_5_recall@20': tensor(0.0830), 'ndcg@20': tensor(0.0394), 'recall@20': tensor(0.0830), 'train_loss_0': tensor(0.4753, device='cuda:0')}
[2026-02-05 20:00:14] INFO training_time: 431.67962861061096
[2026-02-05 20:00:14] INFO inference_time: 28.02947759628296
[2026-02-05 20:00:28] INFO {'epoch': 35, 'toy_5_ndcg@20': tensor(0.0399), 'toy_5_recall@20': tensor(0.0829), 'ndcg@20': tensor(0.0399), 'recall@20': tensor(0.0829), 'train_loss_0': tensor(0.4659, device='cuda:0')}
[2026-02-05 20:00:28] INFO training_time: 444.72703862190247
[2026-02-05 20:00:28] INFO inference_time: 28.860276222229004
[2026-02-05 20:00:42] INFO {'epoch': 36, 'toy_5_ndcg@20': tensor(0.0390), 'toy_5_recall@20': tensor(0.0824), 'ndcg@20': tensor(0.0390), 'recall@20': tensor(0.0824), 'train_loss_0': tensor(0.4673, device='cuda:0')}
[2026-02-05 20:00:42] INFO training_time: 457.79843378067017
[2026-02-05 20:00:42] INFO inference_time: 29.654555559158325
[2026-02-05 20:00:56] INFO {'epoch': 37, 'toy_5_ndcg@20': tensor(0.0402), 'toy_5_recall@20': tensor(0.0849), 'ndcg@20': tensor(0.0402), 'recall@20': tensor(0.0849), 'train_loss_0': tensor(0.4592, device='cuda:0')}
[2026-02-05 20:00:56] INFO training_time: 470.84041953086853
[2026-02-05 20:00:56] INFO inference_time: 30.443477630615234
[2026-02-05 20:01:10] INFO {'epoch': 38, 'toy_5_ndcg@20': tensor(0.0403), 'toy_5_recall@20': tensor(0.0836), 'ndcg@20': tensor(0.0403), 'recall@20': tensor(0.0836), 'train_loss_0': tensor(0.4586, device='cuda:0')}
[2026-02-05 20:01:10] INFO training_time: 484.03731513023376
[2026-02-05 20:01:10] INFO inference_time: 31.267956495285034
[2026-02-05 20:01:24] INFO {'epoch': 39, 'toy_5_ndcg@20': tensor(0.0402), 'toy_5_recall@20': tensor(0.0835), 'ndcg@20': tensor(0.0402), 'recall@20': tensor(0.0835), 'train_loss_0': tensor(0.4535, device='cuda:0')}
[2026-02-05 20:01:24] INFO training_time: 497.0471251010895
[2026-02-05 20:01:24] INFO inference_time: 32.11337184906006
[2026-02-05 20:01:38] INFO {'epoch': 40, 'toy_5_ndcg@20': tensor(0.0410), 'toy_5_recall@20': tensor(0.0855), 'ndcg@20': tensor(0.0410), 'recall@20': tensor(0.0855), 'train_loss_0': tensor(0.4462, device='cuda:0')}
[2026-02-05 20:01:38] INFO training_time: 510.07289958000183
[2026-02-05 20:01:38] INFO inference_time: 33.18457365036011
[2026-02-05 20:01:38] INFO ndcg@20 improved. Best value: 0.0410
[2026-02-05 20:01:38] INFO Best model checkpoint saved in saved/SASRec/noisy_5/2026-02-05-19-52-29-816468.ckpt.
[2026-02-05 20:01:51] INFO {'epoch': 41, 'toy_5_ndcg@20': tensor(0.0415), 'toy_5_recall@20': tensor(0.0862), 'ndcg@20': tensor(0.0415), 'recall@20': tensor(0.0862), 'train_loss_0': tensor(0.4513, device='cuda:0')}
[2026-02-05 20:01:51] INFO training_time: 523.1065592765808
[2026-02-05 20:01:51] INFO inference_time: 33.85902953147888
[2026-02-05 20:01:51] INFO ndcg@20 improved. Best value: 0.0415
[2026-02-05 20:01:51] INFO Best model checkpoint saved in saved/SASRec/noisy_5/2026-02-05-19-52-29-816468.ckpt.
[2026-02-05 20:02:05] INFO {'epoch': 42, 'toy_5_ndcg@20': tensor(0.0413), 'toy_5_recall@20': tensor(0.0857), 'ndcg@20': tensor(0.0413), 'recall@20': tensor(0.0857), 'train_loss_0': tensor(0.4468, device='cuda:0')}
[2026-02-05 20:02:05] INFO training_time: 536.0747067928314
[2026-02-05 20:02:05] INFO inference_time: 34.489924907684326
[2026-02-05 20:02:18] INFO {'epoch': 43, 'toy_5_ndcg@20': tensor(0.0416), 'toy_5_recall@20': tensor(0.0871), 'ndcg@20': tensor(0.0416), 'recall@20': tensor(0.0871), 'train_loss_0': tensor(0.4410, device='cuda:0')}
[2026-02-05 20:02:18] INFO training_time: 548.8414704799652
[2026-02-05 20:02:18] INFO inference_time: 35.1122031211853
[2026-02-05 20:02:18] INFO ndcg@20 improved. Best value: 0.0416
[2026-02-05 20:02:18] INFO Best model checkpoint saved in saved/SASRec/noisy_5/2026-02-05-19-52-29-816468.ckpt.
[2026-02-05 20:02:32] INFO {'epoch': 44, 'toy_5_ndcg@20': tensor(0.0408), 'toy_5_recall@20': tensor(0.0854), 'ndcg@20': tensor(0.0408), 'recall@20': tensor(0.0854), 'train_loss_0': tensor(0.4407, device='cuda:0')}
[2026-02-05 20:02:32] INFO training_time: 562.0154340267181
[2026-02-05 20:02:32] INFO inference_time: 35.817346811294556
[2026-02-05 20:02:46] INFO {'epoch': 45, 'toy_5_ndcg@20': tensor(0.0403), 'toy_5_recall@20': tensor(0.0851), 'ndcg@20': tensor(0.0403), 'recall@20': tensor(0.0851), 'train_loss_0': tensor(0.4392, device='cuda:0')}
[2026-02-05 20:02:46] INFO training_time: 574.9462010860443
[2026-02-05 20:02:46] INFO inference_time: 36.49641680717468
[2026-02-05 20:03:00] INFO {'epoch': 46, 'toy_5_ndcg@20': tensor(0.0406), 'toy_5_recall@20': tensor(0.0846), 'ndcg@20': tensor(0.0406), 'recall@20': tensor(0.0846), 'train_loss_0': tensor(0.4353, device='cuda:0')}
[2026-02-05 20:03:00] INFO training_time: 588.0764267444611
[2026-02-05 20:03:00] INFO inference_time: 37.262518882751465
[2026-02-05 20:03:14] INFO {'epoch': 47, 'toy_5_ndcg@20': tensor(0.0409), 'toy_5_recall@20': tensor(0.0849), 'ndcg@20': tensor(0.0409), 'recall@20': tensor(0.0849), 'train_loss_0': tensor(0.4305, device='cuda:0')}
[2026-02-05 20:03:14] INFO training_time: 601.0823855400085
[2026-02-05 20:03:14] INFO inference_time: 38.01253628730774
[2026-02-05 20:03:27] INFO {'epoch': 48, 'toy_5_ndcg@20': tensor(0.0416), 'toy_5_recall@20': tensor(0.0873), 'ndcg@20': tensor(0.0416), 'recall@20': tensor(0.0873), 'train_loss_0': tensor(0.4287, device='cuda:0')}
[2026-02-05 20:03:27] INFO training_time: 614.1145777702332
[2026-02-05 20:03:27] INFO inference_time: 38.73162317276001
[2026-02-05 20:03:41] INFO {'epoch': 49, 'toy_5_ndcg@20': tensor(0.0418), 'toy_5_recall@20': tensor(0.0863), 'ndcg@20': tensor(0.0418), 'recall@20': tensor(0.0863), 'train_loss_0': tensor(0.4264, device='cuda:0')}
[2026-02-05 20:03:41] INFO training_time: 627.2079284191132
[2026-02-05 20:03:41] INFO inference_time: 39.57867956161499
[2026-02-05 20:03:41] INFO ndcg@20 improved. Best value: 0.0418
[2026-02-05 20:03:41] INFO Best model checkpoint saved in saved/SASRec/noisy_5/2026-02-05-19-52-29-816468.ckpt.
[2026-02-05 20:03:56] INFO {'epoch': 50, 'toy_5_ndcg@20': tensor(0.0418), 'toy_5_recall@20': tensor(0.0868), 'ndcg@20': tensor(0.0418), 'recall@20': tensor(0.0868), 'train_loss_0': tensor(0.4222, device='cuda:0')}
[2026-02-05 20:03:56] INFO training_time: 640.4920229911804
[2026-02-05 20:03:56] INFO inference_time: 40.59908866882324
[2026-02-05 20:04:10] INFO {'epoch': 51, 'toy_5_ndcg@20': tensor(0.0416), 'toy_5_recall@20': tensor(0.0885), 'ndcg@20': tensor(0.0416), 'recall@20': tensor(0.0885), 'train_loss_0': tensor(0.4256, device='cuda:0')}
[2026-02-05 20:04:10] INFO training_time: 653.6411507129669
[2026-02-05 20:04:10] INFO inference_time: 41.450939893722534
[2026-02-05 20:04:23] INFO {'epoch': 52, 'toy_5_ndcg@20': tensor(0.0408), 'toy_5_recall@20': tensor(0.0866), 'ndcg@20': tensor(0.0408), 'recall@20': tensor(0.0866), 'train_loss_0': tensor(0.4188, device='cuda:0')}
[2026-02-05 20:04:23] INFO training_time: 666.56108045578
[2026-02-05 20:04:23] INFO inference_time: 42.262694358825684
[2026-02-05 20:04:37] INFO {'epoch': 53, 'toy_5_ndcg@20': tensor(0.0419), 'toy_5_recall@20': tensor(0.0889), 'ndcg@20': tensor(0.0419), 'recall@20': tensor(0.0889), 'train_loss_0': tensor(0.4165, device='cuda:0')}
[2026-02-05 20:04:37] INFO training_time: 679.616030216217
[2026-02-05 20:04:37] INFO inference_time: 42.9305305480957
[2026-02-05 20:04:37] INFO ndcg@20 improved. Best value: 0.0419
[2026-02-05 20:04:37] INFO Best model checkpoint saved in saved/SASRec/noisy_5/2026-02-05-19-52-29-816468.ckpt.
[2026-02-05 20:04:51] INFO {'epoch': 54, 'toy_5_ndcg@20': tensor(0.0412), 'toy_5_recall@20': tensor(0.0861), 'ndcg@20': tensor(0.0412), 'recall@20': tensor(0.0861), 'train_loss_0': tensor(0.4152, device='cuda:0')}
[2026-02-05 20:04:51] INFO training_time: 692.6345236301422
[2026-02-05 20:04:51] INFO inference_time: 43.672953367233276
[2026-02-05 20:05:05] INFO {'epoch': 55, 'toy_5_ndcg@20': tensor(0.0416), 'toy_5_recall@20': tensor(0.0872), 'ndcg@20': tensor(0.0416), 'recall@20': tensor(0.0872), 'train_loss_0': tensor(0.4180, device='cuda:0')}
[2026-02-05 20:05:05] INFO training_time: 705.6783950328827
[2026-02-05 20:05:05] INFO inference_time: 44.41555976867676
[2026-02-05 20:05:19] INFO {'epoch': 56, 'toy_5_ndcg@20': tensor(0.0418), 'toy_5_recall@20': tensor(0.0874), 'ndcg@20': tensor(0.0418), 'recall@20': tensor(0.0874), 'train_loss_0': tensor(0.4150, device='cuda:0')}
[2026-02-05 20:05:19] INFO training_time: 718.7507088184357
[2026-02-05 20:05:19] INFO inference_time: 45.14937424659729
[2026-02-05 20:05:32] INFO {'epoch': 57, 'toy_5_ndcg@20': tensor(0.0421), 'toy_5_recall@20': tensor(0.0870), 'ndcg@20': tensor(0.0421), 'recall@20': tensor(0.0870), 'train_loss_0': tensor(0.4112, device='cuda:0')}
[2026-02-05 20:05:32] INFO training_time: 731.8163151741028
[2026-02-05 20:05:32] INFO inference_time: 45.85517716407776
[2026-02-05 20:05:32] INFO ndcg@20 improved. Best value: 0.0421
[2026-02-05 20:05:32] INFO Best model checkpoint saved in saved/SASRec/noisy_5/2026-02-05-19-52-29-816468.ckpt.
[2026-02-05 20:05:46] INFO {'epoch': 58, 'toy_5_ndcg@20': tensor(0.0428), 'toy_5_recall@20': tensor(0.0888), 'ndcg@20': tensor(0.0428), 'recall@20': tensor(0.0888), 'train_loss_0': tensor(0.4101, device='cuda:0')}
[2026-02-05 20:05:46] INFO training_time: 744.7424478530884
[2026-02-05 20:05:46] INFO inference_time: 46.61781144142151
[2026-02-05 20:05:46] INFO ndcg@20 improved. Best value: 0.0428
[2026-02-05 20:05:46] INFO Best model checkpoint saved in saved/SASRec/noisy_5/2026-02-05-19-52-29-816468.ckpt.
[2026-02-05 20:06:00] INFO {'epoch': 59, 'toy_5_ndcg@20': tensor(0.0423), 'toy_5_recall@20': tensor(0.0872), 'ndcg@20': tensor(0.0423), 'recall@20': tensor(0.0872), 'train_loss_0': tensor(0.4128, device='cuda:0')}
[2026-02-05 20:06:00] INFO training_time: 757.7555437088013
[2026-02-05 20:06:00] INFO inference_time: 47.304646492004395
[2026-02-05 20:06:14] INFO {'epoch': 60, 'toy_5_ndcg@20': tensor(0.0422), 'toy_5_recall@20': tensor(0.0884), 'ndcg@20': tensor(0.0422), 'recall@20': tensor(0.0884), 'train_loss_0': tensor(0.4097, device='cuda:0')}
[2026-02-05 20:06:14] INFO training_time: 770.8648073673248
[2026-02-05 20:06:14] INFO inference_time: 48.19134163856506
[2026-02-05 20:06:27] INFO {'epoch': 61, 'toy_5_ndcg@20': tensor(0.0423), 'toy_5_recall@20': tensor(0.0888), 'ndcg@20': tensor(0.0423), 'recall@20': tensor(0.0888), 'train_loss_0': tensor(0.4072, device='cuda:0')}
[2026-02-05 20:06:27] INFO training_time: 783.8507287502289
[2026-02-05 20:06:27] INFO inference_time: 48.888399839401245
[2026-02-05 20:06:41] INFO {'epoch': 62, 'toy_5_ndcg@20': tensor(0.0427), 'toy_5_recall@20': tensor(0.0896), 'ndcg@20': tensor(0.0427), 'recall@20': tensor(0.0896), 'train_loss_0': tensor(0.4111, device='cuda:0')}
[2026-02-05 20:06:41] INFO training_time: 796.7898705005646
[2026-02-05 20:06:41] INFO inference_time: 49.80805468559265
[2026-02-05 20:06:55] INFO {'epoch': 63, 'toy_5_ndcg@20': tensor(0.0420), 'toy_5_recall@20': tensor(0.0892), 'ndcg@20': tensor(0.0420), 'recall@20': tensor(0.0892), 'train_loss_0': tensor(0.4067, device='cuda:0')}
[2026-02-05 20:06:55] INFO training_time: 809.7342371940613
[2026-02-05 20:06:55] INFO inference_time: 50.60441184043884
[2026-02-05 20:07:09] INFO {'epoch': 64, 'toy_5_ndcg@20': tensor(0.0425), 'toy_5_recall@20': tensor(0.0905), 'ndcg@20': tensor(0.0425), 'recall@20': tensor(0.0905), 'train_loss_0': tensor(0.4045, device='cuda:0')}
[2026-02-05 20:07:09] INFO training_time: 822.7727255821228
[2026-02-05 20:07:09] INFO inference_time: 51.357008934020996
[2026-02-05 20:07:23] INFO {'epoch': 65, 'toy_5_ndcg@20': tensor(0.0429), 'toy_5_recall@20': tensor(0.0911), 'ndcg@20': tensor(0.0429), 'recall@20': tensor(0.0911), 'train_loss_0': tensor(0.3952, device='cuda:0')}
[2026-02-05 20:07:23] INFO training_time: 835.8174142837524
[2026-02-05 20:07:23] INFO inference_time: 52.090083599090576
[2026-02-05 20:07:23] INFO ndcg@20 improved. Best value: 0.0429
[2026-02-05 20:07:23] INFO Best model checkpoint saved in saved/SASRec/noisy_5/2026-02-05-19-52-29-816468.ckpt.
[2026-02-05 20:07:37] INFO {'epoch': 66, 'toy_5_ndcg@20': tensor(0.0433), 'toy_5_recall@20': tensor(0.0904), 'ndcg@20': tensor(0.0433), 'recall@20': tensor(0.0904), 'train_loss_0': tensor(0.3982, device='cuda:0')}
[2026-02-05 20:07:37] INFO training_time: 848.8677673339844
[2026-02-05 20:07:37] INFO inference_time: 52.95232391357422
[2026-02-05 20:07:37] INFO ndcg@20 improved. Best value: 0.0433
[2026-02-05 20:07:37] INFO Best model checkpoint saved in saved/SASRec/noisy_5/2026-02-05-19-52-29-816468.ckpt.
[2026-02-05 20:07:50] INFO {'epoch': 67, 'toy_5_ndcg@20': tensor(0.0415), 'toy_5_recall@20': tensor(0.0879), 'ndcg@20': tensor(0.0415), 'recall@20': tensor(0.0879), 'train_loss_0': tensor(0.4053, device='cuda:0')}
[2026-02-05 20:07:50] INFO training_time: 861.8657443523407
[2026-02-05 20:07:50] INFO inference_time: 53.74037504196167
[2026-02-05 20:08:04] INFO {'epoch': 68, 'toy_5_ndcg@20': tensor(0.0423), 'toy_5_recall@20': tensor(0.0888), 'ndcg@20': tensor(0.0423), 'recall@20': tensor(0.0888), 'train_loss_0': tensor(0.4001, device='cuda:0')}
[2026-02-05 20:08:04] INFO training_time: 874.7266120910645
[2026-02-05 20:08:04] INFO inference_time: 54.595298290252686
[2026-02-05 20:08:18] INFO {'epoch': 69, 'toy_5_ndcg@20': tensor(0.0428), 'toy_5_recall@20': tensor(0.0887), 'ndcg@20': tensor(0.0428), 'recall@20': tensor(0.0887), 'train_loss_0': tensor(0.3922, device='cuda:0')}
[2026-02-05 20:08:18] INFO training_time: 887.8346076011658
[2026-02-05 20:08:18] INFO inference_time: 55.41628313064575
[2026-02-05 20:08:32] INFO {'epoch': 70, 'toy_5_ndcg@20': tensor(0.0428), 'toy_5_recall@20': tensor(0.0901), 'ndcg@20': tensor(0.0428), 'recall@20': tensor(0.0901), 'train_loss_0': tensor(0.3922, device='cuda:0')}
[2026-02-05 20:08:32] INFO training_time: 900.874550819397
[2026-02-05 20:08:32] INFO inference_time: 56.40032911300659
[2026-02-05 20:08:46] INFO {'epoch': 71, 'toy_5_ndcg@20': tensor(0.0434), 'toy_5_recall@20': tensor(0.0902), 'ndcg@20': tensor(0.0434), 'recall@20': tensor(0.0902), 'train_loss_0': tensor(0.3962, device='cuda:0')}
[2026-02-05 20:08:46] INFO training_time: 914.0655722618103
[2026-02-05 20:08:46] INFO inference_time: 57.16447710990906
[2026-02-05 20:08:46] INFO ndcg@20 improved. Best value: 0.0434
[2026-02-05 20:08:46] INFO Best model checkpoint saved in saved/SASRec/noisy_5/2026-02-05-19-52-29-816468.ckpt.
[2026-02-05 20:09:00] INFO {'epoch': 72, 'toy_5_ndcg@20': tensor(0.0428), 'toy_5_recall@20': tensor(0.0889), 'ndcg@20': tensor(0.0428), 'recall@20': tensor(0.0889), 'train_loss_0': tensor(0.3923, device='cuda:0')}
[2026-02-05 20:09:00] INFO training_time: 927.1956713199615
[2026-02-05 20:09:00] INFO inference_time: 57.966593980789185
[2026-02-05 20:09:14] INFO {'epoch': 73, 'toy_5_ndcg@20': tensor(0.0435), 'toy_5_recall@20': tensor(0.0910), 'ndcg@20': tensor(0.0435), 'recall@20': tensor(0.0910), 'train_loss_0': tensor(0.3877, device='cuda:0')}
[2026-02-05 20:09:14] INFO training_time: 940.2363200187683
[2026-02-05 20:09:14] INFO inference_time: 58.61996030807495
[2026-02-05 20:09:14] INFO ndcg@20 improved. Best value: 0.0435
[2026-02-05 20:09:14] INFO Best model checkpoint saved in saved/SASRec/noisy_5/2026-02-05-19-52-29-816468.ckpt.
[2026-02-05 20:09:28] INFO {'epoch': 74, 'toy_5_ndcg@20': tensor(0.0436), 'toy_5_recall@20': tensor(0.0895), 'ndcg@20': tensor(0.0436), 'recall@20': tensor(0.0895), 'train_loss_0': tensor(0.3943, device='cuda:0')}
[2026-02-05 20:09:28] INFO training_time: 953.2882313728333
[2026-02-05 20:09:28] INFO inference_time: 59.40354061126709
[2026-02-05 20:09:28] INFO ndcg@20 improved. Best value: 0.0436
[2026-02-05 20:09:28] INFO Best model checkpoint saved in saved/SASRec/noisy_5/2026-02-05-19-52-29-816468.ckpt.
[2026-02-05 20:09:41] INFO {'epoch': 75, 'toy_5_ndcg@20': tensor(0.0427), 'toy_5_recall@20': tensor(0.0892), 'ndcg@20': tensor(0.0427), 'recall@20': tensor(0.0892), 'train_loss_0': tensor(0.3886, device='cuda:0')}
[2026-02-05 20:09:41] INFO training_time: 966.4678511619568
[2026-02-05 20:09:41] INFO inference_time: 60.10345768928528
[2026-02-05 20:09:55] INFO {'epoch': 76, 'toy_5_ndcg@20': tensor(0.0429), 'toy_5_recall@20': tensor(0.0889), 'ndcg@20': tensor(0.0429), 'recall@20': tensor(0.0889), 'train_loss_0': tensor(0.3898, device='cuda:0')}
[2026-02-05 20:09:55] INFO training_time: 979.3324475288391
[2026-02-05 20:09:55] INFO inference_time: 60.919198513031006
[2026-02-05 20:10:09] INFO {'epoch': 77, 'toy_5_ndcg@20': tensor(0.0433), 'toy_5_recall@20': tensor(0.0897), 'ndcg@20': tensor(0.0433), 'recall@20': tensor(0.0897), 'train_loss_0': tensor(0.3888, device='cuda:0')}
[2026-02-05 20:10:09] INFO training_time: 992.1371605396271
[2026-02-05 20:10:09] INFO inference_time: 61.610270261764526
[2026-02-05 20:10:23] INFO {'epoch': 78, 'toy_5_ndcg@20': tensor(0.0427), 'toy_5_recall@20': tensor(0.0886), 'ndcg@20': tensor(0.0427), 'recall@20': tensor(0.0886), 'train_loss_0': tensor(0.3905, device='cuda:0')}
[2026-02-05 20:10:23] INFO training_time: 1005.3634250164032
[2026-02-05 20:10:23] INFO inference_time: 62.25481700897217
[2026-02-05 20:10:36] INFO {'epoch': 79, 'toy_5_ndcg@20': tensor(0.0431), 'toy_5_recall@20': tensor(0.0893), 'ndcg@20': tensor(0.0431), 'recall@20': tensor(0.0893), 'train_loss_0': tensor(0.3882, device='cuda:0')}
[2026-02-05 20:10:36] INFO training_time: 1018.4020195007324
[2026-02-05 20:10:36] INFO inference_time: 62.95586371421814
[2026-02-05 20:10:50] INFO {'epoch': 80, 'toy_5_ndcg@20': tensor(0.0431), 'toy_5_recall@20': tensor(0.0907), 'ndcg@20': tensor(0.0431), 'recall@20': tensor(0.0907), 'train_loss_0': tensor(0.3862, device='cuda:0')}
[2026-02-05 20:10:50] INFO training_time: 1031.524909734726
[2026-02-05 20:10:50] INFO inference_time: 63.99141001701355
[2026-02-05 20:11:04] INFO {'epoch': 81, 'toy_5_ndcg@20': tensor(0.0429), 'toy_5_recall@20': tensor(0.0914), 'ndcg@20': tensor(0.0429), 'recall@20': tensor(0.0914), 'train_loss_0': tensor(0.3863, device='cuda:0')}
[2026-02-05 20:11:04] INFO training_time: 1044.670399427414
[2026-02-05 20:11:04] INFO inference_time: 64.7141740322113
[2026-02-05 20:11:18] INFO {'epoch': 82, 'toy_5_ndcg@20': tensor(0.0438), 'toy_5_recall@20': tensor(0.0910), 'ndcg@20': tensor(0.0438), 'recall@20': tensor(0.0910), 'train_loss_0': tensor(0.3886, device='cuda:0')}
[2026-02-05 20:11:18] INFO training_time: 1057.7505288124084
[2026-02-05 20:11:18] INFO inference_time: 65.45046734809875
[2026-02-05 20:11:18] INFO ndcg@20 improved. Best value: 0.0438
[2026-02-05 20:11:18] INFO Best model checkpoint saved in saved/SASRec/noisy_5/2026-02-05-19-52-29-816468.ckpt.
[2026-02-05 20:11:32] INFO {'epoch': 83, 'toy_5_ndcg@20': tensor(0.0444), 'toy_5_recall@20': tensor(0.0917), 'ndcg@20': tensor(0.0444), 'recall@20': tensor(0.0917), 'train_loss_0': tensor(0.3831, device='cuda:0')}
[2026-02-05 20:11:32] INFO training_time: 1070.7224419116974
[2026-02-05 20:11:32] INFO inference_time: 66.17938613891602
[2026-02-05 20:11:32] INFO ndcg@20 improved. Best value: 0.0444
[2026-02-05 20:11:32] INFO Best model checkpoint saved in saved/SASRec/noisy_5/2026-02-05-19-52-29-816468.ckpt.
[2026-02-05 20:11:46] INFO {'epoch': 84, 'toy_5_ndcg@20': tensor(0.0441), 'toy_5_recall@20': tensor(0.0919), 'ndcg@20': tensor(0.0441), 'recall@20': tensor(0.0919), 'train_loss_0': tensor(0.3796, device='cuda:0')}
[2026-02-05 20:11:46] INFO training_time: 1083.6822991371155
[2026-02-05 20:11:46] INFO inference_time: 66.88038921356201
[2026-02-05 20:11:59] INFO {'epoch': 85, 'toy_5_ndcg@20': tensor(0.0439), 'toy_5_recall@20': tensor(0.0905), 'ndcg@20': tensor(0.0439), 'recall@20': tensor(0.0905), 'train_loss_0': tensor(0.3811, device='cuda:0')}
[2026-02-05 20:11:59] INFO training_time: 1096.6116790771484
[2026-02-05 20:11:59] INFO inference_time: 67.59114837646484
[2026-02-05 20:12:13] INFO {'epoch': 86, 'toy_5_ndcg@20': tensor(0.0441), 'toy_5_recall@20': tensor(0.0909), 'ndcg@20': tensor(0.0441), 'recall@20': tensor(0.0909), 'train_loss_0': tensor(0.3777, device='cuda:0')}
[2026-02-05 20:12:13] INFO training_time: 1109.6939537525177
[2026-02-05 20:12:13] INFO inference_time: 68.28922724723816
[2026-02-05 20:12:27] INFO {'epoch': 87, 'toy_5_ndcg@20': tensor(0.0435), 'toy_5_recall@20': tensor(0.0907), 'ndcg@20': tensor(0.0435), 'recall@20': tensor(0.0907), 'train_loss_0': tensor(0.3808, device='cuda:0')}
[2026-02-05 20:12:27] INFO training_time: 1122.770851135254
[2026-02-05 20:12:27] INFO inference_time: 68.97479295730591
[2026-02-05 20:12:41] INFO {'epoch': 88, 'toy_5_ndcg@20': tensor(0.0446), 'toy_5_recall@20': tensor(0.0922), 'ndcg@20': tensor(0.0446), 'recall@20': tensor(0.0922), 'train_loss_0': tensor(0.3789, device='cuda:0')}
[2026-02-05 20:12:41] INFO training_time: 1135.860978603363
[2026-02-05 20:12:41] INFO inference_time: 69.75040459632874
[2026-02-05 20:12:41] INFO ndcg@20 improved. Best value: 0.0446
[2026-02-05 20:12:41] INFO Best model checkpoint saved in saved/SASRec/noisy_5/2026-02-05-19-52-29-816468.ckpt.
[2026-02-05 20:12:54] INFO {'epoch': 89, 'toy_5_ndcg@20': tensor(0.0440), 'toy_5_recall@20': tensor(0.0913), 'ndcg@20': tensor(0.0440), 'recall@20': tensor(0.0913), 'train_loss_0': tensor(0.3819, device='cuda:0')}
[2026-02-05 20:12:54] INFO training_time: 1148.8889510631561
[2026-02-05 20:12:54] INFO inference_time: 70.43036341667175
[2026-02-05 20:13:09] INFO {'epoch': 90, 'toy_5_ndcg@20': tensor(0.0443), 'toy_5_recall@20': tensor(0.0927), 'ndcg@20': tensor(0.0443), 'recall@20': tensor(0.0927), 'train_loss_0': tensor(0.3776, device='cuda:0')}
[2026-02-05 20:13:09] INFO training_time: 1162.008112192154
[2026-02-05 20:13:09] INFO inference_time: 71.47601270675659
[2026-02-05 20:13:22] INFO {'epoch': 91, 'toy_5_ndcg@20': tensor(0.0440), 'toy_5_recall@20': tensor(0.0917), 'ndcg@20': tensor(0.0440), 'recall@20': tensor(0.0917), 'train_loss_0': tensor(0.3797, device='cuda:0')}
[2026-02-05 20:13:22] INFO training_time: 1175.083298444748
[2026-02-05 20:13:22] INFO inference_time: 72.16266226768494
[2026-02-05 20:13:36] INFO {'epoch': 92, 'toy_5_ndcg@20': tensor(0.0446), 'toy_5_recall@20': tensor(0.0914), 'ndcg@20': tensor(0.0446), 'recall@20': tensor(0.0914), 'train_loss_0': tensor(0.3750, device='cuda:0')}
[2026-02-05 20:13:36] INFO training_time: 1188.1861844062805
[2026-02-05 20:13:36] INFO inference_time: 73.0056209564209
[2026-02-05 20:13:50] INFO {'epoch': 93, 'toy_5_ndcg@20': tensor(0.0437), 'toy_5_recall@20': tensor(0.0893), 'ndcg@20': tensor(0.0437), 'recall@20': tensor(0.0893), 'train_loss_0': tensor(0.3786, device='cuda:0')}
[2026-02-05 20:13:50] INFO training_time: 1201.1599357128143
[2026-02-05 20:13:50] INFO inference_time: 73.77985525131226
[2026-02-05 20:14:04] INFO {'epoch': 94, 'toy_5_ndcg@20': tensor(0.0433), 'toy_5_recall@20': tensor(0.0889), 'ndcg@20': tensor(0.0433), 'recall@20': tensor(0.0889), 'train_loss_0': tensor(0.3780, device='cuda:0')}
[2026-02-05 20:14:04] INFO training_time: 1214.1517782211304
[2026-02-05 20:14:04] INFO inference_time: 74.56652450561523
[2026-02-05 20:14:18] INFO {'epoch': 95, 'toy_5_ndcg@20': tensor(0.0438), 'toy_5_recall@20': tensor(0.0900), 'ndcg@20': tensor(0.0438), 'recall@20': tensor(0.0900), 'train_loss_0': tensor(0.3737, device='cuda:0')}
[2026-02-05 20:14:18] INFO training_time: 1227.1301445960999
[2026-02-05 20:14:18] INFO inference_time: 75.37058138847351
[2026-02-05 20:14:31] INFO {'epoch': 96, 'toy_5_ndcg@20': tensor(0.0431), 'toy_5_recall@20': tensor(0.0899), 'ndcg@20': tensor(0.0431), 'recall@20': tensor(0.0899), 'train_loss_0': tensor(0.3749, device='cuda:0')}
[2026-02-05 20:14:31] INFO training_time: 1240.0665612220764
[2026-02-05 20:14:31] INFO inference_time: 76.21830773353577
[2026-02-05 20:14:45] INFO {'epoch': 97, 'toy_5_ndcg@20': tensor(0.0433), 'toy_5_recall@20': tensor(0.0894), 'ndcg@20': tensor(0.0433), 'recall@20': tensor(0.0894), 'train_loss_0': tensor(0.3743, device='cuda:0')}
[2026-02-05 20:14:45] INFO training_time: 1253.0047898292542
[2026-02-05 20:14:45] INFO inference_time: 76.94797778129578
[2026-02-05 20:14:59] INFO {'epoch': 98, 'toy_5_ndcg@20': tensor(0.0430), 'toy_5_recall@20': tensor(0.0885), 'ndcg@20': tensor(0.0430), 'recall@20': tensor(0.0885), 'train_loss_0': tensor(0.3763, device='cuda:0')}
[2026-02-05 20:14:59] INFO training_time: 1266.068995475769
[2026-02-05 20:14:59] INFO inference_time: 77.67032361030579
[2026-02-05 20:15:13] INFO {'epoch': 99, 'toy_5_ndcg@20': tensor(0.0431), 'toy_5_recall@20': tensor(0.0895), 'ndcg@20': tensor(0.0431), 'recall@20': tensor(0.0895), 'train_loss_0': tensor(0.3726, device='cuda:0')}
[2026-02-05 20:15:13] INFO training_time: 1279.0545806884766
[2026-02-05 20:15:13] INFO inference_time: 78.50292181968689
[2026-02-05 20:15:27] INFO {'epoch': 100, 'toy_5_ndcg@20': tensor(0.0440), 'toy_5_recall@20': tensor(0.0903), 'ndcg@20': tensor(0.0440), 'recall@20': tensor(0.0903), 'train_loss_0': tensor(0.3705, device='cuda:0')}
[2026-02-05 20:15:27] INFO training_time: 1292.0266697406769
[2026-02-05 20:15:27] INFO inference_time: 80.01669573783875
[2026-02-05 20:15:41] INFO {'epoch': 101, 'toy_5_ndcg@20': tensor(0.0439), 'toy_5_recall@20': tensor(0.0919), 'ndcg@20': tensor(0.0439), 'recall@20': tensor(0.0919), 'train_loss_0': tensor(0.3729, device='cuda:0')}
[2026-02-05 20:15:41] INFO training_time: 1305.0174458026886
[2026-02-05 20:15:41] INFO inference_time: 80.88123154640198
[2026-02-05 20:15:55] INFO {'epoch': 102, 'toy_5_ndcg@20': tensor(0.0434), 'toy_5_recall@20': tensor(0.0910), 'ndcg@20': tensor(0.0434), 'recall@20': tensor(0.0910), 'train_loss_0': tensor(0.3733, device='cuda:0')}
[2026-02-05 20:15:55] INFO training_time: 1318.0827341079712
[2026-02-05 20:15:55] INFO inference_time: 81.51535153388977
[2026-02-05 20:16:09] INFO {'epoch': 103, 'toy_5_ndcg@20': tensor(0.0432), 'toy_5_recall@20': tensor(0.0913), 'ndcg@20': tensor(0.0432), 'recall@20': tensor(0.0913), 'train_loss_0': tensor(0.3671, device='cuda:0')}
[2026-02-05 20:16:09] INFO training_time: 1331.2080171108246
[2026-02-05 20:16:09] INFO inference_time: 82.24809527397156
[2026-02-05 20:16:23] INFO {'epoch': 104, 'toy_5_ndcg@20': tensor(0.0443), 'toy_5_recall@20': tensor(0.0943), 'ndcg@20': tensor(0.0443), 'recall@20': tensor(0.0943), 'train_loss_0': tensor(0.3697, device='cuda:0')}
[2026-02-05 20:16:23] INFO training_time: 1344.269861459732
[2026-02-05 20:16:23] INFO inference_time: 82.98936009407043
[2026-02-05 20:16:35] INFO {'epoch': 105, 'toy_5_ndcg@20': tensor(0.0440), 'toy_5_recall@20': tensor(0.0935), 'ndcg@20': tensor(0.0440), 'recall@20': tensor(0.0935), 'train_loss_0': tensor(0.3734, device='cuda:0')}
[2026-02-05 20:16:35] INFO training_time: 1356.4374661445618
[2026-02-05 20:16:35] INFO inference_time: 83.70169425010681
[2026-02-05 20:16:46] INFO {'epoch': 106, 'toy_5_ndcg@20': tensor(0.0433), 'toy_5_recall@20': tensor(0.0919), 'ndcg@20': tensor(0.0433), 'recall@20': tensor(0.0919), 'train_loss_0': tensor(0.3678, device='cuda:0')}
[2026-02-05 20:16:46] INFO training_time: 1366.4525182247162
[2026-02-05 20:16:46] INFO inference_time: 84.37048554420471
[2026-02-05 20:16:57] INFO {'epoch': 107, 'toy_5_ndcg@20': tensor(0.0433), 'toy_5_recall@20': tensor(0.0915), 'ndcg@20': tensor(0.0433), 'recall@20': tensor(0.0915), 'train_loss_0': tensor(0.3690, device='cuda:0')}
[2026-02-05 20:16:57] INFO training_time: 1376.2875998020172
[2026-02-05 20:16:57] INFO inference_time: 85.15748739242554
[2026-02-05 20:17:07] INFO {'epoch': 108, 'toy_5_ndcg@20': tensor(0.0434), 'toy_5_recall@20': tensor(0.0916), 'ndcg@20': tensor(0.0434), 'recall@20': tensor(0.0916), 'train_loss_0': tensor(0.3699, device='cuda:0')}
[2026-02-05 20:17:07] INFO training_time: 1386.1428153514862
[2026-02-05 20:17:07] INFO inference_time: 85.83740377426147
[2026-02-05 20:17:07] INFO Early stopped. Since the metric ndcg@20 haven't been improved for 20 epochs.
[2026-02-05 20:17:07] INFO The best score of ndcg@20 is 0.0446 on epoch 88
[2026-02-05 20:17:07] INFO Best model checkpoint saved in saved/SASRec/noisy_5/2026-02-05-19-52-29-816468.ckpt.
[2026-02-05 20:17:08] INFO defaultdict(<class 'float'>, {'toy_5_ndcg@20': tensor(0.0362), 'toy_5_recall@20': tensor(0.0752), 'toy_5_ndcg@10': tensor(0.0309), 'toy_5_recall@10': tensor(0.0542), 'ndcg@20': tensor(0.0362), 'recall@20': tensor(0.0752), 'ndcg@10': tensor(0.0309), 'recall@10': tensor(0.0542)})
