[2026-02-05 13:45:35] INFO PID of this process: 383003
[2026-02-05 13:45:46] INFO {'model': {'embed_dim': 64, 'loss_fn': 'bce', 'hidden_size': 128, 'layer_num': 2, 'head_num': 2, 'dropout_rate': 0.5, 'activation': 'gelu', 'layer_norm_eps': 1e-12, 'model': 'SASRec'}, 'data': {'domain_name_list': ['yelp_5'], 'user_threshold': 5, 'item_threshold': 5, 'max_seq_len': 50, 'dataset_class': 'general', 'train_file': '_regen', 'dataset': 'noisy_5'}, 'train': {'batch_size': 256, 'early_stop_mode': 'max', 'early_stop_patience': 20, 'epochs': 1000, 'device': 'cuda', 'optimizer': 'adam', 'learning_rate': 0.001, 'weight_decay': 0, 'num_neg': 1, 'seed': 2027}, 'eval': {'batch_size': 2048, 'cutoff': [20, 10], 'val_metrics': ['ndcg', 'recall'], 'test_metrics': ['ndcg', 'recall'], 'topk': 100, 'save_path': './saved/'}}
[2026-02-05 13:45:46] INFO <data.dataset.SeparateDataset object at 0x7fcc778ed1f0>
[2026-02-05 13:45:46] INFO save_dir:saved
[2026-02-05 13:45:46] INFO SASRec(
  (item_embedding): Embedding(20034, 64, padding_idx=0)
  (query_encoder): SASRecQueryEncoder(
    (item_encoder): Embedding(20034, 64, padding_idx=0)
    (position_emb): Embedding(50, 64)
    (transformer_layer): TransformerEncoder(
      (layers): ModuleList(
        (0): TransformerEncoderLayer(
          (self_attn): MultiheadAttention(
            (out_proj): NonDynamicallyQuantizableLinear(in_features=64, out_features=64, bias=True)
          )
          (linear1): Linear(in_features=64, out_features=128, bias=True)
          (dropout): Dropout(p=0.5, inplace=False)
          (linear2): Linear(in_features=128, out_features=64, bias=True)
          (norm1): LayerNorm((64,), eps=1e-12, elementwise_affine=True)
          (norm2): LayerNorm((64,), eps=1e-12, elementwise_affine=True)
          (dropout1): Dropout(p=0.5, inplace=False)
          (dropout2): Dropout(p=0.5, inplace=False)
        )
        (1): TransformerEncoderLayer(
          (self_attn): MultiheadAttention(
            (out_proj): NonDynamicallyQuantizableLinear(in_features=64, out_features=64, bias=True)
          )
          (linear1): Linear(in_features=64, out_features=128, bias=True)
          (dropout): Dropout(p=0.5, inplace=False)
          (linear2): Linear(in_features=128, out_features=64, bias=True)
          (norm1): LayerNorm((64,), eps=1e-12, elementwise_affine=True)
          (norm2): LayerNorm((64,), eps=1e-12, elementwise_affine=True)
          (dropout1): Dropout(p=0.5, inplace=False)
          (dropout2): Dropout(p=0.5, inplace=False)
        )
      )
    )
    (dropout): Dropout(p=0.5, inplace=False)
    (training_pooling_layer): SeqPoolingLayer()
    (eval_pooling_layer): SeqPoolingLayer()
  )
  (loss_fn): BinaryCrossEntropyLoss()
)
[2026-02-05 13:49:54] INFO {'epoch': 0, 'yelp_5_ndcg@20': tensor(0.0074), 'yelp_5_recall@20': tensor(0.0203), 'ndcg@20': tensor(0.0074), 'recall@20': tensor(0.0203), 'train_loss_0': tensor(1.2334, device='cuda:0')}
[2026-02-05 13:49:54] INFO training_time: 245.65226769447327
[2026-02-05 13:49:54] INFO inference_time: 2.15861439704895
[2026-02-05 13:49:54] INFO ndcg@20 improved. Best value: 0.0074
[2026-02-05 13:49:54] INFO Best model checkpoint saved in saved/SASRec/noisy_5/2026-02-05-13-45-35-611727.ckpt.
[2026-02-05 13:53:59] INFO {'epoch': 1, 'yelp_5_ndcg@20': tensor(0.0125), 'yelp_5_recall@20': tensor(0.0323), 'ndcg@20': tensor(0.0125), 'recall@20': tensor(0.0323), 'train_loss_0': tensor(0.9754, device='cuda:0')}
[2026-02-05 13:53:59] INFO training_time: 488.4866144657135
[2026-02-05 13:53:59] INFO inference_time: 3.805514335632324
[2026-02-05 13:53:59] INFO ndcg@20 improved. Best value: 0.0125
[2026-02-05 13:53:59] INFO Best model checkpoint saved in saved/SASRec/noisy_5/2026-02-05-13-45-35-611727.ckpt.
[2026-02-05 13:58:02] INFO {'epoch': 2, 'yelp_5_ndcg@20': tensor(0.0152), 'yelp_5_recall@20': tensor(0.0385), 'ndcg@20': tensor(0.0152), 'recall@20': tensor(0.0385), 'train_loss_0': tensor(0.7747, device='cuda:0')}
[2026-02-05 13:58:02] INFO training_time: 730.3458898067474
[2026-02-05 13:58:02] INFO inference_time: 5.265381097793579
[2026-02-05 13:58:02] INFO ndcg@20 improved. Best value: 0.0152
[2026-02-05 13:58:02] INFO Best model checkpoint saved in saved/SASRec/noisy_5/2026-02-05-13-45-35-611727.ckpt.
[2026-02-05 14:02:06] INFO {'epoch': 3, 'yelp_5_ndcg@20': tensor(0.0162), 'yelp_5_recall@20': tensor(0.0405), 'ndcg@20': tensor(0.0162), 'recall@20': tensor(0.0405), 'train_loss_0': tensor(0.6760, device='cuda:0')}
[2026-02-05 14:02:06] INFO training_time: 972.1591076850891
[2026-02-05 14:02:06] INFO inference_time: 6.95659327507019
[2026-02-05 14:02:06] INFO ndcg@20 improved. Best value: 0.0162
[2026-02-05 14:02:06] INFO Best model checkpoint saved in saved/SASRec/noisy_5/2026-02-05-13-45-35-611727.ckpt.
[2026-02-05 14:06:11] INFO {'epoch': 4, 'yelp_5_ndcg@20': tensor(0.0170), 'yelp_5_recall@20': tensor(0.0420), 'ndcg@20': tensor(0.0170), 'recall@20': tensor(0.0420), 'train_loss_0': tensor(0.6175, device='cuda:0')}
[2026-02-05 14:06:11] INFO training_time: 1215.8553266525269
[2026-02-05 14:06:11] INFO inference_time: 8.649406433105469
[2026-02-05 14:06:11] INFO ndcg@20 improved. Best value: 0.0170
[2026-02-05 14:06:11] INFO Best model checkpoint saved in saved/SASRec/noisy_5/2026-02-05-13-45-35-611727.ckpt.
[2026-02-05 14:10:15] INFO {'epoch': 5, 'yelp_5_ndcg@20': tensor(0.0164), 'yelp_5_recall@20': tensor(0.0414), 'ndcg@20': tensor(0.0164), 'recall@20': tensor(0.0414), 'train_loss_0': tensor(0.5731, device='cuda:0')}
[2026-02-05 14:10:15] INFO training_time: 1458.211107969284
[2026-02-05 14:10:15] INFO inference_time: 10.0969078540802
[2026-02-05 14:14:19] INFO {'epoch': 6, 'yelp_5_ndcg@20': tensor(0.0161), 'yelp_5_recall@20': tensor(0.0423), 'ndcg@20': tensor(0.0161), 'recall@20': tensor(0.0423), 'train_loss_0': tensor(0.5428, device='cuda:0')}
[2026-02-05 14:14:20] INFO training_time: 1701.0202898979187
[2026-02-05 14:14:20] INFO inference_time: 11.788467645645142
[2026-02-05 14:18:24] INFO {'epoch': 7, 'yelp_5_ndcg@20': tensor(0.0174), 'yelp_5_recall@20': tensor(0.0437), 'ndcg@20': tensor(0.0174), 'recall@20': tensor(0.0437), 'train_loss_0': tensor(0.5167, device='cuda:0')}
[2026-02-05 14:18:24] INFO training_time: 1943.9265432357788
[2026-02-05 14:18:24] INFO inference_time: 13.274388790130615
[2026-02-05 14:18:24] INFO ndcg@20 improved. Best value: 0.0174
[2026-02-05 14:18:24] INFO Best model checkpoint saved in saved/SASRec/noisy_5/2026-02-05-13-45-35-611727.ckpt.
[2026-02-05 14:22:28] INFO {'epoch': 8, 'yelp_5_ndcg@20': tensor(0.0167), 'yelp_5_recall@20': tensor(0.0418), 'ndcg@20': tensor(0.0167), 'recall@20': tensor(0.0418), 'train_loss_0': tensor(0.4977, device='cuda:0')}
[2026-02-05 14:22:28] INFO training_time: 2186.4378809928894
[2026-02-05 14:22:28] INFO inference_time: 14.842984914779663
[2026-02-05 14:26:32] INFO {'epoch': 9, 'yelp_5_ndcg@20': tensor(0.0173), 'yelp_5_recall@20': tensor(0.0430), 'ndcg@20': tensor(0.0173), 'recall@20': tensor(0.0430), 'train_loss_0': tensor(0.4814, device='cuda:0')}
[2026-02-05 14:26:32] INFO training_time: 2429.0065126419067
[2026-02-05 14:26:32] INFO inference_time: 16.477792263031006
[2026-02-05 14:30:37] INFO {'epoch': 10, 'yelp_5_ndcg@20': tensor(0.0177), 'yelp_5_recall@20': tensor(0.0442), 'ndcg@20': tensor(0.0177), 'recall@20': tensor(0.0442), 'train_loss_0': tensor(0.4687, device='cuda:0')}
[2026-02-05 14:30:37] INFO training_time: 2671.584930419922
[2026-02-05 14:30:37] INFO inference_time: 18.628670930862427
[2026-02-05 14:30:37] INFO ndcg@20 improved. Best value: 0.0177
[2026-02-05 14:30:37] INFO Best model checkpoint saved in saved/SASRec/noisy_5/2026-02-05-13-45-35-611727.ckpt.
[2026-02-05 14:34:42] INFO {'epoch': 11, 'yelp_5_ndcg@20': tensor(0.0166), 'yelp_5_recall@20': tensor(0.0426), 'ndcg@20': tensor(0.0166), 'recall@20': tensor(0.0426), 'train_loss_0': tensor(0.4587, device='cuda:0')}
[2026-02-05 14:34:42] INFO training_time: 2914.3884131908417
[2026-02-05 14:34:42] INFO inference_time: 20.275819778442383
[2026-02-05 14:38:45] INFO {'epoch': 12, 'yelp_5_ndcg@20': tensor(0.0176), 'yelp_5_recall@20': tensor(0.0446), 'ndcg@20': tensor(0.0176), 'recall@20': tensor(0.0446), 'train_loss_0': tensor(0.4494, device='cuda:0')}
[2026-02-05 14:38:45] INFO training_time: 3156.5510540008545
[2026-02-05 14:38:45] INFO inference_time: 21.9826819896698
[2026-02-05 14:42:49] INFO {'epoch': 13, 'yelp_5_ndcg@20': tensor(0.0178), 'yelp_5_recall@20': tensor(0.0452), 'ndcg@20': tensor(0.0178), 'recall@20': tensor(0.0452), 'train_loss_0': tensor(0.4393, device='cuda:0')}
[2026-02-05 14:42:49] INFO training_time: 3398.736811876297
[2026-02-05 14:42:49] INFO inference_time: 23.397233486175537
[2026-02-05 14:42:49] INFO ndcg@20 improved. Best value: 0.0178
[2026-02-05 14:42:49] INFO Best model checkpoint saved in saved/SASRec/noisy_5/2026-02-05-13-45-35-611727.ckpt.
[2026-02-05 14:46:52] INFO {'epoch': 14, 'yelp_5_ndcg@20': tensor(0.0183), 'yelp_5_recall@20': tensor(0.0457), 'ndcg@20': tensor(0.0183), 'recall@20': tensor(0.0457), 'train_loss_0': tensor(0.4365, device='cuda:0')}
[2026-02-05 14:46:52] INFO training_time: 3640.6649215221405
[2026-02-05 14:46:52] INFO inference_time: 24.776442050933838
[2026-02-05 14:46:52] INFO ndcg@20 improved. Best value: 0.0183
[2026-02-05 14:46:52] INFO Best model checkpoint saved in saved/SASRec/noisy_5/2026-02-05-13-45-35-611727.ckpt.
[2026-02-05 14:50:56] INFO {'epoch': 15, 'yelp_5_ndcg@20': tensor(0.0176), 'yelp_5_recall@20': tensor(0.0457), 'ndcg@20': tensor(0.0176), 'recall@20': tensor(0.0457), 'train_loss_0': tensor(0.4301, device='cuda:0')}
[2026-02-05 14:50:56] INFO training_time: 3882.7939643859863
[2026-02-05 14:50:56] INFO inference_time: 26.37751030921936
[2026-02-05 14:55:00] INFO {'epoch': 16, 'yelp_5_ndcg@20': tensor(0.0181), 'yelp_5_recall@20': tensor(0.0455), 'ndcg@20': tensor(0.0181), 'recall@20': tensor(0.0455), 'train_loss_0': tensor(0.4211, device='cuda:0')}
[2026-02-05 14:55:00] INFO training_time: 4124.846378803253
[2026-02-05 14:55:00] INFO inference_time: 28.054479122161865
[2026-02-05 14:59:04] INFO {'epoch': 17, 'yelp_5_ndcg@20': tensor(0.0181), 'yelp_5_recall@20': tensor(0.0460), 'ndcg@20': tensor(0.0181), 'recall@20': tensor(0.0460), 'train_loss_0': tensor(0.4166, device='cuda:0')}
[2026-02-05 14:59:04] INFO training_time: 4367.119148492813
[2026-02-05 14:59:04] INFO inference_time: 29.688212871551514
[2026-02-05 15:03:08] INFO {'epoch': 18, 'yelp_5_ndcg@20': tensor(0.0183), 'yelp_5_recall@20': tensor(0.0465), 'ndcg@20': tensor(0.0183), 'recall@20': tensor(0.0465), 'train_loss_0': tensor(0.4133, device='cuda:0')}
[2026-02-05 15:03:08] INFO training_time: 4609.030582666397
[2026-02-05 15:03:08] INFO inference_time: 31.358200788497925
[2026-02-05 15:07:12] INFO {'epoch': 19, 'yelp_5_ndcg@20': tensor(0.0179), 'yelp_5_recall@20': tensor(0.0454), 'ndcg@20': tensor(0.0179), 'recall@20': tensor(0.0454), 'train_loss_0': tensor(0.4064, device='cuda:0')}
[2026-02-05 15:07:12] INFO training_time: 4851.459325790405
[2026-02-05 15:07:12] INFO inference_time: 32.921571016311646
[2026-02-05 15:11:16] INFO {'epoch': 20, 'yelp_5_ndcg@20': tensor(0.0177), 'yelp_5_recall@20': tensor(0.0451), 'ndcg@20': tensor(0.0177), 'recall@20': tensor(0.0451), 'train_loss_0': tensor(0.4049, device='cuda:0')}
[2026-02-05 15:11:16] INFO training_time: 5093.621174097061
[2026-02-05 15:11:16] INFO inference_time: 35.1079535484314
[2026-02-05 15:15:19] INFO {'epoch': 21, 'yelp_5_ndcg@20': tensor(0.0178), 'yelp_5_recall@20': tensor(0.0466), 'ndcg@20': tensor(0.0178), 'recall@20': tensor(0.0466), 'train_loss_0': tensor(0.4005, device='cuda:0')}
[2026-02-05 15:15:19] INFO training_time: 5335.253396272659
[2026-02-05 15:15:19] INFO inference_time: 36.666531562805176
[2026-02-05 15:19:23] INFO {'epoch': 22, 'yelp_5_ndcg@20': tensor(0.0174), 'yelp_5_recall@20': tensor(0.0456), 'ndcg@20': tensor(0.0174), 'recall@20': tensor(0.0456), 'train_loss_0': tensor(0.3974, device='cuda:0')}
[2026-02-05 15:19:23] INFO training_time: 5577.393006801605
[2026-02-05 15:19:23] INFO inference_time: 38.30693507194519
[2026-02-05 15:23:27] INFO {'epoch': 23, 'yelp_5_ndcg@20': tensor(0.0188), 'yelp_5_recall@20': tensor(0.0474), 'ndcg@20': tensor(0.0188), 'recall@20': tensor(0.0474), 'train_loss_0': tensor(0.3938, device='cuda:0')}
[2026-02-05 15:23:27] INFO training_time: 5819.485789060593
[2026-02-05 15:23:27] INFO inference_time: 39.790629386901855
[2026-02-05 15:23:27] INFO ndcg@20 improved. Best value: 0.0188
[2026-02-05 15:23:27] INFO Best model checkpoint saved in saved/SASRec/noisy_5/2026-02-05-13-45-35-611727.ckpt.
[2026-02-05 15:27:30] INFO {'epoch': 24, 'yelp_5_ndcg@20': tensor(0.0185), 'yelp_5_recall@20': tensor(0.0459), 'ndcg@20': tensor(0.0185), 'recall@20': tensor(0.0459), 'train_loss_0': tensor(0.3885, device='cuda:0')}
[2026-02-05 15:27:30] INFO training_time: 6061.588469028473
[2026-02-05 15:27:30] INFO inference_time: 41.431169509887695
[2026-02-05 15:31:34] INFO {'epoch': 25, 'yelp_5_ndcg@20': tensor(0.0179), 'yelp_5_recall@20': tensor(0.0446), 'ndcg@20': tensor(0.0179), 'recall@20': tensor(0.0446), 'train_loss_0': tensor(0.3891, device='cuda:0')}
[2026-02-05 15:31:34] INFO training_time: 6304.1220960617065
[2026-02-05 15:31:34] INFO inference_time: 42.99590086936951
[2026-02-05 15:36:43] INFO {'epoch': 26, 'yelp_5_ndcg@20': tensor(0.0189), 'yelp_5_recall@20': tensor(0.0472), 'ndcg@20': tensor(0.0189), 'recall@20': tensor(0.0472), 'train_loss_0': tensor(0.3851, device='cuda:0')}
[2026-02-05 15:36:43] INFO training_time: 6611.080981254578
[2026-02-05 15:36:43] INFO inference_time: 44.660680055618286
[2026-02-05 15:36:43] INFO ndcg@20 improved. Best value: 0.0189
[2026-02-05 15:36:43] INFO Best model checkpoint saved in saved/SASRec/noisy_5/2026-02-05-13-45-35-611727.ckpt.
[2026-02-05 15:41:17] INFO {'epoch': 27, 'yelp_5_ndcg@20': tensor(0.0179), 'yelp_5_recall@20': tensor(0.0458), 'ndcg@20': tensor(0.0179), 'recall@20': tensor(0.0458), 'train_loss_0': tensor(0.3841, device='cuda:0')}
[2026-02-05 15:41:17] INFO training_time: 6883.162837266922
[2026-02-05 15:41:17] INFO inference_time: 46.073808908462524
[2026-02-05 15:45:21] INFO {'epoch': 28, 'yelp_5_ndcg@20': tensor(0.0180), 'yelp_5_recall@20': tensor(0.0461), 'ndcg@20': tensor(0.0180), 'recall@20': tensor(0.0461), 'train_loss_0': tensor(0.3810, device='cuda:0')}
[2026-02-05 15:45:21] INFO training_time: 7125.728164196014
[2026-02-05 15:45:21] INFO inference_time: 47.68355441093445
[2026-02-05 15:49:25] INFO {'epoch': 29, 'yelp_5_ndcg@20': tensor(0.0187), 'yelp_5_recall@20': tensor(0.0474), 'ndcg@20': tensor(0.0187), 'recall@20': tensor(0.0474), 'train_loss_0': tensor(0.3790, device='cuda:0')}
[2026-02-05 15:49:25] INFO training_time: 7368.486572980881
[2026-02-05 15:49:25] INFO inference_time: 49.24690222740173
[2026-02-05 15:53:30] INFO {'epoch': 30, 'yelp_5_ndcg@20': tensor(0.0186), 'yelp_5_recall@20': tensor(0.0471), 'ndcg@20': tensor(0.0186), 'recall@20': tensor(0.0471), 'train_loss_0': tensor(0.3753, device='cuda:0')}
[2026-02-05 15:53:30] INFO training_time: 7611.415501356125
[2026-02-05 15:53:30] INFO inference_time: 51.37226891517639
[2026-02-05 15:57:35] INFO {'epoch': 31, 'yelp_5_ndcg@20': tensor(0.0180), 'yelp_5_recall@20': tensor(0.0461), 'ndcg@20': tensor(0.0180), 'recall@20': tensor(0.0461), 'train_loss_0': tensor(0.3732, device='cuda:0')}
[2026-02-05 15:57:35] INFO training_time: 7854.093883514404
[2026-02-05 15:57:35] INFO inference_time: 53.0105836391449
[2026-02-05 16:01:38] INFO {'epoch': 32, 'yelp_5_ndcg@20': tensor(0.0183), 'yelp_5_recall@20': tensor(0.0465), 'ndcg@20': tensor(0.0183), 'recall@20': tensor(0.0465), 'train_loss_0': tensor(0.3729, device='cuda:0')}
[2026-02-05 16:01:38] INFO training_time: 8096.105409860611
[2026-02-05 16:01:38] INFO inference_time: 54.69313955307007
[2026-02-05 16:05:43] INFO {'epoch': 33, 'yelp_5_ndcg@20': tensor(0.0185), 'yelp_5_recall@20': tensor(0.0464), 'ndcg@20': tensor(0.0185), 'recall@20': tensor(0.0464), 'train_loss_0': tensor(0.3706, device='cuda:0')}
[2026-02-05 16:05:43] INFO training_time: 8338.97499871254
[2026-02-05 16:05:43] INFO inference_time: 56.0195038318634
[2026-02-05 16:09:49] INFO {'epoch': 34, 'yelp_5_ndcg@20': tensor(0.0178), 'yelp_5_recall@20': tensor(0.0461), 'ndcg@20': tensor(0.0178), 'recall@20': tensor(0.0461), 'train_loss_0': tensor(0.3690, device='cuda:0')}
[2026-02-05 16:09:49] INFO training_time: 8583.442294597626
[2026-02-05 16:09:49] INFO inference_time: 57.66357088088989
[2026-02-05 16:13:54] INFO {'epoch': 35, 'yelp_5_ndcg@20': tensor(0.0176), 'yelp_5_recall@20': tensor(0.0450), 'ndcg@20': tensor(0.0176), 'recall@20': tensor(0.0450), 'train_loss_0': tensor(0.3660, device='cuda:0')}
[2026-02-05 16:13:54] INFO training_time: 8826.91557598114
[2026-02-05 16:13:54] INFO inference_time: 59.24111580848694
[2026-02-05 16:17:58] INFO {'epoch': 36, 'yelp_5_ndcg@20': tensor(0.0174), 'yelp_5_recall@20': tensor(0.0451), 'ndcg@20': tensor(0.0174), 'recall@20': tensor(0.0451), 'train_loss_0': tensor(0.3652, device='cuda:0')}
[2026-02-05 16:17:58] INFO training_time: 9069.036973953247
[2026-02-05 16:17:58] INFO inference_time: 60.87962603569031
[2026-02-05 16:22:02] INFO {'epoch': 37, 'yelp_5_ndcg@20': tensor(0.0181), 'yelp_5_recall@20': tensor(0.0469), 'ndcg@20': tensor(0.0181), 'recall@20': tensor(0.0469), 'train_loss_0': tensor(0.3634, device='cuda:0')}
[2026-02-05 16:22:02] INFO training_time: 9311.576287269592
[2026-02-05 16:22:02] INFO inference_time: 62.47743034362793
[2026-02-05 16:26:00] INFO {'epoch': 38, 'yelp_5_ndcg@20': tensor(0.0186), 'yelp_5_recall@20': tensor(0.0474), 'ndcg@20': tensor(0.0186), 'recall@20': tensor(0.0474), 'train_loss_0': tensor(0.3611, device='cuda:0')}
[2026-02-05 16:26:00] INFO training_time: 9548.323761224747
[2026-02-05 16:26:00] INFO inference_time: 64.08532977104187
[2026-02-05 16:29:55] INFO {'epoch': 39, 'yelp_5_ndcg@20': tensor(0.0182), 'yelp_5_recall@20': tensor(0.0467), 'ndcg@20': tensor(0.0182), 'recall@20': tensor(0.0467), 'train_loss_0': tensor(0.3590, device='cuda:0')}
[2026-02-05 16:29:55] INFO training_time: 9781.522920846939
[2026-02-05 16:29:55] INFO inference_time: 65.62378025054932
[2026-02-05 16:33:50] INFO {'epoch': 40, 'yelp_5_ndcg@20': tensor(0.0182), 'yelp_5_recall@20': tensor(0.0463), 'ndcg@20': tensor(0.0182), 'recall@20': tensor(0.0463), 'train_loss_0': tensor(0.3575, device='cuda:0')}
[2026-02-05 16:33:50] INFO training_time: 10014.373824357986
[2026-02-05 16:33:50] INFO inference_time: 67.88058662414551
[2026-02-05 16:37:44] INFO {'epoch': 41, 'yelp_5_ndcg@20': tensor(0.0187), 'yelp_5_recall@20': tensor(0.0473), 'ndcg@20': tensor(0.0187), 'recall@20': tensor(0.0473), 'train_loss_0': tensor(0.3577, device='cuda:0')}
[2026-02-05 16:37:44] INFO training_time: 10246.695168495178
[2026-02-05 16:37:44] INFO inference_time: 69.50788569450378
[2026-02-05 16:41:30] INFO {'epoch': 42, 'yelp_5_ndcg@20': tensor(0.0183), 'yelp_5_recall@20': tensor(0.0469), 'ndcg@20': tensor(0.0183), 'recall@20': tensor(0.0469), 'train_loss_0': tensor(0.3546, device='cuda:0')}
[2026-02-05 16:41:30] INFO training_time: 10470.558875322342
[2026-02-05 16:41:30] INFO inference_time: 71.19630098342896
[2026-02-05 16:45:15] INFO {'epoch': 43, 'yelp_5_ndcg@20': tensor(0.0184), 'yelp_5_recall@20': tensor(0.0469), 'ndcg@20': tensor(0.0184), 'recall@20': tensor(0.0469), 'train_loss_0': tensor(0.3536, device='cuda:0')}
[2026-02-05 16:45:15] INFO training_time: 10694.471956253052
[2026-02-05 16:45:15] INFO inference_time: 72.72041177749634
[2026-02-05 16:49:01] INFO {'epoch': 44, 'yelp_5_ndcg@20': tensor(0.0184), 'yelp_5_recall@20': tensor(0.0464), 'ndcg@20': tensor(0.0184), 'recall@20': tensor(0.0464), 'train_loss_0': tensor(0.3536, device='cuda:0')}
[2026-02-05 16:49:01] INFO training_time: 10918.402998685837
[2026-02-05 16:49:01] INFO inference_time: 74.16444110870361
[2026-02-05 16:52:46] INFO {'epoch': 45, 'yelp_5_ndcg@20': tensor(0.0183), 'yelp_5_recall@20': tensor(0.0472), 'ndcg@20': tensor(0.0183), 'recall@20': tensor(0.0472), 'train_loss_0': tensor(0.3518, device='cuda:0')}
[2026-02-05 16:52:47] INFO training_time: 11142.654544830322
[2026-02-05 16:52:47] INFO inference_time: 75.81436467170715
[2026-02-05 16:56:32] INFO {'epoch': 46, 'yelp_5_ndcg@20': tensor(0.0183), 'yelp_5_recall@20': tensor(0.0457), 'ndcg@20': tensor(0.0183), 'recall@20': tensor(0.0457), 'train_loss_0': tensor(0.3521, device='cuda:0')}
[2026-02-05 16:56:32] INFO training_time: 11366.543095588684
[2026-02-05 16:56:32] INFO inference_time: 77.48577094078064
[2026-02-05 16:56:32] INFO Early stopped. Since the metric ndcg@20 haven't been improved for 20 epochs.
[2026-02-05 16:56:32] INFO The best score of ndcg@20 is 0.0189 on epoch 26
[2026-02-05 16:56:32] INFO Best model checkpoint saved in saved/SASRec/noisy_5/2026-02-05-13-45-35-611727.ckpt.
[2026-02-05 16:56:34] INFO defaultdict(<class 'float'>, {'yelp_5_ndcg@20': tensor(0.0163), 'yelp_5_recall@20': tensor(0.0418), 'yelp_5_ndcg@10': tensor(0.0121), 'yelp_5_recall@10': tensor(0.0249), 'ndcg@20': tensor(0.0163), 'recall@20': tensor(0.0418), 'ndcg@10': tensor(0.0121), 'recall@10': tensor(0.0249)})
