[2026-02-05 11:10:52] INFO PID of this process: 107297
[2026-02-05 11:11:03] INFO {'model': {'embed_dim': 64, 'loss_fn': 'bce', 'hidden_size': 128, 'layer_num': 2, 'head_num': 2, 'dropout_rate': 0.5, 'activation': 'gelu', 'layer_norm_eps': 1e-12, 'model': 'SASRec'}, 'data': {'domain_name_list': ['yelp_5'], 'user_threshold': 5, 'item_threshold': 5, 'max_seq_len': 50, 'dataset_class': 'general', 'train_file': '_regen', 'dataset': 'noisy_5'}, 'train': {'batch_size': 256, 'early_stop_mode': 'max', 'early_stop_patience': 20, 'epochs': 1000, 'device': 'cuda', 'optimizer': 'adam', 'learning_rate': 0.001, 'weight_decay': 0, 'num_neg': 1, 'seed': 2026}, 'eval': {'batch_size': 2048, 'cutoff': [20, 10], 'val_metrics': ['ndcg', 'recall'], 'test_metrics': ['ndcg', 'recall'], 'topk': 100, 'save_path': './saved/'}}
[2026-02-05 11:11:03] INFO <data.dataset.SeparateDataset object at 0x7fa260bca1f0>
[2026-02-05 11:11:03] INFO save_dir:saved
[2026-02-05 11:11:03] INFO SASRec(
  (item_embedding): Embedding(20034, 64, padding_idx=0)
  (query_encoder): SASRecQueryEncoder(
    (item_encoder): Embedding(20034, 64, padding_idx=0)
    (position_emb): Embedding(50, 64)
    (transformer_layer): TransformerEncoder(
      (layers): ModuleList(
        (0): TransformerEncoderLayer(
          (self_attn): MultiheadAttention(
            (out_proj): NonDynamicallyQuantizableLinear(in_features=64, out_features=64, bias=True)
          )
          (linear1): Linear(in_features=64, out_features=128, bias=True)
          (dropout): Dropout(p=0.5, inplace=False)
          (linear2): Linear(in_features=128, out_features=64, bias=True)
          (norm1): LayerNorm((64,), eps=1e-12, elementwise_affine=True)
          (norm2): LayerNorm((64,), eps=1e-12, elementwise_affine=True)
          (dropout1): Dropout(p=0.5, inplace=False)
          (dropout2): Dropout(p=0.5, inplace=False)
        )
        (1): TransformerEncoderLayer(
          (self_attn): MultiheadAttention(
            (out_proj): NonDynamicallyQuantizableLinear(in_features=64, out_features=64, bias=True)
          )
          (linear1): Linear(in_features=64, out_features=128, bias=True)
          (dropout): Dropout(p=0.5, inplace=False)
          (linear2): Linear(in_features=128, out_features=64, bias=True)
          (norm1): LayerNorm((64,), eps=1e-12, elementwise_affine=True)
          (norm2): LayerNorm((64,), eps=1e-12, elementwise_affine=True)
          (dropout1): Dropout(p=0.5, inplace=False)
          (dropout2): Dropout(p=0.5, inplace=False)
        )
      )
    )
    (dropout): Dropout(p=0.5, inplace=False)
    (training_pooling_layer): SeqPoolingLayer()
    (eval_pooling_layer): SeqPoolingLayer()
  )
  (loss_fn): BinaryCrossEntropyLoss()
)
[2026-02-05 11:13:01] INFO {'epoch': 0, 'yelp_5_ndcg@20': tensor(0.0074), 'yelp_5_recall@20': tensor(0.0209), 'ndcg@20': tensor(0.0074), 'recall@20': tensor(0.0209), 'train_loss_0': tensor(1.2307, device='cuda:0')}
[2026-02-05 11:13:01] INFO training_time: 116.52101182937622
[2026-02-05 11:13:01] INFO inference_time: 1.6961140632629395
[2026-02-05 11:13:01] INFO ndcg@20 improved. Best value: 0.0074
[2026-02-05 11:13:01] INFO Best model checkpoint saved in saved/SASRec/noisy_5/2026-02-05-11-10-52-647497.ckpt.
[2026-02-05 11:14:57] INFO {'epoch': 1, 'yelp_5_ndcg@20': tensor(0.0117), 'yelp_5_recall@20': tensor(0.0302), 'ndcg@20': tensor(0.0117), 'recall@20': tensor(0.0302), 'train_loss_0': tensor(0.9546, device='cuda:0')}
[2026-02-05 11:14:57] INFO training_time: 231.55997157096863
[2026-02-05 11:14:57] INFO inference_time: 3.1378304958343506
[2026-02-05 11:14:57] INFO ndcg@20 improved. Best value: 0.0117
[2026-02-05 11:14:57] INFO Best model checkpoint saved in saved/SASRec/noisy_5/2026-02-05-11-10-52-647497.ckpt.
[2026-02-05 11:16:54] INFO {'epoch': 2, 'yelp_5_ndcg@20': tensor(0.0145), 'yelp_5_recall@20': tensor(0.0357), 'ndcg@20': tensor(0.0145), 'recall@20': tensor(0.0357), 'train_loss_0': tensor(0.7756, device='cuda:0')}
[2026-02-05 11:16:54] INFO training_time: 346.9302706718445
[2026-02-05 11:16:54] INFO inference_time: 4.452077388763428
[2026-02-05 11:16:54] INFO ndcg@20 improved. Best value: 0.0145
[2026-02-05 11:16:54] INFO Best model checkpoint saved in saved/SASRec/noisy_5/2026-02-05-11-10-52-647497.ckpt.
[2026-02-05 11:18:51] INFO {'epoch': 3, 'yelp_5_ndcg@20': tensor(0.0154), 'yelp_5_recall@20': tensor(0.0397), 'ndcg@20': tensor(0.0154), 'recall@20': tensor(0.0397), 'train_loss_0': tensor(0.6852, device='cuda:0')}
[2026-02-05 11:18:51] INFO training_time: 462.2951753139496
[2026-02-05 11:18:51] INFO inference_time: 5.771185874938965
[2026-02-05 11:18:51] INFO ndcg@20 improved. Best value: 0.0154
[2026-02-05 11:18:51] INFO Best model checkpoint saved in saved/SASRec/noisy_5/2026-02-05-11-10-52-647497.ckpt.
[2026-02-05 11:20:47] INFO {'epoch': 4, 'yelp_5_ndcg@20': tensor(0.0162), 'yelp_5_recall@20': tensor(0.0420), 'ndcg@20': tensor(0.0162), 'recall@20': tensor(0.0420), 'train_loss_0': tensor(0.6228, device='cuda:0')}
[2026-02-05 11:20:47] INFO training_time: 577.6789643764496
[2026-02-05 11:20:47] INFO inference_time: 6.893532037734985
[2026-02-05 11:20:47] INFO ndcg@20 improved. Best value: 0.0162
[2026-02-05 11:20:47] INFO Best model checkpoint saved in saved/SASRec/noisy_5/2026-02-05-11-10-52-647497.ckpt.
[2026-02-05 11:22:43] INFO {'epoch': 5, 'yelp_5_ndcg@20': tensor(0.0163), 'yelp_5_recall@20': tensor(0.0420), 'ndcg@20': tensor(0.0163), 'recall@20': tensor(0.0420), 'train_loss_0': tensor(0.5755, device='cuda:0')}
[2026-02-05 11:22:43] INFO training_time: 692.6500504016876
[2026-02-05 11:22:43] INFO inference_time: 8.01640248298645
[2026-02-05 11:22:43] INFO ndcg@20 improved. Best value: 0.0163
[2026-02-05 11:22:43] INFO Best model checkpoint saved in saved/SASRec/noisy_5/2026-02-05-11-10-52-647497.ckpt.
[2026-02-05 11:24:40] INFO {'epoch': 6, 'yelp_5_ndcg@20': tensor(0.0167), 'yelp_5_recall@20': tensor(0.0429), 'ndcg@20': tensor(0.0167), 'recall@20': tensor(0.0429), 'train_loss_0': tensor(0.5430, device='cuda:0')}
[2026-02-05 11:24:40] INFO training_time: 807.8196914196014
[2026-02-05 11:24:40] INFO inference_time: 9.348164558410645
[2026-02-05 11:24:40] INFO ndcg@20 improved. Best value: 0.0167
[2026-02-05 11:24:40] INFO Best model checkpoint saved in saved/SASRec/noisy_5/2026-02-05-11-10-52-647497.ckpt.
[2026-02-05 11:26:36] INFO {'epoch': 7, 'yelp_5_ndcg@20': tensor(0.0180), 'yelp_5_recall@20': tensor(0.0449), 'ndcg@20': tensor(0.0180), 'recall@20': tensor(0.0449), 'train_loss_0': tensor(0.5204, device='cuda:0')}
[2026-02-05 11:26:36] INFO training_time: 922.9570307731628
[2026-02-05 11:26:36] INFO inference_time: 10.6960608959198
[2026-02-05 11:26:36] INFO ndcg@20 improved. Best value: 0.0180
[2026-02-05 11:26:36] INFO Best model checkpoint saved in saved/SASRec/noisy_5/2026-02-05-11-10-52-647497.ckpt.
[2026-02-05 11:28:33] INFO {'epoch': 8, 'yelp_5_ndcg@20': tensor(0.0175), 'yelp_5_recall@20': tensor(0.0435), 'ndcg@20': tensor(0.0175), 'recall@20': tensor(0.0435), 'train_loss_0': tensor(0.4970, device='cuda:0')}
[2026-02-05 11:28:33] INFO training_time: 1037.9256188869476
[2026-02-05 11:28:33] INFO inference_time: 11.874655961990356
[2026-02-05 11:30:27] INFO {'epoch': 9, 'yelp_5_ndcg@20': tensor(0.0163), 'yelp_5_recall@20': tensor(0.0413), 'ndcg@20': tensor(0.0163), 'recall@20': tensor(0.0413), 'train_loss_0': tensor(0.4827, device='cuda:0')}
[2026-02-05 11:30:27] INFO training_time: 1151.497342824936
[2026-02-05 11:30:27] INFO inference_time: 13.128357648849487
[2026-02-05 11:32:22] INFO {'epoch': 10, 'yelp_5_ndcg@20': tensor(0.0169), 'yelp_5_recall@20': tensor(0.0427), 'ndcg@20': tensor(0.0169), 'recall@20': tensor(0.0427), 'train_loss_0': tensor(0.4693, device='cuda:0')}
[2026-02-05 11:32:22] INFO training_time: 1264.1657016277313
[2026-02-05 11:32:22] INFO inference_time: 14.761911153793335
[2026-02-05 11:34:16] INFO {'epoch': 11, 'yelp_5_ndcg@20': tensor(0.0172), 'yelp_5_recall@20': tensor(0.0434), 'ndcg@20': tensor(0.0172), 'recall@20': tensor(0.0434), 'train_loss_0': tensor(0.4589, device='cuda:0')}
[2026-02-05 11:34:16] INFO training_time: 1377.0683262348175
[2026-02-05 11:34:16] INFO inference_time: 16.00136923789978
[2026-02-05 11:36:10] INFO {'epoch': 12, 'yelp_5_ndcg@20': tensor(0.0181), 'yelp_5_recall@20': tensor(0.0453), 'ndcg@20': tensor(0.0181), 'recall@20': tensor(0.0453), 'train_loss_0': tensor(0.4492, device='cuda:0')}
[2026-02-05 11:36:10] INFO training_time: 1490.1459894180298
[2026-02-05 11:36:10] INFO inference_time: 17.374040842056274
[2026-02-05 11:36:10] INFO ndcg@20 improved. Best value: 0.0181
[2026-02-05 11:36:10] INFO Best model checkpoint saved in saved/SASRec/noisy_5/2026-02-05-11-10-52-647497.ckpt.
[2026-02-05 11:38:04] INFO {'epoch': 13, 'yelp_5_ndcg@20': tensor(0.0183), 'yelp_5_recall@20': tensor(0.0456), 'ndcg@20': tensor(0.0183), 'recall@20': tensor(0.0456), 'train_loss_0': tensor(0.4415, device='cuda:0')}
[2026-02-05 11:38:04] INFO training_time: 1602.6749832630157
[2026-02-05 11:38:04] INFO inference_time: 18.573214054107666
[2026-02-05 11:38:04] INFO ndcg@20 improved. Best value: 0.0183
[2026-02-05 11:38:04] INFO Best model checkpoint saved in saved/SASRec/noisy_5/2026-02-05-11-10-52-647497.ckpt.
[2026-02-05 11:39:58] INFO {'epoch': 14, 'yelp_5_ndcg@20': tensor(0.0175), 'yelp_5_recall@20': tensor(0.0448), 'ndcg@20': tensor(0.0175), 'recall@20': tensor(0.0448), 'train_loss_0': tensor(0.4353, device='cuda:0')}
[2026-02-05 11:39:58] INFO training_time: 1715.2768294811249
[2026-02-05 11:39:58] INFO inference_time: 19.834226369857788
[2026-02-05 11:41:52] INFO {'epoch': 15, 'yelp_5_ndcg@20': tensor(0.0177), 'yelp_5_recall@20': tensor(0.0452), 'ndcg@20': tensor(0.0177), 'recall@20': tensor(0.0452), 'train_loss_0': tensor(0.4266, device='cuda:0')}
[2026-02-05 11:41:52] INFO training_time: 1827.9147584438324
[2026-02-05 11:41:52] INFO inference_time: 21.444281578063965
[2026-02-05 11:43:47] INFO {'epoch': 16, 'yelp_5_ndcg@20': tensor(0.0177), 'yelp_5_recall@20': tensor(0.0454), 'ndcg@20': tensor(0.0177), 'recall@20': tensor(0.0454), 'train_loss_0': tensor(0.4248, device='cuda:0')}
[2026-02-05 11:43:47] INFO training_time: 1941.2919476032257
[2026-02-05 11:43:47] INFO inference_time: 22.697031497955322
[2026-02-05 11:45:41] INFO {'epoch': 17, 'yelp_5_ndcg@20': tensor(0.0180), 'yelp_5_recall@20': tensor(0.0455), 'ndcg@20': tensor(0.0180), 'recall@20': tensor(0.0455), 'train_loss_0': tensor(0.4172, device='cuda:0')}
[2026-02-05 11:45:41] INFO training_time: 2054.0950076580048
[2026-02-05 11:45:41] INFO inference_time: 24.252251863479614
[2026-02-05 11:47:36] INFO {'epoch': 18, 'yelp_5_ndcg@20': tensor(0.0184), 'yelp_5_recall@20': tensor(0.0463), 'ndcg@20': tensor(0.0184), 'recall@20': tensor(0.0463), 'train_loss_0': tensor(0.4125, device='cuda:0')}
[2026-02-05 11:47:36] INFO training_time: 2167.126964569092
[2026-02-05 11:47:36] INFO inference_time: 25.382107257843018
[2026-02-05 11:47:36] INFO ndcg@20 improved. Best value: 0.0184
[2026-02-05 11:47:36] INFO Best model checkpoint saved in saved/SASRec/noisy_5/2026-02-05-11-10-52-647497.ckpt.
[2026-02-05 11:49:29] INFO {'epoch': 19, 'yelp_5_ndcg@20': tensor(0.0185), 'yelp_5_recall@20': tensor(0.0453), 'ndcg@20': tensor(0.0185), 'recall@20': tensor(0.0453), 'train_loss_0': tensor(0.4089, device='cuda:0')}
[2026-02-05 11:49:29] INFO training_time: 2279.701281309128
[2026-02-05 11:49:29] INFO inference_time: 26.634397745132446
[2026-02-05 11:49:29] INFO ndcg@20 improved. Best value: 0.0185
[2026-02-05 11:49:29] INFO Best model checkpoint saved in saved/SASRec/noisy_5/2026-02-05-11-10-52-647497.ckpt.
[2026-02-05 11:51:24] INFO {'epoch': 20, 'yelp_5_ndcg@20': tensor(0.0177), 'yelp_5_recall@20': tensor(0.0449), 'ndcg@20': tensor(0.0177), 'recall@20': tensor(0.0449), 'train_loss_0': tensor(0.4050, device='cuda:0')}
[2026-02-05 11:51:24] INFO training_time: 2392.363102197647
[2026-02-05 11:51:24] INFO inference_time: 28.596708059310913
[2026-02-05 11:53:18] INFO {'epoch': 21, 'yelp_5_ndcg@20': tensor(0.0183), 'yelp_5_recall@20': tensor(0.0460), 'ndcg@20': tensor(0.0183), 'recall@20': tensor(0.0460), 'train_loss_0': tensor(0.4003, device='cuda:0')}
[2026-02-05 11:53:18] INFO training_time: 2505.262508392334
[2026-02-05 11:53:18] INFO inference_time: 29.90196681022644
[2026-02-05 11:55:12] INFO {'epoch': 22, 'yelp_5_ndcg@20': tensor(0.0180), 'yelp_5_recall@20': tensor(0.0458), 'ndcg@20': tensor(0.0180), 'recall@20': tensor(0.0458), 'train_loss_0': tensor(0.3972, device='cuda:0')}
[2026-02-05 11:55:12] INFO training_time: 2617.5601029396057
[2026-02-05 11:55:12] INFO inference_time: 31.338399171829224
[2026-02-05 11:57:06] INFO {'epoch': 23, 'yelp_5_ndcg@20': tensor(0.0183), 'yelp_5_recall@20': tensor(0.0468), 'ndcg@20': tensor(0.0183), 'recall@20': tensor(0.0468), 'train_loss_0': tensor(0.3941, device='cuda:0')}
[2026-02-05 11:57:06] INFO training_time: 2730.199071407318
[2026-02-05 11:57:06] INFO inference_time: 32.456639766693115
[2026-02-05 11:59:00] INFO {'epoch': 24, 'yelp_5_ndcg@20': tensor(0.0188), 'yelp_5_recall@20': tensor(0.0480), 'ndcg@20': tensor(0.0188), 'recall@20': tensor(0.0480), 'train_loss_0': tensor(0.3900, device='cuda:0')}
[2026-02-05 11:59:00] INFO training_time: 2843.148034095764
[2026-02-05 11:59:00] INFO inference_time: 33.77401876449585
[2026-02-05 11:59:00] INFO ndcg@20 improved. Best value: 0.0188
[2026-02-05 11:59:00] INFO Best model checkpoint saved in saved/SASRec/noisy_5/2026-02-05-11-10-52-647497.ckpt.
[2026-02-05 12:00:55] INFO {'epoch': 25, 'yelp_5_ndcg@20': tensor(0.0187), 'yelp_5_recall@20': tensor(0.0473), 'ndcg@20': tensor(0.0187), 'recall@20': tensor(0.0473), 'train_loss_0': tensor(0.3911, device='cuda:0')}
[2026-02-05 12:00:55] INFO training_time: 2956.244124174118
[2026-02-05 12:00:55] INFO inference_time: 35.20588803291321
[2026-02-05 12:02:48] INFO {'epoch': 26, 'yelp_5_ndcg@20': tensor(0.0185), 'yelp_5_recall@20': tensor(0.0473), 'ndcg@20': tensor(0.0185), 'recall@20': tensor(0.0473), 'train_loss_0': tensor(0.3871, device='cuda:0')}
[2026-02-05 12:02:48] INFO training_time: 3068.0925402641296
[2026-02-05 12:02:48] INFO inference_time: 36.47645044326782
[2026-02-05 12:04:42] INFO {'epoch': 27, 'yelp_5_ndcg@20': tensor(0.0181), 'yelp_5_recall@20': tensor(0.0455), 'ndcg@20': tensor(0.0181), 'recall@20': tensor(0.0455), 'train_loss_0': tensor(0.3843, device='cuda:0')}
[2026-02-05 12:04:42] INFO training_time: 3181.039102077484
[2026-02-05 12:04:42] INFO inference_time: 37.69691491127014
[2026-02-05 12:06:36] INFO {'epoch': 28, 'yelp_5_ndcg@20': tensor(0.0183), 'yelp_5_recall@20': tensor(0.0468), 'ndcg@20': tensor(0.0183), 'recall@20': tensor(0.0468), 'train_loss_0': tensor(0.3794, device='cuda:0')}
[2026-02-05 12:06:36] INFO training_time: 3293.828057050705
[2026-02-05 12:06:36] INFO inference_time: 38.742900133132935
[2026-02-05 12:08:29] INFO {'epoch': 29, 'yelp_5_ndcg@20': tensor(0.0184), 'yelp_5_recall@20': tensor(0.0457), 'ndcg@20': tensor(0.0184), 'recall@20': tensor(0.0457), 'train_loss_0': tensor(0.3800, device='cuda:0')}
[2026-02-05 12:08:29] INFO training_time: 3406.2558414936066
[2026-02-05 12:08:29] INFO inference_time: 39.946288108825684
[2026-02-05 12:10:24] INFO {'epoch': 30, 'yelp_5_ndcg@20': tensor(0.0186), 'yelp_5_recall@20': tensor(0.0478), 'ndcg@20': tensor(0.0186), 'recall@20': tensor(0.0478), 'train_loss_0': tensor(0.3774, device='cuda:0')}
[2026-02-05 12:10:24] INFO training_time: 3518.8532330989838
[2026-02-05 12:10:24] INFO inference_time: 41.50421214103699
[2026-02-05 12:12:17] INFO {'epoch': 31, 'yelp_5_ndcg@20': tensor(0.0190), 'yelp_5_recall@20': tensor(0.0481), 'ndcg@20': tensor(0.0190), 'recall@20': tensor(0.0481), 'train_loss_0': tensor(0.3745, device='cuda:0')}
[2026-02-05 12:12:17] INFO training_time: 3631.260442018509
[2026-02-05 12:12:17] INFO inference_time: 42.812958002090454
[2026-02-05 12:12:17] INFO ndcg@20 improved. Best value: 0.0190
[2026-02-05 12:12:17] INFO Best model checkpoint saved in saved/SASRec/noisy_5/2026-02-05-11-10-52-647497.ckpt.
[2026-02-05 12:14:12] INFO {'epoch': 32, 'yelp_5_ndcg@20': tensor(0.0182), 'yelp_5_recall@20': tensor(0.0469), 'ndcg@20': tensor(0.0182), 'recall@20': tensor(0.0469), 'train_loss_0': tensor(0.3701, device='cuda:0')}
[2026-02-05 12:14:12] INFO training_time: 3744.0423789024353
[2026-02-05 12:14:12] INFO inference_time: 44.213059186935425
[2026-02-05 12:16:06] INFO {'epoch': 33, 'yelp_5_ndcg@20': tensor(0.0187), 'yelp_5_recall@20': tensor(0.0475), 'ndcg@20': tensor(0.0187), 'recall@20': tensor(0.0475), 'train_loss_0': tensor(0.3703, device='cuda:0')}
[2026-02-05 12:16:06] INFO training_time: 3856.9788126945496
[2026-02-05 12:16:06] INFO inference_time: 45.50669741630554
[2026-02-05 12:18:00] INFO {'epoch': 34, 'yelp_5_ndcg@20': tensor(0.0191), 'yelp_5_recall@20': tensor(0.0483), 'ndcg@20': tensor(0.0191), 'recall@20': tensor(0.0483), 'train_loss_0': tensor(0.3697, device='cuda:0')}
[2026-02-05 12:18:00] INFO training_time: 3969.413910150528
[2026-02-05 12:18:00] INFO inference_time: 46.90289235115051
[2026-02-05 12:18:00] INFO ndcg@20 improved. Best value: 0.0191
[2026-02-05 12:18:00] INFO Best model checkpoint saved in saved/SASRec/noisy_5/2026-02-05-11-10-52-647497.ckpt.
[2026-02-05 12:19:53] INFO {'epoch': 35, 'yelp_5_ndcg@20': tensor(0.0185), 'yelp_5_recall@20': tensor(0.0470), 'ndcg@20': tensor(0.0185), 'recall@20': tensor(0.0470), 'train_loss_0': tensor(0.3684, device='cuda:0')}
[2026-02-05 12:19:53] INFO training_time: 4081.63175201416
[2026-02-05 12:19:53] INFO inference_time: 48.14818215370178
[2026-02-05 12:21:47] INFO {'epoch': 36, 'yelp_5_ndcg@20': tensor(0.0186), 'yelp_5_recall@20': tensor(0.0473), 'ndcg@20': tensor(0.0186), 'recall@20': tensor(0.0473), 'train_loss_0': tensor(0.3646, device='cuda:0')}
[2026-02-05 12:21:47] INFO training_time: 4194.063010931015
[2026-02-05 12:21:47] INFO inference_time: 49.50717735290527
[2026-02-05 12:23:41] INFO {'epoch': 37, 'yelp_5_ndcg@20': tensor(0.0187), 'yelp_5_recall@20': tensor(0.0484), 'ndcg@20': tensor(0.0187), 'recall@20': tensor(0.0484), 'train_loss_0': tensor(0.3636, device='cuda:0')}
[2026-02-05 12:23:41] INFO training_time: 4306.945298194885
[2026-02-05 12:23:41] INFO inference_time: 50.86387062072754
[2026-02-05 12:25:35] INFO {'epoch': 38, 'yelp_5_ndcg@20': tensor(0.0186), 'yelp_5_recall@20': tensor(0.0473), 'ndcg@20': tensor(0.0186), 'recall@20': tensor(0.0473), 'train_loss_0': tensor(0.3612, device='cuda:0')}
[2026-02-05 12:25:35] INFO training_time: 4419.166444778442
[2026-02-05 12:25:35] INFO inference_time: 52.13705396652222
[2026-02-05 12:27:29] INFO {'epoch': 39, 'yelp_5_ndcg@20': tensor(0.0196), 'yelp_5_recall@20': tensor(0.0492), 'ndcg@20': tensor(0.0196), 'recall@20': tensor(0.0492), 'train_loss_0': tensor(0.3590, device='cuda:0')}
[2026-02-05 12:27:29] INFO training_time: 4532.045137643814
[2026-02-05 12:27:29] INFO inference_time: 53.34333515167236
[2026-02-05 12:27:29] INFO ndcg@20 improved. Best value: 0.0196
[2026-02-05 12:27:29] INFO Best model checkpoint saved in saved/SASRec/noisy_5/2026-02-05-11-10-52-647497.ckpt.
[2026-02-05 12:29:22] INFO {'epoch': 40, 'yelp_5_ndcg@20': tensor(0.0190), 'yelp_5_recall@20': tensor(0.0471), 'ndcg@20': tensor(0.0190), 'recall@20': tensor(0.0471), 'train_loss_0': tensor(0.3596, device='cuda:0')}
[2026-02-05 12:29:22] INFO training_time: 4643.102662086487
[2026-02-05 12:29:22] INFO inference_time: 55.163585901260376
[2026-02-05 12:31:07] INFO {'epoch': 41, 'yelp_5_ndcg@20': tensor(0.0187), 'yelp_5_recall@20': tensor(0.0469), 'ndcg@20': tensor(0.0187), 'recall@20': tensor(0.0469), 'train_loss_0': tensor(0.3569, device='cuda:0')}
[2026-02-05 12:31:07] INFO training_time: 4746.616175174713
[2026-02-05 12:31:07] INFO inference_time: 56.59688353538513
[2026-02-05 12:32:41] INFO {'epoch': 42, 'yelp_5_ndcg@20': tensor(0.0187), 'yelp_5_recall@20': tensor(0.0478), 'ndcg@20': tensor(0.0187), 'recall@20': tensor(0.0478), 'train_loss_0': tensor(0.3560, device='cuda:0')}
[2026-02-05 12:32:41] INFO training_time: 4839.853218078613
[2026-02-05 12:32:41] INFO inference_time: 57.76861071586609
[2026-02-05 12:34:08] INFO {'epoch': 43, 'yelp_5_ndcg@20': tensor(0.0186), 'yelp_5_recall@20': tensor(0.0475), 'ndcg@20': tensor(0.0186), 'recall@20': tensor(0.0475), 'train_loss_0': tensor(0.3559, device='cuda:0')}
[2026-02-05 12:34:08] INFO training_time: 4926.081063985825
[2026-02-05 12:34:08] INFO inference_time: 58.88594651222229
[2026-02-05 12:35:32] INFO {'epoch': 44, 'yelp_5_ndcg@20': tensor(0.0184), 'yelp_5_recall@20': tensor(0.0470), 'ndcg@20': tensor(0.0184), 'recall@20': tensor(0.0470), 'train_loss_0': tensor(0.3528, device='cuda:0')}
[2026-02-05 12:35:32] INFO training_time: 5008.143897771835
[2026-02-05 12:35:32] INFO inference_time: 60.17742109298706
[2026-02-05 12:36:55] INFO {'epoch': 45, 'yelp_5_ndcg@20': tensor(0.0191), 'yelp_5_recall@20': tensor(0.0476), 'ndcg@20': tensor(0.0191), 'recall@20': tensor(0.0476), 'train_loss_0': tensor(0.3524, device='cuda:0')}
[2026-02-05 12:36:55] INFO training_time: 5090.044039726257
[2026-02-05 12:36:55] INFO inference_time: 61.39698791503906
[2026-02-05 12:38:18] INFO {'epoch': 46, 'yelp_5_ndcg@20': tensor(0.0185), 'yelp_5_recall@20': tensor(0.0476), 'ndcg@20': tensor(0.0185), 'recall@20': tensor(0.0476), 'train_loss_0': tensor(0.3522, device='cuda:0')}
[2026-02-05 12:38:18] INFO training_time: 5171.871333837509
[2026-02-05 12:38:18] INFO inference_time: 62.843639612197876
[2026-02-05 12:39:41] INFO {'epoch': 47, 'yelp_5_ndcg@20': tensor(0.0191), 'yelp_5_recall@20': tensor(0.0485), 'ndcg@20': tensor(0.0191), 'recall@20': tensor(0.0485), 'train_loss_0': tensor(0.3517, device='cuda:0')}
[2026-02-05 12:39:41] INFO training_time: 5253.7081162929535
[2026-02-05 12:39:41] INFO inference_time: 64.0056381225586
[2026-02-05 12:41:04] INFO {'epoch': 48, 'yelp_5_ndcg@20': tensor(0.0191), 'yelp_5_recall@20': tensor(0.0488), 'ndcg@20': tensor(0.0191), 'recall@20': tensor(0.0488), 'train_loss_0': tensor(0.3502, device='cuda:0')}
[2026-02-05 12:41:04] INFO training_time: 5335.384667396545
[2026-02-05 12:41:04] INFO inference_time: 65.08919596672058
[2026-02-05 12:42:27] INFO {'epoch': 49, 'yelp_5_ndcg@20': tensor(0.0198), 'yelp_5_recall@20': tensor(0.0503), 'ndcg@20': tensor(0.0198), 'recall@20': tensor(0.0503), 'train_loss_0': tensor(0.3489, device='cuda:0')}
[2026-02-05 12:42:27] INFO training_time: 5417.637682676315
[2026-02-05 12:42:27] INFO inference_time: 66.18345975875854
[2026-02-05 12:42:27] INFO ndcg@20 improved. Best value: 0.0198
[2026-02-05 12:42:27] INFO Best model checkpoint saved in saved/SASRec/noisy_5/2026-02-05-11-10-52-647497.ckpt.
[2026-02-05 12:43:50] INFO {'epoch': 50, 'yelp_5_ndcg@20': tensor(0.0196), 'yelp_5_recall@20': tensor(0.0488), 'ndcg@20': tensor(0.0196), 'recall@20': tensor(0.0488), 'train_loss_0': tensor(0.3488, device='cuda:0')}
[2026-02-05 12:43:50] INFO training_time: 5499.048622369766
[2026-02-05 12:43:50] INFO inference_time: 67.63251161575317
[2026-02-05 12:45:13] INFO {'epoch': 51, 'yelp_5_ndcg@20': tensor(0.0196), 'yelp_5_recall@20': tensor(0.0489), 'ndcg@20': tensor(0.0196), 'recall@20': tensor(0.0489), 'train_loss_0': tensor(0.3464, device='cuda:0')}
[2026-02-05 12:45:13] INFO training_time: 5580.608329772949
[2026-02-05 12:45:13] INFO inference_time: 69.09772849082947
[2026-02-05 12:46:37] INFO {'epoch': 52, 'yelp_5_ndcg@20': tensor(0.0193), 'yelp_5_recall@20': tensor(0.0486), 'ndcg@20': tensor(0.0193), 'recall@20': tensor(0.0486), 'train_loss_0': tensor(0.3434, device='cuda:0')}
[2026-02-05 12:46:37] INFO training_time: 5662.845679998398
[2026-02-05 12:46:37] INFO inference_time: 70.35204434394836
[2026-02-05 12:48:00] INFO {'epoch': 53, 'yelp_5_ndcg@20': tensor(0.0190), 'yelp_5_recall@20': tensor(0.0479), 'ndcg@20': tensor(0.0190), 'recall@20': tensor(0.0479), 'train_loss_0': tensor(0.3439, device='cuda:0')}
[2026-02-05 12:48:00] INFO training_time: 5744.923722743988
[2026-02-05 12:48:00] INFO inference_time: 71.40899872779846
[2026-02-05 12:49:23] INFO {'epoch': 54, 'yelp_5_ndcg@20': tensor(0.0189), 'yelp_5_recall@20': tensor(0.0487), 'ndcg@20': tensor(0.0189), 'recall@20': tensor(0.0487), 'train_loss_0': tensor(0.3421, device='cuda:0')}
[2026-02-05 12:49:23] INFO training_time: 5826.95306801796
[2026-02-05 12:49:23] INFO inference_time: 72.63846325874329
[2026-02-05 12:50:46] INFO {'epoch': 55, 'yelp_5_ndcg@20': tensor(0.0188), 'yelp_5_recall@20': tensor(0.0474), 'ndcg@20': tensor(0.0188), 'recall@20': tensor(0.0474), 'train_loss_0': tensor(0.3416, device='cuda:0')}
[2026-02-05 12:50:46] INFO training_time: 5908.78217124939
[2026-02-05 12:50:46] INFO inference_time: 73.82692503929138
[2026-02-05 12:52:09] INFO {'epoch': 56, 'yelp_5_ndcg@20': tensor(0.0195), 'yelp_5_recall@20': tensor(0.0493), 'ndcg@20': tensor(0.0195), 'recall@20': tensor(0.0493), 'train_loss_0': tensor(0.3429, device='cuda:0')}
[2026-02-05 12:52:09] INFO training_time: 5990.830312490463
[2026-02-05 12:52:09] INFO inference_time: 74.88989996910095
[2026-02-05 12:53:32] INFO {'epoch': 57, 'yelp_5_ndcg@20': tensor(0.0187), 'yelp_5_recall@20': tensor(0.0484), 'ndcg@20': tensor(0.0187), 'recall@20': tensor(0.0484), 'train_loss_0': tensor(0.3392, device='cuda:0')}
[2026-02-05 12:53:32] INFO training_time: 6072.690380334854
[2026-02-05 12:53:32] INFO inference_time: 75.9411678314209
[2026-02-05 12:54:56] INFO {'epoch': 58, 'yelp_5_ndcg@20': tensor(0.0188), 'yelp_5_recall@20': tensor(0.0483), 'ndcg@20': tensor(0.0188), 'recall@20': tensor(0.0483), 'train_loss_0': tensor(0.3399, device='cuda:0')}
[2026-02-05 12:54:56] INFO training_time: 6155.3764979839325
[2026-02-05 12:54:56] INFO inference_time: 76.99729585647583
[2026-02-05 12:56:20] INFO {'epoch': 59, 'yelp_5_ndcg@20': tensor(0.0191), 'yelp_5_recall@20': tensor(0.0480), 'ndcg@20': tensor(0.0191), 'recall@20': tensor(0.0480), 'train_loss_0': tensor(0.3370, device='cuda:0')}
[2026-02-05 12:56:20] INFO training_time: 6237.694453954697
[2026-02-05 12:56:20] INFO inference_time: 78.3567407131195
[2026-02-05 12:57:43] INFO {'epoch': 60, 'yelp_5_ndcg@20': tensor(0.0190), 'yelp_5_recall@20': tensor(0.0484), 'ndcg@20': tensor(0.0190), 'recall@20': tensor(0.0484), 'train_loss_0': tensor(0.3374, device='cuda:0')}
[2026-02-05 12:57:43] INFO training_time: 6319.671845674515
[2026-02-05 12:57:43] INFO inference_time: 79.71960639953613
[2026-02-05 12:59:07] INFO {'epoch': 61, 'yelp_5_ndcg@20': tensor(0.0193), 'yelp_5_recall@20': tensor(0.0495), 'ndcg@20': tensor(0.0193), 'recall@20': tensor(0.0495), 'train_loss_0': tensor(0.3383, device='cuda:0')}
[2026-02-05 12:59:07] INFO training_time: 6401.963668823242
[2026-02-05 12:59:07] INFO inference_time: 80.83703517913818
[2026-02-05 13:00:23] INFO {'epoch': 62, 'yelp_5_ndcg@20': tensor(0.0195), 'yelp_5_recall@20': tensor(0.0494), 'ndcg@20': tensor(0.0195), 'recall@20': tensor(0.0494), 'train_loss_0': tensor(0.3348, device='cuda:0')}
[2026-02-05 13:00:23] INFO training_time: 6477.384909152985
[2026-02-05 13:00:23] INFO inference_time: 81.96319127082825
[2026-02-05 13:01:36] INFO {'epoch': 63, 'yelp_5_ndcg@20': tensor(0.0190), 'yelp_5_recall@20': tensor(0.0482), 'ndcg@20': tensor(0.0190), 'recall@20': tensor(0.0482), 'train_loss_0': tensor(0.3365, device='cuda:0')}
[2026-02-05 13:01:36] INFO training_time: 6549.183330535889
[2026-02-05 13:01:36] INFO inference_time: 83.09406423568726
[2026-02-05 13:02:49] INFO {'epoch': 64, 'yelp_5_ndcg@20': tensor(0.0191), 'yelp_5_recall@20': tensor(0.0491), 'ndcg@20': tensor(0.0191), 'recall@20': tensor(0.0491), 'train_loss_0': tensor(0.3362, device='cuda:0')}
[2026-02-05 13:02:49] INFO training_time: 6621.318381547928
[2026-02-05 13:02:49] INFO inference_time: 84.2465648651123
[2026-02-05 13:04:07] INFO {'epoch': 65, 'yelp_5_ndcg@20': tensor(0.0192), 'yelp_5_recall@20': tensor(0.0493), 'ndcg@20': tensor(0.0192), 'recall@20': tensor(0.0493), 'train_loss_0': tensor(0.3323, device='cuda:0')}
[2026-02-05 13:04:07] INFO training_time: 6698.130544424057
[2026-02-05 13:04:07] INFO inference_time: 85.37547612190247
[2026-02-05 13:05:21] INFO {'epoch': 66, 'yelp_5_ndcg@20': tensor(0.0197), 'yelp_5_recall@20': tensor(0.0501), 'ndcg@20': tensor(0.0197), 'recall@20': tensor(0.0501), 'train_loss_0': tensor(0.3320, device='cuda:0')}
[2026-02-05 13:05:21] INFO training_time: 6770.408138990402
[2026-02-05 13:05:21] INFO inference_time: 86.60556721687317
[2026-02-05 13:06:35] INFO {'epoch': 67, 'yelp_5_ndcg@20': tensor(0.0193), 'yelp_5_recall@20': tensor(0.0498), 'ndcg@20': tensor(0.0193), 'recall@20': tensor(0.0498), 'train_loss_0': tensor(0.3330, device='cuda:0')}
[2026-02-05 13:06:35] INFO training_time: 6842.890770196915
[2026-02-05 13:06:35] INFO inference_time: 87.82997512817383
[2026-02-05 13:07:48] INFO {'epoch': 68, 'yelp_5_ndcg@20': tensor(0.0187), 'yelp_5_recall@20': tensor(0.0481), 'ndcg@20': tensor(0.0187), 'recall@20': tensor(0.0481), 'train_loss_0': tensor(0.3332, device='cuda:0')}
[2026-02-05 13:07:48] INFO training_time: 6915.863453388214
[2026-02-05 13:07:48] INFO inference_time: 88.81417512893677
[2026-02-05 13:09:02] INFO {'epoch': 69, 'yelp_5_ndcg@20': tensor(0.0188), 'yelp_5_recall@20': tensor(0.0491), 'ndcg@20': tensor(0.0188), 'recall@20': tensor(0.0491), 'train_loss_0': tensor(0.3314, device='cuda:0')}
[2026-02-05 13:09:02] INFO training_time: 6987.856319189072
[2026-02-05 13:09:02] INFO inference_time: 90.0609724521637
[2026-02-05 13:09:02] INFO Early stopped. Since the metric ndcg@20 haven't been improved for 20 epochs.
[2026-02-05 13:09:02] INFO The best score of ndcg@20 is 0.0198 on epoch 49
[2026-02-05 13:09:02] INFO Best model checkpoint saved in saved/SASRec/noisy_5/2026-02-05-11-10-52-647497.ckpt.
[2026-02-05 13:09:03] INFO defaultdict(<class 'float'>, {'yelp_5_ndcg@20': tensor(0.0169), 'yelp_5_recall@20': tensor(0.0425), 'yelp_5_ndcg@10': tensor(0.0125), 'yelp_5_recall@10': tensor(0.0252), 'ndcg@20': tensor(0.0169), 'recall@20': tensor(0.0425), 'ndcg@10': tensor(0.0125), 'recall@10': tensor(0.0252)})
