[2026-01-22 08:34:31] INFO PID of this process: 1659000
[2026-01-22 08:34:38] INFO {'model': {'embed_dim': 64, 'loss_fn': 'bce', 'sub_model': 'SASRec', 'hidden_size': 128, 'layer_num': 2, 'head_num': 2, 'dropout_rate': 0.5, 'activation': 'gelu', 'tau_min': 1, 'layer_norm_eps': 1e-12, 'model': 'MetaModel'}, 'data': {'domain_name_list': ['beauty_5'], 'user_threshold': 5, 'item_threshold': 5, 'max_seq_len': 50, 'dataset_class': 'general', 'train_file': '_regen', 'dataset': 'noisy_5'}, 'train': {'batch_size': 256, 'early_stop_mode': 'max', 'early_stop_patience': 20, 'epochs': 1000, 'device': 'cuda', 'optimizer': 'adam', 'learning_rate': 0.001, 'weight_decay': 0, 'num_neg': 1, 'seed': 2026, 'interval': 30, 'meta_optimizer': 'sgd', 'meta_learning_rate': 0.001, 'hpo_learning_rate': 0.001, 'meta_weight_decay': 0.001, 'descent_step': 30, 'warmup_epoch': 10}, 'eval': {'batch_size': 2048, 'cutoff': [20, 10], 'val_metrics': ['ndcg', 'recall'], 'test_metrics': ['ndcg', 'recall'], 'topk': 100, 'save_path': './saved/'}}
[2026-01-22 08:34:38] INFO <data.dataset.SeparateDataset object at 0x7fec6d1951f0>
[2026-01-22 08:34:38] INFO save_dir:saved
[2026-01-22 08:34:38] INFO {'model': {'embed_dim': 64, 'loss_fn': 'bce', 'hidden_size': 128, 'layer_num': 2, 'head_num': 2, 'dropout_rate': 0.5, 'activation': 'gelu', 'layer_norm_eps': 1e-12, 'model': 'SASRec'}, 'data': {'domain_name_list': ['beauty_5'], 'user_threshold': 5, 'item_threshold': 5, 'max_seq_len': 50, 'dataset_class': 'general', 'train_file': '_regen', 'dataset': 'noisy_5'}, 'train': {'batch_size': 256, 'early_stop_mode': 'max', 'early_stop_patience': 20, 'epochs': 1000, 'device': 0, 'optimizer': 'adam', 'learning_rate': 0.001, 'weight_decay': 0, 'num_neg': 1, 'seed': 2026}, 'eval': {'batch_size': 2048, 'cutoff': [20, 10], 'val_metrics': ['ndcg', 'recall'], 'test_metrics': ['ndcg', 'recall'], 'topk': 100, 'save_path': './saved/'}}
[2026-01-22 08:34:38] INFO MetaModel(
  (item_embedding): Embedding(12102, 64, padding_idx=0)
  (sub_model): SASRec(
    (item_embedding): Embedding(12102, 64, padding_idx=0)
    (query_encoder): SASRecQueryEncoder(
      (item_encoder): Embedding(12102, 64, padding_idx=0)
      (position_emb): Embedding(50, 64)
      (transformer_layer): TransformerEncoder(
        (layers): ModuleList(
          (0): TransformerEncoderLayer(
            (self_attn): MultiheadAttention(
              (out_proj): NonDynamicallyQuantizableLinear(in_features=64, out_features=64, bias=True)
            )
            (linear1): Linear(in_features=64, out_features=128, bias=True)
            (dropout): Dropout(p=0.5, inplace=False)
            (linear2): Linear(in_features=128, out_features=64, bias=True)
            (norm1): LayerNorm((64,), eps=1e-12, elementwise_affine=True)
            (norm2): LayerNorm((64,), eps=1e-12, elementwise_affine=True)
            (dropout1): Dropout(p=0.5, inplace=False)
            (dropout2): Dropout(p=0.5, inplace=False)
          )
          (1): TransformerEncoderLayer(
            (self_attn): MultiheadAttention(
              (out_proj): NonDynamicallyQuantizableLinear(in_features=64, out_features=64, bias=True)
            )
            (linear1): Linear(in_features=64, out_features=128, bias=True)
            (dropout): Dropout(p=0.5, inplace=False)
            (linear2): Linear(in_features=128, out_features=64, bias=True)
            (norm1): LayerNorm((64,), eps=1e-12, elementwise_affine=True)
            (norm2): LayerNorm((64,), eps=1e-12, elementwise_affine=True)
            (dropout1): Dropout(p=0.5, inplace=False)
            (dropout2): Dropout(p=0.5, inplace=False)
          )
        )
      )
      (dropout): Dropout(p=0.5, inplace=False)
      (training_pooling_layer): SeqPoolingLayer()
      (eval_pooling_layer): SeqPoolingLayer()
    )
    (loss_fn): BinaryCrossEntropyLoss()
  )
  (meta_module): Sequential(
    (0): Linear(in_features=64, out_features=64, bias=True)
    (1): ReLU()
    (2): Linear(in_features=64, out_features=2, bias=True)
  )
)
[2026-01-22 08:35:34] INFO {'epoch': 0, 'beauty_5_ndcg@20': tensor(0.0121), 'beauty_5_recall@20': tensor(0.0294), 'ndcg@20': tensor(0.0121), 'recall@20': tensor(0.0294), 'train_loss_0': tensor(1.1451, device='cuda:0')}
[2026-01-22 08:35:34] INFO training_time: 55.347182750701904
[2026-01-22 08:35:34] INFO inference_time: 0.7930641174316406
[2026-01-22 08:35:34] INFO ndcg@20 improved. Best value: 0.0121
[2026-01-22 08:35:34] INFO Best model checkpoint saved in saved/MetaModel/noisy_5/2026-01-22-08-34-31-830695.ckpt.
[2026-01-22 08:36:42] INFO {'epoch': 1, 'beauty_5_ndcg@20': tensor(0.0182), 'beauty_5_recall@20': tensor(0.0459), 'ndcg@20': tensor(0.0182), 'recall@20': tensor(0.0459), 'train_loss_0': tensor(0.9564, device='cuda:0')}
[2026-01-22 08:36:42] INFO training_time: 122.30099034309387
[2026-01-22 08:36:42] INFO inference_time: 1.5169692039489746
[2026-01-22 08:36:42] INFO ndcg@20 improved. Best value: 0.0182
[2026-01-22 08:36:42] INFO Best model checkpoint saved in saved/MetaModel/noisy_5/2026-01-22-08-34-31-830695.ckpt.
[2026-01-22 08:37:50] INFO {'epoch': 2, 'beauty_5_ndcg@20': tensor(0.0231), 'beauty_5_recall@20': tensor(0.0561), 'ndcg@20': tensor(0.0231), 'recall@20': tensor(0.0561), 'train_loss_0': tensor(0.8396, device='cuda:0')}
[2026-01-22 08:37:50] INFO training_time: 189.3955318927765
[2026-01-22 08:37:50] INFO inference_time: 2.1773855686187744
[2026-01-22 08:37:50] INFO ndcg@20 improved. Best value: 0.0231
[2026-01-22 08:37:50] INFO Best model checkpoint saved in saved/MetaModel/noisy_5/2026-01-22-08-34-31-830695.ckpt.
[2026-01-22 08:38:57] INFO {'epoch': 3, 'beauty_5_ndcg@20': tensor(0.0270), 'beauty_5_recall@20': tensor(0.0654), 'ndcg@20': tensor(0.0270), 'recall@20': tensor(0.0654), 'train_loss_0': tensor(0.7489, device='cuda:0')}
[2026-01-22 08:38:57] INFO training_time: 255.99328923225403
[2026-01-22 08:38:57] INFO inference_time: 2.8686203956604004
[2026-01-22 08:38:57] INFO ndcg@20 improved. Best value: 0.0270
[2026-01-22 08:38:57] INFO Best model checkpoint saved in saved/MetaModel/noisy_5/2026-01-22-08-34-31-830695.ckpt.
[2026-01-22 08:40:05] INFO {'epoch': 4, 'beauty_5_ndcg@20': tensor(0.0306), 'beauty_5_recall@20': tensor(0.0728), 'ndcg@20': tensor(0.0306), 'recall@20': tensor(0.0728), 'train_loss_0': tensor(0.6814, device='cuda:0')}
[2026-01-22 08:40:05] INFO training_time: 322.8035731315613
[2026-01-22 08:40:05] INFO inference_time: 3.7642128467559814
[2026-01-22 08:40:05] INFO ndcg@20 improved. Best value: 0.0306
[2026-01-22 08:40:05] INFO Best model checkpoint saved in saved/MetaModel/noisy_5/2026-01-22-08-34-31-830695.ckpt.
[2026-01-22 08:41:13] INFO {'epoch': 5, 'beauty_5_ndcg@20': tensor(0.0321), 'beauty_5_recall@20': tensor(0.0756), 'ndcg@20': tensor(0.0321), 'recall@20': tensor(0.0756), 'train_loss_0': tensor(0.6325, device='cuda:0')}
[2026-01-22 08:41:13] INFO training_time: 389.7062919139862
[2026-01-22 08:41:13] INFO inference_time: 4.687476634979248
[2026-01-22 08:41:13] INFO ndcg@20 improved. Best value: 0.0321
[2026-01-22 08:41:13] INFO Best model checkpoint saved in saved/MetaModel/noisy_5/2026-01-22-08-34-31-830695.ckpt.
[2026-01-22 08:42:20] INFO {'epoch': 6, 'beauty_5_ndcg@20': tensor(0.0325), 'beauty_5_recall@20': tensor(0.0767), 'ndcg@20': tensor(0.0325), 'recall@20': tensor(0.0767), 'train_loss_0': tensor(0.5962, device='cuda:0')}
[2026-01-22 08:42:20] INFO training_time: 456.442049741745
[2026-01-22 08:42:20] INFO inference_time: 5.464499235153198
[2026-01-22 08:42:20] INFO ndcg@20 improved. Best value: 0.0325
[2026-01-22 08:42:20] INFO Best model checkpoint saved in saved/MetaModel/noisy_5/2026-01-22-08-34-31-830695.ckpt.
[2026-01-22 08:43:28] INFO {'epoch': 7, 'beauty_5_ndcg@20': tensor(0.0348), 'beauty_5_recall@20': tensor(0.0834), 'ndcg@20': tensor(0.0348), 'recall@20': tensor(0.0834), 'train_loss_0': tensor(0.5694, device='cuda:0')}
[2026-01-22 08:43:28] INFO training_time: 523.2761969566345
[2026-01-22 08:43:28] INFO inference_time: 6.114019155502319
[2026-01-22 08:43:28] INFO ndcg@20 improved. Best value: 0.0348
[2026-01-22 08:43:28] INFO Best model checkpoint saved in saved/MetaModel/noisy_5/2026-01-22-08-34-31-830695.ckpt.
[2026-01-22 08:44:35] INFO {'epoch': 8, 'beauty_5_ndcg@20': tensor(0.0345), 'beauty_5_recall@20': tensor(0.0836), 'ndcg@20': tensor(0.0345), 'recall@20': tensor(0.0836), 'train_loss_0': tensor(0.5474, device='cuda:0')}
[2026-01-22 08:44:35] INFO training_time: 589.9295065402985
[2026-01-22 08:44:35] INFO inference_time: 6.8293585777282715
[2026-01-22 08:45:43] INFO {'epoch': 9, 'beauty_5_ndcg@20': tensor(0.0354), 'beauty_5_recall@20': tensor(0.0824), 'ndcg@20': tensor(0.0354), 'recall@20': tensor(0.0824), 'train_loss_0': tensor(0.5314, device='cuda:0')}
[2026-01-22 08:45:43] INFO training_time: 656.8484652042389
[2026-01-22 08:45:43] INFO inference_time: 7.564258575439453
[2026-01-22 08:45:43] INFO ndcg@20 improved. Best value: 0.0354
[2026-01-22 08:45:43] INFO Best model checkpoint saved in saved/MetaModel/noisy_5/2026-01-22-08-34-31-830695.ckpt.
[2026-01-22 08:46:51] INFO {'epoch': 10, 'beauty_5_ndcg@20': tensor(0.0361), 'beauty_5_recall@20': tensor(0.0825), 'ndcg@20': tensor(0.0361), 'recall@20': tensor(0.0825), 'train_loss_0': tensor(0.5174, device='cuda:0')}
[2026-01-22 08:46:51] INFO training_time: 723.8514111042023
[2026-01-22 08:46:51] INFO inference_time: 8.56573224067688
[2026-01-22 08:46:51] INFO ndcg@20 improved. Best value: 0.0361
[2026-01-22 08:46:51] INFO Best model checkpoint saved in saved/MetaModel/noisy_5/2026-01-22-08-34-31-830695.ckpt.
[2026-01-22 08:48:25] INFO {'epoch': 11, 'beauty_5_ndcg@20': tensor(0.0374), 'beauty_5_recall@20': tensor(0.0876), 'ndcg@20': tensor(0.0374), 'recall@20': tensor(0.0876), 'train_loss_0': tensor(0.2591, device='cuda:0')}
[2026-01-22 08:48:25] INFO training_time: 817.2680642604828
[2026-01-22 08:48:25] INFO inference_time: 9.425569772720337
[2026-01-22 08:48:25] INFO ndcg@20 improved. Best value: 0.0374
[2026-01-22 08:48:25] INFO Best model checkpoint saved in saved/MetaModel/noisy_5/2026-01-22-08-34-31-830695.ckpt.
[2026-01-22 08:49:59] INFO {'epoch': 12, 'beauty_5_ndcg@20': tensor(0.0379), 'beauty_5_recall@20': tensor(0.0873), 'ndcg@20': tensor(0.0379), 'recall@20': tensor(0.0873), 'train_loss_0': tensor(0.2516, device='cuda:0')}
[2026-01-22 08:49:59] INFO training_time: 910.4675052165985
[2026-01-22 08:49:59] INFO inference_time: 10.1103675365448
[2026-01-22 08:49:59] INFO ndcg@20 improved. Best value: 0.0379
[2026-01-22 08:49:59] INFO Best model checkpoint saved in saved/MetaModel/noisy_5/2026-01-22-08-34-31-830695.ckpt.
[2026-01-22 08:51:34] INFO {'epoch': 13, 'beauty_5_ndcg@20': tensor(0.0379), 'beauty_5_recall@20': tensor(0.0887), 'ndcg@20': tensor(0.0379), 'recall@20': tensor(0.0887), 'train_loss_0': tensor(0.2495, device='cuda:0')}
[2026-01-22 08:51:34] INFO training_time: 1004.2353272438049
[2026-01-22 08:51:34] INFO inference_time: 10.941271305084229
[2026-01-22 08:53:09] INFO {'epoch': 14, 'beauty_5_ndcg@20': tensor(0.0391), 'beauty_5_recall@20': tensor(0.0923), 'ndcg@20': tensor(0.0391), 'recall@20': tensor(0.0923), 'train_loss_0': tensor(0.2467, device='cuda:0')}
[2026-01-22 08:53:09] INFO training_time: 1098.4900517463684
[2026-01-22 08:53:09] INFO inference_time: 11.830899715423584
[2026-01-22 08:53:09] INFO ndcg@20 improved. Best value: 0.0391
[2026-01-22 08:53:09] INFO Best model checkpoint saved in saved/MetaModel/noisy_5/2026-01-22-08-34-31-830695.ckpt.
[2026-01-22 08:54:42] INFO {'epoch': 15, 'beauty_5_ndcg@20': tensor(0.0394), 'beauty_5_recall@20': tensor(0.0905), 'ndcg@20': tensor(0.0394), 'recall@20': tensor(0.0905), 'train_loss_0': tensor(0.2456, device='cuda:0')}
[2026-01-22 08:54:42] INFO training_time: 1190.6208035945892
[2026-01-22 08:54:42] INFO inference_time: 12.441896915435791
[2026-01-22 08:54:42] INFO ndcg@20 improved. Best value: 0.0394
[2026-01-22 08:54:42] INFO Best model checkpoint saved in saved/MetaModel/noisy_5/2026-01-22-08-34-31-830695.ckpt.
[2026-01-22 08:56:16] INFO {'epoch': 16, 'beauty_5_ndcg@20': tensor(0.0395), 'beauty_5_recall@20': tensor(0.0905), 'ndcg@20': tensor(0.0395), 'recall@20': tensor(0.0905), 'train_loss_0': tensor(0.2444, device='cuda:0')}
[2026-01-22 08:56:16] INFO training_time: 1284.539721250534
[2026-01-22 08:56:16] INFO inference_time: 13.310208320617676
[2026-01-22 08:56:16] INFO ndcg@20 improved. Best value: 0.0395
[2026-01-22 08:56:16] INFO Best model checkpoint saved in saved/MetaModel/noisy_5/2026-01-22-08-34-31-830695.ckpt.
[2026-01-22 08:57:51] INFO {'epoch': 17, 'beauty_5_ndcg@20': tensor(0.0400), 'beauty_5_recall@20': tensor(0.0902), 'ndcg@20': tensor(0.0400), 'recall@20': tensor(0.0902), 'train_loss_0': tensor(0.2420, device='cuda:0')}
[2026-01-22 08:57:51] INFO training_time: 1378.6929416656494
[2026-01-22 08:57:51] INFO inference_time: 13.964918851852417
[2026-01-22 08:57:51] INFO ndcg@20 improved. Best value: 0.0400
[2026-01-22 08:57:51] INFO Best model checkpoint saved in saved/MetaModel/noisy_5/2026-01-22-08-34-31-830695.ckpt.
[2026-01-22 08:59:26] INFO {'epoch': 18, 'beauty_5_ndcg@20': tensor(0.0403), 'beauty_5_recall@20': tensor(0.0917), 'ndcg@20': tensor(0.0403), 'recall@20': tensor(0.0917), 'train_loss_0': tensor(0.2430, device='cuda:0')}
[2026-01-22 08:59:26] INFO training_time: 1472.3813734054565
[2026-01-22 08:59:26] INFO inference_time: 14.86238408088684
[2026-01-22 08:59:26] INFO ndcg@20 improved. Best value: 0.0403
[2026-01-22 08:59:26] INFO Best model checkpoint saved in saved/MetaModel/noisy_5/2026-01-22-08-34-31-830695.ckpt.
[2026-01-22 09:01:00] INFO {'epoch': 19, 'beauty_5_ndcg@20': tensor(0.0397), 'beauty_5_recall@20': tensor(0.0902), 'ndcg@20': tensor(0.0397), 'recall@20': tensor(0.0902), 'train_loss_0': tensor(0.2397, device='cuda:0')}
[2026-01-22 09:01:00] INFO training_time: 1565.4295451641083
[2026-01-22 09:01:00] INFO inference_time: 15.590491771697998
[2026-01-22 09:02:35] INFO {'epoch': 20, 'beauty_5_ndcg@20': tensor(0.0403), 'beauty_5_recall@20': tensor(0.0910), 'ndcg@20': tensor(0.0403), 'recall@20': tensor(0.0910), 'train_loss_0': tensor(0.2363, device='cuda:0')}
[2026-01-22 09:02:35] INFO training_time: 1659.160095691681
[2026-01-22 09:02:35] INFO inference_time: 16.859904050827026
[2026-01-22 09:02:35] INFO ndcg@20 improved. Best value: 0.0403
[2026-01-22 09:02:35] INFO Best model checkpoint saved in saved/MetaModel/noisy_5/2026-01-22-08-34-31-830695.ckpt.
[2026-01-22 09:04:09] INFO {'epoch': 21, 'beauty_5_ndcg@20': tensor(0.0399), 'beauty_5_recall@20': tensor(0.0910), 'ndcg@20': tensor(0.0399), 'recall@20': tensor(0.0910), 'train_loss_0': tensor(0.2366, device='cuda:0')}
[2026-01-22 09:04:09] INFO training_time: 1752.6166467666626
[2026-01-22 09:04:09] INFO inference_time: 17.563372135162354
[2026-01-22 09:05:43] INFO {'epoch': 22, 'beauty_5_ndcg@20': tensor(0.0407), 'beauty_5_recall@20': tensor(0.0918), 'ndcg@20': tensor(0.0407), 'recall@20': tensor(0.0918), 'train_loss_0': tensor(0.2347, device='cuda:0')}
[2026-01-22 09:05:43] INFO training_time: 1846.205227136612
[2026-01-22 09:05:43] INFO inference_time: 18.235169172286987
[2026-01-22 09:05:43] INFO ndcg@20 improved. Best value: 0.0407
[2026-01-22 09:05:43] INFO Best model checkpoint saved in saved/MetaModel/noisy_5/2026-01-22-08-34-31-830695.ckpt.
[2026-01-22 09:07:18] INFO {'epoch': 23, 'beauty_5_ndcg@20': tensor(0.0411), 'beauty_5_recall@20': tensor(0.0933), 'ndcg@20': tensor(0.0411), 'recall@20': tensor(0.0933), 'train_loss_0': tensor(0.2339, device='cuda:0')}
[2026-01-22 09:07:18] INFO training_time: 1940.2400078773499
[2026-01-22 09:07:18] INFO inference_time: 19.04131007194519
[2026-01-22 09:07:18] INFO ndcg@20 improved. Best value: 0.0411
[2026-01-22 09:07:18] INFO Best model checkpoint saved in saved/MetaModel/noisy_5/2026-01-22-08-34-31-830695.ckpt.
[2026-01-22 09:08:53] INFO {'epoch': 24, 'beauty_5_ndcg@20': tensor(0.0407), 'beauty_5_recall@20': tensor(0.0929), 'ndcg@20': tensor(0.0407), 'recall@20': tensor(0.0929), 'train_loss_0': tensor(0.2304, device='cuda:0')}
[2026-01-22 09:08:53] INFO training_time: 2034.2711596488953
[2026-01-22 09:08:53] INFO inference_time: 19.719341278076172
[2026-01-22 09:10:27] INFO {'epoch': 25, 'beauty_5_ndcg@20': tensor(0.0414), 'beauty_5_recall@20': tensor(0.0933), 'ndcg@20': tensor(0.0414), 'recall@20': tensor(0.0933), 'train_loss_0': tensor(0.2294, device='cuda:0')}
[2026-01-22 09:10:27] INFO training_time: 2128.207376718521
[2026-01-22 09:10:27] INFO inference_time: 20.36714792251587
[2026-01-22 09:10:27] INFO ndcg@20 improved. Best value: 0.0414
[2026-01-22 09:10:27] INFO Best model checkpoint saved in saved/MetaModel/noisy_5/2026-01-22-08-34-31-830695.ckpt.
[2026-01-22 09:12:02] INFO {'epoch': 26, 'beauty_5_ndcg@20': tensor(0.0413), 'beauty_5_recall@20': tensor(0.0923), 'ndcg@20': tensor(0.0413), 'recall@20': tensor(0.0923), 'train_loss_0': tensor(0.2284, device='cuda:0')}
[2026-01-22 09:12:02] INFO training_time: 2221.9243841171265
[2026-01-22 09:12:02] INFO inference_time: 21.173423051834106
[2026-01-22 09:13:36] INFO {'epoch': 27, 'beauty_5_ndcg@20': tensor(0.0410), 'beauty_5_recall@20': tensor(0.0944), 'ndcg@20': tensor(0.0410), 'recall@20': tensor(0.0944), 'train_loss_0': tensor(0.2253, device='cuda:0')}
[2026-01-22 09:13:36] INFO training_time: 2315.2713980674744
[2026-01-22 09:13:36] INFO inference_time: 21.810133457183838
[2026-01-22 09:15:10] INFO {'epoch': 28, 'beauty_5_ndcg@20': tensor(0.0432), 'beauty_5_recall@20': tensor(0.0989), 'ndcg@20': tensor(0.0432), 'recall@20': tensor(0.0989), 'train_loss_0': tensor(0.2245, device='cuda:0')}
[2026-01-22 09:15:10] INFO training_time: 2409.0633919239044
[2026-01-22 09:15:10] INFO inference_time: 22.447078466415405
[2026-01-22 09:15:10] INFO ndcg@20 improved. Best value: 0.0432
[2026-01-22 09:15:10] INFO Best model checkpoint saved in saved/MetaModel/noisy_5/2026-01-22-08-34-31-830695.ckpt.
[2026-01-22 09:16:45] INFO {'epoch': 29, 'beauty_5_ndcg@20': tensor(0.0422), 'beauty_5_recall@20': tensor(0.0957), 'ndcg@20': tensor(0.0422), 'recall@20': tensor(0.0957), 'train_loss_0': tensor(0.2237, device='cuda:0')}
[2026-01-22 09:16:45] INFO training_time: 2502.5313539505005
[2026-01-22 09:16:45] INFO inference_time: 23.128710508346558
[2026-01-22 09:18:18] INFO {'epoch': 30, 'beauty_5_ndcg@20': tensor(0.0420), 'beauty_5_recall@20': tensor(0.0975), 'ndcg@20': tensor(0.0420), 'recall@20': tensor(0.0975), 'train_loss_0': tensor(0.2234, device='cuda:0')}
[2026-01-22 09:18:18] INFO training_time: 2594.7144742012024
[2026-01-22 09:18:18] INFO inference_time: 24.046585083007812
[2026-01-22 09:19:52] INFO {'epoch': 31, 'beauty_5_ndcg@20': tensor(0.0423), 'beauty_5_recall@20': tensor(0.0968), 'ndcg@20': tensor(0.0423), 'recall@20': tensor(0.0968), 'train_loss_0': tensor(0.2206, device='cuda:0')}
[2026-01-22 09:19:52] INFO training_time: 2688.611865758896
[2026-01-22 09:19:52] INFO inference_time: 24.804283618927002
[2026-01-22 09:21:26] INFO {'epoch': 32, 'beauty_5_ndcg@20': tensor(0.0420), 'beauty_5_recall@20': tensor(0.0970), 'ndcg@20': tensor(0.0420), 'recall@20': tensor(0.0970), 'train_loss_0': tensor(0.2205, device='cuda:0')}
[2026-01-22 09:21:26] INFO training_time: 2782.07058095932
[2026-01-22 09:21:26] INFO inference_time: 25.475179195404053
[2026-01-22 09:23:01] INFO {'epoch': 33, 'beauty_5_ndcg@20': tensor(0.0413), 'beauty_5_recall@20': tensor(0.0946), 'ndcg@20': tensor(0.0413), 'recall@20': tensor(0.0946), 'train_loss_0': tensor(0.2195, device='cuda:0')}
[2026-01-22 09:23:01] INFO training_time: 2875.4892048835754
[2026-01-22 09:23:01] INFO inference_time: 26.41488528251648
[2026-01-22 09:24:35] INFO {'epoch': 34, 'beauty_5_ndcg@20': tensor(0.0420), 'beauty_5_recall@20': tensor(0.0958), 'ndcg@20': tensor(0.0420), 'recall@20': tensor(0.0958), 'train_loss_0': tensor(0.2171, device='cuda:0')}
[2026-01-22 09:24:35] INFO training_time: 2968.9914796352386
[2026-01-22 09:24:35] INFO inference_time: 27.143343925476074
[2026-01-22 09:26:10] INFO {'epoch': 35, 'beauty_5_ndcg@20': tensor(0.0421), 'beauty_5_recall@20': tensor(0.0950), 'ndcg@20': tensor(0.0421), 'recall@20': tensor(0.0950), 'train_loss_0': tensor(0.2177, device='cuda:0')}
[2026-01-22 09:26:10] INFO training_time: 3062.8811287879944
[2026-01-22 09:26:10] INFO inference_time: 27.721065759658813
[2026-01-22 09:27:44] INFO {'epoch': 36, 'beauty_5_ndcg@20': tensor(0.0423), 'beauty_5_recall@20': tensor(0.0967), 'ndcg@20': tensor(0.0423), 'recall@20': tensor(0.0967), 'train_loss_0': tensor(0.2153, device='cuda:0')}
[2026-01-22 09:27:44] INFO training_time: 3156.718373775482
[2026-01-22 09:27:44] INFO inference_time: 28.532794713974
[2026-01-22 09:29:19] INFO {'epoch': 37, 'beauty_5_ndcg@20': tensor(0.0420), 'beauty_5_recall@20': tensor(0.0954), 'ndcg@20': tensor(0.0420), 'recall@20': tensor(0.0954), 'train_loss_0': tensor(0.2156, device='cuda:0')}
[2026-01-22 09:29:19] INFO training_time: 3250.732612848282
[2026-01-22 09:29:19] INFO inference_time: 29.21762776374817
[2026-01-22 09:30:53] INFO {'epoch': 38, 'beauty_5_ndcg@20': tensor(0.0429), 'beauty_5_recall@20': tensor(0.0976), 'ndcg@20': tensor(0.0429), 'recall@20': tensor(0.0976), 'train_loss_0': tensor(0.2152, device='cuda:0')}
[2026-01-22 09:30:53] INFO training_time: 3344.3103585243225
[2026-01-22 09:30:53] INFO inference_time: 29.897167921066284
[2026-01-22 09:32:28] INFO {'epoch': 39, 'beauty_5_ndcg@20': tensor(0.0419), 'beauty_5_recall@20': tensor(0.0940), 'ndcg@20': tensor(0.0419), 'recall@20': tensor(0.0940), 'train_loss_0': tensor(0.2121, device='cuda:0')}
[2026-01-22 09:32:28] INFO training_time: 3438.1151826381683
[2026-01-22 09:32:28] INFO inference_time: 30.603384971618652
[2026-01-22 09:34:01] INFO {'epoch': 40, 'beauty_5_ndcg@20': tensor(0.0433), 'beauty_5_recall@20': tensor(0.0966), 'ndcg@20': tensor(0.0433), 'recall@20': tensor(0.0966), 'train_loss_0': tensor(0.2116, device='cuda:0')}
[2026-01-22 09:34:01] INFO training_time: 3531.0817511081696
[2026-01-22 09:34:01] INFO inference_time: 31.412090063095093
[2026-01-22 09:34:01] INFO ndcg@20 improved. Best value: 0.0433
[2026-01-22 09:34:01] INFO Best model checkpoint saved in saved/MetaModel/noisy_5/2026-01-22-08-34-31-830695.ckpt.
[2026-01-22 09:35:36] INFO {'epoch': 41, 'beauty_5_ndcg@20': tensor(0.0429), 'beauty_5_recall@20': tensor(0.0983), 'ndcg@20': tensor(0.0429), 'recall@20': tensor(0.0983), 'train_loss_0': tensor(0.2103, device='cuda:0')}
[2026-01-22 09:35:36] INFO training_time: 3625.0505182743073
[2026-01-22 09:35:36] INFO inference_time: 32.15582799911499
[2026-01-22 09:37:10] INFO {'epoch': 42, 'beauty_5_ndcg@20': tensor(0.0416), 'beauty_5_recall@20': tensor(0.0960), 'ndcg@20': tensor(0.0416), 'recall@20': tensor(0.0960), 'train_loss_0': tensor(0.2105, device='cuda:0')}
[2026-01-22 09:37:10] INFO training_time: 3718.4009342193604
[2026-01-22 09:37:10] INFO inference_time: 32.884971380233765
[2026-01-22 09:38:45] INFO {'epoch': 43, 'beauty_5_ndcg@20': tensor(0.0421), 'beauty_5_recall@20': tensor(0.0982), 'ndcg@20': tensor(0.0421), 'recall@20': tensor(0.0982), 'train_loss_0': tensor(0.2104, device='cuda:0')}
[2026-01-22 09:38:45] INFO training_time: 3812.1460061073303
[2026-01-22 09:38:45] INFO inference_time: 33.629785776138306
[2026-01-22 09:40:19] INFO {'epoch': 44, 'beauty_5_ndcg@20': tensor(0.0412), 'beauty_5_recall@20': tensor(0.0956), 'ndcg@20': tensor(0.0412), 'recall@20': tensor(0.0956), 'train_loss_0': tensor(0.2086, device='cuda:0')}
[2026-01-22 09:40:19] INFO training_time: 3905.8557715415955
[2026-01-22 09:40:19] INFO inference_time: 34.30618762969971
[2026-01-22 09:41:52] INFO {'epoch': 45, 'beauty_5_ndcg@20': tensor(0.0423), 'beauty_5_recall@20': tensor(0.0963), 'ndcg@20': tensor(0.0423), 'recall@20': tensor(0.0963), 'train_loss_0': tensor(0.2082, device='cuda:0')}
[2026-01-22 09:41:52] INFO training_time: 3997.912428855896
[2026-01-22 09:41:52] INFO inference_time: 35.0829644203186
[2026-01-22 09:43:26] INFO {'epoch': 46, 'beauty_5_ndcg@20': tensor(0.0415), 'beauty_5_recall@20': tensor(0.0965), 'ndcg@20': tensor(0.0415), 'recall@20': tensor(0.0965), 'train_loss_0': tensor(0.2067, device='cuda:0')}
[2026-01-22 09:43:26] INFO training_time: 4091.5716648101807
[2026-01-22 09:43:26] INFO inference_time: 35.721439838409424
[2026-01-22 09:45:01] INFO {'epoch': 47, 'beauty_5_ndcg@20': tensor(0.0425), 'beauty_5_recall@20': tensor(0.0980), 'ndcg@20': tensor(0.0425), 'recall@20': tensor(0.0980), 'train_loss_0': tensor(0.2067, device='cuda:0')}
[2026-01-22 09:45:01] INFO training_time: 4184.933455467224
[2026-01-22 09:45:01] INFO inference_time: 36.56066417694092
[2026-01-22 09:46:23] INFO {'epoch': 48, 'beauty_5_ndcg@20': tensor(0.0426), 'beauty_5_recall@20': tensor(0.0974), 'ndcg@20': tensor(0.0426), 'recall@20': tensor(0.0974), 'train_loss_0': tensor(0.2048, device='cuda:0')}
[2026-01-22 09:46:23] INFO training_time: 4267.005046606064
[2026-01-22 09:46:23] INFO inference_time: 37.26987886428833
[2026-01-22 09:47:46] INFO {'epoch': 49, 'beauty_5_ndcg@20': tensor(0.0422), 'beauty_5_recall@20': tensor(0.0965), 'ndcg@20': tensor(0.0422), 'recall@20': tensor(0.0965), 'train_loss_0': tensor(0.2063, device='cuda:0')}
[2026-01-22 09:47:46] INFO training_time: 4348.512664079666
[2026-01-22 09:47:46] INFO inference_time: 37.94901943206787
[2026-01-22 09:49:08] INFO {'epoch': 50, 'beauty_5_ndcg@20': tensor(0.0427), 'beauty_5_recall@20': tensor(0.0980), 'ndcg@20': tensor(0.0427), 'recall@20': tensor(0.0980), 'train_loss_0': tensor(0.2046, device='cuda:0')}
[2026-01-22 09:49:08] INFO training_time: 4429.667228221893
[2026-01-22 09:49:08] INFO inference_time: 38.893059492111206
[2026-01-22 09:50:30] INFO {'epoch': 51, 'beauty_5_ndcg@20': tensor(0.0436), 'beauty_5_recall@20': tensor(0.0993), 'ndcg@20': tensor(0.0436), 'recall@20': tensor(0.0993), 'train_loss_0': tensor(0.2035, device='cuda:0')}
[2026-01-22 09:50:30] INFO training_time: 4511.819080591202
[2026-01-22 09:50:30] INFO inference_time: 39.41775393486023
[2026-01-22 09:50:30] INFO ndcg@20 improved. Best value: 0.0436
[2026-01-22 09:50:30] INFO Best model checkpoint saved in saved/MetaModel/noisy_5/2026-01-22-08-34-31-830695.ckpt.
[2026-01-22 09:51:52] INFO {'epoch': 52, 'beauty_5_ndcg@20': tensor(0.0426), 'beauty_5_recall@20': tensor(0.0986), 'ndcg@20': tensor(0.0426), 'recall@20': tensor(0.0986), 'train_loss_0': tensor(0.2030, device='cuda:0')}
[2026-01-22 09:51:52] INFO training_time: 4593.252874612808
[2026-01-22 09:51:52] INFO inference_time: 40.12461853027344
[2026-01-22 09:53:15] INFO {'epoch': 53, 'beauty_5_ndcg@20': tensor(0.0422), 'beauty_5_recall@20': tensor(0.0968), 'ndcg@20': tensor(0.0422), 'recall@20': tensor(0.0968), 'train_loss_0': tensor(0.2036, device='cuda:0')}
[2026-01-22 09:53:15] INFO training_time: 4674.797906637192
[2026-01-22 09:53:15] INFO inference_time: 40.885547161102295
[2026-01-22 09:54:37] INFO {'epoch': 54, 'beauty_5_ndcg@20': tensor(0.0427), 'beauty_5_recall@20': tensor(0.0978), 'ndcg@20': tensor(0.0427), 'recall@20': tensor(0.0978), 'train_loss_0': tensor(0.2030, device='cuda:0')}
[2026-01-22 09:54:37] INFO training_time: 4756.409561634064
[2026-01-22 09:54:37] INFO inference_time: 41.5280442237854
[2026-01-22 09:55:59] INFO {'epoch': 55, 'beauty_5_ndcg@20': tensor(0.0441), 'beauty_5_recall@20': tensor(0.1007), 'ndcg@20': tensor(0.0441), 'recall@20': tensor(0.1007), 'train_loss_0': tensor(0.2023, device='cuda:0')}
[2026-01-22 09:55:59] INFO training_time: 4837.563090324402
[2026-01-22 09:55:59] INFO inference_time: 42.422306299209595
[2026-01-22 09:55:59] INFO ndcg@20 improved. Best value: 0.0441
[2026-01-22 09:55:59] INFO Best model checkpoint saved in saved/MetaModel/noisy_5/2026-01-22-08-34-31-830695.ckpt.
[2026-01-22 09:57:13] INFO {'epoch': 56, 'beauty_5_ndcg@20': tensor(0.0424), 'beauty_5_recall@20': tensor(0.0985), 'ndcg@20': tensor(0.0424), 'recall@20': tensor(0.0985), 'train_loss_0': tensor(0.2009, device='cuda:0')}
[2026-01-22 09:57:13] INFO training_time: 4910.936504602432
[2026-01-22 09:57:13] INFO inference_time: 43.2516884803772
[2026-01-22 09:58:23] INFO {'epoch': 57, 'beauty_5_ndcg@20': tensor(0.0419), 'beauty_5_recall@20': tensor(0.0964), 'ndcg@20': tensor(0.0419), 'recall@20': tensor(0.0964), 'train_loss_0': tensor(0.2013, device='cuda:0')}
[2026-01-22 09:58:23] INFO training_time: 4980.39145731926
[2026-01-22 09:58:23] INFO inference_time: 43.9110062122345
[2026-01-22 09:59:34] INFO {'epoch': 58, 'beauty_5_ndcg@20': tensor(0.0427), 'beauty_5_recall@20': tensor(0.0981), 'ndcg@20': tensor(0.0427), 'recall@20': tensor(0.0981), 'train_loss_0': tensor(0.2000, device='cuda:0')}
[2026-01-22 09:59:34] INFO training_time: 5049.780962944031
[2026-01-22 09:59:34] INFO inference_time: 44.58185267448425
[2026-01-22 10:00:43] INFO {'epoch': 59, 'beauty_5_ndcg@20': tensor(0.0422), 'beauty_5_recall@20': tensor(0.0977), 'ndcg@20': tensor(0.0422), 'recall@20': tensor(0.0977), 'train_loss_0': tensor(0.1989, device='cuda:0')}
[2026-01-22 10:00:43] INFO training_time: 5119.08780837059
[2026-01-22 10:00:43] INFO inference_time: 45.215888023376465
[2026-01-22 10:01:52] INFO {'epoch': 60, 'beauty_5_ndcg@20': tensor(0.0430), 'beauty_5_recall@20': tensor(0.0983), 'ndcg@20': tensor(0.0430), 'recall@20': tensor(0.0983), 'train_loss_0': tensor(0.1990, device='cuda:0')}
[2026-01-22 10:01:52] INFO training_time: 5186.513652563095
[2026-01-22 10:01:52] INFO inference_time: 46.09133863449097
[2026-01-22 10:02:51] INFO {'epoch': 61, 'beauty_5_ndcg@20': tensor(0.0443), 'beauty_5_recall@20': tensor(0.1003), 'ndcg@20': tensor(0.0443), 'recall@20': tensor(0.1003), 'train_loss_0': tensor(0.1980, device='cuda:0')}
[2026-01-22 10:02:51] INFO training_time: 5244.696728229523
[2026-01-22 10:02:51] INFO inference_time: 46.831111907958984
[2026-01-22 10:02:51] INFO ndcg@20 improved. Best value: 0.0443
[2026-01-22 10:02:51] INFO Best model checkpoint saved in saved/MetaModel/noisy_5/2026-01-22-08-34-31-830695.ckpt.
[2026-01-22 10:03:50] INFO {'epoch': 62, 'beauty_5_ndcg@20': tensor(0.0440), 'beauty_5_recall@20': tensor(0.0994), 'ndcg@20': tensor(0.0440), 'recall@20': tensor(0.0994), 'train_loss_0': tensor(0.1983, device='cuda:0')}
[2026-01-22 10:03:50] INFO training_time: 5303.215082883835
[2026-01-22 10:03:50] INFO inference_time: 47.51996874809265
[2026-01-22 10:04:49] INFO {'epoch': 63, 'beauty_5_ndcg@20': tensor(0.0436), 'beauty_5_recall@20': tensor(0.0992), 'ndcg@20': tensor(0.0436), 'recall@20': tensor(0.0992), 'train_loss_0': tensor(0.1973, device='cuda:0')}
[2026-01-22 10:04:49] INFO training_time: 5361.474186897278
[2026-01-22 10:04:49] INFO inference_time: 48.180675745010376
[2026-01-22 10:05:38] INFO {'epoch': 64, 'beauty_5_ndcg@20': tensor(0.0437), 'beauty_5_recall@20': tensor(0.0991), 'ndcg@20': tensor(0.0437), 'recall@20': tensor(0.0991), 'train_loss_0': tensor(0.1973, device='cuda:0')}
[2026-01-22 10:05:38] INFO training_time: 5410.197752952576
[2026-01-22 10:05:38] INFO inference_time: 48.92712950706482
[2026-01-22 10:06:26] INFO {'epoch': 65, 'beauty_5_ndcg@20': tensor(0.0431), 'beauty_5_recall@20': tensor(0.0983), 'ndcg@20': tensor(0.0431), 'recall@20': tensor(0.0983), 'train_loss_0': tensor(0.1959, device='cuda:0')}
[2026-01-22 10:06:26] INFO training_time: 5457.431074857712
[2026-01-22 10:06:26] INFO inference_time: 49.67829179763794
[2026-01-22 10:07:15] INFO {'epoch': 66, 'beauty_5_ndcg@20': tensor(0.0436), 'beauty_5_recall@20': tensor(0.0990), 'ndcg@20': tensor(0.0436), 'recall@20': tensor(0.0990), 'train_loss_0': tensor(0.1972, device='cuda:0')}
[2026-01-22 10:07:15] INFO training_time: 5505.017151594162
[2026-01-22 10:07:15] INFO inference_time: 50.43964433670044
[2026-01-22 10:08:03] INFO {'epoch': 67, 'beauty_5_ndcg@20': tensor(0.0432), 'beauty_5_recall@20': tensor(0.0986), 'ndcg@20': tensor(0.0432), 'recall@20': tensor(0.0986), 'train_loss_0': tensor(0.1958, device='cuda:0')}
[2026-01-22 10:08:03] INFO training_time: 5552.501691102982
[2026-01-22 10:08:03] INFO inference_time: 51.16248559951782
[2026-01-22 10:08:51] INFO {'epoch': 68, 'beauty_5_ndcg@20': tensor(0.0429), 'beauty_5_recall@20': tensor(0.0986), 'ndcg@20': tensor(0.0429), 'recall@20': tensor(0.0986), 'train_loss_0': tensor(0.1942, device='cuda:0')}
[2026-01-22 10:08:51] INFO training_time: 5599.888716459274
[2026-01-22 10:08:51] INFO inference_time: 51.86605882644653
[2026-01-22 10:09:31] INFO {'epoch': 69, 'beauty_5_ndcg@20': tensor(0.0429), 'beauty_5_recall@20': tensor(0.0990), 'ndcg@20': tensor(0.0429), 'recall@20': tensor(0.0990), 'train_loss_0': tensor(0.1946, device='cuda:0')}
[2026-01-22 10:09:31] INFO training_time: 5639.255599737167
[2026-01-22 10:09:31] INFO inference_time: 52.51244258880615
[2026-01-22 10:10:08] INFO {'epoch': 70, 'beauty_5_ndcg@20': tensor(0.0429), 'beauty_5_recall@20': tensor(0.0982), 'ndcg@20': tensor(0.0429), 'recall@20': tensor(0.0982), 'train_loss_0': tensor(0.1948, device='cuda:0')}
[2026-01-22 10:10:08] INFO training_time: 5675.744215726852
[2026-01-22 10:10:08] INFO inference_time: 53.40824222564697
[2026-01-22 10:10:46] INFO {'epoch': 71, 'beauty_5_ndcg@20': tensor(0.0445), 'beauty_5_recall@20': tensor(0.1005), 'ndcg@20': tensor(0.0445), 'recall@20': tensor(0.1005), 'train_loss_0': tensor(0.1936, device='cuda:0')}
[2026-01-22 10:10:46] INFO training_time: 5712.419136285782
[2026-01-22 10:10:46] INFO inference_time: 54.038737297058105
[2026-01-22 10:10:46] INFO ndcg@20 improved. Best value: 0.0445
[2026-01-22 10:10:46] INFO Best model checkpoint saved in saved/MetaModel/noisy_5/2026-01-22-08-34-31-830695.ckpt.
[2026-01-22 10:11:23] INFO {'epoch': 72, 'beauty_5_ndcg@20': tensor(0.0435), 'beauty_5_recall@20': tensor(0.0999), 'ndcg@20': tensor(0.0435), 'recall@20': tensor(0.0999), 'train_loss_0': tensor(0.1945, device='cuda:0')}
[2026-01-22 10:11:23] INFO training_time: 5749.396740436554
[2026-01-22 10:11:23] INFO inference_time: 54.6434850692749
[2026-01-22 10:12:02] INFO {'epoch': 73, 'beauty_5_ndcg@20': tensor(0.0429), 'beauty_5_recall@20': tensor(0.0982), 'ndcg@20': tensor(0.0429), 'recall@20': tensor(0.0982), 'train_loss_0': tensor(0.1929, device='cuda:0')}
[2026-01-22 10:12:02] INFO training_time: 5787.001727342606
[2026-01-22 10:12:02] INFO inference_time: 55.22453832626343
[2026-01-22 10:12:39] INFO {'epoch': 74, 'beauty_5_ndcg@20': tensor(0.0428), 'beauty_5_recall@20': tensor(0.1004), 'ndcg@20': tensor(0.0428), 'recall@20': tensor(0.1004), 'train_loss_0': tensor(0.1924, device='cuda:0')}
[2026-01-22 10:12:39] INFO training_time: 5823.826612710953
[2026-01-22 10:12:39] INFO inference_time: 55.97422671318054
[2026-01-22 10:13:16] INFO {'epoch': 75, 'beauty_5_ndcg@20': tensor(0.0428), 'beauty_5_recall@20': tensor(0.0985), 'ndcg@20': tensor(0.0428), 'recall@20': tensor(0.0985), 'train_loss_0': tensor(0.1936, device='cuda:0')}
[2026-01-22 10:13:16] INFO training_time: 5860.199598073959
[2026-01-22 10:13:16] INFO inference_time: 56.498903036117554
[2026-01-22 10:13:54] INFO {'epoch': 76, 'beauty_5_ndcg@20': tensor(0.0430), 'beauty_5_recall@20': tensor(0.0995), 'ndcg@20': tensor(0.0430), 'recall@20': tensor(0.0995), 'train_loss_0': tensor(0.1934, device='cuda:0')}
[2026-01-22 10:13:54] INFO training_time: 5897.399220705032
[2026-01-22 10:13:54] INFO inference_time: 57.23553991317749
[2026-01-22 10:14:32] INFO {'epoch': 77, 'beauty_5_ndcg@20': tensor(0.0436), 'beauty_5_recall@20': tensor(0.0986), 'ndcg@20': tensor(0.0436), 'recall@20': tensor(0.0986), 'train_loss_0': tensor(0.1936, device='cuda:0')}
[2026-01-22 10:14:32] INFO training_time: 5935.074565172195
[2026-01-22 10:14:32] INFO inference_time: 58.015281438827515
[2026-01-22 10:15:10] INFO {'epoch': 78, 'beauty_5_ndcg@20': tensor(0.0436), 'beauty_5_recall@20': tensor(0.1003), 'ndcg@20': tensor(0.0436), 'recall@20': tensor(0.1003), 'train_loss_0': tensor(0.1906, device='cuda:0')}
[2026-01-22 10:15:10] INFO training_time: 5972.237406492233
[2026-01-22 10:15:10] INFO inference_time: 58.71441912651062
[2026-01-22 10:15:48] INFO {'epoch': 79, 'beauty_5_ndcg@20': tensor(0.0433), 'beauty_5_recall@20': tensor(0.0979), 'ndcg@20': tensor(0.0433), 'recall@20': tensor(0.0979), 'train_loss_0': tensor(0.1908, device='cuda:0')}
[2026-01-22 10:15:48] INFO training_time: 6009.2590272426605
[2026-01-22 10:15:48] INFO inference_time: 59.32546424865723
[2026-01-22 10:16:26] INFO {'epoch': 80, 'beauty_5_ndcg@20': tensor(0.0431), 'beauty_5_recall@20': tensor(0.0992), 'ndcg@20': tensor(0.0431), 'recall@20': tensor(0.0992), 'train_loss_0': tensor(0.1913, device='cuda:0')}
[2026-01-22 10:16:26] INFO training_time: 6046.76443862915
[2026-01-22 10:16:26] INFO inference_time: 60.16296863555908
[2026-01-22 10:17:04] INFO {'epoch': 81, 'beauty_5_ndcg@20': tensor(0.0437), 'beauty_5_recall@20': tensor(0.0993), 'ndcg@20': tensor(0.0437), 'recall@20': tensor(0.0993), 'train_loss_0': tensor(0.1900, device='cuda:0')}
[2026-01-22 10:17:04] INFO training_time: 6084.180024147034
[2026-01-22 10:17:04] INFO inference_time: 60.86539578437805
[2026-01-22 10:17:33] INFO {'epoch': 82, 'beauty_5_ndcg@20': tensor(0.0436), 'beauty_5_recall@20': tensor(0.0997), 'ndcg@20': tensor(0.0436), 'recall@20': tensor(0.0997), 'train_loss_0': tensor(0.1914, device='cuda:0')}
[2026-01-22 10:17:33] INFO training_time: 6112.2638602256775
[2026-01-22 10:17:33] INFO inference_time: 61.539958000183105
[2026-01-22 10:18:01] INFO {'epoch': 83, 'beauty_5_ndcg@20': tensor(0.0433), 'beauty_5_recall@20': tensor(0.0992), 'ndcg@20': tensor(0.0433), 'recall@20': tensor(0.0992), 'train_loss_0': tensor(0.1905, device='cuda:0')}
[2026-01-22 10:18:01] INFO training_time: 6139.716143846512
[2026-01-22 10:18:01] INFO inference_time: 62.03049373626709
[2026-01-22 10:18:29] INFO {'epoch': 84, 'beauty_5_ndcg@20': tensor(0.0436), 'beauty_5_recall@20': tensor(0.0990), 'ndcg@20': tensor(0.0436), 'recall@20': tensor(0.0990), 'train_loss_0': tensor(0.1904, device='cuda:0')}
[2026-01-22 10:18:29] INFO training_time: 6166.798454761505
[2026-01-22 10:18:29] INFO inference_time: 62.66804480552673
[2026-01-22 10:18:57] INFO {'epoch': 85, 'beauty_5_ndcg@20': tensor(0.0435), 'beauty_5_recall@20': tensor(0.0995), 'ndcg@20': tensor(0.0435), 'recall@20': tensor(0.0995), 'train_loss_0': tensor(0.1895, device='cuda:0')}
[2026-01-22 10:18:57] INFO training_time: 6194.211736440659
[2026-01-22 10:18:57] INFO inference_time: 63.25744438171387
[2026-01-22 10:19:25] INFO {'epoch': 86, 'beauty_5_ndcg@20': tensor(0.0439), 'beauty_5_recall@20': tensor(0.0996), 'ndcg@20': tensor(0.0439), 'recall@20': tensor(0.0996), 'train_loss_0': tensor(0.1882, device='cuda:0')}
[2026-01-22 10:19:25] INFO training_time: 6222.16849899292
[2026-01-22 10:19:25] INFO inference_time: 63.82507872581482
[2026-01-22 10:19:53] INFO {'epoch': 87, 'beauty_5_ndcg@20': tensor(0.0445), 'beauty_5_recall@20': tensor(0.1008), 'ndcg@20': tensor(0.0445), 'recall@20': tensor(0.1008), 'train_loss_0': tensor(0.1882, device='cuda:0')}
[2026-01-22 10:19:53] INFO training_time: 6249.20121884346
[2026-01-22 10:19:53] INFO inference_time: 64.70159864425659
[2026-01-22 10:20:21] INFO {'epoch': 88, 'beauty_5_ndcg@20': tensor(0.0445), 'beauty_5_recall@20': tensor(0.1013), 'ndcg@20': tensor(0.0445), 'recall@20': tensor(0.1013), 'train_loss_0': tensor(0.1895, device='cuda:0')}
[2026-01-22 10:20:21] INFO training_time: 6276.185503721237
[2026-01-22 10:20:21] INFO inference_time: 65.43180775642395
[2026-01-22 10:20:49] INFO {'epoch': 89, 'beauty_5_ndcg@20': tensor(0.0438), 'beauty_5_recall@20': tensor(0.0998), 'ndcg@20': tensor(0.0438), 'recall@20': tensor(0.0998), 'train_loss_0': tensor(0.1872, device='cuda:0')}
[2026-01-22 10:20:49] INFO training_time: 6303.125181913376
[2026-01-22 10:20:49] INFO inference_time: 66.30201625823975
[2026-01-22 10:21:16] INFO {'epoch': 90, 'beauty_5_ndcg@20': tensor(0.0439), 'beauty_5_recall@20': tensor(0.0994), 'ndcg@20': tensor(0.0439), 'recall@20': tensor(0.0994), 'train_loss_0': tensor(0.1883, device='cuda:0')}
[2026-01-22 10:21:16] INFO training_time: 6329.525771141052
[2026-01-22 10:21:16] INFO inference_time: 67.04905033111572
[2026-01-22 10:21:43] INFO {'epoch': 91, 'beauty_5_ndcg@20': tensor(0.0439), 'beauty_5_recall@20': tensor(0.1003), 'ndcg@20': tensor(0.0439), 'recall@20': tensor(0.1003), 'train_loss_0': tensor(0.1882, device='cuda:0')}
[2026-01-22 10:21:43] INFO training_time: 6356.138625860214
[2026-01-22 10:21:43] INFO inference_time: 67.5990526676178
[2026-01-22 10:21:43] INFO Early stopped. Since the metric ndcg@20 haven't been improved for 20 epochs.
[2026-01-22 10:21:43] INFO The best score of ndcg@20 is 0.0445 on epoch 71
[2026-01-22 10:21:43] INFO Best model checkpoint saved in saved/MetaModel/noisy_5/2026-01-22-08-34-31-830695.ckpt.
[2026-01-22 10:21:44] INFO defaultdict(<class 'float'>, {'beauty_5_ndcg@20': tensor(0.0342), 'beauty_5_recall@20': tensor(0.0779), 'beauty_5_ndcg@10': tensor(0.0278), 'beauty_5_recall@10': tensor(0.0524), 'ndcg@20': tensor(0.0342), 'recall@20': tensor(0.0779), 'ndcg@10': tensor(0.0278), 'recall@10': tensor(0.0524)})
