[2026-01-21 19:26:44] INFO PID of this process: 325749
[2026-01-21 19:26:49] INFO {'model': {'embed_dim': 64, 'loss_fn': 'bce', 'sub_model': 'SASRec', 'hidden_size': 128, 'layer_num': 2, 'head_num': 2, 'dropout_rate': 0.5, 'activation': 'gelu', 'tau_min': 1, 'layer_norm_eps': 1e-12, 'model': 'MetaModel'}, 'data': {'domain_name_list': ['toy_5'], 'user_threshold': 5, 'item_threshold': 5, 'max_seq_len': 50, 'dataset_class': 'general', 'train_file': '_regen', 'dataset': 'noisy_5'}, 'train': {'batch_size': 256, 'early_stop_mode': 'max', 'early_stop_patience': 20, 'epochs': 1000, 'device': 'cuda', 'optimizer': 'adam', 'learning_rate': 0.001, 'weight_decay': 0, 'num_neg': 1, 'seed': 2025, 'interval': 30, 'meta_optimizer': 'sgd', 'meta_learning_rate': 0.001, 'hpo_learning_rate': 0.001, 'meta_weight_decay': 0.001, 'descent_step': 30, 'warmup_epoch': 10}, 'eval': {'batch_size': 2048, 'cutoff': [20, 10], 'val_metrics': ['ndcg', 'recall'], 'test_metrics': ['ndcg', 'recall'], 'topk': 100, 'save_path': './saved/'}}
[2026-01-21 19:26:49] INFO <data.dataset.SeparateDataset object at 0x7faf119151f0>
[2026-01-21 19:26:49] INFO save_dir:saved
[2026-01-21 19:26:49] INFO {'model': {'embed_dim': 64, 'loss_fn': 'bce', 'hidden_size': 128, 'layer_num': 2, 'head_num': 2, 'dropout_rate': 0.5, 'activation': 'gelu', 'layer_norm_eps': 1e-12, 'model': 'SASRec'}, 'data': {'domain_name_list': ['toy_5'], 'user_threshold': 5, 'item_threshold': 5, 'max_seq_len': 50, 'dataset_class': 'general', 'train_file': '_regen', 'dataset': 'noisy_5'}, 'train': {'batch_size': 256, 'early_stop_mode': 'max', 'early_stop_patience': 20, 'epochs': 1000, 'device': 0, 'optimizer': 'adam', 'learning_rate': 0.001, 'weight_decay': 0, 'num_neg': 1, 'seed': 2025}, 'eval': {'batch_size': 2048, 'cutoff': [20, 10], 'val_metrics': ['ndcg', 'recall'], 'test_metrics': ['ndcg', 'recall'], 'topk': 100, 'save_path': './saved/'}}
[2026-01-21 19:26:49] INFO MetaModel(
  (item_embedding): Embedding(11925, 64, padding_idx=0)
  (sub_model): SASRec(
    (item_embedding): Embedding(11925, 64, padding_idx=0)
    (query_encoder): SASRecQueryEncoder(
      (item_encoder): Embedding(11925, 64, padding_idx=0)
      (position_emb): Embedding(50, 64)
      (transformer_layer): TransformerEncoder(
        (layers): ModuleList(
          (0): TransformerEncoderLayer(
            (self_attn): MultiheadAttention(
              (out_proj): NonDynamicallyQuantizableLinear(in_features=64, out_features=64, bias=True)
            )
            (linear1): Linear(in_features=64, out_features=128, bias=True)
            (dropout): Dropout(p=0.5, inplace=False)
            (linear2): Linear(in_features=128, out_features=64, bias=True)
            (norm1): LayerNorm((64,), eps=1e-12, elementwise_affine=True)
            (norm2): LayerNorm((64,), eps=1e-12, elementwise_affine=True)
            (dropout1): Dropout(p=0.5, inplace=False)
            (dropout2): Dropout(p=0.5, inplace=False)
          )
          (1): TransformerEncoderLayer(
            (self_attn): MultiheadAttention(
              (out_proj): NonDynamicallyQuantizableLinear(in_features=64, out_features=64, bias=True)
            )
            (linear1): Linear(in_features=64, out_features=128, bias=True)
            (dropout): Dropout(p=0.5, inplace=False)
            (linear2): Linear(in_features=128, out_features=64, bias=True)
            (norm1): LayerNorm((64,), eps=1e-12, elementwise_affine=True)
            (norm2): LayerNorm((64,), eps=1e-12, elementwise_affine=True)
            (dropout1): Dropout(p=0.5, inplace=False)
            (dropout2): Dropout(p=0.5, inplace=False)
          )
        )
      )
      (dropout): Dropout(p=0.5, inplace=False)
      (training_pooling_layer): SeqPoolingLayer()
      (eval_pooling_layer): SeqPoolingLayer()
    )
    (loss_fn): BinaryCrossEntropyLoss()
  )
  (meta_module): Sequential(
    (0): Linear(in_features=64, out_features=64, bias=True)
    (1): ReLU()
    (2): Linear(in_features=64, out_features=2, bias=True)
  )
)
[2026-01-21 19:27:02] INFO {'epoch': 0, 'toy_5_ndcg@20': tensor(0.0079), 'toy_5_recall@20': tensor(0.0189), 'ndcg@20': tensor(0.0079), 'recall@20': tensor(0.0189), 'train_loss_0': tensor(1.2529, device='cuda:0')}
[2026-01-21 19:27:02] INFO training_time: 12.177371740341187
[2026-01-21 19:27:02] INFO inference_time: 0.6630609035491943
[2026-01-21 19:27:02] INFO ndcg@20 improved. Best value: 0.0079
[2026-01-21 19:27:02] INFO Best model checkpoint saved in saved/MetaModel/noisy_5/2026-01-21-19-26-44-791501.ckpt.
[2026-01-21 19:27:14] INFO {'epoch': 1, 'toy_5_ndcg@20': tensor(0.0154), 'toy_5_recall@20': tensor(0.0354), 'ndcg@20': tensor(0.0154), 'recall@20': tensor(0.0354), 'train_loss_0': tensor(1.0809, device='cuda:0')}
[2026-01-21 19:27:14] INFO training_time: 23.34971308708191
[2026-01-21 19:27:14] INFO inference_time: 1.1524970531463623
[2026-01-21 19:27:14] INFO ndcg@20 improved. Best value: 0.0154
[2026-01-21 19:27:14] INFO Best model checkpoint saved in saved/MetaModel/noisy_5/2026-01-21-19-26-44-791501.ckpt.
[2026-01-21 19:27:25] INFO {'epoch': 2, 'toy_5_ndcg@20': tensor(0.0245), 'toy_5_recall@20': tensor(0.0531), 'ndcg@20': tensor(0.0245), 'recall@20': tensor(0.0531), 'train_loss_0': tensor(0.9471, device='cuda:0')}
[2026-01-21 19:27:25] INFO training_time: 34.33561635017395
[2026-01-21 19:27:25] INFO inference_time: 1.6640069484710693
[2026-01-21 19:27:25] INFO ndcg@20 improved. Best value: 0.0245
[2026-01-21 19:27:26] INFO Best model checkpoint saved in saved/MetaModel/noisy_5/2026-01-21-19-26-44-791501.ckpt.
[2026-01-21 19:27:37] INFO {'epoch': 3, 'toy_5_ndcg@20': tensor(0.0281), 'toy_5_recall@20': tensor(0.0619), 'ndcg@20': tensor(0.0281), 'recall@20': tensor(0.0619), 'train_loss_0': tensor(0.8413, device='cuda:0')}
[2026-01-21 19:27:37] INFO training_time: 45.3598735332489
[2026-01-21 19:27:37] INFO inference_time: 2.20296049118042
[2026-01-21 19:27:37] INFO ndcg@20 improved. Best value: 0.0281
[2026-01-21 19:27:37] INFO Best model checkpoint saved in saved/MetaModel/noisy_5/2026-01-21-19-26-44-791501.ckpt.
[2026-01-21 19:27:50] INFO {'epoch': 4, 'toy_5_ndcg@20': tensor(0.0314), 'toy_5_recall@20': tensor(0.0697), 'ndcg@20': tensor(0.0314), 'recall@20': tensor(0.0697), 'train_loss_0': tensor(0.7564, device='cuda:0')}
[2026-01-21 19:27:50] INFO training_time: 57.79999089241028
[2026-01-21 19:27:50] INFO inference_time: 2.7560884952545166
[2026-01-21 19:27:50] INFO ndcg@20 improved. Best value: 0.0314
[2026-01-21 19:27:50] INFO Best model checkpoint saved in saved/MetaModel/noisy_5/2026-01-21-19-26-44-791501.ckpt.
[2026-01-21 19:28:01] INFO {'epoch': 5, 'toy_5_ndcg@20': tensor(0.0341), 'toy_5_recall@20': tensor(0.0737), 'ndcg@20': tensor(0.0341), 'recall@20': tensor(0.0737), 'train_loss_0': tensor(0.6932, device='cuda:0')}
[2026-01-21 19:28:01] INFO training_time: 68.58284163475037
[2026-01-21 19:28:01] INFO inference_time: 3.1840341091156006
[2026-01-21 19:28:01] INFO ndcg@20 improved. Best value: 0.0341
[2026-01-21 19:28:01] INFO Best model checkpoint saved in saved/MetaModel/noisy_5/2026-01-21-19-26-44-791501.ckpt.
[2026-01-21 19:28:13] INFO {'epoch': 6, 'toy_5_ndcg@20': tensor(0.0339), 'toy_5_recall@20': tensor(0.0744), 'ndcg@20': tensor(0.0339), 'recall@20': tensor(0.0744), 'train_loss_0': tensor(0.6420, device='cuda:0')}
[2026-01-21 19:28:13] INFO training_time: 79.56222748756409
[2026-01-21 19:28:13] INFO inference_time: 3.615234851837158
[2026-01-21 19:28:24] INFO {'epoch': 7, 'toy_5_ndcg@20': tensor(0.0368), 'toy_5_recall@20': tensor(0.0792), 'ndcg@20': tensor(0.0368), 'recall@20': tensor(0.0792), 'train_loss_0': tensor(0.6012, device='cuda:0')}
[2026-01-21 19:28:24] INFO training_time: 90.27965569496155
[2026-01-21 19:28:24] INFO inference_time: 4.12041974067688
[2026-01-21 19:28:24] INFO ndcg@20 improved. Best value: 0.0368
[2026-01-21 19:28:24] INFO Best model checkpoint saved in saved/MetaModel/noisy_5/2026-01-21-19-26-44-791501.ckpt.
[2026-01-21 19:28:36] INFO {'epoch': 8, 'toy_5_ndcg@20': tensor(0.0366), 'toy_5_recall@20': tensor(0.0802), 'ndcg@20': tensor(0.0366), 'recall@20': tensor(0.0802), 'train_loss_0': tensor(0.5761, device='cuda:0')}
[2026-01-21 19:28:36] INFO training_time: 101.52975606918335
[2026-01-21 19:28:36] INFO inference_time: 4.597280025482178
[2026-01-21 19:28:48] INFO {'epoch': 9, 'toy_5_ndcg@20': tensor(0.0378), 'toy_5_recall@20': tensor(0.0810), 'ndcg@20': tensor(0.0378), 'recall@20': tensor(0.0810), 'train_loss_0': tensor(0.5508, device='cuda:0')}
[2026-01-21 19:28:48] INFO training_time: 113.05508041381836
[2026-01-21 19:28:48] INFO inference_time: 5.156479835510254
[2026-01-21 19:28:48] INFO ndcg@20 improved. Best value: 0.0378
[2026-01-21 19:28:48] INFO Best model checkpoint saved in saved/MetaModel/noisy_5/2026-01-21-19-26-44-791501.ckpt.
[2026-01-21 19:29:00] INFO {'epoch': 10, 'toy_5_ndcg@20': tensor(0.0380), 'toy_5_recall@20': tensor(0.0826), 'ndcg@20': tensor(0.0380), 'recall@20': tensor(0.0826), 'train_loss_0': tensor(0.5311, device='cuda:0')}
[2026-01-21 19:29:00] INFO training_time: 124.2180643081665
[2026-01-21 19:29:00] INFO inference_time: 5.7386133670806885
[2026-01-21 19:29:00] INFO ndcg@20 improved. Best value: 0.0380
[2026-01-21 19:29:00] INFO Best model checkpoint saved in saved/MetaModel/noisy_5/2026-01-21-19-26-44-791501.ckpt.
[2026-01-21 19:29:15] INFO {'epoch': 11, 'toy_5_ndcg@20': tensor(0.0400), 'toy_5_recall@20': tensor(0.0869), 'ndcg@20': tensor(0.0400), 'recall@20': tensor(0.0869), 'train_loss_0': tensor(0.2629, device='cuda:0')}
[2026-01-21 19:29:15] INFO training_time: 139.0446367263794
[2026-01-21 19:29:15] INFO inference_time: 6.396098613739014
[2026-01-21 19:29:15] INFO ndcg@20 improved. Best value: 0.0400
[2026-01-21 19:29:15] INFO Best model checkpoint saved in saved/MetaModel/noisy_5/2026-01-21-19-26-44-791501.ckpt.
[2026-01-21 19:29:30] INFO {'epoch': 12, 'toy_5_ndcg@20': tensor(0.0407), 'toy_5_recall@20': tensor(0.0877), 'ndcg@20': tensor(0.0407), 'recall@20': tensor(0.0877), 'train_loss_0': tensor(0.2549, device='cuda:0')}
[2026-01-21 19:29:30] INFO training_time: 153.20167207717896
[2026-01-21 19:29:30] INFO inference_time: 6.951604843139648
[2026-01-21 19:29:30] INFO ndcg@20 improved. Best value: 0.0407
[2026-01-21 19:29:30] INFO Best model checkpoint saved in saved/MetaModel/noisy_5/2026-01-21-19-26-44-791501.ckpt.
[2026-01-21 19:29:45] INFO {'epoch': 13, 'toy_5_ndcg@20': tensor(0.0412), 'toy_5_recall@20': tensor(0.0885), 'ndcg@20': tensor(0.0412), 'recall@20': tensor(0.0885), 'train_loss_0': tensor(0.2526, device='cuda:0')}
[2026-01-21 19:29:45] INFO training_time: 167.7062418460846
[2026-01-21 19:29:45] INFO inference_time: 7.53455376625061
[2026-01-21 19:29:45] INFO ndcg@20 improved. Best value: 0.0412
[2026-01-21 19:29:45] INFO Best model checkpoint saved in saved/MetaModel/noisy_5/2026-01-21-19-26-44-791501.ckpt.
[2026-01-21 19:29:59] INFO {'epoch': 14, 'toy_5_ndcg@20': tensor(0.0411), 'toy_5_recall@20': tensor(0.0870), 'ndcg@20': tensor(0.0411), 'recall@20': tensor(0.0870), 'train_loss_0': tensor(0.2479, device='cuda:0')}
[2026-01-21 19:29:59] INFO training_time: 181.77987337112427
[2026-01-21 19:29:59] INFO inference_time: 8.019375324249268
[2026-01-21 19:30:14] INFO {'epoch': 15, 'toy_5_ndcg@20': tensor(0.0423), 'toy_5_recall@20': tensor(0.0888), 'ndcg@20': tensor(0.0423), 'recall@20': tensor(0.0888), 'train_loss_0': tensor(0.2448, device='cuda:0')}
[2026-01-21 19:30:14] INFO training_time: 195.47759914398193
[2026-01-21 19:30:14] INFO inference_time: 8.478546857833862
[2026-01-21 19:30:14] INFO ndcg@20 improved. Best value: 0.0423
[2026-01-21 19:30:14] INFO Best model checkpoint saved in saved/MetaModel/noisy_5/2026-01-21-19-26-44-791501.ckpt.
[2026-01-21 19:30:28] INFO {'epoch': 16, 'toy_5_ndcg@20': tensor(0.0430), 'toy_5_recall@20': tensor(0.0899), 'ndcg@20': tensor(0.0430), 'recall@20': tensor(0.0899), 'train_loss_0': tensor(0.2422, device='cuda:0')}
[2026-01-21 19:30:28] INFO training_time: 209.7904031276703
[2026-01-21 19:30:28] INFO inference_time: 9.017781496047974
[2026-01-21 19:30:28] INFO ndcg@20 improved. Best value: 0.0430
[2026-01-21 19:30:28] INFO Best model checkpoint saved in saved/MetaModel/noisy_5/2026-01-21-19-26-44-791501.ckpt.
[2026-01-21 19:30:43] INFO {'epoch': 17, 'toy_5_ndcg@20': tensor(0.0439), 'toy_5_recall@20': tensor(0.0911), 'ndcg@20': tensor(0.0439), 'recall@20': tensor(0.0911), 'train_loss_0': tensor(0.2423, device='cuda:0')}
[2026-01-21 19:30:43] INFO training_time: 223.4026222229004
[2026-01-21 19:30:43] INFO inference_time: 9.527596473693848
[2026-01-21 19:30:43] INFO ndcg@20 improved. Best value: 0.0439
[2026-01-21 19:30:43] INFO Best model checkpoint saved in saved/MetaModel/noisy_5/2026-01-21-19-26-44-791501.ckpt.
[2026-01-21 19:30:57] INFO {'epoch': 18, 'toy_5_ndcg@20': tensor(0.0426), 'toy_5_recall@20': tensor(0.0893), 'ndcg@20': tensor(0.0426), 'recall@20': tensor(0.0893), 'train_loss_0': tensor(0.2405, device='cuda:0')}
[2026-01-21 19:30:57] INFO training_time: 237.06076455116272
[2026-01-21 19:30:57] INFO inference_time: 9.97653865814209
[2026-01-21 19:31:13] INFO {'epoch': 19, 'toy_5_ndcg@20': tensor(0.0432), 'toy_5_recall@20': tensor(0.0902), 'ndcg@20': tensor(0.0432), 'recall@20': tensor(0.0902), 'train_loss_0': tensor(0.2393, device='cuda:0')}
[2026-01-21 19:31:13] INFO training_time: 252.84469485282898
[2026-01-21 19:31:13] INFO inference_time: 10.507881879806519
[2026-01-21 19:31:28] INFO {'epoch': 20, 'toy_5_ndcg@20': tensor(0.0439), 'toy_5_recall@20': tensor(0.0917), 'ndcg@20': tensor(0.0439), 'recall@20': tensor(0.0917), 'train_loss_0': tensor(0.2367, device='cuda:0')}
[2026-01-21 19:31:28] INFO training_time: 266.64552760124207
[2026-01-21 19:31:28] INFO inference_time: 11.22402048110962
[2026-01-21 19:31:28] INFO ndcg@20 improved. Best value: 0.0439
[2026-01-21 19:31:28] INFO Best model checkpoint saved in saved/MetaModel/noisy_5/2026-01-21-19-26-44-791501.ckpt.
[2026-01-21 19:31:43] INFO {'epoch': 21, 'toy_5_ndcg@20': tensor(0.0442), 'toy_5_recall@20': tensor(0.0915), 'ndcg@20': tensor(0.0442), 'recall@20': tensor(0.0915), 'train_loss_0': tensor(0.2348, device='cuda:0')}
[2026-01-21 19:31:43] INFO training_time: 281.26814007759094
[2026-01-21 19:31:43] INFO inference_time: 11.695420742034912
[2026-01-21 19:31:43] INFO ndcg@20 improved. Best value: 0.0442
[2026-01-21 19:31:43] INFO Best model checkpoint saved in saved/MetaModel/noisy_5/2026-01-21-19-26-44-791501.ckpt.
[2026-01-21 19:31:57] INFO {'epoch': 22, 'toy_5_ndcg@20': tensor(0.0441), 'toy_5_recall@20': tensor(0.0907), 'ndcg@20': tensor(0.0441), 'recall@20': tensor(0.0907), 'train_loss_0': tensor(0.2331, device='cuda:0')}
[2026-01-21 19:31:57] INFO training_time: 295.11833786964417
[2026-01-21 19:31:57] INFO inference_time: 12.236283302307129
[2026-01-21 19:32:11] INFO {'epoch': 23, 'toy_5_ndcg@20': tensor(0.0441), 'toy_5_recall@20': tensor(0.0931), 'ndcg@20': tensor(0.0441), 'recall@20': tensor(0.0931), 'train_loss_0': tensor(0.2324, device='cuda:0')}
[2026-01-21 19:32:11] INFO training_time: 308.8131618499756
[2026-01-21 19:32:11] INFO inference_time: 12.95197343826294
[2026-01-21 19:32:26] INFO {'epoch': 24, 'toy_5_ndcg@20': tensor(0.0448), 'toy_5_recall@20': tensor(0.0933), 'ndcg@20': tensor(0.0448), 'recall@20': tensor(0.0933), 'train_loss_0': tensor(0.2317, device='cuda:0')}
[2026-01-21 19:32:26] INFO training_time: 322.57181453704834
[2026-01-21 19:32:26] INFO inference_time: 13.639731168746948
[2026-01-21 19:32:26] INFO ndcg@20 improved. Best value: 0.0448
[2026-01-21 19:32:26] INFO Best model checkpoint saved in saved/MetaModel/noisy_5/2026-01-21-19-26-44-791501.ckpt.
[2026-01-21 19:32:40] INFO {'epoch': 25, 'toy_5_ndcg@20': tensor(0.0449), 'toy_5_recall@20': tensor(0.0932), 'ndcg@20': tensor(0.0449), 'recall@20': tensor(0.0932), 'train_loss_0': tensor(0.2283, device='cuda:0')}
[2026-01-21 19:32:40] INFO training_time: 336.6258044242859
[2026-01-21 19:32:40] INFO inference_time: 14.110950708389282
[2026-01-21 19:32:40] INFO ndcg@20 improved. Best value: 0.0449
[2026-01-21 19:32:40] INFO Best model checkpoint saved in saved/MetaModel/noisy_5/2026-01-21-19-26-44-791501.ckpt.
[2026-01-21 19:32:55] INFO {'epoch': 26, 'toy_5_ndcg@20': tensor(0.0440), 'toy_5_recall@20': tensor(0.0919), 'ndcg@20': tensor(0.0440), 'recall@20': tensor(0.0919), 'train_loss_0': tensor(0.2274, device='cuda:0')}
[2026-01-21 19:32:55] INFO training_time: 350.29824686050415
[2026-01-21 19:32:55] INFO inference_time: 14.62917947769165
[2026-01-21 19:33:09] INFO {'epoch': 27, 'toy_5_ndcg@20': tensor(0.0426), 'toy_5_recall@20': tensor(0.0898), 'ndcg@20': tensor(0.0426), 'recall@20': tensor(0.0898), 'train_loss_0': tensor(0.2260, device='cuda:0')}
[2026-01-21 19:33:09] INFO training_time: 364.36428141593933
[2026-01-21 19:33:09] INFO inference_time: 15.249128103256226
[2026-01-21 19:33:24] INFO {'epoch': 28, 'toy_5_ndcg@20': tensor(0.0436), 'toy_5_recall@20': tensor(0.0916), 'ndcg@20': tensor(0.0436), 'recall@20': tensor(0.0916), 'train_loss_0': tensor(0.2244, device='cuda:0')}
[2026-01-21 19:33:24] INFO training_time: 378.61640977859497
[2026-01-21 19:33:24] INFO inference_time: 15.865748405456543
[2026-01-21 19:33:39] INFO {'epoch': 29, 'toy_5_ndcg@20': tensor(0.0453), 'toy_5_recall@20': tensor(0.0933), 'ndcg@20': tensor(0.0453), 'recall@20': tensor(0.0933), 'train_loss_0': tensor(0.2236, device='cuda:0')}
[2026-01-21 19:33:39] INFO training_time: 392.5873034000397
[2026-01-21 19:33:39] INFO inference_time: 16.376660108566284
[2026-01-21 19:33:39] INFO ndcg@20 improved. Best value: 0.0453
[2026-01-21 19:33:39] INFO Best model checkpoint saved in saved/MetaModel/noisy_5/2026-01-21-19-26-44-791501.ckpt.
[2026-01-21 19:33:53] INFO {'epoch': 30, 'toy_5_ndcg@20': tensor(0.0448), 'toy_5_recall@20': tensor(0.0933), 'ndcg@20': tensor(0.0448), 'recall@20': tensor(0.0933), 'train_loss_0': tensor(0.2203, device='cuda:0')}
[2026-01-21 19:33:53] INFO training_time: 406.1497414112091
[2026-01-21 19:33:53] INFO inference_time: 17.045504808425903
[2026-01-21 19:34:07] INFO {'epoch': 31, 'toy_5_ndcg@20': tensor(0.0455), 'toy_5_recall@20': tensor(0.0933), 'ndcg@20': tensor(0.0455), 'recall@20': tensor(0.0933), 'train_loss_0': tensor(0.2219, device='cuda:0')}
[2026-01-21 19:34:07] INFO training_time: 419.70657181739807
[2026-01-21 19:34:07] INFO inference_time: 17.49706268310547
[2026-01-21 19:34:07] INFO ndcg@20 improved. Best value: 0.0455
[2026-01-21 19:34:07] INFO Best model checkpoint saved in saved/MetaModel/noisy_5/2026-01-21-19-26-44-791501.ckpt.
[2026-01-21 19:34:22] INFO {'epoch': 32, 'toy_5_ndcg@20': tensor(0.0455), 'toy_5_recall@20': tensor(0.0955), 'ndcg@20': tensor(0.0455), 'recall@20': tensor(0.0955), 'train_loss_0': tensor(0.2213, device='cuda:0')}
[2026-01-21 19:34:22] INFO training_time: 433.9580674171448
[2026-01-21 19:34:22] INFO inference_time: 18.0685715675354
[2026-01-21 19:34:36] INFO {'epoch': 33, 'toy_5_ndcg@20': tensor(0.0451), 'toy_5_recall@20': tensor(0.0961), 'ndcg@20': tensor(0.0451), 'recall@20': tensor(0.0961), 'train_loss_0': tensor(0.2173, device='cuda:0')}
[2026-01-21 19:34:36] INFO training_time: 447.38656640052795
[2026-01-21 19:34:36] INFO inference_time: 18.6170711517334
[2026-01-21 19:34:50] INFO {'epoch': 34, 'toy_5_ndcg@20': tensor(0.0443), 'toy_5_recall@20': tensor(0.0936), 'ndcg@20': tensor(0.0443), 'recall@20': tensor(0.0936), 'train_loss_0': tensor(0.2170, device='cuda:0')}
[2026-01-21 19:34:50] INFO training_time: 461.38109850883484
[2026-01-21 19:34:50] INFO inference_time: 19.27517795562744
[2026-01-21 19:35:11] INFO {'epoch': 35, 'toy_5_ndcg@20': tensor(0.0446), 'toy_5_recall@20': tensor(0.0939), 'ndcg@20': tensor(0.0446), 'recall@20': tensor(0.0939), 'train_loss_0': tensor(0.2163, device='cuda:0')}
[2026-01-21 19:35:11] INFO training_time: 481.3439300060272
[2026-01-21 19:35:11] INFO inference_time: 19.73788809776306
[2026-01-21 19:35:42] INFO {'epoch': 36, 'toy_5_ndcg@20': tensor(0.0456), 'toy_5_recall@20': tensor(0.0959), 'ndcg@20': tensor(0.0456), 'recall@20': tensor(0.0959), 'train_loss_0': tensor(0.2160, device='cuda:0')}
[2026-01-21 19:35:42] INFO training_time: 512.260853767395
[2026-01-21 19:35:42] INFO inference_time: 20.28814458847046
[2026-01-21 19:35:42] INFO ndcg@20 improved. Best value: 0.0456
[2026-01-21 19:35:42] INFO Best model checkpoint saved in saved/MetaModel/noisy_5/2026-01-21-19-26-44-791501.ckpt.
[2026-01-21 19:36:25] INFO {'epoch': 37, 'toy_5_ndcg@20': tensor(0.0456), 'toy_5_recall@20': tensor(0.0963), 'ndcg@20': tensor(0.0456), 'recall@20': tensor(0.0963), 'train_loss_0': tensor(0.2123, device='cuda:0')}
[2026-01-21 19:36:25] INFO training_time: 554.5902152061462
[2026-01-21 19:36:25] INFO inference_time: 20.86201310157776
[2026-01-21 19:37:07] INFO {'epoch': 38, 'toy_5_ndcg@20': tensor(0.0462), 'toy_5_recall@20': tensor(0.0964), 'ndcg@20': tensor(0.0462), 'recall@20': tensor(0.0964), 'train_loss_0': tensor(0.2108, device='cuda:0')}
[2026-01-21 19:37:07] INFO training_time: 595.9730105400085
[2026-01-21 19:37:07] INFO inference_time: 21.674158334732056
[2026-01-21 19:37:07] INFO ndcg@20 improved. Best value: 0.0462
[2026-01-21 19:37:07] INFO Best model checkpoint saved in saved/MetaModel/noisy_5/2026-01-21-19-26-44-791501.ckpt.
[2026-01-21 19:37:50] INFO {'epoch': 39, 'toy_5_ndcg@20': tensor(0.0457), 'toy_5_recall@20': tensor(0.0967), 'ndcg@20': tensor(0.0457), 'recall@20': tensor(0.0967), 'train_loss_0': tensor(0.2116, device='cuda:0')}
[2026-01-21 19:37:50] INFO training_time: 638.043557882309
[2026-01-21 19:37:50] INFO inference_time: 22.259965181350708
[2026-01-21 19:38:32] INFO {'epoch': 40, 'toy_5_ndcg@20': tensor(0.0449), 'toy_5_recall@20': tensor(0.0960), 'ndcg@20': tensor(0.0449), 'recall@20': tensor(0.0960), 'train_loss_0': tensor(0.2107, device='cuda:0')}
[2026-01-21 19:38:32] INFO training_time: 679.1302282810211
[2026-01-21 19:38:32] INFO inference_time: 22.982373237609863
[2026-01-21 19:39:14] INFO {'epoch': 41, 'toy_5_ndcg@20': tensor(0.0454), 'toy_5_recall@20': tensor(0.0954), 'ndcg@20': tensor(0.0454), 'recall@20': tensor(0.0954), 'train_loss_0': tensor(0.2103, device='cuda:0')}
[2026-01-21 19:39:14] INFO training_time: 720.4284689426422
[2026-01-21 19:39:14] INFO inference_time: 23.606319904327393
[2026-01-21 19:39:57] INFO {'epoch': 42, 'toy_5_ndcg@20': tensor(0.0450), 'toy_5_recall@20': tensor(0.0961), 'ndcg@20': tensor(0.0450), 'recall@20': tensor(0.0961), 'train_loss_0': tensor(0.2092, device='cuda:0')}
[2026-01-21 19:39:57] INFO training_time: 762.6795403957367
[2026-01-21 19:39:57] INFO inference_time: 24.20046091079712
[2026-01-21 19:40:39] INFO {'epoch': 43, 'toy_5_ndcg@20': tensor(0.0451), 'toy_5_recall@20': tensor(0.0957), 'ndcg@20': tensor(0.0451), 'recall@20': tensor(0.0957), 'train_loss_0': tensor(0.2091, device='cuda:0')}
[2026-01-21 19:40:39] INFO training_time: 804.0988237857819
[2026-01-21 19:40:39] INFO inference_time: 24.901092290878296
[2026-01-21 19:41:22] INFO {'epoch': 44, 'toy_5_ndcg@20': tensor(0.0456), 'toy_5_recall@20': tensor(0.0962), 'ndcg@20': tensor(0.0456), 'recall@20': tensor(0.0962), 'train_loss_0': tensor(0.2089, device='cuda:0')}
[2026-01-21 19:41:22] INFO training_time: 846.3736038208008
[2026-01-21 19:41:22] INFO inference_time: 25.582849979400635
[2026-01-21 19:42:04] INFO {'epoch': 45, 'toy_5_ndcg@20': tensor(0.0456), 'toy_5_recall@20': tensor(0.0966), 'ndcg@20': tensor(0.0456), 'recall@20': tensor(0.0966), 'train_loss_0': tensor(0.2069, device='cuda:0')}
[2026-01-21 19:42:04] INFO training_time: 887.9036030769348
[2026-01-21 19:42:04] INFO inference_time: 26.228404998779297
[2026-01-21 19:42:46] INFO {'epoch': 46, 'toy_5_ndcg@20': tensor(0.0456), 'toy_5_recall@20': tensor(0.0961), 'ndcg@20': tensor(0.0456), 'recall@20': tensor(0.0961), 'train_loss_0': tensor(0.2073, device='cuda:0')}
[2026-01-21 19:42:46] INFO training_time: 929.231262922287
[2026-01-21 19:42:46] INFO inference_time: 26.82221746444702
[2026-01-21 19:43:28] INFO {'epoch': 47, 'toy_5_ndcg@20': tensor(0.0448), 'toy_5_recall@20': tensor(0.0949), 'ndcg@20': tensor(0.0448), 'recall@20': tensor(0.0949), 'train_loss_0': tensor(0.2055, device='cuda:0')}
[2026-01-21 19:43:28] INFO training_time: 970.9158236980438
[2026-01-21 19:43:28] INFO inference_time: 27.382954359054565
[2026-01-21 19:44:11] INFO {'epoch': 48, 'toy_5_ndcg@20': tensor(0.0450), 'toy_5_recall@20': tensor(0.0971), 'ndcg@20': tensor(0.0450), 'recall@20': tensor(0.0971), 'train_loss_0': tensor(0.2059, device='cuda:0')}
[2026-01-21 19:44:11] INFO training_time: 1012.9673504829407
[2026-01-21 19:44:11] INFO inference_time: 27.95300006866455
[2026-01-21 19:44:54] INFO {'epoch': 49, 'toy_5_ndcg@20': tensor(0.0452), 'toy_5_recall@20': tensor(0.0950), 'ndcg@20': tensor(0.0452), 'recall@20': tensor(0.0950), 'train_loss_0': tensor(0.2035, device='cuda:0')}
[2026-01-21 19:44:54] INFO training_time: 1055.688404083252
[2026-01-21 19:44:54] INFO inference_time: 28.438491344451904
[2026-01-21 19:45:37] INFO {'epoch': 50, 'toy_5_ndcg@20': tensor(0.0459), 'toy_5_recall@20': tensor(0.0955), 'ndcg@20': tensor(0.0459), 'recall@20': tensor(0.0955), 'train_loss_0': tensor(0.2046, device='cuda:0')}
[2026-01-21 19:45:37] INFO training_time: 1098.2097651958466
[2026-01-21 19:45:37] INFO inference_time: 29.297486305236816
[2026-01-21 19:46:21] INFO {'epoch': 51, 'toy_5_ndcg@20': tensor(0.0460), 'toy_5_recall@20': tensor(0.0956), 'ndcg@20': tensor(0.0460), 'recall@20': tensor(0.0956), 'train_loss_0': tensor(0.2016, device='cuda:0')}
[2026-01-21 19:46:21] INFO training_time: 1141.246508359909
[2026-01-21 19:46:21] INFO inference_time: 29.99612855911255
[2026-01-21 19:47:05] INFO {'epoch': 52, 'toy_5_ndcg@20': tensor(0.0458), 'toy_5_recall@20': tensor(0.0970), 'ndcg@20': tensor(0.0458), 'recall@20': tensor(0.0970), 'train_loss_0': tensor(0.2020, device='cuda:0')}
[2026-01-21 19:47:05] INFO training_time: 1184.6647262573242
[2026-01-21 19:47:05] INFO inference_time: 30.647424459457397
[2026-01-21 19:47:48] INFO {'epoch': 53, 'toy_5_ndcg@20': tensor(0.0463), 'toy_5_recall@20': tensor(0.0972), 'ndcg@20': tensor(0.0463), 'recall@20': tensor(0.0972), 'train_loss_0': tensor(0.2013, device='cuda:0')}
[2026-01-21 19:47:48] INFO training_time: 1227.2690470218658
[2026-01-21 19:47:48] INFO inference_time: 31.219639778137207
[2026-01-21 19:47:48] INFO ndcg@20 improved. Best value: 0.0463
[2026-01-21 19:47:48] INFO Best model checkpoint saved in saved/MetaModel/noisy_5/2026-01-21-19-26-44-791501.ckpt.
[2026-01-21 19:48:33] INFO {'epoch': 54, 'toy_5_ndcg@20': tensor(0.0454), 'toy_5_recall@20': tensor(0.0967), 'ndcg@20': tensor(0.0454), 'recall@20': tensor(0.0967), 'train_loss_0': tensor(0.2006, device='cuda:0')}
[2026-01-21 19:48:33] INFO training_time: 1270.716989994049
[2026-01-21 19:48:33] INFO inference_time: 31.97416663169861
[2026-01-21 19:49:17] INFO {'epoch': 55, 'toy_5_ndcg@20': tensor(0.0464), 'toy_5_recall@20': tensor(0.0974), 'ndcg@20': tensor(0.0464), 'recall@20': tensor(0.0974), 'train_loss_0': tensor(0.1998, device='cuda:0')}
[2026-01-21 19:49:17] INFO training_time: 1314.1736905574799
[2026-01-21 19:49:17] INFO inference_time: 32.65018367767334
[2026-01-21 19:49:17] INFO ndcg@20 improved. Best value: 0.0464
[2026-01-21 19:49:17] INFO Best model checkpoint saved in saved/MetaModel/noisy_5/2026-01-21-19-26-44-791501.ckpt.
[2026-01-21 19:50:00] INFO {'epoch': 56, 'toy_5_ndcg@20': tensor(0.0460), 'toy_5_recall@20': tensor(0.0968), 'ndcg@20': tensor(0.0460), 'recall@20': tensor(0.0968), 'train_loss_0': tensor(0.2006, device='cuda:0')}
[2026-01-21 19:50:00] INFO training_time: 1356.8903315067291
[2026-01-21 19:50:00] INFO inference_time: 33.16686677932739
[2026-01-21 19:50:44] INFO {'epoch': 57, 'toy_5_ndcg@20': tensor(0.0464), 'toy_5_recall@20': tensor(0.0992), 'ndcg@20': tensor(0.0464), 'recall@20': tensor(0.0992), 'train_loss_0': tensor(0.1997, device='cuda:0')}
[2026-01-21 19:50:44] INFO training_time: 1400.389681816101
[2026-01-21 19:50:44] INFO inference_time: 33.80418539047241
[2026-01-21 19:50:44] INFO ndcg@20 improved. Best value: 0.0464
[2026-01-21 19:50:44] INFO Best model checkpoint saved in saved/MetaModel/noisy_5/2026-01-21-19-26-44-791501.ckpt.
[2026-01-21 19:51:27] INFO {'epoch': 58, 'toy_5_ndcg@20': tensor(0.0461), 'toy_5_recall@20': tensor(0.0979), 'ndcg@20': tensor(0.0461), 'recall@20': tensor(0.0979), 'train_loss_0': tensor(0.1983, device='cuda:0')}
[2026-01-21 19:51:27] INFO training_time: 1442.6053884029388
[2026-01-21 19:51:27] INFO inference_time: 34.29187726974487
[2026-01-21 19:52:11] INFO {'epoch': 59, 'toy_5_ndcg@20': tensor(0.0480), 'toy_5_recall@20': tensor(0.0992), 'ndcg@20': tensor(0.0480), 'recall@20': tensor(0.0992), 'train_loss_0': tensor(0.1978, device='cuda:0')}
[2026-01-21 19:52:11] INFO training_time: 1486.4931302070618
[2026-01-21 19:52:11] INFO inference_time: 34.890674114227295
[2026-01-21 19:52:11] INFO ndcg@20 improved. Best value: 0.0480
[2026-01-21 19:52:11] INFO Best model checkpoint saved in saved/MetaModel/noisy_5/2026-01-21-19-26-44-791501.ckpt.
[2026-01-21 19:52:54] INFO {'epoch': 60, 'toy_5_ndcg@20': tensor(0.0473), 'toy_5_recall@20': tensor(0.0982), 'ndcg@20': tensor(0.0473), 'recall@20': tensor(0.0982), 'train_loss_0': tensor(0.1988, device='cuda:0')}
[2026-01-21 19:52:54] INFO training_time: 1528.7815825939178
[2026-01-21 19:52:54] INFO inference_time: 35.66918706893921
[2026-01-21 19:53:38] INFO {'epoch': 61, 'toy_5_ndcg@20': tensor(0.0479), 'toy_5_recall@20': tensor(0.0983), 'ndcg@20': tensor(0.0479), 'recall@20': tensor(0.0983), 'train_loss_0': tensor(0.1987, device='cuda:0')}
[2026-01-21 19:53:38] INFO training_time: 1571.5436844825745
[2026-01-21 19:53:38] INFO inference_time: 36.215365409851074
[2026-01-21 19:54:22] INFO {'epoch': 62, 'toy_5_ndcg@20': tensor(0.0474), 'toy_5_recall@20': tensor(0.0990), 'ndcg@20': tensor(0.0474), 'recall@20': tensor(0.0990), 'train_loss_0': tensor(0.1973, device='cuda:0')}
[2026-01-21 19:54:22] INFO training_time: 1615.3064277172089
[2026-01-21 19:54:22] INFO inference_time: 36.80460071563721
[2026-01-21 19:55:05] INFO {'epoch': 63, 'toy_5_ndcg@20': tensor(0.0466), 'toy_5_recall@20': tensor(0.0979), 'ndcg@20': tensor(0.0466), 'recall@20': tensor(0.0979), 'train_loss_0': tensor(0.1976, device='cuda:0')}
[2026-01-21 19:55:05] INFO training_time: 1657.9278345108032
[2026-01-21 19:55:05] INFO inference_time: 37.39406704902649
[2026-01-21 19:55:50] INFO {'epoch': 64, 'toy_5_ndcg@20': tensor(0.0458), 'toy_5_recall@20': tensor(0.0967), 'ndcg@20': tensor(0.0458), 'recall@20': tensor(0.0967), 'train_loss_0': tensor(0.1964, device='cuda:0')}
[2026-01-21 19:55:50] INFO training_time: 1701.505066871643
[2026-01-21 19:55:50] INFO inference_time: 38.08159947395325
[2026-01-21 19:56:33] INFO {'epoch': 65, 'toy_5_ndcg@20': tensor(0.0465), 'toy_5_recall@20': tensor(0.0976), 'ndcg@20': tensor(0.0465), 'recall@20': tensor(0.0976), 'train_loss_0': tensor(0.1959, device='cuda:0')}
[2026-01-21 19:56:33] INFO training_time: 1744.0584874153137
[2026-01-21 19:56:33] INFO inference_time: 38.67916393280029
[2026-01-21 19:57:16] INFO {'epoch': 66, 'toy_5_ndcg@20': tensor(0.0473), 'toy_5_recall@20': tensor(0.0984), 'ndcg@20': tensor(0.0473), 'recall@20': tensor(0.0984), 'train_loss_0': tensor(0.1964, device='cuda:0')}
[2026-01-21 19:57:16] INFO training_time: 1786.350662469864
[2026-01-21 19:57:16] INFO inference_time: 39.20855140686035
[2026-01-21 19:58:00] INFO {'epoch': 67, 'toy_5_ndcg@20': tensor(0.0476), 'toy_5_recall@20': tensor(0.0990), 'ndcg@20': tensor(0.0476), 'recall@20': tensor(0.0990), 'train_loss_0': tensor(0.1936, device='cuda:0')}
[2026-01-21 19:58:00] INFO training_time: 1830.0846257209778
[2026-01-21 19:58:00] INFO inference_time: 39.95309114456177
[2026-01-21 19:58:43] INFO {'epoch': 68, 'toy_5_ndcg@20': tensor(0.0481), 'toy_5_recall@20': tensor(0.0993), 'ndcg@20': tensor(0.0481), 'recall@20': tensor(0.0993), 'train_loss_0': tensor(0.1943, device='cuda:0')}
[2026-01-21 19:58:43] INFO training_time: 1872.6164810657501
[2026-01-21 19:58:43] INFO inference_time: 40.454461336135864
[2026-01-21 19:58:43] INFO ndcg@20 improved. Best value: 0.0481
[2026-01-21 19:58:43] INFO Best model checkpoint saved in saved/MetaModel/noisy_5/2026-01-21-19-26-44-791501.ckpt.
[2026-01-21 19:59:27] INFO {'epoch': 69, 'toy_5_ndcg@20': tensor(0.0473), 'toy_5_recall@20': tensor(0.0979), 'ndcg@20': tensor(0.0473), 'recall@20': tensor(0.0979), 'train_loss_0': tensor(0.1944, device='cuda:0')}
[2026-01-21 19:59:27] INFO training_time: 1915.720967054367
[2026-01-21 19:59:27] INFO inference_time: 40.95821809768677
[2026-01-21 20:00:11] INFO {'epoch': 70, 'toy_5_ndcg@20': tensor(0.0472), 'toy_5_recall@20': tensor(0.0978), 'ndcg@20': tensor(0.0472), 'recall@20': tensor(0.0978), 'train_loss_0': tensor(0.1919, device='cuda:0')}
[2026-01-21 20:00:11] INFO training_time: 1958.5806925296783
[2026-01-21 20:00:11] INFO inference_time: 41.94973683357239
[2026-01-21 20:00:54] INFO {'epoch': 71, 'toy_5_ndcg@20': tensor(0.0474), 'toy_5_recall@20': tensor(0.0992), 'ndcg@20': tensor(0.0474), 'recall@20': tensor(0.0992), 'train_loss_0': tensor(0.1937, device='cuda:0')}
[2026-01-21 20:00:54] INFO training_time: 2000.886284828186
[2026-01-21 20:00:54] INFO inference_time: 42.64563798904419
[2026-01-21 20:01:38] INFO {'epoch': 72, 'toy_5_ndcg@20': tensor(0.0471), 'toy_5_recall@20': tensor(0.0984), 'ndcg@20': tensor(0.0471), 'recall@20': tensor(0.0984), 'train_loss_0': tensor(0.1926, device='cuda:0')}
[2026-01-21 20:01:38] INFO training_time: 2044.6455616950989
[2026-01-21 20:01:38] INFO inference_time: 43.18788123130798
[2026-01-21 20:02:21] INFO {'epoch': 73, 'toy_5_ndcg@20': tensor(0.0470), 'toy_5_recall@20': tensor(0.0972), 'ndcg@20': tensor(0.0470), 'recall@20': tensor(0.0972), 'train_loss_0': tensor(0.1912, device='cuda:0')}
[2026-01-21 20:02:21] INFO training_time: 2087.4542813301086
[2026-01-21 20:02:21] INFO inference_time: 43.84308862686157
[2026-01-21 20:03:05] INFO {'epoch': 74, 'toy_5_ndcg@20': tensor(0.0467), 'toy_5_recall@20': tensor(0.0959), 'ndcg@20': tensor(0.0467), 'recall@20': tensor(0.0959), 'train_loss_0': tensor(0.1919, device='cuda:0')}
[2026-01-21 20:03:05] INFO training_time: 2130.909849882126
[2026-01-21 20:03:05] INFO inference_time: 44.40692973136902
[2026-01-21 20:03:49] INFO {'epoch': 75, 'toy_5_ndcg@20': tensor(0.0481), 'toy_5_recall@20': tensor(0.0988), 'ndcg@20': tensor(0.0481), 'recall@20': tensor(0.0988), 'train_loss_0': tensor(0.1911, device='cuda:0')}
[2026-01-21 20:03:49] INFO training_time: 2173.854934692383
[2026-01-21 20:03:49] INFO inference_time: 44.929720401763916
[2026-01-21 20:04:32] INFO {'epoch': 76, 'toy_5_ndcg@20': tensor(0.0469), 'toy_5_recall@20': tensor(0.0970), 'ndcg@20': tensor(0.0469), 'recall@20': tensor(0.0970), 'train_loss_0': tensor(0.1914, device='cuda:0')}
[2026-01-21 20:04:32] INFO training_time: 2216.283691883087
[2026-01-21 20:04:32] INFO inference_time: 45.50925326347351
[2026-01-21 20:05:16] INFO {'epoch': 77, 'toy_5_ndcg@20': tensor(0.0474), 'toy_5_recall@20': tensor(0.0973), 'ndcg@20': tensor(0.0474), 'recall@20': tensor(0.0973), 'train_loss_0': tensor(0.1902, device='cuda:0')}
[2026-01-21 20:05:16] INFO training_time: 2259.587215423584
[2026-01-21 20:05:16] INFO inference_time: 46.28094959259033
[2026-01-21 20:05:59] INFO {'epoch': 78, 'toy_5_ndcg@20': tensor(0.0473), 'toy_5_recall@20': tensor(0.0979), 'ndcg@20': tensor(0.0473), 'recall@20': tensor(0.0979), 'train_loss_0': tensor(0.1923, device='cuda:0')}
[2026-01-21 20:05:59] INFO training_time: 2302.2179479599
[2026-01-21 20:05:59] INFO inference_time: 46.855727195739746
[2026-01-21 20:06:44] INFO {'epoch': 79, 'toy_5_ndcg@20': tensor(0.0479), 'toy_5_recall@20': tensor(0.0984), 'ndcg@20': tensor(0.0479), 'recall@20': tensor(0.0984), 'train_loss_0': tensor(0.1891, device='cuda:0')}
[2026-01-21 20:06:44] INFO training_time: 2346.2008986473083
[2026-01-21 20:06:44] INFO inference_time: 47.46274995803833
[2026-01-21 20:07:27] INFO {'epoch': 80, 'toy_5_ndcg@20': tensor(0.0472), 'toy_5_recall@20': tensor(0.0964), 'ndcg@20': tensor(0.0472), 'recall@20': tensor(0.0964), 'train_loss_0': tensor(0.1897, device='cuda:0')}
[2026-01-21 20:07:27] INFO training_time: 2388.955270767212
[2026-01-21 20:07:27] INFO inference_time: 48.1877167224884
[2026-01-21 20:08:10] INFO {'epoch': 81, 'toy_5_ndcg@20': tensor(0.0480), 'toy_5_recall@20': tensor(0.0997), 'ndcg@20': tensor(0.0480), 'recall@20': tensor(0.0997), 'train_loss_0': tensor(0.1904, device='cuda:0')}
[2026-01-21 20:08:10] INFO training_time: 2430.97531747818
[2026-01-21 20:08:10] INFO inference_time: 48.75668978691101
[2026-01-21 20:08:54] INFO {'epoch': 82, 'toy_5_ndcg@20': tensor(0.0468), 'toy_5_recall@20': tensor(0.0984), 'ndcg@20': tensor(0.0468), 'recall@20': tensor(0.0984), 'train_loss_0': tensor(0.1888, device='cuda:0')}
[2026-01-21 20:08:54] INFO training_time: 2474.2788519859314
[2026-01-21 20:08:54] INFO inference_time: 49.37249541282654
[2026-01-21 20:09:37] INFO {'epoch': 83, 'toy_5_ndcg@20': tensor(0.0486), 'toy_5_recall@20': tensor(0.0998), 'ndcg@20': tensor(0.0486), 'recall@20': tensor(0.0998), 'train_loss_0': tensor(0.1897, device='cuda:0')}
[2026-01-21 20:09:37] INFO training_time: 2517.047000169754
[2026-01-21 20:09:37] INFO inference_time: 49.93717050552368
[2026-01-21 20:09:37] INFO ndcg@20 improved. Best value: 0.0486
[2026-01-21 20:09:37] INFO Best model checkpoint saved in saved/MetaModel/noisy_5/2026-01-21-19-26-44-791501.ckpt.
[2026-01-21 20:10:21] INFO {'epoch': 84, 'toy_5_ndcg@20': tensor(0.0480), 'toy_5_recall@20': tensor(0.1019), 'ndcg@20': tensor(0.0480), 'recall@20': tensor(0.1019), 'train_loss_0': tensor(0.1880, device='cuda:0')}
[2026-01-21 20:10:21] INFO training_time: 2560.2300548553467
[2026-01-21 20:10:21] INFO inference_time: 50.511595726013184
[2026-01-21 20:11:04] INFO {'epoch': 85, 'toy_5_ndcg@20': tensor(0.0480), 'toy_5_recall@20': tensor(0.0999), 'ndcg@20': tensor(0.0480), 'recall@20': tensor(0.0999), 'train_loss_0': tensor(0.1887, device='cuda:0')}
[2026-01-21 20:11:04] INFO training_time: 2602.744462966919
[2026-01-21 20:11:04] INFO inference_time: 51.24090623855591
[2026-01-21 20:11:47] INFO {'epoch': 86, 'toy_5_ndcg@20': tensor(0.0478), 'toy_5_recall@20': tensor(0.1000), 'ndcg@20': tensor(0.0478), 'recall@20': tensor(0.1000), 'train_loss_0': tensor(0.1870, device='cuda:0')}
[2026-01-21 20:11:47] INFO training_time: 2645.37468624115
[2026-01-21 20:11:47] INFO inference_time: 51.79853057861328
[2026-01-21 20:12:32] INFO {'epoch': 87, 'toy_5_ndcg@20': tensor(0.0475), 'toy_5_recall@20': tensor(0.0992), 'ndcg@20': tensor(0.0475), 'recall@20': tensor(0.0992), 'train_loss_0': tensor(0.1900, device='cuda:0')}
[2026-01-21 20:12:32] INFO training_time: 2688.9268157482147
[2026-01-21 20:12:32] INFO inference_time: 52.54415726661682
[2026-01-21 20:13:15] INFO {'epoch': 88, 'toy_5_ndcg@20': tensor(0.0479), 'toy_5_recall@20': tensor(0.1005), 'ndcg@20': tensor(0.0479), 'recall@20': tensor(0.1005), 'train_loss_0': tensor(0.1866, device='cuda:0')}
[2026-01-21 20:13:15] INFO training_time: 2731.6015119552612
[2026-01-21 20:13:15] INFO inference_time: 53.09090781211853
[2026-01-21 20:13:59] INFO {'epoch': 89, 'toy_5_ndcg@20': tensor(0.0482), 'toy_5_recall@20': tensor(0.1002), 'ndcg@20': tensor(0.0482), 'recall@20': tensor(0.1002), 'train_loss_0': tensor(0.1854, device='cuda:0')}
[2026-01-21 20:13:59] INFO training_time: 2774.902974128723
[2026-01-21 20:13:59] INFO inference_time: 53.587977170944214
[2026-01-21 20:14:43] INFO {'epoch': 90, 'toy_5_ndcg@20': tensor(0.0478), 'toy_5_recall@20': tensor(0.0980), 'ndcg@20': tensor(0.0478), 'recall@20': tensor(0.0980), 'train_loss_0': tensor(0.1877, device='cuda:0')}
[2026-01-21 20:14:43] INFO training_time: 2817.738647699356
[2026-01-21 20:14:43] INFO inference_time: 54.67940545082092
[2026-01-21 20:15:26] INFO {'epoch': 91, 'toy_5_ndcg@20': tensor(0.0480), 'toy_5_recall@20': tensor(0.0986), 'ndcg@20': tensor(0.0480), 'recall@20': tensor(0.0986), 'train_loss_0': tensor(0.1855, device='cuda:0')}
[2026-01-21 20:15:26] INFO training_time: 2860.695767879486
[2026-01-21 20:15:26] INFO inference_time: 55.34923839569092
[2026-01-21 20:16:10] INFO {'epoch': 92, 'toy_5_ndcg@20': tensor(0.0474), 'toy_5_recall@20': tensor(0.1011), 'ndcg@20': tensor(0.0474), 'recall@20': tensor(0.1011), 'train_loss_0': tensor(0.1855, device='cuda:0')}
[2026-01-21 20:16:10] INFO training_time: 2904.047117948532
[2026-01-21 20:16:10] INFO inference_time: 55.9412841796875
[2026-01-21 20:16:54] INFO {'epoch': 93, 'toy_5_ndcg@20': tensor(0.0482), 'toy_5_recall@20': tensor(0.0996), 'ndcg@20': tensor(0.0482), 'recall@20': tensor(0.0996), 'train_loss_0': tensor(0.1844, device='cuda:0')}
[2026-01-21 20:16:54] INFO training_time: 2947.1104674339294
[2026-01-21 20:16:54] INFO inference_time: 56.51216912269592
[2026-01-21 20:17:38] INFO {'epoch': 94, 'toy_5_ndcg@20': tensor(0.0484), 'toy_5_recall@20': tensor(0.0999), 'ndcg@20': tensor(0.0484), 'recall@20': tensor(0.0999), 'train_loss_0': tensor(0.1852, device='cuda:0')}
[2026-01-21 20:17:38] INFO training_time: 2990.9312427043915
[2026-01-21 20:17:38] INFO inference_time: 57.07348656654358
[2026-01-21 20:18:22] INFO {'epoch': 95, 'toy_5_ndcg@20': tensor(0.0481), 'toy_5_recall@20': tensor(0.1014), 'ndcg@20': tensor(0.0481), 'recall@20': tensor(0.1014), 'train_loss_0': tensor(0.1859, device='cuda:0')}
[2026-01-21 20:18:22] INFO training_time: 3033.996584177017
[2026-01-21 20:18:22] INFO inference_time: 57.76604437828064
[2026-01-21 20:19:05] INFO {'epoch': 96, 'toy_5_ndcg@20': tensor(0.0481), 'toy_5_recall@20': tensor(0.1012), 'ndcg@20': tensor(0.0481), 'recall@20': tensor(0.1012), 'train_loss_0': tensor(0.1857, device='cuda:0')}
[2026-01-21 20:19:05] INFO training_time: 3076.514450788498
[2026-01-21 20:19:05] INFO inference_time: 58.30357503890991
[2026-01-21 20:19:50] INFO {'epoch': 97, 'toy_5_ndcg@20': tensor(0.0484), 'toy_5_recall@20': tensor(0.1005), 'ndcg@20': tensor(0.0484), 'recall@20': tensor(0.1005), 'train_loss_0': tensor(0.1834, device='cuda:0')}
[2026-01-21 20:19:50] INFO training_time: 3120.298357963562
[2026-01-21 20:19:50] INFO inference_time: 58.97201442718506
[2026-01-21 20:20:33] INFO {'epoch': 98, 'toy_5_ndcg@20': tensor(0.0476), 'toy_5_recall@20': tensor(0.0996), 'ndcg@20': tensor(0.0476), 'recall@20': tensor(0.0996), 'train_loss_0': tensor(0.1849, device='cuda:0')}
[2026-01-21 20:20:33] INFO training_time: 3163.404922246933
[2026-01-21 20:20:33] INFO inference_time: 59.567426681518555
[2026-01-21 20:21:17] INFO {'epoch': 99, 'toy_5_ndcg@20': tensor(0.0483), 'toy_5_recall@20': tensor(0.1007), 'ndcg@20': tensor(0.0483), 'recall@20': tensor(0.1007), 'train_loss_0': tensor(0.1833, device='cuda:0')}
[2026-01-21 20:21:17] INFO training_time: 3207.068407535553
[2026-01-21 20:21:17] INFO inference_time: 60.0781147480011
[2026-01-21 20:22:01] INFO {'epoch': 100, 'toy_5_ndcg@20': tensor(0.0484), 'toy_5_recall@20': tensor(0.1007), 'ndcg@20': tensor(0.0484), 'recall@20': tensor(0.1007), 'train_loss_0': tensor(0.1842, device='cuda:0')}
[2026-01-21 20:22:01] INFO training_time: 3249.830319881439
[2026-01-21 20:22:01] INFO inference_time: 60.87818217277527
[2026-01-21 20:22:44] INFO {'epoch': 101, 'toy_5_ndcg@20': tensor(0.0494), 'toy_5_recall@20': tensor(0.1008), 'ndcg@20': tensor(0.0494), 'recall@20': tensor(0.1008), 'train_loss_0': tensor(0.1821, device='cuda:0')}
[2026-01-21 20:22:44] INFO training_time: 3292.109869003296
[2026-01-21 20:22:44] INFO inference_time: 61.396737813949585
[2026-01-21 20:22:44] INFO ndcg@20 improved. Best value: 0.0494
[2026-01-21 20:22:44] INFO Best model checkpoint saved in saved/MetaModel/noisy_5/2026-01-21-19-26-44-791501.ckpt.
[2026-01-21 20:23:28] INFO {'epoch': 102, 'toy_5_ndcg@20': tensor(0.0483), 'toy_5_recall@20': tensor(0.1000), 'ndcg@20': tensor(0.0483), 'recall@20': tensor(0.1000), 'train_loss_0': tensor(0.1829, device='cuda:0')}
[2026-01-21 20:23:28] INFO training_time: 3335.8878989219666
[2026-01-21 20:23:28] INFO inference_time: 61.88012456893921
[2026-01-21 20:24:11] INFO {'epoch': 103, 'toy_5_ndcg@20': tensor(0.0490), 'toy_5_recall@20': tensor(0.1018), 'ndcg@20': tensor(0.0490), 'recall@20': tensor(0.1018), 'train_loss_0': tensor(0.1842, device='cuda:0')}
[2026-01-21 20:24:11] INFO training_time: 3378.550952911377
[2026-01-21 20:24:11] INFO inference_time: 62.614540815353394
[2026-01-21 20:24:56] INFO {'epoch': 104, 'toy_5_ndcg@20': tensor(0.0493), 'toy_5_recall@20': tensor(0.1017), 'ndcg@20': tensor(0.0493), 'recall@20': tensor(0.1017), 'train_loss_0': tensor(0.1834, device='cuda:0')}
[2026-01-21 20:24:56] INFO training_time: 3422.6336328983307
[2026-01-21 20:24:56] INFO inference_time: 63.32161736488342
[2026-01-21 20:25:39] INFO {'epoch': 105, 'toy_5_ndcg@20': tensor(0.0486), 'toy_5_recall@20': tensor(0.1023), 'ndcg@20': tensor(0.0486), 'recall@20': tensor(0.1023), 'train_loss_0': tensor(0.1813, device='cuda:0')}
[2026-01-21 20:25:39] INFO training_time: 3465.167390346527
[2026-01-21 20:25:39] INFO inference_time: 63.82989168167114
[2026-01-21 20:26:23] INFO {'epoch': 106, 'toy_5_ndcg@20': tensor(0.0489), 'toy_5_recall@20': tensor(0.1023), 'ndcg@20': tensor(0.0489), 'recall@20': tensor(0.1023), 'train_loss_0': tensor(0.1821, device='cuda:0')}
[2026-01-21 20:26:23] INFO training_time: 3508.153755426407
[2026-01-21 20:26:23] INFO inference_time: 64.43457055091858
[2026-01-21 20:27:07] INFO {'epoch': 107, 'toy_5_ndcg@20': tensor(0.0486), 'toy_5_recall@20': tensor(0.1008), 'ndcg@20': tensor(0.0486), 'recall@20': tensor(0.1008), 'train_loss_0': tensor(0.1819, device='cuda:0')}
[2026-01-21 20:27:07] INFO training_time: 3551.553856611252
[2026-01-21 20:27:07] INFO inference_time: 64.99597716331482
[2026-01-21 20:27:50] INFO {'epoch': 108, 'toy_5_ndcg@20': tensor(0.0488), 'toy_5_recall@20': tensor(0.1014), 'ndcg@20': tensor(0.0488), 'recall@20': tensor(0.1014), 'train_loss_0': tensor(0.1824, device='cuda:0')}
[2026-01-21 20:27:50] INFO training_time: 3594.543354511261
[2026-01-21 20:27:50] INFO inference_time: 65.56790399551392
[2026-01-21 20:28:35] INFO {'epoch': 109, 'toy_5_ndcg@20': tensor(0.0488), 'toy_5_recall@20': tensor(0.1014), 'ndcg@20': tensor(0.0488), 'recall@20': tensor(0.1014), 'train_loss_0': tensor(0.1812, device='cuda:0')}
[2026-01-21 20:28:35] INFO training_time: 3638.2721660137177
[2026-01-21 20:28:35] INFO inference_time: 66.1592309474945
[2026-01-21 20:29:19] INFO {'epoch': 110, 'toy_5_ndcg@20': tensor(0.0491), 'toy_5_recall@20': tensor(0.1012), 'ndcg@20': tensor(0.0491), 'recall@20': tensor(0.1012), 'train_loss_0': tensor(0.1791, device='cuda:0')}
[2026-01-21 20:29:19] INFO training_time: 3681.375650167465
[2026-01-21 20:29:19] INFO inference_time: 66.98804020881653
[2026-01-21 20:30:02] INFO {'epoch': 111, 'toy_5_ndcg@20': tensor(0.0492), 'toy_5_recall@20': tensor(0.1019), 'ndcg@20': tensor(0.0492), 'recall@20': tensor(0.1019), 'train_loss_0': tensor(0.1823, device='cuda:0')}
[2026-01-21 20:30:02] INFO training_time: 3723.7423856258392
[2026-01-21 20:30:02] INFO inference_time: 67.71847796440125
[2026-01-21 20:30:46] INFO {'epoch': 112, 'toy_5_ndcg@20': tensor(0.0494), 'toy_5_recall@20': tensor(0.1013), 'ndcg@20': tensor(0.0494), 'recall@20': tensor(0.1013), 'train_loss_0': tensor(0.1796, device='cuda:0')}
[2026-01-21 20:30:46] INFO training_time: 3767.6211071014404
[2026-01-21 20:30:46] INFO inference_time: 68.41791915893555
[2026-01-21 20:30:46] INFO ndcg@20 improved. Best value: 0.0494
[2026-01-21 20:30:46] INFO Best model checkpoint saved in saved/MetaModel/noisy_5/2026-01-21-19-26-44-791501.ckpt.
[2026-01-21 20:31:30] INFO {'epoch': 113, 'toy_5_ndcg@20': tensor(0.0491), 'toy_5_recall@20': tensor(0.1024), 'ndcg@20': tensor(0.0491), 'recall@20': tensor(0.1024), 'train_loss_0': tensor(0.1826, device='cuda:0')}
[2026-01-21 20:31:30] INFO training_time: 3810.6561131477356
[2026-01-21 20:31:30] INFO inference_time: 69.07259607315063
[2026-01-21 20:32:14] INFO {'epoch': 114, 'toy_5_ndcg@20': tensor(0.0489), 'toy_5_recall@20': tensor(0.1032), 'ndcg@20': tensor(0.0489), 'recall@20': tensor(0.1032), 'train_loss_0': tensor(0.1789, device='cuda:0')}
[2026-01-21 20:32:14] INFO training_time: 3854.256953716278
[2026-01-21 20:32:14] INFO inference_time: 69.71533060073853
[2026-01-21 20:32:58] INFO {'epoch': 115, 'toy_5_ndcg@20': tensor(0.0492), 'toy_5_recall@20': tensor(0.1022), 'ndcg@20': tensor(0.0492), 'recall@20': tensor(0.1022), 'train_loss_0': tensor(0.1839, device='cuda:0')}
[2026-01-21 20:32:58] INFO training_time: 3896.717610836029
[2026-01-21 20:32:58] INFO inference_time: 70.44233322143555
[2026-01-21 20:33:41] INFO {'epoch': 116, 'toy_5_ndcg@20': tensor(0.0488), 'toy_5_recall@20': tensor(0.1019), 'ndcg@20': tensor(0.0488), 'recall@20': tensor(0.1019), 'train_loss_0': tensor(0.1816, device='cuda:0')}
[2026-01-21 20:33:41] INFO training_time: 3939.3112416267395
[2026-01-21 20:33:41] INFO inference_time: 70.93026447296143
[2026-01-21 20:34:25] INFO {'epoch': 117, 'toy_5_ndcg@20': tensor(0.0495), 'toy_5_recall@20': tensor(0.1014), 'ndcg@20': tensor(0.0495), 'recall@20': tensor(0.1014), 'train_loss_0': tensor(0.1810, device='cuda:0')}
[2026-01-21 20:34:25] INFO training_time: 3982.942773103714
[2026-01-21 20:34:25] INFO inference_time: 71.6673972606659
[2026-01-21 20:34:25] INFO ndcg@20 improved. Best value: 0.0495
[2026-01-21 20:34:25] INFO Best model checkpoint saved in saved/MetaModel/noisy_5/2026-01-21-19-26-44-791501.ckpt.
[2026-01-21 20:35:09] INFO {'epoch': 118, 'toy_5_ndcg@20': tensor(0.0485), 'toy_5_recall@20': tensor(0.1013), 'ndcg@20': tensor(0.0485), 'recall@20': tensor(0.1013), 'train_loss_0': tensor(0.1797, device='cuda:0')}
[2026-01-21 20:35:09] INFO training_time: 4025.7796018123627
[2026-01-21 20:35:09] INFO inference_time: 72.33568978309631
[2026-01-21 20:35:45] INFO {'epoch': 119, 'toy_5_ndcg@20': tensor(0.0496), 'toy_5_recall@20': tensor(0.1029), 'ndcg@20': tensor(0.0496), 'recall@20': tensor(0.1029), 'train_loss_0': tensor(0.1802, device='cuda:0')}
[2026-01-21 20:35:45] INFO training_time: 4062.0143778324127
[2026-01-21 20:35:45] INFO inference_time: 72.80841708183289
[2026-01-21 20:35:45] INFO ndcg@20 improved. Best value: 0.0496
[2026-01-21 20:35:45] INFO Best model checkpoint saved in saved/MetaModel/noisy_5/2026-01-21-19-26-44-791501.ckpt.
[2026-01-21 20:36:21] INFO {'epoch': 120, 'toy_5_ndcg@20': tensor(0.0499), 'toy_5_recall@20': tensor(0.1025), 'ndcg@20': tensor(0.0499), 'recall@20': tensor(0.1025), 'train_loss_0': tensor(0.1792, device='cuda:0')}
[2026-01-21 20:36:21] INFO training_time: 4097.097138404846
[2026-01-21 20:36:21] INFO inference_time: 73.76735210418701
[2026-01-21 20:36:21] INFO ndcg@20 improved. Best value: 0.0499
[2026-01-21 20:36:21] INFO Best model checkpoint saved in saved/MetaModel/noisy_5/2026-01-21-19-26-44-791501.ckpt.
[2026-01-21 20:36:57] INFO {'epoch': 121, 'toy_5_ndcg@20': tensor(0.0505), 'toy_5_recall@20': tensor(0.1040), 'ndcg@20': tensor(0.0505), 'recall@20': tensor(0.1040), 'train_loss_0': tensor(0.1800, device='cuda:0')}
[2026-01-21 20:36:57] INFO training_time: 4131.735348939896
[2026-01-21 20:36:57] INFO inference_time: 74.37707996368408
[2026-01-21 20:36:57] INFO ndcg@20 improved. Best value: 0.0505
[2026-01-21 20:36:57] INFO Best model checkpoint saved in saved/MetaModel/noisy_5/2026-01-21-19-26-44-791501.ckpt.
[2026-01-21 20:37:33] INFO {'epoch': 122, 'toy_5_ndcg@20': tensor(0.0504), 'toy_5_recall@20': tensor(0.1033), 'ndcg@20': tensor(0.0504), 'recall@20': tensor(0.1033), 'train_loss_0': tensor(0.1782, device='cuda:0')}
[2026-01-21 20:37:33] INFO training_time: 4167.993863105774
[2026-01-21 20:37:33] INFO inference_time: 74.88897180557251
[2026-01-21 20:38:09] INFO {'epoch': 123, 'toy_5_ndcg@20': tensor(0.0504), 'toy_5_recall@20': tensor(0.1044), 'ndcg@20': tensor(0.0504), 'recall@20': tensor(0.1044), 'train_loss_0': tensor(0.1792, device='cuda:0')}
[2026-01-21 20:38:09] INFO training_time: 4203.151672124863
[2026-01-21 20:38:09] INFO inference_time: 75.44510769844055
[2026-01-21 20:38:46] INFO {'epoch': 124, 'toy_5_ndcg@20': tensor(0.0506), 'toy_5_recall@20': tensor(0.1041), 'ndcg@20': tensor(0.0506), 'recall@20': tensor(0.1041), 'train_loss_0': tensor(0.1787, device='cuda:0')}
[2026-01-21 20:38:46] INFO training_time: 4238.715658664703
[2026-01-21 20:38:46] INFO inference_time: 76.36021566390991
[2026-01-21 20:38:46] INFO ndcg@20 improved. Best value: 0.0506
[2026-01-21 20:38:46] INFO Best model checkpoint saved in saved/MetaModel/noisy_5/2026-01-21-19-26-44-791501.ckpt.
[2026-01-21 20:39:16] INFO {'epoch': 125, 'toy_5_ndcg@20': tensor(0.0503), 'toy_5_recall@20': tensor(0.1031), 'ndcg@20': tensor(0.0503), 'recall@20': tensor(0.1031), 'train_loss_0': tensor(0.1784, device='cuda:0')}
[2026-01-21 20:39:16] INFO training_time: 4268.3344810009
[2026-01-21 20:39:16] INFO inference_time: 77.00456738471985
[2026-01-21 20:39:44] INFO {'epoch': 126, 'toy_5_ndcg@20': tensor(0.0503), 'toy_5_recall@20': tensor(0.1033), 'ndcg@20': tensor(0.0503), 'recall@20': tensor(0.1033), 'train_loss_0': tensor(0.1774, device='cuda:0')}
[2026-01-21 20:39:44] INFO training_time: 4295.570942878723
[2026-01-21 20:39:44] INFO inference_time: 77.49261426925659
[2026-01-21 20:40:11] INFO {'epoch': 127, 'toy_5_ndcg@20': tensor(0.0504), 'toy_5_recall@20': tensor(0.1052), 'ndcg@20': tensor(0.0504), 'recall@20': tensor(0.1052), 'train_loss_0': tensor(0.1776, device='cuda:0')}
[2026-01-21 20:40:11] INFO training_time: 4322.640809297562
[2026-01-21 20:40:11] INFO inference_time: 78.05371856689453
[2026-01-21 20:40:39] INFO {'epoch': 128, 'toy_5_ndcg@20': tensor(0.0500), 'toy_5_recall@20': tensor(0.1047), 'ndcg@20': tensor(0.0500), 'recall@20': tensor(0.1047), 'train_loss_0': tensor(0.1769, device='cuda:0')}
[2026-01-21 20:40:39] INFO training_time: 4349.493426322937
[2026-01-21 20:40:39] INFO inference_time: 78.68277907371521
[2026-01-21 20:41:08] INFO {'epoch': 129, 'toy_5_ndcg@20': tensor(0.0504), 'toy_5_recall@20': tensor(0.1044), 'ndcg@20': tensor(0.0504), 'recall@20': tensor(0.1044), 'train_loss_0': tensor(0.1769, device='cuda:0')}
[2026-01-21 20:41:08] INFO training_time: 4377.8763110637665
[2026-01-21 20:41:08] INFO inference_time: 79.225506067276
[2026-01-21 20:41:36] INFO {'epoch': 130, 'toy_5_ndcg@20': tensor(0.0500), 'toy_5_recall@20': tensor(0.1037), 'ndcg@20': tensor(0.0500), 'recall@20': tensor(0.1037), 'train_loss_0': tensor(0.1780, device='cuda:0')}
[2026-01-21 20:41:36] INFO training_time: 4405.56357216835
[2026-01-21 20:41:36] INFO inference_time: 79.95522141456604
[2026-01-21 20:42:03] INFO {'epoch': 131, 'toy_5_ndcg@20': tensor(0.0497), 'toy_5_recall@20': tensor(0.1026), 'ndcg@20': tensor(0.0497), 'recall@20': tensor(0.1026), 'train_loss_0': tensor(0.1771, device='cuda:0')}
[2026-01-21 20:42:03] INFO training_time: 4432.348722457886
[2026-01-21 20:42:03] INFO inference_time: 80.51762366294861
[2026-01-21 20:42:31] INFO {'epoch': 132, 'toy_5_ndcg@20': tensor(0.0493), 'toy_5_recall@20': tensor(0.1024), 'ndcg@20': tensor(0.0493), 'recall@20': tensor(0.1024), 'train_loss_0': tensor(0.1767, device='cuda:0')}
[2026-01-21 20:42:31] INFO training_time: 4459.6018805503845
[2026-01-21 20:42:31] INFO inference_time: 80.97884678840637
[2026-01-21 20:42:59] INFO {'epoch': 133, 'toy_5_ndcg@20': tensor(0.0497), 'toy_5_recall@20': tensor(0.1035), 'ndcg@20': tensor(0.0497), 'recall@20': tensor(0.1035), 'train_loss_0': tensor(0.1763, device='cuda:0')}
[2026-01-21 20:42:59] INFO training_time: 4486.757474184036
[2026-01-21 20:42:59] INFO inference_time: 81.6147210597992
[2026-01-21 20:43:27] INFO {'epoch': 134, 'toy_5_ndcg@20': tensor(0.0490), 'toy_5_recall@20': tensor(0.1025), 'ndcg@20': tensor(0.0490), 'recall@20': tensor(0.1025), 'train_loss_0': tensor(0.1779, device='cuda:0')}
[2026-01-21 20:43:27] INFO training_time: 4514.751372098923
[2026-01-21 20:43:27] INFO inference_time: 82.16909432411194
[2026-01-21 20:43:55] INFO {'epoch': 135, 'toy_5_ndcg@20': tensor(0.0494), 'toy_5_recall@20': tensor(0.1024), 'ndcg@20': tensor(0.0494), 'recall@20': tensor(0.1024), 'train_loss_0': tensor(0.1750, device='cuda:0')}
[2026-01-21 20:43:55] INFO training_time: 4541.264488220215
[2026-01-21 20:43:55] INFO inference_time: 82.75060868263245
[2026-01-21 20:44:22] INFO {'epoch': 136, 'toy_5_ndcg@20': tensor(0.0497), 'toy_5_recall@20': tensor(0.1037), 'ndcg@20': tensor(0.0497), 'recall@20': tensor(0.1037), 'train_loss_0': tensor(0.1758, device='cuda:0')}
[2026-01-21 20:44:22] INFO training_time: 4568.6099400520325
[2026-01-21 20:44:22] INFO inference_time: 83.29005002975464
[2026-01-21 20:44:50] INFO {'epoch': 137, 'toy_5_ndcg@20': tensor(0.0489), 'toy_5_recall@20': tensor(0.1024), 'ndcg@20': tensor(0.0489), 'recall@20': tensor(0.1024), 'train_loss_0': tensor(0.1760, device='cuda:0')}
[2026-01-21 20:44:50] INFO training_time: 4595.632775783539
[2026-01-21 20:44:50] INFO inference_time: 83.91066098213196
[2026-01-21 20:45:18] INFO {'epoch': 138, 'toy_5_ndcg@20': tensor(0.0492), 'toy_5_recall@20': tensor(0.1033), 'ndcg@20': tensor(0.0492), 'recall@20': tensor(0.1033), 'train_loss_0': tensor(0.1759, device='cuda:0')}
[2026-01-21 20:45:18] INFO training_time: 4622.900373458862
[2026-01-21 20:45:18] INFO inference_time: 84.49772143363953
[2026-01-21 20:45:46] INFO {'epoch': 139, 'toy_5_ndcg@20': tensor(0.0496), 'toy_5_recall@20': tensor(0.1040), 'ndcg@20': tensor(0.0496), 'recall@20': tensor(0.1040), 'train_loss_0': tensor(0.1763, device='cuda:0')}
[2026-01-21 20:45:46] INFO training_time: 4650.478336572647
[2026-01-21 20:45:46] INFO inference_time: 85.0816216468811
[2026-01-21 20:46:09] INFO {'epoch': 140, 'toy_5_ndcg@20': tensor(0.0492), 'toy_5_recall@20': tensor(0.1024), 'ndcg@20': tensor(0.0492), 'recall@20': tensor(0.1024), 'train_loss_0': tensor(0.1762, device='cuda:0')}
[2026-01-21 20:46:09] INFO training_time: 4673.175755977631
[2026-01-21 20:46:09] INFO inference_time: 85.69843411445618
[2026-01-21 20:46:30] INFO {'epoch': 141, 'toy_5_ndcg@20': tensor(0.0495), 'toy_5_recall@20': tensor(0.1032), 'ndcg@20': tensor(0.0495), 'recall@20': tensor(0.1032), 'train_loss_0': tensor(0.1748, device='cuda:0')}
[2026-01-21 20:46:30] INFO training_time: 4692.9052734375
[2026-01-21 20:46:30] INFO inference_time: 86.26673293113708
[2026-01-21 20:46:51] INFO {'epoch': 142, 'toy_5_ndcg@20': tensor(0.0492), 'toy_5_recall@20': tensor(0.1019), 'ndcg@20': tensor(0.0492), 'recall@20': tensor(0.1019), 'train_loss_0': tensor(0.1763, device='cuda:0')}
[2026-01-21 20:46:51] INFO training_time: 4713.694802761078
[2026-01-21 20:46:51] INFO inference_time: 86.80436277389526
[2026-01-21 20:47:12] INFO {'epoch': 143, 'toy_5_ndcg@20': tensor(0.0494), 'toy_5_recall@20': tensor(0.1038), 'ndcg@20': tensor(0.0494), 'recall@20': tensor(0.1038), 'train_loss_0': tensor(0.1746, device='cuda:0')}
[2026-01-21 20:47:12] INFO training_time: 4733.978126525879
[2026-01-21 20:47:12] INFO inference_time: 87.30511093139648
[2026-01-21 20:47:32] INFO {'epoch': 144, 'toy_5_ndcg@20': tensor(0.0493), 'toy_5_recall@20': tensor(0.1031), 'ndcg@20': tensor(0.0493), 'recall@20': tensor(0.1031), 'train_loss_0': tensor(0.1741, device='cuda:0')}
[2026-01-21 20:47:32] INFO training_time: 4753.8477420806885
[2026-01-21 20:47:32] INFO inference_time: 87.7660961151123
[2026-01-21 20:47:32] INFO Early stopped. Since the metric ndcg@20 haven't been improved for 20 epochs.
[2026-01-21 20:47:32] INFO The best score of ndcg@20 is 0.0506 on epoch 124
[2026-01-21 20:47:32] INFO Best model checkpoint saved in saved/MetaModel/noisy_5/2026-01-21-19-26-44-791501.ckpt.
[2026-01-21 20:47:33] INFO defaultdict(<class 'float'>, {'toy_5_ndcg@20': tensor(0.0423), 'toy_5_recall@20': tensor(0.0856), 'toy_5_ndcg@10': tensor(0.0369), 'toy_5_recall@10': tensor(0.0641), 'ndcg@20': tensor(0.0423), 'recall@20': tensor(0.0856), 'ndcg@10': tensor(0.0369), 'recall@10': tensor(0.0641)})
