[2026-01-22 15:52:00] INFO PID of this process: 2413850
[2026-01-22 15:52:07] INFO {'model': {'embed_dim': 64, 'loss_fn': 'bce', 'hidden_size': 128, 'layer_num': 2, 'head_num': 2, 'dropout_rate': 0.5, 'activation': 'gelu', 'layer_norm_eps': 1e-12, 'model': 'SASRec'}, 'data': {'domain_name_list': ['beauty_15'], 'user_threshold': 5, 'item_threshold': 5, 'max_seq_len': 50, 'dataset_class': 'general', 'train_file': '_regen', 'dataset': 'noisy_15'}, 'train': {'batch_size': 256, 'early_stop_mode': 'max', 'early_stop_patience': 20, 'epochs': 1000, 'device': 'cuda', 'optimizer': 'adam', 'learning_rate': 0.001, 'weight_decay': 0, 'num_neg': 1, 'seed': 2028}, 'eval': {'batch_size': 2048, 'cutoff': [20, 10], 'val_metrics': ['ndcg', 'recall'], 'test_metrics': ['ndcg', 'recall'], 'topk': 100, 'save_path': './saved/'}}
[2026-01-22 15:52:07] INFO <data.dataset.SeparateDataset object at 0x7f1078c941f0>
[2026-01-22 15:52:07] INFO save_dir:saved
[2026-01-22 15:52:07] INFO SASRec(
  (item_embedding): Embedding(12102, 64, padding_idx=0)
  (query_encoder): SASRecQueryEncoder(
    (item_encoder): Embedding(12102, 64, padding_idx=0)
    (position_emb): Embedding(50, 64)
    (transformer_layer): TransformerEncoder(
      (layers): ModuleList(
        (0): TransformerEncoderLayer(
          (self_attn): MultiheadAttention(
            (out_proj): NonDynamicallyQuantizableLinear(in_features=64, out_features=64, bias=True)
          )
          (linear1): Linear(in_features=64, out_features=128, bias=True)
          (dropout): Dropout(p=0.5, inplace=False)
          (linear2): Linear(in_features=128, out_features=64, bias=True)
          (norm1): LayerNorm((64,), eps=1e-12, elementwise_affine=True)
          (norm2): LayerNorm((64,), eps=1e-12, elementwise_affine=True)
          (dropout1): Dropout(p=0.5, inplace=False)
          (dropout2): Dropout(p=0.5, inplace=False)
        )
        (1): TransformerEncoderLayer(
          (self_attn): MultiheadAttention(
            (out_proj): NonDynamicallyQuantizableLinear(in_features=64, out_features=64, bias=True)
          )
          (linear1): Linear(in_features=64, out_features=128, bias=True)
          (dropout): Dropout(p=0.5, inplace=False)
          (linear2): Linear(in_features=128, out_features=64, bias=True)
          (norm1): LayerNorm((64,), eps=1e-12, elementwise_affine=True)
          (norm2): LayerNorm((64,), eps=1e-12, elementwise_affine=True)
          (dropout1): Dropout(p=0.5, inplace=False)
          (dropout2): Dropout(p=0.5, inplace=False)
        )
      )
    )
    (dropout): Dropout(p=0.5, inplace=False)
    (training_pooling_layer): SeqPoolingLayer()
    (eval_pooling_layer): SeqPoolingLayer()
  )
  (loss_fn): BinaryCrossEntropyLoss()
)
[2026-01-22 15:52:42] INFO {'epoch': 0, 'beauty_15_ndcg@20': tensor(0.0116), 'beauty_15_recall@20': tensor(0.0276), 'ndcg@20': tensor(0.0116), 'recall@20': tensor(0.0276), 'train_loss_0': tensor(1.2044, device='cuda:0')}
[2026-01-22 15:52:42] INFO training_time: 34.068359375
[2026-01-22 15:52:42] INFO inference_time: 1.1000323295593262
[2026-01-22 15:52:42] INFO ndcg@20 improved. Best value: 0.0116
[2026-01-22 15:52:42] INFO Best model checkpoint saved in saved/SASRec/noisy_15/2026-01-22-15-52-00-633585.ckpt.
[2026-01-22 15:53:16] INFO {'epoch': 1, 'beauty_15_ndcg@20': tensor(0.0147), 'beauty_15_recall@20': tensor(0.0354), 'ndcg@20': tensor(0.0147), 'recall@20': tensor(0.0354), 'train_loss_0': tensor(1.0485, device='cuda:0')}
[2026-01-22 15:53:16] INFO training_time: 67.64575219154358
[2026-01-22 15:53:16] INFO inference_time: 1.773592233657837
[2026-01-22 15:53:16] INFO ndcg@20 improved. Best value: 0.0147
[2026-01-22 15:53:16] INFO Best model checkpoint saved in saved/SASRec/noisy_15/2026-01-22-15-52-00-633585.ckpt.
[2026-01-22 15:53:50] INFO {'epoch': 2, 'beauty_15_ndcg@20': tensor(0.0177), 'beauty_15_recall@20': tensor(0.0432), 'ndcg@20': tensor(0.0177), 'recall@20': tensor(0.0432), 'train_loss_0': tensor(0.9456, device='cuda:0')}
[2026-01-22 15:53:50] INFO training_time: 100.84736704826355
[2026-01-22 15:53:50] INFO inference_time: 2.4105565547943115
[2026-01-22 15:53:50] INFO ndcg@20 improved. Best value: 0.0177
[2026-01-22 15:53:50] INFO Best model checkpoint saved in saved/SASRec/noisy_15/2026-01-22-15-52-00-633585.ckpt.
[2026-01-22 15:54:24] INFO {'epoch': 3, 'beauty_15_ndcg@20': tensor(0.0200), 'beauty_15_recall@20': tensor(0.0487), 'ndcg@20': tensor(0.0200), 'recall@20': tensor(0.0487), 'train_loss_0': tensor(0.8590, device='cuda:0')}
[2026-01-22 15:54:24] INFO training_time: 133.9799189567566
[2026-01-22 15:54:24] INFO inference_time: 3.114753007888794
[2026-01-22 15:54:24] INFO ndcg@20 improved. Best value: 0.0200
[2026-01-22 15:54:24] INFO Best model checkpoint saved in saved/SASRec/noisy_15/2026-01-22-15-52-00-633585.ckpt.
[2026-01-22 15:54:58] INFO {'epoch': 4, 'beauty_15_ndcg@20': tensor(0.0224), 'beauty_15_recall@20': tensor(0.0533), 'ndcg@20': tensor(0.0224), 'recall@20': tensor(0.0533), 'train_loss_0': tensor(0.7865, device='cuda:0')}
[2026-01-22 15:54:58] INFO training_time: 167.20214295387268
[2026-01-22 15:54:58] INFO inference_time: 3.8066694736480713
[2026-01-22 15:54:58] INFO ndcg@20 improved. Best value: 0.0224
[2026-01-22 15:54:58] INFO Best model checkpoint saved in saved/SASRec/noisy_15/2026-01-22-15-52-00-633585.ckpt.
[2026-01-22 15:55:32] INFO {'epoch': 5, 'beauty_15_ndcg@20': tensor(0.0253), 'beauty_15_recall@20': tensor(0.0603), 'ndcg@20': tensor(0.0253), 'recall@20': tensor(0.0603), 'train_loss_0': tensor(0.7332, device='cuda:0')}
[2026-01-22 15:55:32] INFO training_time: 200.57148218154907
[2026-01-22 15:55:32] INFO inference_time: 4.508009910583496
[2026-01-22 15:55:32] INFO ndcg@20 improved. Best value: 0.0253
[2026-01-22 15:55:32] INFO Best model checkpoint saved in saved/SASRec/noisy_15/2026-01-22-15-52-00-633585.ckpt.
[2026-01-22 15:56:06] INFO {'epoch': 6, 'beauty_15_ndcg@20': tensor(0.0253), 'beauty_15_recall@20': tensor(0.0594), 'ndcg@20': tensor(0.0253), 'recall@20': tensor(0.0594), 'train_loss_0': tensor(0.6891, device='cuda:0')}
[2026-01-22 15:56:06] INFO training_time: 233.7115454673767
[2026-01-22 15:56:06] INFO inference_time: 5.324504375457764
[2026-01-22 15:56:40] INFO {'epoch': 7, 'beauty_15_ndcg@20': tensor(0.0266), 'beauty_15_recall@20': tensor(0.0626), 'ndcg@20': tensor(0.0266), 'recall@20': tensor(0.0626), 'train_loss_0': tensor(0.6574, device='cuda:0')}
[2026-01-22 15:56:40] INFO training_time: 266.9568326473236
[2026-01-22 15:56:40] INFO inference_time: 5.93725061416626
[2026-01-22 15:56:40] INFO ndcg@20 improved. Best value: 0.0266
[2026-01-22 15:56:40] INFO Best model checkpoint saved in saved/SASRec/noisy_15/2026-01-22-15-52-00-633585.ckpt.
[2026-01-22 15:57:14] INFO {'epoch': 8, 'beauty_15_ndcg@20': tensor(0.0274), 'beauty_15_recall@20': tensor(0.0645), 'ndcg@20': tensor(0.0274), 'recall@20': tensor(0.0645), 'train_loss_0': tensor(0.6297, device='cuda:0')}
[2026-01-22 15:57:14] INFO training_time: 300.410710811615
[2026-01-22 15:57:14] INFO inference_time: 6.575459003448486
[2026-01-22 15:57:14] INFO ndcg@20 improved. Best value: 0.0274
[2026-01-22 15:57:14] INFO Best model checkpoint saved in saved/SASRec/noisy_15/2026-01-22-15-52-00-633585.ckpt.
[2026-01-22 15:57:47] INFO {'epoch': 9, 'beauty_15_ndcg@20': tensor(0.0270), 'beauty_15_recall@20': tensor(0.0626), 'ndcg@20': tensor(0.0270), 'recall@20': tensor(0.0626), 'train_loss_0': tensor(0.6103, device='cuda:0')}
[2026-01-22 15:57:47] INFO training_time: 333.04025650024414
[2026-01-22 15:57:47] INFO inference_time: 7.2195069789886475
[2026-01-22 15:58:21] INFO {'epoch': 10, 'beauty_15_ndcg@20': tensor(0.0264), 'beauty_15_recall@20': tensor(0.0621), 'ndcg@20': tensor(0.0264), 'recall@20': tensor(0.0621), 'train_loss_0': tensor(0.5979, device='cuda:0')}
[2026-01-22 15:58:21] INFO training_time: 365.97717905044556
[2026-01-22 15:58:21] INFO inference_time: 8.024948596954346
[2026-01-22 15:58:54] INFO {'epoch': 11, 'beauty_15_ndcg@20': tensor(0.0281), 'beauty_15_recall@20': tensor(0.0652), 'ndcg@20': tensor(0.0281), 'recall@20': tensor(0.0652), 'train_loss_0': tensor(0.5829, device='cuda:0')}
[2026-01-22 15:58:54] INFO training_time: 398.55883717536926
[2026-01-22 15:58:54] INFO inference_time: 8.805280685424805
[2026-01-22 15:58:54] INFO ndcg@20 improved. Best value: 0.0281
[2026-01-22 15:58:54] INFO Best model checkpoint saved in saved/SASRec/noisy_15/2026-01-22-15-52-00-633585.ckpt.
[2026-01-22 15:59:27] INFO {'epoch': 12, 'beauty_15_ndcg@20': tensor(0.0273), 'beauty_15_recall@20': tensor(0.0636), 'ndcg@20': tensor(0.0273), 'recall@20': tensor(0.0636), 'train_loss_0': tensor(0.5691, device='cuda:0')}
[2026-01-22 15:59:27] INFO training_time: 431.0636649131775
[2026-01-22 15:59:27] INFO inference_time: 9.589802980422974
[2026-01-22 16:00:01] INFO {'epoch': 13, 'beauty_15_ndcg@20': tensor(0.0284), 'beauty_15_recall@20': tensor(0.0660), 'ndcg@20': tensor(0.0284), 'recall@20': tensor(0.0660), 'train_loss_0': tensor(0.5574, device='cuda:0')}
[2026-01-22 16:00:01] INFO training_time: 463.66264963150024
[2026-01-22 16:00:01] INFO inference_time: 10.453895568847656
[2026-01-22 16:00:01] INFO ndcg@20 improved. Best value: 0.0284
[2026-01-22 16:00:01] INFO Best model checkpoint saved in saved/SASRec/noisy_15/2026-01-22-15-52-00-633585.ckpt.
[2026-01-22 16:00:34] INFO {'epoch': 14, 'beauty_15_ndcg@20': tensor(0.0282), 'beauty_15_recall@20': tensor(0.0660), 'ndcg@20': tensor(0.0282), 'recall@20': tensor(0.0660), 'train_loss_0': tensor(0.5514, device='cuda:0')}
[2026-01-22 16:00:34] INFO training_time: 496.2208824157715
[2026-01-22 16:00:34] INFO inference_time: 11.36116337776184
[2026-01-22 16:01:07] INFO {'epoch': 15, 'beauty_15_ndcg@20': tensor(0.0287), 'beauty_15_recall@20': tensor(0.0654), 'ndcg@20': tensor(0.0287), 'recall@20': tensor(0.0654), 'train_loss_0': tensor(0.5420, device='cuda:0')}
[2026-01-22 16:01:07] INFO training_time: 528.2108738422394
[2026-01-22 16:01:07] INFO inference_time: 12.11205506324768
[2026-01-22 16:01:07] INFO ndcg@20 improved. Best value: 0.0287
[2026-01-22 16:01:07] INFO Best model checkpoint saved in saved/SASRec/noisy_15/2026-01-22-15-52-00-633585.ckpt.
[2026-01-22 16:01:40] INFO {'epoch': 16, 'beauty_15_ndcg@20': tensor(0.0286), 'beauty_15_recall@20': tensor(0.0657), 'ndcg@20': tensor(0.0286), 'recall@20': tensor(0.0657), 'train_loss_0': tensor(0.5371, device='cuda:0')}
[2026-01-22 16:01:40] INFO training_time: 560.3677558898926
[2026-01-22 16:01:40] INFO inference_time: 12.792324542999268
[2026-01-22 16:02:13] INFO {'epoch': 17, 'beauty_15_ndcg@20': tensor(0.0289), 'beauty_15_recall@20': tensor(0.0654), 'ndcg@20': tensor(0.0289), 'recall@20': tensor(0.0654), 'train_loss_0': tensor(0.5306, device='cuda:0')}
[2026-01-22 16:02:13] INFO training_time: 592.1143124103546
[2026-01-22 16:02:13] INFO inference_time: 13.688328504562378
[2026-01-22 16:02:13] INFO ndcg@20 improved. Best value: 0.0289
[2026-01-22 16:02:13] INFO Best model checkpoint saved in saved/SASRec/noisy_15/2026-01-22-15-52-00-633585.ckpt.
[2026-01-22 16:02:45] INFO {'epoch': 18, 'beauty_15_ndcg@20': tensor(0.0282), 'beauty_15_recall@20': tensor(0.0658), 'ndcg@20': tensor(0.0282), 'recall@20': tensor(0.0658), 'train_loss_0': tensor(0.5240, device='cuda:0')}
[2026-01-22 16:02:45] INFO training_time: 624.0735492706299
[2026-01-22 16:02:45] INFO inference_time: 14.300264596939087
[2026-01-22 16:03:18] INFO {'epoch': 19, 'beauty_15_ndcg@20': tensor(0.0287), 'beauty_15_recall@20': tensor(0.0652), 'ndcg@20': tensor(0.0287), 'recall@20': tensor(0.0652), 'train_loss_0': tensor(0.5199, device='cuda:0')}
[2026-01-22 16:03:18] INFO training_time: 656.094244480133
[2026-01-22 16:03:18] INFO inference_time: 15.159324645996094
[2026-01-22 16:03:51] INFO {'epoch': 20, 'beauty_15_ndcg@20': tensor(0.0288), 'beauty_15_recall@20': tensor(0.0659), 'ndcg@20': tensor(0.0288), 'recall@20': tensor(0.0659), 'train_loss_0': tensor(0.5139, device='cuda:0')}
[2026-01-22 16:03:51] INFO training_time: 688.20294880867
[2026-01-22 16:03:51] INFO inference_time: 16.236908674240112
[2026-01-22 16:04:24] INFO {'epoch': 21, 'beauty_15_ndcg@20': tensor(0.0282), 'beauty_15_recall@20': tensor(0.0661), 'ndcg@20': tensor(0.0282), 'recall@20': tensor(0.0661), 'train_loss_0': tensor(0.5095, device='cuda:0')}
[2026-01-22 16:04:24] INFO training_time: 720.4726023674011
[2026-01-22 16:04:24] INFO inference_time: 16.953288793563843
[2026-01-22 16:04:57] INFO {'epoch': 22, 'beauty_15_ndcg@20': tensor(0.0284), 'beauty_15_recall@20': tensor(0.0663), 'ndcg@20': tensor(0.0284), 'recall@20': tensor(0.0663), 'train_loss_0': tensor(0.5066, device='cuda:0')}
[2026-01-22 16:04:57] INFO training_time: 752.4547204971313
[2026-01-22 16:04:57] INFO inference_time: 17.659877061843872
[2026-01-22 16:05:30] INFO {'epoch': 23, 'beauty_15_ndcg@20': tensor(0.0288), 'beauty_15_recall@20': tensor(0.0669), 'ndcg@20': tensor(0.0288), 'recall@20': tensor(0.0669), 'train_loss_0': tensor(0.5034, device='cuda:0')}
[2026-01-22 16:05:30] INFO training_time: 784.1873555183411
[2026-01-22 16:05:30] INFO inference_time: 18.53117036819458
[2026-01-22 16:06:02] INFO {'epoch': 24, 'beauty_15_ndcg@20': tensor(0.0290), 'beauty_15_recall@20': tensor(0.0672), 'ndcg@20': tensor(0.0290), 'recall@20': tensor(0.0672), 'train_loss_0': tensor(0.4997, device='cuda:0')}
[2026-01-22 16:06:02] INFO training_time: 815.8689591884613
[2026-01-22 16:06:02] INFO inference_time: 19.216877937316895
[2026-01-22 16:06:02] INFO ndcg@20 improved. Best value: 0.0290
[2026-01-22 16:06:02] INFO Best model checkpoint saved in saved/SASRec/noisy_15/2026-01-22-15-52-00-633585.ckpt.
[2026-01-22 16:06:35] INFO {'epoch': 25, 'beauty_15_ndcg@20': tensor(0.0287), 'beauty_15_recall@20': tensor(0.0669), 'ndcg@20': tensor(0.0287), 'recall@20': tensor(0.0669), 'train_loss_0': tensor(0.4983, device='cuda:0')}
[2026-01-22 16:06:35] INFO training_time: 847.8790452480316
[2026-01-22 16:06:35] INFO inference_time: 19.963417768478394
[2026-01-22 16:07:08] INFO {'epoch': 26, 'beauty_15_ndcg@20': tensor(0.0293), 'beauty_15_recall@20': tensor(0.0670), 'ndcg@20': tensor(0.0293), 'recall@20': tensor(0.0670), 'train_loss_0': tensor(0.4938, device='cuda:0')}
[2026-01-22 16:07:08] INFO training_time: 879.8471944332123
[2026-01-22 16:07:08] INFO inference_time: 20.78179669380188
[2026-01-22 16:07:08] INFO ndcg@20 improved. Best value: 0.0293
[2026-01-22 16:07:08] INFO Best model checkpoint saved in saved/SASRec/noisy_15/2026-01-22-15-52-00-633585.ckpt.
[2026-01-22 16:07:40] INFO {'epoch': 27, 'beauty_15_ndcg@20': tensor(0.0285), 'beauty_15_recall@20': tensor(0.0660), 'ndcg@20': tensor(0.0285), 'recall@20': tensor(0.0660), 'train_loss_0': tensor(0.4905, device='cuda:0')}
[2026-01-22 16:07:40] INFO training_time: 911.6929430961609
[2026-01-22 16:07:40] INFO inference_time: 21.55801248550415
[2026-01-22 16:08:13] INFO {'epoch': 28, 'beauty_15_ndcg@20': tensor(0.0286), 'beauty_15_recall@20': tensor(0.0664), 'ndcg@20': tensor(0.0286), 'recall@20': tensor(0.0664), 'train_loss_0': tensor(0.4851, device='cuda:0')}
[2026-01-22 16:08:13] INFO training_time: 943.6770944595337
[2026-01-22 16:08:13] INFO inference_time: 22.304176807403564
[2026-01-22 16:08:46] INFO {'epoch': 29, 'beauty_15_ndcg@20': tensor(0.0286), 'beauty_15_recall@20': tensor(0.0676), 'ndcg@20': tensor(0.0286), 'recall@20': tensor(0.0676), 'train_loss_0': tensor(0.4845, device='cuda:0')}
[2026-01-22 16:08:46] INFO training_time: 975.7213928699493
[2026-01-22 16:08:46] INFO inference_time: 23.125455141067505
[2026-01-22 16:09:19] INFO {'epoch': 30, 'beauty_15_ndcg@20': tensor(0.0296), 'beauty_15_recall@20': tensor(0.0686), 'ndcg@20': tensor(0.0296), 'recall@20': tensor(0.0686), 'train_loss_0': tensor(0.4814, device='cuda:0')}
[2026-01-22 16:09:19] INFO training_time: 1008.2880210876465
[2026-01-22 16:09:19] INFO inference_time: 23.902896404266357
[2026-01-22 16:09:19] INFO ndcg@20 improved. Best value: 0.0296
[2026-01-22 16:09:19] INFO Best model checkpoint saved in saved/SASRec/noisy_15/2026-01-22-15-52-00-633585.ckpt.
[2026-01-22 16:09:52] INFO {'epoch': 31, 'beauty_15_ndcg@20': tensor(0.0292), 'beauty_15_recall@20': tensor(0.0681), 'ndcg@20': tensor(0.0292), 'recall@20': tensor(0.0681), 'train_loss_0': tensor(0.4788, device='cuda:0')}
[2026-01-22 16:09:52] INFO training_time: 1040.1789047718048
[2026-01-22 16:09:52] INFO inference_time: 24.7158362865448
[2026-01-22 16:10:24] INFO {'epoch': 32, 'beauty_15_ndcg@20': tensor(0.0292), 'beauty_15_recall@20': tensor(0.0674), 'ndcg@20': tensor(0.0292), 'recall@20': tensor(0.0674), 'train_loss_0': tensor(0.4778, device='cuda:0')}
[2026-01-22 16:10:24] INFO training_time: 1071.8821952342987
[2026-01-22 16:10:24] INFO inference_time: 25.48654317855835
[2026-01-22 16:10:57] INFO {'epoch': 33, 'beauty_15_ndcg@20': tensor(0.0289), 'beauty_15_recall@20': tensor(0.0667), 'ndcg@20': tensor(0.0289), 'recall@20': tensor(0.0667), 'train_loss_0': tensor(0.4768, device='cuda:0')}
[2026-01-22 16:10:57] INFO training_time: 1103.9164445400238
[2026-01-22 16:10:57] INFO inference_time: 26.14281129837036
[2026-01-22 16:11:30] INFO {'epoch': 34, 'beauty_15_ndcg@20': tensor(0.0294), 'beauty_15_recall@20': tensor(0.0669), 'ndcg@20': tensor(0.0294), 'recall@20': tensor(0.0669), 'train_loss_0': tensor(0.4723, device='cuda:0')}
[2026-01-22 16:11:30] INFO training_time: 1136.299902677536
[2026-01-22 16:11:30] INFO inference_time: 26.812549352645874
[2026-01-22 16:12:03] INFO {'epoch': 35, 'beauty_15_ndcg@20': tensor(0.0294), 'beauty_15_recall@20': tensor(0.0680), 'ndcg@20': tensor(0.0294), 'recall@20': tensor(0.0680), 'train_loss_0': tensor(0.4711, device='cuda:0')}
[2026-01-22 16:12:03] INFO training_time: 1168.005702495575
[2026-01-22 16:12:03] INFO inference_time: 27.603272676467896
[2026-01-22 16:12:35] INFO {'epoch': 36, 'beauty_15_ndcg@20': tensor(0.0298), 'beauty_15_recall@20': tensor(0.0698), 'ndcg@20': tensor(0.0298), 'recall@20': tensor(0.0698), 'train_loss_0': tensor(0.4686, device='cuda:0')}
[2026-01-22 16:12:35] INFO training_time: 1199.9724900722504
[2026-01-22 16:12:35] INFO inference_time: 28.425617694854736
[2026-01-22 16:12:35] INFO ndcg@20 improved. Best value: 0.0298
[2026-01-22 16:12:35] INFO Best model checkpoint saved in saved/SASRec/noisy_15/2026-01-22-15-52-00-633585.ckpt.
[2026-01-22 16:13:08] INFO {'epoch': 37, 'beauty_15_ndcg@20': tensor(0.0299), 'beauty_15_recall@20': tensor(0.0698), 'ndcg@20': tensor(0.0299), 'recall@20': tensor(0.0698), 'train_loss_0': tensor(0.4663, device='cuda:0')}
[2026-01-22 16:13:08] INFO training_time: 1231.7081167697906
[2026-01-22 16:13:08] INFO inference_time: 29.17558193206787
[2026-01-22 16:13:08] INFO ndcg@20 improved. Best value: 0.0299
[2026-01-22 16:13:08] INFO Best model checkpoint saved in saved/SASRec/noisy_15/2026-01-22-15-52-00-633585.ckpt.
[2026-01-22 16:13:41] INFO {'epoch': 38, 'beauty_15_ndcg@20': tensor(0.0294), 'beauty_15_recall@20': tensor(0.0691), 'ndcg@20': tensor(0.0294), 'recall@20': tensor(0.0691), 'train_loss_0': tensor(0.4648, device='cuda:0')}
[2026-01-22 16:13:41] INFO training_time: 1263.8738059997559
[2026-01-22 16:13:41] INFO inference_time: 29.91815757751465
[2026-01-22 16:14:14] INFO {'epoch': 39, 'beauty_15_ndcg@20': tensor(0.0294), 'beauty_15_recall@20': tensor(0.0691), 'ndcg@20': tensor(0.0294), 'recall@20': tensor(0.0691), 'train_loss_0': tensor(0.4651, device='cuda:0')}
[2026-01-22 16:14:14] INFO training_time: 1296.084814786911
[2026-01-22 16:14:14] INFO inference_time: 30.592816591262817
[2026-01-22 16:14:47] INFO {'epoch': 40, 'beauty_15_ndcg@20': tensor(0.0294), 'beauty_15_recall@20': tensor(0.0692), 'ndcg@20': tensor(0.0294), 'recall@20': tensor(0.0692), 'train_loss_0': tensor(0.4610, device='cuda:0')}
[2026-01-22 16:14:47] INFO training_time: 1328.385523557663
[2026-01-22 16:14:47] INFO inference_time: 31.37370467185974
[2026-01-22 16:15:20] INFO {'epoch': 41, 'beauty_15_ndcg@20': tensor(0.0298), 'beauty_15_recall@20': tensor(0.0700), 'ndcg@20': tensor(0.0298), 'recall@20': tensor(0.0700), 'train_loss_0': tensor(0.4585, device='cuda:0')}
[2026-01-22 16:15:20] INFO training_time: 1360.416467666626
[2026-01-22 16:15:20] INFO inference_time: 32.101765155792236
[2026-01-22 16:15:53] INFO {'epoch': 42, 'beauty_15_ndcg@20': tensor(0.0299), 'beauty_15_recall@20': tensor(0.0703), 'ndcg@20': tensor(0.0299), 'recall@20': tensor(0.0703), 'train_loss_0': tensor(0.4573, device='cuda:0')}
[2026-01-22 16:15:53] INFO training_time: 1392.7662448883057
[2026-01-22 16:15:53] INFO inference_time: 32.9163544178009
[2026-01-22 16:15:53] INFO ndcg@20 improved. Best value: 0.0299
[2026-01-22 16:15:53] INFO Best model checkpoint saved in saved/SASRec/noisy_15/2026-01-22-15-52-00-633585.ckpt.
[2026-01-22 16:16:26] INFO {'epoch': 43, 'beauty_15_ndcg@20': tensor(0.0301), 'beauty_15_recall@20': tensor(0.0704), 'ndcg@20': tensor(0.0301), 'recall@20': tensor(0.0704), 'train_loss_0': tensor(0.4550, device='cuda:0')}
[2026-01-22 16:16:26] INFO training_time: 1424.7865920066833
[2026-01-22 16:16:26] INFO inference_time: 33.774441957473755
[2026-01-22 16:16:26] INFO ndcg@20 improved. Best value: 0.0301
[2026-01-22 16:16:26] INFO Best model checkpoint saved in saved/SASRec/noisy_15/2026-01-22-15-52-00-633585.ckpt.
[2026-01-22 16:16:59] INFO {'epoch': 44, 'beauty_15_ndcg@20': tensor(0.0295), 'beauty_15_recall@20': tensor(0.0688), 'ndcg@20': tensor(0.0295), 'recall@20': tensor(0.0688), 'train_loss_0': tensor(0.4549, device='cuda:0')}
[2026-01-22 16:16:59] INFO training_time: 1457.0599422454834
[2026-01-22 16:16:59] INFO inference_time: 34.40773034095764
[2026-01-22 16:17:32] INFO {'epoch': 45, 'beauty_15_ndcg@20': tensor(0.0297), 'beauty_15_recall@20': tensor(0.0696), 'ndcg@20': tensor(0.0297), 'recall@20': tensor(0.0696), 'train_loss_0': tensor(0.4536, device='cuda:0')}
[2026-01-22 16:17:32] INFO training_time: 1489.3164558410645
[2026-01-22 16:17:32] INFO inference_time: 35.12112379074097
[2026-01-22 16:18:04] INFO {'epoch': 46, 'beauty_15_ndcg@20': tensor(0.0293), 'beauty_15_recall@20': tensor(0.0683), 'ndcg@20': tensor(0.0293), 'recall@20': tensor(0.0683), 'train_loss_0': tensor(0.4525, device='cuda:0')}
[2026-01-22 16:18:04] INFO training_time: 1521.4295628070831
[2026-01-22 16:18:04] INFO inference_time: 35.808932065963745
[2026-01-22 16:18:37] INFO {'epoch': 47, 'beauty_15_ndcg@20': tensor(0.0306), 'beauty_15_recall@20': tensor(0.0712), 'ndcg@20': tensor(0.0306), 'recall@20': tensor(0.0712), 'train_loss_0': tensor(0.4509, device='cuda:0')}
[2026-01-22 16:18:37] INFO training_time: 1553.4838240146637
[2026-01-22 16:18:37] INFO inference_time: 36.582576274871826
[2026-01-22 16:18:37] INFO ndcg@20 improved. Best value: 0.0306
[2026-01-22 16:18:37] INFO Best model checkpoint saved in saved/SASRec/noisy_15/2026-01-22-15-52-00-633585.ckpt.
[2026-01-22 16:19:10] INFO {'epoch': 48, 'beauty_15_ndcg@20': tensor(0.0308), 'beauty_15_recall@20': tensor(0.0712), 'ndcg@20': tensor(0.0308), 'recall@20': tensor(0.0712), 'train_loss_0': tensor(0.4522, device='cuda:0')}
[2026-01-22 16:19:10] INFO training_time: 1585.43652677536
[2026-01-22 16:19:10] INFO inference_time: 37.229912757873535
[2026-01-22 16:19:10] INFO ndcg@20 improved. Best value: 0.0308
[2026-01-22 16:19:10] INFO Best model checkpoint saved in saved/SASRec/noisy_15/2026-01-22-15-52-00-633585.ckpt.
[2026-01-22 16:19:43] INFO {'epoch': 49, 'beauty_15_ndcg@20': tensor(0.0303), 'beauty_15_recall@20': tensor(0.0689), 'ndcg@20': tensor(0.0303), 'recall@20': tensor(0.0689), 'train_loss_0': tensor(0.4467, device='cuda:0')}
[2026-01-22 16:19:43] INFO training_time: 1617.5962023735046
[2026-01-22 16:19:43] INFO inference_time: 37.95310950279236
[2026-01-22 16:20:16] INFO {'epoch': 50, 'beauty_15_ndcg@20': tensor(0.0295), 'beauty_15_recall@20': tensor(0.0675), 'ndcg@20': tensor(0.0295), 'recall@20': tensor(0.0675), 'train_loss_0': tensor(0.4461, device='cuda:0')}
[2026-01-22 16:20:16] INFO training_time: 1649.5746262073517
[2026-01-22 16:20:16] INFO inference_time: 38.927391052246094
[2026-01-22 16:20:48] INFO {'epoch': 51, 'beauty_15_ndcg@20': tensor(0.0301), 'beauty_15_recall@20': tensor(0.0688), 'ndcg@20': tensor(0.0301), 'recall@20': tensor(0.0688), 'train_loss_0': tensor(0.4472, device='cuda:0')}
[2026-01-22 16:20:48] INFO training_time: 1681.562795639038
[2026-01-22 16:20:48] INFO inference_time: 39.66975808143616
[2026-01-22 16:21:21] INFO {'epoch': 52, 'beauty_15_ndcg@20': tensor(0.0308), 'beauty_15_recall@20': tensor(0.0700), 'ndcg@20': tensor(0.0308), 'recall@20': tensor(0.0700), 'train_loss_0': tensor(0.4464, device='cuda:0')}
[2026-01-22 16:21:21] INFO training_time: 1713.6837010383606
[2026-01-22 16:21:21] INFO inference_time: 40.385202407836914
[2026-01-22 16:21:21] INFO ndcg@20 improved. Best value: 0.0308
[2026-01-22 16:21:21] INFO Best model checkpoint saved in saved/SASRec/noisy_15/2026-01-22-15-52-00-633585.ckpt.
[2026-01-22 16:21:54] INFO {'epoch': 53, 'beauty_15_ndcg@20': tensor(0.0300), 'beauty_15_recall@20': tensor(0.0699), 'ndcg@20': tensor(0.0300), 'recall@20': tensor(0.0699), 'train_loss_0': tensor(0.4443, device='cuda:0')}
[2026-01-22 16:21:54] INFO training_time: 1746.2308905124664
[2026-01-22 16:21:54] INFO inference_time: 41.07381057739258
[2026-01-22 16:22:28] INFO {'epoch': 54, 'beauty_15_ndcg@20': tensor(0.0307), 'beauty_15_recall@20': tensor(0.0702), 'ndcg@20': tensor(0.0307), 'recall@20': tensor(0.0702), 'train_loss_0': tensor(0.4405, device='cuda:0')}
[2026-01-22 16:22:28] INFO training_time: 1778.9456837177277
[2026-01-22 16:22:28] INFO inference_time: 41.908931732177734
[2026-01-22 16:23:01] INFO {'epoch': 55, 'beauty_15_ndcg@20': tensor(0.0305), 'beauty_15_recall@20': tensor(0.0698), 'ndcg@20': tensor(0.0305), 'recall@20': tensor(0.0698), 'train_loss_0': tensor(0.4404, device='cuda:0')}
[2026-01-22 16:23:01] INFO training_time: 1811.0250675678253
[2026-01-22 16:23:01] INFO inference_time: 42.603185415267944
[2026-01-22 16:23:33] INFO {'epoch': 56, 'beauty_15_ndcg@20': tensor(0.0305), 'beauty_15_recall@20': tensor(0.0707), 'ndcg@20': tensor(0.0305), 'recall@20': tensor(0.0707), 'train_loss_0': tensor(0.4411, device='cuda:0')}
[2026-01-22 16:23:33] INFO training_time: 1842.827183008194
[2026-01-22 16:23:33] INFO inference_time: 43.23909878730774
[2026-01-22 16:24:06] INFO {'epoch': 57, 'beauty_15_ndcg@20': tensor(0.0304), 'beauty_15_recall@20': tensor(0.0705), 'ndcg@20': tensor(0.0304), 'recall@20': tensor(0.0705), 'train_loss_0': tensor(0.4371, device='cuda:0')}
[2026-01-22 16:24:06] INFO training_time: 1874.8279914855957
[2026-01-22 16:24:06] INFO inference_time: 43.86270618438721
[2026-01-22 16:24:39] INFO {'epoch': 58, 'beauty_15_ndcg@20': tensor(0.0308), 'beauty_15_recall@20': tensor(0.0707), 'ndcg@20': tensor(0.0308), 'recall@20': tensor(0.0707), 'train_loss_0': tensor(0.4360, device='cuda:0')}
[2026-01-22 16:24:39] INFO training_time: 1906.9917542934418
[2026-01-22 16:24:39] INFO inference_time: 44.60226511955261
[2026-01-22 16:25:12] INFO {'epoch': 59, 'beauty_15_ndcg@20': tensor(0.0305), 'beauty_15_recall@20': tensor(0.0696), 'ndcg@20': tensor(0.0305), 'recall@20': tensor(0.0696), 'train_loss_0': tensor(0.4382, device='cuda:0')}
[2026-01-22 16:25:12] INFO training_time: 1939.097660779953
[2026-01-22 16:25:12] INFO inference_time: 45.43371772766113
[2026-01-22 16:25:44] INFO {'epoch': 60, 'beauty_15_ndcg@20': tensor(0.0307), 'beauty_15_recall@20': tensor(0.0703), 'ndcg@20': tensor(0.0307), 'recall@20': tensor(0.0703), 'train_loss_0': tensor(0.4348, device='cuda:0')}
[2026-01-22 16:25:45] INFO training_time: 1970.8871433734894
[2026-01-22 16:25:45] INFO inference_time: 46.37923979759216
[2026-01-22 16:26:17] INFO {'epoch': 61, 'beauty_15_ndcg@20': tensor(0.0306), 'beauty_15_recall@20': tensor(0.0708), 'ndcg@20': tensor(0.0306), 'recall@20': tensor(0.0708), 'train_loss_0': tensor(0.4348, device='cuda:0')}
[2026-01-22 16:26:17] INFO training_time: 2002.8872718811035
[2026-01-22 16:26:17] INFO inference_time: 47.11042237281799
[2026-01-22 16:26:50] INFO {'epoch': 62, 'beauty_15_ndcg@20': tensor(0.0310), 'beauty_15_recall@20': tensor(0.0710), 'ndcg@20': tensor(0.0310), 'recall@20': tensor(0.0710), 'train_loss_0': tensor(0.4341, device='cuda:0')}
[2026-01-22 16:26:50] INFO training_time: 2034.5775921344757
[2026-01-22 16:26:50] INFO inference_time: 48.03370475769043
[2026-01-22 16:26:50] INFO ndcg@20 improved. Best value: 0.0310
[2026-01-22 16:26:50] INFO Best model checkpoint saved in saved/SASRec/noisy_15/2026-01-22-15-52-00-633585.ckpt.
[2026-01-22 16:27:23] INFO {'epoch': 63, 'beauty_15_ndcg@20': tensor(0.0310), 'beauty_15_recall@20': tensor(0.0709), 'ndcg@20': tensor(0.0310), 'recall@20': tensor(0.0709), 'train_loss_0': tensor(0.4304, device='cuda:0')}
[2026-01-22 16:27:23] INFO training_time: 2066.901941537857
[2026-01-22 16:27:23] INFO inference_time: 48.70528197288513
[2026-01-22 16:27:23] INFO ndcg@20 improved. Best value: 0.0310
[2026-01-22 16:27:23] INFO Best model checkpoint saved in saved/SASRec/noisy_15/2026-01-22-15-52-00-633585.ckpt.
[2026-01-22 16:27:56] INFO {'epoch': 64, 'beauty_15_ndcg@20': tensor(0.0304), 'beauty_15_recall@20': tensor(0.0697), 'ndcg@20': tensor(0.0304), 'recall@20': tensor(0.0697), 'train_loss_0': tensor(0.4332, device='cuda:0')}
[2026-01-22 16:27:56] INFO training_time: 2099.083420753479
[2026-01-22 16:27:56] INFO inference_time: 49.59559607505798
[2026-01-22 16:28:29] INFO {'epoch': 65, 'beauty_15_ndcg@20': tensor(0.0305), 'beauty_15_recall@20': tensor(0.0692), 'ndcg@20': tensor(0.0305), 'recall@20': tensor(0.0692), 'train_loss_0': tensor(0.4286, device='cuda:0')}
[2026-01-22 16:28:29] INFO training_time: 2131.143778324127
[2026-01-22 16:28:29] INFO inference_time: 50.3404266834259
[2026-01-22 16:29:02] INFO {'epoch': 66, 'beauty_15_ndcg@20': tensor(0.0307), 'beauty_15_recall@20': tensor(0.0706), 'ndcg@20': tensor(0.0307), 'recall@20': tensor(0.0706), 'train_loss_0': tensor(0.4301, device='cuda:0')}
[2026-01-22 16:29:02] INFO training_time: 2163.5452134609222
[2026-01-22 16:29:02] INFO inference_time: 51.20894384384155
[2026-01-22 16:29:35] INFO {'epoch': 67, 'beauty_15_ndcg@20': tensor(0.0314), 'beauty_15_recall@20': tensor(0.0709), 'ndcg@20': tensor(0.0314), 'recall@20': tensor(0.0709), 'train_loss_0': tensor(0.4272, device='cuda:0')}
[2026-01-22 16:29:35] INFO training_time: 2195.6616423130035
[2026-01-22 16:29:35] INFO inference_time: 51.82224941253662
[2026-01-22 16:29:35] INFO ndcg@20 improved. Best value: 0.0314
[2026-01-22 16:29:35] INFO Best model checkpoint saved in saved/SASRec/noisy_15/2026-01-22-15-52-00-633585.ckpt.
[2026-01-22 16:30:08] INFO {'epoch': 68, 'beauty_15_ndcg@20': tensor(0.0306), 'beauty_15_recall@20': tensor(0.0697), 'ndcg@20': tensor(0.0306), 'recall@20': tensor(0.0697), 'train_loss_0': tensor(0.4285, device='cuda:0')}
[2026-01-22 16:30:08] INFO training_time: 2227.5795438289642
[2026-01-22 16:30:08] INFO inference_time: 52.84767556190491
[2026-01-22 16:30:41] INFO {'epoch': 69, 'beauty_15_ndcg@20': tensor(0.0314), 'beauty_15_recall@20': tensor(0.0727), 'ndcg@20': tensor(0.0314), 'recall@20': tensor(0.0727), 'train_loss_0': tensor(0.4279, device='cuda:0')}
[2026-01-22 16:30:41] INFO training_time: 2259.8627150058746
[2026-01-22 16:30:41] INFO inference_time: 53.839250326156616
[2026-01-22 16:30:41] INFO ndcg@20 improved. Best value: 0.0314
[2026-01-22 16:30:41] INFO Best model checkpoint saved in saved/SASRec/noisy_15/2026-01-22-15-52-00-633585.ckpt.
[2026-01-22 16:31:14] INFO {'epoch': 70, 'beauty_15_ndcg@20': tensor(0.0301), 'beauty_15_recall@20': tensor(0.0696), 'ndcg@20': tensor(0.0301), 'recall@20': tensor(0.0696), 'train_loss_0': tensor(0.4242, device='cuda:0')}
[2026-01-22 16:31:14] INFO training_time: 2291.599062204361
[2026-01-22 16:31:14] INFO inference_time: 54.764283418655396
[2026-01-22 16:31:47] INFO {'epoch': 71, 'beauty_15_ndcg@20': tensor(0.0310), 'beauty_15_recall@20': tensor(0.0721), 'ndcg@20': tensor(0.0310), 'recall@20': tensor(0.0721), 'train_loss_0': tensor(0.4228, device='cuda:0')}
[2026-01-22 16:31:47] INFO training_time: 2323.9256842136383
[2026-01-22 16:31:47] INFO inference_time: 55.553128719329834
[2026-01-22 16:32:18] INFO {'epoch': 72, 'beauty_15_ndcg@20': tensor(0.0305), 'beauty_15_recall@20': tensor(0.0703), 'ndcg@20': tensor(0.0305), 'recall@20': tensor(0.0703), 'train_loss_0': tensor(0.4273, device='cuda:0')}
[2026-01-22 16:32:18] INFO training_time: 2353.6443033218384
[2026-01-22 16:32:18] INFO inference_time: 56.54122471809387
[2026-01-22 16:32:44] INFO {'epoch': 73, 'beauty_15_ndcg@20': tensor(0.0311), 'beauty_15_recall@20': tensor(0.0719), 'ndcg@20': tensor(0.0311), 'recall@20': tensor(0.0719), 'train_loss_0': tensor(0.4215, device='cuda:0')}
[2026-01-22 16:32:44] INFO training_time: 2379.6187949180603
[2026-01-22 16:32:44] INFO inference_time: 57.42275857925415
[2026-01-22 16:33:11] INFO {'epoch': 74, 'beauty_15_ndcg@20': tensor(0.0307), 'beauty_15_recall@20': tensor(0.0714), 'ndcg@20': tensor(0.0307), 'recall@20': tensor(0.0714), 'train_loss_0': tensor(0.4217, device='cuda:0')}
[2026-01-22 16:33:11] INFO training_time: 2405.340457201004
[2026-01-22 16:33:11] INFO inference_time: 58.17200255393982
[2026-01-22 16:33:37] INFO {'epoch': 75, 'beauty_15_ndcg@20': tensor(0.0302), 'beauty_15_recall@20': tensor(0.0702), 'ndcg@20': tensor(0.0302), 'recall@20': tensor(0.0702), 'train_loss_0': tensor(0.4218, device='cuda:0')}
[2026-01-22 16:33:37] INFO training_time: 2431.1853532791138
[2026-01-22 16:33:37] INFO inference_time: 58.90194129943848
[2026-01-22 16:34:04] INFO {'epoch': 76, 'beauty_15_ndcg@20': tensor(0.0313), 'beauty_15_recall@20': tensor(0.0719), 'ndcg@20': tensor(0.0313), 'recall@20': tensor(0.0719), 'train_loss_0': tensor(0.4236, device='cuda:0')}
[2026-01-22 16:34:04] INFO training_time: 2457.1500840187073
[2026-01-22 16:34:04] INFO inference_time: 59.62134861946106
[2026-01-22 16:34:31] INFO {'epoch': 77, 'beauty_15_ndcg@20': tensor(0.0304), 'beauty_15_recall@20': tensor(0.0715), 'ndcg@20': tensor(0.0304), 'recall@20': tensor(0.0715), 'train_loss_0': tensor(0.4210, device='cuda:0')}
[2026-01-22 16:34:31] INFO training_time: 2483.208436012268
[2026-01-22 16:34:31] INFO inference_time: 60.2270245552063
[2026-01-22 16:34:57] INFO {'epoch': 78, 'beauty_15_ndcg@20': tensor(0.0308), 'beauty_15_recall@20': tensor(0.0709), 'ndcg@20': tensor(0.0308), 'recall@20': tensor(0.0709), 'train_loss_0': tensor(0.4208, device='cuda:0')}
[2026-01-22 16:34:57] INFO training_time: 2508.6556215286255
[2026-01-22 16:34:57] INFO inference_time: 60.84922480583191
[2026-01-22 16:35:23] INFO {'epoch': 79, 'beauty_15_ndcg@20': tensor(0.0311), 'beauty_15_recall@20': tensor(0.0707), 'ndcg@20': tensor(0.0311), 'recall@20': tensor(0.0707), 'train_loss_0': tensor(0.4215, device='cuda:0')}
[2026-01-22 16:35:23] INFO training_time: 2534.423309803009
[2026-01-22 16:35:23] INFO inference_time: 61.51866841316223
[2026-01-22 16:35:50] INFO {'epoch': 80, 'beauty_15_ndcg@20': tensor(0.0308), 'beauty_15_recall@20': tensor(0.0719), 'ndcg@20': tensor(0.0308), 'recall@20': tensor(0.0719), 'train_loss_0': tensor(0.4187, device='cuda:0')}
[2026-01-22 16:35:50] INFO training_time: 2560.181618452072
[2026-01-22 16:35:50] INFO inference_time: 62.359658002853394
[2026-01-22 16:36:16] INFO {'epoch': 81, 'beauty_15_ndcg@20': tensor(0.0311), 'beauty_15_recall@20': tensor(0.0715), 'ndcg@20': tensor(0.0311), 'recall@20': tensor(0.0715), 'train_loss_0': tensor(0.4175, device='cuda:0')}
[2026-01-22 16:36:16] INFO training_time: 2586.030276298523
[2026-01-22 16:36:16] INFO inference_time: 62.983731508255005
[2026-01-22 16:36:43] INFO {'epoch': 82, 'beauty_15_ndcg@20': tensor(0.0308), 'beauty_15_recall@20': tensor(0.0707), 'ndcg@20': tensor(0.0308), 'recall@20': tensor(0.0707), 'train_loss_0': tensor(0.4184, device='cuda:0')}
[2026-01-22 16:36:43] INFO training_time: 2611.964149236679
[2026-01-22 16:36:43] INFO inference_time: 63.81396436691284
[2026-01-22 16:37:09] INFO {'epoch': 83, 'beauty_15_ndcg@20': tensor(0.0310), 'beauty_15_recall@20': tensor(0.0707), 'ndcg@20': tensor(0.0310), 'recall@20': tensor(0.0707), 'train_loss_0': tensor(0.4155, device='cuda:0')}
[2026-01-22 16:37:09] INFO training_time: 2637.5449414253235
[2026-01-22 16:37:09] INFO inference_time: 64.48378562927246
[2026-01-22 16:37:36] INFO {'epoch': 84, 'beauty_15_ndcg@20': tensor(0.0307), 'beauty_15_recall@20': tensor(0.0714), 'ndcg@20': tensor(0.0307), 'recall@20': tensor(0.0714), 'train_loss_0': tensor(0.4182, device='cuda:0')}
[2026-01-22 16:37:36] INFO training_time: 2663.205697774887
[2026-01-22 16:37:36] INFO inference_time: 65.09289288520813
[2026-01-22 16:38:02] INFO {'epoch': 85, 'beauty_15_ndcg@20': tensor(0.0312), 'beauty_15_recall@20': tensor(0.0717), 'ndcg@20': tensor(0.0312), 'recall@20': tensor(0.0717), 'train_loss_0': tensor(0.4165, device='cuda:0')}
[2026-01-22 16:38:02] INFO training_time: 2689.144304037094
[2026-01-22 16:38:02] INFO inference_time: 65.86139726638794
[2026-01-22 16:38:29] INFO {'epoch': 86, 'beauty_15_ndcg@20': tensor(0.0307), 'beauty_15_recall@20': tensor(0.0710), 'ndcg@20': tensor(0.0307), 'recall@20': tensor(0.0710), 'train_loss_0': tensor(0.4150, device='cuda:0')}
[2026-01-22 16:38:29] INFO training_time: 2715.337960958481
[2026-01-22 16:38:29] INFO inference_time: 66.52411770820618
[2026-01-22 16:38:56] INFO {'epoch': 87, 'beauty_15_ndcg@20': tensor(0.0313), 'beauty_15_recall@20': tensor(0.0707), 'ndcg@20': tensor(0.0313), 'recall@20': tensor(0.0707), 'train_loss_0': tensor(0.4142, device='cuda:0')}
[2026-01-22 16:38:56] INFO training_time: 2741.131868124008
[2026-01-22 16:38:56] INFO inference_time: 67.33964562416077
[2026-01-22 16:39:23] INFO {'epoch': 88, 'beauty_15_ndcg@20': tensor(0.0310), 'beauty_15_recall@20': tensor(0.0708), 'ndcg@20': tensor(0.0310), 'recall@20': tensor(0.0708), 'train_loss_0': tensor(0.4126, device='cuda:0')}
[2026-01-22 16:39:23] INFO training_time: 2767.0906937122345
[2026-01-22 16:39:23] INFO inference_time: 68.00926566123962
[2026-01-22 16:39:49] INFO {'epoch': 89, 'beauty_15_ndcg@20': tensor(0.0311), 'beauty_15_recall@20': tensor(0.0724), 'ndcg@20': tensor(0.0311), 'recall@20': tensor(0.0724), 'train_loss_0': tensor(0.4122, device='cuda:0')}
[2026-01-22 16:39:49] INFO training_time: 2793.2484669685364
[2026-01-22 16:39:49] INFO inference_time: 68.647873878479
[2026-01-22 16:39:49] INFO Early stopped. Since the metric ndcg@20 haven't been improved for 20 epochs.
[2026-01-22 16:39:49] INFO The best score of ndcg@20 is 0.0314 on epoch 69
[2026-01-22 16:39:49] INFO Best model checkpoint saved in saved/SASRec/noisy_15/2026-01-22-15-52-00-633585.ckpt.
[2026-01-22 16:39:51] INFO defaultdict(<class 'float'>, {'beauty_15_ndcg@20': tensor(0.0244), 'beauty_15_recall@20': tensor(0.0565), 'beauty_15_ndcg@10': tensor(0.0195), 'beauty_15_recall@10': tensor(0.0371), 'ndcg@20': tensor(0.0244), 'recall@20': tensor(0.0565), 'ndcg@10': tensor(0.0195), 'recall@10': tensor(0.0371)})
