[2026-02-06 11:20:15] INFO PID of this process: 2959229
[2026-02-06 11:20:20] INFO {'model': {'embed_dim': 64, 'loss_fn': 'bce', 'hidden_size': 128, 'layer_num': 2, 'head_num': 2, 'dropout_rate': 0.5, 'activation': 'gelu', 'layer_norm_eps': 1e-12, 'model': 'SASRec'}, 'data': {'domain_name_list': ['beauty_15'], 'user_threshold': 5, 'item_threshold': 5, 'max_seq_len': 50, 'dataset_class': 'general', 'train_file': '_ori', 'dataset': 'noisy_15'}, 'train': {'batch_size': 256, 'early_stop_mode': 'max', 'early_stop_patience': 20, 'epochs': 1000, 'device': 'cuda', 'optimizer': 'adam', 'learning_rate': 0.001, 'weight_decay': 0, 'num_neg': 1, 'seed': 2026}, 'eval': {'batch_size': 2048, 'cutoff': [20, 10], 'val_metrics': ['ndcg', 'recall'], 'test_metrics': ['ndcg', 'recall'], 'topk': 100, 'save_path': './saved/'}}
[2026-02-06 11:20:20] INFO <data.dataset.SeparateDataset object at 0x7f91eabb71f0>
[2026-02-06 11:20:20] INFO save_dir:saved
[2026-02-06 11:20:20] INFO SASRec(
  (item_embedding): Embedding(12102, 64, padding_idx=0)
  (query_encoder): SASRecQueryEncoder(
    (item_encoder): Embedding(12102, 64, padding_idx=0)
    (position_emb): Embedding(50, 64)
    (transformer_layer): TransformerEncoder(
      (layers): ModuleList(
        (0): TransformerEncoderLayer(
          (self_attn): MultiheadAttention(
            (out_proj): NonDynamicallyQuantizableLinear(in_features=64, out_features=64, bias=True)
          )
          (linear1): Linear(in_features=64, out_features=128, bias=True)
          (dropout): Dropout(p=0.5, inplace=False)
          (linear2): Linear(in_features=128, out_features=64, bias=True)
          (norm1): LayerNorm((64,), eps=1e-12, elementwise_affine=True)
          (norm2): LayerNorm((64,), eps=1e-12, elementwise_affine=True)
          (dropout1): Dropout(p=0.5, inplace=False)
          (dropout2): Dropout(p=0.5, inplace=False)
        )
        (1): TransformerEncoderLayer(
          (self_attn): MultiheadAttention(
            (out_proj): NonDynamicallyQuantizableLinear(in_features=64, out_features=64, bias=True)
          )
          (linear1): Linear(in_features=64, out_features=128, bias=True)
          (dropout): Dropout(p=0.5, inplace=False)
          (linear2): Linear(in_features=128, out_features=64, bias=True)
          (norm1): LayerNorm((64,), eps=1e-12, elementwise_affine=True)
          (norm2): LayerNorm((64,), eps=1e-12, elementwise_affine=True)
          (dropout1): Dropout(p=0.5, inplace=False)
          (dropout2): Dropout(p=0.5, inplace=False)
        )
      )
    )
    (dropout): Dropout(p=0.5, inplace=False)
    (training_pooling_layer): SeqPoolingLayer()
    (eval_pooling_layer): SeqPoolingLayer()
  )
  (loss_fn): BinaryCrossEntropyLoss()
)
[2026-02-06 11:20:40] INFO {'epoch': 0, 'beauty_15_ndcg@20': tensor(0.0083), 'beauty_15_recall@20': tensor(0.0202), 'ndcg@20': tensor(0.0083), 'recall@20': tensor(0.0202), 'train_loss_0': tensor(1.3328, device='cuda:0')}
[2026-02-06 11:20:40] INFO training_time: 18.986390829086304
[2026-02-06 11:20:40] INFO inference_time: 1.231130599975586
[2026-02-06 11:20:40] INFO ndcg@20 improved. Best value: 0.0083
[2026-02-06 11:20:40] INFO Best model checkpoint saved in saved/SASRec/noisy_15/2026-02-06-11-20-15-874160.ckpt.
[2026-02-06 11:20:58] INFO {'epoch': 1, 'beauty_15_ndcg@20': tensor(0.0085), 'beauty_15_recall@20': tensor(0.0211), 'ndcg@20': tensor(0.0085), 'recall@20': tensor(0.0211), 'train_loss_0': tensor(1.2307, device='cuda:0')}
[2026-02-06 11:20:58] INFO training_time: 36.239598512649536
[2026-02-06 11:20:58] INFO inference_time: 2.1041574478149414
[2026-02-06 11:20:58] INFO ndcg@20 improved. Best value: 0.0085
[2026-02-06 11:20:58] INFO Best model checkpoint saved in saved/SASRec/noisy_15/2026-02-06-11-20-15-874160.ckpt.
[2026-02-06 11:21:17] INFO {'epoch': 2, 'beauty_15_ndcg@20': tensor(0.0092), 'beauty_15_recall@20': tensor(0.0225), 'ndcg@20': tensor(0.0092), 'recall@20': tensor(0.0225), 'train_loss_0': tensor(1.1847, device='cuda:0')}
[2026-02-06 11:21:17] INFO training_time: 53.5665717124939
[2026-02-06 11:21:17] INFO inference_time: 2.9936606884002686
[2026-02-06 11:21:17] INFO ndcg@20 improved. Best value: 0.0092
[2026-02-06 11:21:17] INFO Best model checkpoint saved in saved/SASRec/noisy_15/2026-02-06-11-20-15-874160.ckpt.
[2026-02-06 11:21:35] INFO {'epoch': 3, 'beauty_15_ndcg@20': tensor(0.0110), 'beauty_15_recall@20': tensor(0.0271), 'ndcg@20': tensor(0.0110), 'recall@20': tensor(0.0271), 'train_loss_0': tensor(1.1361, device='cuda:0')}
[2026-02-06 11:21:35] INFO training_time: 70.98698043823242
[2026-02-06 11:21:35] INFO inference_time: 3.8448548316955566
[2026-02-06 11:21:35] INFO ndcg@20 improved. Best value: 0.0110
[2026-02-06 11:21:35] INFO Best model checkpoint saved in saved/SASRec/noisy_15/2026-02-06-11-20-15-874160.ckpt.
[2026-02-06 11:21:53] INFO {'epoch': 4, 'beauty_15_ndcg@20': tensor(0.0114), 'beauty_15_recall@20': tensor(0.0283), 'ndcg@20': tensor(0.0114), 'recall@20': tensor(0.0283), 'train_loss_0': tensor(1.0944, device='cuda:0')}
[2026-02-06 11:21:53] INFO training_time: 88.26557803153992
[2026-02-06 11:21:53] INFO inference_time: 4.750070810317993
[2026-02-06 11:21:53] INFO ndcg@20 improved. Best value: 0.0114
[2026-02-06 11:21:53] INFO Best model checkpoint saved in saved/SASRec/noisy_15/2026-02-06-11-20-15-874160.ckpt.
[2026-02-06 11:22:11] INFO {'epoch': 5, 'beauty_15_ndcg@20': tensor(0.0127), 'beauty_15_recall@20': tensor(0.0308), 'ndcg@20': tensor(0.0127), 'recall@20': tensor(0.0308), 'train_loss_0': tensor(1.0535, device='cuda:0')}
[2026-02-06 11:22:11] INFO training_time: 105.61284589767456
[2026-02-06 11:22:11] INFO inference_time: 5.671158075332642
[2026-02-06 11:22:11] INFO ndcg@20 improved. Best value: 0.0127
[2026-02-06 11:22:11] INFO Best model checkpoint saved in saved/SASRec/noisy_15/2026-02-06-11-20-15-874160.ckpt.
[2026-02-06 11:22:29] INFO {'epoch': 6, 'beauty_15_ndcg@20': tensor(0.0127), 'beauty_15_recall@20': tensor(0.0319), 'ndcg@20': tensor(0.0127), 'recall@20': tensor(0.0319), 'train_loss_0': tensor(1.0173, device='cuda:0')}
[2026-02-06 11:22:30] INFO training_time: 122.82361006736755
[2026-02-06 11:22:30] INFO inference_time: 6.535999774932861
[2026-02-06 11:22:47] INFO {'epoch': 7, 'beauty_15_ndcg@20': tensor(0.0142), 'beauty_15_recall@20': tensor(0.0365), 'ndcg@20': tensor(0.0142), 'recall@20': tensor(0.0365), 'train_loss_0': tensor(0.9771, device='cuda:0')}
[2026-02-06 11:22:47] INFO training_time: 139.86126327514648
[2026-02-06 11:22:47] INFO inference_time: 7.305566310882568
[2026-02-06 11:22:47] INFO ndcg@20 improved. Best value: 0.0142
[2026-02-06 11:22:47] INFO Best model checkpoint saved in saved/SASRec/noisy_15/2026-02-06-11-20-15-874160.ckpt.
[2026-02-06 11:23:05] INFO {'epoch': 8, 'beauty_15_ndcg@20': tensor(0.0148), 'beauty_15_recall@20': tensor(0.0370), 'ndcg@20': tensor(0.0148), 'recall@20': tensor(0.0370), 'train_loss_0': tensor(0.9428, device='cuda:0')}
[2026-02-06 11:23:05] INFO training_time: 157.10946226119995
[2026-02-06 11:23:05] INFO inference_time: 8.112818479537964
[2026-02-06 11:23:05] INFO ndcg@20 improved. Best value: 0.0148
[2026-02-06 11:23:05] INFO Best model checkpoint saved in saved/SASRec/noisy_15/2026-02-06-11-20-15-874160.ckpt.
[2026-02-06 11:23:23] INFO {'epoch': 9, 'beauty_15_ndcg@20': tensor(0.0159), 'beauty_15_recall@20': tensor(0.0398), 'ndcg@20': tensor(0.0159), 'recall@20': tensor(0.0398), 'train_loss_0': tensor(0.9094, device='cuda:0')}
[2026-02-06 11:23:23] INFO training_time: 174.27682733535767
[2026-02-06 11:23:23] INFO inference_time: 8.980045795440674
[2026-02-06 11:23:23] INFO ndcg@20 improved. Best value: 0.0159
[2026-02-06 11:23:23] INFO Best model checkpoint saved in saved/SASRec/noisy_15/2026-02-06-11-20-15-874160.ckpt.
[2026-02-06 11:23:42] INFO {'epoch': 10, 'beauty_15_ndcg@20': tensor(0.0170), 'beauty_15_recall@20': tensor(0.0440), 'ndcg@20': tensor(0.0170), 'recall@20': tensor(0.0440), 'train_loss_0': tensor(0.8773, device='cuda:0')}
[2026-02-06 11:23:42] INFO training_time: 191.52311086654663
[2026-02-06 11:23:42] INFO inference_time: 10.332534551620483
[2026-02-06 11:23:42] INFO ndcg@20 improved. Best value: 0.0170
[2026-02-06 11:23:42] INFO Best model checkpoint saved in saved/SASRec/noisy_15/2026-02-06-11-20-15-874160.ckpt.
[2026-02-06 11:24:00] INFO {'epoch': 11, 'beauty_15_ndcg@20': tensor(0.0175), 'beauty_15_recall@20': tensor(0.0437), 'ndcg@20': tensor(0.0175), 'recall@20': tensor(0.0437), 'train_loss_0': tensor(0.8477, device='cuda:0')}
[2026-02-06 11:24:00] INFO training_time: 208.77726316452026
[2026-02-06 11:24:00] INFO inference_time: 11.216763019561768
[2026-02-06 11:24:00] INFO ndcg@20 improved. Best value: 0.0175
[2026-02-06 11:24:00] INFO Best model checkpoint saved in saved/SASRec/noisy_15/2026-02-06-11-20-15-874160.ckpt.
[2026-02-06 11:24:19] INFO {'epoch': 12, 'beauty_15_ndcg@20': tensor(0.0183), 'beauty_15_recall@20': tensor(0.0461), 'ndcg@20': tensor(0.0183), 'recall@20': tensor(0.0461), 'train_loss_0': tensor(0.8188, device='cuda:0')}
[2026-02-06 11:24:19] INFO training_time: 226.09532570838928
[2026-02-06 11:24:19] INFO inference_time: 12.177174806594849
[2026-02-06 11:24:19] INFO ndcg@20 improved. Best value: 0.0183
[2026-02-06 11:24:19] INFO Best model checkpoint saved in saved/SASRec/noisy_15/2026-02-06-11-20-15-874160.ckpt.
[2026-02-06 11:24:37] INFO {'epoch': 13, 'beauty_15_ndcg@20': tensor(0.0209), 'beauty_15_recall@20': tensor(0.0506), 'ndcg@20': tensor(0.0209), 'recall@20': tensor(0.0506), 'train_loss_0': tensor(0.7950, device='cuda:0')}
[2026-02-06 11:24:37] INFO training_time: 243.40535140037537
[2026-02-06 11:24:37] INFO inference_time: 13.076570749282837
[2026-02-06 11:24:37] INFO ndcg@20 improved. Best value: 0.0209
[2026-02-06 11:24:37] INFO Best model checkpoint saved in saved/SASRec/noisy_15/2026-02-06-11-20-15-874160.ckpt.
[2026-02-06 11:24:55] INFO {'epoch': 14, 'beauty_15_ndcg@20': tensor(0.0216), 'beauty_15_recall@20': tensor(0.0526), 'ndcg@20': tensor(0.0216), 'recall@20': tensor(0.0526), 'train_loss_0': tensor(0.7694, device='cuda:0')}
[2026-02-06 11:24:55] INFO training_time: 260.7816700935364
[2026-02-06 11:24:55] INFO inference_time: 14.031564474105835
[2026-02-06 11:24:55] INFO ndcg@20 improved. Best value: 0.0216
[2026-02-06 11:24:55] INFO Best model checkpoint saved in saved/SASRec/noisy_15/2026-02-06-11-20-15-874160.ckpt.
[2026-02-06 11:25:13] INFO {'epoch': 15, 'beauty_15_ndcg@20': tensor(0.0216), 'beauty_15_recall@20': tensor(0.0526), 'ndcg@20': tensor(0.0216), 'recall@20': tensor(0.0526), 'train_loss_0': tensor(0.7474, device='cuda:0')}
[2026-02-06 11:25:13] INFO training_time: 278.055584192276
[2026-02-06 11:25:13] INFO inference_time: 14.855675458908081
[2026-02-06 11:25:31] INFO {'epoch': 16, 'beauty_15_ndcg@20': tensor(0.0227), 'beauty_15_recall@20': tensor(0.0540), 'ndcg@20': tensor(0.0227), 'recall@20': tensor(0.0540), 'train_loss_0': tensor(0.7222, device='cuda:0')}
[2026-02-06 11:25:31] INFO training_time: 295.19472098350525
[2026-02-06 11:25:31] INFO inference_time: 15.673638820648193
[2026-02-06 11:25:31] INFO ndcg@20 improved. Best value: 0.0227
[2026-02-06 11:25:31] INFO Best model checkpoint saved in saved/SASRec/noisy_15/2026-02-06-11-20-15-874160.ckpt.
[2026-02-06 11:25:49] INFO {'epoch': 17, 'beauty_15_ndcg@20': tensor(0.0232), 'beauty_15_recall@20': tensor(0.0550), 'ndcg@20': tensor(0.0232), 'recall@20': tensor(0.0550), 'train_loss_0': tensor(0.7057, device='cuda:0')}
[2026-02-06 11:25:49] INFO training_time: 312.32595562934875
[2026-02-06 11:25:49] INFO inference_time: 16.528273344039917
[2026-02-06 11:25:49] INFO ndcg@20 improved. Best value: 0.0232
[2026-02-06 11:25:49] INFO Best model checkpoint saved in saved/SASRec/noisy_15/2026-02-06-11-20-15-874160.ckpt.
[2026-02-06 11:26:08] INFO {'epoch': 18, 'beauty_15_ndcg@20': tensor(0.0227), 'beauty_15_recall@20': tensor(0.0546), 'ndcg@20': tensor(0.0227), 'recall@20': tensor(0.0546), 'train_loss_0': tensor(0.6910, device='cuda:0')}
[2026-02-06 11:26:08] INFO training_time: 329.77774691581726
[2026-02-06 11:26:08] INFO inference_time: 17.42003107070923
[2026-02-06 11:26:26] INFO {'epoch': 19, 'beauty_15_ndcg@20': tensor(0.0243), 'beauty_15_recall@20': tensor(0.0566), 'ndcg@20': tensor(0.0243), 'recall@20': tensor(0.0566), 'train_loss_0': tensor(0.6753, device='cuda:0')}
[2026-02-06 11:26:26] INFO training_time: 347.0418519973755
[2026-02-06 11:26:26] INFO inference_time: 18.214219570159912
[2026-02-06 11:26:26] INFO ndcg@20 improved. Best value: 0.0243
[2026-02-06 11:26:26] INFO Best model checkpoint saved in saved/SASRec/noisy_15/2026-02-06-11-20-15-874160.ckpt.
[2026-02-06 11:26:44] INFO {'epoch': 20, 'beauty_15_ndcg@20': tensor(0.0239), 'beauty_15_recall@20': tensor(0.0567), 'ndcg@20': tensor(0.0239), 'recall@20': tensor(0.0567), 'train_loss_0': tensor(0.6589, device='cuda:0')}
[2026-02-06 11:26:44] INFO training_time: 364.27613973617554
[2026-02-06 11:26:44] INFO inference_time: 19.25282120704651
[2026-02-06 11:27:02] INFO {'epoch': 21, 'beauty_15_ndcg@20': tensor(0.0246), 'beauty_15_recall@20': tensor(0.0580), 'ndcg@20': tensor(0.0246), 'recall@20': tensor(0.0580), 'train_loss_0': tensor(0.6463, device='cuda:0')}
[2026-02-06 11:27:02] INFO training_time: 381.43129229545593
[2026-02-06 11:27:02] INFO inference_time: 20.043111562728882
[2026-02-06 11:27:02] INFO ndcg@20 improved. Best value: 0.0246
[2026-02-06 11:27:02] INFO Best model checkpoint saved in saved/SASRec/noisy_15/2026-02-06-11-20-15-874160.ckpt.
[2026-02-06 11:27:20] INFO {'epoch': 22, 'beauty_15_ndcg@20': tensor(0.0240), 'beauty_15_recall@20': tensor(0.0569), 'ndcg@20': tensor(0.0240), 'recall@20': tensor(0.0569), 'train_loss_0': tensor(0.6333, device='cuda:0')}
[2026-02-06 11:27:20] INFO training_time: 398.5461986064911
[2026-02-06 11:27:20] INFO inference_time: 20.949622631072998
[2026-02-06 11:27:38] INFO {'epoch': 23, 'beauty_15_ndcg@20': tensor(0.0244), 'beauty_15_recall@20': tensor(0.0573), 'ndcg@20': tensor(0.0244), 'recall@20': tensor(0.0573), 'train_loss_0': tensor(0.6260, device='cuda:0')}
[2026-02-06 11:27:38] INFO training_time: 415.6637530326843
[2026-02-06 11:27:38] INFO inference_time: 21.720535039901733
[2026-02-06 11:27:56] INFO {'epoch': 24, 'beauty_15_ndcg@20': tensor(0.0250), 'beauty_15_recall@20': tensor(0.0592), 'ndcg@20': tensor(0.0250), 'recall@20': tensor(0.0592), 'train_loss_0': tensor(0.6117, device='cuda:0')}
[2026-02-06 11:27:56] INFO training_time: 432.8932659626007
[2026-02-06 11:27:56] INFO inference_time: 22.643603563308716
[2026-02-06 11:27:56] INFO ndcg@20 improved. Best value: 0.0250
[2026-02-06 11:27:56] INFO Best model checkpoint saved in saved/SASRec/noisy_15/2026-02-06-11-20-15-874160.ckpt.
[2026-02-06 11:28:14] INFO {'epoch': 25, 'beauty_15_ndcg@20': tensor(0.0247), 'beauty_15_recall@20': tensor(0.0592), 'ndcg@20': tensor(0.0247), 'recall@20': tensor(0.0592), 'train_loss_0': tensor(0.6086, device='cuda:0')}
[2026-02-06 11:28:14] INFO training_time: 450.16147446632385
[2026-02-06 11:28:14] INFO inference_time: 23.535699129104614
[2026-02-06 11:28:32] INFO {'epoch': 26, 'beauty_15_ndcg@20': tensor(0.0255), 'beauty_15_recall@20': tensor(0.0603), 'ndcg@20': tensor(0.0255), 'recall@20': tensor(0.0603), 'train_loss_0': tensor(0.5970, device='cuda:0')}
[2026-02-06 11:28:32] INFO training_time: 467.3490307331085
[2026-02-06 11:28:32] INFO inference_time: 24.31149983406067
[2026-02-06 11:28:32] INFO ndcg@20 improved. Best value: 0.0255
[2026-02-06 11:28:32] INFO Best model checkpoint saved in saved/SASRec/noisy_15/2026-02-06-11-20-15-874160.ckpt.
[2026-02-06 11:28:50] INFO {'epoch': 27, 'beauty_15_ndcg@20': tensor(0.0256), 'beauty_15_recall@20': tensor(0.0606), 'ndcg@20': tensor(0.0256), 'recall@20': tensor(0.0606), 'train_loss_0': tensor(0.5898, device='cuda:0')}
[2026-02-06 11:28:50] INFO training_time: 484.61165499687195
[2026-02-06 11:28:50] INFO inference_time: 25.098450183868408
[2026-02-06 11:28:50] INFO ndcg@20 improved. Best value: 0.0256
[2026-02-06 11:28:50] INFO Best model checkpoint saved in saved/SASRec/noisy_15/2026-02-06-11-20-15-874160.ckpt.
[2026-02-06 11:29:08] INFO {'epoch': 28, 'beauty_15_ndcg@20': tensor(0.0255), 'beauty_15_recall@20': tensor(0.0601), 'ndcg@20': tensor(0.0255), 'recall@20': tensor(0.0601), 'train_loss_0': tensor(0.5833, device='cuda:0')}
[2026-02-06 11:29:08] INFO training_time: 501.85764026641846
[2026-02-06 11:29:08] INFO inference_time: 25.818633794784546
[2026-02-06 11:29:26] INFO {'epoch': 29, 'beauty_15_ndcg@20': tensor(0.0253), 'beauty_15_recall@20': tensor(0.0602), 'ndcg@20': tensor(0.0253), 'recall@20': tensor(0.0602), 'train_loss_0': tensor(0.5738, device='cuda:0')}
[2026-02-06 11:29:26] INFO training_time: 519.1087303161621
[2026-02-06 11:29:26] INFO inference_time: 26.591832876205444
[2026-02-06 11:29:45] INFO {'epoch': 30, 'beauty_15_ndcg@20': tensor(0.0255), 'beauty_15_recall@20': tensor(0.0605), 'ndcg@20': tensor(0.0255), 'recall@20': tensor(0.0605), 'train_loss_0': tensor(0.5708, device='cuda:0')}
[2026-02-06 11:29:45] INFO training_time: 536.3599305152893
[2026-02-06 11:29:45] INFO inference_time: 27.679497718811035
[2026-02-06 11:30:03] INFO {'epoch': 31, 'beauty_15_ndcg@20': tensor(0.0265), 'beauty_15_recall@20': tensor(0.0612), 'ndcg@20': tensor(0.0265), 'recall@20': tensor(0.0612), 'train_loss_0': tensor(0.5640, device='cuda:0')}
[2026-02-06 11:30:03] INFO training_time: 553.4953570365906
[2026-02-06 11:30:03] INFO inference_time: 28.48263716697693
[2026-02-06 11:30:03] INFO ndcg@20 improved. Best value: 0.0265
[2026-02-06 11:30:03] INFO Best model checkpoint saved in saved/SASRec/noisy_15/2026-02-06-11-20-15-874160.ckpt.
[2026-02-06 11:30:21] INFO {'epoch': 32, 'beauty_15_ndcg@20': tensor(0.0259), 'beauty_15_recall@20': tensor(0.0602), 'ndcg@20': tensor(0.0259), 'recall@20': tensor(0.0602), 'train_loss_0': tensor(0.5586, device='cuda:0')}
[2026-02-06 11:30:21] INFO training_time: 570.717488527298
[2026-02-06 11:30:21] INFO inference_time: 29.32900309562683
[2026-02-06 11:30:39] INFO {'epoch': 33, 'beauty_15_ndcg@20': tensor(0.0262), 'beauty_15_recall@20': tensor(0.0608), 'ndcg@20': tensor(0.0262), 'recall@20': tensor(0.0608), 'train_loss_0': tensor(0.5530, device='cuda:0')}
[2026-02-06 11:30:39] INFO training_time: 588.1288030147552
[2026-02-06 11:30:39] INFO inference_time: 30.072548866271973
[2026-02-06 11:30:57] INFO {'epoch': 34, 'beauty_15_ndcg@20': tensor(0.0260), 'beauty_15_recall@20': tensor(0.0599), 'ndcg@20': tensor(0.0260), 'recall@20': tensor(0.0599), 'train_loss_0': tensor(0.5507, device='cuda:0')}
[2026-02-06 11:30:57] INFO training_time: 605.3132231235504
[2026-02-06 11:30:57] INFO inference_time: 30.957381010055542
[2026-02-06 11:31:15] INFO {'epoch': 35, 'beauty_15_ndcg@20': tensor(0.0266), 'beauty_15_recall@20': tensor(0.0620), 'ndcg@20': tensor(0.0266), 'recall@20': tensor(0.0620), 'train_loss_0': tensor(0.5489, device='cuda:0')}
[2026-02-06 11:31:15] INFO training_time: 622.7550957202911
[2026-02-06 11:31:15] INFO inference_time: 31.727376222610474
[2026-02-06 11:31:15] INFO ndcg@20 improved. Best value: 0.0266
[2026-02-06 11:31:15] INFO Best model checkpoint saved in saved/SASRec/noisy_15/2026-02-06-11-20-15-874160.ckpt.
[2026-02-06 11:31:33] INFO {'epoch': 36, 'beauty_15_ndcg@20': tensor(0.0261), 'beauty_15_recall@20': tensor(0.0612), 'ndcg@20': tensor(0.0261), 'recall@20': tensor(0.0612), 'train_loss_0': tensor(0.5397, device='cuda:0')}
[2026-02-06 11:31:33] INFO training_time: 640.0161666870117
[2026-02-06 11:31:33] INFO inference_time: 32.49760580062866
[2026-02-06 11:31:51] INFO {'epoch': 37, 'beauty_15_ndcg@20': tensor(0.0263), 'beauty_15_recall@20': tensor(0.0607), 'ndcg@20': tensor(0.0263), 'recall@20': tensor(0.0607), 'train_loss_0': tensor(0.5377, device='cuda:0')}
[2026-02-06 11:31:51] INFO training_time: 657.1710987091064
[2026-02-06 11:31:51] INFO inference_time: 33.318795919418335
[2026-02-06 11:32:09] INFO {'epoch': 38, 'beauty_15_ndcg@20': tensor(0.0263), 'beauty_15_recall@20': tensor(0.0619), 'ndcg@20': tensor(0.0263), 'recall@20': tensor(0.0619), 'train_loss_0': tensor(0.5356, device='cuda:0')}
[2026-02-06 11:32:09] INFO training_time: 674.4465229511261
[2026-02-06 11:32:09] INFO inference_time: 34.19358825683594
[2026-02-06 11:32:27] INFO {'epoch': 39, 'beauty_15_ndcg@20': tensor(0.0267), 'beauty_15_recall@20': tensor(0.0623), 'ndcg@20': tensor(0.0267), 'recall@20': tensor(0.0623), 'train_loss_0': tensor(0.5301, device='cuda:0')}
[2026-02-06 11:32:27] INFO training_time: 691.5910398960114
[2026-02-06 11:32:27] INFO inference_time: 35.00118589401245
[2026-02-06 11:32:27] INFO ndcg@20 improved. Best value: 0.0267
[2026-02-06 11:32:27] INFO Best model checkpoint saved in saved/SASRec/noisy_15/2026-02-06-11-20-15-874160.ckpt.
[2026-02-06 11:32:46] INFO {'epoch': 40, 'beauty_15_ndcg@20': tensor(0.0266), 'beauty_15_recall@20': tensor(0.0607), 'ndcg@20': tensor(0.0266), 'recall@20': tensor(0.0607), 'train_loss_0': tensor(0.5284, device='cuda:0')}
[2026-02-06 11:32:46] INFO training_time: 708.8339378833771
[2026-02-06 11:32:46] INFO inference_time: 36.234532594680786
[2026-02-06 11:33:04] INFO {'epoch': 41, 'beauty_15_ndcg@20': tensor(0.0263), 'beauty_15_recall@20': tensor(0.0607), 'ndcg@20': tensor(0.0263), 'recall@20': tensor(0.0607), 'train_loss_0': tensor(0.5267, device='cuda:0')}
[2026-02-06 11:33:04] INFO training_time: 726.0074741840363
[2026-02-06 11:33:04] INFO inference_time: 36.938785552978516
[2026-02-06 11:33:22] INFO {'epoch': 42, 'beauty_15_ndcg@20': tensor(0.0271), 'beauty_15_recall@20': tensor(0.0619), 'ndcg@20': tensor(0.0271), 'recall@20': tensor(0.0619), 'train_loss_0': tensor(0.5226, device='cuda:0')}
[2026-02-06 11:33:22] INFO training_time: 743.2301766872406
[2026-02-06 11:33:22] INFO inference_time: 37.74398493766785
[2026-02-06 11:33:22] INFO ndcg@20 improved. Best value: 0.0271
[2026-02-06 11:33:22] INFO Best model checkpoint saved in saved/SASRec/noisy_15/2026-02-06-11-20-15-874160.ckpt.
[2026-02-06 11:33:40] INFO {'epoch': 43, 'beauty_15_ndcg@20': tensor(0.0270), 'beauty_15_recall@20': tensor(0.0620), 'ndcg@20': tensor(0.0270), 'recall@20': tensor(0.0620), 'train_loss_0': tensor(0.5212, device='cuda:0')}
[2026-02-06 11:33:40] INFO training_time: 760.4492993354797
[2026-02-06 11:33:40] INFO inference_time: 38.546775579452515
[2026-02-06 11:33:58] INFO {'epoch': 44, 'beauty_15_ndcg@20': tensor(0.0271), 'beauty_15_recall@20': tensor(0.0620), 'ndcg@20': tensor(0.0271), 'recall@20': tensor(0.0620), 'train_loss_0': tensor(0.5148, device='cuda:0')}
[2026-02-06 11:33:58] INFO training_time: 777.7545857429504
[2026-02-06 11:33:58] INFO inference_time: 39.40245318412781
[2026-02-06 11:34:16] INFO {'epoch': 45, 'beauty_15_ndcg@20': tensor(0.0270), 'beauty_15_recall@20': tensor(0.0621), 'ndcg@20': tensor(0.0270), 'recall@20': tensor(0.0621), 'train_loss_0': tensor(0.5137, device='cuda:0')}
[2026-02-06 11:34:16] INFO training_time: 794.9165785312653
[2026-02-06 11:34:16] INFO inference_time: 40.23491954803467
[2026-02-06 11:34:34] INFO {'epoch': 46, 'beauty_15_ndcg@20': tensor(0.0261), 'beauty_15_recall@20': tensor(0.0613), 'ndcg@20': tensor(0.0261), 'recall@20': tensor(0.0613), 'train_loss_0': tensor(0.5121, device='cuda:0')}
[2026-02-06 11:34:34] INFO training_time: 812.148095369339
[2026-02-06 11:34:34] INFO inference_time: 41.100531339645386
[2026-02-06 11:34:52] INFO {'epoch': 47, 'beauty_15_ndcg@20': tensor(0.0259), 'beauty_15_recall@20': tensor(0.0592), 'ndcg@20': tensor(0.0259), 'recall@20': tensor(0.0592), 'train_loss_0': tensor(0.5146, device='cuda:0')}
[2026-02-06 11:34:52] INFO training_time: 829.3729496002197
[2026-02-06 11:34:52] INFO inference_time: 42.03431153297424
[2026-02-06 11:35:10] INFO {'epoch': 48, 'beauty_15_ndcg@20': tensor(0.0263), 'beauty_15_recall@20': tensor(0.0604), 'ndcg@20': tensor(0.0263), 'recall@20': tensor(0.0604), 'train_loss_0': tensor(0.5060, device='cuda:0')}
[2026-02-06 11:35:10] INFO training_time: 846.7014882564545
[2026-02-06 11:35:10] INFO inference_time: 42.90816617012024
[2026-02-06 11:35:28] INFO {'epoch': 49, 'beauty_15_ndcg@20': tensor(0.0264), 'beauty_15_recall@20': tensor(0.0614), 'ndcg@20': tensor(0.0264), 'recall@20': tensor(0.0614), 'train_loss_0': tensor(0.5041, device='cuda:0')}
[2026-02-06 11:35:28] INFO training_time: 863.8635494709015
[2026-02-06 11:35:28] INFO inference_time: 43.701900243759155
[2026-02-06 11:35:47] INFO {'epoch': 50, 'beauty_15_ndcg@20': tensor(0.0267), 'beauty_15_recall@20': tensor(0.0614), 'ndcg@20': tensor(0.0267), 'recall@20': tensor(0.0614), 'train_loss_0': tensor(0.5030, device='cuda:0')}
[2026-02-06 11:35:47] INFO training_time: 881.1732225418091
[2026-02-06 11:35:47] INFO inference_time: 44.80531430244446
[2026-02-06 11:36:05] INFO {'epoch': 51, 'beauty_15_ndcg@20': tensor(0.0267), 'beauty_15_recall@20': tensor(0.0604), 'ndcg@20': tensor(0.0267), 'recall@20': tensor(0.0604), 'train_loss_0': tensor(0.5025, device='cuda:0')}
[2026-02-06 11:36:05] INFO training_time: 898.4646365642548
[2026-02-06 11:36:05] INFO inference_time: 45.571282148361206
[2026-02-06 11:36:23] INFO {'epoch': 52, 'beauty_15_ndcg@20': tensor(0.0274), 'beauty_15_recall@20': tensor(0.0626), 'ndcg@20': tensor(0.0274), 'recall@20': tensor(0.0626), 'train_loss_0': tensor(0.5010, device='cuda:0')}
[2026-02-06 11:36:23] INFO training_time: 915.6916079521179
[2026-02-06 11:36:23] INFO inference_time: 46.50353765487671
[2026-02-06 11:36:23] INFO ndcg@20 improved. Best value: 0.0274
[2026-02-06 11:36:23] INFO Best model checkpoint saved in saved/SASRec/noisy_15/2026-02-06-11-20-15-874160.ckpt.
[2026-02-06 11:36:41] INFO {'epoch': 53, 'beauty_15_ndcg@20': tensor(0.0269), 'beauty_15_recall@20': tensor(0.0621), 'ndcg@20': tensor(0.0269), 'recall@20': tensor(0.0621), 'train_loss_0': tensor(0.5008, device='cuda:0')}
[2026-02-06 11:36:41] INFO training_time: 933.0040295124054
[2026-02-06 11:36:41] INFO inference_time: 47.263105154037476
[2026-02-06 11:36:59] INFO {'epoch': 54, 'beauty_15_ndcg@20': tensor(0.0273), 'beauty_15_recall@20': tensor(0.0637), 'ndcg@20': tensor(0.0273), 'recall@20': tensor(0.0637), 'train_loss_0': tensor(0.4963, device='cuda:0')}
[2026-02-06 11:36:59] INFO training_time: 950.3490054607391
[2026-02-06 11:36:59] INFO inference_time: 48.05709934234619
[2026-02-06 11:37:17] INFO {'epoch': 55, 'beauty_15_ndcg@20': tensor(0.0269), 'beauty_15_recall@20': tensor(0.0635), 'ndcg@20': tensor(0.0269), 'recall@20': tensor(0.0635), 'train_loss_0': tensor(0.4954, device='cuda:0')}
[2026-02-06 11:37:17] INFO training_time: 967.6630985736847
[2026-02-06 11:37:17] INFO inference_time: 48.798850774765015
[2026-02-06 11:37:35] INFO {'epoch': 56, 'beauty_15_ndcg@20': tensor(0.0273), 'beauty_15_recall@20': tensor(0.0639), 'ndcg@20': tensor(0.0273), 'recall@20': tensor(0.0639), 'train_loss_0': tensor(0.4952, device='cuda:0')}
[2026-02-06 11:37:35] INFO training_time: 984.8735089302063
[2026-02-06 11:37:35] INFO inference_time: 49.67225480079651
[2026-02-06 11:37:54] INFO {'epoch': 57, 'beauty_15_ndcg@20': tensor(0.0273), 'beauty_15_recall@20': tensor(0.0639), 'ndcg@20': tensor(0.0273), 'recall@20': tensor(0.0639), 'train_loss_0': tensor(0.4882, device='cuda:0')}
[2026-02-06 11:37:54] INFO training_time: 1002.050311088562
[2026-02-06 11:37:54] INFO inference_time: 50.53315806388855
[2026-02-06 11:38:12] INFO {'epoch': 58, 'beauty_15_ndcg@20': tensor(0.0273), 'beauty_15_recall@20': tensor(0.0638), 'ndcg@20': tensor(0.0273), 'recall@20': tensor(0.0638), 'train_loss_0': tensor(0.4919, device='cuda:0')}
[2026-02-06 11:38:12] INFO training_time: 1019.3036987781525
[2026-02-06 11:38:12] INFO inference_time: 51.39425587654114
[2026-02-06 11:38:30] INFO {'epoch': 59, 'beauty_15_ndcg@20': tensor(0.0269), 'beauty_15_recall@20': tensor(0.0625), 'ndcg@20': tensor(0.0269), 'recall@20': tensor(0.0625), 'train_loss_0': tensor(0.4908, device='cuda:0')}
[2026-02-06 11:38:30] INFO training_time: 1036.5040147304535
[2026-02-06 11:38:30] INFO inference_time: 52.15805268287659
[2026-02-06 11:38:46] INFO {'epoch': 60, 'beauty_15_ndcg@20': tensor(0.0274), 'beauty_15_recall@20': tensor(0.0643), 'ndcg@20': tensor(0.0274), 'recall@20': tensor(0.0643), 'train_loss_0': tensor(0.4845, device='cuda:0')}
[2026-02-06 11:38:46] INFO training_time: 1052.260143995285
[2026-02-06 11:38:46] INFO inference_time: 53.21776342391968
[2026-02-06 11:39:03] INFO {'epoch': 61, 'beauty_15_ndcg@20': tensor(0.0278), 'beauty_15_recall@20': tensor(0.0645), 'ndcg@20': tensor(0.0278), 'recall@20': tensor(0.0645), 'train_loss_0': tensor(0.4828, device='cuda:0')}
[2026-02-06 11:39:03] INFO training_time: 1067.8244717121124
[2026-02-06 11:39:03] INFO inference_time: 54.05513858795166
[2026-02-06 11:39:03] INFO ndcg@20 improved. Best value: 0.0278
[2026-02-06 11:39:03] INFO Best model checkpoint saved in saved/SASRec/noisy_15/2026-02-06-11-20-15-874160.ckpt.
[2026-02-06 11:39:19] INFO {'epoch': 62, 'beauty_15_ndcg@20': tensor(0.0274), 'beauty_15_recall@20': tensor(0.0635), 'ndcg@20': tensor(0.0274), 'recall@20': tensor(0.0635), 'train_loss_0': tensor(0.4822, device='cuda:0')}
[2026-02-06 11:39:19] INFO training_time: 1083.4105067253113
[2026-02-06 11:39:19] INFO inference_time: 54.9565532207489
[2026-02-06 11:39:36] INFO {'epoch': 63, 'beauty_15_ndcg@20': tensor(0.0273), 'beauty_15_recall@20': tensor(0.0643), 'ndcg@20': tensor(0.0273), 'recall@20': tensor(0.0643), 'train_loss_0': tensor(0.4819, device='cuda:0')}
[2026-02-06 11:39:36] INFO training_time: 1098.86159157753
[2026-02-06 11:39:36] INFO inference_time: 55.68083477020264
[2026-02-06 11:39:52] INFO {'epoch': 64, 'beauty_15_ndcg@20': tensor(0.0274), 'beauty_15_recall@20': tensor(0.0648), 'ndcg@20': tensor(0.0274), 'recall@20': tensor(0.0648), 'train_loss_0': tensor(0.4863, device='cuda:0')}
[2026-02-06 11:39:52] INFO training_time: 1114.2758350372314
[2026-02-06 11:39:52] INFO inference_time: 56.54490900039673
[2026-02-06 11:40:08] INFO {'epoch': 65, 'beauty_15_ndcg@20': tensor(0.0277), 'beauty_15_recall@20': tensor(0.0653), 'ndcg@20': tensor(0.0277), 'recall@20': tensor(0.0653), 'train_loss_0': tensor(0.4799, device='cuda:0')}
[2026-02-06 11:40:08] INFO training_time: 1129.4717860221863
[2026-02-06 11:40:08] INFO inference_time: 57.329153299331665
[2026-02-06 11:40:24] INFO {'epoch': 66, 'beauty_15_ndcg@20': tensor(0.0274), 'beauty_15_recall@20': tensor(0.0637), 'ndcg@20': tensor(0.0274), 'recall@20': tensor(0.0637), 'train_loss_0': tensor(0.4792, device='cuda:0')}
[2026-02-06 11:40:24] INFO training_time: 1144.9329206943512
[2026-02-06 11:40:24] INFO inference_time: 58.16181564331055
[2026-02-06 11:40:40] INFO {'epoch': 67, 'beauty_15_ndcg@20': tensor(0.0274), 'beauty_15_recall@20': tensor(0.0635), 'ndcg@20': tensor(0.0274), 'recall@20': tensor(0.0635), 'train_loss_0': tensor(0.4755, device='cuda:0')}
[2026-02-06 11:40:40] INFO training_time: 1160.366631269455
[2026-02-06 11:40:40] INFO inference_time: 58.889153242111206
[2026-02-06 11:40:57] INFO {'epoch': 68, 'beauty_15_ndcg@20': tensor(0.0273), 'beauty_15_recall@20': tensor(0.0629), 'ndcg@20': tensor(0.0273), 'recall@20': tensor(0.0629), 'train_loss_0': tensor(0.4788, device='cuda:0')}
[2026-02-06 11:40:57] INFO training_time: 1175.906839132309
[2026-02-06 11:40:57] INFO inference_time: 59.587605714797974
[2026-02-06 11:41:13] INFO {'epoch': 69, 'beauty_15_ndcg@20': tensor(0.0279), 'beauty_15_recall@20': tensor(0.0636), 'ndcg@20': tensor(0.0279), 'recall@20': tensor(0.0636), 'train_loss_0': tensor(0.4755, device='cuda:0')}
[2026-02-06 11:41:13] INFO training_time: 1191.2460911273956
[2026-02-06 11:41:13] INFO inference_time: 60.37739133834839
[2026-02-06 11:41:13] INFO ndcg@20 improved. Best value: 0.0279
[2026-02-06 11:41:13] INFO Best model checkpoint saved in saved/SASRec/noisy_15/2026-02-06-11-20-15-874160.ckpt.
[2026-02-06 11:41:29] INFO {'epoch': 70, 'beauty_15_ndcg@20': tensor(0.0277), 'beauty_15_recall@20': tensor(0.0635), 'ndcg@20': tensor(0.0277), 'recall@20': tensor(0.0635), 'train_loss_0': tensor(0.4733, device='cuda:0')}
[2026-02-06 11:41:29] INFO training_time: 1206.6188457012177
[2026-02-06 11:41:29] INFO inference_time: 61.38205885887146
[2026-02-06 11:41:44] INFO {'epoch': 71, 'beauty_15_ndcg@20': tensor(0.0265), 'beauty_15_recall@20': tensor(0.0622), 'ndcg@20': tensor(0.0265), 'recall@20': tensor(0.0622), 'train_loss_0': tensor(0.4735, device='cuda:0')}
[2026-02-06 11:41:44] INFO training_time: 1221.2424082756042
[2026-02-06 11:41:44] INFO inference_time: 62.11258578300476
[2026-02-06 11:41:58] INFO {'epoch': 72, 'beauty_15_ndcg@20': tensor(0.0271), 'beauty_15_recall@20': tensor(0.0639), 'ndcg@20': tensor(0.0271), 'recall@20': tensor(0.0639), 'train_loss_0': tensor(0.4720, device='cuda:0')}
[2026-02-06 11:41:58] INFO training_time: 1233.7080338001251
[2026-02-06 11:41:58] INFO inference_time: 62.932907819747925
[2026-02-06 11:42:10] INFO {'epoch': 73, 'beauty_15_ndcg@20': tensor(0.0266), 'beauty_15_recall@20': tensor(0.0615), 'ndcg@20': tensor(0.0266), 'recall@20': tensor(0.0615), 'train_loss_0': tensor(0.4721, device='cuda:0')}
[2026-02-06 11:42:10] INFO training_time: 1245.5453388690948
[2026-02-06 11:42:10] INFO inference_time: 63.727806091308594
[2026-02-06 11:42:23] INFO {'epoch': 74, 'beauty_15_ndcg@20': tensor(0.0273), 'beauty_15_recall@20': tensor(0.0633), 'ndcg@20': tensor(0.0273), 'recall@20': tensor(0.0633), 'train_loss_0': tensor(0.4663, device='cuda:0')}
[2026-02-06 11:42:23] INFO training_time: 1257.4062807559967
[2026-02-06 11:42:23] INFO inference_time: 64.52750444412231
[2026-02-06 11:42:36] INFO {'epoch': 75, 'beauty_15_ndcg@20': tensor(0.0269), 'beauty_15_recall@20': tensor(0.0624), 'ndcg@20': tensor(0.0269), 'recall@20': tensor(0.0624), 'train_loss_0': tensor(0.4727, device='cuda:0')}
[2026-02-06 11:42:36] INFO training_time: 1269.3378174304962
[2026-02-06 11:42:36] INFO inference_time: 65.33418130874634
[2026-02-06 11:42:49] INFO {'epoch': 76, 'beauty_15_ndcg@20': tensor(0.0272), 'beauty_15_recall@20': tensor(0.0634), 'ndcg@20': tensor(0.0272), 'recall@20': tensor(0.0634), 'train_loss_0': tensor(0.4709, device='cuda:0')}
[2026-02-06 11:42:49] INFO training_time: 1281.3144791126251
[2026-02-06 11:42:49] INFO inference_time: 66.16721272468567
[2026-02-06 11:43:01] INFO {'epoch': 77, 'beauty_15_ndcg@20': tensor(0.0268), 'beauty_15_recall@20': tensor(0.0622), 'ndcg@20': tensor(0.0268), 'recall@20': tensor(0.0622), 'train_loss_0': tensor(0.4691, device='cuda:0')}
[2026-02-06 11:43:01] INFO training_time: 1293.2360498905182
[2026-02-06 11:43:01] INFO inference_time: 66.99003767967224
[2026-02-06 11:43:14] INFO {'epoch': 78, 'beauty_15_ndcg@20': tensor(0.0264), 'beauty_15_recall@20': tensor(0.0621), 'ndcg@20': tensor(0.0264), 'recall@20': tensor(0.0621), 'train_loss_0': tensor(0.4672, device='cuda:0')}
[2026-02-06 11:43:14] INFO training_time: 1305.2748441696167
[2026-02-06 11:43:14] INFO inference_time: 67.8135187625885
[2026-02-06 11:43:27] INFO {'epoch': 79, 'beauty_15_ndcg@20': tensor(0.0267), 'beauty_15_recall@20': tensor(0.0626), 'ndcg@20': tensor(0.0267), 'recall@20': tensor(0.0626), 'train_loss_0': tensor(0.4713, device='cuda:0')}
[2026-02-06 11:43:27] INFO training_time: 1317.324788093567
[2026-02-06 11:43:27] INFO inference_time: 68.65498757362366
[2026-02-06 11:43:40] INFO {'epoch': 80, 'beauty_15_ndcg@20': tensor(0.0271), 'beauty_15_recall@20': tensor(0.0626), 'ndcg@20': tensor(0.0271), 'recall@20': tensor(0.0626), 'train_loss_0': tensor(0.4659, device='cuda:0')}
[2026-02-06 11:43:40] INFO training_time: 1329.3619010448456
[2026-02-06 11:43:40] INFO inference_time: 69.7574315071106
[2026-02-06 11:43:53] INFO {'epoch': 81, 'beauty_15_ndcg@20': tensor(0.0267), 'beauty_15_recall@20': tensor(0.0633), 'ndcg@20': tensor(0.0267), 'recall@20': tensor(0.0633), 'train_loss_0': tensor(0.4629, device='cuda:0')}
[2026-02-06 11:43:53] INFO training_time: 1341.320797920227
[2026-02-06 11:43:53] INFO inference_time: 70.48019886016846
[2026-02-06 11:44:06] INFO {'epoch': 82, 'beauty_15_ndcg@20': tensor(0.0269), 'beauty_15_recall@20': tensor(0.0627), 'ndcg@20': tensor(0.0269), 'recall@20': tensor(0.0627), 'train_loss_0': tensor(0.4666, device='cuda:0')}
[2026-02-06 11:44:06] INFO training_time: 1353.279309272766
[2026-02-06 11:44:06] INFO inference_time: 71.30795192718506
[2026-02-06 11:44:19] INFO {'epoch': 83, 'beauty_15_ndcg@20': tensor(0.0269), 'beauty_15_recall@20': tensor(0.0632), 'ndcg@20': tensor(0.0269), 'recall@20': tensor(0.0632), 'train_loss_0': tensor(0.4610, device='cuda:0')}
[2026-02-06 11:44:19] INFO training_time: 1365.2079372406006
[2026-02-06 11:44:19] INFO inference_time: 72.14998722076416
[2026-02-06 11:44:31] INFO {'epoch': 84, 'beauty_15_ndcg@20': tensor(0.0259), 'beauty_15_recall@20': tensor(0.0605), 'ndcg@20': tensor(0.0259), 'recall@20': tensor(0.0605), 'train_loss_0': tensor(0.4616, device='cuda:0')}
[2026-02-06 11:44:31] INFO training_time: 1377.0545070171356
[2026-02-06 11:44:31] INFO inference_time: 73.06175923347473
[2026-02-06 11:44:43] INFO {'epoch': 85, 'beauty_15_ndcg@20': tensor(0.0269), 'beauty_15_recall@20': tensor(0.0640), 'ndcg@20': tensor(0.0269), 'recall@20': tensor(0.0640), 'train_loss_0': tensor(0.4582, device='cuda:0')}
[2026-02-06 11:44:43] INFO training_time: 1387.5218596458435
[2026-02-06 11:44:43] INFO inference_time: 73.8075578212738
[2026-02-06 11:44:54] INFO {'epoch': 86, 'beauty_15_ndcg@20': tensor(0.0268), 'beauty_15_recall@20': tensor(0.0623), 'ndcg@20': tensor(0.0268), 'recall@20': tensor(0.0623), 'train_loss_0': tensor(0.4632, device='cuda:0')}
[2026-02-06 11:44:54] INFO training_time: 1397.9277267456055
[2026-02-06 11:44:54] INFO inference_time: 74.55554533004761
[2026-02-06 11:45:05] INFO {'epoch': 87, 'beauty_15_ndcg@20': tensor(0.0271), 'beauty_15_recall@20': tensor(0.0629), 'ndcg@20': tensor(0.0271), 'recall@20': tensor(0.0629), 'train_loss_0': tensor(0.4547, device='cuda:0')}
[2026-02-06 11:45:05] INFO training_time: 1408.344223022461
[2026-02-06 11:45:05] INFO inference_time: 75.30824565887451
[2026-02-06 11:45:16] INFO {'epoch': 88, 'beauty_15_ndcg@20': tensor(0.0278), 'beauty_15_recall@20': tensor(0.0642), 'ndcg@20': tensor(0.0278), 'recall@20': tensor(0.0642), 'train_loss_0': tensor(0.4561, device='cuda:0')}
[2026-02-06 11:45:16] INFO training_time: 1418.6295433044434
[2026-02-06 11:45:16] INFO inference_time: 76.1483428478241
[2026-02-06 11:45:27] INFO {'epoch': 89, 'beauty_15_ndcg@20': tensor(0.0276), 'beauty_15_recall@20': tensor(0.0645), 'ndcg@20': tensor(0.0276), 'recall@20': tensor(0.0645), 'train_loss_0': tensor(0.4589, device='cuda:0')}
[2026-02-06 11:45:27] INFO training_time: 1428.9113719463348
[2026-02-06 11:45:27] INFO inference_time: 76.97601389884949
[2026-02-06 11:45:27] INFO Early stopped. Since the metric ndcg@20 haven't been improved for 20 epochs.
[2026-02-06 11:45:27] INFO The best score of ndcg@20 is 0.0279 on epoch 69
[2026-02-06 11:45:27] INFO Best model checkpoint saved in saved/SASRec/noisy_15/2026-02-06-11-20-15-874160.ckpt.
[2026-02-06 11:45:29] INFO defaultdict(<class 'float'>, {'beauty_15_ndcg@20': tensor(0.0209), 'beauty_15_recall@20': tensor(0.0483), 'beauty_15_ndcg@10': tensor(0.0167), 'beauty_15_recall@10': tensor(0.0317), 'ndcg@20': tensor(0.0209), 'recall@20': tensor(0.0483), 'ndcg@10': tensor(0.0167), 'recall@10': tensor(0.0317)})
