[2026-01-22 08:37:07] INFO PID of this process: 1663917
[2026-01-22 08:37:15] INFO {'model': {'embed_dim': 64, 'loss_fn': 'bce', 'hidden_size': 128, 'layer_num': 2, 'head_num': 2, 'dropout_rate': 0.5, 'activation': 'gelu', 'layer_norm_eps': 1e-12, 'model': 'SASRec'}, 'data': {'domain_name_list': ['sport_15'], 'user_threshold': 5, 'item_threshold': 5, 'max_seq_len': 50, 'dataset_class': 'general', 'train_file': '_regen', 'dataset': 'noisy_15'}, 'train': {'batch_size': 256, 'early_stop_mode': 'max', 'early_stop_patience': 20, 'epochs': 1000, 'device': 'cuda', 'optimizer': 'adam', 'learning_rate': 0.001, 'weight_decay': 0, 'num_neg': 1, 'seed': 2026}, 'eval': {'batch_size': 2048, 'cutoff': [20, 10], 'val_metrics': ['ndcg', 'recall'], 'test_metrics': ['ndcg', 'recall'], 'topk': 100, 'save_path': './saved/'}}
[2026-01-22 08:37:15] INFO <data.dataset.SeparateDataset object at 0x7f3459f341f0>
[2026-01-22 08:37:15] INFO save_dir:saved
[2026-01-22 08:37:15] INFO SASRec(
  (item_embedding): Embedding(18358, 64, padding_idx=0)
  (query_encoder): SASRecQueryEncoder(
    (item_encoder): Embedding(18358, 64, padding_idx=0)
    (position_emb): Embedding(50, 64)
    (transformer_layer): TransformerEncoder(
      (layers): ModuleList(
        (0): TransformerEncoderLayer(
          (self_attn): MultiheadAttention(
            (out_proj): NonDynamicallyQuantizableLinear(in_features=64, out_features=64, bias=True)
          )
          (linear1): Linear(in_features=64, out_features=128, bias=True)
          (dropout): Dropout(p=0.5, inplace=False)
          (linear2): Linear(in_features=128, out_features=64, bias=True)
          (norm1): LayerNorm((64,), eps=1e-12, elementwise_affine=True)
          (norm2): LayerNorm((64,), eps=1e-12, elementwise_affine=True)
          (dropout1): Dropout(p=0.5, inplace=False)
          (dropout2): Dropout(p=0.5, inplace=False)
        )
        (1): TransformerEncoderLayer(
          (self_attn): MultiheadAttention(
            (out_proj): NonDynamicallyQuantizableLinear(in_features=64, out_features=64, bias=True)
          )
          (linear1): Linear(in_features=64, out_features=128, bias=True)
          (dropout): Dropout(p=0.5, inplace=False)
          (linear2): Linear(in_features=128, out_features=64, bias=True)
          (norm1): LayerNorm((64,), eps=1e-12, elementwise_affine=True)
          (norm2): LayerNorm((64,), eps=1e-12, elementwise_affine=True)
          (dropout1): Dropout(p=0.5, inplace=False)
          (dropout2): Dropout(p=0.5, inplace=False)
        )
      )
    )
    (dropout): Dropout(p=0.5, inplace=False)
    (training_pooling_layer): SeqPoolingLayer()
    (eval_pooling_layer): SeqPoolingLayer()
  )
  (loss_fn): BinaryCrossEntropyLoss()
)
[2026-01-22 08:39:02] INFO {'epoch': 0, 'sport_15_ndcg@20': tensor(0.0076), 'sport_15_recall@20': tensor(0.0189), 'ndcg@20': tensor(0.0076), 'recall@20': tensor(0.0189), 'train_loss_0': tensor(1.2418, device='cuda:0')}
[2026-01-22 08:39:02] INFO training_time: 105.35248279571533
[2026-01-22 08:39:02] INFO inference_time: 1.4081361293792725
[2026-01-22 08:39:02] INFO ndcg@20 improved. Best value: 0.0076
[2026-01-22 08:39:02] INFO Best model checkpoint saved in saved/SASRec/noisy_15/2026-01-22-08-37-07-797025.ckpt.
[2026-01-22 08:40:49] INFO {'epoch': 1, 'sport_15_ndcg@20': tensor(0.0100), 'sport_15_recall@20': tensor(0.0251), 'ndcg@20': tensor(0.0100), 'recall@20': tensor(0.0251), 'train_loss_0': tensor(1.1198, device='cuda:0')}
[2026-01-22 08:40:49] INFO training_time: 211.48169136047363
[2026-01-22 08:40:49] INFO inference_time: 2.696347951889038
[2026-01-22 08:40:49] INFO ndcg@20 improved. Best value: 0.0100
[2026-01-22 08:40:49] INFO Best model checkpoint saved in saved/SASRec/noisy_15/2026-01-22-08-37-07-797025.ckpt.
[2026-01-22 08:42:37] INFO {'epoch': 2, 'sport_15_ndcg@20': tensor(0.0122), 'sport_15_recall@20': tensor(0.0305), 'ndcg@20': tensor(0.0122), 'recall@20': tensor(0.0305), 'train_loss_0': tensor(1.0021, device='cuda:0')}
[2026-01-22 08:42:37] INFO training_time: 317.8950719833374
[2026-01-22 08:42:37] INFO inference_time: 4.183508396148682
[2026-01-22 08:42:37] INFO ndcg@20 improved. Best value: 0.0122
[2026-01-22 08:42:37] INFO Best model checkpoint saved in saved/SASRec/noisy_15/2026-01-22-08-37-07-797025.ckpt.
[2026-01-22 08:44:25] INFO {'epoch': 3, 'sport_15_ndcg@20': tensor(0.0130), 'sport_15_recall@20': tensor(0.0321), 'ndcg@20': tensor(0.0130), 'recall@20': tensor(0.0321), 'train_loss_0': tensor(0.9089, device='cuda:0')}
[2026-01-22 08:44:25] INFO training_time: 423.84928369522095
[2026-01-22 08:44:25] INFO inference_time: 5.369152545928955
[2026-01-22 08:44:25] INFO ndcg@20 improved. Best value: 0.0130
[2026-01-22 08:44:25] INFO Best model checkpoint saved in saved/SASRec/noisy_15/2026-01-22-08-37-07-797025.ckpt.
[2026-01-22 08:46:12] INFO {'epoch': 4, 'sport_15_ndcg@20': tensor(0.0138), 'sport_15_recall@20': tensor(0.0342), 'ndcg@20': tensor(0.0138), 'recall@20': tensor(0.0342), 'train_loss_0': tensor(0.8375, device='cuda:0')}
[2026-01-22 08:46:12] INFO training_time: 529.5327160358429
[2026-01-22 08:46:12] INFO inference_time: 6.731196641921997
[2026-01-22 08:46:12] INFO ndcg@20 improved. Best value: 0.0138
[2026-01-22 08:46:12] INFO Best model checkpoint saved in saved/SASRec/noisy_15/2026-01-22-08-37-07-797025.ckpt.
[2026-01-22 08:47:58] INFO {'epoch': 5, 'sport_15_ndcg@20': tensor(0.0144), 'sport_15_recall@20': tensor(0.0360), 'ndcg@20': tensor(0.0144), 'recall@20': tensor(0.0360), 'train_loss_0': tensor(0.7821, device='cuda:0')}
[2026-01-22 08:47:59] INFO training_time: 635.3052091598511
[2026-01-22 08:47:59] INFO inference_time: 7.803785562515259
[2026-01-22 08:47:59] INFO ndcg@20 improved. Best value: 0.0144
[2026-01-22 08:47:59] INFO Best model checkpoint saved in saved/SASRec/noisy_15/2026-01-22-08-37-07-797025.ckpt.
[2026-01-22 08:49:45] INFO {'epoch': 6, 'sport_15_ndcg@20': tensor(0.0144), 'sport_15_recall@20': tensor(0.0356), 'ndcg@20': tensor(0.0144), 'recall@20': tensor(0.0356), 'train_loss_0': tensor(0.7405, device='cuda:0')}
[2026-01-22 08:49:45] INFO training_time: 740.8565120697021
[2026-01-22 08:49:45] INFO inference_time: 9.203248500823975
[2026-01-22 08:49:45] INFO ndcg@20 improved. Best value: 0.0144
[2026-01-22 08:49:45] INFO Best model checkpoint saved in saved/SASRec/noisy_15/2026-01-22-08-37-07-797025.ckpt.
[2026-01-22 08:51:32] INFO {'epoch': 7, 'sport_15_ndcg@20': tensor(0.0146), 'sport_15_recall@20': tensor(0.0362), 'ndcg@20': tensor(0.0146), 'recall@20': tensor(0.0362), 'train_loss_0': tensor(0.7089, device='cuda:0')}
[2026-01-22 08:51:32] INFO training_time: 845.5720508098602
[2026-01-22 08:51:32] INFO inference_time: 10.4933500289917
[2026-01-22 08:51:32] INFO ndcg@20 improved. Best value: 0.0146
[2026-01-22 08:51:32] INFO Best model checkpoint saved in saved/SASRec/noisy_15/2026-01-22-08-37-07-797025.ckpt.
[2026-01-22 08:53:17] INFO {'epoch': 8, 'sport_15_ndcg@20': tensor(0.0148), 'sport_15_recall@20': tensor(0.0357), 'ndcg@20': tensor(0.0148), 'recall@20': tensor(0.0357), 'train_loss_0': tensor(0.6866, device='cuda:0')}
[2026-01-22 08:53:17] INFO training_time: 949.8315854072571
[2026-01-22 08:53:17] INFO inference_time: 11.632930755615234
[2026-01-22 08:53:17] INFO ndcg@20 improved. Best value: 0.0148
[2026-01-22 08:53:17] INFO Best model checkpoint saved in saved/SASRec/noisy_15/2026-01-22-08-37-07-797025.ckpt.
[2026-01-22 08:55:02] INFO {'epoch': 9, 'sport_15_ndcg@20': tensor(0.0149), 'sport_15_recall@20': tensor(0.0360), 'ndcg@20': tensor(0.0149), 'recall@20': tensor(0.0360), 'train_loss_0': tensor(0.6665, device='cuda:0')}
[2026-01-22 08:55:02] INFO training_time: 1053.4315912723541
[2026-01-22 08:55:02] INFO inference_time: 13.162289142608643
[2026-01-22 08:55:02] INFO ndcg@20 improved. Best value: 0.0149
[2026-01-22 08:55:02] INFO Best model checkpoint saved in saved/SASRec/noisy_15/2026-01-22-08-37-07-797025.ckpt.
[2026-01-22 08:56:47] INFO {'epoch': 10, 'sport_15_ndcg@20': tensor(0.0150), 'sport_15_recall@20': tensor(0.0358), 'ndcg@20': tensor(0.0150), 'recall@20': tensor(0.0358), 'train_loss_0': tensor(0.6511, device='cuda:0')}
[2026-01-22 08:56:47] INFO training_time: 1157.0187742710114
[2026-01-22 08:56:47] INFO inference_time: 14.732914924621582
[2026-01-22 08:56:47] INFO ndcg@20 improved. Best value: 0.0150
[2026-01-22 08:56:47] INFO Best model checkpoint saved in saved/SASRec/noisy_15/2026-01-22-08-37-07-797025.ckpt.
[2026-01-22 08:58:31] INFO {'epoch': 11, 'sport_15_ndcg@20': tensor(0.0145), 'sport_15_recall@20': tensor(0.0353), 'ndcg@20': tensor(0.0145), 'recall@20': tensor(0.0353), 'train_loss_0': tensor(0.6367, device='cuda:0')}
[2026-01-22 08:58:31] INFO training_time: 1259.6410839557648
[2026-01-22 08:58:31] INFO inference_time: 16.002140045166016
[2026-01-22 09:00:16] INFO {'epoch': 12, 'sport_15_ndcg@20': tensor(0.0152), 'sport_15_recall@20': tensor(0.0367), 'ndcg@20': tensor(0.0152), 'recall@20': tensor(0.0367), 'train_loss_0': tensor(0.6254, device='cuda:0')}
[2026-01-22 09:00:16] INFO training_time: 1362.5525450706482
[2026-01-22 09:00:16] INFO inference_time: 17.447059869766235
[2026-01-22 09:00:16] INFO ndcg@20 improved. Best value: 0.0152
[2026-01-22 09:00:16] INFO Best model checkpoint saved in saved/SASRec/noisy_15/2026-01-22-08-37-07-797025.ckpt.
[2026-01-22 09:02:00] INFO {'epoch': 13, 'sport_15_ndcg@20': tensor(0.0151), 'sport_15_recall@20': tensor(0.0361), 'ndcg@20': tensor(0.0151), 'recall@20': tensor(0.0361), 'train_loss_0': tensor(0.6162, device='cuda:0')}
[2026-01-22 09:02:00] INFO training_time: 1465.4421319961548
[2026-01-22 09:02:00] INFO inference_time: 18.54481601715088
[2026-01-22 09:03:43] INFO {'epoch': 14, 'sport_15_ndcg@20': tensor(0.0147), 'sport_15_recall@20': tensor(0.0354), 'ndcg@20': tensor(0.0147), 'recall@20': tensor(0.0354), 'train_loss_0': tensor(0.6062, device='cuda:0')}
[2026-01-22 09:03:43] INFO training_time: 1567.9206821918488
[2026-01-22 09:03:43] INFO inference_time: 19.783926248550415
[2026-01-22 09:05:27] INFO {'epoch': 15, 'sport_15_ndcg@20': tensor(0.0152), 'sport_15_recall@20': tensor(0.0363), 'ndcg@20': tensor(0.0152), 'recall@20': tensor(0.0363), 'train_loss_0': tensor(0.5996, device='cuda:0')}
[2026-01-22 09:05:27] INFO training_time: 1670.5178709030151
[2026-01-22 09:05:27] INFO inference_time: 20.86630916595459
[2026-01-22 09:05:27] INFO ndcg@20 improved. Best value: 0.0152
[2026-01-22 09:05:27] INFO Best model checkpoint saved in saved/SASRec/noisy_15/2026-01-22-08-37-07-797025.ckpt.
[2026-01-22 09:07:11] INFO {'epoch': 16, 'sport_15_ndcg@20': tensor(0.0156), 'sport_15_recall@20': tensor(0.0372), 'ndcg@20': tensor(0.0156), 'recall@20': tensor(0.0372), 'train_loss_0': tensor(0.5932, device='cuda:0')}
[2026-01-22 09:07:11] INFO training_time: 1773.4858708381653
[2026-01-22 09:07:11] INFO inference_time: 22.012597799301147
[2026-01-22 09:07:11] INFO ndcg@20 improved. Best value: 0.0156
[2026-01-22 09:07:11] INFO Best model checkpoint saved in saved/SASRec/noisy_15/2026-01-22-08-37-07-797025.ckpt.
[2026-01-22 09:08:55] INFO {'epoch': 17, 'sport_15_ndcg@20': tensor(0.0153), 'sport_15_recall@20': tensor(0.0361), 'ndcg@20': tensor(0.0153), 'recall@20': tensor(0.0361), 'train_loss_0': tensor(0.5852, device='cuda:0')}
[2026-01-22 09:08:55] INFO training_time: 1876.5767738819122
[2026-01-22 09:08:55] INFO inference_time: 23.21395778656006
[2026-01-22 09:10:40] INFO {'epoch': 18, 'sport_15_ndcg@20': tensor(0.0152), 'sport_15_recall@20': tensor(0.0364), 'ndcg@20': tensor(0.0152), 'recall@20': tensor(0.0364), 'train_loss_0': tensor(0.5817, device='cuda:0')}
[2026-01-22 09:10:40] INFO training_time: 1979.4494361877441
[2026-01-22 09:10:40] INFO inference_time: 24.419922828674316
[2026-01-22 09:12:24] INFO {'epoch': 19, 'sport_15_ndcg@20': tensor(0.0150), 'sport_15_recall@20': tensor(0.0355), 'ndcg@20': tensor(0.0150), 'recall@20': tensor(0.0355), 'train_loss_0': tensor(0.5736, device='cuda:0')}
[2026-01-22 09:12:24] INFO training_time: 2082.2173113822937
[2026-01-22 09:12:24] INFO inference_time: 25.698089361190796
[2026-01-22 09:14:08] INFO {'epoch': 20, 'sport_15_ndcg@20': tensor(0.0151), 'sport_15_recall@20': tensor(0.0356), 'ndcg@20': tensor(0.0151), 'recall@20': tensor(0.0356), 'train_loss_0': tensor(0.5688, device='cuda:0')}
[2026-01-22 09:14:08] INFO training_time: 2184.864829301834
[2026-01-22 09:14:08] INFO inference_time: 27.28648543357849
[2026-01-22 09:15:52] INFO {'epoch': 21, 'sport_15_ndcg@20': tensor(0.0154), 'sport_15_recall@20': tensor(0.0357), 'ndcg@20': tensor(0.0154), 'recall@20': tensor(0.0357), 'train_loss_0': tensor(0.5653, device='cuda:0')}
[2026-01-22 09:15:52] INFO training_time: 2287.6257836818695
[2026-01-22 09:15:52] INFO inference_time: 28.66480016708374
[2026-01-22 09:17:36] INFO {'epoch': 22, 'sport_15_ndcg@20': tensor(0.0153), 'sport_15_recall@20': tensor(0.0358), 'ndcg@20': tensor(0.0153), 'recall@20': tensor(0.0358), 'train_loss_0': tensor(0.5620, device='cuda:0')}
[2026-01-22 09:17:36] INFO training_time: 2390.6798090934753
[2026-01-22 09:17:36] INFO inference_time: 30.003472566604614
[2026-01-22 09:19:21] INFO {'epoch': 23, 'sport_15_ndcg@20': tensor(0.0152), 'sport_15_recall@20': tensor(0.0356), 'ndcg@20': tensor(0.0152), 'recall@20': tensor(0.0356), 'train_loss_0': tensor(0.5589, device='cuda:0')}
[2026-01-22 09:19:21] INFO training_time: 2493.793834209442
[2026-01-22 09:19:21] INFO inference_time: 31.308098793029785
[2026-01-22 09:21:05] INFO {'epoch': 24, 'sport_15_ndcg@20': tensor(0.0157), 'sport_15_recall@20': tensor(0.0369), 'ndcg@20': tensor(0.0157), 'recall@20': tensor(0.0369), 'train_loss_0': tensor(0.5550, device='cuda:0')}
[2026-01-22 09:21:05] INFO training_time: 2596.499564886093
[2026-01-22 09:21:05] INFO inference_time: 32.47494435310364
[2026-01-22 09:21:05] INFO ndcg@20 improved. Best value: 0.0157
[2026-01-22 09:21:05] INFO Best model checkpoint saved in saved/SASRec/noisy_15/2026-01-22-08-37-07-797025.ckpt.
[2026-01-22 09:22:49] INFO {'epoch': 25, 'sport_15_ndcg@20': tensor(0.0155), 'sport_15_recall@20': tensor(0.0362), 'ndcg@20': tensor(0.0155), 'recall@20': tensor(0.0362), 'train_loss_0': tensor(0.5496, device='cuda:0')}
[2026-01-22 09:22:49] INFO training_time: 2699.43230843544
[2026-01-22 09:22:49] INFO inference_time: 33.961461305618286
[2026-01-22 09:24:33] INFO {'epoch': 26, 'sport_15_ndcg@20': tensor(0.0153), 'sport_15_recall@20': tensor(0.0357), 'ndcg@20': tensor(0.0153), 'recall@20': tensor(0.0357), 'train_loss_0': tensor(0.5457, device='cuda:0')}
[2026-01-22 09:24:33] INFO training_time: 2801.9711377620697
[2026-01-22 09:24:33] INFO inference_time: 35.07702398300171
[2026-01-22 09:26:17] INFO {'epoch': 27, 'sport_15_ndcg@20': tensor(0.0157), 'sport_15_recall@20': tensor(0.0364), 'ndcg@20': tensor(0.0157), 'recall@20': tensor(0.0364), 'train_loss_0': tensor(0.5441, device='cuda:0')}
[2026-01-22 09:26:17] INFO training_time: 2904.7910919189453
[2026-01-22 09:26:17] INFO inference_time: 36.20251488685608
[2026-01-22 09:28:01] INFO {'epoch': 28, 'sport_15_ndcg@20': tensor(0.0156), 'sport_15_recall@20': tensor(0.0364), 'ndcg@20': tensor(0.0156), 'recall@20': tensor(0.0364), 'train_loss_0': tensor(0.5420, device='cuda:0')}
[2026-01-22 09:28:01] INFO training_time: 3007.5986540317535
[2026-01-22 09:28:01] INFO inference_time: 37.27079939842224
[2026-01-22 09:29:44] INFO {'epoch': 29, 'sport_15_ndcg@20': tensor(0.0157), 'sport_15_recall@20': tensor(0.0369), 'ndcg@20': tensor(0.0157), 'recall@20': tensor(0.0369), 'train_loss_0': tensor(0.5349, device='cuda:0')}
[2026-01-22 09:29:44] INFO training_time: 3109.831390619278
[2026-01-22 09:29:44] INFO inference_time: 38.64291048049927
[2026-01-22 09:31:29] INFO {'epoch': 30, 'sport_15_ndcg@20': tensor(0.0156), 'sport_15_recall@20': tensor(0.0372), 'ndcg@20': tensor(0.0156), 'recall@20': tensor(0.0372), 'train_loss_0': tensor(0.5343, device='cuda:0')}
[2026-01-22 09:31:29] INFO training_time: 3212.809180498123
[2026-01-22 09:31:29] INFO inference_time: 40.32133221626282
[2026-01-22 09:33:13] INFO {'epoch': 31, 'sport_15_ndcg@20': tensor(0.0156), 'sport_15_recall@20': tensor(0.0364), 'ndcg@20': tensor(0.0156), 'recall@20': tensor(0.0364), 'train_loss_0': tensor(0.5315, device='cuda:0')}
[2026-01-22 09:33:13] INFO training_time: 3315.640455007553
[2026-01-22 09:33:13] INFO inference_time: 41.74208950996399
[2026-01-22 09:34:58] INFO {'epoch': 32, 'sport_15_ndcg@20': tensor(0.0160), 'sport_15_recall@20': tensor(0.0374), 'ndcg@20': tensor(0.0160), 'recall@20': tensor(0.0374), 'train_loss_0': tensor(0.5297, device='cuda:0')}
[2026-01-22 09:34:58] INFO training_time: 3419.036154270172
[2026-01-22 09:34:58] INFO inference_time: 42.87546396255493
[2026-01-22 09:34:58] INFO ndcg@20 improved. Best value: 0.0160
[2026-01-22 09:34:58] INFO Best model checkpoint saved in saved/SASRec/noisy_15/2026-01-22-08-37-07-797025.ckpt.
[2026-01-22 09:36:42] INFO {'epoch': 33, 'sport_15_ndcg@20': tensor(0.0149), 'sport_15_recall@20': tensor(0.0346), 'ndcg@20': tensor(0.0149), 'recall@20': tensor(0.0346), 'train_loss_0': tensor(0.5266, device='cuda:0')}
[2026-01-22 09:36:42] INFO training_time: 3521.6822476387024
[2026-01-22 09:36:42] INFO inference_time: 44.30165767669678
[2026-01-22 09:38:26] INFO {'epoch': 34, 'sport_15_ndcg@20': tensor(0.0158), 'sport_15_recall@20': tensor(0.0367), 'ndcg@20': tensor(0.0158), 'recall@20': tensor(0.0367), 'train_loss_0': tensor(0.5266, device='cuda:0')}
[2026-01-22 09:38:26] INFO training_time: 3624.309847831726
[2026-01-22 09:38:26] INFO inference_time: 45.457772970199585
[2026-01-22 09:40:10] INFO {'epoch': 35, 'sport_15_ndcg@20': tensor(0.0154), 'sport_15_recall@20': tensor(0.0355), 'ndcg@20': tensor(0.0154), 'recall@20': tensor(0.0355), 'train_loss_0': tensor(0.5187, device='cuda:0')}
[2026-01-22 09:40:10] INFO training_time: 3726.991806745529
[2026-01-22 09:40:10] INFO inference_time: 46.69382572174072
[2026-01-22 09:41:53] INFO {'epoch': 36, 'sport_15_ndcg@20': tensor(0.0157), 'sport_15_recall@20': tensor(0.0369), 'ndcg@20': tensor(0.0157), 'recall@20': tensor(0.0369), 'train_loss_0': tensor(0.5210, device='cuda:0')}
[2026-01-22 09:41:53] INFO training_time: 3829.4426646232605
[2026-01-22 09:41:53] INFO inference_time: 47.843514919281006
[2026-01-22 09:43:37] INFO {'epoch': 37, 'sport_15_ndcg@20': tensor(0.0158), 'sport_15_recall@20': tensor(0.0362), 'ndcg@20': tensor(0.0158), 'recall@20': tensor(0.0362), 'train_loss_0': tensor(0.5171, device='cuda:0')}
[2026-01-22 09:43:37] INFO training_time: 3932.2295112609863
[2026-01-22 09:43:37] INFO inference_time: 49.168102502822876
[2026-01-22 09:45:21] INFO {'epoch': 38, 'sport_15_ndcg@20': tensor(0.0158), 'sport_15_recall@20': tensor(0.0370), 'ndcg@20': tensor(0.0158), 'recall@20': tensor(0.0370), 'train_loss_0': tensor(0.5157, device='cuda:0')}
[2026-01-22 09:45:21] INFO training_time: 4035.0407195091248
[2026-01-22 09:45:21] INFO inference_time: 50.39035964012146
[2026-01-22 09:47:05] INFO {'epoch': 39, 'sport_15_ndcg@20': tensor(0.0162), 'sport_15_recall@20': tensor(0.0385), 'ndcg@20': tensor(0.0162), 'recall@20': tensor(0.0385), 'train_loss_0': tensor(0.5152, device='cuda:0')}
[2026-01-22 09:47:05] INFO training_time: 4137.826143741608
[2026-01-22 09:47:05] INFO inference_time: 51.61613845825195
[2026-01-22 09:47:05] INFO ndcg@20 improved. Best value: 0.0162
[2026-01-22 09:47:05] INFO Best model checkpoint saved in saved/SASRec/noisy_15/2026-01-22-08-37-07-797025.ckpt.
[2026-01-22 09:48:50] INFO {'epoch': 40, 'sport_15_ndcg@20': tensor(0.0161), 'sport_15_recall@20': tensor(0.0374), 'ndcg@20': tensor(0.0161), 'recall@20': tensor(0.0374), 'train_loss_0': tensor(0.5126, device='cuda:0')}
[2026-01-22 09:48:50] INFO training_time: 4240.64874458313
[2026-01-22 09:48:50] INFO inference_time: 53.26346969604492
[2026-01-22 09:50:34] INFO {'epoch': 41, 'sport_15_ndcg@20': tensor(0.0160), 'sport_15_recall@20': tensor(0.0373), 'ndcg@20': tensor(0.0160), 'recall@20': tensor(0.0373), 'train_loss_0': tensor(0.5114, device='cuda:0')}
[2026-01-22 09:50:34] INFO training_time: 4343.45233798027
[2026-01-22 09:50:34] INFO inference_time: 54.34982633590698
[2026-01-22 09:52:18] INFO {'epoch': 42, 'sport_15_ndcg@20': tensor(0.0162), 'sport_15_recall@20': tensor(0.0384), 'ndcg@20': tensor(0.0162), 'recall@20': tensor(0.0384), 'train_loss_0': tensor(0.5073, device='cuda:0')}
[2026-01-22 09:52:18] INFO training_time: 4446.283366441727
[2026-01-22 09:52:18] INFO inference_time: 55.51817727088928
[2026-01-22 09:52:18] INFO ndcg@20 improved. Best value: 0.0162
[2026-01-22 09:52:18] INFO Best model checkpoint saved in saved/SASRec/noisy_15/2026-01-22-08-37-07-797025.ckpt.
[2026-01-22 09:53:57] INFO {'epoch': 43, 'sport_15_ndcg@20': tensor(0.0161), 'sport_15_recall@20': tensor(0.0379), 'ndcg@20': tensor(0.0161), 'recall@20': tensor(0.0379), 'train_loss_0': tensor(0.5093, device='cuda:0')}
[2026-01-22 09:53:57] INFO training_time: 4544.598978757858
[2026-01-22 09:53:57] INFO inference_time: 56.79203963279724
[2026-01-22 09:55:31] INFO {'epoch': 44, 'sport_15_ndcg@20': tensor(0.0162), 'sport_15_recall@20': tensor(0.0379), 'ndcg@20': tensor(0.0162), 'recall@20': tensor(0.0379), 'train_loss_0': tensor(0.5031, device='cuda:0')}
[2026-01-22 09:55:31] INFO training_time: 4636.819323539734
[2026-01-22 09:55:31] INFO inference_time: 58.0524799823761
[2026-01-22 09:55:31] INFO ndcg@20 improved. Best value: 0.0162
[2026-01-22 09:55:31] INFO Best model checkpoint saved in saved/SASRec/noisy_15/2026-01-22-08-37-07-797025.ckpt.
[2026-01-22 09:57:05] INFO {'epoch': 45, 'sport_15_ndcg@20': tensor(0.0161), 'sport_15_recall@20': tensor(0.0384), 'ndcg@20': tensor(0.0161), 'recall@20': tensor(0.0384), 'train_loss_0': tensor(0.5025, device='cuda:0')}
[2026-01-22 09:57:05] INFO training_time: 4729.775517702103
[2026-01-22 09:57:05] INFO inference_time: 59.2869987487793
[2026-01-22 09:58:39] INFO {'epoch': 46, 'sport_15_ndcg@20': tensor(0.0161), 'sport_15_recall@20': tensor(0.0381), 'ndcg@20': tensor(0.0161), 'recall@20': tensor(0.0381), 'train_loss_0': tensor(0.5019, device='cuda:0')}
[2026-01-22 09:58:39] INFO training_time: 4822.3560972213745
[2026-01-22 09:58:39] INFO inference_time: 60.81271243095398
[2026-01-22 10:00:12] INFO {'epoch': 47, 'sport_15_ndcg@20': tensor(0.0164), 'sport_15_recall@20': tensor(0.0382), 'ndcg@20': tensor(0.0164), 'recall@20': tensor(0.0382), 'train_loss_0': tensor(0.5003, device='cuda:0')}
[2026-01-22 10:00:12] INFO training_time: 4914.419144392014
[2026-01-22 10:00:12] INFO inference_time: 61.927335023880005
[2026-01-22 10:00:12] INFO ndcg@20 improved. Best value: 0.0164
[2026-01-22 10:00:12] INFO Best model checkpoint saved in saved/SASRec/noisy_15/2026-01-22-08-37-07-797025.ckpt.
[2026-01-22 10:01:46] INFO {'epoch': 48, 'sport_15_ndcg@20': tensor(0.0163), 'sport_15_recall@20': tensor(0.0384), 'ndcg@20': tensor(0.0163), 'recall@20': tensor(0.0384), 'train_loss_0': tensor(0.4986, device='cuda:0')}
[2026-01-22 10:01:46] INFO training_time: 5006.374354124069
[2026-01-22 10:01:46] INFO inference_time: 63.56969857215881
[2026-01-22 10:03:19] INFO {'epoch': 49, 'sport_15_ndcg@20': tensor(0.0161), 'sport_15_recall@20': tensor(0.0386), 'ndcg@20': tensor(0.0161), 'recall@20': tensor(0.0386), 'train_loss_0': tensor(0.4979, device='cuda:0')}
[2026-01-22 10:03:19] INFO training_time: 5098.397885322571
[2026-01-22 10:03:19] INFO inference_time: 64.58478379249573
[2026-01-22 10:04:53] INFO {'epoch': 50, 'sport_15_ndcg@20': tensor(0.0161), 'sport_15_recall@20': tensor(0.0383), 'ndcg@20': tensor(0.0161), 'recall@20': tensor(0.0383), 'train_loss_0': tensor(0.4958, device='cuda:0')}
[2026-01-22 10:04:53] INFO training_time: 5190.742189407349
[2026-01-22 10:04:53] INFO inference_time: 66.20035290718079
[2026-01-22 10:06:27] INFO {'epoch': 51, 'sport_15_ndcg@20': tensor(0.0160), 'sport_15_recall@20': tensor(0.0380), 'ndcg@20': tensor(0.0160), 'recall@20': tensor(0.0380), 'train_loss_0': tensor(0.4950, device='cuda:0')}
[2026-01-22 10:06:27] INFO training_time: 5283.165016651154
[2026-01-22 10:06:27] INFO inference_time: 67.5151903629303
[2026-01-22 10:08:00] INFO {'epoch': 52, 'sport_15_ndcg@20': tensor(0.0156), 'sport_15_recall@20': tensor(0.0372), 'ndcg@20': tensor(0.0156), 'recall@20': tensor(0.0372), 'train_loss_0': tensor(0.4957, device='cuda:0')}
[2026-01-22 10:08:00] INFO training_time: 5375.3972635269165
[2026-01-22 10:08:00] INFO inference_time: 68.66042900085449
[2026-01-22 10:09:33] INFO {'epoch': 53, 'sport_15_ndcg@20': tensor(0.0156), 'sport_15_recall@20': tensor(0.0367), 'ndcg@20': tensor(0.0156), 'recall@20': tensor(0.0367), 'train_loss_0': tensor(0.4928, device='cuda:0')}
[2026-01-22 10:09:33] INFO training_time: 5466.5607097148895
[2026-01-22 10:09:33] INFO inference_time: 69.8492329120636
[2026-01-22 10:10:55] INFO {'epoch': 54, 'sport_15_ndcg@20': tensor(0.0161), 'sport_15_recall@20': tensor(0.0376), 'ndcg@20': tensor(0.0161), 'recall@20': tensor(0.0376), 'train_loss_0': tensor(0.4902, device='cuda:0')}
[2026-01-22 10:10:55] INFO training_time: 5548.2421152591705
[2026-01-22 10:10:55] INFO inference_time: 70.84969186782837
[2026-01-22 10:12:18] INFO {'epoch': 55, 'sport_15_ndcg@20': tensor(0.0161), 'sport_15_recall@20': tensor(0.0379), 'ndcg@20': tensor(0.0161), 'recall@20': tensor(0.0379), 'train_loss_0': tensor(0.4898, device='cuda:0')}
[2026-01-22 10:12:18] INFO training_time: 5630.115905046463
[2026-01-22 10:12:18] INFO inference_time: 72.07812762260437
[2026-01-22 10:13:42] INFO {'epoch': 56, 'sport_15_ndcg@20': tensor(0.0159), 'sport_15_recall@20': tensor(0.0376), 'ndcg@20': tensor(0.0159), 'recall@20': tensor(0.0376), 'train_loss_0': tensor(0.4898, device='cuda:0')}
[2026-01-22 10:13:42] INFO training_time: 5712.226257562637
[2026-01-22 10:13:42] INFO inference_time: 73.28017044067383
[2026-01-22 10:15:04] INFO {'epoch': 57, 'sport_15_ndcg@20': tensor(0.0165), 'sport_15_recall@20': tensor(0.0384), 'ndcg@20': tensor(0.0165), 'recall@20': tensor(0.0384), 'train_loss_0': tensor(0.4861, device='cuda:0')}
[2026-01-22 10:15:04] INFO training_time: 5793.903817892075
[2026-01-22 10:15:04] INFO inference_time: 74.31761527061462
[2026-01-22 10:15:04] INFO ndcg@20 improved. Best value: 0.0165
[2026-01-22 10:15:04] INFO Best model checkpoint saved in saved/SASRec/noisy_15/2026-01-22-08-37-07-797025.ckpt.
[2026-01-22 10:16:27] INFO {'epoch': 58, 'sport_15_ndcg@20': tensor(0.0162), 'sport_15_recall@20': tensor(0.0381), 'ndcg@20': tensor(0.0162), 'recall@20': tensor(0.0381), 'train_loss_0': tensor(0.4882, device='cuda:0')}
[2026-01-22 10:16:27] INFO training_time: 5875.6656012535095
[2026-01-22 10:16:27] INFO inference_time: 75.4270567893982
[2026-01-22 10:17:50] INFO {'epoch': 59, 'sport_15_ndcg@20': tensor(0.0160), 'sport_15_recall@20': tensor(0.0374), 'ndcg@20': tensor(0.0160), 'recall@20': tensor(0.0374), 'train_loss_0': tensor(0.4867, device='cuda:0')}
[2026-01-22 10:17:50] INFO training_time: 5957.404020786285
[2026-01-22 10:17:50] INFO inference_time: 76.71378684043884
[2026-01-22 10:19:05] INFO {'epoch': 60, 'sport_15_ndcg@20': tensor(0.0161), 'sport_15_recall@20': tensor(0.0377), 'ndcg@20': tensor(0.0161), 'recall@20': tensor(0.0377), 'train_loss_0': tensor(0.4838, device='cuda:0')}
[2026-01-22 10:19:05] INFO training_time: 6031.360815048218
[2026-01-22 10:19:05] INFO inference_time: 77.88309693336487
[2026-01-22 10:20:16] INFO {'epoch': 61, 'sport_15_ndcg@20': tensor(0.0159), 'sport_15_recall@20': tensor(0.0372), 'ndcg@20': tensor(0.0159), 'recall@20': tensor(0.0372), 'train_loss_0': tensor(0.4817, device='cuda:0')}
[2026-01-22 10:20:16] INFO training_time: 6100.860650539398
[2026-01-22 10:20:16] INFO inference_time: 78.8724455833435
[2026-01-22 10:21:19] INFO {'epoch': 62, 'sport_15_ndcg@20': tensor(0.0157), 'sport_15_recall@20': tensor(0.0366), 'ndcg@20': tensor(0.0157), 'recall@20': tensor(0.0366), 'train_loss_0': tensor(0.4818, device='cuda:0')}
[2026-01-22 10:21:19] INFO training_time: 6162.649726390839
[2026-01-22 10:21:19] INFO inference_time: 80.26832580566406
[2026-01-22 10:22:22] INFO {'epoch': 63, 'sport_15_ndcg@20': tensor(0.0162), 'sport_15_recall@20': tensor(0.0376), 'ndcg@20': tensor(0.0162), 'recall@20': tensor(0.0376), 'train_loss_0': tensor(0.4836, device='cuda:0')}
[2026-01-22 10:22:22] INFO training_time: 6224.354422330856
[2026-01-22 10:22:22] INFO inference_time: 81.34140062332153
[2026-01-22 10:23:25] INFO {'epoch': 64, 'sport_15_ndcg@20': tensor(0.0160), 'sport_15_recall@20': tensor(0.0374), 'ndcg@20': tensor(0.0160), 'recall@20': tensor(0.0374), 'train_loss_0': tensor(0.4816, device='cuda:0')}
[2026-01-22 10:23:25] INFO training_time: 6286.392734289169
[2026-01-22 10:23:25] INFO inference_time: 82.7198851108551
[2026-01-22 10:24:29] INFO {'epoch': 65, 'sport_15_ndcg@20': tensor(0.0162), 'sport_15_recall@20': tensor(0.0378), 'ndcg@20': tensor(0.0162), 'recall@20': tensor(0.0378), 'train_loss_0': tensor(0.4799, device='cuda:0')}
[2026-01-22 10:24:29] INFO training_time: 6348.563604831696
[2026-01-22 10:24:29] INFO inference_time: 83.70500349998474
[2026-01-22 10:25:32] INFO {'epoch': 66, 'sport_15_ndcg@20': tensor(0.0161), 'sport_15_recall@20': tensor(0.0384), 'ndcg@20': tensor(0.0161), 'recall@20': tensor(0.0384), 'train_loss_0': tensor(0.4781, device='cuda:0')}
[2026-01-22 10:25:32] INFO training_time: 6411.297269821167
[2026-01-22 10:25:32] INFO inference_time: 84.77018618583679
[2026-01-22 10:26:36] INFO {'epoch': 67, 'sport_15_ndcg@20': tensor(0.0161), 'sport_15_recall@20': tensor(0.0379), 'ndcg@20': tensor(0.0161), 'recall@20': tensor(0.0379), 'train_loss_0': tensor(0.4775, device='cuda:0')}
[2026-01-22 10:26:36] INFO training_time: 6473.974711418152
[2026-01-22 10:26:36] INFO inference_time: 85.75249910354614
[2026-01-22 10:27:40] INFO {'epoch': 68, 'sport_15_ndcg@20': tensor(0.0163), 'sport_15_recall@20': tensor(0.0377), 'ndcg@20': tensor(0.0163), 'recall@20': tensor(0.0377), 'train_loss_0': tensor(0.4757, device='cuda:0')}
[2026-01-22 10:27:40] INFO training_time: 6536.590666294098
[2026-01-22 10:27:40] INFO inference_time: 86.70383715629578
[2026-01-22 10:28:43] INFO {'epoch': 69, 'sport_15_ndcg@20': tensor(0.0163), 'sport_15_recall@20': tensor(0.0383), 'ndcg@20': tensor(0.0163), 'recall@20': tensor(0.0383), 'train_loss_0': tensor(0.4752, device='cuda:0')}
[2026-01-22 10:28:43] INFO training_time: 6598.910468578339
[2026-01-22 10:28:43] INFO inference_time: 87.6960666179657
[2026-01-22 10:29:48] INFO {'epoch': 70, 'sport_15_ndcg@20': tensor(0.0162), 'sport_15_recall@20': tensor(0.0376), 'ndcg@20': tensor(0.0162), 'recall@20': tensor(0.0376), 'train_loss_0': tensor(0.4747, device='cuda:0')}
[2026-01-22 10:29:48] INFO training_time: 6662.011548995972
[2026-01-22 10:29:48] INFO inference_time: 89.2088212966919
[2026-01-22 10:30:51] INFO {'epoch': 71, 'sport_15_ndcg@20': tensor(0.0167), 'sport_15_recall@20': tensor(0.0391), 'ndcg@20': tensor(0.0167), 'recall@20': tensor(0.0391), 'train_loss_0': tensor(0.4724, device='cuda:0')}
[2026-01-22 10:30:51] INFO training_time: 6724.5947732925415
[2026-01-22 10:30:51] INFO inference_time: 90.14759492874146
[2026-01-22 10:30:51] INFO ndcg@20 improved. Best value: 0.0167
[2026-01-22 10:30:51] INFO Best model checkpoint saved in saved/SASRec/noisy_15/2026-01-22-08-37-07-797025.ckpt.
[2026-01-22 10:31:55] INFO {'epoch': 72, 'sport_15_ndcg@20': tensor(0.0166), 'sport_15_recall@20': tensor(0.0388), 'ndcg@20': tensor(0.0166), 'recall@20': tensor(0.0388), 'train_loss_0': tensor(0.4732, device='cuda:0')}
[2026-01-22 10:31:55] INFO training_time: 6787.229805231094
[2026-01-22 10:31:55] INFO inference_time: 91.19681763648987
[2026-01-22 10:32:51] INFO {'epoch': 73, 'sport_15_ndcg@20': tensor(0.0164), 'sport_15_recall@20': tensor(0.0382), 'ndcg@20': tensor(0.0164), 'recall@20': tensor(0.0382), 'train_loss_0': tensor(0.4727, device='cuda:0')}
[2026-01-22 10:32:51] INFO training_time: 6842.615808725357
[2026-01-22 10:32:51] INFO inference_time: 92.4357841014862
[2026-01-22 10:33:45] INFO {'epoch': 74, 'sport_15_ndcg@20': tensor(0.0162), 'sport_15_recall@20': tensor(0.0381), 'ndcg@20': tensor(0.0162), 'recall@20': tensor(0.0381), 'train_loss_0': tensor(0.4705, device='cuda:0')}
[2026-01-22 10:33:45] INFO training_time: 6894.749366521835
[2026-01-22 10:33:45] INFO inference_time: 93.46940016746521
[2026-01-22 10:34:37] INFO {'epoch': 75, 'sport_15_ndcg@20': tensor(0.0164), 'sport_15_recall@20': tensor(0.0385), 'ndcg@20': tensor(0.0164), 'recall@20': tensor(0.0385), 'train_loss_0': tensor(0.4683, device='cuda:0')}
[2026-01-22 10:34:37] INFO training_time: 6946.3023109436035
[2026-01-22 10:34:37] INFO inference_time: 94.46206903457642
[2026-01-22 10:35:30] INFO {'epoch': 76, 'sport_15_ndcg@20': tensor(0.0161), 'sport_15_recall@20': tensor(0.0373), 'ndcg@20': tensor(0.0161), 'recall@20': tensor(0.0373), 'train_loss_0': tensor(0.4702, device='cuda:0')}
[2026-01-22 10:35:30] INFO training_time: 6998.3776659965515
[2026-01-22 10:35:30] INFO inference_time: 95.46420526504517
[2026-01-22 10:36:23] INFO {'epoch': 77, 'sport_15_ndcg@20': tensor(0.0161), 'sport_15_recall@20': tensor(0.0371), 'ndcg@20': tensor(0.0161), 'recall@20': tensor(0.0371), 'train_loss_0': tensor(0.4713, device='cuda:0')}
[2026-01-22 10:36:23] INFO training_time: 7049.810914516449
[2026-01-22 10:36:23] INFO inference_time: 96.8305344581604
[2026-01-22 10:37:15] INFO {'epoch': 78, 'sport_15_ndcg@20': tensor(0.0164), 'sport_15_recall@20': tensor(0.0382), 'ndcg@20': tensor(0.0164), 'recall@20': tensor(0.0382), 'train_loss_0': tensor(0.4674, device='cuda:0')}
[2026-01-22 10:37:15] INFO training_time: 7101.036035776138
[2026-01-22 10:37:15] INFO inference_time: 97.77929735183716
[2026-01-22 10:38:07] INFO {'epoch': 79, 'sport_15_ndcg@20': tensor(0.0165), 'sport_15_recall@20': tensor(0.0386), 'ndcg@20': tensor(0.0165), 'recall@20': tensor(0.0386), 'train_loss_0': tensor(0.4660, device='cuda:0')}
[2026-01-22 10:38:07] INFO training_time: 7152.18740773201
[2026-01-22 10:38:07] INFO inference_time: 98.77299928665161
[2026-01-22 10:39:01] INFO {'epoch': 80, 'sport_15_ndcg@20': tensor(0.0162), 'sport_15_recall@20': tensor(0.0382), 'ndcg@20': tensor(0.0162), 'recall@20': tensor(0.0382), 'train_loss_0': tensor(0.4673, device='cuda:0')}
[2026-01-22 10:39:01] INFO training_time: 7203.974444389343
[2026-01-22 10:39:01] INFO inference_time: 100.13845682144165
[2026-01-22 10:39:52] INFO {'epoch': 81, 'sport_15_ndcg@20': tensor(0.0163), 'sport_15_recall@20': tensor(0.0376), 'ndcg@20': tensor(0.0163), 'recall@20': tensor(0.0376), 'train_loss_0': tensor(0.4676, device='cuda:0')}
[2026-01-22 10:39:52] INFO training_time: 7254.988422870636
[2026-01-22 10:39:52] INFO inference_time: 101.0701653957367
[2026-01-22 10:40:45] INFO {'epoch': 82, 'sport_15_ndcg@20': tensor(0.0164), 'sport_15_recall@20': tensor(0.0384), 'ndcg@20': tensor(0.0164), 'recall@20': tensor(0.0384), 'train_loss_0': tensor(0.4673, device='cuda:0')}
[2026-01-22 10:40:45] INFO training_time: 7306.290691614151
[2026-01-22 10:40:45] INFO inference_time: 102.24398970603943
[2026-01-22 10:41:38] INFO {'epoch': 83, 'sport_15_ndcg@20': tensor(0.0160), 'sport_15_recall@20': tensor(0.0374), 'ndcg@20': tensor(0.0160), 'recall@20': tensor(0.0374), 'train_loss_0': tensor(0.4644, device='cuda:0')}
[2026-01-22 10:41:38] INFO training_time: 7358.519873380661
[2026-01-22 10:41:38] INFO inference_time: 103.4860143661499
[2026-01-22 10:42:31] INFO {'epoch': 84, 'sport_15_ndcg@20': tensor(0.0163), 'sport_15_recall@20': tensor(0.0375), 'ndcg@20': tensor(0.0163), 'recall@20': tensor(0.0375), 'train_loss_0': tensor(0.4663, device='cuda:0')}
[2026-01-22 10:42:31] INFO training_time: 7409.549684762955
[2026-01-22 10:42:31] INFO inference_time: 104.53880953788757
[2026-01-22 10:43:21] INFO {'epoch': 85, 'sport_15_ndcg@20': tensor(0.0167), 'sport_15_recall@20': tensor(0.0388), 'ndcg@20': tensor(0.0167), 'recall@20': tensor(0.0388), 'train_loss_0': tensor(0.4628, device='cuda:0')}
[2026-01-22 10:43:21] INFO training_time: 7459.39749455452
[2026-01-22 10:43:21] INFO inference_time: 105.50324130058289
[2026-01-22 10:43:21] INFO ndcg@20 improved. Best value: 0.0167
[2026-01-22 10:43:21] INFO Best model checkpoint saved in saved/SASRec/noisy_15/2026-01-22-08-37-07-797025.ckpt.
[2026-01-22 10:43:56] INFO {'epoch': 86, 'sport_15_ndcg@20': tensor(0.0166), 'sport_15_recall@20': tensor(0.0378), 'ndcg@20': tensor(0.0166), 'recall@20': tensor(0.0378), 'train_loss_0': tensor(0.4625, device='cuda:0')}
[2026-01-22 10:43:56] INFO training_time: 7493.054799795151
[2026-01-22 10:43:56] INFO inference_time: 106.45586252212524
[2026-01-22 10:44:30] INFO {'epoch': 87, 'sport_15_ndcg@20': tensor(0.0165), 'sport_15_recall@20': tensor(0.0382), 'ndcg@20': tensor(0.0165), 'recall@20': tensor(0.0382), 'train_loss_0': tensor(0.4624, device='cuda:0')}
[2026-01-22 10:44:30] INFO training_time: 7526.049298048019
[2026-01-22 10:44:30] INFO inference_time: 107.31543350219727
[2026-01-22 10:45:04] INFO {'epoch': 88, 'sport_15_ndcg@20': tensor(0.0167), 'sport_15_recall@20': tensor(0.0390), 'ndcg@20': tensor(0.0167), 'recall@20': tensor(0.0390), 'train_loss_0': tensor(0.4620, device='cuda:0')}
[2026-01-22 10:45:04] INFO training_time: 7559.626971244812
[2026-01-22 10:45:04] INFO inference_time: 108.28090071678162
[2026-01-22 10:45:39] INFO {'epoch': 89, 'sport_15_ndcg@20': tensor(0.0165), 'sport_15_recall@20': tensor(0.0379), 'ndcg@20': tensor(0.0165), 'recall@20': tensor(0.0379), 'train_loss_0': tensor(0.4601, device='cuda:0')}
[2026-01-22 10:45:39] INFO training_time: 7593.250998973846
[2026-01-22 10:45:39] INFO inference_time: 109.12155747413635
[2026-01-22 10:46:13] INFO {'epoch': 90, 'sport_15_ndcg@20': tensor(0.0164), 'sport_15_recall@20': tensor(0.0381), 'ndcg@20': tensor(0.0164), 'recall@20': tensor(0.0381), 'train_loss_0': tensor(0.4610, device='cuda:0')}
[2026-01-22 10:46:13] INFO training_time: 7626.0479571819305
[2026-01-22 10:46:13] INFO inference_time: 110.23492527008057
[2026-01-22 10:46:47] INFO {'epoch': 91, 'sport_15_ndcg@20': tensor(0.0164), 'sport_15_recall@20': tensor(0.0385), 'ndcg@20': tensor(0.0164), 'recall@20': tensor(0.0385), 'train_loss_0': tensor(0.4594, device='cuda:0')}
[2026-01-22 10:46:47] INFO training_time: 7658.946244001389
[2026-01-22 10:46:47] INFO inference_time: 111.41255569458008
[2026-01-22 10:47:22] INFO {'epoch': 92, 'sport_15_ndcg@20': tensor(0.0164), 'sport_15_recall@20': tensor(0.0386), 'ndcg@20': tensor(0.0164), 'recall@20': tensor(0.0386), 'train_loss_0': tensor(0.4588, device='cuda:0')}
[2026-01-22 10:47:22] INFO training_time: 7692.375777959824
[2026-01-22 10:47:22] INFO inference_time: 112.71404123306274
[2026-01-22 10:47:55] INFO {'epoch': 93, 'sport_15_ndcg@20': tensor(0.0165), 'sport_15_recall@20': tensor(0.0387), 'ndcg@20': tensor(0.0165), 'recall@20': tensor(0.0387), 'train_loss_0': tensor(0.4586, device='cuda:0')}
[2026-01-22 10:47:55] INFO training_time: 7725.07865357399
[2026-01-22 10:47:55] INFO inference_time: 113.55052137374878
[2026-01-22 10:48:29] INFO {'epoch': 94, 'sport_15_ndcg@20': tensor(0.0163), 'sport_15_recall@20': tensor(0.0378), 'ndcg@20': tensor(0.0163), 'recall@20': tensor(0.0378), 'train_loss_0': tensor(0.4582, device='cuda:0')}
[2026-01-22 10:48:29] INFO training_time: 7758.096779823303
[2026-01-22 10:48:29] INFO inference_time: 114.51633071899414
[2026-01-22 10:49:02] INFO {'epoch': 95, 'sport_15_ndcg@20': tensor(0.0163), 'sport_15_recall@20': tensor(0.0382), 'ndcg@20': tensor(0.0163), 'recall@20': tensor(0.0382), 'train_loss_0': tensor(0.4568, device='cuda:0')}
[2026-01-22 10:49:02] INFO training_time: 7790.551933288574
[2026-01-22 10:49:02] INFO inference_time: 115.38445615768433
[2026-01-22 10:49:37] INFO {'epoch': 96, 'sport_15_ndcg@20': tensor(0.0169), 'sport_15_recall@20': tensor(0.0401), 'ndcg@20': tensor(0.0169), 'recall@20': tensor(0.0401), 'train_loss_0': tensor(0.4569, device='cuda:0')}
[2026-01-22 10:49:37] INFO training_time: 7823.953855276108
[2026-01-22 10:49:37] INFO inference_time: 116.29369258880615
[2026-01-22 10:49:37] INFO ndcg@20 improved. Best value: 0.0169
[2026-01-22 10:49:37] INFO Best model checkpoint saved in saved/SASRec/noisy_15/2026-01-22-08-37-07-797025.ckpt.
[2026-01-22 10:50:11] INFO {'epoch': 97, 'sport_15_ndcg@20': tensor(0.0166), 'sport_15_recall@20': tensor(0.0384), 'ndcg@20': tensor(0.0166), 'recall@20': tensor(0.0384), 'train_loss_0': tensor(0.4564, device='cuda:0')}
[2026-01-22 10:50:11] INFO training_time: 7857.0814509391785
[2026-01-22 10:50:11] INFO inference_time: 117.24707984924316
[2026-01-22 10:50:40] INFO {'epoch': 98, 'sport_15_ndcg@20': tensor(0.0167), 'sport_15_recall@20': tensor(0.0389), 'ndcg@20': tensor(0.0167), 'recall@20': tensor(0.0389), 'train_loss_0': tensor(0.4571, device='cuda:0')}
[2026-01-22 10:50:40] INFO training_time: 7885.616772174835
[2026-01-22 10:50:40] INFO inference_time: 118.20600914955139
[2026-01-22 10:51:07] INFO {'epoch': 99, 'sport_15_ndcg@20': tensor(0.0167), 'sport_15_recall@20': tensor(0.0394), 'ndcg@20': tensor(0.0167), 'recall@20': tensor(0.0394), 'train_loss_0': tensor(0.4554, device='cuda:0')}
[2026-01-22 10:51:07] INFO training_time: 7911.707982301712
[2026-01-22 10:51:07] INFO inference_time: 119.15635681152344
[2026-01-22 10:51:34] INFO {'epoch': 100, 'sport_15_ndcg@20': tensor(0.0163), 'sport_15_recall@20': tensor(0.0379), 'ndcg@20': tensor(0.0163), 'recall@20': tensor(0.0379), 'train_loss_0': tensor(0.4510, device='cuda:0')}
[2026-01-22 10:51:34] INFO training_time: 7937.495004415512
[2026-01-22 10:51:34] INFO inference_time: 120.20946168899536
[2026-01-22 10:52:01] INFO {'epoch': 101, 'sport_15_ndcg@20': tensor(0.0164), 'sport_15_recall@20': tensor(0.0386), 'ndcg@20': tensor(0.0164), 'recall@20': tensor(0.0386), 'train_loss_0': tensor(0.4542, device='cuda:0')}
[2026-01-22 10:52:01] INFO training_time: 7963.35480928421
[2026-01-22 10:52:01] INFO inference_time: 121.05223727226257
[2026-01-22 10:52:27] INFO {'epoch': 102, 'sport_15_ndcg@20': tensor(0.0164), 'sport_15_recall@20': tensor(0.0382), 'ndcg@20': tensor(0.0164), 'recall@20': tensor(0.0382), 'train_loss_0': tensor(0.4551, device='cuda:0')}
[2026-01-22 10:52:27] INFO training_time: 7988.836623668671
[2026-01-22 10:52:27] INFO inference_time: 121.83132982254028
[2026-01-22 10:52:54] INFO {'epoch': 103, 'sport_15_ndcg@20': tensor(0.0166), 'sport_15_recall@20': tensor(0.0387), 'ndcg@20': tensor(0.0166), 'recall@20': tensor(0.0387), 'train_loss_0': tensor(0.4521, device='cuda:0')}
[2026-01-22 10:52:54] INFO training_time: 8014.802042722702
[2026-01-22 10:52:54] INFO inference_time: 122.7485671043396
[2026-01-22 10:53:21] INFO {'epoch': 104, 'sport_15_ndcg@20': tensor(0.0163), 'sport_15_recall@20': tensor(0.0381), 'ndcg@20': tensor(0.0163), 'recall@20': tensor(0.0381), 'train_loss_0': tensor(0.4537, device='cuda:0')}
[2026-01-22 10:53:21] INFO training_time: 8040.538545370102
[2026-01-22 10:53:21] INFO inference_time: 123.7126522064209
[2026-01-22 10:53:48] INFO {'epoch': 105, 'sport_15_ndcg@20': tensor(0.0165), 'sport_15_recall@20': tensor(0.0386), 'ndcg@20': tensor(0.0165), 'recall@20': tensor(0.0386), 'train_loss_0': tensor(0.4504, device='cuda:0')}
[2026-01-22 10:53:48] INFO training_time: 8066.479502439499
[2026-01-22 10:53:48] INFO inference_time: 124.63967251777649
[2026-01-22 10:54:14] INFO {'epoch': 106, 'sport_15_ndcg@20': tensor(0.0169), 'sport_15_recall@20': tensor(0.0389), 'ndcg@20': tensor(0.0169), 'recall@20': tensor(0.0389), 'train_loss_0': tensor(0.4505, device='cuda:0')}
[2026-01-22 10:54:14] INFO training_time: 8092.302516222
[2026-01-22 10:54:14] INFO inference_time: 125.48465180397034
[2026-01-22 10:54:41] INFO {'epoch': 107, 'sport_15_ndcg@20': tensor(0.0172), 'sport_15_recall@20': tensor(0.0395), 'ndcg@20': tensor(0.0172), 'recall@20': tensor(0.0395), 'train_loss_0': tensor(0.4519, device='cuda:0')}
[2026-01-22 10:54:41] INFO training_time: 8118.043194055557
[2026-01-22 10:54:41] INFO inference_time: 126.36341381072998
[2026-01-22 10:54:41] INFO ndcg@20 improved. Best value: 0.0172
[2026-01-22 10:54:41] INFO Best model checkpoint saved in saved/SASRec/noisy_15/2026-01-22-08-37-07-797025.ckpt.
[2026-01-22 10:55:08] INFO {'epoch': 108, 'sport_15_ndcg@20': tensor(0.0169), 'sport_15_recall@20': tensor(0.0387), 'ndcg@20': tensor(0.0169), 'recall@20': tensor(0.0387), 'train_loss_0': tensor(0.4511, device='cuda:0')}
[2026-01-22 10:55:08] INFO training_time: 8144.044273376465
[2026-01-22 10:55:08] INFO inference_time: 127.23769426345825
[2026-01-22 10:55:34] INFO {'epoch': 109, 'sport_15_ndcg@20': tensor(0.0169), 'sport_15_recall@20': tensor(0.0393), 'ndcg@20': tensor(0.0169), 'recall@20': tensor(0.0393), 'train_loss_0': tensor(0.4489, device='cuda:0')}
[2026-01-22 10:55:34] INFO training_time: 8169.545796632767
[2026-01-22 10:55:34] INFO inference_time: 128.15809726715088
[2026-01-22 10:56:01] INFO {'epoch': 110, 'sport_15_ndcg@20': tensor(0.0166), 'sport_15_recall@20': tensor(0.0391), 'ndcg@20': tensor(0.0166), 'recall@20': tensor(0.0391), 'train_loss_0': tensor(0.4504, device='cuda:0')}
[2026-01-22 10:56:01] INFO training_time: 8195.119843959808
[2026-01-22 10:56:01] INFO inference_time: 129.2638053894043
[2026-01-22 10:56:28] INFO {'epoch': 111, 'sport_15_ndcg@20': tensor(0.0162), 'sport_15_recall@20': tensor(0.0379), 'ndcg@20': tensor(0.0162), 'recall@20': tensor(0.0379), 'train_loss_0': tensor(0.4497, device='cuda:0')}
[2026-01-22 10:56:28] INFO training_time: 8220.809235572815
[2026-01-22 10:56:28] INFO inference_time: 130.10079336166382
[2026-01-22 10:56:54] INFO {'epoch': 112, 'sport_15_ndcg@20': tensor(0.0169), 'sport_15_recall@20': tensor(0.0386), 'ndcg@20': tensor(0.0169), 'recall@20': tensor(0.0386), 'train_loss_0': tensor(0.4469, device='cuda:0')}
[2026-01-22 10:56:54] INFO training_time: 8246.633785247803
[2026-01-22 10:56:54] INFO inference_time: 130.92433977127075
[2026-01-22 10:57:21] INFO {'epoch': 113, 'sport_15_ndcg@20': tensor(0.0165), 'sport_15_recall@20': tensor(0.0385), 'ndcg@20': tensor(0.0165), 'recall@20': tensor(0.0385), 'train_loss_0': tensor(0.4481, device='cuda:0')}
[2026-01-22 10:57:21] INFO training_time: 8272.207897663116
[2026-01-22 10:57:21] INFO inference_time: 131.77759170532227
[2026-01-22 10:57:47] INFO {'epoch': 114, 'sport_15_ndcg@20': tensor(0.0161), 'sport_15_recall@20': tensor(0.0379), 'ndcg@20': tensor(0.0161), 'recall@20': tensor(0.0379), 'train_loss_0': tensor(0.4487, device='cuda:0')}
[2026-01-22 10:57:47] INFO training_time: 8297.463780164719
[2026-01-22 10:57:47] INFO inference_time: 132.74711537361145
[2026-01-22 10:58:13] INFO {'epoch': 115, 'sport_15_ndcg@20': tensor(0.0165), 'sport_15_recall@20': tensor(0.0381), 'ndcg@20': tensor(0.0165), 'recall@20': tensor(0.0381), 'train_loss_0': tensor(0.4464, device='cuda:0')}
[2026-01-22 10:58:13] INFO training_time: 8322.71498966217
[2026-01-22 10:58:13] INFO inference_time: 133.67379665374756
[2026-01-22 10:58:40] INFO {'epoch': 116, 'sport_15_ndcg@20': tensor(0.0162), 'sport_15_recall@20': tensor(0.0380), 'ndcg@20': tensor(0.0162), 'recall@20': tensor(0.0380), 'train_loss_0': tensor(0.4441, device='cuda:0')}
[2026-01-22 10:58:40] INFO training_time: 8348.657621383667
[2026-01-22 10:58:40] INFO inference_time: 134.60713291168213
[2026-01-22 10:59:05] INFO {'epoch': 117, 'sport_15_ndcg@20': tensor(0.0162), 'sport_15_recall@20': tensor(0.0383), 'ndcg@20': tensor(0.0162), 'recall@20': tensor(0.0383), 'train_loss_0': tensor(0.4458, device='cuda:0')}
[2026-01-22 10:59:05] INFO training_time: 8372.9701628685
[2026-01-22 10:59:05] INFO inference_time: 135.43406581878662
[2026-01-22 10:59:32] INFO {'epoch': 118, 'sport_15_ndcg@20': tensor(0.0166), 'sport_15_recall@20': tensor(0.0383), 'ndcg@20': tensor(0.0166), 'recall@20': tensor(0.0383), 'train_loss_0': tensor(0.4459, device='cuda:0')}
[2026-01-22 10:59:32] INFO training_time: 8398.65453529358
[2026-01-22 10:59:32] INFO inference_time: 136.26725459098816
[2026-01-22 10:59:58] INFO {'epoch': 119, 'sport_15_ndcg@20': tensor(0.0161), 'sport_15_recall@20': tensor(0.0375), 'ndcg@20': tensor(0.0161), 'recall@20': tensor(0.0375), 'train_loss_0': tensor(0.4453, device='cuda:0')}
[2026-01-22 10:59:58] INFO training_time: 8424.615707159042
[2026-01-22 10:59:58] INFO inference_time: 137.14131879806519
[2026-01-22 11:00:25] INFO {'epoch': 120, 'sport_15_ndcg@20': tensor(0.0162), 'sport_15_recall@20': tensor(0.0381), 'ndcg@20': tensor(0.0162), 'recall@20': tensor(0.0381), 'train_loss_0': tensor(0.4440, device='cuda:0')}
[2026-01-22 11:00:25] INFO training_time: 8450.389374494553
[2026-01-22 11:00:25] INFO inference_time: 138.30004262924194
[2026-01-22 11:00:52] INFO {'epoch': 121, 'sport_15_ndcg@20': tensor(0.0158), 'sport_15_recall@20': tensor(0.0368), 'ndcg@20': tensor(0.0158), 'recall@20': tensor(0.0368), 'train_loss_0': tensor(0.4445, device='cuda:0')}
[2026-01-22 11:00:52] INFO training_time: 8476.282552242279
[2026-01-22 11:00:52] INFO inference_time: 139.07284283638
[2026-01-22 11:01:18] INFO {'epoch': 122, 'sport_15_ndcg@20': tensor(0.0164), 'sport_15_recall@20': tensor(0.0377), 'ndcg@20': tensor(0.0164), 'recall@20': tensor(0.0377), 'train_loss_0': tensor(0.4444, device='cuda:0')}
[2026-01-22 11:01:18] INFO training_time: 8501.786868095398
[2026-01-22 11:01:18] INFO inference_time: 139.8947150707245
[2026-01-22 11:01:45] INFO {'epoch': 123, 'sport_15_ndcg@20': tensor(0.0161), 'sport_15_recall@20': tensor(0.0378), 'ndcg@20': tensor(0.0161), 'recall@20': tensor(0.0378), 'train_loss_0': tensor(0.4424, device='cuda:0')}
[2026-01-22 11:01:45] INFO training_time: 8527.769182682037
[2026-01-22 11:01:45] INFO inference_time: 140.80479645729065
[2026-01-22 11:02:12] INFO {'epoch': 124, 'sport_15_ndcg@20': tensor(0.0161), 'sport_15_recall@20': tensor(0.0373), 'ndcg@20': tensor(0.0161), 'recall@20': tensor(0.0373), 'train_loss_0': tensor(0.4431, device='cuda:0')}
[2026-01-22 11:02:12] INFO training_time: 8553.653870344162
[2026-01-22 11:02:12] INFO inference_time: 141.74014592170715
[2026-01-22 11:02:39] INFO {'epoch': 125, 'sport_15_ndcg@20': tensor(0.0164), 'sport_15_recall@20': tensor(0.0382), 'ndcg@20': tensor(0.0164), 'recall@20': tensor(0.0382), 'train_loss_0': tensor(0.4424, device='cuda:0')}
[2026-01-22 11:02:39] INFO training_time: 8579.681795835495
[2026-01-22 11:02:39] INFO inference_time: 142.69276571273804
[2026-01-22 11:03:06] INFO {'epoch': 126, 'sport_15_ndcg@20': tensor(0.0164), 'sport_15_recall@20': tensor(0.0383), 'ndcg@20': tensor(0.0164), 'recall@20': tensor(0.0383), 'train_loss_0': tensor(0.4424, device='cuda:0')}
[2026-01-22 11:03:06] INFO training_time: 8605.400832176208
[2026-01-22 11:03:06] INFO inference_time: 143.56665515899658
[2026-01-22 11:03:32] INFO {'epoch': 127, 'sport_15_ndcg@20': tensor(0.0165), 'sport_15_recall@20': tensor(0.0382), 'ndcg@20': tensor(0.0165), 'recall@20': tensor(0.0382), 'train_loss_0': tensor(0.4424, device='cuda:0')}
[2026-01-22 11:03:32] INFO training_time: 8631.221923351288
[2026-01-22 11:03:32] INFO inference_time: 144.4730739593506
[2026-01-22 11:03:32] INFO Early stopped. Since the metric ndcg@20 haven't been improved for 20 epochs.
[2026-01-22 11:03:32] INFO The best score of ndcg@20 is 0.0172 on epoch 107
[2026-01-22 11:03:32] INFO Best model checkpoint saved in saved/SASRec/noisy_15/2026-01-22-08-37-07-797025.ckpt.
[2026-01-22 11:03:33] INFO defaultdict(<class 'float'>, {'sport_15_ndcg@20': tensor(0.0131), 'sport_15_recall@20': tensor(0.0296), 'sport_15_ndcg@10': tensor(0.0104), 'sport_15_recall@10': tensor(0.0192), 'ndcg@20': tensor(0.0131), 'recall@20': tensor(0.0296), 'ndcg@10': tensor(0.0104), 'recall@10': tensor(0.0192)})
