[2026-02-06 08:35:27] INFO PID of this process: 2601907
[2026-02-06 08:35:36] INFO {'model': {'embed_dim': 64, 'loss_fn': 'bce', 'hidden_size': 128, 'layer_num': 2, 'head_num': 2, 'dropout_rate': 0.5, 'activation': 'gelu', 'layer_norm_eps': 1e-12, 'model': 'SASRec'}, 'data': {'domain_name_list': ['sport_15'], 'user_threshold': 5, 'item_threshold': 5, 'max_seq_len': 50, 'dataset_class': 'general', 'train_file': '_ori', 'dataset': 'noisy_15'}, 'train': {'batch_size': 256, 'early_stop_mode': 'max', 'early_stop_patience': 20, 'epochs': 1000, 'device': 'cuda', 'optimizer': 'adam', 'learning_rate': 0.001, 'weight_decay': 0, 'num_neg': 1, 'seed': 2028}, 'eval': {'batch_size': 2048, 'cutoff': [20, 10], 'val_metrics': ['ndcg', 'recall'], 'test_metrics': ['ndcg', 'recall'], 'topk': 100, 'save_path': './saved/'}}
[2026-02-06 08:35:36] INFO <data.dataset.SeparateDataset object at 0x7f4f7dafb1f0>
[2026-02-06 08:35:36] INFO save_dir:saved
[2026-02-06 08:35:36] INFO SASRec(
  (item_embedding): Embedding(18358, 64, padding_idx=0)
  (query_encoder): SASRecQueryEncoder(
    (item_encoder): Embedding(18358, 64, padding_idx=0)
    (position_emb): Embedding(50, 64)
    (transformer_layer): TransformerEncoder(
      (layers): ModuleList(
        (0): TransformerEncoderLayer(
          (self_attn): MultiheadAttention(
            (out_proj): NonDynamicallyQuantizableLinear(in_features=64, out_features=64, bias=True)
          )
          (linear1): Linear(in_features=64, out_features=128, bias=True)
          (dropout): Dropout(p=0.5, inplace=False)
          (linear2): Linear(in_features=128, out_features=64, bias=True)
          (norm1): LayerNorm((64,), eps=1e-12, elementwise_affine=True)
          (norm2): LayerNorm((64,), eps=1e-12, elementwise_affine=True)
          (dropout1): Dropout(p=0.5, inplace=False)
          (dropout2): Dropout(p=0.5, inplace=False)
        )
        (1): TransformerEncoderLayer(
          (self_attn): MultiheadAttention(
            (out_proj): NonDynamicallyQuantizableLinear(in_features=64, out_features=64, bias=True)
          )
          (linear1): Linear(in_features=64, out_features=128, bias=True)
          (dropout): Dropout(p=0.5, inplace=False)
          (linear2): Linear(in_features=128, out_features=64, bias=True)
          (norm1): LayerNorm((64,), eps=1e-12, elementwise_affine=True)
          (norm2): LayerNorm((64,), eps=1e-12, elementwise_affine=True)
          (dropout1): Dropout(p=0.5, inplace=False)
          (dropout2): Dropout(p=0.5, inplace=False)
        )
      )
    )
    (dropout): Dropout(p=0.5, inplace=False)
    (training_pooling_layer): SeqPoolingLayer()
    (eval_pooling_layer): SeqPoolingLayer()
  )
  (loss_fn): BinaryCrossEntropyLoss()
)
[2026-02-06 08:36:52] INFO {'epoch': 0, 'sport_15_ndcg@20': tensor(0.0073), 'sport_15_recall@20': tensor(0.0170), 'ndcg@20': tensor(0.0073), 'recall@20': tensor(0.0170), 'train_loss_0': tensor(1.3250, device='cuda:0')}
[2026-02-06 08:36:52] INFO training_time: 73.93029546737671
[2026-02-06 08:36:52] INFO inference_time: 2.1675031185150146
[2026-02-06 08:36:52] INFO ndcg@20 improved. Best value: 0.0073
[2026-02-06 08:36:52] INFO Best model checkpoint saved in saved/SASRec/noisy_15/2026-02-06-08-35-27-789504.ckpt.
[2026-02-06 08:38:05] INFO {'epoch': 1, 'sport_15_ndcg@20': tensor(0.0076), 'sport_15_recall@20': tensor(0.0187), 'ndcg@20': tensor(0.0076), 'recall@20': tensor(0.0187), 'train_loss_0': tensor(1.2425, device='cuda:0')}
[2026-02-06 08:38:05] INFO training_time: 144.65564346313477
[2026-02-06 08:38:05] INFO inference_time: 4.181303024291992
[2026-02-06 08:38:05] INFO ndcg@20 improved. Best value: 0.0076
[2026-02-06 08:38:05] INFO Best model checkpoint saved in saved/SASRec/noisy_15/2026-02-06-08-35-27-789504.ckpt.
[2026-02-06 08:39:20] INFO {'epoch': 2, 'sport_15_ndcg@20': tensor(0.0076), 'sport_15_recall@20': tensor(0.0184), 'ndcg@20': tensor(0.0076), 'recall@20': tensor(0.0184), 'train_loss_0': tensor(1.2069, device='cuda:0')}
[2026-02-06 08:39:20] INFO training_time: 217.82276391983032
[2026-02-06 08:39:20] INFO inference_time: 6.123236179351807
[2026-02-06 08:39:20] INFO ndcg@20 improved. Best value: 0.0076
[2026-02-06 08:39:20] INFO Best model checkpoint saved in saved/SASRec/noisy_15/2026-02-06-08-35-27-789504.ckpt.
[2026-02-06 08:40:35] INFO {'epoch': 3, 'sport_15_ndcg@20': tensor(0.0080), 'sport_15_recall@20': tensor(0.0203), 'ndcg@20': tensor(0.0080), 'recall@20': tensor(0.0203), 'train_loss_0': tensor(1.1643, device='cuda:0')}
[2026-02-06 08:40:35] INFO training_time: 291.52544140815735
[2026-02-06 08:40:35] INFO inference_time: 7.949470043182373
[2026-02-06 08:40:35] INFO ndcg@20 improved. Best value: 0.0080
[2026-02-06 08:40:35] INFO Best model checkpoint saved in saved/SASRec/noisy_15/2026-02-06-08-35-27-789504.ckpt.
[2026-02-06 08:41:51] INFO {'epoch': 4, 'sport_15_ndcg@20': tensor(0.0094), 'sport_15_recall@20': tensor(0.0235), 'ndcg@20': tensor(0.0094), 'recall@20': tensor(0.0235), 'train_loss_0': tensor(1.1148, device='cuda:0')}
[2026-02-06 08:41:51] INFO training_time: 365.26038217544556
[2026-02-06 08:41:51] INFO inference_time: 9.742783069610596
[2026-02-06 08:41:51] INFO ndcg@20 improved. Best value: 0.0094
[2026-02-06 08:41:51] INFO Best model checkpoint saved in saved/SASRec/noisy_15/2026-02-06-08-35-27-789504.ckpt.
[2026-02-06 08:43:07] INFO {'epoch': 5, 'sport_15_ndcg@20': tensor(0.0104), 'sport_15_recall@20': tensor(0.0261), 'ndcg@20': tensor(0.0104), 'recall@20': tensor(0.0261), 'train_loss_0': tensor(1.0632, device='cuda:0')}
[2026-02-06 08:43:07] INFO training_time: 439.4373378753662
[2026-02-06 08:43:07] INFO inference_time: 11.627768516540527
[2026-02-06 08:43:07] INFO ndcg@20 improved. Best value: 0.0104
[2026-02-06 08:43:07] INFO Best model checkpoint saved in saved/SASRec/noisy_15/2026-02-06-08-35-27-789504.ckpt.
[2026-02-06 08:44:23] INFO {'epoch': 6, 'sport_15_ndcg@20': tensor(0.0106), 'sport_15_recall@20': tensor(0.0271), 'ndcg@20': tensor(0.0106), 'recall@20': tensor(0.0271), 'train_loss_0': tensor(1.0145, device='cuda:0')}
[2026-02-06 08:44:23] INFO training_time: 512.9842257499695
[2026-02-06 08:44:23] INFO inference_time: 13.740443229675293
[2026-02-06 08:44:23] INFO ndcg@20 improved. Best value: 0.0106
[2026-02-06 08:44:23] INFO Best model checkpoint saved in saved/SASRec/noisy_15/2026-02-06-08-35-27-789504.ckpt.
[2026-02-06 08:45:39] INFO {'epoch': 7, 'sport_15_ndcg@20': tensor(0.0110), 'sport_15_recall@20': tensor(0.0276), 'ndcg@20': tensor(0.0110), 'recall@20': tensor(0.0276), 'train_loss_0': tensor(0.9700, device='cuda:0')}
[2026-02-06 08:45:39] INFO training_time: 587.3082926273346
[2026-02-06 08:45:39] INFO inference_time: 15.931217432022095
[2026-02-06 08:45:39] INFO ndcg@20 improved. Best value: 0.0110
[2026-02-06 08:45:39] INFO Best model checkpoint saved in saved/SASRec/noisy_15/2026-02-06-08-35-27-789504.ckpt.
[2026-02-06 08:46:55] INFO {'epoch': 8, 'sport_15_ndcg@20': tensor(0.0109), 'sport_15_recall@20': tensor(0.0280), 'ndcg@20': tensor(0.0109), 'recall@20': tensor(0.0280), 'train_loss_0': tensor(0.9337, device='cuda:0')}
[2026-02-06 08:46:55] INFO training_time: 660.7071437835693
[2026-02-06 08:46:55] INFO inference_time: 18.16388463973999
[2026-02-06 08:48:10] INFO {'epoch': 9, 'sport_15_ndcg@20': tensor(0.0112), 'sport_15_recall@20': tensor(0.0291), 'ndcg@20': tensor(0.0112), 'recall@20': tensor(0.0291), 'train_loss_0': tensor(0.8963, device='cuda:0')}
[2026-02-06 08:48:10] INFO training_time: 734.1334023475647
[2026-02-06 08:48:10] INFO inference_time: 20.14634370803833
[2026-02-06 08:48:10] INFO ndcg@20 improved. Best value: 0.0112
[2026-02-06 08:48:10] INFO Best model checkpoint saved in saved/SASRec/noisy_15/2026-02-06-08-35-27-789504.ckpt.
[2026-02-06 08:49:27] INFO {'epoch': 10, 'sport_15_ndcg@20': tensor(0.0119), 'sport_15_recall@20': tensor(0.0303), 'ndcg@20': tensor(0.0119), 'recall@20': tensor(0.0303), 'train_loss_0': tensor(0.8631, device='cuda:0')}
[2026-02-06 08:49:27] INFO training_time: 808.0853052139282
[2026-02-06 08:49:27] INFO inference_time: 23.193131685256958
[2026-02-06 08:49:27] INFO ndcg@20 improved. Best value: 0.0119
[2026-02-06 08:49:28] INFO Best model checkpoint saved in saved/SASRec/noisy_15/2026-02-06-08-35-27-789504.ckpt.
[2026-02-06 08:50:43] INFO {'epoch': 11, 'sport_15_ndcg@20': tensor(0.0116), 'sport_15_recall@20': tensor(0.0292), 'ndcg@20': tensor(0.0116), 'recall@20': tensor(0.0292), 'train_loss_0': tensor(0.8320, device='cuda:0')}
[2026-02-06 08:50:43] INFO training_time: 881.8708522319794
[2026-02-06 08:50:43] INFO inference_time: 25.22560739517212
[2026-02-06 08:51:59] INFO {'epoch': 12, 'sport_15_ndcg@20': tensor(0.0123), 'sport_15_recall@20': tensor(0.0312), 'ndcg@20': tensor(0.0123), 'recall@20': tensor(0.0312), 'train_loss_0': tensor(0.8063, device='cuda:0')}
[2026-02-06 08:51:59] INFO training_time: 955.9176452159882
[2026-02-06 08:51:59] INFO inference_time: 27.2853581905365
[2026-02-06 08:52:00] INFO ndcg@20 improved. Best value: 0.0123
[2026-02-06 08:52:00] INFO Best model checkpoint saved in saved/SASRec/noisy_15/2026-02-06-08-35-27-789504.ckpt.
[2026-02-06 08:53:15] INFO {'epoch': 13, 'sport_15_ndcg@20': tensor(0.0120), 'sport_15_recall@20': tensor(0.0299), 'ndcg@20': tensor(0.0120), 'recall@20': tensor(0.0299), 'train_loss_0': tensor(0.7808, device='cuda:0')}
[2026-02-06 08:53:15] INFO training_time: 1029.6703860759735
[2026-02-06 08:53:15] INFO inference_time: 29.36112117767334
[2026-02-06 08:54:31] INFO {'epoch': 14, 'sport_15_ndcg@20': tensor(0.0125), 'sport_15_recall@20': tensor(0.0317), 'ndcg@20': tensor(0.0125), 'recall@20': tensor(0.0317), 'train_loss_0': tensor(0.7632, device='cuda:0')}
[2026-02-06 08:54:31] INFO training_time: 1103.6550698280334
[2026-02-06 08:54:31] INFO inference_time: 31.1982901096344
[2026-02-06 08:54:31] INFO ndcg@20 improved. Best value: 0.0125
[2026-02-06 08:54:31] INFO Best model checkpoint saved in saved/SASRec/noisy_15/2026-02-06-08-35-27-789504.ckpt.
[2026-02-06 08:55:47] INFO {'epoch': 15, 'sport_15_ndcg@20': tensor(0.0126), 'sport_15_recall@20': tensor(0.0315), 'ndcg@20': tensor(0.0126), 'recall@20': tensor(0.0315), 'train_loss_0': tensor(0.7446, device='cuda:0')}
[2026-02-06 08:55:47] INFO training_time: 1177.5127849578857
[2026-02-06 08:55:47] INFO inference_time: 33.059924602508545
[2026-02-06 08:55:47] INFO ndcg@20 improved. Best value: 0.0126
[2026-02-06 08:55:47] INFO Best model checkpoint saved in saved/SASRec/noisy_15/2026-02-06-08-35-27-789504.ckpt.
[2026-02-06 08:57:03] INFO {'epoch': 16, 'sport_15_ndcg@20': tensor(0.0127), 'sport_15_recall@20': tensor(0.0314), 'ndcg@20': tensor(0.0127), 'recall@20': tensor(0.0314), 'train_loss_0': tensor(0.7279, device='cuda:0')}
[2026-02-06 08:57:03] INFO training_time: 1251.3903250694275
[2026-02-06 08:57:03] INFO inference_time: 34.953242778778076
[2026-02-06 08:57:03] INFO ndcg@20 improved. Best value: 0.0127
[2026-02-06 08:57:03] INFO Best model checkpoint saved in saved/SASRec/noisy_15/2026-02-06-08-35-27-789504.ckpt.
[2026-02-06 08:58:19] INFO {'epoch': 17, 'sport_15_ndcg@20': tensor(0.0131), 'sport_15_recall@20': tensor(0.0325), 'ndcg@20': tensor(0.0131), 'recall@20': tensor(0.0325), 'train_loss_0': tensor(0.7112, device='cuda:0')}
[2026-02-06 08:58:19] INFO training_time: 1325.2260489463806
[2026-02-06 08:58:19] INFO inference_time: 37.051066398620605
[2026-02-06 08:58:19] INFO ndcg@20 improved. Best value: 0.0131
[2026-02-06 08:58:19] INFO Best model checkpoint saved in saved/SASRec/noisy_15/2026-02-06-08-35-27-789504.ckpt.
[2026-02-06 08:59:34] INFO {'epoch': 18, 'sport_15_ndcg@20': tensor(0.0133), 'sport_15_recall@20': tensor(0.0328), 'ndcg@20': tensor(0.0133), 'recall@20': tensor(0.0328), 'train_loss_0': tensor(0.6979, device='cuda:0')}
[2026-02-06 08:59:34] INFO training_time: 1398.6319389343262
[2026-02-06 08:59:34] INFO inference_time: 38.9124550819397
[2026-02-06 08:59:34] INFO ndcg@20 improved. Best value: 0.0133
[2026-02-06 08:59:34] INFO Best model checkpoint saved in saved/SASRec/noisy_15/2026-02-06-08-35-27-789504.ckpt.
[2026-02-06 09:00:50] INFO {'epoch': 19, 'sport_15_ndcg@20': tensor(0.0130), 'sport_15_recall@20': tensor(0.0318), 'ndcg@20': tensor(0.0130), 'recall@20': tensor(0.0318), 'train_loss_0': tensor(0.6830, device='cuda:0')}
[2026-02-06 09:00:50] INFO training_time: 1472.4831502437592
[2026-02-06 09:00:50] INFO inference_time: 40.857523679733276
[2026-02-06 09:02:06] INFO {'epoch': 20, 'sport_15_ndcg@20': tensor(0.0132), 'sport_15_recall@20': tensor(0.0319), 'ndcg@20': tensor(0.0132), 'recall@20': tensor(0.0319), 'train_loss_0': tensor(0.6725, device='cuda:0')}
[2026-02-06 09:02:06] INFO training_time: 1545.8289601802826
[2026-02-06 09:02:06] INFO inference_time: 43.72090220451355
[2026-02-06 09:03:22] INFO {'epoch': 21, 'sport_15_ndcg@20': tensor(0.0133), 'sport_15_recall@20': tensor(0.0322), 'ndcg@20': tensor(0.0133), 'recall@20': tensor(0.0322), 'train_loss_0': tensor(0.6591, device='cuda:0')}
[2026-02-06 09:03:22] INFO training_time: 1619.697995185852
[2026-02-06 09:03:22] INFO inference_time: 45.662144899368286
[2026-02-06 09:04:37] INFO {'epoch': 22, 'sport_15_ndcg@20': tensor(0.0133), 'sport_15_recall@20': tensor(0.0322), 'ndcg@20': tensor(0.0133), 'recall@20': tensor(0.0322), 'train_loss_0': tensor(0.6547, device='cuda:0')}
[2026-02-06 09:04:37] INFO training_time: 1693.1982953548431
[2026-02-06 09:04:37] INFO inference_time: 47.48218560218811
[2026-02-06 09:04:37] INFO ndcg@20 improved. Best value: 0.0133
[2026-02-06 09:04:37] INFO Best model checkpoint saved in saved/SASRec/noisy_15/2026-02-06-08-35-27-789504.ckpt.
[2026-02-06 09:05:54] INFO {'epoch': 23, 'sport_15_ndcg@20': tensor(0.0129), 'sport_15_recall@20': tensor(0.0313), 'ndcg@20': tensor(0.0129), 'recall@20': tensor(0.0313), 'train_loss_0': tensor(0.6481, device='cuda:0')}
[2026-02-06 09:05:54] INFO training_time: 1768.0046663284302
[2026-02-06 09:05:54] INFO inference_time: 49.49167323112488
[2026-02-06 09:07:10] INFO {'epoch': 24, 'sport_15_ndcg@20': tensor(0.0130), 'sport_15_recall@20': tensor(0.0316), 'ndcg@20': tensor(0.0130), 'recall@20': tensor(0.0316), 'train_loss_0': tensor(0.6388, device='cuda:0')}
[2026-02-06 09:07:10] INFO training_time: 1841.3505659103394
[2026-02-06 09:07:10] INFO inference_time: 51.57058238983154
[2026-02-06 09:08:25] INFO {'epoch': 25, 'sport_15_ndcg@20': tensor(0.0133), 'sport_15_recall@20': tensor(0.0328), 'ndcg@20': tensor(0.0133), 'recall@20': tensor(0.0328), 'train_loss_0': tensor(0.6308, device='cuda:0')}
[2026-02-06 09:08:25] INFO training_time: 1914.5733597278595
[2026-02-06 09:08:25] INFO inference_time: 53.40702199935913
[2026-02-06 09:09:40] INFO {'epoch': 26, 'sport_15_ndcg@20': tensor(0.0134), 'sport_15_recall@20': tensor(0.0333), 'ndcg@20': tensor(0.0134), 'recall@20': tensor(0.0333), 'train_loss_0': tensor(0.6253, device='cuda:0')}
[2026-02-06 09:09:40] INFO training_time: 1988.0784091949463
[2026-02-06 09:09:40] INFO inference_time: 55.534003019332886
[2026-02-06 09:09:40] INFO ndcg@20 improved. Best value: 0.0134
[2026-02-06 09:09:40] INFO Best model checkpoint saved in saved/SASRec/noisy_15/2026-02-06-08-35-27-789504.ckpt.
[2026-02-06 09:10:56] INFO {'epoch': 27, 'sport_15_ndcg@20': tensor(0.0137), 'sport_15_recall@20': tensor(0.0331), 'ndcg@20': tensor(0.0137), 'recall@20': tensor(0.0331), 'train_loss_0': tensor(0.6207, device='cuda:0')}
[2026-02-06 09:10:56] INFO training_time: 2061.4146432876587
[2026-02-06 09:10:56] INFO inference_time: 57.56528973579407
[2026-02-06 09:10:56] INFO ndcg@20 improved. Best value: 0.0137
[2026-02-06 09:10:56] INFO Best model checkpoint saved in saved/SASRec/noisy_15/2026-02-06-08-35-27-789504.ckpt.
[2026-02-06 09:12:11] INFO {'epoch': 28, 'sport_15_ndcg@20': tensor(0.0138), 'sport_15_recall@20': tensor(0.0336), 'ndcg@20': tensor(0.0138), 'recall@20': tensor(0.0336), 'train_loss_0': tensor(0.6149, device='cuda:0')}
[2026-02-06 09:12:11] INFO training_time: 2134.7873673439026
[2026-02-06 09:12:11] INFO inference_time: 59.43824100494385
[2026-02-06 09:12:11] INFO ndcg@20 improved. Best value: 0.0138
[2026-02-06 09:12:11] INFO Best model checkpoint saved in saved/SASRec/noisy_15/2026-02-06-08-35-27-789504.ckpt.
[2026-02-06 09:13:26] INFO {'epoch': 29, 'sport_15_ndcg@20': tensor(0.0139), 'sport_15_recall@20': tensor(0.0335), 'ndcg@20': tensor(0.0139), 'recall@20': tensor(0.0335), 'train_loss_0': tensor(0.6083, device='cuda:0')}
[2026-02-06 09:13:26] INFO training_time: 2208.1815423965454
[2026-02-06 09:13:26] INFO inference_time: 61.298027753829956
[2026-02-06 09:13:26] INFO ndcg@20 improved. Best value: 0.0139
[2026-02-06 09:13:26] INFO Best model checkpoint saved in saved/SASRec/noisy_15/2026-02-06-08-35-27-789504.ckpt.
[2026-02-06 09:14:43] INFO {'epoch': 30, 'sport_15_ndcg@20': tensor(0.0139), 'sport_15_recall@20': tensor(0.0333), 'ndcg@20': tensor(0.0139), 'recall@20': tensor(0.0333), 'train_loss_0': tensor(0.6054, device='cuda:0')}
[2026-02-06 09:14:43] INFO training_time: 2281.3675878047943
[2026-02-06 09:14:43] INFO inference_time: 64.22355556488037
[2026-02-06 09:14:43] INFO ndcg@20 improved. Best value: 0.0139
[2026-02-06 09:14:43] INFO Best model checkpoint saved in saved/SASRec/noisy_15/2026-02-06-08-35-27-789504.ckpt.
[2026-02-06 09:15:58] INFO {'epoch': 31, 'sport_15_ndcg@20': tensor(0.0141), 'sport_15_recall@20': tensor(0.0332), 'ndcg@20': tensor(0.0141), 'recall@20': tensor(0.0332), 'train_loss_0': tensor(0.5982, device='cuda:0')}
[2026-02-06 09:15:58] INFO training_time: 2354.700851202011
[2026-02-06 09:15:58] INFO inference_time: 66.08527541160583
[2026-02-06 09:15:58] INFO ndcg@20 improved. Best value: 0.0141
[2026-02-06 09:15:58] INFO Best model checkpoint saved in saved/SASRec/noisy_15/2026-02-06-08-35-27-789504.ckpt.
[2026-02-06 09:17:13] INFO {'epoch': 32, 'sport_15_ndcg@20': tensor(0.0143), 'sport_15_recall@20': tensor(0.0338), 'ndcg@20': tensor(0.0143), 'recall@20': tensor(0.0338), 'train_loss_0': tensor(0.5959, device='cuda:0')}
[2026-02-06 09:17:14] INFO training_time: 2428.3428285121918
[2026-02-06 09:17:14] INFO inference_time: 68.0699074268341
[2026-02-06 09:17:14] INFO ndcg@20 improved. Best value: 0.0143
[2026-02-06 09:17:14] INFO Best model checkpoint saved in saved/SASRec/noisy_15/2026-02-06-08-35-27-789504.ckpt.
[2026-02-06 09:18:29] INFO {'epoch': 33, 'sport_15_ndcg@20': tensor(0.0140), 'sport_15_recall@20': tensor(0.0335), 'ndcg@20': tensor(0.0140), 'recall@20': tensor(0.0335), 'train_loss_0': tensor(0.5938, device='cuda:0')}
[2026-02-06 09:18:29] INFO training_time: 2501.3650159835815
[2026-02-06 09:18:29] INFO inference_time: 70.02024793624878
[2026-02-06 09:19:44] INFO {'epoch': 34, 'sport_15_ndcg@20': tensor(0.0137), 'sport_15_recall@20': tensor(0.0333), 'ndcg@20': tensor(0.0137), 'recall@20': tensor(0.0333), 'train_loss_0': tensor(0.5876, device='cuda:0')}
[2026-02-06 09:19:44] INFO training_time: 2574.416034221649
[2026-02-06 09:19:44] INFO inference_time: 71.99607753753662
[2026-02-06 09:20:59] INFO {'epoch': 35, 'sport_15_ndcg@20': tensor(0.0141), 'sport_15_recall@20': tensor(0.0342), 'ndcg@20': tensor(0.0141), 'recall@20': tensor(0.0342), 'train_loss_0': tensor(0.5804, device='cuda:0')}
[2026-02-06 09:20:59] INFO training_time: 2647.6016030311584
[2026-02-06 09:20:59] INFO inference_time: 73.87507748603821
[2026-02-06 09:22:14] INFO {'epoch': 36, 'sport_15_ndcg@20': tensor(0.0140), 'sport_15_recall@20': tensor(0.0333), 'ndcg@20': tensor(0.0140), 'recall@20': tensor(0.0333), 'train_loss_0': tensor(0.5807, device='cuda:0')}
[2026-02-06 09:22:14] INFO training_time: 2720.579911470413
[2026-02-06 09:22:14] INFO inference_time: 75.8416678905487
[2026-02-06 09:23:29] INFO {'epoch': 37, 'sport_15_ndcg@20': tensor(0.0143), 'sport_15_recall@20': tensor(0.0339), 'ndcg@20': tensor(0.0143), 'recall@20': tensor(0.0339), 'train_loss_0': tensor(0.5745, device='cuda:0')}
[2026-02-06 09:23:29] INFO training_time: 2793.7037110328674
[2026-02-06 09:23:29] INFO inference_time: 77.70344042778015
[2026-02-06 09:24:43] INFO {'epoch': 38, 'sport_15_ndcg@20': tensor(0.0141), 'sport_15_recall@20': tensor(0.0335), 'ndcg@20': tensor(0.0141), 'recall@20': tensor(0.0335), 'train_loss_0': tensor(0.5730, device='cuda:0')}
[2026-02-06 09:24:43] INFO training_time: 2866.5992982387543
[2026-02-06 09:24:43] INFO inference_time: 79.30834674835205
[2026-02-06 09:25:58] INFO {'epoch': 39, 'sport_15_ndcg@20': tensor(0.0142), 'sport_15_recall@20': tensor(0.0348), 'ndcg@20': tensor(0.0142), 'recall@20': tensor(0.0348), 'train_loss_0': tensor(0.5706, device='cuda:0')}
[2026-02-06 09:25:58] INFO training_time: 2939.3633115291595
[2026-02-06 09:25:58] INFO inference_time: 81.1561324596405
[2026-02-06 09:27:15] INFO {'epoch': 40, 'sport_15_ndcg@20': tensor(0.0143), 'sport_15_recall@20': tensor(0.0348), 'ndcg@20': tensor(0.0143), 'recall@20': tensor(0.0348), 'train_loss_0': tensor(0.5668, device='cuda:0')}
[2026-02-06 09:27:15] INFO training_time: 3012.7986567020416
[2026-02-06 09:27:15] INFO inference_time: 84.74417042732239
[2026-02-06 09:28:30] INFO {'epoch': 41, 'sport_15_ndcg@20': tensor(0.0141), 'sport_15_recall@20': tensor(0.0337), 'ndcg@20': tensor(0.0141), 'recall@20': tensor(0.0337), 'train_loss_0': tensor(0.5638, device='cuda:0')}
[2026-02-06 09:28:30] INFO training_time: 3086.2743639945984
[2026-02-06 09:28:30] INFO inference_time: 86.49126982688904
[2026-02-06 09:29:45] INFO {'epoch': 42, 'sport_15_ndcg@20': tensor(0.0141), 'sport_15_recall@20': tensor(0.0338), 'ndcg@20': tensor(0.0141), 'recall@20': tensor(0.0338), 'train_loss_0': tensor(0.5602, device='cuda:0')}
[2026-02-06 09:29:45] INFO training_time: 3159.2700567245483
[2026-02-06 09:29:45] INFO inference_time: 88.45281624794006
[2026-02-06 09:31:00] INFO {'epoch': 43, 'sport_15_ndcg@20': tensor(0.0144), 'sport_15_recall@20': tensor(0.0337), 'ndcg@20': tensor(0.0144), 'recall@20': tensor(0.0337), 'train_loss_0': tensor(0.5587, device='cuda:0')}
[2026-02-06 09:31:00] INFO training_time: 3232.145810842514
[2026-02-06 09:31:00] INFO inference_time: 90.4602439403534
[2026-02-06 09:31:00] INFO ndcg@20 improved. Best value: 0.0144
[2026-02-06 09:31:00] INFO Best model checkpoint saved in saved/SASRec/noisy_15/2026-02-06-08-35-27-789504.ckpt.
[2026-02-06 09:32:15] INFO {'epoch': 44, 'sport_15_ndcg@20': tensor(0.0143), 'sport_15_recall@20': tensor(0.0331), 'ndcg@20': tensor(0.0143), 'recall@20': tensor(0.0331), 'train_loss_0': tensor(0.5549, device='cuda:0')}
[2026-02-06 09:32:15] INFO training_time: 3305.144068479538
[2026-02-06 09:32:15] INFO inference_time: 92.2934501171112
[2026-02-06 09:33:30] INFO {'epoch': 45, 'sport_15_ndcg@20': tensor(0.0143), 'sport_15_recall@20': tensor(0.0337), 'ndcg@20': tensor(0.0143), 'recall@20': tensor(0.0337), 'train_loss_0': tensor(0.5514, device='cuda:0')}
[2026-02-06 09:33:30] INFO training_time: 3377.9527292251587
[2026-02-06 09:33:30] INFO inference_time: 94.33788228034973
[2026-02-06 09:34:45] INFO {'epoch': 46, 'sport_15_ndcg@20': tensor(0.0143), 'sport_15_recall@20': tensor(0.0337), 'ndcg@20': tensor(0.0143), 'recall@20': tensor(0.0337), 'train_loss_0': tensor(0.5496, device='cuda:0')}
[2026-02-06 09:34:45] INFO training_time: 3450.823332309723
[2026-02-06 09:34:45] INFO inference_time: 96.20782351493835
[2026-02-06 09:36:00] INFO {'epoch': 47, 'sport_15_ndcg@20': tensor(0.0143), 'sport_15_recall@20': tensor(0.0337), 'ndcg@20': tensor(0.0143), 'recall@20': tensor(0.0337), 'train_loss_0': tensor(0.5503, device='cuda:0')}
[2026-02-06 09:36:00] INFO training_time: 3524.2436611652374
[2026-02-06 09:36:00] INFO inference_time: 98.35517120361328
[2026-02-06 09:37:15] INFO {'epoch': 48, 'sport_15_ndcg@20': tensor(0.0145), 'sport_15_recall@20': tensor(0.0345), 'ndcg@20': tensor(0.0145), 'recall@20': tensor(0.0345), 'train_loss_0': tensor(0.5469, device='cuda:0')}
[2026-02-06 09:37:15] INFO training_time: 3597.23925280571
[2026-02-06 09:37:15] INFO inference_time: 100.26901865005493
[2026-02-06 09:37:15] INFO ndcg@20 improved. Best value: 0.0145
[2026-02-06 09:37:15] INFO Best model checkpoint saved in saved/SASRec/noisy_15/2026-02-06-08-35-27-789504.ckpt.
[2026-02-06 09:38:31] INFO {'epoch': 49, 'sport_15_ndcg@20': tensor(0.0147), 'sport_15_recall@20': tensor(0.0345), 'ndcg@20': tensor(0.0147), 'recall@20': tensor(0.0345), 'train_loss_0': tensor(0.5438, device='cuda:0')}
[2026-02-06 09:38:31] INFO training_time: 3670.5839745998383
[2026-02-06 09:38:31] INFO inference_time: 102.3997220993042
[2026-02-06 09:38:31] INFO ndcg@20 improved. Best value: 0.0147
[2026-02-06 09:38:31] INFO Best model checkpoint saved in saved/SASRec/noisy_15/2026-02-06-08-35-27-789504.ckpt.
[2026-02-06 09:39:48] INFO {'epoch': 50, 'sport_15_ndcg@20': tensor(0.0147), 'sport_15_recall@20': tensor(0.0342), 'ndcg@20': tensor(0.0147), 'recall@20': tensor(0.0342), 'train_loss_0': tensor(0.5403, device='cuda:0')}
[2026-02-06 09:39:48] INFO training_time: 3743.697745323181
[2026-02-06 09:39:48] INFO inference_time: 106.39156770706177
[2026-02-06 09:41:20] INFO {'epoch': 51, 'sport_15_ndcg@20': tensor(0.0148), 'sport_15_recall@20': tensor(0.0347), 'ndcg@20': tensor(0.0148), 'recall@20': tensor(0.0347), 'train_loss_0': tensor(0.5396, device='cuda:0')}
[2026-02-06 09:41:20] INFO training_time: 3833.271343946457
[2026-02-06 09:41:20] INFO inference_time: 108.83272337913513
[2026-02-06 09:41:20] INFO ndcg@20 improved. Best value: 0.0148
[2026-02-06 09:41:20] INFO Best model checkpoint saved in saved/SASRec/noisy_15/2026-02-06-08-35-27-789504.ckpt.
[2026-02-06 09:43:10] INFO {'epoch': 52, 'sport_15_ndcg@20': tensor(0.0148), 'sport_15_recall@20': tensor(0.0346), 'ndcg@20': tensor(0.0148), 'recall@20': tensor(0.0346), 'train_loss_0': tensor(0.5398, device='cuda:0')}
[2026-02-06 09:43:10] INFO training_time: 3941.268534183502
[2026-02-06 09:43:10] INFO inference_time: 111.13290071487427
[2026-02-06 09:45:00] INFO {'epoch': 53, 'sport_15_ndcg@20': tensor(0.0147), 'sport_15_recall@20': tensor(0.0348), 'ndcg@20': tensor(0.0147), 'recall@20': tensor(0.0348), 'train_loss_0': tensor(0.5392, device='cuda:0')}
[2026-02-06 09:45:00] INFO training_time: 4049.0436058044434
[2026-02-06 09:45:00] INFO inference_time: 113.29365539550781
[2026-02-06 09:46:24] INFO {'epoch': 54, 'sport_15_ndcg@20': tensor(0.0145), 'sport_15_recall@20': tensor(0.0342), 'ndcg@20': tensor(0.0145), 'recall@20': tensor(0.0342), 'train_loss_0': tensor(0.5380, device='cuda:0')}
[2026-02-06 09:46:24] INFO training_time: 4131.237144470215
[2026-02-06 09:46:24] INFO inference_time: 115.07925462722778
[2026-02-06 09:47:40] INFO {'epoch': 55, 'sport_15_ndcg@20': tensor(0.0142), 'sport_15_recall@20': tensor(0.0337), 'ndcg@20': tensor(0.0142), 'recall@20': tensor(0.0337), 'train_loss_0': tensor(0.5368, device='cuda:0')}
[2026-02-06 09:47:40] INFO training_time: 4204.85000538826
[2026-02-06 09:47:40] INFO inference_time: 117.20546817779541
[2026-02-06 09:48:56] INFO {'epoch': 56, 'sport_15_ndcg@20': tensor(0.0141), 'sport_15_recall@20': tensor(0.0336), 'ndcg@20': tensor(0.0141), 'recall@20': tensor(0.0336), 'train_loss_0': tensor(0.5322, device='cuda:0')}
[2026-02-06 09:48:56] INFO training_time: 4278.409782171249
[2026-02-06 09:48:56] INFO inference_time: 119.20741820335388
[2026-02-06 09:50:11] INFO {'epoch': 57, 'sport_15_ndcg@20': tensor(0.0143), 'sport_15_recall@20': tensor(0.0340), 'ndcg@20': tensor(0.0143), 'recall@20': tensor(0.0340), 'train_loss_0': tensor(0.5332, device='cuda:0')}
[2026-02-06 09:50:11] INFO training_time: 4352.209957361221
[2026-02-06 09:50:11] INFO inference_time: 121.1164984703064
[2026-02-06 09:51:27] INFO {'epoch': 58, 'sport_15_ndcg@20': tensor(0.0147), 'sport_15_recall@20': tensor(0.0338), 'ndcg@20': tensor(0.0147), 'recall@20': tensor(0.0338), 'train_loss_0': tensor(0.5342, device='cuda:0')}
[2026-02-06 09:51:27] INFO training_time: 4425.7159304618835
[2026-02-06 09:51:27] INFO inference_time: 123.12741112709045
[2026-02-06 09:52:43] INFO {'epoch': 59, 'sport_15_ndcg@20': tensor(0.0144), 'sport_15_recall@20': tensor(0.0337), 'ndcg@20': tensor(0.0144), 'recall@20': tensor(0.0337), 'train_loss_0': tensor(0.5291, device='cuda:0')}
[2026-02-06 09:52:43] INFO training_time: 4499.269980430603
[2026-02-06 09:52:43] INFO inference_time: 125.23886036872864
[2026-02-06 09:54:01] INFO {'epoch': 60, 'sport_15_ndcg@20': tensor(0.0147), 'sport_15_recall@20': tensor(0.0346), 'ndcg@20': tensor(0.0147), 'recall@20': tensor(0.0346), 'train_loss_0': tensor(0.5262, device='cuda:0')}
[2026-02-06 09:54:01] INFO training_time: 4573.597154378891
[2026-02-06 09:54:01] INFO inference_time: 129.36164784431458
[2026-02-06 09:55:17] INFO {'epoch': 61, 'sport_15_ndcg@20': tensor(0.0146), 'sport_15_recall@20': tensor(0.0337), 'ndcg@20': tensor(0.0146), 'recall@20': tensor(0.0337), 'train_loss_0': tensor(0.5248, device='cuda:0')}
[2026-02-06 09:55:17] INFO training_time: 4646.990532159805
[2026-02-06 09:55:17] INFO inference_time: 131.4747543334961
[2026-02-06 09:56:32] INFO {'epoch': 62, 'sport_15_ndcg@20': tensor(0.0146), 'sport_15_recall@20': tensor(0.0335), 'ndcg@20': tensor(0.0146), 'recall@20': tensor(0.0335), 'train_loss_0': tensor(0.5213, device='cuda:0')}
[2026-02-06 09:56:32] INFO training_time: 4720.478230953217
[2026-02-06 09:56:32] INFO inference_time: 133.4528203010559
[2026-02-06 09:57:48] INFO {'epoch': 63, 'sport_15_ndcg@20': tensor(0.0144), 'sport_15_recall@20': tensor(0.0334), 'ndcg@20': tensor(0.0144), 'recall@20': tensor(0.0334), 'train_loss_0': tensor(0.5230, device='cuda:0')}
[2026-02-06 09:57:48] INFO training_time: 4793.769900798798
[2026-02-06 09:57:48] INFO inference_time: 135.6487534046173
[2026-02-06 09:59:04] INFO {'epoch': 64, 'sport_15_ndcg@20': tensor(0.0146), 'sport_15_recall@20': tensor(0.0337), 'ndcg@20': tensor(0.0146), 'recall@20': tensor(0.0337), 'train_loss_0': tensor(0.5244, device='cuda:0')}
[2026-02-06 09:59:04] INFO training_time: 4867.880213975906
[2026-02-06 09:59:04] INFO inference_time: 137.6663999557495
[2026-02-06 10:00:19] INFO {'epoch': 65, 'sport_15_ndcg@20': tensor(0.0146), 'sport_15_recall@20': tensor(0.0341), 'ndcg@20': tensor(0.0146), 'recall@20': tensor(0.0341), 'train_loss_0': tensor(0.5238, device='cuda:0')}
[2026-02-06 10:00:19] INFO training_time: 4941.23210310936
[2026-02-06 10:00:19] INFO inference_time: 139.48940014839172
[2026-02-06 10:01:34] INFO {'epoch': 66, 'sport_15_ndcg@20': tensor(0.0147), 'sport_15_recall@20': tensor(0.0340), 'ndcg@20': tensor(0.0147), 'recall@20': tensor(0.0340), 'train_loss_0': tensor(0.5219, device='cuda:0')}
[2026-02-06 10:01:34] INFO training_time: 5014.645199298859
[2026-02-06 10:01:34] INFO inference_time: 141.3204483985901
[2026-02-06 10:02:50] INFO {'epoch': 67, 'sport_15_ndcg@20': tensor(0.0148), 'sport_15_recall@20': tensor(0.0343), 'ndcg@20': tensor(0.0148), 'recall@20': tensor(0.0343), 'train_loss_0': tensor(0.5172, device='cuda:0')}
[2026-02-06 10:02:50] INFO training_time: 5088.522698402405
[2026-02-06 10:02:50] INFO inference_time: 143.30185198783875
[2026-02-06 10:02:50] INFO ndcg@20 improved. Best value: 0.0148
[2026-02-06 10:02:50] INFO Best model checkpoint saved in saved/SASRec/noisy_15/2026-02-06-08-35-27-789504.ckpt.
[2026-02-06 10:04:06] INFO {'epoch': 68, 'sport_15_ndcg@20': tensor(0.0147), 'sport_15_recall@20': tensor(0.0347), 'ndcg@20': tensor(0.0147), 'recall@20': tensor(0.0347), 'train_loss_0': tensor(0.5149, device='cuda:0')}
[2026-02-06 10:04:06] INFO training_time: 5161.941794395447
[2026-02-06 10:04:06] INFO inference_time: 145.24371600151062
[2026-02-06 10:05:21] INFO {'epoch': 69, 'sport_15_ndcg@20': tensor(0.0144), 'sport_15_recall@20': tensor(0.0340), 'ndcg@20': tensor(0.0144), 'recall@20': tensor(0.0340), 'train_loss_0': tensor(0.5163, device='cuda:0')}
[2026-02-06 10:05:21] INFO training_time: 5235.411326646805
[2026-02-06 10:05:21] INFO inference_time: 147.28451704978943
[2026-02-06 10:06:38] INFO {'epoch': 70, 'sport_15_ndcg@20': tensor(0.0144), 'sport_15_recall@20': tensor(0.0339), 'ndcg@20': tensor(0.0144), 'recall@20': tensor(0.0339), 'train_loss_0': tensor(0.5145, device='cuda:0')}
[2026-02-06 10:06:39] INFO training_time: 5308.096632003784
[2026-02-06 10:06:39] INFO inference_time: 152.0009651184082
[2026-02-06 10:07:53] INFO {'epoch': 71, 'sport_15_ndcg@20': tensor(0.0149), 'sport_15_recall@20': tensor(0.0345), 'ndcg@20': tensor(0.0149), 'recall@20': tensor(0.0345), 'train_loss_0': tensor(0.5132, device='cuda:0')}
[2026-02-06 10:07:53] INFO training_time: 5380.97142291069
[2026-02-06 10:07:53] INFO inference_time: 153.9983274936676
[2026-02-06 10:07:53] INFO ndcg@20 improved. Best value: 0.0149
[2026-02-06 10:07:53] INFO Best model checkpoint saved in saved/SASRec/noisy_15/2026-02-06-08-35-27-789504.ckpt.
[2026-02-06 10:09:07] INFO {'epoch': 72, 'sport_15_ndcg@20': tensor(0.0149), 'sport_15_recall@20': tensor(0.0347), 'ndcg@20': tensor(0.0149), 'recall@20': tensor(0.0347), 'train_loss_0': tensor(0.5095, device='cuda:0')}
[2026-02-06 10:09:07] INFO training_time: 5452.031238079071
[2026-02-06 10:09:07] INFO inference_time: 156.1400270462036
[2026-02-06 10:09:07] INFO ndcg@20 improved. Best value: 0.0149
[2026-02-06 10:09:07] INFO Best model checkpoint saved in saved/SASRec/noisy_15/2026-02-06-08-35-27-789504.ckpt.
[2026-02-06 10:10:19] INFO {'epoch': 73, 'sport_15_ndcg@20': tensor(0.0149), 'sport_15_recall@20': tensor(0.0343), 'ndcg@20': tensor(0.0149), 'recall@20': tensor(0.0343), 'train_loss_0': tensor(0.5088, device='cuda:0')}
[2026-02-06 10:10:19] INFO training_time: 5522.709049701691
[2026-02-06 10:10:19] INFO inference_time: 158.18748807907104
[2026-02-06 10:11:32] INFO {'epoch': 74, 'sport_15_ndcg@20': tensor(0.0145), 'sport_15_recall@20': tensor(0.0344), 'ndcg@20': tensor(0.0145), 'recall@20': tensor(0.0344), 'train_loss_0': tensor(0.5097, device='cuda:0')}
[2026-02-06 10:11:32] INFO training_time: 5593.566554546356
[2026-02-06 10:11:32] INFO inference_time: 159.9711046218872
[2026-02-06 10:12:45] INFO {'epoch': 75, 'sport_15_ndcg@20': tensor(0.0146), 'sport_15_recall@20': tensor(0.0342), 'ndcg@20': tensor(0.0146), 'recall@20': tensor(0.0342), 'train_loss_0': tensor(0.5075, device='cuda:0')}
[2026-02-06 10:12:45] INFO training_time: 5664.04045009613
[2026-02-06 10:12:45] INFO inference_time: 161.87363052368164
[2026-02-06 10:13:57] INFO {'epoch': 76, 'sport_15_ndcg@20': tensor(0.0148), 'sport_15_recall@20': tensor(0.0351), 'ndcg@20': tensor(0.0148), 'recall@20': tensor(0.0351), 'train_loss_0': tensor(0.5083, device='cuda:0')}
[2026-02-06 10:13:57] INFO training_time: 5734.517827272415
[2026-02-06 10:13:57] INFO inference_time: 163.7445764541626
[2026-02-06 10:15:09] INFO {'epoch': 77, 'sport_15_ndcg@20': tensor(0.0145), 'sport_15_recall@20': tensor(0.0341), 'ndcg@20': tensor(0.0145), 'recall@20': tensor(0.0341), 'train_loss_0': tensor(0.5057, device='cuda:0')}
[2026-02-06 10:15:09] INFO training_time: 5804.444667100906
[2026-02-06 10:15:09] INFO inference_time: 165.71504473686218
[2026-02-06 10:16:21] INFO {'epoch': 78, 'sport_15_ndcg@20': tensor(0.0148), 'sport_15_recall@20': tensor(0.0352), 'ndcg@20': tensor(0.0148), 'recall@20': tensor(0.0352), 'train_loss_0': tensor(0.5087, device='cuda:0')}
[2026-02-06 10:16:21] INFO training_time: 5874.974880695343
[2026-02-06 10:16:21] INFO inference_time: 167.62586426734924
[2026-02-06 10:17:34] INFO {'epoch': 79, 'sport_15_ndcg@20': tensor(0.0146), 'sport_15_recall@20': tensor(0.0349), 'ndcg@20': tensor(0.0146), 'recall@20': tensor(0.0349), 'train_loss_0': tensor(0.5077, device='cuda:0')}
[2026-02-06 10:17:34] INFO training_time: 5945.716953754425
[2026-02-06 10:17:34] INFO inference_time: 169.4070384502411
[2026-02-06 10:18:47] INFO {'epoch': 80, 'sport_15_ndcg@20': tensor(0.0150), 'sport_15_recall@20': tensor(0.0351), 'ndcg@20': tensor(0.0150), 'recall@20': tensor(0.0351), 'train_loss_0': tensor(0.5053, device='cuda:0')}
[2026-02-06 10:18:47] INFO training_time: 6016.569232225418
[2026-02-06 10:18:47] INFO inference_time: 172.05561804771423
[2026-02-06 10:18:47] INFO ndcg@20 improved. Best value: 0.0150
[2026-02-06 10:18:47] INFO Best model checkpoint saved in saved/SASRec/noisy_15/2026-02-06-08-35-27-789504.ckpt.
[2026-02-06 10:20:00] INFO {'epoch': 81, 'sport_15_ndcg@20': tensor(0.0151), 'sport_15_recall@20': tensor(0.0356), 'ndcg@20': tensor(0.0151), 'recall@20': tensor(0.0356), 'train_loss_0': tensor(0.5037, device='cuda:0')}
[2026-02-06 10:20:00] INFO training_time: 6087.453110218048
[2026-02-06 10:20:00] INFO inference_time: 173.89005088806152
[2026-02-06 10:20:00] INFO ndcg@20 improved. Best value: 0.0151
[2026-02-06 10:20:00] INFO Best model checkpoint saved in saved/SASRec/noisy_15/2026-02-06-08-35-27-789504.ckpt.
[2026-02-06 10:21:10] INFO {'epoch': 82, 'sport_15_ndcg@20': tensor(0.0150), 'sport_15_recall@20': tensor(0.0355), 'ndcg@20': tensor(0.0150), 'recall@20': tensor(0.0355), 'train_loss_0': tensor(0.5018, device='cuda:0')}
[2026-02-06 10:21:10] INFO training_time: 6155.419954299927
[2026-02-06 10:21:10] INFO inference_time: 175.82040405273438
[2026-02-06 10:22:20] INFO {'epoch': 83, 'sport_15_ndcg@20': tensor(0.0150), 'sport_15_recall@20': tensor(0.0350), 'ndcg@20': tensor(0.0150), 'recall@20': tensor(0.0350), 'train_loss_0': tensor(0.4990, device='cuda:0')}
[2026-02-06 10:22:20] INFO training_time: 6222.9929139614105
[2026-02-06 10:22:20] INFO inference_time: 177.70633912086487
[2026-02-06 10:23:29] INFO {'epoch': 84, 'sport_15_ndcg@20': tensor(0.0149), 'sport_15_recall@20': tensor(0.0346), 'ndcg@20': tensor(0.0149), 'recall@20': tensor(0.0346), 'train_loss_0': tensor(0.4980, device='cuda:0')}
[2026-02-06 10:23:29] INFO training_time: 6290.402512073517
[2026-02-06 10:23:29] INFO inference_time: 179.79792833328247
[2026-02-06 10:24:39] INFO {'epoch': 85, 'sport_15_ndcg@20': tensor(0.0152), 'sport_15_recall@20': tensor(0.0350), 'ndcg@20': tensor(0.0152), 'recall@20': tensor(0.0350), 'train_loss_0': tensor(0.4976, device='cuda:0')}
[2026-02-06 10:24:39] INFO training_time: 6357.9059591293335
[2026-02-06 10:24:39] INFO inference_time: 181.92922139167786
[2026-02-06 10:24:39] INFO ndcg@20 improved. Best value: 0.0152
[2026-02-06 10:24:39] INFO Best model checkpoint saved in saved/SASRec/noisy_15/2026-02-06-08-35-27-789504.ckpt.
[2026-02-06 10:25:48] INFO {'epoch': 86, 'sport_15_ndcg@20': tensor(0.0150), 'sport_15_recall@20': tensor(0.0353), 'ndcg@20': tensor(0.0150), 'recall@20': tensor(0.0353), 'train_loss_0': tensor(0.5050, device='cuda:0')}
[2026-02-06 10:25:48] INFO training_time: 6425.276614904404
[2026-02-06 10:25:48] INFO inference_time: 183.70046496391296
[2026-02-06 10:26:57] INFO {'epoch': 87, 'sport_15_ndcg@20': tensor(0.0155), 'sport_15_recall@20': tensor(0.0361), 'ndcg@20': tensor(0.0155), 'recall@20': tensor(0.0361), 'train_loss_0': tensor(0.4983, device='cuda:0')}
[2026-02-06 10:26:57] INFO training_time: 6492.791743516922
[2026-02-06 10:26:57] INFO inference_time: 185.2833149433136
[2026-02-06 10:26:57] INFO ndcg@20 improved. Best value: 0.0155
[2026-02-06 10:26:57] INFO Best model checkpoint saved in saved/SASRec/noisy_15/2026-02-06-08-35-27-789504.ckpt.
[2026-02-06 10:28:06] INFO {'epoch': 88, 'sport_15_ndcg@20': tensor(0.0152), 'sport_15_recall@20': tensor(0.0357), 'ndcg@20': tensor(0.0152), 'recall@20': tensor(0.0357), 'train_loss_0': tensor(0.4966, device='cuda:0')}
[2026-02-06 10:28:06] INFO training_time: 6560.165286540985
[2026-02-06 10:28:06] INFO inference_time: 186.8768002986908
[2026-02-06 10:29:15] INFO {'epoch': 89, 'sport_15_ndcg@20': tensor(0.0152), 'sport_15_recall@20': tensor(0.0358), 'ndcg@20': tensor(0.0152), 'recall@20': tensor(0.0358), 'train_loss_0': tensor(0.4971, device='cuda:0')}
[2026-02-06 10:29:15] INFO training_time: 6627.410309076309
[2026-02-06 10:29:15] INFO inference_time: 188.5076401233673
[2026-02-06 10:30:26] INFO {'epoch': 90, 'sport_15_ndcg@20': tensor(0.0151), 'sport_15_recall@20': tensor(0.0361), 'ndcg@20': tensor(0.0151), 'recall@20': tensor(0.0361), 'train_loss_0': tensor(0.4934, device='cuda:0')}
[2026-02-06 10:30:26] INFO training_time: 6694.7800278663635
[2026-02-06 10:30:26] INFO inference_time: 191.7667784690857
[2026-02-06 10:31:35] INFO {'epoch': 91, 'sport_15_ndcg@20': tensor(0.0150), 'sport_15_recall@20': tensor(0.0357), 'ndcg@20': tensor(0.0150), 'recall@20': tensor(0.0357), 'train_loss_0': tensor(0.4952, device='cuda:0')}
[2026-02-06 10:31:35] INFO training_time: 6762.225208282471
[2026-02-06 10:31:35] INFO inference_time: 193.77896070480347
[2026-02-06 10:32:45] INFO {'epoch': 92, 'sport_15_ndcg@20': tensor(0.0150), 'sport_15_recall@20': tensor(0.0356), 'ndcg@20': tensor(0.0150), 'recall@20': tensor(0.0356), 'train_loss_0': tensor(0.4936, device='cuda:0')}
[2026-02-06 10:32:45] INFO training_time: 6829.7734134197235
[2026-02-06 10:32:45] INFO inference_time: 195.89557814598083
[2026-02-06 10:33:54] INFO {'epoch': 93, 'sport_15_ndcg@20': tensor(0.0148), 'sport_15_recall@20': tensor(0.0349), 'ndcg@20': tensor(0.0148), 'recall@20': tensor(0.0349), 'train_loss_0': tensor(0.4899, device='cuda:0')}
[2026-02-06 10:33:54] INFO training_time: 6896.924597978592
[2026-02-06 10:33:54] INFO inference_time: 197.86687564849854
[2026-02-06 10:35:03] INFO {'epoch': 94, 'sport_15_ndcg@20': tensor(0.0148), 'sport_15_recall@20': tensor(0.0352), 'ndcg@20': tensor(0.0148), 'recall@20': tensor(0.0352), 'train_loss_0': tensor(0.4909, device='cuda:0')}
[2026-02-06 10:35:03] INFO training_time: 6964.250899553299
[2026-02-06 10:35:03] INFO inference_time: 199.47555232048035
[2026-02-06 10:36:12] INFO {'epoch': 95, 'sport_15_ndcg@20': tensor(0.0146), 'sport_15_recall@20': tensor(0.0342), 'ndcg@20': tensor(0.0146), 'recall@20': tensor(0.0342), 'train_loss_0': tensor(0.4904, device='cuda:0')}
[2026-02-06 10:36:13] INFO training_time: 7031.893043518066
[2026-02-06 10:36:13] INFO inference_time: 201.37331080436707
[2026-02-06 10:37:21] INFO {'epoch': 96, 'sport_15_ndcg@20': tensor(0.0144), 'sport_15_recall@20': tensor(0.0337), 'ndcg@20': tensor(0.0144), 'recall@20': tensor(0.0337), 'train_loss_0': tensor(0.4907, device='cuda:0')}
[2026-02-06 10:37:21] INFO training_time: 7098.778800725937
[2026-02-06 10:37:21] INFO inference_time: 203.36777067184448
[2026-02-06 10:38:30] INFO {'epoch': 97, 'sport_15_ndcg@20': tensor(0.0150), 'sport_15_recall@20': tensor(0.0351), 'ndcg@20': tensor(0.0150), 'recall@20': tensor(0.0351), 'train_loss_0': tensor(0.4898, device='cuda:0')}
[2026-02-06 10:38:30] INFO training_time: 7165.836659908295
[2026-02-06 10:38:30] INFO inference_time: 204.95660972595215
[2026-02-06 10:39:39] INFO {'epoch': 98, 'sport_15_ndcg@20': tensor(0.0151), 'sport_15_recall@20': tensor(0.0355), 'ndcg@20': tensor(0.0151), 'recall@20': tensor(0.0355), 'train_loss_0': tensor(0.4866, device='cuda:0')}
[2026-02-06 10:39:39] INFO training_time: 7232.966774463654
[2026-02-06 10:39:39] INFO inference_time: 206.49573945999146
[2026-02-06 10:40:47] INFO {'epoch': 99, 'sport_15_ndcg@20': tensor(0.0152), 'sport_15_recall@20': tensor(0.0353), 'ndcg@20': tensor(0.0152), 'recall@20': tensor(0.0353), 'train_loss_0': tensor(0.4874, device='cuda:0')}
[2026-02-06 10:40:48] INFO training_time: 7299.726664543152
[2026-02-06 10:40:48] INFO inference_time: 208.41528582572937
[2026-02-06 10:41:57] INFO {'epoch': 100, 'sport_15_ndcg@20': tensor(0.0152), 'sport_15_recall@20': tensor(0.0358), 'ndcg@20': tensor(0.0152), 'recall@20': tensor(0.0358), 'train_loss_0': tensor(0.4854, device='cuda:0')}
[2026-02-06 10:41:57] INFO training_time: 7366.526276350021
[2026-02-06 10:41:57] INFO inference_time: 211.15674495697021
[2026-02-06 10:43:06] INFO {'epoch': 101, 'sport_15_ndcg@20': tensor(0.0152), 'sport_15_recall@20': tensor(0.0355), 'ndcg@20': tensor(0.0152), 'recall@20': tensor(0.0355), 'train_loss_0': tensor(0.4887, device='cuda:0')}
[2026-02-06 10:43:06] INFO training_time: 7433.274649143219
[2026-02-06 10:43:06] INFO inference_time: 212.8712673187256
[2026-02-06 10:44:14] INFO {'epoch': 102, 'sport_15_ndcg@20': tensor(0.0153), 'sport_15_recall@20': tensor(0.0359), 'ndcg@20': tensor(0.0153), 'recall@20': tensor(0.0359), 'train_loss_0': tensor(0.4859, device='cuda:0')}
[2026-02-06 10:44:14] INFO training_time: 7500.446624755859
[2026-02-06 10:44:14] INFO inference_time: 214.5536298751831
[2026-02-06 10:45:24] INFO {'epoch': 103, 'sport_15_ndcg@20': tensor(0.0153), 'sport_15_recall@20': tensor(0.0360), 'ndcg@20': tensor(0.0153), 'recall@20': tensor(0.0360), 'train_loss_0': tensor(0.4844, device='cuda:0')}
[2026-02-06 10:45:24] INFO training_time: 7567.642756938934
[2026-02-06 10:45:24] INFO inference_time: 216.54347896575928
[2026-02-06 10:46:32] INFO {'epoch': 104, 'sport_15_ndcg@20': tensor(0.0150), 'sport_15_recall@20': tensor(0.0355), 'ndcg@20': tensor(0.0150), 'recall@20': tensor(0.0355), 'train_loss_0': tensor(0.4838, device='cuda:0')}
[2026-02-06 10:46:32] INFO training_time: 7634.790119409561
[2026-02-06 10:46:32] INFO inference_time: 218.1077950000763
[2026-02-06 10:47:41] INFO {'epoch': 105, 'sport_15_ndcg@20': tensor(0.0153), 'sport_15_recall@20': tensor(0.0353), 'ndcg@20': tensor(0.0153), 'recall@20': tensor(0.0353), 'train_loss_0': tensor(0.4811, device='cuda:0')}
[2026-02-06 10:47:41] INFO training_time: 7701.035064697266
[2026-02-06 10:47:41] INFO inference_time: 220.0517463684082
[2026-02-06 10:48:46] INFO {'epoch': 106, 'sport_15_ndcg@20': tensor(0.0154), 'sport_15_recall@20': tensor(0.0360), 'ndcg@20': tensor(0.0154), 'recall@20': tensor(0.0360), 'train_loss_0': tensor(0.4813, device='cuda:0')}
[2026-02-06 10:48:47] INFO training_time: 7765.331475019455
[2026-02-06 10:48:47] INFO inference_time: 221.61293864250183
[2026-02-06 10:49:53] INFO {'epoch': 107, 'sport_15_ndcg@20': tensor(0.0153), 'sport_15_recall@20': tensor(0.0361), 'ndcg@20': tensor(0.0153), 'recall@20': tensor(0.0361), 'train_loss_0': tensor(0.4837, device='cuda:0')}
[2026-02-06 10:49:53] INFO training_time: 7830.065150499344
[2026-02-06 10:49:53] INFO inference_time: 223.37442135810852
[2026-02-06 10:49:53] INFO Early stopped. Since the metric ndcg@20 haven't been improved for 20 epochs.
[2026-02-06 10:49:53] INFO The best score of ndcg@20 is 0.0155 on epoch 87
[2026-02-06 10:49:53] INFO Best model checkpoint saved in saved/SASRec/noisy_15/2026-02-06-08-35-27-789504.ckpt.
[2026-02-06 10:49:55] INFO defaultdict(<class 'float'>, {'sport_15_ndcg@20': tensor(0.0105), 'sport_15_recall@20': tensor(0.0253), 'sport_15_ndcg@10': tensor(0.0081), 'sport_15_recall@10': tensor(0.0159), 'ndcg@20': tensor(0.0105), 'recall@20': tensor(0.0253), 'ndcg@10': tensor(0.0081), 'recall@10': tensor(0.0159)})
