[2026-02-05 19:55:16] INFO PID of this process: 1082406
[2026-02-05 19:55:22] INFO {'model': {'embed_dim': 64, 'loss_fn': 'bce', 'hidden_size': 128, 'layer_num': 2, 'head_num': 2, 'dropout_rate': 0.5, 'activation': 'gelu', 'layer_norm_eps': 1e-12, 'model': 'SASRec'}, 'data': {'domain_name_list': ['toy_15'], 'user_threshold': 5, 'item_threshold': 5, 'max_seq_len': 50, 'dataset_class': 'general', 'train_file': '_ori', 'dataset': 'noisy_15'}, 'train': {'batch_size': 256, 'early_stop_mode': 'max', 'early_stop_patience': 20, 'epochs': 1000, 'device': 'cuda', 'optimizer': 'adam', 'learning_rate': 0.001, 'weight_decay': 0, 'num_neg': 1, 'seed': 2028}, 'eval': {'batch_size': 2048, 'cutoff': [20, 10], 'val_metrics': ['ndcg', 'recall'], 'test_metrics': ['ndcg', 'recall'], 'topk': 100, 'save_path': './saved/'}}
[2026-02-05 19:55:22] INFO <data.dataset.SeparateDataset object at 0x7f508cf6a1f0>
[2026-02-05 19:55:22] INFO save_dir:saved
[2026-02-05 19:55:22] INFO SASRec(
  (item_embedding): Embedding(11925, 64, padding_idx=0)
  (query_encoder): SASRecQueryEncoder(
    (item_encoder): Embedding(11925, 64, padding_idx=0)
    (position_emb): Embedding(50, 64)
    (transformer_layer): TransformerEncoder(
      (layers): ModuleList(
        (0): TransformerEncoderLayer(
          (self_attn): MultiheadAttention(
            (out_proj): NonDynamicallyQuantizableLinear(in_features=64, out_features=64, bias=True)
          )
          (linear1): Linear(in_features=64, out_features=128, bias=True)
          (dropout): Dropout(p=0.5, inplace=False)
          (linear2): Linear(in_features=128, out_features=64, bias=True)
          (norm1): LayerNorm((64,), eps=1e-12, elementwise_affine=True)
          (norm2): LayerNorm((64,), eps=1e-12, elementwise_affine=True)
          (dropout1): Dropout(p=0.5, inplace=False)
          (dropout2): Dropout(p=0.5, inplace=False)
        )
        (1): TransformerEncoderLayer(
          (self_attn): MultiheadAttention(
            (out_proj): NonDynamicallyQuantizableLinear(in_features=64, out_features=64, bias=True)
          )
          (linear1): Linear(in_features=64, out_features=128, bias=True)
          (dropout): Dropout(p=0.5, inplace=False)
          (linear2): Linear(in_features=128, out_features=64, bias=True)
          (norm1): LayerNorm((64,), eps=1e-12, elementwise_affine=True)
          (norm2): LayerNorm((64,), eps=1e-12, elementwise_affine=True)
          (dropout1): Dropout(p=0.5, inplace=False)
          (dropout2): Dropout(p=0.5, inplace=False)
        )
      )
    )
    (dropout): Dropout(p=0.5, inplace=False)
    (training_pooling_layer): SeqPoolingLayer()
    (eval_pooling_layer): SeqPoolingLayer()
  )
  (loss_fn): BinaryCrossEntropyLoss()
)
[2026-02-05 19:56:05] INFO {'epoch': 0, 'toy_15_ndcg@20': tensor(0.0060), 'toy_15_recall@20': tensor(0.0162), 'ndcg@20': tensor(0.0060), 'recall@20': tensor(0.0162), 'train_loss_0': tensor(1.3618, device='cuda:0')}
[2026-02-05 19:56:05] INFO training_time: 41.518887758255005
[2026-02-05 19:56:05] INFO inference_time: 1.603583812713623
[2026-02-05 19:56:05] INFO ndcg@20 improved. Best value: 0.0060
[2026-02-05 19:56:05] INFO Best model checkpoint saved in saved/SASRec/noisy_15/2026-02-05-19-55-16-409638.ckpt.
[2026-02-05 19:56:44] INFO {'epoch': 1, 'toy_15_ndcg@20': tensor(0.0064), 'toy_15_recall@20': tensor(0.0152), 'ndcg@20': tensor(0.0064), 'recall@20': tensor(0.0152), 'train_loss_0': tensor(1.2795, device='cuda:0')}
[2026-02-05 19:56:44] INFO training_time: 79.4709222316742
[2026-02-05 19:56:44] INFO inference_time: 2.6620380878448486
[2026-02-05 19:56:44] INFO ndcg@20 improved. Best value: 0.0064
[2026-02-05 19:56:44] INFO Best model checkpoint saved in saved/SASRec/noisy_15/2026-02-05-19-55-16-409638.ckpt.
[2026-02-05 19:57:23] INFO {'epoch': 2, 'toy_15_ndcg@20': tensor(0.0068), 'toy_15_recall@20': tensor(0.0163), 'ndcg@20': tensor(0.0068), 'recall@20': tensor(0.0163), 'train_loss_0': tensor(1.2342, device='cuda:0')}
[2026-02-05 19:57:23] INFO training_time: 117.4925217628479
[2026-02-05 19:57:23] INFO inference_time: 3.662473678588867
[2026-02-05 19:57:23] INFO ndcg@20 improved. Best value: 0.0068
[2026-02-05 19:57:23] INFO Best model checkpoint saved in saved/SASRec/noisy_15/2026-02-05-19-55-16-409638.ckpt.
[2026-02-05 19:58:02] INFO {'epoch': 3, 'toy_15_ndcg@20': tensor(0.0072), 'toy_15_recall@20': tensor(0.0168), 'ndcg@20': tensor(0.0072), 'recall@20': tensor(0.0168), 'train_loss_0': tensor(1.1871, device='cuda:0')}
[2026-02-05 19:58:02] INFO training_time: 155.65765380859375
[2026-02-05 19:58:02] INFO inference_time: 4.65137243270874
[2026-02-05 19:58:02] INFO ndcg@20 improved. Best value: 0.0072
[2026-02-05 19:58:02] INFO Best model checkpoint saved in saved/SASRec/noisy_15/2026-02-05-19-55-16-409638.ckpt.
[2026-02-05 19:58:42] INFO {'epoch': 4, 'toy_15_ndcg@20': tensor(0.0081), 'toy_15_recall@20': tensor(0.0183), 'ndcg@20': tensor(0.0081), 'recall@20': tensor(0.0183), 'train_loss_0': tensor(1.1403, device='cuda:0')}
[2026-02-05 19:58:42] INFO training_time: 193.8652048110962
[2026-02-05 19:58:42] INFO inference_time: 5.620323896408081
[2026-02-05 19:58:42] INFO ndcg@20 improved. Best value: 0.0081
[2026-02-05 19:58:42] INFO Best model checkpoint saved in saved/SASRec/noisy_15/2026-02-05-19-55-16-409638.ckpt.
[2026-02-05 19:59:21] INFO {'epoch': 5, 'toy_15_ndcg@20': tensor(0.0094), 'toy_15_recall@20': tensor(0.0219), 'ndcg@20': tensor(0.0094), 'recall@20': tensor(0.0219), 'train_loss_0': tensor(1.0953, device='cuda:0')}
[2026-02-05 19:59:21] INFO training_time: 231.86964297294617
[2026-02-05 19:59:21] INFO inference_time: 6.653053045272827
[2026-02-05 19:59:21] INFO ndcg@20 improved. Best value: 0.0094
[2026-02-05 19:59:21] INFO Best model checkpoint saved in saved/SASRec/noisy_15/2026-02-05-19-55-16-409638.ckpt.
[2026-02-05 20:00:00] INFO {'epoch': 6, 'toy_15_ndcg@20': tensor(0.0123), 'toy_15_recall@20': tensor(0.0263), 'ndcg@20': tensor(0.0123), 'recall@20': tensor(0.0263), 'train_loss_0': tensor(1.0533, device='cuda:0')}
[2026-02-05 20:00:00] INFO training_time: 269.75095868110657
[2026-02-05 20:00:00] INFO inference_time: 7.699605464935303
[2026-02-05 20:00:00] INFO ndcg@20 improved. Best value: 0.0123
[2026-02-05 20:00:00] INFO Best model checkpoint saved in saved/SASRec/noisy_15/2026-02-05-19-55-16-409638.ckpt.
[2026-02-05 20:00:39] INFO {'epoch': 7, 'toy_15_ndcg@20': tensor(0.0137), 'toy_15_recall@20': tensor(0.0285), 'ndcg@20': tensor(0.0137), 'recall@20': tensor(0.0285), 'train_loss_0': tensor(1.0149, device='cuda:0')}
[2026-02-05 20:00:39] INFO training_time: 307.7666141986847
[2026-02-05 20:00:39] INFO inference_time: 8.74354863166809
[2026-02-05 20:00:39] INFO ndcg@20 improved. Best value: 0.0137
[2026-02-05 20:00:39] INFO Best model checkpoint saved in saved/SASRec/noisy_15/2026-02-05-19-55-16-409638.ckpt.
[2026-02-05 20:01:18] INFO {'epoch': 8, 'toy_15_ndcg@20': tensor(0.0139), 'toy_15_recall@20': tensor(0.0308), 'ndcg@20': tensor(0.0139), 'recall@20': tensor(0.0308), 'train_loss_0': tensor(0.9756, device='cuda:0')}
[2026-02-05 20:01:18] INFO training_time: 345.79559659957886
[2026-02-05 20:01:18] INFO inference_time: 9.707473754882812
[2026-02-05 20:01:18] INFO ndcg@20 improved. Best value: 0.0139
[2026-02-05 20:01:18] INFO Best model checkpoint saved in saved/SASRec/noisy_15/2026-02-05-19-55-16-409638.ckpt.
[2026-02-05 20:01:57] INFO {'epoch': 9, 'toy_15_ndcg@20': tensor(0.0160), 'toy_15_recall@20': tensor(0.0351), 'ndcg@20': tensor(0.0160), 'recall@20': tensor(0.0351), 'train_loss_0': tensor(0.9377, device='cuda:0')}
[2026-02-05 20:01:57] INFO training_time: 383.8673942089081
[2026-02-05 20:01:57] INFO inference_time: 10.659906148910522
[2026-02-05 20:01:57] INFO ndcg@20 improved. Best value: 0.0160
[2026-02-05 20:01:57] INFO Best model checkpoint saved in saved/SASRec/noisy_15/2026-02-05-19-55-16-409638.ckpt.
[2026-02-05 20:02:36] INFO {'epoch': 10, 'toy_15_ndcg@20': tensor(0.0171), 'toy_15_recall@20': tensor(0.0375), 'ndcg@20': tensor(0.0171), 'recall@20': tensor(0.0375), 'train_loss_0': tensor(0.9053, device='cuda:0')}
[2026-02-05 20:02:36] INFO training_time: 422.01367235183716
[2026-02-05 20:02:36] INFO inference_time: 11.999834537506104
[2026-02-05 20:02:36] INFO ndcg@20 improved. Best value: 0.0171
[2026-02-05 20:02:36] INFO Best model checkpoint saved in saved/SASRec/noisy_15/2026-02-05-19-55-16-409638.ckpt.
[2026-02-05 20:03:15] INFO {'epoch': 11, 'toy_15_ndcg@20': tensor(0.0179), 'toy_15_recall@20': tensor(0.0395), 'ndcg@20': tensor(0.0179), 'recall@20': tensor(0.0395), 'train_loss_0': tensor(0.8710, device='cuda:0')}
[2026-02-05 20:03:15] INFO training_time: 459.9921135902405
[2026-02-05 20:03:15] INFO inference_time: 12.870912551879883
[2026-02-05 20:03:15] INFO ndcg@20 improved. Best value: 0.0179
[2026-02-05 20:03:15] INFO Best model checkpoint saved in saved/SASRec/noisy_15/2026-02-05-19-55-16-409638.ckpt.
[2026-02-05 20:03:54] INFO {'epoch': 12, 'toy_15_ndcg@20': tensor(0.0191), 'toy_15_recall@20': tensor(0.0415), 'ndcg@20': tensor(0.0191), 'recall@20': tensor(0.0415), 'train_loss_0': tensor(0.8407, device='cuda:0')}
[2026-02-05 20:03:54] INFO training_time: 497.94882345199585
[2026-02-05 20:03:54] INFO inference_time: 13.77836799621582
[2026-02-05 20:03:54] INFO ndcg@20 improved. Best value: 0.0191
[2026-02-05 20:03:54] INFO Best model checkpoint saved in saved/SASRec/noisy_15/2026-02-05-19-55-16-409638.ckpt.
[2026-02-05 20:04:33] INFO {'epoch': 13, 'toy_15_ndcg@20': tensor(0.0194), 'toy_15_recall@20': tensor(0.0423), 'ndcg@20': tensor(0.0194), 'recall@20': tensor(0.0423), 'train_loss_0': tensor(0.8134, device='cuda:0')}
[2026-02-05 20:04:33] INFO training_time: 535.9505970478058
[2026-02-05 20:04:33] INFO inference_time: 14.78333592414856
[2026-02-05 20:04:33] INFO ndcg@20 improved. Best value: 0.0194
[2026-02-05 20:04:33] INFO Best model checkpoint saved in saved/SASRec/noisy_15/2026-02-05-19-55-16-409638.ckpt.
[2026-02-05 20:05:12] INFO {'epoch': 14, 'toy_15_ndcg@20': tensor(0.0203), 'toy_15_recall@20': tensor(0.0449), 'ndcg@20': tensor(0.0203), 'recall@20': tensor(0.0449), 'train_loss_0': tensor(0.7865, device='cuda:0')}
[2026-02-05 20:05:12] INFO training_time: 574.059130191803
[2026-02-05 20:05:12] INFO inference_time: 15.931645631790161
[2026-02-05 20:05:12] INFO ndcg@20 improved. Best value: 0.0203
[2026-02-05 20:05:12] INFO Best model checkpoint saved in saved/SASRec/noisy_15/2026-02-05-19-55-16-409638.ckpt.
[2026-02-05 20:05:52] INFO {'epoch': 15, 'toy_15_ndcg@20': tensor(0.0205), 'toy_15_recall@20': tensor(0.0448), 'ndcg@20': tensor(0.0205), 'recall@20': tensor(0.0448), 'train_loss_0': tensor(0.7591, device='cuda:0')}
[2026-02-05 20:05:52] INFO training_time: 612.140546798706
[2026-02-05 20:05:52] INFO inference_time: 17.03200674057007
[2026-02-05 20:05:52] INFO ndcg@20 improved. Best value: 0.0205
[2026-02-05 20:05:52] INFO Best model checkpoint saved in saved/SASRec/noisy_15/2026-02-05-19-55-16-409638.ckpt.
[2026-02-05 20:06:31] INFO {'epoch': 16, 'toy_15_ndcg@20': tensor(0.0224), 'toy_15_recall@20': tensor(0.0485), 'ndcg@20': tensor(0.0224), 'recall@20': tensor(0.0485), 'train_loss_0': tensor(0.7382, device='cuda:0')}
[2026-02-05 20:06:31] INFO training_time: 650.0769493579865
[2026-02-05 20:06:31] INFO inference_time: 18.09920620918274
[2026-02-05 20:06:31] INFO ndcg@20 improved. Best value: 0.0224
[2026-02-05 20:06:31] INFO Best model checkpoint saved in saved/SASRec/noisy_15/2026-02-05-19-55-16-409638.ckpt.
[2026-02-05 20:07:10] INFO {'epoch': 17, 'toy_15_ndcg@20': tensor(0.0225), 'toy_15_recall@20': tensor(0.0474), 'ndcg@20': tensor(0.0225), 'recall@20': tensor(0.0474), 'train_loss_0': tensor(0.7188, device='cuda:0')}
[2026-02-05 20:07:10] INFO training_time: 688.0274646282196
[2026-02-05 20:07:10] INFO inference_time: 19.062514305114746
[2026-02-05 20:07:10] INFO ndcg@20 improved. Best value: 0.0225
[2026-02-05 20:07:10] INFO Best model checkpoint saved in saved/SASRec/noisy_15/2026-02-05-19-55-16-409638.ckpt.
[2026-02-05 20:07:49] INFO {'epoch': 18, 'toy_15_ndcg@20': tensor(0.0235), 'toy_15_recall@20': tensor(0.0501), 'ndcg@20': tensor(0.0235), 'recall@20': tensor(0.0501), 'train_loss_0': tensor(0.6965, device='cuda:0')}
[2026-02-05 20:07:49] INFO training_time: 726.0540287494659
[2026-02-05 20:07:49] INFO inference_time: 19.989601612091064
[2026-02-05 20:07:49] INFO ndcg@20 improved. Best value: 0.0235
[2026-02-05 20:07:49] INFO Best model checkpoint saved in saved/SASRec/noisy_15/2026-02-05-19-55-16-409638.ckpt.
[2026-02-05 20:08:28] INFO {'epoch': 19, 'toy_15_ndcg@20': tensor(0.0232), 'toy_15_recall@20': tensor(0.0496), 'ndcg@20': tensor(0.0232), 'recall@20': tensor(0.0496), 'train_loss_0': tensor(0.6780, device='cuda:0')}
[2026-02-05 20:08:28] INFO training_time: 763.9974400997162
[2026-02-05 20:08:28] INFO inference_time: 21.049015045166016
[2026-02-05 20:09:07] INFO {'epoch': 20, 'toy_15_ndcg@20': tensor(0.0236), 'toy_15_recall@20': tensor(0.0506), 'ndcg@20': tensor(0.0236), 'recall@20': tensor(0.0506), 'train_loss_0': tensor(0.6667, device='cuda:0')}
[2026-02-05 20:09:07] INFO training_time: 801.990602016449
[2026-02-05 20:09:07] INFO inference_time: 22.63173222541809
[2026-02-05 20:09:07] INFO ndcg@20 improved. Best value: 0.0236
[2026-02-05 20:09:07] INFO Best model checkpoint saved in saved/SASRec/noisy_15/2026-02-05-19-55-16-409638.ckpt.
[2026-02-05 20:09:46] INFO {'epoch': 21, 'toy_15_ndcg@20': tensor(0.0236), 'toy_15_recall@20': tensor(0.0509), 'ndcg@20': tensor(0.0236), 'recall@20': tensor(0.0509), 'train_loss_0': tensor(0.6480, device='cuda:0')}
[2026-02-05 20:09:46] INFO training_time: 839.8466131687164
[2026-02-05 20:09:46] INFO inference_time: 23.603347063064575
[2026-02-05 20:10:25] INFO {'epoch': 22, 'toy_15_ndcg@20': tensor(0.0244), 'toy_15_recall@20': tensor(0.0522), 'ndcg@20': tensor(0.0244), 'recall@20': tensor(0.0522), 'train_loss_0': tensor(0.6328, device='cuda:0')}
[2026-02-05 20:10:25] INFO training_time: 877.8311448097229
[2026-02-05 20:10:25] INFO inference_time: 24.62907075881958
[2026-02-05 20:10:25] INFO ndcg@20 improved. Best value: 0.0244
[2026-02-05 20:10:25] INFO Best model checkpoint saved in saved/SASRec/noisy_15/2026-02-05-19-55-16-409638.ckpt.
[2026-02-05 20:11:04] INFO {'epoch': 23, 'toy_15_ndcg@20': tensor(0.0244), 'toy_15_recall@20': tensor(0.0516), 'ndcg@20': tensor(0.0244), 'recall@20': tensor(0.0516), 'train_loss_0': tensor(0.6263, device='cuda:0')}
[2026-02-05 20:11:04] INFO training_time: 915.8799419403076
[2026-02-05 20:11:04] INFO inference_time: 25.507344245910645
[2026-02-05 20:11:04] INFO ndcg@20 improved. Best value: 0.0244
[2026-02-05 20:11:04] INFO Best model checkpoint saved in saved/SASRec/noisy_15/2026-02-05-19-55-16-409638.ckpt.
[2026-02-05 20:11:43] INFO {'epoch': 24, 'toy_15_ndcg@20': tensor(0.0248), 'toy_15_recall@20': tensor(0.0531), 'ndcg@20': tensor(0.0248), 'recall@20': tensor(0.0531), 'train_loss_0': tensor(0.6138, device='cuda:0')}
[2026-02-05 20:11:44] INFO training_time: 954.0510468482971
[2026-02-05 20:11:44] INFO inference_time: 26.60785937309265
[2026-02-05 20:11:44] INFO ndcg@20 improved. Best value: 0.0248
[2026-02-05 20:11:44] INFO Best model checkpoint saved in saved/SASRec/noisy_15/2026-02-05-19-55-16-409638.ckpt.
[2026-02-05 20:12:23] INFO {'epoch': 25, 'toy_15_ndcg@20': tensor(0.0247), 'toy_15_recall@20': tensor(0.0533), 'ndcg@20': tensor(0.0247), 'recall@20': tensor(0.0533), 'train_loss_0': tensor(0.5958, device='cuda:0')}
[2026-02-05 20:12:23] INFO training_time: 992.1022536754608
[2026-02-05 20:12:23] INFO inference_time: 27.603984355926514
[2026-02-05 20:13:01] INFO {'epoch': 26, 'toy_15_ndcg@20': tensor(0.0245), 'toy_15_recall@20': tensor(0.0539), 'ndcg@20': tensor(0.0245), 'recall@20': tensor(0.0539), 'train_loss_0': tensor(0.5893, device='cuda:0')}
[2026-02-05 20:13:01] INFO training_time: 1029.9293947219849
[2026-02-05 20:13:01] INFO inference_time: 28.6245014667511
[2026-02-05 20:13:40] INFO {'epoch': 27, 'toy_15_ndcg@20': tensor(0.0246), 'toy_15_recall@20': tensor(0.0541), 'ndcg@20': tensor(0.0246), 'recall@20': tensor(0.0541), 'train_loss_0': tensor(0.5840, device='cuda:0')}
[2026-02-05 20:13:40] INFO training_time: 1067.8816916942596
[2026-02-05 20:13:40] INFO inference_time: 29.625595092773438
[2026-02-05 20:14:19] INFO {'epoch': 28, 'toy_15_ndcg@20': tensor(0.0249), 'toy_15_recall@20': tensor(0.0537), 'ndcg@20': tensor(0.0249), 'recall@20': tensor(0.0537), 'train_loss_0': tensor(0.5704, device='cuda:0')}
[2026-02-05 20:14:19] INFO training_time: 1105.9288051128387
[2026-02-05 20:14:19] INFO inference_time: 30.438313484191895
[2026-02-05 20:14:19] INFO ndcg@20 improved. Best value: 0.0249
[2026-02-05 20:14:19] INFO Best model checkpoint saved in saved/SASRec/noisy_15/2026-02-05-19-55-16-409638.ckpt.
[2026-02-05 20:14:58] INFO {'epoch': 29, 'toy_15_ndcg@20': tensor(0.0254), 'toy_15_recall@20': tensor(0.0545), 'ndcg@20': tensor(0.0254), 'recall@20': tensor(0.0545), 'train_loss_0': tensor(0.5651, device='cuda:0')}
[2026-02-05 20:14:58] INFO training_time: 1144.0034880638123
[2026-02-05 20:14:58] INFO inference_time: 31.3665509223938
[2026-02-05 20:14:58] INFO ndcg@20 improved. Best value: 0.0254
[2026-02-05 20:14:58] INFO Best model checkpoint saved in saved/SASRec/noisy_15/2026-02-05-19-55-16-409638.ckpt.
[2026-02-05 20:15:38] INFO {'epoch': 30, 'toy_15_ndcg@20': tensor(0.0252), 'toy_15_recall@20': tensor(0.0541), 'ndcg@20': tensor(0.0252), 'recall@20': tensor(0.0541), 'train_loss_0': tensor(0.5604, device='cuda:0')}
[2026-02-05 20:15:38] INFO training_time: 1182.0048310756683
[2026-02-05 20:15:38] INFO inference_time: 32.989473819732666
[2026-02-05 20:16:17] INFO {'epoch': 31, 'toy_15_ndcg@20': tensor(0.0257), 'toy_15_recall@20': tensor(0.0553), 'ndcg@20': tensor(0.0257), 'recall@20': tensor(0.0553), 'train_loss_0': tensor(0.5579, device='cuda:0')}
[2026-02-05 20:16:17] INFO training_time: 1220.2437055110931
[2026-02-05 20:16:17] INFO inference_time: 33.96924448013306
[2026-02-05 20:16:17] INFO ndcg@20 improved. Best value: 0.0257
[2026-02-05 20:16:17] INFO Best model checkpoint saved in saved/SASRec/noisy_15/2026-02-05-19-55-16-409638.ckpt.
[2026-02-05 20:16:56] INFO {'epoch': 32, 'toy_15_ndcg@20': tensor(0.0249), 'toy_15_recall@20': tensor(0.0545), 'ndcg@20': tensor(0.0249), 'recall@20': tensor(0.0545), 'train_loss_0': tensor(0.5472, device='cuda:0')}
[2026-02-05 20:16:56] INFO training_time: 1258.1702132225037
[2026-02-05 20:16:56] INFO inference_time: 34.92475748062134
[2026-02-05 20:17:35] INFO {'epoch': 33, 'toy_15_ndcg@20': tensor(0.0256), 'toy_15_recall@20': tensor(0.0554), 'ndcg@20': tensor(0.0256), 'recall@20': tensor(0.0554), 'train_loss_0': tensor(0.5408, device='cuda:0')}
[2026-02-05 20:17:35] INFO training_time: 1296.1901242733002
[2026-02-05 20:17:35] INFO inference_time: 35.82339334487915
[2026-02-05 20:18:14] INFO {'epoch': 34, 'toy_15_ndcg@20': tensor(0.0262), 'toy_15_recall@20': tensor(0.0553), 'ndcg@20': tensor(0.0262), 'recall@20': tensor(0.0553), 'train_loss_0': tensor(0.5338, device='cuda:0')}
[2026-02-05 20:18:14] INFO training_time: 1334.260014295578
[2026-02-05 20:18:14] INFO inference_time: 36.73055958747864
[2026-02-05 20:18:14] INFO ndcg@20 improved. Best value: 0.0262
[2026-02-05 20:18:14] INFO Best model checkpoint saved in saved/SASRec/noisy_15/2026-02-05-19-55-16-409638.ckpt.
[2026-02-05 20:18:53] INFO {'epoch': 35, 'toy_15_ndcg@20': tensor(0.0261), 'toy_15_recall@20': tensor(0.0569), 'ndcg@20': tensor(0.0261), 'recall@20': tensor(0.0569), 'train_loss_0': tensor(0.5272, device='cuda:0')}
[2026-02-05 20:18:53] INFO training_time: 1372.3547642230988
[2026-02-05 20:18:53] INFO inference_time: 37.62136769294739
[2026-02-05 20:19:32] INFO {'epoch': 36, 'toy_15_ndcg@20': tensor(0.0262), 'toy_15_recall@20': tensor(0.0567), 'ndcg@20': tensor(0.0262), 'recall@20': tensor(0.0567), 'train_loss_0': tensor(0.5248, device='cuda:0')}
[2026-02-05 20:19:32] INFO training_time: 1410.52752161026
[2026-02-05 20:19:32] INFO inference_time: 38.61484217643738
[2026-02-05 20:19:32] INFO ndcg@20 improved. Best value: 0.0262
[2026-02-05 20:19:32] INFO Best model checkpoint saved in saved/SASRec/noisy_15/2026-02-05-19-55-16-409638.ckpt.
[2026-02-05 20:20:12] INFO {'epoch': 37, 'toy_15_ndcg@20': tensor(0.0258), 'toy_15_recall@20': tensor(0.0555), 'ndcg@20': tensor(0.0258), 'recall@20': tensor(0.0555), 'train_loss_0': tensor(0.5201, device='cuda:0')}
[2026-02-05 20:20:12] INFO training_time: 1448.7470898628235
[2026-02-05 20:20:12] INFO inference_time: 39.645065784454346
[2026-02-05 20:20:51] INFO {'epoch': 38, 'toy_15_ndcg@20': tensor(0.0258), 'toy_15_recall@20': tensor(0.0567), 'ndcg@20': tensor(0.0258), 'recall@20': tensor(0.0567), 'train_loss_0': tensor(0.5154, device='cuda:0')}
[2026-02-05 20:20:51] INFO training_time: 1487.0317912101746
[2026-02-05 20:20:51] INFO inference_time: 40.7116334438324
[2026-02-05 20:21:30] INFO {'epoch': 39, 'toy_15_ndcg@20': tensor(0.0260), 'toy_15_recall@20': tensor(0.0568), 'ndcg@20': tensor(0.0260), 'recall@20': tensor(0.0568), 'train_loss_0': tensor(0.5147, device='cuda:0')}
[2026-02-05 20:21:30] INFO training_time: 1525.2118933200836
[2026-02-05 20:21:30] INFO inference_time: 41.62420105934143
[2026-02-05 20:22:10] INFO {'epoch': 40, 'toy_15_ndcg@20': tensor(0.0264), 'toy_15_recall@20': tensor(0.0562), 'ndcg@20': tensor(0.0264), 'recall@20': tensor(0.0562), 'train_loss_0': tensor(0.5116, device='cuda:0')}
[2026-02-05 20:22:10] INFO training_time: 1563.7082595825195
[2026-02-05 20:22:10] INFO inference_time: 43.11255598068237
[2026-02-05 20:22:10] INFO ndcg@20 improved. Best value: 0.0264
[2026-02-05 20:22:10] INFO Best model checkpoint saved in saved/SASRec/noisy_15/2026-02-05-19-55-16-409638.ckpt.
[2026-02-05 20:22:50] INFO {'epoch': 41, 'toy_15_ndcg@20': tensor(0.0270), 'toy_15_recall@20': tensor(0.0582), 'ndcg@20': tensor(0.0270), 'recall@20': tensor(0.0582), 'train_loss_0': tensor(0.5097, device='cuda:0')}
[2026-02-05 20:22:50] INFO training_time: 1602.1516871452332
[2026-02-05 20:22:50] INFO inference_time: 44.10943078994751
[2026-02-05 20:22:50] INFO ndcg@20 improved. Best value: 0.0270
[2026-02-05 20:22:50] INFO Best model checkpoint saved in saved/SASRec/noisy_15/2026-02-05-19-55-16-409638.ckpt.
[2026-02-05 20:23:29] INFO {'epoch': 42, 'toy_15_ndcg@20': tensor(0.0263), 'toy_15_recall@20': tensor(0.0560), 'ndcg@20': tensor(0.0263), 'recall@20': tensor(0.0560), 'train_loss_0': tensor(0.5025, device='cuda:0')}
[2026-02-05 20:23:29] INFO training_time: 1640.5899307727814
[2026-02-05 20:23:29] INFO inference_time: 45.06246852874756
[2026-02-05 20:24:08] INFO {'epoch': 43, 'toy_15_ndcg@20': tensor(0.0270), 'toy_15_recall@20': tensor(0.0573), 'ndcg@20': tensor(0.0270), 'recall@20': tensor(0.0573), 'train_loss_0': tensor(0.4991, device='cuda:0')}
[2026-02-05 20:24:08] INFO training_time: 1678.9926919937134
[2026-02-05 20:24:08] INFO inference_time: 45.980876445770264
[2026-02-05 20:24:08] INFO ndcg@20 improved. Best value: 0.0270
[2026-02-05 20:24:08] INFO Best model checkpoint saved in saved/SASRec/noisy_15/2026-02-05-19-55-16-409638.ckpt.
[2026-02-05 20:24:48] INFO {'epoch': 44, 'toy_15_ndcg@20': tensor(0.0272), 'toy_15_recall@20': tensor(0.0586), 'ndcg@20': tensor(0.0272), 'recall@20': tensor(0.0586), 'train_loss_0': tensor(0.4953, device='cuda:0')}
[2026-02-05 20:24:48] INFO training_time: 1717.4654314517975
[2026-02-05 20:24:48] INFO inference_time: 47.088518381118774
[2026-02-05 20:24:48] INFO ndcg@20 improved. Best value: 0.0272
[2026-02-05 20:24:48] INFO Best model checkpoint saved in saved/SASRec/noisy_15/2026-02-05-19-55-16-409638.ckpt.
[2026-02-05 20:25:27] INFO {'epoch': 45, 'toy_15_ndcg@20': tensor(0.0275), 'toy_15_recall@20': tensor(0.0576), 'ndcg@20': tensor(0.0275), 'recall@20': tensor(0.0576), 'train_loss_0': tensor(0.4931, device='cuda:0')}
[2026-02-05 20:25:27] INFO training_time: 1755.6727547645569
[2026-02-05 20:25:27] INFO inference_time: 48.03294587135315
[2026-02-05 20:25:27] INFO ndcg@20 improved. Best value: 0.0275
[2026-02-05 20:25:27] INFO Best model checkpoint saved in saved/SASRec/noisy_15/2026-02-05-19-55-16-409638.ckpt.
[2026-02-05 20:26:07] INFO {'epoch': 46, 'toy_15_ndcg@20': tensor(0.0273), 'toy_15_recall@20': tensor(0.0575), 'ndcg@20': tensor(0.0273), 'recall@20': tensor(0.0575), 'train_loss_0': tensor(0.4873, device='cuda:0')}
[2026-02-05 20:26:07] INFO training_time: 1793.9940314292908
[2026-02-05 20:26:07] INFO inference_time: 49.06570243835449
[2026-02-05 20:26:46] INFO {'epoch': 47, 'toy_15_ndcg@20': tensor(0.0269), 'toy_15_recall@20': tensor(0.0575), 'ndcg@20': tensor(0.0269), 'recall@20': tensor(0.0575), 'train_loss_0': tensor(0.4917, device='cuda:0')}
[2026-02-05 20:26:46] INFO training_time: 1832.3404355049133
[2026-02-05 20:26:46] INFO inference_time: 50.07433795928955
[2026-02-05 20:27:26] INFO {'epoch': 48, 'toy_15_ndcg@20': tensor(0.0275), 'toy_15_recall@20': tensor(0.0596), 'ndcg@20': tensor(0.0275), 'recall@20': tensor(0.0596), 'train_loss_0': tensor(0.4852, device='cuda:0')}
[2026-02-05 20:27:26] INFO training_time: 1870.795994758606
[2026-02-05 20:27:26] INFO inference_time: 51.05562734603882
[2026-02-05 20:28:05] INFO {'epoch': 49, 'toy_15_ndcg@20': tensor(0.0274), 'toy_15_recall@20': tensor(0.0585), 'ndcg@20': tensor(0.0274), 'recall@20': tensor(0.0585), 'train_loss_0': tensor(0.4876, device='cuda:0')}
[2026-02-05 20:28:05] INFO training_time: 1909.092119693756
[2026-02-05 20:28:05] INFO inference_time: 52.11399221420288
[2026-02-05 20:28:45] INFO {'epoch': 50, 'toy_15_ndcg@20': tensor(0.0271), 'toy_15_recall@20': tensor(0.0582), 'ndcg@20': tensor(0.0271), 'recall@20': tensor(0.0582), 'train_loss_0': tensor(0.4818, device='cuda:0')}
[2026-02-05 20:28:45] INFO training_time: 1947.5815851688385
[2026-02-05 20:28:45] INFO inference_time: 53.690895795822144
[2026-02-05 20:29:24] INFO {'epoch': 51, 'toy_15_ndcg@20': tensor(0.0273), 'toy_15_recall@20': tensor(0.0586), 'ndcg@20': tensor(0.0273), 'recall@20': tensor(0.0586), 'train_loss_0': tensor(0.4803, device='cuda:0')}
[2026-02-05 20:29:25] INFO training_time: 1986.0125346183777
[2026-02-05 20:29:25] INFO inference_time: 54.7040650844574
[2026-02-05 20:30:04] INFO {'epoch': 52, 'toy_15_ndcg@20': tensor(0.0277), 'toy_15_recall@20': tensor(0.0594), 'ndcg@20': tensor(0.0277), 'recall@20': tensor(0.0594), 'train_loss_0': tensor(0.4737, device='cuda:0')}
[2026-02-05 20:30:04] INFO training_time: 2024.4507005214691
[2026-02-05 20:30:04] INFO inference_time: 55.71556282043457
[2026-02-05 20:30:04] INFO ndcg@20 improved. Best value: 0.0277
[2026-02-05 20:30:04] INFO Best model checkpoint saved in saved/SASRec/noisy_15/2026-02-05-19-55-16-409638.ckpt.
[2026-02-05 20:30:43] INFO {'epoch': 53, 'toy_15_ndcg@20': tensor(0.0277), 'toy_15_recall@20': tensor(0.0589), 'ndcg@20': tensor(0.0277), 'recall@20': tensor(0.0589), 'train_loss_0': tensor(0.4736, device='cuda:0')}
[2026-02-05 20:30:43] INFO training_time: 2062.8397381305695
[2026-02-05 20:30:43] INFO inference_time: 56.55392050743103
[2026-02-05 20:31:23] INFO {'epoch': 54, 'toy_15_ndcg@20': tensor(0.0278), 'toy_15_recall@20': tensor(0.0591), 'ndcg@20': tensor(0.0278), 'recall@20': tensor(0.0591), 'train_loss_0': tensor(0.4700, device='cuda:0')}
[2026-02-05 20:31:23] INFO training_time: 2101.3820164203644
[2026-02-05 20:31:23] INFO inference_time: 57.41542673110962
[2026-02-05 20:31:23] INFO ndcg@20 improved. Best value: 0.0278
[2026-02-05 20:31:23] INFO Best model checkpoint saved in saved/SASRec/noisy_15/2026-02-05-19-55-16-409638.ckpt.
[2026-02-05 20:32:02] INFO {'epoch': 55, 'toy_15_ndcg@20': tensor(0.0276), 'toy_15_recall@20': tensor(0.0584), 'ndcg@20': tensor(0.0276), 'recall@20': tensor(0.0584), 'train_loss_0': tensor(0.4705, device='cuda:0')}
[2026-02-05 20:32:02] INFO training_time: 2139.5926513671875
[2026-02-05 20:32:02] INFO inference_time: 58.47463822364807
[2026-02-05 20:32:41] INFO {'epoch': 56, 'toy_15_ndcg@20': tensor(0.0272), 'toy_15_recall@20': tensor(0.0589), 'ndcg@20': tensor(0.0272), 'recall@20': tensor(0.0589), 'train_loss_0': tensor(0.4713, device='cuda:0')}
[2026-02-05 20:32:41] INFO training_time: 2178.020404100418
[2026-02-05 20:32:41] INFO inference_time: 59.44568419456482
[2026-02-05 20:33:21] INFO {'epoch': 57, 'toy_15_ndcg@20': tensor(0.0276), 'toy_15_recall@20': tensor(0.0597), 'ndcg@20': tensor(0.0276), 'recall@20': tensor(0.0597), 'train_loss_0': tensor(0.4716, device='cuda:0')}
[2026-02-05 20:33:21] INFO training_time: 2216.35591340065
[2026-02-05 20:33:21] INFO inference_time: 60.36609077453613
[2026-02-05 20:34:00] INFO {'epoch': 58, 'toy_15_ndcg@20': tensor(0.0273), 'toy_15_recall@20': tensor(0.0594), 'ndcg@20': tensor(0.0273), 'recall@20': tensor(0.0594), 'train_loss_0': tensor(0.4661, device='cuda:0')}
[2026-02-05 20:34:00] INFO training_time: 2254.6562733650208
[2026-02-05 20:34:00] INFO inference_time: 61.289220571517944
[2026-02-05 20:34:39] INFO {'epoch': 59, 'toy_15_ndcg@20': tensor(0.0267), 'toy_15_recall@20': tensor(0.0582), 'ndcg@20': tensor(0.0267), 'recall@20': tensor(0.0582), 'train_loss_0': tensor(0.4639, device='cuda:0')}
[2026-02-05 20:34:39] INFO training_time: 2292.9774553775787
[2026-02-05 20:34:39] INFO inference_time: 62.17765259742737
[2026-02-05 20:35:19] INFO {'epoch': 60, 'toy_15_ndcg@20': tensor(0.0273), 'toy_15_recall@20': tensor(0.0591), 'ndcg@20': tensor(0.0273), 'recall@20': tensor(0.0591), 'train_loss_0': tensor(0.4619, device='cuda:0')}
[2026-02-05 20:35:19] INFO training_time: 2331.2940611839294
[2026-02-05 20:35:19] INFO inference_time: 63.7427761554718
[2026-02-05 20:35:59] INFO {'epoch': 61, 'toy_15_ndcg@20': tensor(0.0276), 'toy_15_recall@20': tensor(0.0597), 'ndcg@20': tensor(0.0276), 'recall@20': tensor(0.0597), 'train_loss_0': tensor(0.4651, device='cuda:0')}
[2026-02-05 20:35:59] INFO training_time: 2369.654627084732
[2026-02-05 20:35:59] INFO inference_time: 64.8534164428711
[2026-02-05 20:36:38] INFO {'epoch': 62, 'toy_15_ndcg@20': tensor(0.0271), 'toy_15_recall@20': tensor(0.0594), 'ndcg@20': tensor(0.0271), 'recall@20': tensor(0.0594), 'train_loss_0': tensor(0.4604, device='cuda:0')}
[2026-02-05 20:36:38] INFO training_time: 2407.938145160675
[2026-02-05 20:36:38] INFO inference_time: 65.90896844863892
[2026-02-05 20:37:17] INFO {'epoch': 63, 'toy_15_ndcg@20': tensor(0.0272), 'toy_15_recall@20': tensor(0.0586), 'ndcg@20': tensor(0.0272), 'recall@20': tensor(0.0586), 'train_loss_0': tensor(0.4565, device='cuda:0')}
[2026-02-05 20:37:17] INFO training_time: 2446.1948249340057
[2026-02-05 20:37:17] INFO inference_time: 66.91286754608154
[2026-02-05 20:37:56] INFO {'epoch': 64, 'toy_15_ndcg@20': tensor(0.0276), 'toy_15_recall@20': tensor(0.0601), 'ndcg@20': tensor(0.0276), 'recall@20': tensor(0.0601), 'train_loss_0': tensor(0.4550, device='cuda:0')}
[2026-02-05 20:37:56] INFO training_time: 2484.3688867092133
[2026-02-05 20:37:56] INFO inference_time: 67.86070990562439
[2026-02-05 20:38:36] INFO {'epoch': 65, 'toy_15_ndcg@20': tensor(0.0277), 'toy_15_recall@20': tensor(0.0612), 'ndcg@20': tensor(0.0277), 'recall@20': tensor(0.0612), 'train_loss_0': tensor(0.4558, device='cuda:0')}
[2026-02-05 20:38:36] INFO training_time: 2522.6528022289276
[2026-02-05 20:38:36] INFO inference_time: 68.80202198028564
[2026-02-05 20:39:15] INFO {'epoch': 66, 'toy_15_ndcg@20': tensor(0.0277), 'toy_15_recall@20': tensor(0.0608), 'ndcg@20': tensor(0.0277), 'recall@20': tensor(0.0608), 'train_loss_0': tensor(0.4549, device='cuda:0')}
[2026-02-05 20:39:15] INFO training_time: 2561.1179304122925
[2026-02-05 20:39:15] INFO inference_time: 69.6086597442627
[2026-02-05 20:39:54] INFO {'epoch': 67, 'toy_15_ndcg@20': tensor(0.0278), 'toy_15_recall@20': tensor(0.0602), 'ndcg@20': tensor(0.0278), 'recall@20': tensor(0.0602), 'train_loss_0': tensor(0.4553, device='cuda:0')}
[2026-02-05 20:39:54] INFO training_time: 2599.568841934204
[2026-02-05 20:39:54] INFO inference_time: 70.62844681739807
[2026-02-05 20:39:54] INFO ndcg@20 improved. Best value: 0.0278
[2026-02-05 20:39:54] INFO Best model checkpoint saved in saved/SASRec/noisy_15/2026-02-05-19-55-16-409638.ckpt.
[2026-02-05 20:40:34] INFO {'epoch': 68, 'toy_15_ndcg@20': tensor(0.0281), 'toy_15_recall@20': tensor(0.0590), 'ndcg@20': tensor(0.0281), 'recall@20': tensor(0.0590), 'train_loss_0': tensor(0.4543, device='cuda:0')}
[2026-02-05 20:40:34] INFO training_time: 2637.982091665268
[2026-02-05 20:40:34] INFO inference_time: 71.48004484176636
[2026-02-05 20:40:34] INFO ndcg@20 improved. Best value: 0.0281
[2026-02-05 20:40:34] INFO Best model checkpoint saved in saved/SASRec/noisy_15/2026-02-05-19-55-16-409638.ckpt.
[2026-02-05 20:41:13] INFO {'epoch': 69, 'toy_15_ndcg@20': tensor(0.0280), 'toy_15_recall@20': tensor(0.0599), 'ndcg@20': tensor(0.0280), 'recall@20': tensor(0.0599), 'train_loss_0': tensor(0.4518, device='cuda:0')}
[2026-02-05 20:41:13] INFO training_time: 2676.2173511981964
[2026-02-05 20:41:13] INFO inference_time: 72.53346514701843
[2026-02-05 20:41:53] INFO {'epoch': 70, 'toy_15_ndcg@20': tensor(0.0284), 'toy_15_recall@20': tensor(0.0613), 'ndcg@20': tensor(0.0284), 'recall@20': tensor(0.0613), 'train_loss_0': tensor(0.4530, device='cuda:0')}
[2026-02-05 20:41:53] INFO training_time: 2714.542586326599
[2026-02-05 20:41:53] INFO inference_time: 74.11069011688232
[2026-02-05 20:41:53] INFO ndcg@20 improved. Best value: 0.0284
[2026-02-05 20:41:53] INFO Best model checkpoint saved in saved/SASRec/noisy_15/2026-02-05-19-55-16-409638.ckpt.
[2026-02-05 20:42:33] INFO {'epoch': 71, 'toy_15_ndcg@20': tensor(0.0293), 'toy_15_recall@20': tensor(0.0615), 'ndcg@20': tensor(0.0293), 'recall@20': tensor(0.0615), 'train_loss_0': tensor(0.4453, device='cuda:0')}
[2026-02-05 20:42:33] INFO training_time: 2753.096888780594
[2026-02-05 20:42:33] INFO inference_time: 75.15197229385376
[2026-02-05 20:42:33] INFO ndcg@20 improved. Best value: 0.0293
[2026-02-05 20:42:33] INFO Best model checkpoint saved in saved/SASRec/noisy_15/2026-02-05-19-55-16-409638.ckpt.
[2026-02-05 20:43:12] INFO {'epoch': 72, 'toy_15_ndcg@20': tensor(0.0295), 'toy_15_recall@20': tensor(0.0614), 'ndcg@20': tensor(0.0295), 'recall@20': tensor(0.0614), 'train_loss_0': tensor(0.4481, device='cuda:0')}
[2026-02-05 20:43:12] INFO training_time: 2791.7450997829437
[2026-02-05 20:43:12] INFO inference_time: 76.1395149230957
[2026-02-05 20:43:12] INFO ndcg@20 improved. Best value: 0.0295
[2026-02-05 20:43:12] INFO Best model checkpoint saved in saved/SASRec/noisy_15/2026-02-05-19-55-16-409638.ckpt.
[2026-02-05 20:43:51] INFO {'epoch': 73, 'toy_15_ndcg@20': tensor(0.0289), 'toy_15_recall@20': tensor(0.0614), 'ndcg@20': tensor(0.0289), 'recall@20': tensor(0.0614), 'train_loss_0': tensor(0.4454, device='cuda:0')}
[2026-02-05 20:43:51] INFO training_time: 2829.9911427497864
[2026-02-05 20:43:51] INFO inference_time: 76.9408757686615
[2026-02-05 20:44:31] INFO {'epoch': 74, 'toy_15_ndcg@20': tensor(0.0287), 'toy_15_recall@20': tensor(0.0609), 'ndcg@20': tensor(0.0287), 'recall@20': tensor(0.0609), 'train_loss_0': tensor(0.4452, device='cuda:0')}
[2026-02-05 20:44:31] INFO training_time: 2868.2409608364105
[2026-02-05 20:44:31] INFO inference_time: 77.98797297477722
[2026-02-05 20:45:10] INFO {'epoch': 75, 'toy_15_ndcg@20': tensor(0.0291), 'toy_15_recall@20': tensor(0.0612), 'ndcg@20': tensor(0.0291), 'recall@20': tensor(0.0612), 'train_loss_0': tensor(0.4433, device='cuda:0')}
[2026-02-05 20:45:10] INFO training_time: 2906.5411520004272
[2026-02-05 20:45:10] INFO inference_time: 79.01355028152466
[2026-02-05 20:45:49] INFO {'epoch': 76, 'toy_15_ndcg@20': tensor(0.0289), 'toy_15_recall@20': tensor(0.0613), 'ndcg@20': tensor(0.0289), 'recall@20': tensor(0.0613), 'train_loss_0': tensor(0.4455, device='cuda:0')}
[2026-02-05 20:45:50] INFO training_time: 2944.907178401947
[2026-02-05 20:45:50] INFO inference_time: 80.01475954055786
[2026-02-05 20:46:29] INFO {'epoch': 77, 'toy_15_ndcg@20': tensor(0.0286), 'toy_15_recall@20': tensor(0.0606), 'ndcg@20': tensor(0.0286), 'recall@20': tensor(0.0606), 'train_loss_0': tensor(0.4419, device='cuda:0')}
[2026-02-05 20:46:29] INFO training_time: 2983.078798055649
[2026-02-05 20:46:29] INFO inference_time: 80.89068365097046
[2026-02-05 20:47:08] INFO {'epoch': 78, 'toy_15_ndcg@20': tensor(0.0287), 'toy_15_recall@20': tensor(0.0617), 'ndcg@20': tensor(0.0287), 'recall@20': tensor(0.0617), 'train_loss_0': tensor(0.4413, device='cuda:0')}
[2026-02-05 20:47:08] INFO training_time: 3021.2881813049316
[2026-02-05 20:47:08] INFO inference_time: 81.9253282546997
[2026-02-05 20:47:47] INFO {'epoch': 79, 'toy_15_ndcg@20': tensor(0.0277), 'toy_15_recall@20': tensor(0.0597), 'ndcg@20': tensor(0.0277), 'recall@20': tensor(0.0597), 'train_loss_0': tensor(0.4396, device='cuda:0')}
[2026-02-05 20:47:47] INFO training_time: 3059.5881991386414
[2026-02-05 20:47:47] INFO inference_time: 82.92471885681152
[2026-02-05 20:48:27] INFO {'epoch': 80, 'toy_15_ndcg@20': tensor(0.0284), 'toy_15_recall@20': tensor(0.0615), 'ndcg@20': tensor(0.0284), 'recall@20': tensor(0.0615), 'train_loss_0': tensor(0.4442, device='cuda:0')}
[2026-02-05 20:48:27] INFO training_time: 3097.7454810142517
[2026-02-05 20:48:27] INFO inference_time: 84.49949216842651
[2026-02-05 20:49:06] INFO {'epoch': 81, 'toy_15_ndcg@20': tensor(0.0287), 'toy_15_recall@20': tensor(0.0614), 'ndcg@20': tensor(0.0287), 'recall@20': tensor(0.0614), 'train_loss_0': tensor(0.4393, device='cuda:0')}
[2026-02-05 20:49:06] INFO training_time: 3136.0659470558167
[2026-02-05 20:49:06] INFO inference_time: 85.46858477592468
[2026-02-05 20:49:46] INFO {'epoch': 82, 'toy_15_ndcg@20': tensor(0.0290), 'toy_15_recall@20': tensor(0.0622), 'ndcg@20': tensor(0.0290), 'recall@20': tensor(0.0622), 'train_loss_0': tensor(0.4415, device='cuda:0')}
[2026-02-05 20:49:46] INFO training_time: 3174.5303480625153
[2026-02-05 20:49:46] INFO inference_time: 86.34400939941406
[2026-02-05 20:50:25] INFO {'epoch': 83, 'toy_15_ndcg@20': tensor(0.0288), 'toy_15_recall@20': tensor(0.0619), 'ndcg@20': tensor(0.0288), 'recall@20': tensor(0.0619), 'train_loss_0': tensor(0.4374, device='cuda:0')}
[2026-02-05 20:50:25] INFO training_time: 3212.7299177646637
[2026-02-05 20:50:25] INFO inference_time: 87.3896872997284
[2026-02-05 20:51:04] INFO {'epoch': 84, 'toy_15_ndcg@20': tensor(0.0288), 'toy_15_recall@20': tensor(0.0618), 'ndcg@20': tensor(0.0288), 'recall@20': tensor(0.0618), 'train_loss_0': tensor(0.4351, device='cuda:0')}
[2026-02-05 20:51:04] INFO training_time: 3250.970742225647
[2026-02-05 20:51:04] INFO inference_time: 88.5412826538086
[2026-02-05 20:51:44] INFO {'epoch': 85, 'toy_15_ndcg@20': tensor(0.0286), 'toy_15_recall@20': tensor(0.0611), 'ndcg@20': tensor(0.0286), 'recall@20': tensor(0.0611), 'train_loss_0': tensor(0.4419, device='cuda:0')}
[2026-02-05 20:51:44] INFO training_time: 3289.313360452652
[2026-02-05 20:51:44] INFO inference_time: 89.66600203514099
[2026-02-05 20:52:23] INFO {'epoch': 86, 'toy_15_ndcg@20': tensor(0.0288), 'toy_15_recall@20': tensor(0.0617), 'ndcg@20': tensor(0.0288), 'recall@20': tensor(0.0617), 'train_loss_0': tensor(0.4355, device='cuda:0')}
[2026-02-05 20:52:23] INFO training_time: 3327.4167869091034
[2026-02-05 20:52:23] INFO inference_time: 90.60061550140381
[2026-02-05 20:53:02] INFO {'epoch': 87, 'toy_15_ndcg@20': tensor(0.0289), 'toy_15_recall@20': tensor(0.0621), 'ndcg@20': tensor(0.0289), 'recall@20': tensor(0.0621), 'train_loss_0': tensor(0.4349, device='cuda:0')}
[2026-02-05 20:53:02] INFO training_time: 3365.8329470157623
[2026-02-05 20:53:02] INFO inference_time: 91.55099678039551
[2026-02-05 20:53:42] INFO {'epoch': 88, 'toy_15_ndcg@20': tensor(0.0290), 'toy_15_recall@20': tensor(0.0622), 'ndcg@20': tensor(0.0290), 'recall@20': tensor(0.0622), 'train_loss_0': tensor(0.4323, device='cuda:0')}
[2026-02-05 20:53:42] INFO training_time: 3404.334224462509
[2026-02-05 20:53:42] INFO inference_time: 92.49497270584106
[2026-02-05 20:54:21] INFO {'epoch': 89, 'toy_15_ndcg@20': tensor(0.0285), 'toy_15_recall@20': tensor(0.0618), 'ndcg@20': tensor(0.0285), 'recall@20': tensor(0.0618), 'train_loss_0': tensor(0.4296, device='cuda:0')}
[2026-02-05 20:54:21] INFO training_time: 3442.7445504665375
[2026-02-05 20:54:21] INFO inference_time: 93.48796105384827
[2026-02-05 20:55:01] INFO {'epoch': 90, 'toy_15_ndcg@20': tensor(0.0284), 'toy_15_recall@20': tensor(0.0616), 'ndcg@20': tensor(0.0284), 'recall@20': tensor(0.0616), 'train_loss_0': tensor(0.4350, device='cuda:0')}
[2026-02-05 20:55:01] INFO training_time: 3480.9691801071167
[2026-02-05 20:55:01] INFO inference_time: 95.04054093360901
[2026-02-05 20:55:40] INFO {'epoch': 91, 'toy_15_ndcg@20': tensor(0.0279), 'toy_15_recall@20': tensor(0.0605), 'ndcg@20': tensor(0.0279), 'recall@20': tensor(0.0605), 'train_loss_0': tensor(0.4333, device='cuda:0')}
[2026-02-05 20:55:40] INFO training_time: 3519.3163595199585
[2026-02-05 20:55:40] INFO inference_time: 96.14557361602783
[2026-02-05 20:56:20] INFO {'epoch': 92, 'toy_15_ndcg@20': tensor(0.0281), 'toy_15_recall@20': tensor(0.0609), 'ndcg@20': tensor(0.0281), 'recall@20': tensor(0.0609), 'train_loss_0': tensor(0.4335, device='cuda:0')}
[2026-02-05 20:56:20] INFO training_time: 3557.5632297992706
[2026-02-05 20:56:20] INFO inference_time: 97.1023440361023
[2026-02-05 20:56:20] INFO Early stopped. Since the metric ndcg@20 haven't been improved for 20 epochs.
[2026-02-05 20:56:20] INFO The best score of ndcg@20 is 0.0295 on epoch 72
[2026-02-05 20:56:20] INFO Best model checkpoint saved in saved/SASRec/noisy_15/2026-02-05-19-55-16-409638.ckpt.
[2026-02-05 20:56:21] INFO defaultdict(<class 'float'>, {'toy_15_ndcg@20': tensor(0.0239), 'toy_15_recall@20': tensor(0.0483), 'toy_15_ndcg@10': tensor(0.0208), 'toy_15_recall@10': tensor(0.0359), 'ndcg@20': tensor(0.0239), 'recall@20': tensor(0.0483), 'ndcg@10': tensor(0.0208), 'recall@10': tensor(0.0359)})
