[2026-02-05 19:54:38] INFO PID of this process: 1080999
[2026-02-05 19:54:43] INFO {'model': {'embed_dim': 64, 'loss_fn': 'bce', 'hidden_size': 128, 'layer_num': 2, 'head_num': 2, 'dropout_rate': 0.5, 'activation': 'gelu', 'layer_norm_eps': 1e-12, 'model': 'SASRec'}, 'data': {'domain_name_list': ['toy_15'], 'user_threshold': 5, 'item_threshold': 5, 'max_seq_len': 50, 'dataset_class': 'general', 'train_file': '_ori', 'dataset': 'noisy_15'}, 'train': {'batch_size': 256, 'early_stop_mode': 'max', 'early_stop_patience': 20, 'epochs': 1000, 'device': 'cuda', 'optimizer': 'adam', 'learning_rate': 0.001, 'weight_decay': 0, 'num_neg': 1, 'seed': 2027}, 'eval': {'batch_size': 2048, 'cutoff': [20, 10], 'val_metrics': ['ndcg', 'recall'], 'test_metrics': ['ndcg', 'recall'], 'topk': 100, 'save_path': './saved/'}}
[2026-02-05 19:54:43] INFO <data.dataset.SeparateDataset object at 0x7f2912b491f0>
[2026-02-05 19:54:43] INFO save_dir:saved
[2026-02-05 19:54:43] INFO SASRec(
  (item_embedding): Embedding(11925, 64, padding_idx=0)
  (query_encoder): SASRecQueryEncoder(
    (item_encoder): Embedding(11925, 64, padding_idx=0)
    (position_emb): Embedding(50, 64)
    (transformer_layer): TransformerEncoder(
      (layers): ModuleList(
        (0): TransformerEncoderLayer(
          (self_attn): MultiheadAttention(
            (out_proj): NonDynamicallyQuantizableLinear(in_features=64, out_features=64, bias=True)
          )
          (linear1): Linear(in_features=64, out_features=128, bias=True)
          (dropout): Dropout(p=0.5, inplace=False)
          (linear2): Linear(in_features=128, out_features=64, bias=True)
          (norm1): LayerNorm((64,), eps=1e-12, elementwise_affine=True)
          (norm2): LayerNorm((64,), eps=1e-12, elementwise_affine=True)
          (dropout1): Dropout(p=0.5, inplace=False)
          (dropout2): Dropout(p=0.5, inplace=False)
        )
        (1): TransformerEncoderLayer(
          (self_attn): MultiheadAttention(
            (out_proj): NonDynamicallyQuantizableLinear(in_features=64, out_features=64, bias=True)
          )
          (linear1): Linear(in_features=64, out_features=128, bias=True)
          (dropout): Dropout(p=0.5, inplace=False)
          (linear2): Linear(in_features=128, out_features=64, bias=True)
          (norm1): LayerNorm((64,), eps=1e-12, elementwise_affine=True)
          (norm2): LayerNorm((64,), eps=1e-12, elementwise_affine=True)
          (dropout1): Dropout(p=0.5, inplace=False)
          (dropout2): Dropout(p=0.5, inplace=False)
        )
      )
    )
    (dropout): Dropout(p=0.5, inplace=False)
    (training_pooling_layer): SeqPoolingLayer()
    (eval_pooling_layer): SeqPoolingLayer()
  )
  (loss_fn): BinaryCrossEntropyLoss()
)
[2026-02-05 19:54:57] INFO {'epoch': 0, 'toy_15_ndcg@20': tensor(0.0064), 'toy_15_recall@20': tensor(0.0144), 'ndcg@20': tensor(0.0064), 'recall@20': tensor(0.0144), 'train_loss_0': tensor(1.3630, device='cuda:0')}
[2026-02-05 19:54:57] INFO training_time: 12.984742641448975
[2026-02-05 19:54:57] INFO inference_time: 1.0859851837158203
[2026-02-05 19:54:57] INFO ndcg@20 improved. Best value: 0.0064
[2026-02-05 19:54:57] INFO Best model checkpoint saved in saved/SASRec/noisy_15/2026-02-05-19-54-38-712605.ckpt.
[2026-02-05 19:55:09] INFO {'epoch': 1, 'toy_15_ndcg@20': tensor(0.0072), 'toy_15_recall@20': tensor(0.0172), 'ndcg@20': tensor(0.0072), 'recall@20': tensor(0.0172), 'train_loss_0': tensor(1.2793, device='cuda:0')}
[2026-02-05 19:55:09] INFO training_time: 24.384080171585083
[2026-02-05 19:55:09] INFO inference_time: 1.9892868995666504
[2026-02-05 19:55:09] INFO ndcg@20 improved. Best value: 0.0072
[2026-02-05 19:55:09] INFO Best model checkpoint saved in saved/SASRec/noisy_15/2026-02-05-19-54-38-712605.ckpt.
[2026-02-05 19:55:22] INFO {'epoch': 2, 'toy_15_ndcg@20': tensor(0.0076), 'toy_15_recall@20': tensor(0.0176), 'ndcg@20': tensor(0.0076), 'recall@20': tensor(0.0176), 'train_loss_0': tensor(1.2340, device='cuda:0')}
[2026-02-05 19:55:22] INFO training_time: 35.85184121131897
[2026-02-05 19:55:22] INFO inference_time: 2.645737648010254
[2026-02-05 19:55:22] INFO ndcg@20 improved. Best value: 0.0076
[2026-02-05 19:55:22] INFO Best model checkpoint saved in saved/SASRec/noisy_15/2026-02-05-19-54-38-712605.ckpt.
[2026-02-05 19:55:34] INFO {'epoch': 3, 'toy_15_ndcg@20': tensor(0.0077), 'toy_15_recall@20': tensor(0.0185), 'ndcg@20': tensor(0.0077), 'recall@20': tensor(0.0185), 'train_loss_0': tensor(1.1859, device='cuda:0')}
[2026-02-05 19:55:34] INFO training_time: 47.37403607368469
[2026-02-05 19:55:34] INFO inference_time: 3.391331672668457
[2026-02-05 19:55:34] INFO ndcg@20 improved. Best value: 0.0077
[2026-02-05 19:55:34] INFO Best model checkpoint saved in saved/SASRec/noisy_15/2026-02-05-19-54-38-712605.ckpt.
[2026-02-05 19:55:46] INFO {'epoch': 4, 'toy_15_ndcg@20': tensor(0.0078), 'toy_15_recall@20': tensor(0.0187), 'ndcg@20': tensor(0.0078), 'recall@20': tensor(0.0187), 'train_loss_0': tensor(1.1386, device='cuda:0')}
[2026-02-05 19:55:46] INFO training_time: 58.977295875549316
[2026-02-05 19:55:46] INFO inference_time: 4.22335410118103
[2026-02-05 19:55:46] INFO ndcg@20 improved. Best value: 0.0078
[2026-02-05 19:55:46] INFO Best model checkpoint saved in saved/SASRec/noisy_15/2026-02-05-19-54-38-712605.ckpt.
[2026-02-05 19:55:59] INFO {'epoch': 5, 'toy_15_ndcg@20': tensor(0.0092), 'toy_15_recall@20': tensor(0.0214), 'ndcg@20': tensor(0.0092), 'recall@20': tensor(0.0214), 'train_loss_0': tensor(1.0942, device='cuda:0')}
[2026-02-05 19:55:59] INFO training_time: 70.36920237541199
[2026-02-05 19:55:59] INFO inference_time: 5.0782623291015625
[2026-02-05 19:55:59] INFO ndcg@20 improved. Best value: 0.0092
[2026-02-05 19:55:59] INFO Best model checkpoint saved in saved/SASRec/noisy_15/2026-02-05-19-54-38-712605.ckpt.
[2026-02-05 19:56:11] INFO {'epoch': 6, 'toy_15_ndcg@20': tensor(0.0108), 'toy_15_recall@20': tensor(0.0254), 'ndcg@20': tensor(0.0108), 'recall@20': tensor(0.0254), 'train_loss_0': tensor(1.0534, device='cuda:0')}
[2026-02-05 19:56:11] INFO training_time: 81.79895329475403
[2026-02-05 19:56:11] INFO inference_time: 5.782818794250488
[2026-02-05 19:56:11] INFO ndcg@20 improved. Best value: 0.0108
[2026-02-05 19:56:11] INFO Best model checkpoint saved in saved/SASRec/noisy_15/2026-02-05-19-54-38-712605.ckpt.
[2026-02-05 19:56:23] INFO {'epoch': 7, 'toy_15_ndcg@20': tensor(0.0132), 'toy_15_recall@20': tensor(0.0281), 'ndcg@20': tensor(0.0132), 'recall@20': tensor(0.0281), 'train_loss_0': tensor(1.0136, device='cuda:0')}
[2026-02-05 19:56:23] INFO training_time: 93.22909545898438
[2026-02-05 19:56:23] INFO inference_time: 6.616953372955322
[2026-02-05 19:56:23] INFO ndcg@20 improved. Best value: 0.0132
[2026-02-05 19:56:23] INFO Best model checkpoint saved in saved/SASRec/noisy_15/2026-02-05-19-54-38-712605.ckpt.
[2026-02-05 19:56:35] INFO {'epoch': 8, 'toy_15_ndcg@20': tensor(0.0139), 'toy_15_recall@20': tensor(0.0307), 'ndcg@20': tensor(0.0139), 'recall@20': tensor(0.0307), 'train_loss_0': tensor(0.9746, device='cuda:0')}
[2026-02-05 19:56:35] INFO training_time: 104.76120924949646
[2026-02-05 19:56:35] INFO inference_time: 7.384832859039307
[2026-02-05 19:56:35] INFO ndcg@20 improved. Best value: 0.0139
[2026-02-05 19:56:35] INFO Best model checkpoint saved in saved/SASRec/noisy_15/2026-02-05-19-54-38-712605.ckpt.
[2026-02-05 19:56:48] INFO {'epoch': 9, 'toy_15_ndcg@20': tensor(0.0154), 'toy_15_recall@20': tensor(0.0336), 'ndcg@20': tensor(0.0154), 'recall@20': tensor(0.0336), 'train_loss_0': tensor(0.9383, device='cuda:0')}
[2026-02-05 19:56:48] INFO training_time: 116.27756667137146
[2026-02-05 19:56:48] INFO inference_time: 8.048145294189453
[2026-02-05 19:56:48] INFO ndcg@20 improved. Best value: 0.0154
[2026-02-05 19:56:48] INFO Best model checkpoint saved in saved/SASRec/noisy_15/2026-02-05-19-54-38-712605.ckpt.
[2026-02-05 19:57:00] INFO {'epoch': 10, 'toy_15_ndcg@20': tensor(0.0159), 'toy_15_recall@20': tensor(0.0347), 'ndcg@20': tensor(0.0159), 'recall@20': tensor(0.0347), 'train_loss_0': tensor(0.9058, device='cuda:0')}
[2026-02-05 19:57:00] INFO training_time: 127.65455460548401
[2026-02-05 19:57:00] INFO inference_time: 9.035797357559204
[2026-02-05 19:57:00] INFO ndcg@20 improved. Best value: 0.0159
[2026-02-05 19:57:00] INFO Best model checkpoint saved in saved/SASRec/noisy_15/2026-02-05-19-54-38-712605.ckpt.
[2026-02-05 19:57:12] INFO {'epoch': 11, 'toy_15_ndcg@20': tensor(0.0169), 'toy_15_recall@20': tensor(0.0382), 'ndcg@20': tensor(0.0169), 'recall@20': tensor(0.0382), 'train_loss_0': tensor(0.8735, device='cuda:0')}
[2026-02-05 19:57:12] INFO training_time: 139.12652254104614
[2026-02-05 19:57:12] INFO inference_time: 9.820859670639038
[2026-02-05 19:57:12] INFO ndcg@20 improved. Best value: 0.0169
[2026-02-05 19:57:12] INFO Best model checkpoint saved in saved/SASRec/noisy_15/2026-02-05-19-54-38-712605.ckpt.
[2026-02-05 19:57:25] INFO {'epoch': 12, 'toy_15_ndcg@20': tensor(0.0177), 'toy_15_recall@20': tensor(0.0390), 'ndcg@20': tensor(0.0177), 'recall@20': tensor(0.0390), 'train_loss_0': tensor(0.8422, device='cuda:0')}
[2026-02-05 19:57:25] INFO training_time: 150.61376452445984
[2026-02-05 19:57:25] INFO inference_time: 10.603322267532349
[2026-02-05 19:57:25] INFO ndcg@20 improved. Best value: 0.0177
[2026-02-05 19:57:25] INFO Best model checkpoint saved in saved/SASRec/noisy_15/2026-02-05-19-54-38-712605.ckpt.
[2026-02-05 19:57:37] INFO {'epoch': 13, 'toy_15_ndcg@20': tensor(0.0184), 'toy_15_recall@20': tensor(0.0418), 'ndcg@20': tensor(0.0184), 'recall@20': tensor(0.0418), 'train_loss_0': tensor(0.8145, device='cuda:0')}
[2026-02-05 19:57:37] INFO training_time: 161.8945381641388
[2026-02-05 19:57:37] INFO inference_time: 11.316331148147583
[2026-02-05 19:57:37] INFO ndcg@20 improved. Best value: 0.0184
[2026-02-05 19:57:37] INFO Best model checkpoint saved in saved/SASRec/noisy_15/2026-02-05-19-54-38-712605.ckpt.
[2026-02-05 19:57:49] INFO {'epoch': 14, 'toy_15_ndcg@20': tensor(0.0200), 'toy_15_recall@20': tensor(0.0434), 'ndcg@20': tensor(0.0200), 'recall@20': tensor(0.0434), 'train_loss_0': tensor(0.7855, device='cuda:0')}
[2026-02-05 19:57:49] INFO training_time: 173.44612860679626
[2026-02-05 19:57:49] INFO inference_time: 11.955159664154053
[2026-02-05 19:57:49] INFO ndcg@20 improved. Best value: 0.0200
[2026-02-05 19:57:49] INFO Best model checkpoint saved in saved/SASRec/noisy_15/2026-02-05-19-54-38-712605.ckpt.
[2026-02-05 19:58:01] INFO {'epoch': 15, 'toy_15_ndcg@20': tensor(0.0203), 'toy_15_recall@20': tensor(0.0441), 'ndcg@20': tensor(0.0203), 'recall@20': tensor(0.0441), 'train_loss_0': tensor(0.7639, device='cuda:0')}
[2026-02-05 19:58:01] INFO training_time: 185.14814448356628
[2026-02-05 19:58:01] INFO inference_time: 12.719118356704712
[2026-02-05 19:58:01] INFO ndcg@20 improved. Best value: 0.0203
[2026-02-05 19:58:01] INFO Best model checkpoint saved in saved/SASRec/noisy_15/2026-02-05-19-54-38-712605.ckpt.
[2026-02-05 19:58:13] INFO {'epoch': 16, 'toy_15_ndcg@20': tensor(0.0208), 'toy_15_recall@20': tensor(0.0447), 'ndcg@20': tensor(0.0208), 'recall@20': tensor(0.0447), 'train_loss_0': tensor(0.7407, device='cuda:0')}
[2026-02-05 19:58:13] INFO training_time: 196.5783655643463
[2026-02-05 19:58:13] INFO inference_time: 13.419298648834229
[2026-02-05 19:58:13] INFO ndcg@20 improved. Best value: 0.0208
[2026-02-05 19:58:13] INFO Best model checkpoint saved in saved/SASRec/noisy_15/2026-02-05-19-54-38-712605.ckpt.
[2026-02-05 19:58:26] INFO {'epoch': 17, 'toy_15_ndcg@20': tensor(0.0213), 'toy_15_recall@20': tensor(0.0456), 'ndcg@20': tensor(0.0213), 'recall@20': tensor(0.0456), 'train_loss_0': tensor(0.7184, device='cuda:0')}
[2026-02-05 19:58:26] INFO training_time: 207.92364835739136
[2026-02-05 19:58:26] INFO inference_time: 14.213701486587524
[2026-02-05 19:58:26] INFO ndcg@20 improved. Best value: 0.0213
[2026-02-05 19:58:26] INFO Best model checkpoint saved in saved/SASRec/noisy_15/2026-02-05-19-54-38-712605.ckpt.
[2026-02-05 19:58:38] INFO {'epoch': 18, 'toy_15_ndcg@20': tensor(0.0218), 'toy_15_recall@20': tensor(0.0467), 'ndcg@20': tensor(0.0218), 'recall@20': tensor(0.0467), 'train_loss_0': tensor(0.6989, device='cuda:0')}
[2026-02-05 19:58:38] INFO training_time: 219.34822511672974
[2026-02-05 19:58:38] INFO inference_time: 15.170100450515747
[2026-02-05 19:58:38] INFO ndcg@20 improved. Best value: 0.0218
[2026-02-05 19:58:38] INFO Best model checkpoint saved in saved/SASRec/noisy_15/2026-02-05-19-54-38-712605.ckpt.
[2026-02-05 19:58:50] INFO {'epoch': 19, 'toy_15_ndcg@20': tensor(0.0226), 'toy_15_recall@20': tensor(0.0486), 'ndcg@20': tensor(0.0226), 'recall@20': tensor(0.0486), 'train_loss_0': tensor(0.6829, device='cuda:0')}
[2026-02-05 19:58:50] INFO training_time: 230.73737215995789
[2026-02-05 19:58:50] INFO inference_time: 16.01341724395752
[2026-02-05 19:58:50] INFO ndcg@20 improved. Best value: 0.0226
[2026-02-05 19:58:50] INFO Best model checkpoint saved in saved/SASRec/noisy_15/2026-02-05-19-54-38-712605.ckpt.
[2026-02-05 19:59:03] INFO {'epoch': 20, 'toy_15_ndcg@20': tensor(0.0229), 'toy_15_recall@20': tensor(0.0495), 'ndcg@20': tensor(0.0229), 'recall@20': tensor(0.0495), 'train_loss_0': tensor(0.6640, device='cuda:0')}
[2026-02-05 19:59:03] INFO training_time: 242.14177799224854
[2026-02-05 19:59:03] INFO inference_time: 17.157941818237305
[2026-02-05 19:59:03] INFO ndcg@20 improved. Best value: 0.0229
[2026-02-05 19:59:03] INFO Best model checkpoint saved in saved/SASRec/noisy_15/2026-02-05-19-54-38-712605.ckpt.
[2026-02-05 19:59:15] INFO {'epoch': 21, 'toy_15_ndcg@20': tensor(0.0230), 'toy_15_recall@20': tensor(0.0501), 'ndcg@20': tensor(0.0230), 'recall@20': tensor(0.0501), 'train_loss_0': tensor(0.6522, device='cuda:0')}
[2026-02-05 19:59:15] INFO training_time: 253.62417459487915
[2026-02-05 19:59:15] INFO inference_time: 17.887127161026
[2026-02-05 19:59:15] INFO ndcg@20 improved. Best value: 0.0230
[2026-02-05 19:59:15] INFO Best model checkpoint saved in saved/SASRec/noisy_15/2026-02-05-19-54-38-712605.ckpt.
[2026-02-05 19:59:27] INFO {'epoch': 22, 'toy_15_ndcg@20': tensor(0.0240), 'toy_15_recall@20': tensor(0.0519), 'ndcg@20': tensor(0.0240), 'recall@20': tensor(0.0519), 'train_loss_0': tensor(0.6373, device='cuda:0')}
[2026-02-05 19:59:27] INFO training_time: 265.240993976593
[2026-02-05 19:59:27] INFO inference_time: 18.668588876724243
[2026-02-05 19:59:27] INFO ndcg@20 improved. Best value: 0.0240
[2026-02-05 19:59:27] INFO Best model checkpoint saved in saved/SASRec/noisy_15/2026-02-05-19-54-38-712605.ckpt.
[2026-02-05 19:59:40] INFO {'epoch': 23, 'toy_15_ndcg@20': tensor(0.0238), 'toy_15_recall@20': tensor(0.0523), 'ndcg@20': tensor(0.0238), 'recall@20': tensor(0.0523), 'train_loss_0': tensor(0.6255, device='cuda:0')}
[2026-02-05 19:59:40] INFO training_time: 276.7411253452301
[2026-02-05 19:59:40] INFO inference_time: 19.264293432235718
[2026-02-05 19:59:52] INFO {'epoch': 24, 'toy_15_ndcg@20': tensor(0.0241), 'toy_15_recall@20': tensor(0.0528), 'ndcg@20': tensor(0.0241), 'recall@20': tensor(0.0528), 'train_loss_0': tensor(0.6155, device='cuda:0')}
[2026-02-05 19:59:52] INFO training_time: 288.036705493927
[2026-02-05 19:59:52] INFO inference_time: 20.12939214706421
[2026-02-05 19:59:52] INFO ndcg@20 improved. Best value: 0.0241
[2026-02-05 19:59:52] INFO Best model checkpoint saved in saved/SASRec/noisy_15/2026-02-05-19-54-38-712605.ckpt.
[2026-02-05 20:00:04] INFO {'epoch': 25, 'toy_15_ndcg@20': tensor(0.0241), 'toy_15_recall@20': tensor(0.0536), 'ndcg@20': tensor(0.0241), 'recall@20': tensor(0.0536), 'train_loss_0': tensor(0.6018, device='cuda:0')}
[2026-02-05 20:00:04] INFO training_time: 299.44678473472595
[2026-02-05 20:00:04] INFO inference_time: 20.90838384628296
[2026-02-05 20:00:04] INFO ndcg@20 improved. Best value: 0.0241
[2026-02-05 20:00:04] INFO Best model checkpoint saved in saved/SASRec/noisy_15/2026-02-05-19-54-38-712605.ckpt.
[2026-02-05 20:00:16] INFO {'epoch': 26, 'toy_15_ndcg@20': tensor(0.0245), 'toy_15_recall@20': tensor(0.0531), 'ndcg@20': tensor(0.0245), 'recall@20': tensor(0.0531), 'train_loss_0': tensor(0.5937, device='cuda:0')}
[2026-02-05 20:00:16] INFO training_time: 310.77287101745605
[2026-02-05 20:00:16] INFO inference_time: 21.662887811660767
[2026-02-05 20:00:16] INFO ndcg@20 improved. Best value: 0.0245
[2026-02-05 20:00:16] INFO Best model checkpoint saved in saved/SASRec/noisy_15/2026-02-05-19-54-38-712605.ckpt.
[2026-02-05 20:00:28] INFO {'epoch': 27, 'toy_15_ndcg@20': tensor(0.0250), 'toy_15_recall@20': tensor(0.0546), 'ndcg@20': tensor(0.0250), 'recall@20': tensor(0.0546), 'train_loss_0': tensor(0.5810, device='cuda:0')}
[2026-02-05 20:00:28] INFO training_time: 322.1667332649231
[2026-02-05 20:00:28] INFO inference_time: 22.410183906555176
[2026-02-05 20:00:28] INFO ndcg@20 improved. Best value: 0.0250
[2026-02-05 20:00:28] INFO Best model checkpoint saved in saved/SASRec/noisy_15/2026-02-05-19-54-38-712605.ckpt.
[2026-02-05 20:00:40] INFO {'epoch': 28, 'toy_15_ndcg@20': tensor(0.0253), 'toy_15_recall@20': tensor(0.0550), 'ndcg@20': tensor(0.0253), 'recall@20': tensor(0.0550), 'train_loss_0': tensor(0.5720, device='cuda:0')}
[2026-02-05 20:00:40] INFO training_time: 333.656081199646
[2026-02-05 20:00:40] INFO inference_time: 23.217382669448853
[2026-02-05 20:00:41] INFO ndcg@20 improved. Best value: 0.0253
[2026-02-05 20:00:41] INFO Best model checkpoint saved in saved/SASRec/noisy_15/2026-02-05-19-54-38-712605.ckpt.
[2026-02-05 20:00:53] INFO {'epoch': 29, 'toy_15_ndcg@20': tensor(0.0255), 'toy_15_recall@20': tensor(0.0553), 'ndcg@20': tensor(0.0255), 'recall@20': tensor(0.0553), 'train_loss_0': tensor(0.5724, device='cuda:0')}
[2026-02-05 20:00:53] INFO training_time: 345.1937367916107
[2026-02-05 20:00:53] INFO inference_time: 23.90960717201233
[2026-02-05 20:00:53] INFO ndcg@20 improved. Best value: 0.0255
[2026-02-05 20:00:53] INFO Best model checkpoint saved in saved/SASRec/noisy_15/2026-02-05-19-54-38-712605.ckpt.
[2026-02-05 20:01:05] INFO {'epoch': 30, 'toy_15_ndcg@20': tensor(0.0262), 'toy_15_recall@20': tensor(0.0561), 'ndcg@20': tensor(0.0262), 'recall@20': tensor(0.0561), 'train_loss_0': tensor(0.5604, device='cuda:0')}
[2026-02-05 20:01:05] INFO training_time: 356.46481251716614
[2026-02-05 20:01:05] INFO inference_time: 25.091765880584717
[2026-02-05 20:01:05] INFO ndcg@20 improved. Best value: 0.0262
[2026-02-05 20:01:05] INFO Best model checkpoint saved in saved/SASRec/noisy_15/2026-02-05-19-54-38-712605.ckpt.
[2026-02-05 20:01:17] INFO {'epoch': 31, 'toy_15_ndcg@20': tensor(0.0257), 'toy_15_recall@20': tensor(0.0551), 'ndcg@20': tensor(0.0257), 'recall@20': tensor(0.0551), 'train_loss_0': tensor(0.5508, device='cuda:0')}
[2026-02-05 20:01:17] INFO training_time: 367.7822265625
[2026-02-05 20:01:17] INFO inference_time: 25.912103414535522
[2026-02-05 20:01:30] INFO {'epoch': 32, 'toy_15_ndcg@20': tensor(0.0259), 'toy_15_recall@20': tensor(0.0556), 'ndcg@20': tensor(0.0259), 'recall@20': tensor(0.0556), 'train_loss_0': tensor(0.5498, device='cuda:0')}
[2026-02-05 20:01:30] INFO training_time: 379.15283131599426
[2026-02-05 20:01:30] INFO inference_time: 26.696558713912964
[2026-02-05 20:01:42] INFO {'epoch': 33, 'toy_15_ndcg@20': tensor(0.0272), 'toy_15_recall@20': tensor(0.0581), 'ndcg@20': tensor(0.0272), 'recall@20': tensor(0.0581), 'train_loss_0': tensor(0.5405, device='cuda:0')}
[2026-02-05 20:01:42] INFO training_time: 390.5323543548584
[2026-02-05 20:01:42] INFO inference_time: 27.300740003585815
[2026-02-05 20:01:42] INFO ndcg@20 improved. Best value: 0.0272
[2026-02-05 20:01:42] INFO Best model checkpoint saved in saved/SASRec/noisy_15/2026-02-05-19-54-38-712605.ckpt.
[2026-02-05 20:01:54] INFO {'epoch': 34, 'toy_15_ndcg@20': tensor(0.0268), 'toy_15_recall@20': tensor(0.0582), 'ndcg@20': tensor(0.0268), 'recall@20': tensor(0.0582), 'train_loss_0': tensor(0.5378, device='cuda:0')}
[2026-02-05 20:01:54] INFO training_time: 402.19145369529724
[2026-02-05 20:01:54] INFO inference_time: 28.02817440032959
[2026-02-05 20:02:06] INFO {'epoch': 35, 'toy_15_ndcg@20': tensor(0.0269), 'toy_15_recall@20': tensor(0.0577), 'ndcg@20': tensor(0.0269), 'recall@20': tensor(0.0577), 'train_loss_0': tensor(0.5286, device='cuda:0')}
[2026-02-05 20:02:06] INFO training_time: 413.5717568397522
[2026-02-05 20:02:06] INFO inference_time: 28.71363115310669
[2026-02-05 20:02:18] INFO {'epoch': 36, 'toy_15_ndcg@20': tensor(0.0270), 'toy_15_recall@20': tensor(0.0585), 'ndcg@20': tensor(0.0270), 'recall@20': tensor(0.0585), 'train_loss_0': tensor(0.5233, device='cuda:0')}
[2026-02-05 20:02:18] INFO training_time: 425.0472922325134
[2026-02-05 20:02:18] INFO inference_time: 29.331109523773193
[2026-02-05 20:02:30] INFO {'epoch': 37, 'toy_15_ndcg@20': tensor(0.0268), 'toy_15_recall@20': tensor(0.0576), 'ndcg@20': tensor(0.0268), 'recall@20': tensor(0.0576), 'train_loss_0': tensor(0.5199, device='cuda:0')}
[2026-02-05 20:02:30] INFO training_time: 436.5515854358673
[2026-02-05 20:02:30] INFO inference_time: 30.05922770500183
[2026-02-05 20:02:43] INFO {'epoch': 38, 'toy_15_ndcg@20': tensor(0.0262), 'toy_15_recall@20': tensor(0.0573), 'ndcg@20': tensor(0.0262), 'recall@20': tensor(0.0573), 'train_loss_0': tensor(0.5185, device='cuda:0')}
[2026-02-05 20:02:43] INFO training_time: 447.93041253089905
[2026-02-05 20:02:43] INFO inference_time: 30.84005045890808
[2026-02-05 20:02:55] INFO {'epoch': 39, 'toy_15_ndcg@20': tensor(0.0265), 'toy_15_recall@20': tensor(0.0559), 'ndcg@20': tensor(0.0265), 'recall@20': tensor(0.0559), 'train_loss_0': tensor(0.5135, device='cuda:0')}
[2026-02-05 20:02:55] INFO training_time: 459.38688945770264
[2026-02-05 20:02:55] INFO inference_time: 31.511916399002075
[2026-02-05 20:03:07] INFO {'epoch': 40, 'toy_15_ndcg@20': tensor(0.0267), 'toy_15_recall@20': tensor(0.0577), 'ndcg@20': tensor(0.0267), 'recall@20': tensor(0.0577), 'train_loss_0': tensor(0.5104, device='cuda:0')}
[2026-02-05 20:03:07] INFO training_time: 470.76857233047485
[2026-02-05 20:03:07] INFO inference_time: 32.53834366798401
[2026-02-05 20:03:19] INFO {'epoch': 41, 'toy_15_ndcg@20': tensor(0.0269), 'toy_15_recall@20': tensor(0.0583), 'ndcg@20': tensor(0.0269), 'recall@20': tensor(0.0583), 'train_loss_0': tensor(0.5096, device='cuda:0')}
[2026-02-05 20:03:19] INFO training_time: 482.2308716773987
[2026-02-05 20:03:19] INFO inference_time: 33.165640115737915
[2026-02-05 20:03:31] INFO {'epoch': 42, 'toy_15_ndcg@20': tensor(0.0274), 'toy_15_recall@20': tensor(0.0586), 'ndcg@20': tensor(0.0274), 'recall@20': tensor(0.0586), 'train_loss_0': tensor(0.5016, device='cuda:0')}
[2026-02-05 20:03:31] INFO training_time: 493.6276695728302
[2026-02-05 20:03:31] INFO inference_time: 33.76240396499634
[2026-02-05 20:03:31] INFO ndcg@20 improved. Best value: 0.0274
[2026-02-05 20:03:31] INFO Best model checkpoint saved in saved/SASRec/noisy_15/2026-02-05-19-54-38-712605.ckpt.
[2026-02-05 20:03:44] INFO {'epoch': 43, 'toy_15_ndcg@20': tensor(0.0280), 'toy_15_recall@20': tensor(0.0602), 'ndcg@20': tensor(0.0280), 'recall@20': tensor(0.0602), 'train_loss_0': tensor(0.4992, device='cuda:0')}
[2026-02-05 20:03:44] INFO training_time: 505.095183134079
[2026-02-05 20:03:44] INFO inference_time: 34.68215250968933
[2026-02-05 20:03:44] INFO ndcg@20 improved. Best value: 0.0280
[2026-02-05 20:03:44] INFO Best model checkpoint saved in saved/SASRec/noisy_15/2026-02-05-19-54-38-712605.ckpt.
[2026-02-05 20:03:56] INFO {'epoch': 44, 'toy_15_ndcg@20': tensor(0.0281), 'toy_15_recall@20': tensor(0.0598), 'ndcg@20': tensor(0.0281), 'recall@20': tensor(0.0598), 'train_loss_0': tensor(0.4955, device='cuda:0')}
[2026-02-05 20:03:56] INFO training_time: 516.4133129119873
[2026-02-05 20:03:56] INFO inference_time: 35.48511743545532
[2026-02-05 20:03:56] INFO ndcg@20 improved. Best value: 0.0281
[2026-02-05 20:03:56] INFO Best model checkpoint saved in saved/SASRec/noisy_15/2026-02-05-19-54-38-712605.ckpt.
[2026-02-05 20:04:08] INFO {'epoch': 45, 'toy_15_ndcg@20': tensor(0.0274), 'toy_15_recall@20': tensor(0.0574), 'ndcg@20': tensor(0.0274), 'recall@20': tensor(0.0574), 'train_loss_0': tensor(0.4946, device='cuda:0')}
[2026-02-05 20:04:08] INFO training_time: 527.7868795394897
[2026-02-05 20:04:08] INFO inference_time: 36.15663719177246
[2026-02-05 20:04:20] INFO {'epoch': 46, 'toy_15_ndcg@20': tensor(0.0276), 'toy_15_recall@20': tensor(0.0587), 'ndcg@20': tensor(0.0276), 'recall@20': tensor(0.0587), 'train_loss_0': tensor(0.4928, device='cuda:0')}
[2026-02-05 20:04:20] INFO training_time: 539.1866183280945
[2026-02-05 20:04:20] INFO inference_time: 36.96283578872681
[2026-02-05 20:04:32] INFO {'epoch': 47, 'toy_15_ndcg@20': tensor(0.0283), 'toy_15_recall@20': tensor(0.0601), 'ndcg@20': tensor(0.0283), 'recall@20': tensor(0.0601), 'train_loss_0': tensor(0.4895, device='cuda:0')}
[2026-02-05 20:04:32] INFO training_time: 550.6090848445892
[2026-02-05 20:04:32] INFO inference_time: 37.70726561546326
[2026-02-05 20:04:32] INFO ndcg@20 improved. Best value: 0.0283
[2026-02-05 20:04:32] INFO Best model checkpoint saved in saved/SASRec/noisy_15/2026-02-05-19-54-38-712605.ckpt.
[2026-02-05 20:04:44] INFO {'epoch': 48, 'toy_15_ndcg@20': tensor(0.0275), 'toy_15_recall@20': tensor(0.0586), 'ndcg@20': tensor(0.0275), 'recall@20': tensor(0.0586), 'train_loss_0': tensor(0.4937, device='cuda:0')}
[2026-02-05 20:04:44] INFO training_time: 562.0765030384064
[2026-02-05 20:04:44] INFO inference_time: 38.48296785354614
[2026-02-05 20:04:57] INFO {'epoch': 49, 'toy_15_ndcg@20': tensor(0.0279), 'toy_15_recall@20': tensor(0.0592), 'ndcg@20': tensor(0.0279), 'recall@20': tensor(0.0592), 'train_loss_0': tensor(0.4828, device='cuda:0')}
[2026-02-05 20:04:57] INFO training_time: 573.436689376831
[2026-02-05 20:04:57] INFO inference_time: 39.314841508865356
[2026-02-05 20:05:09] INFO {'epoch': 50, 'toy_15_ndcg@20': tensor(0.0281), 'toy_15_recall@20': tensor(0.0602), 'ndcg@20': tensor(0.0281), 'recall@20': tensor(0.0602), 'train_loss_0': tensor(0.4833, device='cuda:0')}
[2026-02-05 20:05:09] INFO training_time: 584.8726825714111
[2026-02-05 20:05:09] INFO inference_time: 40.479533195495605
[2026-02-05 20:05:22] INFO {'epoch': 51, 'toy_15_ndcg@20': tensor(0.0277), 'toy_15_recall@20': tensor(0.0587), 'ndcg@20': tensor(0.0277), 'recall@20': tensor(0.0587), 'train_loss_0': tensor(0.4778, device='cuda:0')}
[2026-02-05 20:05:22] INFO training_time: 596.3349306583405
[2026-02-05 20:05:22] INFO inference_time: 41.29156517982483
[2026-02-05 20:05:34] INFO {'epoch': 52, 'toy_15_ndcg@20': tensor(0.0281), 'toy_15_recall@20': tensor(0.0594), 'ndcg@20': tensor(0.0281), 'recall@20': tensor(0.0594), 'train_loss_0': tensor(0.4777, device='cuda:0')}
[2026-02-05 20:05:34] INFO training_time: 607.8627543449402
[2026-02-05 20:05:34] INFO inference_time: 42.00432777404785
[2026-02-05 20:05:46] INFO {'epoch': 53, 'toy_15_ndcg@20': tensor(0.0281), 'toy_15_recall@20': tensor(0.0592), 'ndcg@20': tensor(0.0281), 'recall@20': tensor(0.0592), 'train_loss_0': tensor(0.4734, device='cuda:0')}
[2026-02-05 20:05:46] INFO training_time: 619.3039772510529
[2026-02-05 20:05:46] INFO inference_time: 42.64703869819641
[2026-02-05 20:05:58] INFO {'epoch': 54, 'toy_15_ndcg@20': tensor(0.0279), 'toy_15_recall@20': tensor(0.0586), 'ndcg@20': tensor(0.0279), 'recall@20': tensor(0.0586), 'train_loss_0': tensor(0.4761, device='cuda:0')}
[2026-02-05 20:05:58] INFO training_time: 630.657053232193
[2026-02-05 20:05:58] INFO inference_time: 43.501426219940186
[2026-02-05 20:06:10] INFO {'epoch': 55, 'toy_15_ndcg@20': tensor(0.0279), 'toy_15_recall@20': tensor(0.0579), 'ndcg@20': tensor(0.0279), 'recall@20': tensor(0.0579), 'train_loss_0': tensor(0.4737, device='cuda:0')}
[2026-02-05 20:06:10] INFO training_time: 642.1299180984497
[2026-02-05 20:06:10] INFO inference_time: 44.3322913646698
[2026-02-05 20:06:23] INFO {'epoch': 56, 'toy_15_ndcg@20': tensor(0.0286), 'toy_15_recall@20': tensor(0.0597), 'ndcg@20': tensor(0.0286), 'recall@20': tensor(0.0597), 'train_loss_0': tensor(0.4664, device='cuda:0')}
[2026-02-05 20:06:23] INFO training_time: 653.6638875007629
[2026-02-05 20:06:23] INFO inference_time: 45.209242820739746
[2026-02-05 20:06:23] INFO ndcg@20 improved. Best value: 0.0286
[2026-02-05 20:06:23] INFO Best model checkpoint saved in saved/SASRec/noisy_15/2026-02-05-19-54-38-712605.ckpt.
[2026-02-05 20:06:35] INFO {'epoch': 57, 'toy_15_ndcg@20': tensor(0.0278), 'toy_15_recall@20': tensor(0.0577), 'ndcg@20': tensor(0.0278), 'recall@20': tensor(0.0577), 'train_loss_0': tensor(0.4683, device='cuda:0')}
[2026-02-05 20:06:35] INFO training_time: 665.127073764801
[2026-02-05 20:06:35] INFO inference_time: 46.05327248573303
[2026-02-05 20:06:47] INFO {'epoch': 58, 'toy_15_ndcg@20': tensor(0.0280), 'toy_15_recall@20': tensor(0.0594), 'ndcg@20': tensor(0.0280), 'recall@20': tensor(0.0594), 'train_loss_0': tensor(0.4698, device='cuda:0')}
[2026-02-05 20:06:47] INFO training_time: 676.4999005794525
[2026-02-05 20:06:47] INFO inference_time: 46.795262575149536
[2026-02-05 20:07:00] INFO {'epoch': 59, 'toy_15_ndcg@20': tensor(0.0280), 'toy_15_recall@20': tensor(0.0595), 'ndcg@20': tensor(0.0280), 'recall@20': tensor(0.0595), 'train_loss_0': tensor(0.4603, device='cuda:0')}
[2026-02-05 20:07:00] INFO training_time: 687.9746315479279
[2026-02-05 20:07:00] INFO inference_time: 47.55034589767456
[2026-02-05 20:07:12] INFO {'epoch': 60, 'toy_15_ndcg@20': tensor(0.0285), 'toy_15_recall@20': tensor(0.0600), 'ndcg@20': tensor(0.0285), 'recall@20': tensor(0.0600), 'train_loss_0': tensor(0.4589, device='cuda:0')}
[2026-02-05 20:07:12] INFO training_time: 699.4730660915375
[2026-02-05 20:07:12] INFO inference_time: 48.7659752368927
[2026-02-05 20:07:25] INFO {'epoch': 61, 'toy_15_ndcg@20': tensor(0.0281), 'toy_15_recall@20': tensor(0.0601), 'ndcg@20': tensor(0.0281), 'recall@20': tensor(0.0601), 'train_loss_0': tensor(0.4616, device='cuda:0')}
[2026-02-05 20:07:25] INFO training_time: 710.9456405639648
[2026-02-05 20:07:25] INFO inference_time: 49.54727005958557
[2026-02-05 20:07:37] INFO {'epoch': 62, 'toy_15_ndcg@20': tensor(0.0279), 'toy_15_recall@20': tensor(0.0596), 'ndcg@20': tensor(0.0279), 'recall@20': tensor(0.0596), 'train_loss_0': tensor(0.4512, device='cuda:0')}
[2026-02-05 20:07:37] INFO training_time: 722.4693596363068
[2026-02-05 20:07:37] INFO inference_time: 50.307297468185425
[2026-02-05 20:07:49] INFO {'epoch': 63, 'toy_15_ndcg@20': tensor(0.0277), 'toy_15_recall@20': tensor(0.0589), 'ndcg@20': tensor(0.0277), 'recall@20': tensor(0.0589), 'train_loss_0': tensor(0.4596, device='cuda:0')}
[2026-02-05 20:07:49] INFO training_time: 733.8449132442474
[2026-02-05 20:07:49] INFO inference_time: 51.179975509643555
[2026-02-05 20:08:01] INFO {'epoch': 64, 'toy_15_ndcg@20': tensor(0.0280), 'toy_15_recall@20': tensor(0.0600), 'ndcg@20': tensor(0.0280), 'recall@20': tensor(0.0600), 'train_loss_0': tensor(0.4604, device='cuda:0')}
[2026-02-05 20:08:01] INFO training_time: 745.2247986793518
[2026-02-05 20:08:01] INFO inference_time: 52.02507996559143
[2026-02-05 20:08:14] INFO {'epoch': 65, 'toy_15_ndcg@20': tensor(0.0283), 'toy_15_recall@20': tensor(0.0619), 'ndcg@20': tensor(0.0283), 'recall@20': tensor(0.0619), 'train_loss_0': tensor(0.4593, device='cuda:0')}
[2026-02-05 20:08:14] INFO training_time: 756.5851216316223
[2026-02-05 20:08:14] INFO inference_time: 52.899922609329224
[2026-02-05 20:08:26] INFO {'epoch': 66, 'toy_15_ndcg@20': tensor(0.0284), 'toy_15_recall@20': tensor(0.0620), 'ndcg@20': tensor(0.0284), 'recall@20': tensor(0.0620), 'train_loss_0': tensor(0.4548, device='cuda:0')}
[2026-02-05 20:08:26] INFO training_time: 767.9651174545288
[2026-02-05 20:08:26] INFO inference_time: 53.797274351119995
[2026-02-05 20:08:38] INFO {'epoch': 67, 'toy_15_ndcg@20': tensor(0.0292), 'toy_15_recall@20': tensor(0.0615), 'ndcg@20': tensor(0.0292), 'recall@20': tensor(0.0615), 'train_loss_0': tensor(0.4511, device='cuda:0')}
[2026-02-05 20:08:38] INFO training_time: 779.3932082653046
[2026-02-05 20:08:38] INFO inference_time: 54.58520293235779
[2026-02-05 20:08:38] INFO ndcg@20 improved. Best value: 0.0292
[2026-02-05 20:08:38] INFO Best model checkpoint saved in saved/SASRec/noisy_15/2026-02-05-19-54-38-712605.ckpt.
[2026-02-05 20:08:50] INFO {'epoch': 68, 'toy_15_ndcg@20': tensor(0.0289), 'toy_15_recall@20': tensor(0.0614), 'ndcg@20': tensor(0.0289), 'recall@20': tensor(0.0614), 'train_loss_0': tensor(0.4504, device='cuda:0')}
[2026-02-05 20:08:50] INFO training_time: 790.869833946228
[2026-02-05 20:08:50] INFO inference_time: 55.305257081985474
[2026-02-05 20:09:02] INFO {'epoch': 69, 'toy_15_ndcg@20': tensor(0.0294), 'toy_15_recall@20': tensor(0.0622), 'ndcg@20': tensor(0.0294), 'recall@20': tensor(0.0622), 'train_loss_0': tensor(0.4529, device='cuda:0')}
[2026-02-05 20:09:02] INFO training_time: 802.2690536975861
[2026-02-05 20:09:02] INFO inference_time: 56.081199645996094
[2026-02-05 20:09:02] INFO ndcg@20 improved. Best value: 0.0294
[2026-02-05 20:09:02] INFO Best model checkpoint saved in saved/SASRec/noisy_15/2026-02-05-19-54-38-712605.ckpt.
[2026-02-05 20:09:15] INFO {'epoch': 70, 'toy_15_ndcg@20': tensor(0.0291), 'toy_15_recall@20': tensor(0.0605), 'ndcg@20': tensor(0.0291), 'recall@20': tensor(0.0605), 'train_loss_0': tensor(0.4530, device='cuda:0')}
[2026-02-05 20:09:15] INFO training_time: 813.7149317264557
[2026-02-05 20:09:15] INFO inference_time: 57.20483994483948
[2026-02-05 20:09:27] INFO {'epoch': 71, 'toy_15_ndcg@20': tensor(0.0294), 'toy_15_recall@20': tensor(0.0620), 'ndcg@20': tensor(0.0294), 'recall@20': tensor(0.0620), 'train_loss_0': tensor(0.4468, device='cuda:0')}
[2026-02-05 20:09:27] INFO training_time: 825.1307747364044
[2026-02-05 20:09:27] INFO inference_time: 57.950761795043945
[2026-02-05 20:09:27] INFO ndcg@20 improved. Best value: 0.0294
[2026-02-05 20:09:27] INFO Best model checkpoint saved in saved/SASRec/noisy_15/2026-02-05-19-54-38-712605.ckpt.
[2026-02-05 20:09:39] INFO {'epoch': 72, 'toy_15_ndcg@20': tensor(0.0290), 'toy_15_recall@20': tensor(0.0613), 'ndcg@20': tensor(0.0290), 'recall@20': tensor(0.0613), 'train_loss_0': tensor(0.4492, device='cuda:0')}
[2026-02-05 20:09:39] INFO training_time: 836.5844321250916
[2026-02-05 20:09:39] INFO inference_time: 58.65172481536865
[2026-02-05 20:09:52] INFO {'epoch': 73, 'toy_15_ndcg@20': tensor(0.0288), 'toy_15_recall@20': tensor(0.0623), 'ndcg@20': tensor(0.0288), 'recall@20': tensor(0.0623), 'train_loss_0': tensor(0.4522, device='cuda:0')}
[2026-02-05 20:09:52] INFO training_time: 848.1331839561462
[2026-02-05 20:09:52] INFO inference_time: 59.27763891220093
[2026-02-05 20:10:04] INFO {'epoch': 74, 'toy_15_ndcg@20': tensor(0.0284), 'toy_15_recall@20': tensor(0.0618), 'ndcg@20': tensor(0.0284), 'recall@20': tensor(0.0618), 'train_loss_0': tensor(0.4479, device='cuda:0')}
[2026-02-05 20:10:04] INFO training_time: 859.4367113113403
[2026-02-05 20:10:04] INFO inference_time: 60.17837190628052
[2026-02-05 20:10:16] INFO {'epoch': 75, 'toy_15_ndcg@20': tensor(0.0284), 'toy_15_recall@20': tensor(0.0605), 'ndcg@20': tensor(0.0284), 'recall@20': tensor(0.0605), 'train_loss_0': tensor(0.4435, device='cuda:0')}
[2026-02-05 20:10:16] INFO training_time: 870.8253316879272
[2026-02-05 20:10:16] INFO inference_time: 61.053887605667114
[2026-02-05 20:10:28] INFO {'epoch': 76, 'toy_15_ndcg@20': tensor(0.0285), 'toy_15_recall@20': tensor(0.0610), 'ndcg@20': tensor(0.0285), 'recall@20': tensor(0.0610), 'train_loss_0': tensor(0.4458, device='cuda:0')}
[2026-02-05 20:10:28] INFO training_time: 882.0590076446533
[2026-02-05 20:10:28] INFO inference_time: 61.83943963050842
[2026-02-05 20:10:40] INFO {'epoch': 77, 'toy_15_ndcg@20': tensor(0.0285), 'toy_15_recall@20': tensor(0.0608), 'ndcg@20': tensor(0.0285), 'recall@20': tensor(0.0608), 'train_loss_0': tensor(0.4428, device='cuda:0')}
[2026-02-05 20:10:40] INFO training_time: 893.4671096801758
[2026-02-05 20:10:40] INFO inference_time: 62.648096561431885
[2026-02-05 20:10:53] INFO {'epoch': 78, 'toy_15_ndcg@20': tensor(0.0281), 'toy_15_recall@20': tensor(0.0613), 'ndcg@20': tensor(0.0281), 'recall@20': tensor(0.0613), 'train_loss_0': tensor(0.4448, device='cuda:0')}
[2026-02-05 20:10:53] INFO training_time: 904.9082028865814
[2026-02-05 20:10:53] INFO inference_time: 63.442328691482544
[2026-02-05 20:11:05] INFO {'epoch': 79, 'toy_15_ndcg@20': tensor(0.0283), 'toy_15_recall@20': tensor(0.0606), 'ndcg@20': tensor(0.0283), 'recall@20': tensor(0.0606), 'train_loss_0': tensor(0.4406, device='cuda:0')}
[2026-02-05 20:11:05] INFO training_time: 916.3688445091248
[2026-02-05 20:11:05] INFO inference_time: 64.17794156074524
[2026-02-05 20:11:17] INFO {'epoch': 80, 'toy_15_ndcg@20': tensor(0.0283), 'toy_15_recall@20': tensor(0.0620), 'ndcg@20': tensor(0.0283), 'recall@20': tensor(0.0620), 'train_loss_0': tensor(0.4438, device='cuda:0')}
[2026-02-05 20:11:17] INFO training_time: 927.7324936389923
[2026-02-05 20:11:17] INFO inference_time: 65.19340085983276
[2026-02-05 20:11:30] INFO {'epoch': 81, 'toy_15_ndcg@20': tensor(0.0282), 'toy_15_recall@20': tensor(0.0606), 'ndcg@20': tensor(0.0282), 'recall@20': tensor(0.0606), 'train_loss_0': tensor(0.4411, device='cuda:0')}
[2026-02-05 20:11:30] INFO training_time: 939.4446210861206
[2026-02-05 20:11:30] INFO inference_time: 65.89319682121277
[2026-02-05 20:11:42] INFO {'epoch': 82, 'toy_15_ndcg@20': tensor(0.0285), 'toy_15_recall@20': tensor(0.0620), 'ndcg@20': tensor(0.0285), 'recall@20': tensor(0.0620), 'train_loss_0': tensor(0.4367, device='cuda:0')}
[2026-02-05 20:11:42] INFO training_time: 950.950779914856
[2026-02-05 20:11:42] INFO inference_time: 66.8511073589325
[2026-02-05 20:11:54] INFO {'epoch': 83, 'toy_15_ndcg@20': tensor(0.0288), 'toy_15_recall@20': tensor(0.0624), 'ndcg@20': tensor(0.0288), 'recall@20': tensor(0.0624), 'train_loss_0': tensor(0.4353, device='cuda:0')}
[2026-02-05 20:11:54] INFO training_time: 962.3228342533112
[2026-02-05 20:11:54] INFO inference_time: 67.69549417495728
[2026-02-05 20:12:06] INFO {'epoch': 84, 'toy_15_ndcg@20': tensor(0.0288), 'toy_15_recall@20': tensor(0.0619), 'ndcg@20': tensor(0.0288), 'recall@20': tensor(0.0619), 'train_loss_0': tensor(0.4391, device='cuda:0')}
[2026-02-05 20:12:06] INFO training_time: 973.7110223770142
[2026-02-05 20:12:06] INFO inference_time: 68.49188733100891
[2026-02-05 20:12:19] INFO {'epoch': 85, 'toy_15_ndcg@20': tensor(0.0297), 'toy_15_recall@20': tensor(0.0630), 'ndcg@20': tensor(0.0297), 'recall@20': tensor(0.0630), 'train_loss_0': tensor(0.4318, device='cuda:0')}
[2026-02-05 20:12:19] INFO training_time: 985.0420215129852
[2026-02-05 20:12:19] INFO inference_time: 69.28343939781189
[2026-02-05 20:12:19] INFO ndcg@20 improved. Best value: 0.0297
[2026-02-05 20:12:19] INFO Best model checkpoint saved in saved/SASRec/noisy_15/2026-02-05-19-54-38-712605.ckpt.
[2026-02-05 20:12:31] INFO {'epoch': 86, 'toy_15_ndcg@20': tensor(0.0296), 'toy_15_recall@20': tensor(0.0627), 'ndcg@20': tensor(0.0296), 'recall@20': tensor(0.0627), 'train_loss_0': tensor(0.4351, device='cuda:0')}
[2026-02-05 20:12:31] INFO training_time: 996.5518851280212
[2026-02-05 20:12:31] INFO inference_time: 70.02220106124878
[2026-02-05 20:12:43] INFO {'epoch': 87, 'toy_15_ndcg@20': tensor(0.0294), 'toy_15_recall@20': tensor(0.0624), 'ndcg@20': tensor(0.0294), 'recall@20': tensor(0.0624), 'train_loss_0': tensor(0.4303, device='cuda:0')}
[2026-02-05 20:12:43] INFO training_time: 1008.1103830337524
[2026-02-05 20:12:43] INFO inference_time: 70.7918312549591
[2026-02-05 20:12:55] INFO {'epoch': 88, 'toy_15_ndcg@20': tensor(0.0298), 'toy_15_recall@20': tensor(0.0628), 'ndcg@20': tensor(0.0298), 'recall@20': tensor(0.0628), 'train_loss_0': tensor(0.4362, device='cuda:0')}
[2026-02-05 20:12:55] INFO training_time: 1019.4793848991394
[2026-02-05 20:12:55] INFO inference_time: 71.48767137527466
[2026-02-05 20:12:55] INFO ndcg@20 improved. Best value: 0.0298
[2026-02-05 20:12:55] INFO Best model checkpoint saved in saved/SASRec/noisy_15/2026-02-05-19-54-38-712605.ckpt.
[2026-02-05 20:13:07] INFO {'epoch': 89, 'toy_15_ndcg@20': tensor(0.0297), 'toy_15_recall@20': tensor(0.0626), 'ndcg@20': tensor(0.0297), 'recall@20': tensor(0.0626), 'train_loss_0': tensor(0.4358, device='cuda:0')}
[2026-02-05 20:13:08] INFO training_time: 1030.937949180603
[2026-02-05 20:13:08] INFO inference_time: 72.20839238166809
[2026-02-05 20:13:20] INFO {'epoch': 90, 'toy_15_ndcg@20': tensor(0.0294), 'toy_15_recall@20': tensor(0.0633), 'ndcg@20': tensor(0.0294), 'recall@20': tensor(0.0633), 'train_loss_0': tensor(0.4351, device='cuda:0')}
[2026-02-05 20:13:20] INFO training_time: 1042.3567736148834
[2026-02-05 20:13:20] INFO inference_time: 73.17826318740845
[2026-02-05 20:13:32] INFO {'epoch': 91, 'toy_15_ndcg@20': tensor(0.0289), 'toy_15_recall@20': tensor(0.0619), 'ndcg@20': tensor(0.0289), 'recall@20': tensor(0.0619), 'train_loss_0': tensor(0.4308, device='cuda:0')}
[2026-02-05 20:13:32] INFO training_time: 1053.8928055763245
[2026-02-05 20:13:32] INFO inference_time: 73.76633477210999
[2026-02-05 20:13:44] INFO {'epoch': 92, 'toy_15_ndcg@20': tensor(0.0292), 'toy_15_recall@20': tensor(0.0632), 'ndcg@20': tensor(0.0292), 'recall@20': tensor(0.0632), 'train_loss_0': tensor(0.4265, device='cuda:0')}
[2026-02-05 20:13:44] INFO training_time: 1065.4575242996216
[2026-02-05 20:13:44] INFO inference_time: 74.3835380077362
[2026-02-05 20:13:57] INFO {'epoch': 93, 'toy_15_ndcg@20': tensor(0.0290), 'toy_15_recall@20': tensor(0.0634), 'ndcg@20': tensor(0.0290), 'recall@20': tensor(0.0634), 'train_loss_0': tensor(0.4312, device='cuda:0')}
[2026-02-05 20:13:57] INFO training_time: 1077.0473368167877
[2026-02-05 20:13:57] INFO inference_time: 75.28830456733704
[2026-02-05 20:14:09] INFO {'epoch': 94, 'toy_15_ndcg@20': tensor(0.0288), 'toy_15_recall@20': tensor(0.0620), 'ndcg@20': tensor(0.0288), 'recall@20': tensor(0.0620), 'train_loss_0': tensor(0.4263, device='cuda:0')}
[2026-02-05 20:14:09] INFO training_time: 1088.4426527023315
[2026-02-05 20:14:09] INFO inference_time: 76.0337028503418
[2026-02-05 20:14:21] INFO {'epoch': 95, 'toy_15_ndcg@20': tensor(0.0288), 'toy_15_recall@20': tensor(0.0616), 'ndcg@20': tensor(0.0288), 'recall@20': tensor(0.0616), 'train_loss_0': tensor(0.4281, device='cuda:0')}
[2026-02-05 20:14:21] INFO training_time: 1099.8996617794037
[2026-02-05 20:14:21] INFO inference_time: 76.93277502059937
[2026-02-05 20:14:34] INFO {'epoch': 96, 'toy_15_ndcg@20': tensor(0.0291), 'toy_15_recall@20': tensor(0.0628), 'ndcg@20': tensor(0.0291), 'recall@20': tensor(0.0628), 'train_loss_0': tensor(0.4288, device='cuda:0')}
[2026-02-05 20:14:34] INFO training_time: 1111.3705615997314
[2026-02-05 20:14:34] INFO inference_time: 77.7984504699707
[2026-02-05 20:14:46] INFO {'epoch': 97, 'toy_15_ndcg@20': tensor(0.0295), 'toy_15_recall@20': tensor(0.0623), 'ndcg@20': tensor(0.0295), 'recall@20': tensor(0.0623), 'train_loss_0': tensor(0.4296, device='cuda:0')}
[2026-02-05 20:14:46] INFO training_time: 1122.680631160736
[2026-02-05 20:14:46] INFO inference_time: 78.47095489501953
[2026-02-05 20:14:58] INFO {'epoch': 98, 'toy_15_ndcg@20': tensor(0.0296), 'toy_15_recall@20': tensor(0.0627), 'ndcg@20': tensor(0.0296), 'recall@20': tensor(0.0627), 'train_loss_0': tensor(0.4264, device='cuda:0')}
[2026-02-05 20:14:58] INFO training_time: 1134.1126942634583
[2026-02-05 20:14:58] INFO inference_time: 79.22810959815979
[2026-02-05 20:15:10] INFO {'epoch': 99, 'toy_15_ndcg@20': tensor(0.0298), 'toy_15_recall@20': tensor(0.0630), 'ndcg@20': tensor(0.0298), 'recall@20': tensor(0.0630), 'train_loss_0': tensor(0.4227, device='cuda:0')}
[2026-02-05 20:15:10] INFO training_time: 1145.4943752288818
[2026-02-05 20:15:10] INFO inference_time: 79.99771618843079
[2026-02-05 20:15:23] INFO {'epoch': 100, 'toy_15_ndcg@20': tensor(0.0291), 'toy_15_recall@20': tensor(0.0619), 'ndcg@20': tensor(0.0291), 'recall@20': tensor(0.0619), 'train_loss_0': tensor(0.4248, device='cuda:0')}
[2026-02-05 20:15:23] INFO training_time: 1156.959531545639
[2026-02-05 20:15:23] INFO inference_time: 81.1100537776947
[2026-02-05 20:15:35] INFO {'epoch': 101, 'toy_15_ndcg@20': tensor(0.0288), 'toy_15_recall@20': tensor(0.0619), 'ndcg@20': tensor(0.0288), 'recall@20': tensor(0.0619), 'train_loss_0': tensor(0.4240, device='cuda:0')}
[2026-02-05 20:15:35] INFO training_time: 1168.573473930359
[2026-02-05 20:15:35] INFO inference_time: 81.76668357849121
[2026-02-05 20:15:47] INFO {'epoch': 102, 'toy_15_ndcg@20': tensor(0.0297), 'toy_15_recall@20': tensor(0.0636), 'ndcg@20': tensor(0.0297), 'recall@20': tensor(0.0636), 'train_loss_0': tensor(0.4236, device='cuda:0')}
[2026-02-05 20:15:47] INFO training_time: 1179.9632186889648
[2026-02-05 20:15:47] INFO inference_time: 82.40275573730469
[2026-02-05 20:15:59] INFO {'epoch': 103, 'toy_15_ndcg@20': tensor(0.0292), 'toy_15_recall@20': tensor(0.0634), 'ndcg@20': tensor(0.0292), 'recall@20': tensor(0.0634), 'train_loss_0': tensor(0.4238, device='cuda:0')}
[2026-02-05 20:15:59] INFO training_time: 1191.4935457706451
[2026-02-05 20:15:59] INFO inference_time: 83.25302624702454
[2026-02-05 20:16:11] INFO {'epoch': 104, 'toy_15_ndcg@20': tensor(0.0293), 'toy_15_recall@20': tensor(0.0634), 'ndcg@20': tensor(0.0293), 'recall@20': tensor(0.0634), 'train_loss_0': tensor(0.4219, device='cuda:0')}
[2026-02-05 20:16:11] INFO training_time: 1202.8946197032928
[2026-02-05 20:16:11] INFO inference_time: 84.09357380867004
[2026-02-05 20:16:24] INFO {'epoch': 105, 'toy_15_ndcg@20': tensor(0.0291), 'toy_15_recall@20': tensor(0.0624), 'ndcg@20': tensor(0.0291), 'recall@20': tensor(0.0624), 'train_loss_0': tensor(0.4258, device='cuda:0')}
[2026-02-05 20:16:24] INFO training_time: 1214.356412410736
[2026-02-05 20:16:24] INFO inference_time: 84.91609477996826
[2026-02-05 20:16:36] INFO {'epoch': 106, 'toy_15_ndcg@20': tensor(0.0293), 'toy_15_recall@20': tensor(0.0626), 'ndcg@20': tensor(0.0293), 'recall@20': tensor(0.0626), 'train_loss_0': tensor(0.4225, device='cuda:0')}
[2026-02-05 20:16:36] INFO training_time: 1225.872448682785
[2026-02-05 20:16:36] INFO inference_time: 85.71843957901001
[2026-02-05 20:16:48] INFO {'epoch': 107, 'toy_15_ndcg@20': tensor(0.0294), 'toy_15_recall@20': tensor(0.0632), 'ndcg@20': tensor(0.0294), 'recall@20': tensor(0.0632), 'train_loss_0': tensor(0.4192, device='cuda:0')}
[2026-02-05 20:16:48] INFO training_time: 1237.328727722168
[2026-02-05 20:16:48] INFO inference_time: 86.59557390213013
[2026-02-05 20:17:01] INFO {'epoch': 108, 'toy_15_ndcg@20': tensor(0.0293), 'toy_15_recall@20': tensor(0.0627), 'ndcg@20': tensor(0.0293), 'recall@20': tensor(0.0627), 'train_loss_0': tensor(0.4165, device='cuda:0')}
[2026-02-05 20:17:01] INFO training_time: 1248.7289872169495
[2026-02-05 20:17:01] INFO inference_time: 87.30702376365662
[2026-02-05 20:17:01] INFO Early stopped. Since the metric ndcg@20 haven't been improved for 20 epochs.
[2026-02-05 20:17:01] INFO The best score of ndcg@20 is 0.0298 on epoch 88
[2026-02-05 20:17:01] INFO Best model checkpoint saved in saved/SASRec/noisy_15/2026-02-05-19-54-38-712605.ckpt.
[2026-02-05 20:17:01] INFO defaultdict(<class 'float'>, {'toy_15_ndcg@20': tensor(0.0243), 'toy_15_recall@20': tensor(0.0508), 'toy_15_ndcg@10': tensor(0.0207), 'toy_15_recall@10': tensor(0.0366), 'ndcg@20': tensor(0.0243), 'recall@20': tensor(0.0508), 'ndcg@10': tensor(0.0207), 'recall@10': tensor(0.0366)})
