[2026-02-09 10:09:11] INFO PID of this process: 1398891
[2026-02-09 10:09:23] INFO {'model': {'embed_dim': 64, 'loss_fn': 'bce', 'hidden_size': 128, 'layer_num': 2, 'head_num': 2, 'dropout_rate': 0.5, 'activation': 'gelu', 'layer_norm_eps': 1e-12, 'model': 'SASRec'}, 'data': {'domain_name_list': ['sport_5'], 'user_threshold': 5, 'item_threshold': 5, 'max_seq_len': 50, 'dataset_class': 'general', 'train_file': '_regen', 'dataset': 'noisy_5'}, 'train': {'batch_size': 256, 'early_stop_mode': 'max', 'early_stop_patience': 20, 'epochs': 1000, 'device': 'cuda', 'optimizer': 'adam', 'learning_rate': 0.001, 'weight_decay': 0, 'num_neg': 1, 'seed': 2024}, 'eval': {'batch_size': 2048, 'cutoff': [20, 10], 'val_metrics': ['ndcg', 'recall'], 'test_metrics': ['ndcg', 'recall'], 'topk': 100, 'save_path': './saved/'}}
[2026-02-09 10:09:23] INFO <data.dataset.SeparateDataset object at 0x7fc6a3e331f0>
[2026-02-09 10:09:23] INFO save_dir:saved
[2026-02-09 10:09:23] INFO SASRec(
  (item_embedding): Embedding(18358, 64, padding_idx=0)
  (query_encoder): SASRecQueryEncoder(
    (item_encoder): Embedding(18358, 64, padding_idx=0)
    (position_emb): Embedding(50, 64)
    (transformer_layer): TransformerEncoder(
      (layers): ModuleList(
        (0): TransformerEncoderLayer(
          (self_attn): MultiheadAttention(
            (out_proj): NonDynamicallyQuantizableLinear(in_features=64, out_features=64, bias=True)
          )
          (linear1): Linear(in_features=64, out_features=128, bias=True)
          (dropout): Dropout(p=0.5, inplace=False)
          (linear2): Linear(in_features=128, out_features=64, bias=True)
          (norm1): LayerNorm((64,), eps=1e-12, elementwise_affine=True)
          (norm2): LayerNorm((64,), eps=1e-12, elementwise_affine=True)
          (dropout1): Dropout(p=0.5, inplace=False)
          (dropout2): Dropout(p=0.5, inplace=False)
        )
        (1): TransformerEncoderLayer(
          (self_attn): MultiheadAttention(
            (out_proj): NonDynamicallyQuantizableLinear(in_features=64, out_features=64, bias=True)
          )
          (linear1): Linear(in_features=64, out_features=128, bias=True)
          (dropout): Dropout(p=0.5, inplace=False)
          (linear2): Linear(in_features=128, out_features=64, bias=True)
          (norm1): LayerNorm((64,), eps=1e-12, elementwise_affine=True)
          (norm2): LayerNorm((64,), eps=1e-12, elementwise_affine=True)
          (dropout1): Dropout(p=0.5, inplace=False)
          (dropout2): Dropout(p=0.5, inplace=False)
        )
      )
    )
    (dropout): Dropout(p=0.5, inplace=False)
    (training_pooling_layer): SeqPoolingLayer()
    (eval_pooling_layer): SeqPoolingLayer()
  )
  (loss_fn): BinaryCrossEntropyLoss()
)
[2026-02-09 10:10:50] INFO {'epoch': 0, 'sport_5_ndcg@20': tensor(0.0098), 'sport_5_recall@20': tensor(0.0241), 'ndcg@20': tensor(0.0098), 'recall@20': tensor(0.0241), 'train_loss_0': tensor(1.1946, device='cuda:0')}
[2026-02-09 10:10:50] INFO training_time: 85.02670764923096
[2026-02-09 10:10:50] INFO inference_time: 1.9868571758270264
[2026-02-09 10:10:50] INFO ndcg@20 improved. Best value: 0.0098
[2026-02-09 10:10:50] INFO Best model checkpoint saved in saved/SASRec/noisy_5/2026-02-09-10-09-11-897324.ckpt.
[2026-02-09 10:12:16] INFO {'epoch': 1, 'sport_5_ndcg@20': tensor(0.0151), 'sport_5_recall@20': tensor(0.0370), 'ndcg@20': tensor(0.0151), 'recall@20': tensor(0.0370), 'train_loss_0': tensor(1.0380, device='cuda:0')}
[2026-02-09 10:12:16] INFO training_time: 169.1531572341919
[2026-02-09 10:12:16] INFO inference_time: 3.7052876949310303
[2026-02-09 10:12:16] INFO ndcg@20 improved. Best value: 0.0151
[2026-02-09 10:12:16] INFO Best model checkpoint saved in saved/SASRec/noisy_5/2026-02-09-10-09-11-897324.ckpt.
[2026-02-09 10:13:42] INFO {'epoch': 2, 'sport_5_ndcg@20': tensor(0.0186), 'sport_5_recall@20': tensor(0.0459), 'ndcg@20': tensor(0.0186), 'recall@20': tensor(0.0459), 'train_loss_0': tensor(0.9148, device='cuda:0')}
[2026-02-09 10:13:42] INFO training_time: 253.43734169006348
[2026-02-09 10:13:42] INFO inference_time: 5.233118534088135
[2026-02-09 10:13:42] INFO ndcg@20 improved. Best value: 0.0186
[2026-02-09 10:13:42] INFO Best model checkpoint saved in saved/SASRec/noisy_5/2026-02-09-10-09-11-897324.ckpt.
[2026-02-09 10:15:07] INFO {'epoch': 3, 'sport_5_ndcg@20': tensor(0.0197), 'sport_5_recall@20': tensor(0.0495), 'ndcg@20': tensor(0.0197), 'recall@20': tensor(0.0495), 'train_loss_0': tensor(0.8232, device='cuda:0')}
[2026-02-09 10:15:07] INFO training_time: 336.7461316585541
[2026-02-09 10:15:07] INFO inference_time: 6.8050291538238525
[2026-02-09 10:15:07] INFO ndcg@20 improved. Best value: 0.0197
[2026-02-09 10:15:07] INFO Best model checkpoint saved in saved/SASRec/noisy_5/2026-02-09-10-09-11-897324.ckpt.
[2026-02-09 10:16:32] INFO {'epoch': 4, 'sport_5_ndcg@20': tensor(0.0213), 'sport_5_recall@20': tensor(0.0515), 'ndcg@20': tensor(0.0213), 'recall@20': tensor(0.0515), 'train_loss_0': tensor(0.7562, device='cuda:0')}
[2026-02-09 10:16:32] INFO training_time: 420.6609926223755
[2026-02-09 10:16:32] INFO inference_time: 8.340220928192139
[2026-02-09 10:16:32] INFO ndcg@20 improved. Best value: 0.0213
[2026-02-09 10:16:32] INFO Best model checkpoint saved in saved/SASRec/noisy_5/2026-02-09-10-09-11-897324.ckpt.
[2026-02-09 10:17:58] INFO {'epoch': 5, 'sport_5_ndcg@20': tensor(0.0216), 'sport_5_recall@20': tensor(0.0536), 'ndcg@20': tensor(0.0216), 'recall@20': tensor(0.0536), 'train_loss_0': tensor(0.7070, device='cuda:0')}
[2026-02-09 10:17:58] INFO training_time: 504.5041742324829
[2026-02-09 10:17:58] INFO inference_time: 9.943849086761475
[2026-02-09 10:17:58] INFO ndcg@20 improved. Best value: 0.0216
[2026-02-09 10:17:58] INFO Best model checkpoint saved in saved/SASRec/noisy_5/2026-02-09-10-09-11-897324.ckpt.
[2026-02-09 10:19:23] INFO {'epoch': 6, 'sport_5_ndcg@20': tensor(0.0235), 'sport_5_recall@20': tensor(0.0543), 'ndcg@20': tensor(0.0235), 'recall@20': tensor(0.0543), 'train_loss_0': tensor(0.6725, device='cuda:0')}
[2026-02-09 10:19:23] INFO training_time: 588.2536408901215
[2026-02-09 10:19:23] INFO inference_time: 11.454277276992798
[2026-02-09 10:19:23] INFO ndcg@20 improved. Best value: 0.0235
[2026-02-09 10:19:23] INFO Best model checkpoint saved in saved/SASRec/noisy_5/2026-02-09-10-09-11-897324.ckpt.
[2026-02-09 10:20:48] INFO {'epoch': 7, 'sport_5_ndcg@20': tensor(0.0233), 'sport_5_recall@20': tensor(0.0555), 'ndcg@20': tensor(0.0233), 'recall@20': tensor(0.0555), 'train_loss_0': tensor(0.6413, device='cuda:0')}
[2026-02-09 10:20:48] INFO training_time: 671.8644301891327
[2026-02-09 10:20:48] INFO inference_time: 12.988409042358398
[2026-02-09 10:22:14] INFO {'epoch': 8, 'sport_5_ndcg@20': tensor(0.0232), 'sport_5_recall@20': tensor(0.0548), 'ndcg@20': tensor(0.0232), 'recall@20': tensor(0.0548), 'train_loss_0': tensor(0.6177, device='cuda:0')}
[2026-02-09 10:22:14] INFO training_time: 756.2065834999084
[2026-02-09 10:22:14] INFO inference_time: 14.63988447189331
[2026-02-09 10:23:40] INFO {'epoch': 9, 'sport_5_ndcg@20': tensor(0.0241), 'sport_5_recall@20': tensor(0.0569), 'ndcg@20': tensor(0.0241), 'recall@20': tensor(0.0569), 'train_loss_0': tensor(0.6051, device='cuda:0')}
[2026-02-09 10:23:40] INFO training_time: 840.2985455989838
[2026-02-09 10:23:40] INFO inference_time: 16.287567853927612
[2026-02-09 10:23:40] INFO ndcg@20 improved. Best value: 0.0241
[2026-02-09 10:23:40] INFO Best model checkpoint saved in saved/SASRec/noisy_5/2026-02-09-10-09-11-897324.ckpt.
[2026-02-09 10:25:06] INFO {'epoch': 10, 'sport_5_ndcg@20': tensor(0.0243), 'sport_5_recall@20': tensor(0.0567), 'ndcg@20': tensor(0.0243), 'recall@20': tensor(0.0567), 'train_loss_0': tensor(0.5893, device='cuda:0')}
[2026-02-09 10:25:06] INFO training_time: 924.2707333564758
[2026-02-09 10:25:06] INFO inference_time: 18.539790868759155
[2026-02-09 10:25:06] INFO ndcg@20 improved. Best value: 0.0243
[2026-02-09 10:25:06] INFO Best model checkpoint saved in saved/SASRec/noisy_5/2026-02-09-10-09-11-897324.ckpt.
[2026-02-09 10:26:32] INFO {'epoch': 11, 'sport_5_ndcg@20': tensor(0.0244), 'sport_5_recall@20': tensor(0.0567), 'ndcg@20': tensor(0.0244), 'recall@20': tensor(0.0567), 'train_loss_0': tensor(0.5778, device='cuda:0')}
[2026-02-09 10:26:32] INFO training_time: 1008.2738709449768
[2026-02-09 10:26:32] INFO inference_time: 20.05801224708557
[2026-02-09 10:26:32] INFO ndcg@20 improved. Best value: 0.0244
[2026-02-09 10:26:32] INFO Best model checkpoint saved in saved/SASRec/noisy_5/2026-02-09-10-09-11-897324.ckpt.
[2026-02-09 10:27:57] INFO {'epoch': 12, 'sport_5_ndcg@20': tensor(0.0250), 'sport_5_recall@20': tensor(0.0576), 'ndcg@20': tensor(0.0250), 'recall@20': tensor(0.0576), 'train_loss_0': tensor(0.5673, device='cuda:0')}
[2026-02-09 10:27:57] INFO training_time: 1092.4235475063324
[2026-02-09 10:27:57] INFO inference_time: 21.542221307754517
[2026-02-09 10:27:57] INFO ndcg@20 improved. Best value: 0.0250
[2026-02-09 10:27:57] INFO Best model checkpoint saved in saved/SASRec/noisy_5/2026-02-09-10-09-11-897324.ckpt.
[2026-02-09 10:29:23] INFO {'epoch': 13, 'sport_5_ndcg@20': tensor(0.0245), 'sport_5_recall@20': tensor(0.0569), 'ndcg@20': tensor(0.0245), 'recall@20': tensor(0.0569), 'train_loss_0': tensor(0.5556, device='cuda:0')}
[2026-02-09 10:29:23] INFO training_time: 1176.3551979064941
[2026-02-09 10:29:23] INFO inference_time: 22.98971915245056
[2026-02-09 10:30:49] INFO {'epoch': 14, 'sport_5_ndcg@20': tensor(0.0248), 'sport_5_recall@20': tensor(0.0581), 'ndcg@20': tensor(0.0248), 'recall@20': tensor(0.0581), 'train_loss_0': tensor(0.5467, device='cuda:0')}
[2026-02-09 10:30:49] INFO training_time: 1260.6019020080566
[2026-02-09 10:30:49] INFO inference_time: 24.549673318862915
[2026-02-09 10:32:14] INFO {'epoch': 15, 'sport_5_ndcg@20': tensor(0.0254), 'sport_5_recall@20': tensor(0.0587), 'ndcg@20': tensor(0.0254), 'recall@20': tensor(0.0587), 'train_loss_0': tensor(0.5421, device='cuda:0')}
[2026-02-09 10:32:14] INFO training_time: 1344.7990226745605
[2026-02-09 10:32:14] INFO inference_time: 26.00896143913269
[2026-02-09 10:32:14] INFO ndcg@20 improved. Best value: 0.0254
[2026-02-09 10:32:14] INFO Best model checkpoint saved in saved/SASRec/noisy_5/2026-02-09-10-09-11-897324.ckpt.
[2026-02-09 10:33:39] INFO {'epoch': 16, 'sport_5_ndcg@20': tensor(0.0247), 'sport_5_recall@20': tensor(0.0578), 'ndcg@20': tensor(0.0247), 'recall@20': tensor(0.0578), 'train_loss_0': tensor(0.5367, device='cuda:0')}
[2026-02-09 10:33:39] INFO training_time: 1428.2706997394562
[2026-02-09 10:33:39] INFO inference_time: 27.59351110458374
[2026-02-09 10:35:05] INFO {'epoch': 17, 'sport_5_ndcg@20': tensor(0.0257), 'sport_5_recall@20': tensor(0.0594), 'ndcg@20': tensor(0.0257), 'recall@20': tensor(0.0594), 'train_loss_0': tensor(0.5302, device='cuda:0')}
[2026-02-09 10:35:05] INFO training_time: 1511.9161162376404
[2026-02-09 10:35:05] INFO inference_time: 29.02529525756836
[2026-02-09 10:35:05] INFO ndcg@20 improved. Best value: 0.0257
[2026-02-09 10:35:05] INFO Best model checkpoint saved in saved/SASRec/noisy_5/2026-02-09-10-09-11-897324.ckpt.
[2026-02-09 10:36:29] INFO {'epoch': 18, 'sport_5_ndcg@20': tensor(0.0258), 'sport_5_recall@20': tensor(0.0597), 'ndcg@20': tensor(0.0258), 'recall@20': tensor(0.0597), 'train_loss_0': tensor(0.5223, device='cuda:0')}
[2026-02-09 10:36:29] INFO training_time: 1594.9833641052246
[2026-02-09 10:36:29] INFO inference_time: 30.4268319606781
[2026-02-09 10:36:29] INFO ndcg@20 improved. Best value: 0.0258
[2026-02-09 10:36:29] INFO Best model checkpoint saved in saved/SASRec/noisy_5/2026-02-09-10-09-11-897324.ckpt.
[2026-02-09 10:37:54] INFO {'epoch': 19, 'sport_5_ndcg@20': tensor(0.0260), 'sport_5_recall@20': tensor(0.0598), 'ndcg@20': tensor(0.0260), 'recall@20': tensor(0.0598), 'train_loss_0': tensor(0.5201, device='cuda:0')}
[2026-02-09 10:37:54] INFO training_time: 1678.340933561325
[2026-02-09 10:37:54] INFO inference_time: 31.955759048461914
[2026-02-09 10:37:54] INFO ndcg@20 improved. Best value: 0.0260
[2026-02-09 10:37:54] INFO Best model checkpoint saved in saved/SASRec/noisy_5/2026-02-09-10-09-11-897324.ckpt.
[2026-02-09 10:39:19] INFO {'epoch': 20, 'sport_5_ndcg@20': tensor(0.0259), 'sport_5_recall@20': tensor(0.0604), 'ndcg@20': tensor(0.0259), 'recall@20': tensor(0.0604), 'train_loss_0': tensor(0.5136, device='cuda:0')}
[2026-02-09 10:39:19] INFO training_time: 1761.6571276187897
[2026-02-09 10:39:19] INFO inference_time: 33.81864953041077
[2026-02-09 10:40:44] INFO {'epoch': 21, 'sport_5_ndcg@20': tensor(0.0259), 'sport_5_recall@20': tensor(0.0607), 'ndcg@20': tensor(0.0259), 'recall@20': tensor(0.0607), 'train_loss_0': tensor(0.5109, device='cuda:0')}
[2026-02-09 10:40:44] INFO training_time: 1845.0085015296936
[2026-02-09 10:40:44] INFO inference_time: 35.472145080566406
[2026-02-09 10:42:09] INFO {'epoch': 22, 'sport_5_ndcg@20': tensor(0.0262), 'sport_5_recall@20': tensor(0.0619), 'ndcg@20': tensor(0.0262), 'recall@20': tensor(0.0619), 'train_loss_0': tensor(0.5056, device='cuda:0')}
[2026-02-09 10:42:09] INFO training_time: 1928.6908285617828
[2026-02-09 10:42:09] INFO inference_time: 36.875192165374756
[2026-02-09 10:42:09] INFO ndcg@20 improved. Best value: 0.0262
[2026-02-09 10:42:09] INFO Best model checkpoint saved in saved/SASRec/noisy_5/2026-02-09-10-09-11-897324.ckpt.
[2026-02-09 10:43:34] INFO {'epoch': 23, 'sport_5_ndcg@20': tensor(0.0253), 'sport_5_recall@20': tensor(0.0596), 'ndcg@20': tensor(0.0253), 'recall@20': tensor(0.0596), 'train_loss_0': tensor(0.5034, device='cuda:0')}
[2026-02-09 10:43:34] INFO training_time: 2011.9376301765442
[2026-02-09 10:43:34] INFO inference_time: 38.42827320098877
[2026-02-09 10:44:59] INFO {'epoch': 24, 'sport_5_ndcg@20': tensor(0.0261), 'sport_5_recall@20': tensor(0.0615), 'ndcg@20': tensor(0.0261), 'recall@20': tensor(0.0615), 'train_loss_0': tensor(0.5009, device='cuda:0')}
[2026-02-09 10:44:59] INFO training_time: 2095.4446856975555
[2026-02-09 10:44:59] INFO inference_time: 39.89051866531372
[2026-02-09 10:46:24] INFO {'epoch': 25, 'sport_5_ndcg@20': tensor(0.0258), 'sport_5_recall@20': tensor(0.0615), 'ndcg@20': tensor(0.0258), 'recall@20': tensor(0.0615), 'train_loss_0': tensor(0.4934, device='cuda:0')}
[2026-02-09 10:46:24] INFO training_time: 2178.643780231476
[2026-02-09 10:46:24] INFO inference_time: 41.27558422088623
[2026-02-09 10:47:48] INFO {'epoch': 26, 'sport_5_ndcg@20': tensor(0.0259), 'sport_5_recall@20': tensor(0.0593), 'ndcg@20': tensor(0.0259), 'recall@20': tensor(0.0593), 'train_loss_0': tensor(0.4915, device='cuda:0')}
[2026-02-09 10:47:48] INFO training_time: 2261.9257760047913
[2026-02-09 10:47:48] INFO inference_time: 42.70883393287659
[2026-02-09 10:49:13] INFO {'epoch': 27, 'sport_5_ndcg@20': tensor(0.0253), 'sport_5_recall@20': tensor(0.0592), 'ndcg@20': tensor(0.0253), 'recall@20': tensor(0.0592), 'train_loss_0': tensor(0.4912, device='cuda:0')}
[2026-02-09 10:49:13] INFO training_time: 2345.0301434993744
[2026-02-09 10:49:13] INFO inference_time: 44.147688150405884
[2026-02-09 10:50:38] INFO {'epoch': 28, 'sport_5_ndcg@20': tensor(0.0262), 'sport_5_recall@20': tensor(0.0610), 'ndcg@20': tensor(0.0262), 'recall@20': tensor(0.0610), 'train_loss_0': tensor(0.4875, device='cuda:0')}
[2026-02-09 10:50:38] INFO training_time: 2428.262281179428
[2026-02-09 10:50:38] INFO inference_time: 45.679081201553345
[2026-02-09 10:50:38] INFO ndcg@20 improved. Best value: 0.0262
[2026-02-09 10:50:38] INFO Best model checkpoint saved in saved/SASRec/noisy_5/2026-02-09-10-09-11-897324.ckpt.
[2026-02-09 10:52:03] INFO {'epoch': 29, 'sport_5_ndcg@20': tensor(0.0265), 'sport_5_recall@20': tensor(0.0618), 'ndcg@20': tensor(0.0265), 'recall@20': tensor(0.0618), 'train_loss_0': tensor(0.4847, device='cuda:0')}
[2026-02-09 10:52:03] INFO training_time: 2512.1233370304108
[2026-02-09 10:52:03] INFO inference_time: 47.23018169403076
[2026-02-09 10:52:03] INFO ndcg@20 improved. Best value: 0.0265
[2026-02-09 10:52:03] INFO Best model checkpoint saved in saved/SASRec/noisy_5/2026-02-09-10-09-11-897324.ckpt.
[2026-02-09 10:53:29] INFO {'epoch': 30, 'sport_5_ndcg@20': tensor(0.0259), 'sport_5_recall@20': tensor(0.0606), 'ndcg@20': tensor(0.0259), 'recall@20': tensor(0.0606), 'train_loss_0': tensor(0.4839, device='cuda:0')}
[2026-02-09 10:53:29] INFO training_time: 2595.6507160663605
[2026-02-09 10:53:29] INFO inference_time: 49.68989634513855
[2026-02-09 10:54:55] INFO {'epoch': 31, 'sport_5_ndcg@20': tensor(0.0259), 'sport_5_recall@20': tensor(0.0601), 'ndcg@20': tensor(0.0259), 'recall@20': tensor(0.0601), 'train_loss_0': tensor(0.4820, device='cuda:0')}
[2026-02-09 10:54:55] INFO training_time: 2679.3793828487396
[2026-02-09 10:54:55] INFO inference_time: 51.29181623458862
[2026-02-09 10:56:19] INFO {'epoch': 32, 'sport_5_ndcg@20': tensor(0.0258), 'sport_5_recall@20': tensor(0.0603), 'ndcg@20': tensor(0.0258), 'recall@20': tensor(0.0603), 'train_loss_0': tensor(0.4764, device='cuda:0')}
[2026-02-09 10:56:19] INFO training_time: 2762.299372434616
[2026-02-09 10:56:19] INFO inference_time: 52.712958574295044
[2026-02-09 10:57:44] INFO {'epoch': 33, 'sport_5_ndcg@20': tensor(0.0259), 'sport_5_recall@20': tensor(0.0598), 'ndcg@20': tensor(0.0259), 'recall@20': tensor(0.0598), 'train_loss_0': tensor(0.4743, device='cuda:0')}
[2026-02-09 10:57:44] INFO training_time: 2845.586090564728
[2026-02-09 10:57:44] INFO inference_time: 54.116995096206665
[2026-02-09 10:59:08] INFO {'epoch': 34, 'sport_5_ndcg@20': tensor(0.0265), 'sport_5_recall@20': tensor(0.0604), 'ndcg@20': tensor(0.0265), 'recall@20': tensor(0.0604), 'train_loss_0': tensor(0.4728, device='cuda:0')}
[2026-02-09 10:59:08] INFO training_time: 2929.0603873729706
[2026-02-09 10:59:08] INFO inference_time: 55.51849150657654
[2026-02-09 10:59:08] INFO ndcg@20 improved. Best value: 0.0265
[2026-02-09 10:59:08] INFO Best model checkpoint saved in saved/SASRec/noisy_5/2026-02-09-10-09-11-897324.ckpt.
[2026-02-09 11:00:33] INFO {'epoch': 35, 'sport_5_ndcg@20': tensor(0.0271), 'sport_5_recall@20': tensor(0.0614), 'ndcg@20': tensor(0.0271), 'recall@20': tensor(0.0614), 'train_loss_0': tensor(0.4711, device='cuda:0')}
[2026-02-09 11:00:33] INFO training_time: 3012.2157163619995
[2026-02-09 11:00:33] INFO inference_time: 56.91522192955017
[2026-02-09 11:00:33] INFO ndcg@20 improved. Best value: 0.0271
[2026-02-09 11:00:33] INFO Best model checkpoint saved in saved/SASRec/noisy_5/2026-02-09-10-09-11-897324.ckpt.
[2026-02-09 11:01:58] INFO {'epoch': 36, 'sport_5_ndcg@20': tensor(0.0269), 'sport_5_recall@20': tensor(0.0616), 'ndcg@20': tensor(0.0269), 'recall@20': tensor(0.0616), 'train_loss_0': tensor(0.4688, device='cuda:0')}
[2026-02-09 11:01:58] INFO training_time: 3095.8591046333313
[2026-02-09 11:01:58] INFO inference_time: 58.36113095283508
[2026-02-09 11:03:23] INFO {'epoch': 37, 'sport_5_ndcg@20': tensor(0.0266), 'sport_5_recall@20': tensor(0.0610), 'ndcg@20': tensor(0.0266), 'recall@20': tensor(0.0610), 'train_loss_0': tensor(0.4658, device='cuda:0')}
[2026-02-09 11:03:23] INFO training_time: 3179.0570430755615
[2026-02-09 11:03:23] INFO inference_time: 59.85080170631409
[2026-02-09 11:04:48] INFO {'epoch': 38, 'sport_5_ndcg@20': tensor(0.0265), 'sport_5_recall@20': tensor(0.0616), 'ndcg@20': tensor(0.0265), 'recall@20': tensor(0.0616), 'train_loss_0': tensor(0.4662, device='cuda:0')}
[2026-02-09 11:04:48] INFO training_time: 3262.3948571681976
[2026-02-09 11:04:48] INFO inference_time: 61.34568691253662
[2026-02-09 11:06:12] INFO {'epoch': 39, 'sport_5_ndcg@20': tensor(0.0269), 'sport_5_recall@20': tensor(0.0615), 'ndcg@20': tensor(0.0269), 'recall@20': tensor(0.0615), 'train_loss_0': tensor(0.4670, device='cuda:0')}
[2026-02-09 11:06:12] INFO training_time: 3345.6719872951508
[2026-02-09 11:06:12] INFO inference_time: 62.773640155792236
[2026-02-09 11:07:37] INFO {'epoch': 40, 'sport_5_ndcg@20': tensor(0.0264), 'sport_5_recall@20': tensor(0.0612), 'ndcg@20': tensor(0.0264), 'recall@20': tensor(0.0612), 'train_loss_0': tensor(0.4616, device='cuda:0')}
[2026-02-09 11:07:37] INFO training_time: 3428.8819813728333
[2026-02-09 11:07:37] INFO inference_time: 64.51713800430298
[2026-02-09 11:09:02] INFO {'epoch': 41, 'sport_5_ndcg@20': tensor(0.0261), 'sport_5_recall@20': tensor(0.0608), 'ndcg@20': tensor(0.0261), 'recall@20': tensor(0.0608), 'train_loss_0': tensor(0.4595, device='cuda:0')}
[2026-02-09 11:09:02] INFO training_time: 3512.176357269287
[2026-02-09 11:09:02] INFO inference_time: 65.83441090583801
[2026-02-09 11:10:27] INFO {'epoch': 42, 'sport_5_ndcg@20': tensor(0.0270), 'sport_5_recall@20': tensor(0.0618), 'ndcg@20': tensor(0.0270), 'recall@20': tensor(0.0618), 'train_loss_0': tensor(0.4582, device='cuda:0')}
[2026-02-09 11:10:27] INFO training_time: 3595.463287115097
[2026-02-09 11:10:27] INFO inference_time: 67.46509456634521
[2026-02-09 11:11:52] INFO {'epoch': 43, 'sport_5_ndcg@20': tensor(0.0270), 'sport_5_recall@20': tensor(0.0631), 'ndcg@20': tensor(0.0270), 'recall@20': tensor(0.0631), 'train_loss_0': tensor(0.4562, device='cuda:0')}
[2026-02-09 11:11:52] INFO training_time: 3678.5897872447968
[2026-02-09 11:11:52] INFO inference_time: 68.9553816318512
[2026-02-09 11:13:16] INFO {'epoch': 44, 'sport_5_ndcg@20': tensor(0.0265), 'sport_5_recall@20': tensor(0.0616), 'ndcg@20': tensor(0.0265), 'recall@20': tensor(0.0616), 'train_loss_0': tensor(0.4542, device='cuda:0')}
[2026-02-09 11:13:16] INFO training_time: 3761.7545232772827
[2026-02-09 11:13:16] INFO inference_time: 70.40684580802917
[2026-02-09 11:14:41] INFO {'epoch': 45, 'sport_5_ndcg@20': tensor(0.0258), 'sport_5_recall@20': tensor(0.0611), 'ndcg@20': tensor(0.0258), 'recall@20': tensor(0.0611), 'train_loss_0': tensor(0.4551, device='cuda:0')}
[2026-02-09 11:14:41] INFO training_time: 3845.0988476276398
[2026-02-09 11:14:41] INFO inference_time: 71.76303029060364
[2026-02-09 11:16:05] INFO {'epoch': 46, 'sport_5_ndcg@20': tensor(0.0266), 'sport_5_recall@20': tensor(0.0619), 'ndcg@20': tensor(0.0266), 'recall@20': tensor(0.0619), 'train_loss_0': tensor(0.4540, device='cuda:0')}
[2026-02-09 11:16:05] INFO training_time: 3928.238668680191
[2026-02-09 11:16:05] INFO inference_time: 73.15706944465637
[2026-02-09 11:17:30] INFO {'epoch': 47, 'sport_5_ndcg@20': tensor(0.0274), 'sport_5_recall@20': tensor(0.0631), 'ndcg@20': tensor(0.0274), 'recall@20': tensor(0.0631), 'train_loss_0': tensor(0.4538, device='cuda:0')}
[2026-02-09 11:17:30] INFO training_time: 4011.2513258457184
[2026-02-09 11:17:30] INFO inference_time: 74.51097798347473
[2026-02-09 11:17:30] INFO ndcg@20 improved. Best value: 0.0274
[2026-02-09 11:17:30] INFO Best model checkpoint saved in saved/SASRec/noisy_5/2026-02-09-10-09-11-897324.ckpt.
[2026-02-09 11:18:52] INFO {'epoch': 48, 'sport_5_ndcg@20': tensor(0.0263), 'sport_5_recall@20': tensor(0.0610), 'ndcg@20': tensor(0.0263), 'recall@20': tensor(0.0610), 'train_loss_0': tensor(0.4493, device='cuda:0')}
[2026-02-09 11:18:52] INFO training_time: 4092.2204706668854
[2026-02-09 11:18:52] INFO inference_time: 75.94576978683472
[2026-02-09 11:20:06] INFO {'epoch': 49, 'sport_5_ndcg@20': tensor(0.0264), 'sport_5_recall@20': tensor(0.0616), 'ndcg@20': tensor(0.0264), 'recall@20': tensor(0.0616), 'train_loss_0': tensor(0.4482, device='cuda:0')}
[2026-02-09 11:20:06] INFO training_time: 4164.805154085159
[2026-02-09 11:20:06] INFO inference_time: 77.39639377593994
[2026-02-09 11:21:21] INFO {'epoch': 50, 'sport_5_ndcg@20': tensor(0.0266), 'sport_5_recall@20': tensor(0.0616), 'ndcg@20': tensor(0.0266), 'recall@20': tensor(0.0616), 'train_loss_0': tensor(0.4499, device='cuda:0')}
[2026-02-09 11:21:21] INFO training_time: 4237.324557542801
[2026-02-09 11:21:21] INFO inference_time: 79.3185625076294
[2026-02-09 11:22:35] INFO {'epoch': 51, 'sport_5_ndcg@20': tensor(0.0264), 'sport_5_recall@20': tensor(0.0617), 'ndcg@20': tensor(0.0264), 'recall@20': tensor(0.0617), 'train_loss_0': tensor(0.4472, device='cuda:0')}
[2026-02-09 11:22:35] INFO training_time: 4310.3119032382965
[2026-02-09 11:22:35] INFO inference_time: 80.75692629814148
[2026-02-09 11:23:49] INFO {'epoch': 52, 'sport_5_ndcg@20': tensor(0.0268), 'sport_5_recall@20': tensor(0.0623), 'ndcg@20': tensor(0.0268), 'recall@20': tensor(0.0623), 'train_loss_0': tensor(0.4467, device='cuda:0')}
[2026-02-09 11:23:49] INFO training_time: 4383.01153755188
[2026-02-09 11:23:49] INFO inference_time: 82.22980570793152
[2026-02-09 11:25:04] INFO {'epoch': 53, 'sport_5_ndcg@20': tensor(0.0261), 'sport_5_recall@20': tensor(0.0608), 'ndcg@20': tensor(0.0261), 'recall@20': tensor(0.0608), 'train_loss_0': tensor(0.4461, device='cuda:0')}
[2026-02-09 11:25:04] INFO training_time: 4455.890662908554
[2026-02-09 11:25:04] INFO inference_time: 83.73975539207458
[2026-02-09 11:26:18] INFO {'epoch': 54, 'sport_5_ndcg@20': tensor(0.0252), 'sport_5_recall@20': tensor(0.0581), 'ndcg@20': tensor(0.0252), 'recall@20': tensor(0.0581), 'train_loss_0': tensor(0.4431, device='cuda:0')}
[2026-02-09 11:26:18] INFO training_time: 4529.030735492706
[2026-02-09 11:26:18] INFO inference_time: 85.09459400177002
[2026-02-09 11:27:33] INFO {'epoch': 55, 'sport_5_ndcg@20': tensor(0.0264), 'sport_5_recall@20': tensor(0.0614), 'ndcg@20': tensor(0.0264), 'recall@20': tensor(0.0614), 'train_loss_0': tensor(0.4423, device='cuda:0')}
[2026-02-09 11:27:33] INFO training_time: 4602.18322634697
[2026-02-09 11:27:33] INFO inference_time: 86.5739336013794
[2026-02-09 11:28:47] INFO {'epoch': 56, 'sport_5_ndcg@20': tensor(0.0261), 'sport_5_recall@20': tensor(0.0618), 'ndcg@20': tensor(0.0261), 'recall@20': tensor(0.0618), 'train_loss_0': tensor(0.4423, device='cuda:0')}
[2026-02-09 11:28:47] INFO training_time: 4675.255840778351
[2026-02-09 11:28:47] INFO inference_time: 87.99916625022888
[2026-02-09 11:30:02] INFO {'epoch': 57, 'sport_5_ndcg@20': tensor(0.0252), 'sport_5_recall@20': tensor(0.0589), 'ndcg@20': tensor(0.0252), 'recall@20': tensor(0.0589), 'train_loss_0': tensor(0.4379, device='cuda:0')}
[2026-02-09 11:30:02] INFO training_time: 4748.523106813431
[2026-02-09 11:30:02] INFO inference_time: 89.4446496963501
[2026-02-09 11:31:16] INFO {'epoch': 58, 'sport_5_ndcg@20': tensor(0.0261), 'sport_5_recall@20': tensor(0.0608), 'ndcg@20': tensor(0.0261), 'recall@20': tensor(0.0608), 'train_loss_0': tensor(0.4418, device='cuda:0')}
[2026-02-09 11:31:16] INFO training_time: 4821.430316925049
[2026-02-09 11:31:16] INFO inference_time: 90.79798531532288
[2026-02-09 11:32:31] INFO {'epoch': 59, 'sport_5_ndcg@20': tensor(0.0261), 'sport_5_recall@20': tensor(0.0617), 'ndcg@20': tensor(0.0261), 'recall@20': tensor(0.0617), 'train_loss_0': tensor(0.4387, device='cuda:0')}
[2026-02-09 11:32:31] INFO training_time: 4894.630361795425
[2026-02-09 11:32:31] INFO inference_time: 92.20497059822083
[2026-02-09 11:33:46] INFO {'epoch': 60, 'sport_5_ndcg@20': tensor(0.0262), 'sport_5_recall@20': tensor(0.0612), 'ndcg@20': tensor(0.0262), 'recall@20': tensor(0.0612), 'train_loss_0': tensor(0.4364, device='cuda:0')}
[2026-02-09 11:33:46] INFO training_time: 4967.612181186676
[2026-02-09 11:33:46] INFO inference_time: 94.12466239929199
[2026-02-09 11:35:00] INFO {'epoch': 61, 'sport_5_ndcg@20': tensor(0.0267), 'sport_5_recall@20': tensor(0.0623), 'ndcg@20': tensor(0.0267), 'recall@20': tensor(0.0623), 'train_loss_0': tensor(0.4359, device='cuda:0')}
[2026-02-09 11:35:00] INFO training_time: 5040.710836648941
[2026-02-09 11:35:00] INFO inference_time: 95.48353552818298
[2026-02-09 11:36:15] INFO {'epoch': 62, 'sport_5_ndcg@20': tensor(0.0263), 'sport_5_recall@20': tensor(0.0615), 'ndcg@20': tensor(0.0263), 'recall@20': tensor(0.0615), 'train_loss_0': tensor(0.4345, device='cuda:0')}
[2026-02-09 11:36:15] INFO training_time: 5113.7844450473785
[2026-02-09 11:36:15] INFO inference_time: 96.86795139312744
[2026-02-09 11:37:30] INFO {'epoch': 63, 'sport_5_ndcg@20': tensor(0.0270), 'sport_5_recall@20': tensor(0.0635), 'ndcg@20': tensor(0.0270), 'recall@20': tensor(0.0635), 'train_loss_0': tensor(0.4364, device='cuda:0')}
[2026-02-09 11:37:30] INFO training_time: 5187.053962230682
[2026-02-09 11:37:30] INFO inference_time: 98.32282209396362
[2026-02-09 11:38:42] INFO {'epoch': 64, 'sport_5_ndcg@20': tensor(0.0265), 'sport_5_recall@20': tensor(0.0611), 'ndcg@20': tensor(0.0265), 'recall@20': tensor(0.0611), 'train_loss_0': tensor(0.4345, device='cuda:0')}
[2026-02-09 11:38:42] INFO training_time: 5258.290309906006
[2026-02-09 11:38:42] INFO inference_time: 99.67454552650452
[2026-02-09 11:39:47] INFO {'epoch': 65, 'sport_5_ndcg@20': tensor(0.0266), 'sport_5_recall@20': tensor(0.0625), 'ndcg@20': tensor(0.0266), 'recall@20': tensor(0.0625), 'train_loss_0': tensor(0.4335, device='cuda:0')}
[2026-02-09 11:39:47] INFO training_time: 5321.321576356888
[2026-02-09 11:39:47] INFO inference_time: 101.05906772613525
[2026-02-09 11:40:51] INFO {'epoch': 66, 'sport_5_ndcg@20': tensor(0.0264), 'sport_5_recall@20': tensor(0.0609), 'ndcg@20': tensor(0.0264), 'recall@20': tensor(0.0609), 'train_loss_0': tensor(0.4334, device='cuda:0')}
[2026-02-09 11:40:51] INFO training_time: 5384.796937465668
[2026-02-09 11:40:51] INFO inference_time: 102.43251895904541
[2026-02-09 11:41:56] INFO {'epoch': 67, 'sport_5_ndcg@20': tensor(0.0263), 'sport_5_recall@20': tensor(0.0609), 'ndcg@20': tensor(0.0263), 'recall@20': tensor(0.0609), 'train_loss_0': tensor(0.4320, device='cuda:0')}
[2026-02-09 11:41:56] INFO training_time: 5448.162999391556
[2026-02-09 11:41:56] INFO inference_time: 103.85956883430481
[2026-02-09 11:41:56] INFO Early stopped. Since the metric ndcg@20 haven't been improved for 20 epochs.
[2026-02-09 11:41:56] INFO The best score of ndcg@20 is 0.0274 on epoch 47
[2026-02-09 11:41:56] INFO Best model checkpoint saved in saved/SASRec/noisy_5/2026-02-09-10-09-11-897324.ckpt.
[2026-02-09 11:41:58] INFO defaultdict(<class 'float'>, {'sport_5_ndcg@20': tensor(0.0207), 'sport_5_recall@20': tensor(0.0472), 'sport_5_ndcg@10': tensor(0.0167), 'sport_5_recall@10': tensor(0.0314), 'ndcg@20': tensor(0.0207), 'recall@20': tensor(0.0472), 'ndcg@10': tensor(0.0167), 'recall@10': tensor(0.0314)})
