[2026-02-09 16:05:53] INFO PID of this process: 3613221
[2026-02-09 16:06:05] INFO {'model': {'embed_dim': 64, 'loss_fn': 'bce', 'hidden_size': 128, 'layer_num': 2, 'head_num': 2, 'dropout_rate': 0.5, 'activation': 'gelu', 'layer_norm_eps': 1e-12, 'model': 'SASRec'}, 'data': {'domain_name_list': ['sport_5'], 'user_threshold': 5, 'item_threshold': 5, 'max_seq_len': 50, 'dataset_class': 'general', 'train_file': '_regen', 'dataset': 'noisy_5'}, 'train': {'batch_size': 256, 'early_stop_mode': 'max', 'early_stop_patience': 20, 'epochs': 1000, 'device': 'cuda', 'optimizer': 'adam', 'learning_rate': 0.001, 'weight_decay': 0, 'num_neg': 1, 'seed': 2025}, 'eval': {'batch_size': 2048, 'cutoff': [20, 10], 'val_metrics': ['ndcg', 'recall'], 'test_metrics': ['ndcg', 'recall'], 'topk': 100, 'save_path': './saved/'}}
[2026-02-09 16:06:05] INFO <data.dataset.SeparateDataset object at 0x7fa90a6091c0>
[2026-02-09 16:06:06] INFO save_dir:saved
[2026-02-09 16:06:06] INFO SASRec(
  (item_embedding): Embedding(18358, 64, padding_idx=0)
  (query_encoder): SASRecQueryEncoder(
    (item_encoder): Embedding(18358, 64, padding_idx=0)
    (position_emb): Embedding(50, 64)
    (transformer_layer): TransformerEncoder(
      (layers): ModuleList(
        (0): TransformerEncoderLayer(
          (self_attn): MultiheadAttention(
            (out_proj): NonDynamicallyQuantizableLinear(in_features=64, out_features=64, bias=True)
          )
          (linear1): Linear(in_features=64, out_features=128, bias=True)
          (dropout): Dropout(p=0.5, inplace=False)
          (linear2): Linear(in_features=128, out_features=64, bias=True)
          (norm1): LayerNorm((64,), eps=1e-12, elementwise_affine=True)
          (norm2): LayerNorm((64,), eps=1e-12, elementwise_affine=True)
          (dropout1): Dropout(p=0.5, inplace=False)
          (dropout2): Dropout(p=0.5, inplace=False)
        )
        (1): TransformerEncoderLayer(
          (self_attn): MultiheadAttention(
            (out_proj): NonDynamicallyQuantizableLinear(in_features=64, out_features=64, bias=True)
          )
          (linear1): Linear(in_features=64, out_features=128, bias=True)
          (dropout): Dropout(p=0.5, inplace=False)
          (linear2): Linear(in_features=128, out_features=64, bias=True)
          (norm1): LayerNorm((64,), eps=1e-12, elementwise_affine=True)
          (norm2): LayerNorm((64,), eps=1e-12, elementwise_affine=True)
          (dropout1): Dropout(p=0.5, inplace=False)
          (dropout2): Dropout(p=0.5, inplace=False)
        )
      )
    )
    (dropout): Dropout(p=0.5, inplace=False)
    (training_pooling_layer): SeqPoolingLayer()
    (eval_pooling_layer): SeqPoolingLayer()
  )
  (loss_fn): BinaryCrossEntropyLoss()
)
[2026-02-09 16:08:09] INFO {'epoch': 0, 'sport_5_ndcg@20': tensor(0.0103), 'sport_5_recall@20': tensor(0.0261), 'ndcg@20': tensor(0.0103), 'recall@20': tensor(0.0261), 'train_loss_0': tensor(1.1948, device='cuda:0')}
[2026-02-09 16:08:09] INFO training_time: 120.38460803031921
[2026-02-09 16:08:09] INFO inference_time: 2.5686326026916504
[2026-02-09 16:08:09] INFO ndcg@20 improved. Best value: 0.0103
[2026-02-09 16:08:09] INFO Best model checkpoint saved in saved/SASRec/noisy_5/2026-02-09-16-05-53-854053.ckpt.
[2026-02-09 16:10:10] INFO {'epoch': 1, 'sport_5_ndcg@20': tensor(0.0151), 'sport_5_recall@20': tensor(0.0389), 'ndcg@20': tensor(0.0151), 'recall@20': tensor(0.0389), 'train_loss_0': tensor(1.0308, device='cuda:0')}
[2026-02-09 16:10:10] INFO training_time: 239.73552775382996
[2026-02-09 16:10:10] INFO inference_time: 4.524738788604736
[2026-02-09 16:10:10] INFO ndcg@20 improved. Best value: 0.0151
[2026-02-09 16:10:10] INFO Best model checkpoint saved in saved/SASRec/noisy_5/2026-02-09-16-05-53-854053.ckpt.
[2026-02-09 16:12:10] INFO {'epoch': 2, 'sport_5_ndcg@20': tensor(0.0179), 'sport_5_recall@20': tensor(0.0433), 'ndcg@20': tensor(0.0179), 'recall@20': tensor(0.0433), 'train_loss_0': tensor(0.9120, device='cuda:0')}
[2026-02-09 16:12:10] INFO training_time: 358.47183442115784
[2026-02-09 16:12:10] INFO inference_time: 6.3538572788238525
[2026-02-09 16:12:10] INFO ndcg@20 improved. Best value: 0.0179
[2026-02-09 16:12:11] INFO Best model checkpoint saved in saved/SASRec/noisy_5/2026-02-09-16-05-53-854053.ckpt.
[2026-02-09 16:14:11] INFO {'epoch': 3, 'sport_5_ndcg@20': tensor(0.0208), 'sport_5_recall@20': tensor(0.0503), 'ndcg@20': tensor(0.0208), 'recall@20': tensor(0.0503), 'train_loss_0': tensor(0.8204, device='cuda:0')}
[2026-02-09 16:14:11] INFO training_time: 476.95205307006836
[2026-02-09 16:14:11] INFO inference_time: 8.261709451675415
[2026-02-09 16:14:11] INFO ndcg@20 improved. Best value: 0.0208
[2026-02-09 16:14:11] INFO Best model checkpoint saved in saved/SASRec/noisy_5/2026-02-09-16-05-53-854053.ckpt.
[2026-02-09 16:16:10] INFO {'epoch': 4, 'sport_5_ndcg@20': tensor(0.0216), 'sport_5_recall@20': tensor(0.0521), 'ndcg@20': tensor(0.0216), 'recall@20': tensor(0.0521), 'train_loss_0': tensor(0.7547, device='cuda:0')}
[2026-02-09 16:16:10] INFO training_time: 594.6776440143585
[2026-02-09 16:16:10] INFO inference_time: 9.82518744468689
[2026-02-09 16:16:10] INFO ndcg@20 improved. Best value: 0.0216
[2026-02-09 16:16:10] INFO Best model checkpoint saved in saved/SASRec/noisy_5/2026-02-09-16-05-53-854053.ckpt.
[2026-02-09 16:18:10] INFO {'epoch': 5, 'sport_5_ndcg@20': tensor(0.0226), 'sport_5_recall@20': tensor(0.0539), 'ndcg@20': tensor(0.0226), 'recall@20': tensor(0.0539), 'train_loss_0': tensor(0.7067, device='cuda:0')}
[2026-02-09 16:18:10] INFO training_time: 712.5621671676636
[2026-02-09 16:18:10] INFO inference_time: 11.630504369735718
[2026-02-09 16:18:10] INFO ndcg@20 improved. Best value: 0.0226
[2026-02-09 16:18:10] INFO Best model checkpoint saved in saved/SASRec/noisy_5/2026-02-09-16-05-53-854053.ckpt.
[2026-02-09 16:20:08] INFO {'epoch': 6, 'sport_5_ndcg@20': tensor(0.0218), 'sport_5_recall@20': tensor(0.0522), 'ndcg@20': tensor(0.0218), 'recall@20': tensor(0.0522), 'train_loss_0': tensor(0.6696, device='cuda:0')}
[2026-02-09 16:20:09] INFO training_time: 829.2104780673981
[2026-02-09 16:20:09] INFO inference_time: 13.498384475708008
[2026-02-09 16:22:07] INFO {'epoch': 7, 'sport_5_ndcg@20': tensor(0.0233), 'sport_5_recall@20': tensor(0.0548), 'ndcg@20': tensor(0.0233), 'recall@20': tensor(0.0548), 'train_loss_0': tensor(0.6432, device='cuda:0')}
[2026-02-09 16:22:07] INFO training_time: 945.9559319019318
[2026-02-09 16:22:07] INFO inference_time: 15.145093441009521
[2026-02-09 16:22:07] INFO ndcg@20 improved. Best value: 0.0233
[2026-02-09 16:22:07] INFO Best model checkpoint saved in saved/SASRec/noisy_5/2026-02-09-16-05-53-854053.ckpt.
[2026-02-09 16:24:06] INFO {'epoch': 8, 'sport_5_ndcg@20': tensor(0.0243), 'sport_5_recall@20': tensor(0.0555), 'ndcg@20': tensor(0.0243), 'recall@20': tensor(0.0555), 'train_loss_0': tensor(0.6206, device='cuda:0')}
[2026-02-09 16:24:06] INFO training_time: 1062.966322183609
[2026-02-09 16:24:06] INFO inference_time: 16.88791012763977
[2026-02-09 16:24:06] INFO ndcg@20 improved. Best value: 0.0243
[2026-02-09 16:24:06] INFO Best model checkpoint saved in saved/SASRec/noisy_5/2026-02-09-16-05-53-854053.ckpt.
[2026-02-09 16:26:03] INFO {'epoch': 9, 'sport_5_ndcg@20': tensor(0.0241), 'sport_5_recall@20': tensor(0.0551), 'ndcg@20': tensor(0.0241), 'recall@20': tensor(0.0551), 'train_loss_0': tensor(0.6020, device='cuda:0')}
[2026-02-09 16:26:03] INFO training_time: 1178.5554718971252
[2026-02-09 16:26:03] INFO inference_time: 18.665533781051636
[2026-02-09 16:28:01] INFO {'epoch': 10, 'sport_5_ndcg@20': tensor(0.0244), 'sport_5_recall@20': tensor(0.0562), 'ndcg@20': tensor(0.0244), 'recall@20': tensor(0.0562), 'train_loss_0': tensor(0.5890, device='cuda:0')}
[2026-02-09 16:28:01] INFO training_time: 1293.2775604724884
[2026-02-09 16:28:01] INFO inference_time: 21.587430715560913
[2026-02-09 16:28:01] INFO ndcg@20 improved. Best value: 0.0244
[2026-02-09 16:28:01] INFO Best model checkpoint saved in saved/SASRec/noisy_5/2026-02-09-16-05-53-854053.ckpt.
[2026-02-09 16:29:57] INFO {'epoch': 11, 'sport_5_ndcg@20': tensor(0.0244), 'sport_5_recall@20': tensor(0.0566), 'ndcg@20': tensor(0.0244), 'recall@20': tensor(0.0566), 'train_loss_0': tensor(0.5750, device='cuda:0')}
[2026-02-09 16:29:57] INFO training_time: 1407.609791278839
[2026-02-09 16:29:57] INFO inference_time: 23.609880685806274
[2026-02-09 16:31:54] INFO {'epoch': 12, 'sport_5_ndcg@20': tensor(0.0249), 'sport_5_recall@20': tensor(0.0581), 'ndcg@20': tensor(0.0249), 'recall@20': tensor(0.0581), 'train_loss_0': tensor(0.5663, device='cuda:0')}
[2026-02-09 16:31:54] INFO training_time: 1522.9222424030304
[2026-02-09 16:31:54] INFO inference_time: 25.488255500793457
[2026-02-09 16:31:54] INFO ndcg@20 improved. Best value: 0.0249
[2026-02-09 16:31:54] INFO Best model checkpoint saved in saved/SASRec/noisy_5/2026-02-09-16-05-53-854053.ckpt.
[2026-02-09 16:33:50] INFO {'epoch': 13, 'sport_5_ndcg@20': tensor(0.0241), 'sport_5_recall@20': tensor(0.0568), 'ndcg@20': tensor(0.0241), 'recall@20': tensor(0.0568), 'train_loss_0': tensor(0.5561, device='cuda:0')}
[2026-02-09 16:33:50] INFO training_time: 1636.6334645748138
[2026-02-09 16:33:50] INFO inference_time: 27.529687643051147
[2026-02-09 16:35:46] INFO {'epoch': 14, 'sport_5_ndcg@20': tensor(0.0243), 'sport_5_recall@20': tensor(0.0579), 'ndcg@20': tensor(0.0243), 'recall@20': tensor(0.0579), 'train_loss_0': tensor(0.5488, device='cuda:0')}
[2026-02-09 16:35:46] INFO training_time: 1751.1885232925415
[2026-02-09 16:35:46] INFO inference_time: 29.275827169418335
[2026-02-09 16:37:43] INFO {'epoch': 15, 'sport_5_ndcg@20': tensor(0.0244), 'sport_5_recall@20': tensor(0.0568), 'ndcg@20': tensor(0.0244), 'recall@20': tensor(0.0568), 'train_loss_0': tensor(0.5415, device='cuda:0')}
[2026-02-09 16:37:43] INFO training_time: 1866.2553706169128
[2026-02-09 16:37:43] INFO inference_time: 30.910442352294922
[2026-02-09 16:39:39] INFO {'epoch': 16, 'sport_5_ndcg@20': tensor(0.0248), 'sport_5_recall@20': tensor(0.0578), 'ndcg@20': tensor(0.0248), 'recall@20': tensor(0.0578), 'train_loss_0': tensor(0.5361, device='cuda:0')}
[2026-02-09 16:39:39] INFO training_time: 1980.3967790603638
[2026-02-09 16:39:39] INFO inference_time: 32.55642819404602
[2026-02-09 16:41:35] INFO {'epoch': 17, 'sport_5_ndcg@20': tensor(0.0253), 'sport_5_recall@20': tensor(0.0576), 'ndcg@20': tensor(0.0253), 'recall@20': tensor(0.0576), 'train_loss_0': tensor(0.5298, device='cuda:0')}
[2026-02-09 16:41:35] INFO training_time: 2094.7508985996246
[2026-02-09 16:41:35] INFO inference_time: 34.11395215988159
[2026-02-09 16:41:35] INFO ndcg@20 improved. Best value: 0.0253
[2026-02-09 16:41:35] INFO Best model checkpoint saved in saved/SASRec/noisy_5/2026-02-09-16-05-53-854053.ckpt.
[2026-02-09 16:43:32] INFO {'epoch': 18, 'sport_5_ndcg@20': tensor(0.0250), 'sport_5_recall@20': tensor(0.0579), 'ndcg@20': tensor(0.0250), 'recall@20': tensor(0.0579), 'train_loss_0': tensor(0.5256, device='cuda:0')}
[2026-02-09 16:43:32] INFO training_time: 2209.8000078201294
[2026-02-09 16:43:32] INFO inference_time: 35.787625551223755
[2026-02-09 16:45:29] INFO {'epoch': 19, 'sport_5_ndcg@20': tensor(0.0248), 'sport_5_recall@20': tensor(0.0588), 'ndcg@20': tensor(0.0248), 'recall@20': tensor(0.0588), 'train_loss_0': tensor(0.5188, device='cuda:0')}
[2026-02-09 16:45:29] INFO training_time: 2325.72833442688
[2026-02-09 16:45:29] INFO inference_time: 37.4380784034729
[2026-02-09 16:47:28] INFO {'epoch': 20, 'sport_5_ndcg@20': tensor(0.0243), 'sport_5_recall@20': tensor(0.0576), 'ndcg@20': tensor(0.0243), 'recall@20': tensor(0.0576), 'train_loss_0': tensor(0.5134, device='cuda:0')}
[2026-02-09 16:47:28] INFO training_time: 2441.958927154541
[2026-02-09 16:47:28] INFO inference_time: 40.021342515945435
[2026-02-09 16:49:25] INFO {'epoch': 21, 'sport_5_ndcg@20': tensor(0.0251), 'sport_5_recall@20': tensor(0.0587), 'ndcg@20': tensor(0.0251), 'recall@20': tensor(0.0587), 'train_loss_0': tensor(0.5111, device='cuda:0')}
[2026-02-09 16:49:25] INFO training_time: 2557.5205249786377
[2026-02-09 16:49:25] INFO inference_time: 41.7366156578064
[2026-02-09 16:51:23] INFO {'epoch': 22, 'sport_5_ndcg@20': tensor(0.0259), 'sport_5_recall@20': tensor(0.0591), 'ndcg@20': tensor(0.0259), 'recall@20': tensor(0.0591), 'train_loss_0': tensor(0.5061, device='cuda:0')}
[2026-02-09 16:51:23] INFO training_time: 2672.92462015152
[2026-02-09 16:51:23] INFO inference_time: 43.50279140472412
[2026-02-09 16:51:23] INFO ndcg@20 improved. Best value: 0.0259
[2026-02-09 16:51:23] INFO Best model checkpoint saved in saved/SASRec/noisy_5/2026-02-09-16-05-53-854053.ckpt.
[2026-02-09 16:53:19] INFO {'epoch': 23, 'sport_5_ndcg@20': tensor(0.0250), 'sport_5_recall@20': tensor(0.0580), 'ndcg@20': tensor(0.0250), 'recall@20': tensor(0.0580), 'train_loss_0': tensor(0.5033, device='cuda:0')}
[2026-02-09 16:53:19] INFO training_time: 2787.1227004528046
[2026-02-09 16:53:19] INFO inference_time: 45.251187562942505
[2026-02-09 16:55:16] INFO {'epoch': 24, 'sport_5_ndcg@20': tensor(0.0251), 'sport_5_recall@20': tensor(0.0581), 'ndcg@20': tensor(0.0251), 'recall@20': tensor(0.0581), 'train_loss_0': tensor(0.4970, device='cuda:0')}
[2026-02-09 16:55:16] INFO training_time: 2902.735193490982
[2026-02-09 16:55:16] INFO inference_time: 46.8521192073822
[2026-02-09 16:57:13] INFO {'epoch': 25, 'sport_5_ndcg@20': tensor(0.0253), 'sport_5_recall@20': tensor(0.0585), 'ndcg@20': tensor(0.0253), 'recall@20': tensor(0.0585), 'train_loss_0': tensor(0.4944, device='cuda:0')}
[2026-02-09 16:57:13] INFO training_time: 3018.301560163498
[2026-02-09 16:57:13] INFO inference_time: 48.61756777763367
[2026-02-09 16:59:11] INFO {'epoch': 26, 'sport_5_ndcg@20': tensor(0.0259), 'sport_5_recall@20': tensor(0.0596), 'ndcg@20': tensor(0.0259), 'recall@20': tensor(0.0596), 'train_loss_0': tensor(0.4916, device='cuda:0')}
[2026-02-09 16:59:11] INFO training_time: 3134.2740547657013
[2026-02-09 16:59:11] INFO inference_time: 50.22111916542053
[2026-02-09 17:01:08] INFO {'epoch': 27, 'sport_5_ndcg@20': tensor(0.0256), 'sport_5_recall@20': tensor(0.0605), 'ndcg@20': tensor(0.0256), 'recall@20': tensor(0.0605), 'train_loss_0': tensor(0.4896, device='cuda:0')}
[2026-02-09 17:01:08] INFO training_time: 3250.001714706421
[2026-02-09 17:01:08] INFO inference_time: 51.88107419013977
[2026-02-09 17:03:05] INFO {'epoch': 28, 'sport_5_ndcg@20': tensor(0.0256), 'sport_5_recall@20': tensor(0.0592), 'ndcg@20': tensor(0.0256), 'recall@20': tensor(0.0592), 'train_loss_0': tensor(0.4867, device='cuda:0')}
[2026-02-09 17:03:05] INFO training_time: 3365.216101169586
[2026-02-09 17:03:05] INFO inference_time: 53.46420216560364
[2026-02-09 17:05:02] INFO {'epoch': 29, 'sport_5_ndcg@20': tensor(0.0250), 'sport_5_recall@20': tensor(0.0595), 'ndcg@20': tensor(0.0250), 'recall@20': tensor(0.0595), 'train_loss_0': tensor(0.4842, device='cuda:0')}
[2026-02-09 17:05:02] INFO training_time: 3480.2879252433777
[2026-02-09 17:05:02] INFO inference_time: 55.18126320838928
[2026-02-09 17:07:00] INFO {'epoch': 30, 'sport_5_ndcg@20': tensor(0.0249), 'sport_5_recall@20': tensor(0.0583), 'ndcg@20': tensor(0.0249), 'recall@20': tensor(0.0583), 'train_loss_0': tensor(0.4798, device='cuda:0')}
[2026-02-09 17:07:00] INFO training_time: 3595.53821349144
[2026-02-09 17:07:00] INFO inference_time: 57.705267906188965
[2026-02-09 17:08:57] INFO {'epoch': 31, 'sport_5_ndcg@20': tensor(0.0258), 'sport_5_recall@20': tensor(0.0597), 'ndcg@20': tensor(0.0258), 'recall@20': tensor(0.0597), 'train_loss_0': tensor(0.4799, device='cuda:0')}
[2026-02-09 17:08:57] INFO training_time: 3711.8130583763123
[2026-02-09 17:08:57] INFO inference_time: 59.15516781806946
[2026-02-09 17:10:54] INFO {'epoch': 32, 'sport_5_ndcg@20': tensor(0.0255), 'sport_5_recall@20': tensor(0.0587), 'ndcg@20': tensor(0.0255), 'recall@20': tensor(0.0587), 'train_loss_0': tensor(0.4764, device='cuda:0')}
[2026-02-09 17:10:54] INFO training_time: 3826.6724655628204
[2026-02-09 17:10:54] INFO inference_time: 60.69632863998413
[2026-02-09 17:12:50] INFO {'epoch': 33, 'sport_5_ndcg@20': tensor(0.0263), 'sport_5_recall@20': tensor(0.0613), 'ndcg@20': tensor(0.0263), 'recall@20': tensor(0.0613), 'train_loss_0': tensor(0.4737, device='cuda:0')}
[2026-02-09 17:12:50] INFO training_time: 3941.8878931999207
[2026-02-09 17:12:50] INFO inference_time: 62.16747212409973
[2026-02-09 17:12:50] INFO ndcg@20 improved. Best value: 0.0263
[2026-02-09 17:12:50] INFO Best model checkpoint saved in saved/SASRec/noisy_5/2026-02-09-16-05-53-854053.ckpt.
[2026-02-09 17:14:47] INFO {'epoch': 34, 'sport_5_ndcg@20': tensor(0.0251), 'sport_5_recall@20': tensor(0.0587), 'ndcg@20': tensor(0.0251), 'recall@20': tensor(0.0587), 'train_loss_0': tensor(0.4739, device='cuda:0')}
[2026-02-09 17:14:47] INFO training_time: 4057.145758152008
[2026-02-09 17:14:47] INFO inference_time: 63.71032953262329
[2026-02-09 17:16:43] INFO {'epoch': 35, 'sport_5_ndcg@20': tensor(0.0260), 'sport_5_recall@20': tensor(0.0598), 'ndcg@20': tensor(0.0260), 'recall@20': tensor(0.0598), 'train_loss_0': tensor(0.4702, device='cuda:0')}
[2026-02-09 17:16:43] INFO training_time: 4171.518791675568
[2026-02-09 17:16:43] INFO inference_time: 65.31059718132019
[2026-02-09 17:18:39] INFO {'epoch': 36, 'sport_5_ndcg@20': tensor(0.0260), 'sport_5_recall@20': tensor(0.0602), 'ndcg@20': tensor(0.0260), 'recall@20': tensor(0.0602), 'train_loss_0': tensor(0.4704, device='cuda:0')}
[2026-02-09 17:18:39] INFO training_time: 4286.081174135208
[2026-02-09 17:18:39] INFO inference_time: 66.69453644752502
[2026-02-09 17:20:35] INFO {'epoch': 37, 'sport_5_ndcg@20': tensor(0.0254), 'sport_5_recall@20': tensor(0.0589), 'ndcg@20': tensor(0.0254), 'recall@20': tensor(0.0589), 'train_loss_0': tensor(0.4673, device='cuda:0')}
[2026-02-09 17:20:35] INFO training_time: 4400.303556919098
[2026-02-09 17:20:35] INFO inference_time: 68.26548337936401
[2026-02-09 17:22:31] INFO {'epoch': 38, 'sport_5_ndcg@20': tensor(0.0260), 'sport_5_recall@20': tensor(0.0600), 'ndcg@20': tensor(0.0260), 'recall@20': tensor(0.0600), 'train_loss_0': tensor(0.4640, device='cuda:0')}
[2026-02-09 17:22:31] INFO training_time: 4514.8741154670715
[2026-02-09 17:22:31] INFO inference_time: 69.85457420349121
[2026-02-09 17:24:27] INFO {'epoch': 39, 'sport_5_ndcg@20': tensor(0.0259), 'sport_5_recall@20': tensor(0.0600), 'ndcg@20': tensor(0.0259), 'recall@20': tensor(0.0600), 'train_loss_0': tensor(0.4630, device='cuda:0')}
[2026-02-09 17:24:27] INFO training_time: 4628.899777173996
[2026-02-09 17:24:27] INFO inference_time: 71.5037739276886
[2026-02-09 17:26:23] INFO {'epoch': 40, 'sport_5_ndcg@20': tensor(0.0264), 'sport_5_recall@20': tensor(0.0608), 'ndcg@20': tensor(0.0264), 'recall@20': tensor(0.0608), 'train_loss_0': tensor(0.4616, device='cuda:0')}
[2026-02-09 17:26:23] INFO training_time: 4742.7632575035095
[2026-02-09 17:26:23] INFO inference_time: 73.98979783058167
[2026-02-09 17:26:23] INFO ndcg@20 improved. Best value: 0.0264
[2026-02-09 17:26:23] INFO Best model checkpoint saved in saved/SASRec/noisy_5/2026-02-09-16-05-53-854053.ckpt.
[2026-02-09 17:28:20] INFO {'epoch': 41, 'sport_5_ndcg@20': tensor(0.0265), 'sport_5_recall@20': tensor(0.0616), 'ndcg@20': tensor(0.0265), 'recall@20': tensor(0.0616), 'train_loss_0': tensor(0.4603, device='cuda:0')}
[2026-02-09 17:28:20] INFO training_time: 4858.039025306702
[2026-02-09 17:28:20] INFO inference_time: 75.5627601146698
[2026-02-09 17:28:20] INFO ndcg@20 improved. Best value: 0.0265
[2026-02-09 17:28:20] INFO Best model checkpoint saved in saved/SASRec/noisy_5/2026-02-09-16-05-53-854053.ckpt.
[2026-02-09 17:30:11] INFO {'epoch': 42, 'sport_5_ndcg@20': tensor(0.0254), 'sport_5_recall@20': tensor(0.0597), 'ndcg@20': tensor(0.0254), 'recall@20': tensor(0.0597), 'train_loss_0': tensor(0.4584, device='cuda:0')}
[2026-02-09 17:30:11] INFO training_time: 4967.378570556641
[2026-02-09 17:30:11] INFO inference_time: 77.1149582862854
[2026-02-09 17:31:57] INFO {'epoch': 43, 'sport_5_ndcg@20': tensor(0.0257), 'sport_5_recall@20': tensor(0.0600), 'ndcg@20': tensor(0.0257), 'recall@20': tensor(0.0600), 'train_loss_0': tensor(0.4585, device='cuda:0')}
[2026-02-09 17:31:57] INFO training_time: 5071.627159833908
[2026-02-09 17:31:57] INFO inference_time: 78.8147644996643
[2026-02-09 17:33:43] INFO {'epoch': 44, 'sport_5_ndcg@20': tensor(0.0257), 'sport_5_recall@20': tensor(0.0593), 'ndcg@20': tensor(0.0257), 'recall@20': tensor(0.0593), 'train_loss_0': tensor(0.4551, device='cuda:0')}
[2026-02-09 17:33:43] INFO training_time: 5175.737663984299
[2026-02-09 17:33:43] INFO inference_time: 80.36662101745605
[2026-02-09 17:35:27] INFO {'epoch': 45, 'sport_5_ndcg@20': tensor(0.0263), 'sport_5_recall@20': tensor(0.0602), 'ndcg@20': tensor(0.0263), 'recall@20': tensor(0.0602), 'train_loss_0': tensor(0.4520, device='cuda:0')}
[2026-02-09 17:35:27] INFO training_time: 5278.182507991791
[2026-02-09 17:35:27] INFO inference_time: 81.86402177810669
[2026-02-09 17:37:11] INFO {'epoch': 46, 'sport_5_ndcg@20': tensor(0.0267), 'sport_5_recall@20': tensor(0.0621), 'ndcg@20': tensor(0.0267), 'recall@20': tensor(0.0621), 'train_loss_0': tensor(0.4540, device='cuda:0')}
[2026-02-09 17:37:11] INFO training_time: 5381.006362915039
[2026-02-09 17:37:11] INFO inference_time: 83.54427790641785
[2026-02-09 17:37:11] INFO ndcg@20 improved. Best value: 0.0267
[2026-02-09 17:37:11] INFO Best model checkpoint saved in saved/SASRec/noisy_5/2026-02-09-16-05-53-854053.ckpt.
[2026-02-09 17:38:56] INFO {'epoch': 47, 'sport_5_ndcg@20': tensor(0.0261), 'sport_5_recall@20': tensor(0.0608), 'ndcg@20': tensor(0.0261), 'recall@20': tensor(0.0608), 'train_loss_0': tensor(0.4503, device='cuda:0')}
[2026-02-09 17:38:56] INFO training_time: 5483.862268924713
[2026-02-09 17:38:56] INFO inference_time: 85.34786343574524
[2026-02-09 17:40:40] INFO {'epoch': 48, 'sport_5_ndcg@20': tensor(0.0265), 'sport_5_recall@20': tensor(0.0614), 'ndcg@20': tensor(0.0265), 'recall@20': tensor(0.0614), 'train_loss_0': tensor(0.4487, device='cuda:0')}
[2026-02-09 17:40:40] INFO training_time: 5586.745017051697
[2026-02-09 17:40:40] INFO inference_time: 87.06016373634338
[2026-02-09 17:42:25] INFO {'epoch': 49, 'sport_5_ndcg@20': tensor(0.0258), 'sport_5_recall@20': tensor(0.0590), 'ndcg@20': tensor(0.0258), 'recall@20': tensor(0.0590), 'train_loss_0': tensor(0.4490, device='cuda:0')}
[2026-02-09 17:42:25] INFO training_time: 5689.602018117905
[2026-02-09 17:42:25] INFO inference_time: 89.05979418754578
[2026-02-09 17:44:13] INFO {'epoch': 50, 'sport_5_ndcg@20': tensor(0.0262), 'sport_5_recall@20': tensor(0.0605), 'ndcg@20': tensor(0.0262), 'recall@20': tensor(0.0605), 'train_loss_0': tensor(0.4486, device='cuda:0')}
[2026-02-09 17:44:13] INFO training_time: 5793.774997472763
[2026-02-09 17:44:13] INFO inference_time: 92.93447065353394
[2026-02-09 17:45:58] INFO {'epoch': 51, 'sport_5_ndcg@20': tensor(0.0260), 'sport_5_recall@20': tensor(0.0596), 'ndcg@20': tensor(0.0260), 'recall@20': tensor(0.0596), 'train_loss_0': tensor(0.4478, device='cuda:0')}
[2026-02-09 17:45:58] INFO training_time: 5897.109188079834
[2026-02-09 17:45:58] INFO inference_time: 94.67029166221619
[2026-02-09 17:47:44] INFO {'epoch': 52, 'sport_5_ndcg@20': tensor(0.0260), 'sport_5_recall@20': tensor(0.0611), 'ndcg@20': tensor(0.0260), 'recall@20': tensor(0.0611), 'train_loss_0': tensor(0.4472, device='cuda:0')}
[2026-02-09 17:47:44] INFO training_time: 6000.680951356888
[2026-02-09 17:47:44] INFO inference_time: 96.29690170288086
[2026-02-09 17:49:30] INFO {'epoch': 53, 'sport_5_ndcg@20': tensor(0.0268), 'sport_5_recall@20': tensor(0.0614), 'ndcg@20': tensor(0.0268), 'recall@20': tensor(0.0614), 'train_loss_0': tensor(0.4430, device='cuda:0')}
[2026-02-09 17:49:30] INFO training_time: 6105.006893396378
[2026-02-09 17:49:30] INFO inference_time: 97.93029761314392
[2026-02-09 17:49:30] INFO ndcg@20 improved. Best value: 0.0268
[2026-02-09 17:49:30] INFO Best model checkpoint saved in saved/SASRec/noisy_5/2026-02-09-16-05-53-854053.ckpt.
[2026-02-09 17:51:13] INFO {'epoch': 54, 'sport_5_ndcg@20': tensor(0.0272), 'sport_5_recall@20': tensor(0.0612), 'ndcg@20': tensor(0.0272), 'recall@20': tensor(0.0612), 'train_loss_0': tensor(0.4447, device='cuda:0')}
[2026-02-09 17:51:13] INFO training_time: 6206.82395029068
[2026-02-09 17:51:13] INFO inference_time: 99.7216112613678
[2026-02-09 17:51:13] INFO ndcg@20 improved. Best value: 0.0272
[2026-02-09 17:51:13] INFO Best model checkpoint saved in saved/SASRec/noisy_5/2026-02-09-16-05-53-854053.ckpt.
[2026-02-09 17:52:59] INFO {'epoch': 55, 'sport_5_ndcg@20': tensor(0.0269), 'sport_5_recall@20': tensor(0.0627), 'ndcg@20': tensor(0.0269), 'recall@20': tensor(0.0627), 'train_loss_0': tensor(0.4426, device='cuda:0')}
[2026-02-09 17:52:59] INFO training_time: 6311.095893859863
[2026-02-09 17:52:59] INFO inference_time: 101.40250658988953
[2026-02-09 17:54:45] INFO {'epoch': 56, 'sport_5_ndcg@20': tensor(0.0265), 'sport_5_recall@20': tensor(0.0617), 'ndcg@20': tensor(0.0265), 'recall@20': tensor(0.0617), 'train_loss_0': tensor(0.4420, device='cuda:0')}
[2026-02-09 17:54:45] INFO training_time: 6415.166348218918
[2026-02-09 17:54:45] INFO inference_time: 103.14060139656067
[2026-02-09 17:56:31] INFO {'epoch': 57, 'sport_5_ndcg@20': tensor(0.0268), 'sport_5_recall@20': tensor(0.0618), 'ndcg@20': tensor(0.0268), 'recall@20': tensor(0.0618), 'train_loss_0': tensor(0.4416, device='cuda:0')}
[2026-02-09 17:56:31] INFO training_time: 6518.90612244606
[2026-02-09 17:56:31] INFO inference_time: 104.9116587638855
[2026-02-09 17:58:16] INFO {'epoch': 58, 'sport_5_ndcg@20': tensor(0.0264), 'sport_5_recall@20': tensor(0.0601), 'ndcg@20': tensor(0.0264), 'recall@20': tensor(0.0601), 'train_loss_0': tensor(0.4400, device='cuda:0')}
[2026-02-09 17:58:16] INFO training_time: 6622.269756317139
[2026-02-09 17:58:16] INFO inference_time: 106.52139806747437
[2026-02-09 18:00:00] INFO {'epoch': 59, 'sport_5_ndcg@20': tensor(0.0264), 'sport_5_recall@20': tensor(0.0607), 'ndcg@20': tensor(0.0264), 'recall@20': tensor(0.0607), 'train_loss_0': tensor(0.4377, device='cuda:0')}
[2026-02-09 18:00:00] INFO training_time: 6725.377655982971
[2026-02-09 18:00:00] INFO inference_time: 108.11133813858032
[2026-02-09 18:01:47] INFO {'epoch': 60, 'sport_5_ndcg@20': tensor(0.0261), 'sport_5_recall@20': tensor(0.0619), 'ndcg@20': tensor(0.0261), 'recall@20': tensor(0.0619), 'train_loss_0': tensor(0.4357, device='cuda:0')}
[2026-02-09 18:01:47] INFO training_time: 6829.035233974457
[2026-02-09 18:01:47] INFO inference_time: 110.82119584083557
[2026-02-09 18:03:31] INFO {'epoch': 61, 'sport_5_ndcg@20': tensor(0.0264), 'sport_5_recall@20': tensor(0.0611), 'ndcg@20': tensor(0.0264), 'recall@20': tensor(0.0611), 'train_loss_0': tensor(0.4359, device='cuda:0')}
[2026-02-09 18:03:31] INFO training_time: 6931.8861656188965
[2026-02-09 18:03:31] INFO inference_time: 112.42112708091736
[2026-02-09 18:05:17] INFO {'epoch': 62, 'sport_5_ndcg@20': tensor(0.0258), 'sport_5_recall@20': tensor(0.0597), 'ndcg@20': tensor(0.0258), 'recall@20': tensor(0.0597), 'train_loss_0': tensor(0.4359, device='cuda:0')}
[2026-02-09 18:05:17] INFO training_time: 7036.385302782059
[2026-02-09 18:05:17] INFO inference_time: 113.96798515319824
[2026-02-09 18:07:02] INFO {'epoch': 63, 'sport_5_ndcg@20': tensor(0.0263), 'sport_5_recall@20': tensor(0.0607), 'ndcg@20': tensor(0.0263), 'recall@20': tensor(0.0607), 'train_loss_0': tensor(0.4347, device='cuda:0')}
[2026-02-09 18:07:02] INFO training_time: 7139.4282104969025
[2026-02-09 18:07:02] INFO inference_time: 115.75113296508789
[2026-02-09 18:08:47] INFO {'epoch': 64, 'sport_5_ndcg@20': tensor(0.0263), 'sport_5_recall@20': tensor(0.0610), 'ndcg@20': tensor(0.0263), 'recall@20': tensor(0.0610), 'train_loss_0': tensor(0.4361, device='cuda:0')}
[2026-02-09 18:08:47] INFO training_time: 7242.58781003952
[2026-02-09 18:08:47] INFO inference_time: 117.4039888381958
[2026-02-09 18:10:30] INFO {'epoch': 65, 'sport_5_ndcg@20': tensor(0.0265), 'sport_5_recall@20': tensor(0.0610), 'ndcg@20': tensor(0.0265), 'recall@20': tensor(0.0610), 'train_loss_0': tensor(0.4329, device='cuda:0')}
[2026-02-09 18:10:30] INFO training_time: 7344.483691453934
[2026-02-09 18:10:30] INFO inference_time: 118.95615243911743
[2026-02-09 18:12:04] INFO {'epoch': 66, 'sport_5_ndcg@20': tensor(0.0265), 'sport_5_recall@20': tensor(0.0609), 'ndcg@20': tensor(0.0265), 'recall@20': tensor(0.0609), 'train_loss_0': tensor(0.4302, device='cuda:0')}
[2026-02-09 18:12:04] INFO training_time: 7436.543541908264
[2026-02-09 18:12:04] INFO inference_time: 120.48796606063843
[2026-02-09 18:13:28] INFO {'epoch': 67, 'sport_5_ndcg@20': tensor(0.0268), 'sport_5_recall@20': tensor(0.0620), 'ndcg@20': tensor(0.0268), 'recall@20': tensor(0.0620), 'train_loss_0': tensor(0.4302, device='cuda:0')}
[2026-02-09 18:13:28] INFO training_time: 7518.843900203705
[2026-02-09 18:13:28] INFO inference_time: 122.12894940376282
[2026-02-09 18:14:51] INFO {'epoch': 68, 'sport_5_ndcg@20': tensor(0.0261), 'sport_5_recall@20': tensor(0.0604), 'ndcg@20': tensor(0.0261), 'recall@20': tensor(0.0604), 'train_loss_0': tensor(0.4305, device='cuda:0')}
[2026-02-09 18:14:51] INFO training_time: 7600.36480307579
[2026-02-09 18:14:51] INFO inference_time: 123.63409852981567
[2026-02-09 18:16:14] INFO {'epoch': 69, 'sport_5_ndcg@20': tensor(0.0265), 'sport_5_recall@20': tensor(0.0608), 'ndcg@20': tensor(0.0265), 'recall@20': tensor(0.0608), 'train_loss_0': tensor(0.4292, device='cuda:0')}
[2026-02-09 18:16:14] INFO training_time: 7682.062786102295
[2026-02-09 18:16:14] INFO inference_time: 125.15420842170715
[2026-02-09 18:17:40] INFO {'epoch': 70, 'sport_5_ndcg@20': tensor(0.0273), 'sport_5_recall@20': tensor(0.0623), 'ndcg@20': tensor(0.0273), 'recall@20': tensor(0.0623), 'train_loss_0': tensor(0.4291, device='cuda:0')}
[2026-02-09 18:17:40] INFO training_time: 7765.108541727066
[2026-02-09 18:17:40] INFO inference_time: 127.79104828834534
[2026-02-09 18:17:40] INFO ndcg@20 improved. Best value: 0.0273
[2026-02-09 18:17:40] INFO Best model checkpoint saved in saved/SASRec/noisy_5/2026-02-09-16-05-53-854053.ckpt.
[2026-02-09 18:19:03] INFO {'epoch': 71, 'sport_5_ndcg@20': tensor(0.0270), 'sport_5_recall@20': tensor(0.0622), 'ndcg@20': tensor(0.0270), 'recall@20': tensor(0.0622), 'train_loss_0': tensor(0.4295, device='cuda:0')}
[2026-02-09 18:19:03] INFO training_time: 7846.357598543167
[2026-02-09 18:19:03] INFO inference_time: 129.3628830909729
[2026-02-09 18:20:17] INFO {'epoch': 72, 'sport_5_ndcg@20': tensor(0.0270), 'sport_5_recall@20': tensor(0.0617), 'ndcg@20': tensor(0.0270), 'recall@20': tensor(0.0617), 'train_loss_0': tensor(0.4280, device='cuda:0')}
[2026-02-09 18:20:17] INFO training_time: 7918.679330587387
[2026-02-09 18:20:17] INFO inference_time: 130.91614866256714
[2026-02-09 18:21:30] INFO {'epoch': 73, 'sport_5_ndcg@20': tensor(0.0261), 'sport_5_recall@20': tensor(0.0611), 'ndcg@20': tensor(0.0261), 'recall@20': tensor(0.0611), 'train_loss_0': tensor(0.4251, device='cuda:0')}
[2026-02-09 18:21:30] INFO training_time: 7990.887949466705
[2026-02-09 18:21:30] INFO inference_time: 132.53216457366943
[2026-02-09 18:22:45] INFO {'epoch': 74, 'sport_5_ndcg@20': tensor(0.0264), 'sport_5_recall@20': tensor(0.0603), 'ndcg@20': tensor(0.0264), 'recall@20': tensor(0.0603), 'train_loss_0': tensor(0.4261, device='cuda:0')}
[2026-02-09 18:22:45] INFO training_time: 8063.695335149765
[2026-02-09 18:22:45] INFO inference_time: 134.03180694580078
[2026-02-09 18:23:58] INFO {'epoch': 75, 'sport_5_ndcg@20': tensor(0.0264), 'sport_5_recall@20': tensor(0.0603), 'ndcg@20': tensor(0.0264), 'recall@20': tensor(0.0603), 'train_loss_0': tensor(0.4261, device='cuda:0')}
[2026-02-09 18:23:58] INFO training_time: 8135.661992311478
[2026-02-09 18:23:58] INFO inference_time: 135.5077829360962
[2026-02-09 18:25:12] INFO {'epoch': 76, 'sport_5_ndcg@20': tensor(0.0261), 'sport_5_recall@20': tensor(0.0599), 'ndcg@20': tensor(0.0261), 'recall@20': tensor(0.0599), 'train_loss_0': tensor(0.4211, device='cuda:0')}
[2026-02-09 18:25:12] INFO training_time: 8208.388939857483
[2026-02-09 18:25:12] INFO inference_time: 136.93342542648315
[2026-02-09 18:26:27] INFO {'epoch': 77, 'sport_5_ndcg@20': tensor(0.0267), 'sport_5_recall@20': tensor(0.0611), 'ndcg@20': tensor(0.0267), 'recall@20': tensor(0.0611), 'train_loss_0': tensor(0.4224, device='cuda:0')}
[2026-02-09 18:26:27] INFO training_time: 8281.02877831459
[2026-02-09 18:26:27] INFO inference_time: 138.448392868042
[2026-02-09 18:27:41] INFO {'epoch': 78, 'sport_5_ndcg@20': tensor(0.0270), 'sport_5_recall@20': tensor(0.0627), 'ndcg@20': tensor(0.0270), 'recall@20': tensor(0.0627), 'train_loss_0': tensor(0.4240, device='cuda:0')}
[2026-02-09 18:27:41] INFO training_time: 8353.629221439362
[2026-02-09 18:27:41] INFO inference_time: 139.88472890853882
[2026-02-09 18:28:54] INFO {'epoch': 79, 'sport_5_ndcg@20': tensor(0.0269), 'sport_5_recall@20': tensor(0.0613), 'ndcg@20': tensor(0.0269), 'recall@20': tensor(0.0613), 'train_loss_0': tensor(0.4213, device='cuda:0')}
[2026-02-09 18:28:54] INFO training_time: 8425.677740573883
[2026-02-09 18:28:54] INFO inference_time: 141.26903867721558
[2026-02-09 18:30:08] INFO {'epoch': 80, 'sport_5_ndcg@20': tensor(0.0265), 'sport_5_recall@20': tensor(0.0603), 'ndcg@20': tensor(0.0265), 'recall@20': tensor(0.0603), 'train_loss_0': tensor(0.4212, device='cuda:0')}
[2026-02-09 18:30:08] INFO training_time: 8497.60971736908
[2026-02-09 18:30:08] INFO inference_time: 143.5680022239685
[2026-02-09 18:31:22] INFO {'epoch': 81, 'sport_5_ndcg@20': tensor(0.0262), 'sport_5_recall@20': tensor(0.0612), 'ndcg@20': tensor(0.0262), 'recall@20': tensor(0.0612), 'train_loss_0': tensor(0.4217, device='cuda:0')}
[2026-02-09 18:31:22] INFO training_time: 8569.550972223282
[2026-02-09 18:31:22] INFO inference_time: 144.98938512802124
[2026-02-09 18:32:36] INFO {'epoch': 82, 'sport_5_ndcg@20': tensor(0.0269), 'sport_5_recall@20': tensor(0.0620), 'ndcg@20': tensor(0.0269), 'recall@20': tensor(0.0620), 'train_loss_0': tensor(0.4223, device='cuda:0')}
[2026-02-09 18:32:36] INFO training_time: 8642.244276285172
[2026-02-09 18:32:36] INFO inference_time: 146.66153383255005
[2026-02-09 18:33:51] INFO {'epoch': 83, 'sport_5_ndcg@20': tensor(0.0272), 'sport_5_recall@20': tensor(0.0623), 'ndcg@20': tensor(0.0272), 'recall@20': tensor(0.0623), 'train_loss_0': tensor(0.4192, device='cuda:0')}
[2026-02-09 18:33:51] INFO training_time: 8715.28494143486
[2026-02-09 18:33:51] INFO inference_time: 148.136873960495
[2026-02-09 18:35:05] INFO {'epoch': 84, 'sport_5_ndcg@20': tensor(0.0267), 'sport_5_recall@20': tensor(0.0617), 'ndcg@20': tensor(0.0267), 'recall@20': tensor(0.0617), 'train_loss_0': tensor(0.4200, device='cuda:0')}
[2026-02-09 18:35:05] INFO training_time: 8788.450800180435
[2026-02-09 18:35:05] INFO inference_time: 149.66533613204956
[2026-02-09 18:36:20] INFO {'epoch': 85, 'sport_5_ndcg@20': tensor(0.0257), 'sport_5_recall@20': tensor(0.0598), 'ndcg@20': tensor(0.0257), 'recall@20': tensor(0.0598), 'train_loss_0': tensor(0.4179, device='cuda:0')}
[2026-02-09 18:36:20] INFO training_time: 8861.742699623108
[2026-02-09 18:36:20] INFO inference_time: 151.2229917049408
[2026-02-09 18:37:34] INFO {'epoch': 86, 'sport_5_ndcg@20': tensor(0.0259), 'sport_5_recall@20': tensor(0.0601), 'ndcg@20': tensor(0.0259), 'recall@20': tensor(0.0601), 'train_loss_0': tensor(0.4168, device='cuda:0')}
[2026-02-09 18:37:34] INFO training_time: 8934.118541002274
[2026-02-09 18:37:34] INFO inference_time: 152.71347641944885
[2026-02-09 18:38:47] INFO {'epoch': 87, 'sport_5_ndcg@20': tensor(0.0266), 'sport_5_recall@20': tensor(0.0626), 'ndcg@20': tensor(0.0266), 'recall@20': tensor(0.0626), 'train_loss_0': tensor(0.4170, device='cuda:0')}
[2026-02-09 18:38:48] INFO training_time: 9006.13239622116
[2026-02-09 18:38:48] INFO inference_time: 154.20057892799377
[2026-02-09 18:39:52] INFO {'epoch': 88, 'sport_5_ndcg@20': tensor(0.0264), 'sport_5_recall@20': tensor(0.0612), 'ndcg@20': tensor(0.0264), 'recall@20': tensor(0.0612), 'train_loss_0': tensor(0.4170, device='cuda:0')}
[2026-02-09 18:39:52] INFO training_time: 9068.901287794113
[2026-02-09 18:39:52] INFO inference_time: 155.66240644454956
[2026-02-09 18:40:56] INFO {'epoch': 89, 'sport_5_ndcg@20': tensor(0.0261), 'sport_5_recall@20': tensor(0.0605), 'ndcg@20': tensor(0.0261), 'recall@20': tensor(0.0605), 'train_loss_0': tensor(0.4155, device='cuda:0')}
[2026-02-09 18:40:56] INFO training_time: 9131.434139490128
[2026-02-09 18:40:56] INFO inference_time: 157.00829458236694
[2026-02-09 18:42:00] INFO {'epoch': 90, 'sport_5_ndcg@20': tensor(0.0262), 'sport_5_recall@20': tensor(0.0615), 'ndcg@20': tensor(0.0262), 'recall@20': tensor(0.0615), 'train_loss_0': tensor(0.4151, device='cuda:0')}
[2026-02-09 18:42:00] INFO training_time: 9193.650706529617
[2026-02-09 18:42:00] INFO inference_time: 158.81767106056213
[2026-02-09 18:42:00] INFO Early stopped. Since the metric ndcg@20 haven't been improved for 20 epochs.
[2026-02-09 18:42:00] INFO The best score of ndcg@20 is 0.0273 on epoch 70
[2026-02-09 18:42:00] INFO Best model checkpoint saved in saved/SASRec/noisy_5/2026-02-09-16-05-53-854053.ckpt.
[2026-02-09 18:42:01] INFO defaultdict(<class 'float'>, {'sport_5_ndcg@20': tensor(0.0218), 'sport_5_recall@20': tensor(0.0495), 'sport_5_ndcg@10': tensor(0.0176), 'sport_5_recall@10': tensor(0.0329), 'ndcg@20': tensor(0.0218), 'recall@20': tensor(0.0495), 'ndcg@10': tensor(0.0176), 'recall@10': tensor(0.0329)})
