[2026-02-09 15:01:33] INFO PID of this process: 1578218
[2026-02-09 15:01:40] INFO {'model': {'embed_dim': 64, 'loss_fn': 'bce', 'hidden_size': 128, 'layer_num': 2, 'head_num': 2, 'dropout_rate': 0.5, 'activation': 'gelu', 'layer_norm_eps': 1e-12, 'model': 'SASRec'}, 'data': {'domain_name_list': ['sport_5'], 'user_threshold': 5, 'item_threshold': 5, 'max_seq_len': 50, 'dataset_class': 'general', 'train_file': '_ori', 'dataset': 'noisy_5'}, 'train': {'batch_size': 256, 'early_stop_mode': 'max', 'early_stop_patience': 20, 'epochs': 1000, 'device': 'cuda', 'optimizer': 'adam', 'learning_rate': 0.001, 'weight_decay': 0, 'num_neg': 1, 'seed': 2025}, 'eval': {'batch_size': 2048, 'cutoff': [20, 10], 'val_metrics': ['ndcg', 'recall'], 'test_metrics': ['ndcg', 'recall'], 'topk': 100, 'save_path': './saved/'}}
[2026-02-09 15:01:40] INFO <data.dataset.SeparateDataset object at 0x7f44930e11c0>
[2026-02-09 15:01:40] INFO save_dir:saved
[2026-02-09 15:01:40] INFO SASRec(
  (item_embedding): Embedding(18358, 64, padding_idx=0)
  (query_encoder): SASRecQueryEncoder(
    (item_encoder): Embedding(18358, 64, padding_idx=0)
    (position_emb): Embedding(50, 64)
    (transformer_layer): TransformerEncoder(
      (layers): ModuleList(
        (0): TransformerEncoderLayer(
          (self_attn): MultiheadAttention(
            (out_proj): NonDynamicallyQuantizableLinear(in_features=64, out_features=64, bias=True)
          )
          (linear1): Linear(in_features=64, out_features=128, bias=True)
          (dropout): Dropout(p=0.5, inplace=False)
          (linear2): Linear(in_features=128, out_features=64, bias=True)
          (norm1): LayerNorm((64,), eps=1e-12, elementwise_affine=True)
          (norm2): LayerNorm((64,), eps=1e-12, elementwise_affine=True)
          (dropout1): Dropout(p=0.5, inplace=False)
          (dropout2): Dropout(p=0.5, inplace=False)
        )
        (1): TransformerEncoderLayer(
          (self_attn): MultiheadAttention(
            (out_proj): NonDynamicallyQuantizableLinear(in_features=64, out_features=64, bias=True)
          )
          (linear1): Linear(in_features=64, out_features=128, bias=True)
          (dropout): Dropout(p=0.5, inplace=False)
          (linear2): Linear(in_features=128, out_features=64, bias=True)
          (norm1): LayerNorm((64,), eps=1e-12, elementwise_affine=True)
          (norm2): LayerNorm((64,), eps=1e-12, elementwise_affine=True)
          (dropout1): Dropout(p=0.5, inplace=False)
          (dropout2): Dropout(p=0.5, inplace=False)
        )
      )
    )
    (dropout): Dropout(p=0.5, inplace=False)
    (training_pooling_layer): SeqPoolingLayer()
    (eval_pooling_layer): SeqPoolingLayer()
  )
  (loss_fn): BinaryCrossEntropyLoss()
)
[2026-02-09 15:01:54] INFO {'epoch': 0, 'sport_5_ndcg@20': tensor(0.0087), 'sport_5_recall@20': tensor(0.0204), 'ndcg@20': tensor(0.0087), 'recall@20': tensor(0.0204), 'train_loss_0': tensor(1.2901, device='cuda:0')}
[2026-02-09 15:01:54] INFO training_time: 12.574298620223999
[2026-02-09 15:01:54] INFO inference_time: 1.9982120990753174
[2026-02-09 15:01:54] INFO ndcg@20 improved. Best value: 0.0087
[2026-02-09 15:01:54] INFO Best model checkpoint saved in saved/SASRec/noisy_5/2026-02-09-15-01-33-205638.ckpt.
[2026-02-09 15:02:11] INFO {'epoch': 1, 'sport_5_ndcg@20': tensor(0.0090), 'sport_5_recall@20': tensor(0.0214), 'ndcg@20': tensor(0.0090), 'recall@20': tensor(0.0214), 'train_loss_0': tensor(1.1924, device='cuda:0')}
[2026-02-09 15:02:11] INFO training_time: 27.887972831726074
[2026-02-09 15:02:11] INFO inference_time: 3.377136468887329
[2026-02-09 15:02:11] INFO ndcg@20 improved. Best value: 0.0090
[2026-02-09 15:02:11] INFO Best model checkpoint saved in saved/SASRec/noisy_5/2026-02-09-15-01-33-205638.ckpt.
[2026-02-09 15:02:29] INFO {'epoch': 2, 'sport_5_ndcg@20': tensor(0.0098), 'sport_5_recall@20': tensor(0.0241), 'ndcg@20': tensor(0.0098), 'recall@20': tensor(0.0241), 'train_loss_0': tensor(1.1519, device='cuda:0')}
[2026-02-09 15:02:29] INFO training_time: 44.28707718849182
[2026-02-09 15:02:29] INFO inference_time: 4.7521092891693115
[2026-02-09 15:02:29] INFO ndcg@20 improved. Best value: 0.0098
[2026-02-09 15:02:29] INFO Best model checkpoint saved in saved/SASRec/noisy_5/2026-02-09-15-01-33-205638.ckpt.
[2026-02-09 15:02:46] INFO {'epoch': 3, 'sport_5_ndcg@20': tensor(0.0113), 'sport_5_recall@20': tensor(0.0291), 'ndcg@20': tensor(0.0113), 'recall@20': tensor(0.0291), 'train_loss_0': tensor(1.0984, device='cuda:0')}
[2026-02-09 15:02:46] INFO training_time: 60.40482687950134
[2026-02-09 15:02:46] INFO inference_time: 6.1321799755096436
[2026-02-09 15:02:46] INFO ndcg@20 improved. Best value: 0.0113
[2026-02-09 15:02:46] INFO Best model checkpoint saved in saved/SASRec/noisy_5/2026-02-09-15-01-33-205638.ckpt.
[2026-02-09 15:03:04] INFO {'epoch': 4, 'sport_5_ndcg@20': tensor(0.0131), 'sport_5_recall@20': tensor(0.0321), 'ndcg@20': tensor(0.0131), 'recall@20': tensor(0.0321), 'train_loss_0': tensor(1.0326, device='cuda:0')}
[2026-02-09 15:03:04] INFO training_time: 76.4732015132904
[2026-02-09 15:03:04] INFO inference_time: 7.534116744995117
[2026-02-09 15:03:04] INFO ndcg@20 improved. Best value: 0.0131
[2026-02-09 15:03:04] INFO Best model checkpoint saved in saved/SASRec/noisy_5/2026-02-09-15-01-33-205638.ckpt.
[2026-02-09 15:03:21] INFO {'epoch': 5, 'sport_5_ndcg@20': tensor(0.0147), 'sport_5_recall@20': tensor(0.0364), 'ndcg@20': tensor(0.0147), 'recall@20': tensor(0.0364), 'train_loss_0': tensor(0.9796, device='cuda:0')}
[2026-02-09 15:03:21] INFO training_time: 92.60295462608337
[2026-02-09 15:03:21] INFO inference_time: 8.975572347640991
[2026-02-09 15:03:21] INFO ndcg@20 improved. Best value: 0.0147
[2026-02-09 15:03:21] INFO Best model checkpoint saved in saved/SASRec/noisy_5/2026-02-09-15-01-33-205638.ckpt.
[2026-02-09 15:03:39] INFO {'epoch': 6, 'sport_5_ndcg@20': tensor(0.0159), 'sport_5_recall@20': tensor(0.0389), 'ndcg@20': tensor(0.0159), 'recall@20': tensor(0.0389), 'train_loss_0': tensor(0.9336, device='cuda:0')}
[2026-02-09 15:03:39] INFO training_time: 108.74087190628052
[2026-02-09 15:03:39] INFO inference_time: 10.262869358062744
[2026-02-09 15:03:39] INFO ndcg@20 improved. Best value: 0.0159
[2026-02-09 15:03:39] INFO Best model checkpoint saved in saved/SASRec/noisy_5/2026-02-09-15-01-33-205638.ckpt.
[2026-02-09 15:03:56] INFO {'epoch': 7, 'sport_5_ndcg@20': tensor(0.0175), 'sport_5_recall@20': tensor(0.0426), 'ndcg@20': tensor(0.0175), 'recall@20': tensor(0.0426), 'train_loss_0': tensor(0.8930, device='cuda:0')}
[2026-02-09 15:03:56] INFO training_time: 124.93126368522644
[2026-02-09 15:03:56] INFO inference_time: 11.639221906661987
[2026-02-09 15:03:56] INFO ndcg@20 improved. Best value: 0.0175
[2026-02-09 15:03:56] INFO Best model checkpoint saved in saved/SASRec/noisy_5/2026-02-09-15-01-33-205638.ckpt.
[2026-02-09 15:04:14] INFO {'epoch': 8, 'sport_5_ndcg@20': tensor(0.0179), 'sport_5_recall@20': tensor(0.0440), 'ndcg@20': tensor(0.0179), 'recall@20': tensor(0.0440), 'train_loss_0': tensor(0.8555, device='cuda:0')}
[2026-02-09 15:04:14] INFO training_time: 140.93281769752502
[2026-02-09 15:04:14] INFO inference_time: 13.034727096557617
[2026-02-09 15:04:14] INFO ndcg@20 improved. Best value: 0.0179
[2026-02-09 15:04:14] INFO Best model checkpoint saved in saved/SASRec/noisy_5/2026-02-09-15-01-33-205638.ckpt.
[2026-02-09 15:04:31] INFO {'epoch': 9, 'sport_5_ndcg@20': tensor(0.0192), 'sport_5_recall@20': tensor(0.0465), 'ndcg@20': tensor(0.0192), 'recall@20': tensor(0.0465), 'train_loss_0': tensor(0.8236, device='cuda:0')}
[2026-02-09 15:04:31] INFO training_time: 157.108806848526
[2026-02-09 15:04:31] INFO inference_time: 14.409221410751343
[2026-02-09 15:04:31] INFO ndcg@20 improved. Best value: 0.0192
[2026-02-09 15:04:31] INFO Best model checkpoint saved in saved/SASRec/noisy_5/2026-02-09-15-01-33-205638.ckpt.
[2026-02-09 15:04:49] INFO {'epoch': 10, 'sport_5_ndcg@20': tensor(0.0192), 'sport_5_recall@20': tensor(0.0467), 'ndcg@20': tensor(0.0192), 'recall@20': tensor(0.0467), 'train_loss_0': tensor(0.7902, device='cuda:0')}
[2026-02-09 15:04:49] INFO training_time: 173.31530451774597
[2026-02-09 15:04:49] INFO inference_time: 16.24251127243042
[2026-02-09 15:05:07] INFO {'epoch': 11, 'sport_5_ndcg@20': tensor(0.0201), 'sport_5_recall@20': tensor(0.0496), 'ndcg@20': tensor(0.0201), 'recall@20': tensor(0.0496), 'train_loss_0': tensor(0.7608, device='cuda:0')}
[2026-02-09 15:05:07] INFO training_time: 189.47667956352234
[2026-02-09 15:05:07] INFO inference_time: 17.635133981704712
[2026-02-09 15:05:07] INFO ndcg@20 improved. Best value: 0.0201
[2026-02-09 15:05:07] INFO Best model checkpoint saved in saved/SASRec/noisy_5/2026-02-09-15-01-33-205638.ckpt.
[2026-02-09 15:05:24] INFO {'epoch': 12, 'sport_5_ndcg@20': tensor(0.0208), 'sport_5_recall@20': tensor(0.0505), 'ndcg@20': tensor(0.0208), 'recall@20': tensor(0.0505), 'train_loss_0': tensor(0.7358, device='cuda:0')}
[2026-02-09 15:05:24] INFO training_time: 205.5768187046051
[2026-02-09 15:05:24] INFO inference_time: 19.04662537574768
[2026-02-09 15:05:24] INFO ndcg@20 improved. Best value: 0.0208
[2026-02-09 15:05:24] INFO Best model checkpoint saved in saved/SASRec/noisy_5/2026-02-09-15-01-33-205638.ckpt.
[2026-02-09 15:05:42] INFO {'epoch': 13, 'sport_5_ndcg@20': tensor(0.0209), 'sport_5_recall@20': tensor(0.0506), 'ndcg@20': tensor(0.0209), 'recall@20': tensor(0.0506), 'train_loss_0': tensor(0.7143, device='cuda:0')}
[2026-02-09 15:05:42] INFO training_time: 222.05311107635498
[2026-02-09 15:05:42] INFO inference_time: 20.551199913024902
[2026-02-09 15:05:42] INFO ndcg@20 improved. Best value: 0.0209
[2026-02-09 15:05:42] INFO Best model checkpoint saved in saved/SASRec/noisy_5/2026-02-09-15-01-33-205638.ckpt.
[2026-02-09 15:06:00] INFO {'epoch': 14, 'sport_5_ndcg@20': tensor(0.0210), 'sport_5_recall@20': tensor(0.0511), 'ndcg@20': tensor(0.0210), 'recall@20': tensor(0.0511), 'train_loss_0': tensor(0.6975, device='cuda:0')}
[2026-02-09 15:06:00] INFO training_time: 238.31799793243408
[2026-02-09 15:06:00] INFO inference_time: 22.071352005004883
[2026-02-09 15:06:00] INFO ndcg@20 improved. Best value: 0.0210
[2026-02-09 15:06:00] INFO Best model checkpoint saved in saved/SASRec/noisy_5/2026-02-09-15-01-33-205638.ckpt.
[2026-02-09 15:06:18] INFO {'epoch': 15, 'sport_5_ndcg@20': tensor(0.0215), 'sport_5_recall@20': tensor(0.0527), 'ndcg@20': tensor(0.0215), 'recall@20': tensor(0.0527), 'train_loss_0': tensor(0.6778, device='cuda:0')}
[2026-02-09 15:06:18] INFO training_time: 254.64408373832703
[2026-02-09 15:06:18] INFO inference_time: 23.504961013793945
[2026-02-09 15:06:18] INFO ndcg@20 improved. Best value: 0.0215
[2026-02-09 15:06:18] INFO Best model checkpoint saved in saved/SASRec/noisy_5/2026-02-09-15-01-33-205638.ckpt.
[2026-02-09 15:06:36] INFO {'epoch': 16, 'sport_5_ndcg@20': tensor(0.0216), 'sport_5_recall@20': tensor(0.0525), 'ndcg@20': tensor(0.0216), 'recall@20': tensor(0.0525), 'train_loss_0': tensor(0.6582, device='cuda:0')}
[2026-02-09 15:06:36] INFO training_time: 270.87797021865845
[2026-02-09 15:06:36] INFO inference_time: 25.055452346801758
[2026-02-09 15:06:36] INFO ndcg@20 improved. Best value: 0.0216
[2026-02-09 15:06:36] INFO Best model checkpoint saved in saved/SASRec/noisy_5/2026-02-09-15-01-33-205638.ckpt.
[2026-02-09 15:06:54] INFO {'epoch': 17, 'sport_5_ndcg@20': tensor(0.0225), 'sport_5_recall@20': tensor(0.0536), 'ndcg@20': tensor(0.0225), 'recall@20': tensor(0.0536), 'train_loss_0': tensor(0.6463, device='cuda:0')}
[2026-02-09 15:06:54] INFO training_time: 287.1749997138977
[2026-02-09 15:06:54] INFO inference_time: 26.485783576965332
[2026-02-09 15:06:54] INFO ndcg@20 improved. Best value: 0.0225
[2026-02-09 15:06:54] INFO Best model checkpoint saved in saved/SASRec/noisy_5/2026-02-09-15-01-33-205638.ckpt.
[2026-02-09 15:07:11] INFO {'epoch': 18, 'sport_5_ndcg@20': tensor(0.0230), 'sport_5_recall@20': tensor(0.0542), 'ndcg@20': tensor(0.0230), 'recall@20': tensor(0.0542), 'train_loss_0': tensor(0.6343, device='cuda:0')}
[2026-02-09 15:07:11] INFO training_time: 303.3746690750122
[2026-02-09 15:07:11] INFO inference_time: 27.979028940200806
[2026-02-09 15:07:11] INFO ndcg@20 improved. Best value: 0.0230
[2026-02-09 15:07:11] INFO Best model checkpoint saved in saved/SASRec/noisy_5/2026-02-09-15-01-33-205638.ckpt.
[2026-02-09 15:07:29] INFO {'epoch': 19, 'sport_5_ndcg@20': tensor(0.0229), 'sport_5_recall@20': tensor(0.0541), 'ndcg@20': tensor(0.0229), 'recall@20': tensor(0.0541), 'train_loss_0': tensor(0.6224, device='cuda:0')}
[2026-02-09 15:07:29] INFO training_time: 319.70848202705383
[2026-02-09 15:07:29] INFO inference_time: 29.39954662322998
[2026-02-09 15:07:47] INFO {'epoch': 20, 'sport_5_ndcg@20': tensor(0.0228), 'sport_5_recall@20': tensor(0.0541), 'ndcg@20': tensor(0.0228), 'recall@20': tensor(0.0541), 'train_loss_0': tensor(0.6131, device='cuda:0')}
[2026-02-09 15:07:47] INFO training_time: 336.2215647697449
[2026-02-09 15:07:47] INFO inference_time: 31.191864490509033
[2026-02-09 15:08:05] INFO {'epoch': 21, 'sport_5_ndcg@20': tensor(0.0225), 'sport_5_recall@20': tensor(0.0530), 'ndcg@20': tensor(0.0225), 'recall@20': tensor(0.0530), 'train_loss_0': tensor(0.6013, device='cuda:0')}
[2026-02-09 15:08:05] INFO training_time: 352.62152314186096
[2026-02-09 15:08:05] INFO inference_time: 32.62854361534119
[2026-02-09 15:08:23] INFO {'epoch': 22, 'sport_5_ndcg@20': tensor(0.0227), 'sport_5_recall@20': tensor(0.0541), 'ndcg@20': tensor(0.0227), 'recall@20': tensor(0.0541), 'train_loss_0': tensor(0.5979, device='cuda:0')}
[2026-02-09 15:08:23] INFO training_time: 368.76354360580444
[2026-02-09 15:08:23] INFO inference_time: 34.09223961830139
[2026-02-09 15:08:41] INFO {'epoch': 23, 'sport_5_ndcg@20': tensor(0.0225), 'sport_5_recall@20': tensor(0.0538), 'ndcg@20': tensor(0.0225), 'recall@20': tensor(0.0538), 'train_loss_0': tensor(0.5875, device='cuda:0')}
[2026-02-09 15:08:41] INFO training_time: 384.9775755405426
[2026-02-09 15:08:41] INFO inference_time: 35.5102105140686
[2026-02-09 15:08:58] INFO {'epoch': 24, 'sport_5_ndcg@20': tensor(0.0226), 'sport_5_recall@20': tensor(0.0547), 'ndcg@20': tensor(0.0226), 'recall@20': tensor(0.0547), 'train_loss_0': tensor(0.5814, device='cuda:0')}
[2026-02-09 15:08:58] INFO training_time: 401.2345154285431
[2026-02-09 15:08:58] INFO inference_time: 36.946789264678955
[2026-02-09 15:09:16] INFO {'epoch': 25, 'sport_5_ndcg@20': tensor(0.0231), 'sport_5_recall@20': tensor(0.0553), 'ndcg@20': tensor(0.0231), 'recall@20': tensor(0.0553), 'train_loss_0': tensor(0.5737, device='cuda:0')}
[2026-02-09 15:09:16] INFO training_time: 417.39933824539185
[2026-02-09 15:09:16] INFO inference_time: 38.421361207962036
[2026-02-09 15:09:16] INFO ndcg@20 improved. Best value: 0.0231
[2026-02-09 15:09:16] INFO Best model checkpoint saved in saved/SASRec/noisy_5/2026-02-09-15-01-33-205638.ckpt.
[2026-02-09 15:09:34] INFO {'epoch': 26, 'sport_5_ndcg@20': tensor(0.0237), 'sport_5_recall@20': tensor(0.0561), 'ndcg@20': tensor(0.0237), 'recall@20': tensor(0.0561), 'train_loss_0': tensor(0.5684, device='cuda:0')}
[2026-02-09 15:09:34] INFO training_time: 433.886079788208
[2026-02-09 15:09:34] INFO inference_time: 39.79916858673096
[2026-02-09 15:09:34] INFO ndcg@20 improved. Best value: 0.0237
[2026-02-09 15:09:34] INFO Best model checkpoint saved in saved/SASRec/noisy_5/2026-02-09-15-01-33-205638.ckpt.
[2026-02-09 15:09:51] INFO {'epoch': 27, 'sport_5_ndcg@20': tensor(0.0233), 'sport_5_recall@20': tensor(0.0551), 'ndcg@20': tensor(0.0233), 'recall@20': tensor(0.0551), 'train_loss_0': tensor(0.5631, device='cuda:0')}
[2026-02-09 15:09:51] INFO training_time: 450.1094174385071
[2026-02-09 15:09:51] INFO inference_time: 41.16640019416809
[2026-02-09 15:10:09] INFO {'epoch': 28, 'sport_5_ndcg@20': tensor(0.0235), 'sport_5_recall@20': tensor(0.0553), 'ndcg@20': tensor(0.0235), 'recall@20': tensor(0.0553), 'train_loss_0': tensor(0.5547, device='cuda:0')}
[2026-02-09 15:10:09] INFO training_time: 466.41034626960754
[2026-02-09 15:10:09] INFO inference_time: 42.53293228149414
[2026-02-09 15:10:27] INFO {'epoch': 29, 'sport_5_ndcg@20': tensor(0.0244), 'sport_5_recall@20': tensor(0.0557), 'ndcg@20': tensor(0.0244), 'recall@20': tensor(0.0557), 'train_loss_0': tensor(0.5538, device='cuda:0')}
[2026-02-09 15:10:27] INFO training_time: 482.6174759864807
[2026-02-09 15:10:27] INFO inference_time: 43.93881368637085
[2026-02-09 15:10:27] INFO ndcg@20 improved. Best value: 0.0244
[2026-02-09 15:10:27] INFO Best model checkpoint saved in saved/SASRec/noisy_5/2026-02-09-15-01-33-205638.ckpt.
[2026-02-09 15:10:45] INFO {'epoch': 30, 'sport_5_ndcg@20': tensor(0.0235), 'sport_5_recall@20': tensor(0.0555), 'ndcg@20': tensor(0.0235), 'recall@20': tensor(0.0555), 'train_loss_0': tensor(0.5463, device='cuda:0')}
[2026-02-09 15:10:45] INFO training_time: 498.6348054409027
[2026-02-09 15:10:45] INFO inference_time: 45.87436103820801
[2026-02-09 15:11:02] INFO {'epoch': 31, 'sport_5_ndcg@20': tensor(0.0240), 'sport_5_recall@20': tensor(0.0561), 'ndcg@20': tensor(0.0240), 'recall@20': tensor(0.0561), 'train_loss_0': tensor(0.5434, device='cuda:0')}
[2026-02-09 15:11:02] INFO training_time: 514.6405599117279
[2026-02-09 15:11:02] INFO inference_time: 47.20096397399902
[2026-02-09 15:11:20] INFO {'epoch': 32, 'sport_5_ndcg@20': tensor(0.0237), 'sport_5_recall@20': tensor(0.0557), 'ndcg@20': tensor(0.0237), 'recall@20': tensor(0.0557), 'train_loss_0': tensor(0.5381, device='cuda:0')}
[2026-02-09 15:11:20] INFO training_time: 530.7495155334473
[2026-02-09 15:11:20] INFO inference_time: 48.675060749053955
[2026-02-09 15:11:37] INFO {'epoch': 33, 'sport_5_ndcg@20': tensor(0.0237), 'sport_5_recall@20': tensor(0.0549), 'ndcg@20': tensor(0.0237), 'recall@20': tensor(0.0549), 'train_loss_0': tensor(0.5360, device='cuda:0')}
[2026-02-09 15:11:37] INFO training_time: 547.0484426021576
[2026-02-09 15:11:37] INFO inference_time: 49.93175792694092
[2026-02-09 15:11:55] INFO {'epoch': 34, 'sport_5_ndcg@20': tensor(0.0239), 'sport_5_recall@20': tensor(0.0556), 'ndcg@20': tensor(0.0239), 'recall@20': tensor(0.0556), 'train_loss_0': tensor(0.5325, device='cuda:0')}
[2026-02-09 15:11:55] INFO training_time: 563.1572861671448
[2026-02-09 15:11:55] INFO inference_time: 51.32500338554382
[2026-02-09 15:12:12] INFO {'epoch': 35, 'sport_5_ndcg@20': tensor(0.0238), 'sport_5_recall@20': tensor(0.0552), 'ndcg@20': tensor(0.0238), 'recall@20': tensor(0.0552), 'train_loss_0': tensor(0.5290, device='cuda:0')}
[2026-02-09 15:12:12] INFO training_time: 579.4051370620728
[2026-02-09 15:12:12] INFO inference_time: 52.680761098861694
[2026-02-09 15:12:30] INFO {'epoch': 36, 'sport_5_ndcg@20': tensor(0.0236), 'sport_5_recall@20': tensor(0.0552), 'ndcg@20': tensor(0.0236), 'recall@20': tensor(0.0552), 'train_loss_0': tensor(0.5256, device='cuda:0')}
[2026-02-09 15:12:30] INFO training_time: 595.5710730552673
[2026-02-09 15:12:30] INFO inference_time: 54.09205865859985
[2026-02-09 15:12:47] INFO {'epoch': 37, 'sport_5_ndcg@20': tensor(0.0236), 'sport_5_recall@20': tensor(0.0552), 'ndcg@20': tensor(0.0236), 'recall@20': tensor(0.0552), 'train_loss_0': tensor(0.5211, device='cuda:0')}
[2026-02-09 15:12:47] INFO training_time: 611.7143564224243
[2026-02-09 15:12:47] INFO inference_time: 55.45159959793091
[2026-02-09 15:13:05] INFO {'epoch': 38, 'sport_5_ndcg@20': tensor(0.0240), 'sport_5_recall@20': tensor(0.0562), 'ndcg@20': tensor(0.0240), 'recall@20': tensor(0.0562), 'train_loss_0': tensor(0.5201, device='cuda:0')}
[2026-02-09 15:13:05] INFO training_time: 627.8573355674744
[2026-02-09 15:13:05] INFO inference_time: 56.863956689834595
[2026-02-09 15:13:23] INFO {'epoch': 39, 'sport_5_ndcg@20': tensor(0.0239), 'sport_5_recall@20': tensor(0.0550), 'ndcg@20': tensor(0.0239), 'recall@20': tensor(0.0550), 'train_loss_0': tensor(0.5187, device='cuda:0')}
[2026-02-09 15:13:23] INFO training_time: 643.9672074317932
[2026-02-09 15:13:23] INFO inference_time: 58.34286046028137
[2026-02-09 15:13:40] INFO {'epoch': 40, 'sport_5_ndcg@20': tensor(0.0242), 'sport_5_recall@20': tensor(0.0556), 'ndcg@20': tensor(0.0242), 'recall@20': tensor(0.0556), 'train_loss_0': tensor(0.5162, device='cuda:0')}
[2026-02-09 15:13:40] INFO training_time: 660.0121929645538
[2026-02-09 15:13:40] INFO inference_time: 60.260266065597534
[2026-02-09 15:13:58] INFO {'epoch': 41, 'sport_5_ndcg@20': tensor(0.0241), 'sport_5_recall@20': tensor(0.0549), 'ndcg@20': tensor(0.0241), 'recall@20': tensor(0.0549), 'train_loss_0': tensor(0.5094, device='cuda:0')}
[2026-02-09 15:13:58] INFO training_time: 676.1441967487335
[2026-02-09 15:13:58] INFO inference_time: 61.59392952919006
[2026-02-09 15:14:15] INFO {'epoch': 42, 'sport_5_ndcg@20': tensor(0.0248), 'sport_5_recall@20': tensor(0.0568), 'ndcg@20': tensor(0.0248), 'recall@20': tensor(0.0568), 'train_loss_0': tensor(0.5101, device='cuda:0')}
[2026-02-09 15:14:15] INFO training_time: 692.2835249900818
[2026-02-09 15:14:15] INFO inference_time: 62.95767021179199
[2026-02-09 15:14:15] INFO ndcg@20 improved. Best value: 0.0248
[2026-02-09 15:14:15] INFO Best model checkpoint saved in saved/SASRec/noisy_5/2026-02-09-15-01-33-205638.ckpt.
[2026-02-09 15:14:33] INFO {'epoch': 43, 'sport_5_ndcg@20': tensor(0.0247), 'sport_5_recall@20': tensor(0.0559), 'ndcg@20': tensor(0.0247), 'recall@20': tensor(0.0559), 'train_loss_0': tensor(0.5090, device='cuda:0')}
[2026-02-09 15:14:33] INFO training_time: 708.5965728759766
[2026-02-09 15:14:33] INFO inference_time: 64.31508803367615
[2026-02-09 15:14:51] INFO {'epoch': 44, 'sport_5_ndcg@20': tensor(0.0245), 'sport_5_recall@20': tensor(0.0562), 'ndcg@20': tensor(0.0245), 'recall@20': tensor(0.0562), 'train_loss_0': tensor(0.5097, device='cuda:0')}
[2026-02-09 15:14:51] INFO training_time: 724.7396612167358
[2026-02-09 15:14:51] INFO inference_time: 65.67456388473511
[2026-02-09 15:15:08] INFO {'epoch': 45, 'sport_5_ndcg@20': tensor(0.0251), 'sport_5_recall@20': tensor(0.0574), 'ndcg@20': tensor(0.0251), 'recall@20': tensor(0.0574), 'train_loss_0': tensor(0.5041, device='cuda:0')}
[2026-02-09 15:15:08] INFO training_time: 740.8450429439545
[2026-02-09 15:15:08] INFO inference_time: 67.0481059551239
[2026-02-09 15:15:08] INFO ndcg@20 improved. Best value: 0.0251
[2026-02-09 15:15:08] INFO Best model checkpoint saved in saved/SASRec/noisy_5/2026-02-09-15-01-33-205638.ckpt.
[2026-02-09 15:15:26] INFO {'epoch': 46, 'sport_5_ndcg@20': tensor(0.0248), 'sport_5_recall@20': tensor(0.0569), 'ndcg@20': tensor(0.0248), 'recall@20': tensor(0.0569), 'train_loss_0': tensor(0.5014, device='cuda:0')}
[2026-02-09 15:15:26] INFO training_time: 757.0213108062744
[2026-02-09 15:15:26] INFO inference_time: 68.4934458732605
[2026-02-09 15:15:43] INFO {'epoch': 47, 'sport_5_ndcg@20': tensor(0.0251), 'sport_5_recall@20': tensor(0.0577), 'ndcg@20': tensor(0.0251), 'recall@20': tensor(0.0577), 'train_loss_0': tensor(0.4964, device='cuda:0')}
[2026-02-09 15:15:43] INFO training_time: 773.3697292804718
[2026-02-09 15:15:43] INFO inference_time: 69.71895575523376
[2026-02-09 15:15:43] INFO ndcg@20 improved. Best value: 0.0251
[2026-02-09 15:15:43] INFO Best model checkpoint saved in saved/SASRec/noisy_5/2026-02-09-15-01-33-205638.ckpt.
[2026-02-09 15:16:01] INFO {'epoch': 48, 'sport_5_ndcg@20': tensor(0.0245), 'sport_5_recall@20': tensor(0.0568), 'ndcg@20': tensor(0.0245), 'recall@20': tensor(0.0568), 'train_loss_0': tensor(0.4984, device='cuda:0')}
[2026-02-09 15:16:01] INFO training_time: 789.4799680709839
[2026-02-09 15:16:01] INFO inference_time: 71.12991380691528
[2026-02-09 15:16:18] INFO {'epoch': 49, 'sport_5_ndcg@20': tensor(0.0249), 'sport_5_recall@20': tensor(0.0571), 'ndcg@20': tensor(0.0249), 'recall@20': tensor(0.0571), 'train_loss_0': tensor(0.4942, device='cuda:0')}
[2026-02-09 15:16:18] INFO training_time: 805.3754625320435
[2026-02-09 15:16:18] INFO inference_time: 72.519944190979
[2026-02-09 15:16:36] INFO {'epoch': 50, 'sport_5_ndcg@20': tensor(0.0252), 'sport_5_recall@20': tensor(0.0571), 'ndcg@20': tensor(0.0252), 'recall@20': tensor(0.0571), 'train_loss_0': tensor(0.4919, device='cuda:0')}
[2026-02-09 15:16:36] INFO training_time: 821.6625373363495
[2026-02-09 15:16:36] INFO inference_time: 74.3026511669159
[2026-02-09 15:16:36] INFO ndcg@20 improved. Best value: 0.0252
[2026-02-09 15:16:36] INFO Best model checkpoint saved in saved/SASRec/noisy_5/2026-02-09-15-01-33-205638.ckpt.
[2026-02-09 15:16:54] INFO {'epoch': 51, 'sport_5_ndcg@20': tensor(0.0252), 'sport_5_recall@20': tensor(0.0574), 'ndcg@20': tensor(0.0252), 'recall@20': tensor(0.0574), 'train_loss_0': tensor(0.4909, device='cuda:0')}
[2026-02-09 15:16:54] INFO training_time: 837.7937676906586
[2026-02-09 15:16:54] INFO inference_time: 75.73277378082275
[2026-02-09 15:17:11] INFO {'epoch': 52, 'sport_5_ndcg@20': tensor(0.0246), 'sport_5_recall@20': tensor(0.0570), 'ndcg@20': tensor(0.0246), 'recall@20': tensor(0.0570), 'train_loss_0': tensor(0.4892, device='cuda:0')}
[2026-02-09 15:17:11] INFO training_time: 853.8483912944794
[2026-02-09 15:17:11] INFO inference_time: 77.0647406578064
[2026-02-09 15:17:29] INFO {'epoch': 53, 'sport_5_ndcg@20': tensor(0.0253), 'sport_5_recall@20': tensor(0.0575), 'ndcg@20': tensor(0.0253), 'recall@20': tensor(0.0575), 'train_loss_0': tensor(0.4890, device='cuda:0')}
[2026-02-09 15:17:29] INFO training_time: 869.9074501991272
[2026-02-09 15:17:29] INFO inference_time: 78.37992835044861
[2026-02-09 15:17:29] INFO ndcg@20 improved. Best value: 0.0253
[2026-02-09 15:17:29] INFO Best model checkpoint saved in saved/SASRec/noisy_5/2026-02-09-15-01-33-205638.ckpt.
[2026-02-09 15:17:46] INFO {'epoch': 54, 'sport_5_ndcg@20': tensor(0.0254), 'sport_5_recall@20': tensor(0.0581), 'ndcg@20': tensor(0.0254), 'recall@20': tensor(0.0581), 'train_loss_0': tensor(0.4869, device='cuda:0')}
[2026-02-09 15:17:46] INFO training_time: 885.9194655418396
[2026-02-09 15:17:46] INFO inference_time: 79.72007417678833
[2026-02-09 15:17:46] INFO ndcg@20 improved. Best value: 0.0254
[2026-02-09 15:17:46] INFO Best model checkpoint saved in saved/SASRec/noisy_5/2026-02-09-15-01-33-205638.ckpt.
[2026-02-09 15:18:04] INFO {'epoch': 55, 'sport_5_ndcg@20': tensor(0.0249), 'sport_5_recall@20': tensor(0.0565), 'ndcg@20': tensor(0.0249), 'recall@20': tensor(0.0565), 'train_loss_0': tensor(0.4887, device='cuda:0')}
[2026-02-09 15:18:04] INFO training_time: 902.0332434177399
[2026-02-09 15:18:04] INFO inference_time: 81.19982314109802
[2026-02-09 15:18:21] INFO {'epoch': 56, 'sport_5_ndcg@20': tensor(0.0246), 'sport_5_recall@20': tensor(0.0576), 'ndcg@20': tensor(0.0246), 'recall@20': tensor(0.0576), 'train_loss_0': tensor(0.4848, device='cuda:0')}
[2026-02-09 15:18:21] INFO training_time: 918.166806936264
[2026-02-09 15:18:21] INFO inference_time: 82.59573030471802
[2026-02-09 15:18:39] INFO {'epoch': 57, 'sport_5_ndcg@20': tensor(0.0253), 'sport_5_recall@20': tensor(0.0570), 'ndcg@20': tensor(0.0253), 'recall@20': tensor(0.0570), 'train_loss_0': tensor(0.4884, device='cuda:0')}
[2026-02-09 15:18:39] INFO training_time: 934.5184133052826
[2026-02-09 15:18:39] INFO inference_time: 84.03674554824829
[2026-02-09 15:18:57] INFO {'epoch': 58, 'sport_5_ndcg@20': tensor(0.0248), 'sport_5_recall@20': tensor(0.0574), 'ndcg@20': tensor(0.0248), 'recall@20': tensor(0.0574), 'train_loss_0': tensor(0.4817, device='cuda:0')}
[2026-02-09 15:18:57] INFO training_time: 950.756888628006
[2026-02-09 15:18:57] INFO inference_time: 85.45237112045288
[2026-02-09 15:19:14] INFO {'epoch': 59, 'sport_5_ndcg@20': tensor(0.0254), 'sport_5_recall@20': tensor(0.0580), 'ndcg@20': tensor(0.0254), 'recall@20': tensor(0.0580), 'train_loss_0': tensor(0.4794, device='cuda:0')}
[2026-02-09 15:19:14] INFO training_time: 967.0183362960815
[2026-02-09 15:19:14] INFO inference_time: 86.7404613494873
[2026-02-09 15:19:32] INFO {'epoch': 60, 'sport_5_ndcg@20': tensor(0.0251), 'sport_5_recall@20': tensor(0.0584), 'ndcg@20': tensor(0.0251), 'recall@20': tensor(0.0584), 'train_loss_0': tensor(0.4770, device='cuda:0')}
[2026-02-09 15:19:32] INFO training_time: 983.2109296321869
[2026-02-09 15:19:32] INFO inference_time: 88.46681046485901
[2026-02-09 15:19:47] INFO {'epoch': 61, 'sport_5_ndcg@20': tensor(0.0256), 'sport_5_recall@20': tensor(0.0583), 'ndcg@20': tensor(0.0256), 'recall@20': tensor(0.0583), 'train_loss_0': tensor(0.4776, device='cuda:0')}
[2026-02-09 15:19:47] INFO training_time: 996.9002721309662
[2026-02-09 15:19:47] INFO inference_time: 89.89538335800171
[2026-02-09 15:19:47] INFO ndcg@20 improved. Best value: 0.0256
[2026-02-09 15:19:47] INFO Best model checkpoint saved in saved/SASRec/noisy_5/2026-02-09-15-01-33-205638.ckpt.
[2026-02-09 15:20:03] INFO {'epoch': 62, 'sport_5_ndcg@20': tensor(0.0257), 'sport_5_recall@20': tensor(0.0584), 'ndcg@20': tensor(0.0257), 'recall@20': tensor(0.0584), 'train_loss_0': tensor(0.4748, device='cuda:0')}
[2026-02-09 15:20:03] INFO training_time: 1010.7507276535034
[2026-02-09 15:20:03] INFO inference_time: 91.30454730987549
[2026-02-09 15:20:03] INFO ndcg@20 improved. Best value: 0.0257
[2026-02-09 15:20:03] INFO Best model checkpoint saved in saved/SASRec/noisy_5/2026-02-09-15-01-33-205638.ckpt.
[2026-02-09 15:20:18] INFO {'epoch': 63, 'sport_5_ndcg@20': tensor(0.0254), 'sport_5_recall@20': tensor(0.0576), 'ndcg@20': tensor(0.0254), 'recall@20': tensor(0.0576), 'train_loss_0': tensor(0.4759, device='cuda:0')}
[2026-02-09 15:20:18] INFO training_time: 1024.6152102947235
[2026-02-09 15:20:18] INFO inference_time: 92.70149850845337
[2026-02-09 15:20:33] INFO {'epoch': 64, 'sport_5_ndcg@20': tensor(0.0256), 'sport_5_recall@20': tensor(0.0593), 'ndcg@20': tensor(0.0256), 'recall@20': tensor(0.0593), 'train_loss_0': tensor(0.4732, device='cuda:0')}
[2026-02-09 15:20:33] INFO training_time: 1038.370120048523
[2026-02-09 15:20:33] INFO inference_time: 94.08276176452637
[2026-02-09 15:20:48] INFO {'epoch': 65, 'sport_5_ndcg@20': tensor(0.0259), 'sport_5_recall@20': tensor(0.0588), 'ndcg@20': tensor(0.0259), 'recall@20': tensor(0.0588), 'train_loss_0': tensor(0.4701, device='cuda:0')}
[2026-02-09 15:20:48] INFO training_time: 1052.114358663559
[2026-02-09 15:20:48] INFO inference_time: 95.56864953041077
[2026-02-09 15:20:48] INFO ndcg@20 improved. Best value: 0.0259
[2026-02-09 15:20:48] INFO Best model checkpoint saved in saved/SASRec/noisy_5/2026-02-09-15-01-33-205638.ckpt.
[2026-02-09 15:21:04] INFO {'epoch': 66, 'sport_5_ndcg@20': tensor(0.0259), 'sport_5_recall@20': tensor(0.0592), 'ndcg@20': tensor(0.0259), 'recall@20': tensor(0.0592), 'train_loss_0': tensor(0.4714, device='cuda:0')}
[2026-02-09 15:21:04] INFO training_time: 1066.0809507369995
[2026-02-09 15:21:04] INFO inference_time: 96.93670177459717
[2026-02-09 15:21:19] INFO {'epoch': 67, 'sport_5_ndcg@20': tensor(0.0259), 'sport_5_recall@20': tensor(0.0592), 'ndcg@20': tensor(0.0259), 'recall@20': tensor(0.0592), 'train_loss_0': tensor(0.4682, device='cuda:0')}
[2026-02-09 15:21:19] INFO training_time: 1079.682353258133
[2026-02-09 15:21:19] INFO inference_time: 98.33632493019104
[2026-02-09 15:21:34] INFO {'epoch': 68, 'sport_5_ndcg@20': tensor(0.0255), 'sport_5_recall@20': tensor(0.0585), 'ndcg@20': tensor(0.0255), 'recall@20': tensor(0.0585), 'train_loss_0': tensor(0.4716, device='cuda:0')}
[2026-02-09 15:21:34] INFO training_time: 1093.361243724823
[2026-02-09 15:21:34] INFO inference_time: 99.68273591995239
[2026-02-09 15:21:49] INFO {'epoch': 69, 'sport_5_ndcg@20': tensor(0.0256), 'sport_5_recall@20': tensor(0.0587), 'ndcg@20': tensor(0.0256), 'recall@20': tensor(0.0587), 'train_loss_0': tensor(0.4687, device='cuda:0')}
[2026-02-09 15:21:49] INFO training_time: 1107.0835995674133
[2026-02-09 15:21:49] INFO inference_time: 100.99875831604004
[2026-02-09 15:22:04] INFO {'epoch': 70, 'sport_5_ndcg@20': tensor(0.0256), 'sport_5_recall@20': tensor(0.0581), 'ndcg@20': tensor(0.0256), 'recall@20': tensor(0.0581), 'train_loss_0': tensor(0.4666, device='cuda:0')}
[2026-02-09 15:22:04] INFO training_time: 1120.8371901512146
[2026-02-09 15:22:04] INFO inference_time: 102.66628456115723
[2026-02-09 15:22:19] INFO {'epoch': 71, 'sport_5_ndcg@20': tensor(0.0256), 'sport_5_recall@20': tensor(0.0584), 'ndcg@20': tensor(0.0256), 'recall@20': tensor(0.0584), 'train_loss_0': tensor(0.4650, device='cuda:0')}
[2026-02-09 15:22:19] INFO training_time: 1134.7012152671814
[2026-02-09 15:22:19] INFO inference_time: 104.04849767684937
[2026-02-09 15:22:34] INFO {'epoch': 72, 'sport_5_ndcg@20': tensor(0.0257), 'sport_5_recall@20': tensor(0.0584), 'ndcg@20': tensor(0.0257), 'recall@20': tensor(0.0584), 'train_loss_0': tensor(0.4672, device='cuda:0')}
[2026-02-09 15:22:34] INFO training_time: 1148.4736359119415
[2026-02-09 15:22:34] INFO inference_time: 105.440021276474
[2026-02-09 15:22:50] INFO {'epoch': 73, 'sport_5_ndcg@20': tensor(0.0258), 'sport_5_recall@20': tensor(0.0581), 'ndcg@20': tensor(0.0258), 'recall@20': tensor(0.0581), 'train_loss_0': tensor(0.4633, device='cuda:0')}
[2026-02-09 15:22:50] INFO training_time: 1162.3598036766052
[2026-02-09 15:22:50] INFO inference_time: 106.80114841461182
[2026-02-09 15:23:05] INFO {'epoch': 74, 'sport_5_ndcg@20': tensor(0.0263), 'sport_5_recall@20': tensor(0.0599), 'ndcg@20': tensor(0.0263), 'recall@20': tensor(0.0599), 'train_loss_0': tensor(0.4652, device='cuda:0')}
[2026-02-09 15:23:05] INFO training_time: 1176.183347940445
[2026-02-09 15:23:05] INFO inference_time: 108.13293647766113
[2026-02-09 15:23:05] INFO ndcg@20 improved. Best value: 0.0263
[2026-02-09 15:23:05] INFO Best model checkpoint saved in saved/SASRec/noisy_5/2026-02-09-15-01-33-205638.ckpt.
[2026-02-09 15:23:21] INFO {'epoch': 75, 'sport_5_ndcg@20': tensor(0.0260), 'sport_5_recall@20': tensor(0.0594), 'ndcg@20': tensor(0.0260), 'recall@20': tensor(0.0594), 'train_loss_0': tensor(0.4642, device='cuda:0')}
[2026-02-09 15:23:21] INFO training_time: 1191.0480742454529
[2026-02-09 15:23:21] INFO inference_time: 109.53761911392212
[2026-02-09 15:23:44] INFO {'epoch': 76, 'sport_5_ndcg@20': tensor(0.0261), 'sport_5_recall@20': tensor(0.0591), 'ndcg@20': tensor(0.0261), 'recall@20': tensor(0.0591), 'train_loss_0': tensor(0.4664, device='cuda:0')}
[2026-02-09 15:23:44] INFO training_time: 1211.9685781002045
[2026-02-09 15:23:44] INFO inference_time: 110.99542713165283
[2026-02-09 15:24:09] INFO {'epoch': 77, 'sport_5_ndcg@20': tensor(0.0256), 'sport_5_recall@20': tensor(0.0587), 'ndcg@20': tensor(0.0256), 'recall@20': tensor(0.0587), 'train_loss_0': tensor(0.4622, device='cuda:0')}
[2026-02-09 15:24:09] INFO training_time: 1235.8762691020966
[2026-02-09 15:24:09] INFO inference_time: 112.50672602653503
[2026-02-09 15:24:35] INFO {'epoch': 78, 'sport_5_ndcg@20': tensor(0.0259), 'sport_5_recall@20': tensor(0.0593), 'ndcg@20': tensor(0.0259), 'recall@20': tensor(0.0593), 'train_loss_0': tensor(0.4617, device='cuda:0')}
[2026-02-09 15:24:35] INFO training_time: 1259.952904701233
[2026-02-09 15:24:35] INFO inference_time: 113.98804211616516
[2026-02-09 15:25:00] INFO {'epoch': 79, 'sport_5_ndcg@20': tensor(0.0259), 'sport_5_recall@20': tensor(0.0586), 'ndcg@20': tensor(0.0259), 'recall@20': tensor(0.0586), 'train_loss_0': tensor(0.4601, device='cuda:0')}
[2026-02-09 15:25:00] INFO training_time: 1284.0907618999481
[2026-02-09 15:25:00] INFO inference_time: 115.44417691230774
[2026-02-09 15:25:26] INFO {'epoch': 80, 'sport_5_ndcg@20': tensor(0.0258), 'sport_5_recall@20': tensor(0.0593), 'ndcg@20': tensor(0.0258), 'recall@20': tensor(0.0593), 'train_loss_0': tensor(0.4586, device='cuda:0')}
[2026-02-09 15:25:26] INFO training_time: 1308.172888994217
[2026-02-09 15:25:26] INFO inference_time: 117.30657196044922
[2026-02-09 15:25:52] INFO {'epoch': 81, 'sport_5_ndcg@20': tensor(0.0256), 'sport_5_recall@20': tensor(0.0592), 'ndcg@20': tensor(0.0256), 'recall@20': tensor(0.0592), 'train_loss_0': tensor(0.4553, device='cuda:0')}
[2026-02-09 15:25:52] INFO training_time: 1332.2769420146942
[2026-02-09 15:25:52] INFO inference_time: 118.6418137550354
[2026-02-09 15:26:17] INFO {'epoch': 82, 'sport_5_ndcg@20': tensor(0.0253), 'sport_5_recall@20': tensor(0.0577), 'ndcg@20': tensor(0.0253), 'recall@20': tensor(0.0577), 'train_loss_0': tensor(0.4562, device='cuda:0')}
[2026-02-09 15:26:17] INFO training_time: 1356.3947293758392
[2026-02-09 15:26:17] INFO inference_time: 120.08357644081116
[2026-02-09 15:26:43] INFO {'epoch': 83, 'sport_5_ndcg@20': tensor(0.0254), 'sport_5_recall@20': tensor(0.0571), 'ndcg@20': tensor(0.0254), 'recall@20': tensor(0.0571), 'train_loss_0': tensor(0.4549, device='cuda:0')}
[2026-02-09 15:26:43] INFO training_time: 1380.6698796749115
[2026-02-09 15:26:43] INFO inference_time: 121.47274661064148
[2026-02-09 15:27:08] INFO {'epoch': 84, 'sport_5_ndcg@20': tensor(0.0257), 'sport_5_recall@20': tensor(0.0573), 'ndcg@20': tensor(0.0257), 'recall@20': tensor(0.0573), 'train_loss_0': tensor(0.4570, device='cuda:0')}
[2026-02-09 15:27:08] INFO training_time: 1404.7672414779663
[2026-02-09 15:27:08] INFO inference_time: 122.92918133735657
[2026-02-09 15:27:34] INFO {'epoch': 85, 'sport_5_ndcg@20': tensor(0.0260), 'sport_5_recall@20': tensor(0.0589), 'ndcg@20': tensor(0.0260), 'recall@20': tensor(0.0589), 'train_loss_0': tensor(0.4529, device='cuda:0')}
[2026-02-09 15:27:34] INFO training_time: 1428.9912316799164
[2026-02-09 15:27:34] INFO inference_time: 124.34558320045471
[2026-02-09 15:28:00] INFO {'epoch': 86, 'sport_5_ndcg@20': tensor(0.0253), 'sport_5_recall@20': tensor(0.0574), 'ndcg@20': tensor(0.0253), 'recall@20': tensor(0.0574), 'train_loss_0': tensor(0.4523, device='cuda:0')}
[2026-02-09 15:28:00] INFO training_time: 1453.0591650009155
[2026-02-09 15:28:00] INFO inference_time: 125.74146318435669
[2026-02-09 15:28:25] INFO {'epoch': 87, 'sport_5_ndcg@20': tensor(0.0258), 'sport_5_recall@20': tensor(0.0596), 'ndcg@20': tensor(0.0258), 'recall@20': tensor(0.0596), 'train_loss_0': tensor(0.4544, device='cuda:0')}
[2026-02-09 15:28:25] INFO training_time: 1477.0419101715088
[2026-02-09 15:28:25] INFO inference_time: 127.09696316719055
[2026-02-09 15:28:50] INFO {'epoch': 88, 'sport_5_ndcg@20': tensor(0.0258), 'sport_5_recall@20': tensor(0.0591), 'ndcg@20': tensor(0.0258), 'recall@20': tensor(0.0591), 'train_loss_0': tensor(0.4519, device='cuda:0')}
[2026-02-09 15:28:50] INFO training_time: 1501.205694437027
[2026-02-09 15:28:50] INFO inference_time: 128.48331236839294
[2026-02-09 15:29:16] INFO {'epoch': 89, 'sport_5_ndcg@20': tensor(0.0258), 'sport_5_recall@20': tensor(0.0589), 'ndcg@20': tensor(0.0258), 'recall@20': tensor(0.0589), 'train_loss_0': tensor(0.4537, device='cuda:0')}
[2026-02-09 15:29:16] INFO training_time: 1525.2315974235535
[2026-02-09 15:29:16] INFO inference_time: 129.9615330696106
[2026-02-09 15:29:42] INFO {'epoch': 90, 'sport_5_ndcg@20': tensor(0.0254), 'sport_5_recall@20': tensor(0.0580), 'ndcg@20': tensor(0.0254), 'recall@20': tensor(0.0580), 'train_loss_0': tensor(0.4512, device='cuda:0')}
[2026-02-09 15:29:42] INFO training_time: 1549.2988421916962
[2026-02-09 15:29:42] INFO inference_time: 131.81842231750488
[2026-02-09 15:30:07] INFO {'epoch': 91, 'sport_5_ndcg@20': tensor(0.0249), 'sport_5_recall@20': tensor(0.0579), 'ndcg@20': tensor(0.0249), 'recall@20': tensor(0.0579), 'train_loss_0': tensor(0.4493, device='cuda:0')}
[2026-02-09 15:30:07] INFO training_time: 1573.4272310733795
[2026-02-09 15:30:07] INFO inference_time: 133.25515031814575
[2026-02-09 15:30:33] INFO {'epoch': 92, 'sport_5_ndcg@20': tensor(0.0259), 'sport_5_recall@20': tensor(0.0587), 'ndcg@20': tensor(0.0259), 'recall@20': tensor(0.0587), 'train_loss_0': tensor(0.4482, device='cuda:0')}
[2026-02-09 15:30:33] INFO training_time: 1597.3711762428284
[2026-02-09 15:30:33] INFO inference_time: 134.5754201412201
[2026-02-09 15:30:56] INFO {'epoch': 93, 'sport_5_ndcg@20': tensor(0.0254), 'sport_5_recall@20': tensor(0.0576), 'ndcg@20': tensor(0.0254), 'recall@20': tensor(0.0576), 'train_loss_0': tensor(0.4483, device='cuda:0')}
[2026-02-09 15:30:56] INFO training_time: 1619.4461512565613
[2026-02-09 15:30:56] INFO inference_time: 136.0252242088318
[2026-02-09 15:31:17] INFO {'epoch': 94, 'sport_5_ndcg@20': tensor(0.0254), 'sport_5_recall@20': tensor(0.0578), 'ndcg@20': tensor(0.0254), 'recall@20': tensor(0.0578), 'train_loss_0': tensor(0.4457, device='cuda:0')}
[2026-02-09 15:31:17] INFO training_time: 1638.6057810783386
[2026-02-09 15:31:17] INFO inference_time: 137.35648918151855
[2026-02-09 15:31:17] INFO Early stopped. Since the metric ndcg@20 haven't been improved for 20 epochs.
[2026-02-09 15:31:17] INFO The best score of ndcg@20 is 0.0263 on epoch 74
[2026-02-09 15:31:17] INFO Best model checkpoint saved in saved/SASRec/noisy_5/2026-02-09-15-01-33-205638.ckpt.
[2026-02-09 15:31:18] INFO defaultdict(<class 'float'>, {'sport_5_ndcg@20': tensor(0.0199), 'sport_5_recall@20': tensor(0.0453), 'sport_5_ndcg@10': tensor(0.0162), 'sport_5_recall@10': tensor(0.0304), 'ndcg@20': tensor(0.0199), 'recall@20': tensor(0.0453), 'ndcg@10': tensor(0.0162), 'recall@10': tensor(0.0304)})
