[2026-02-08 22:00:23] INFO PID of this process: 3769767
[2026-02-08 22:00:34] INFO {'model': {'embed_dim': 64, 'loss_fn': 'bce', 'hidden_size': 128, 'layer_num': 2, 'head_num': 2, 'dropout_rate': 0.5, 'activation': 'gelu', 'layer_norm_eps': 1e-12, 'model': 'SASRec'}, 'data': {'domain_name_list': ['yelp_5'], 'user_threshold': 5, 'item_threshold': 5, 'max_seq_len': 50, 'dataset_class': 'general', 'train_file': '_regen', 'dataset': 'noisy_5'}, 'train': {'batch_size': 256, 'early_stop_mode': 'max', 'early_stop_patience': 20, 'epochs': 1000, 'device': 'cuda', 'optimizer': 'adam', 'learning_rate': 0.001, 'weight_decay': 0, 'num_neg': 1, 'seed': 2023}, 'eval': {'batch_size': 2048, 'cutoff': [20, 10], 'val_metrics': ['ndcg', 'recall'], 'test_metrics': ['ndcg', 'recall'], 'topk': 100, 'save_path': './saved/'}}
[2026-02-08 22:00:34] INFO <data.dataset.SeparateDataset object at 0x7f03093951f0>
[2026-02-08 22:00:34] INFO save_dir:saved
[2026-02-08 22:00:34] INFO SASRec(
  (item_embedding): Embedding(20034, 64, padding_idx=0)
  (query_encoder): SASRecQueryEncoder(
    (item_encoder): Embedding(20034, 64, padding_idx=0)
    (position_emb): Embedding(50, 64)
    (transformer_layer): TransformerEncoder(
      (layers): ModuleList(
        (0): TransformerEncoderLayer(
          (self_attn): MultiheadAttention(
            (out_proj): NonDynamicallyQuantizableLinear(in_features=64, out_features=64, bias=True)
          )
          (linear1): Linear(in_features=64, out_features=128, bias=True)
          (dropout): Dropout(p=0.5, inplace=False)
          (linear2): Linear(in_features=128, out_features=64, bias=True)
          (norm1): LayerNorm((64,), eps=1e-12, elementwise_affine=True)
          (norm2): LayerNorm((64,), eps=1e-12, elementwise_affine=True)
          (dropout1): Dropout(p=0.5, inplace=False)
          (dropout2): Dropout(p=0.5, inplace=False)
        )
        (1): TransformerEncoderLayer(
          (self_attn): MultiheadAttention(
            (out_proj): NonDynamicallyQuantizableLinear(in_features=64, out_features=64, bias=True)
          )
          (linear1): Linear(in_features=64, out_features=128, bias=True)
          (dropout): Dropout(p=0.5, inplace=False)
          (linear2): Linear(in_features=128, out_features=64, bias=True)
          (norm1): LayerNorm((64,), eps=1e-12, elementwise_affine=True)
          (norm2): LayerNorm((64,), eps=1e-12, elementwise_affine=True)
          (dropout1): Dropout(p=0.5, inplace=False)
          (dropout2): Dropout(p=0.5, inplace=False)
        )
      )
    )
    (dropout): Dropout(p=0.5, inplace=False)
    (training_pooling_layer): SeqPoolingLayer()
    (eval_pooling_layer): SeqPoolingLayer()
  )
  (loss_fn): BinaryCrossEntropyLoss()
)
[2026-02-08 22:01:32] INFO {'epoch': 0, 'yelp_5_ndcg@20': tensor(0.0076), 'yelp_5_recall@20': tensor(0.0187), 'ndcg@20': tensor(0.0076), 'recall@20': tensor(0.0187), 'train_loss_0': tensor(1.1693, device='cuda:0')}
[2026-02-08 22:01:32] INFO training_time: 57.31953763961792
[2026-02-08 22:01:32] INFO inference_time: 1.3883905410766602
[2026-02-08 22:01:32] INFO ndcg@20 improved. Best value: 0.0076
[2026-02-08 22:01:32] INFO Best model checkpoint saved in saved/SASRec/noisy_5/2026-02-08-22-00-23-560137.ckpt.
[2026-02-08 22:02:28] INFO {'epoch': 1, 'yelp_5_ndcg@20': tensor(0.0118), 'yelp_5_recall@20': tensor(0.0336), 'ndcg@20': tensor(0.0118), 'recall@20': tensor(0.0336), 'train_loss_0': tensor(0.8499, device='cuda:0')}
[2026-02-08 22:02:28] INFO training_time: 111.37099957466125
[2026-02-08 22:02:28] INFO inference_time: 2.592651605606079
[2026-02-08 22:02:28] INFO ndcg@20 improved. Best value: 0.0118
[2026-02-08 22:02:28] INFO Best model checkpoint saved in saved/SASRec/noisy_5/2026-02-08-22-00-23-560137.ckpt.
[2026-02-08 22:03:25] INFO {'epoch': 2, 'yelp_5_ndcg@20': tensor(0.0130), 'yelp_5_recall@20': tensor(0.0375), 'ndcg@20': tensor(0.0130), 'recall@20': tensor(0.0375), 'train_loss_0': tensor(0.6741, device='cuda:0')}
[2026-02-08 22:03:25] INFO training_time: 167.79117059707642
[2026-02-08 22:03:25] INFO inference_time: 3.883396863937378
[2026-02-08 22:03:25] INFO ndcg@20 improved. Best value: 0.0130
[2026-02-08 22:03:25] INFO Best model checkpoint saved in saved/SASRec/noisy_5/2026-02-08-22-00-23-560137.ckpt.
[2026-02-08 22:04:23] INFO {'epoch': 3, 'yelp_5_ndcg@20': tensor(0.0160), 'yelp_5_recall@20': tensor(0.0429), 'ndcg@20': tensor(0.0160), 'recall@20': tensor(0.0429), 'train_loss_0': tensor(0.5960, device='cuda:0')}
[2026-02-08 22:04:23] INFO training_time: 223.80253076553345
[2026-02-08 22:04:23] INFO inference_time: 5.123297691345215
[2026-02-08 22:04:23] INFO ndcg@20 improved. Best value: 0.0160
[2026-02-08 22:04:23] INFO Best model checkpoint saved in saved/SASRec/noisy_5/2026-02-08-22-00-23-560137.ckpt.
[2026-02-08 22:05:20] INFO {'epoch': 4, 'yelp_5_ndcg@20': tensor(0.0161), 'yelp_5_recall@20': tensor(0.0443), 'ndcg@20': tensor(0.0161), 'recall@20': tensor(0.0443), 'train_loss_0': tensor(0.5449, device='cuda:0')}
[2026-02-08 22:05:20] INFO training_time: 280.14440655708313
[2026-02-08 22:05:20] INFO inference_time: 6.292469024658203
[2026-02-08 22:05:20] INFO ndcg@20 improved. Best value: 0.0161
[2026-02-08 22:05:20] INFO Best model checkpoint saved in saved/SASRec/noisy_5/2026-02-08-22-00-23-560137.ckpt.
[2026-02-08 22:06:15] INFO {'epoch': 5, 'yelp_5_ndcg@20': tensor(0.0175), 'yelp_5_recall@20': tensor(0.0470), 'ndcg@20': tensor(0.0175), 'recall@20': tensor(0.0470), 'train_loss_0': tensor(0.5096, device='cuda:0')}
[2026-02-08 22:06:15] INFO training_time: 334.0743737220764
[2026-02-08 22:06:15] INFO inference_time: 7.529309988021851
[2026-02-08 22:06:15] INFO ndcg@20 improved. Best value: 0.0175
[2026-02-08 22:06:15] INFO Best model checkpoint saved in saved/SASRec/noisy_5/2026-02-08-22-00-23-560137.ckpt.
[2026-02-08 22:07:10] INFO {'epoch': 6, 'yelp_5_ndcg@20': tensor(0.0162), 'yelp_5_recall@20': tensor(0.0448), 'ndcg@20': tensor(0.0162), 'recall@20': tensor(0.0448), 'train_loss_0': tensor(0.4829, device='cuda:0')}
[2026-02-08 22:07:10] INFO training_time: 387.3942537307739
[2026-02-08 22:07:10] INFO inference_time: 8.794429779052734
[2026-02-08 22:08:07] INFO {'epoch': 7, 'yelp_5_ndcg@20': tensor(0.0170), 'yelp_5_recall@20': tensor(0.0467), 'ndcg@20': tensor(0.0170), 'recall@20': tensor(0.0467), 'train_loss_0': tensor(0.4638, device='cuda:0')}
[2026-02-08 22:08:07] INFO training_time: 443.2793130874634
[2026-02-08 22:08:07] INFO inference_time: 10.016987085342407
[2026-02-08 22:09:01] INFO {'epoch': 8, 'yelp_5_ndcg@20': tensor(0.0160), 'yelp_5_recall@20': tensor(0.0441), 'ndcg@20': tensor(0.0160), 'recall@20': tensor(0.0441), 'train_loss_0': tensor(0.4478, device='cuda:0')}
[2026-02-08 22:09:01] INFO training_time: 496.3469922542572
[2026-02-08 22:09:01] INFO inference_time: 11.333025217056274
[2026-02-08 22:09:57] INFO {'epoch': 9, 'yelp_5_ndcg@20': tensor(0.0177), 'yelp_5_recall@20': tensor(0.0472), 'ndcg@20': tensor(0.0177), 'recall@20': tensor(0.0472), 'train_loss_0': tensor(0.4325, device='cuda:0')}
[2026-02-08 22:09:57] INFO training_time: 550.4307918548584
[2026-02-08 22:09:57] INFO inference_time: 12.768338918685913
[2026-02-08 22:09:57] INFO ndcg@20 improved. Best value: 0.0177
[2026-02-08 22:09:57] INFO Best model checkpoint saved in saved/SASRec/noisy_5/2026-02-08-22-00-23-560137.ckpt.
[2026-02-08 22:10:52] INFO {'epoch': 10, 'yelp_5_ndcg@20': tensor(0.0178), 'yelp_5_recall@20': tensor(0.0472), 'ndcg@20': tensor(0.0178), 'recall@20': tensor(0.0472), 'train_loss_0': tensor(0.4247, device='cuda:0')}
[2026-02-08 22:10:52] INFO training_time: 603.8126633167267
[2026-02-08 22:10:52] INFO inference_time: 14.309516191482544
[2026-02-08 22:10:52] INFO ndcg@20 improved. Best value: 0.0178
[2026-02-08 22:10:52] INFO Best model checkpoint saved in saved/SASRec/noisy_5/2026-02-08-22-00-23-560137.ckpt.
[2026-02-08 22:11:46] INFO {'epoch': 11, 'yelp_5_ndcg@20': tensor(0.0183), 'yelp_5_recall@20': tensor(0.0474), 'ndcg@20': tensor(0.0183), 'recall@20': tensor(0.0474), 'train_loss_0': tensor(0.4172, device='cuda:0')}
[2026-02-08 22:11:46] INFO training_time: 656.8809094429016
[2026-02-08 22:11:46] INFO inference_time: 15.480375528335571
[2026-02-08 22:11:46] INFO ndcg@20 improved. Best value: 0.0183
[2026-02-08 22:11:46] INFO Best model checkpoint saved in saved/SASRec/noisy_5/2026-02-08-22-00-23-560137.ckpt.
[2026-02-08 22:12:42] INFO {'epoch': 12, 'yelp_5_ndcg@20': tensor(0.0183), 'yelp_5_recall@20': tensor(0.0480), 'ndcg@20': tensor(0.0183), 'recall@20': tensor(0.0480), 'train_loss_0': tensor(0.4075, device='cuda:0')}
[2026-02-08 22:12:42] INFO training_time: 711.421932220459
[2026-02-08 22:12:42] INFO inference_time: 16.671928882598877
[2026-02-08 22:13:37] INFO {'epoch': 13, 'yelp_5_ndcg@20': tensor(0.0182), 'yelp_5_recall@20': tensor(0.0481), 'ndcg@20': tensor(0.0182), 'recall@20': tensor(0.0481), 'train_loss_0': tensor(0.4006, device='cuda:0')}
[2026-02-08 22:13:37] INFO training_time: 765.1240694522858
[2026-02-08 22:13:37] INFO inference_time: 17.988125562667847
[2026-02-08 22:14:30] INFO {'epoch': 14, 'yelp_5_ndcg@20': tensor(0.0186), 'yelp_5_recall@20': tensor(0.0481), 'ndcg@20': tensor(0.0186), 'recall@20': tensor(0.0481), 'train_loss_0': tensor(0.3934, device='cuda:0')}
[2026-02-08 22:14:30] INFO training_time: 816.9813833236694
[2026-02-08 22:14:30] INFO inference_time: 19.36553931236267
[2026-02-08 22:14:30] INFO ndcg@20 improved. Best value: 0.0186
[2026-02-08 22:14:30] INFO Best model checkpoint saved in saved/SASRec/noisy_5/2026-02-08-22-00-23-560137.ckpt.
[2026-02-08 22:15:27] INFO {'epoch': 15, 'yelp_5_ndcg@20': tensor(0.0186), 'yelp_5_recall@20': tensor(0.0480), 'ndcg@20': tensor(0.0186), 'recall@20': tensor(0.0480), 'train_loss_0': tensor(0.3879, device='cuda:0')}
[2026-02-08 22:15:27] INFO training_time: 872.2926235198975
[2026-02-08 22:15:27] INFO inference_time: 20.508299827575684
[2026-02-08 22:16:23] INFO {'epoch': 16, 'yelp_5_ndcg@20': tensor(0.0189), 'yelp_5_recall@20': tensor(0.0494), 'ndcg@20': tensor(0.0189), 'recall@20': tensor(0.0494), 'train_loss_0': tensor(0.3855, device='cuda:0')}
[2026-02-08 22:16:23] INFO training_time: 927.6783132553101
[2026-02-08 22:16:23] INFO inference_time: 21.69534397125244
[2026-02-08 22:16:23] INFO ndcg@20 improved. Best value: 0.0189
[2026-02-08 22:16:23] INFO Best model checkpoint saved in saved/SASRec/noisy_5/2026-02-08-22-00-23-560137.ckpt.
[2026-02-08 22:17:19] INFO {'epoch': 17, 'yelp_5_ndcg@20': tensor(0.0186), 'yelp_5_recall@20': tensor(0.0493), 'ndcg@20': tensor(0.0186), 'recall@20': tensor(0.0493), 'train_loss_0': tensor(0.3811, device='cuda:0')}
[2026-02-08 22:17:19] INFO training_time: 981.7747900485992
[2026-02-08 22:17:19] INFO inference_time: 22.938766717910767
[2026-02-08 22:18:16] INFO {'epoch': 18, 'yelp_5_ndcg@20': tensor(0.0199), 'yelp_5_recall@20': tensor(0.0515), 'ndcg@20': tensor(0.0199), 'recall@20': tensor(0.0515), 'train_loss_0': tensor(0.3766, device='cuda:0')}
[2026-02-08 22:18:16] INFO training_time: 1037.6252584457397
[2026-02-08 22:18:16] INFO inference_time: 24.080816507339478
[2026-02-08 22:18:16] INFO ndcg@20 improved. Best value: 0.0199
[2026-02-08 22:18:16] INFO Best model checkpoint saved in saved/SASRec/noisy_5/2026-02-08-22-00-23-560137.ckpt.
[2026-02-08 22:19:12] INFO {'epoch': 19, 'yelp_5_ndcg@20': tensor(0.0194), 'yelp_5_recall@20': tensor(0.0504), 'ndcg@20': tensor(0.0194), 'recall@20': tensor(0.0504), 'train_loss_0': tensor(0.3723, device='cuda:0')}
[2026-02-08 22:19:12] INFO training_time: 1092.8847608566284
[2026-02-08 22:19:12] INFO inference_time: 25.334678888320923
[2026-02-08 22:20:07] INFO {'epoch': 20, 'yelp_5_ndcg@20': tensor(0.0176), 'yelp_5_recall@20': tensor(0.0467), 'ndcg@20': tensor(0.0176), 'recall@20': tensor(0.0467), 'train_loss_0': tensor(0.3683, device='cuda:0')}
[2026-02-08 22:20:07] INFO training_time: 1145.773728132248
[2026-02-08 22:20:07] INFO inference_time: 26.811543464660645
[2026-02-08 22:21:00] INFO {'epoch': 21, 'yelp_5_ndcg@20': tensor(0.0197), 'yelp_5_recall@20': tensor(0.0508), 'ndcg@20': tensor(0.0197), 'recall@20': tensor(0.0508), 'train_loss_0': tensor(0.3672, device='cuda:0')}
[2026-02-08 22:21:00] INFO training_time: 1198.2052609920502
[2026-02-08 22:21:00] INFO inference_time: 28.116074562072754
[2026-02-08 22:21:55] INFO {'epoch': 22, 'yelp_5_ndcg@20': tensor(0.0197), 'yelp_5_recall@20': tensor(0.0500), 'ndcg@20': tensor(0.0197), 'recall@20': tensor(0.0500), 'train_loss_0': tensor(0.3640, device='cuda:0')}
[2026-02-08 22:21:55] INFO training_time: 1252.0221066474915
[2026-02-08 22:21:55] INFO inference_time: 29.385470867156982
[2026-02-08 22:22:47] INFO {'epoch': 23, 'yelp_5_ndcg@20': tensor(0.0193), 'yelp_5_recall@20': tensor(0.0499), 'ndcg@20': tensor(0.0193), 'recall@20': tensor(0.0499), 'train_loss_0': tensor(0.3618, device='cuda:0')}
[2026-02-08 22:22:47] INFO training_time: 1302.6228477954865
[2026-02-08 22:22:47] INFO inference_time: 30.730663299560547
[2026-02-08 22:23:42] INFO {'epoch': 24, 'yelp_5_ndcg@20': tensor(0.0200), 'yelp_5_recall@20': tensor(0.0512), 'ndcg@20': tensor(0.0200), 'recall@20': tensor(0.0512), 'train_loss_0': tensor(0.3587, device='cuda:0')}
[2026-02-08 22:23:42] INFO training_time: 1355.8113477230072
[2026-02-08 22:23:42] INFO inference_time: 31.86289095878601
[2026-02-08 22:23:42] INFO ndcg@20 improved. Best value: 0.0200
[2026-02-08 22:23:42] INFO Best model checkpoint saved in saved/SASRec/noisy_5/2026-02-08-22-00-23-560137.ckpt.
[2026-02-08 22:24:34] INFO {'epoch': 25, 'yelp_5_ndcg@20': tensor(0.0197), 'yelp_5_recall@20': tensor(0.0514), 'ndcg@20': tensor(0.0197), 'recall@20': tensor(0.0514), 'train_loss_0': tensor(0.3589, device='cuda:0')}
[2026-02-08 22:24:34] INFO training_time: 1407.0428500175476
[2026-02-08 22:24:34] INFO inference_time: 33.18884754180908
[2026-02-08 22:25:28] INFO {'epoch': 26, 'yelp_5_ndcg@20': tensor(0.0193), 'yelp_5_recall@20': tensor(0.0504), 'ndcg@20': tensor(0.0193), 'recall@20': tensor(0.0504), 'train_loss_0': tensor(0.3515, device='cuda:0')}
[2026-02-08 22:25:28] INFO training_time: 1459.9518613815308
[2026-02-08 22:25:28] INFO inference_time: 34.45175790786743
[2026-02-08 22:26:23] INFO {'epoch': 27, 'yelp_5_ndcg@20': tensor(0.0195), 'yelp_5_recall@20': tensor(0.0503), 'ndcg@20': tensor(0.0195), 'recall@20': tensor(0.0503), 'train_loss_0': tensor(0.3498, device='cuda:0')}
[2026-02-08 22:26:23] INFO training_time: 1512.950519323349
[2026-02-08 22:26:23] INFO inference_time: 35.73397898674011
[2026-02-08 22:27:18] INFO {'epoch': 28, 'yelp_5_ndcg@20': tensor(0.0198), 'yelp_5_recall@20': tensor(0.0511), 'ndcg@20': tensor(0.0198), 'recall@20': tensor(0.0511), 'train_loss_0': tensor(0.3493, device='cuda:0')}
[2026-02-08 22:27:18] INFO training_time: 1567.1385095119476
[2026-02-08 22:27:18] INFO inference_time: 36.894198179244995
[2026-02-08 22:28:13] INFO {'epoch': 29, 'yelp_5_ndcg@20': tensor(0.0193), 'yelp_5_recall@20': tensor(0.0492), 'ndcg@20': tensor(0.0193), 'recall@20': tensor(0.0492), 'train_loss_0': tensor(0.3475, device='cuda:0')}
[2026-02-08 22:28:13] INFO training_time: 1620.5414345264435
[2026-02-08 22:28:13] INFO inference_time: 38.271087408065796
[2026-02-08 22:29:09] INFO {'epoch': 30, 'yelp_5_ndcg@20': tensor(0.0190), 'yelp_5_recall@20': tensor(0.0505), 'ndcg@20': tensor(0.0190), 'recall@20': tensor(0.0505), 'train_loss_0': tensor(0.3438, device='cuda:0')}
[2026-02-08 22:29:09] INFO training_time: 1674.6800165176392
[2026-02-08 22:29:09] INFO inference_time: 39.7954523563385
[2026-02-08 22:30:03] INFO {'epoch': 31, 'yelp_5_ndcg@20': tensor(0.0185), 'yelp_5_recall@20': tensor(0.0499), 'ndcg@20': tensor(0.0185), 'recall@20': tensor(0.0499), 'train_loss_0': tensor(0.3431, device='cuda:0')}
[2026-02-08 22:30:03] INFO training_time: 1727.8409550189972
[2026-02-08 22:30:03] INFO inference_time: 41.28112077713013
[2026-02-08 22:30:56] INFO {'epoch': 32, 'yelp_5_ndcg@20': tensor(0.0191), 'yelp_5_recall@20': tensor(0.0500), 'ndcg@20': tensor(0.0191), 'recall@20': tensor(0.0500), 'train_loss_0': tensor(0.3419, device='cuda:0')}
[2026-02-08 22:30:56] INFO training_time: 1779.5063726902008
[2026-02-08 22:30:56] INFO inference_time: 42.58401679992676
[2026-02-08 22:31:49] INFO {'epoch': 33, 'yelp_5_ndcg@20': tensor(0.0199), 'yelp_5_recall@20': tensor(0.0514), 'ndcg@20': tensor(0.0199), 'recall@20': tensor(0.0514), 'train_loss_0': tensor(0.3397, device='cuda:0')}
[2026-02-08 22:31:49] INFO training_time: 1831.2367641925812
[2026-02-08 22:31:49] INFO inference_time: 43.74710750579834
[2026-02-08 22:32:44] INFO {'epoch': 34, 'yelp_5_ndcg@20': tensor(0.0194), 'yelp_5_recall@20': tensor(0.0502), 'ndcg@20': tensor(0.0194), 'recall@20': tensor(0.0502), 'train_loss_0': tensor(0.3402, device='cuda:0')}
[2026-02-08 22:32:44] INFO training_time: 1884.6506416797638
[2026-02-08 22:32:44] INFO inference_time: 44.98107671737671
[2026-02-08 22:33:34] INFO {'epoch': 35, 'yelp_5_ndcg@20': tensor(0.0200), 'yelp_5_recall@20': tensor(0.0506), 'ndcg@20': tensor(0.0200), 'recall@20': tensor(0.0506), 'train_loss_0': tensor(0.3356, device='cuda:0')}
[2026-02-08 22:33:34] INFO training_time: 1933.9072048664093
[2026-02-08 22:33:34] INFO inference_time: 46.28465557098389
[2026-02-08 22:33:34] INFO ndcg@20 improved. Best value: 0.0200
[2026-02-08 22:33:34] INFO Best model checkpoint saved in saved/SASRec/noisy_5/2026-02-08-22-00-23-560137.ckpt.
[2026-02-08 22:34:27] INFO {'epoch': 36, 'yelp_5_ndcg@20': tensor(0.0194), 'yelp_5_recall@20': tensor(0.0501), 'ndcg@20': tensor(0.0194), 'recall@20': tensor(0.0501), 'train_loss_0': tensor(0.3353, device='cuda:0')}
[2026-02-08 22:34:27] INFO training_time: 1985.4762513637543
[2026-02-08 22:34:27] INFO inference_time: 47.608800411224365
[2026-02-08 22:35:24] INFO {'epoch': 37, 'yelp_5_ndcg@20': tensor(0.0201), 'yelp_5_recall@20': tensor(0.0512), 'ndcg@20': tensor(0.0201), 'recall@20': tensor(0.0512), 'train_loss_0': tensor(0.3341, device='cuda:0')}
[2026-02-08 22:35:24] INFO training_time: 2041.2915966510773
[2026-02-08 22:35:24] INFO inference_time: 48.93085503578186
[2026-02-08 22:35:24] INFO ndcg@20 improved. Best value: 0.0201
[2026-02-08 22:35:24] INFO Best model checkpoint saved in saved/SASRec/noisy_5/2026-02-08-22-00-23-560137.ckpt.
[2026-02-08 22:36:22] INFO {'epoch': 38, 'yelp_5_ndcg@20': tensor(0.0201), 'yelp_5_recall@20': tensor(0.0505), 'ndcg@20': tensor(0.0201), 'recall@20': tensor(0.0505), 'train_loss_0': tensor(0.3324, device='cuda:0')}
[2026-02-08 22:36:22] INFO training_time: 2097.4853479862213
[2026-02-08 22:36:22] INFO inference_time: 50.161044120788574
[2026-02-08 22:36:22] INFO ndcg@20 improved. Best value: 0.0201
[2026-02-08 22:36:22] INFO Best model checkpoint saved in saved/SASRec/noisy_5/2026-02-08-22-00-23-560137.ckpt.
[2026-02-08 22:37:18] INFO {'epoch': 39, 'yelp_5_ndcg@20': tensor(0.0199), 'yelp_5_recall@20': tensor(0.0502), 'ndcg@20': tensor(0.0199), 'recall@20': tensor(0.0502), 'train_loss_0': tensor(0.3311, device='cuda:0')}
[2026-02-08 22:37:18] INFO training_time: 2152.8412222862244
[2026-02-08 22:37:18] INFO inference_time: 51.39614510536194
[2026-02-08 22:38:15] INFO {'epoch': 40, 'yelp_5_ndcg@20': tensor(0.0196), 'yelp_5_recall@20': tensor(0.0509), 'ndcg@20': tensor(0.0196), 'recall@20': tensor(0.0509), 'train_loss_0': tensor(0.3272, device='cuda:0')}
[2026-02-08 22:38:15] INFO training_time: 2208.4292933940887
[2026-02-08 22:38:15] INFO inference_time: 52.76411747932434
[2026-02-08 22:39:12] INFO {'epoch': 41, 'yelp_5_ndcg@20': tensor(0.0204), 'yelp_5_recall@20': tensor(0.0515), 'ndcg@20': tensor(0.0204), 'recall@20': tensor(0.0515), 'train_loss_0': tensor(0.3286, device='cuda:0')}
[2026-02-08 22:39:12] INFO training_time: 2263.589964866638
[2026-02-08 22:39:12] INFO inference_time: 53.96360993385315
[2026-02-08 22:39:12] INFO ndcg@20 improved. Best value: 0.0204
[2026-02-08 22:39:12] INFO Best model checkpoint saved in saved/SASRec/noisy_5/2026-02-08-22-00-23-560137.ckpt.
[2026-02-08 22:40:07] INFO {'epoch': 42, 'yelp_5_ndcg@20': tensor(0.0200), 'yelp_5_recall@20': tensor(0.0499), 'ndcg@20': tensor(0.0200), 'recall@20': tensor(0.0499), 'train_loss_0': tensor(0.3280, device='cuda:0')}
[2026-02-08 22:40:07] INFO training_time: 2317.050281524658
[2026-02-08 22:40:07] INFO inference_time: 55.45245122909546
[2026-02-08 22:41:04] INFO {'epoch': 43, 'yelp_5_ndcg@20': tensor(0.0207), 'yelp_5_recall@20': tensor(0.0530), 'ndcg@20': tensor(0.0207), 'recall@20': tensor(0.0530), 'train_loss_0': tensor(0.3271, device='cuda:0')}
[2026-02-08 22:41:04] INFO training_time: 2372.6876957416534
[2026-02-08 22:41:04] INFO inference_time: 56.68268156051636
[2026-02-08 22:41:04] INFO ndcg@20 improved. Best value: 0.0207
[2026-02-08 22:41:04] INFO Best model checkpoint saved in saved/SASRec/noisy_5/2026-02-08-22-00-23-560137.ckpt.
[2026-02-08 22:41:59] INFO {'epoch': 44, 'yelp_5_ndcg@20': tensor(0.0205), 'yelp_5_recall@20': tensor(0.0511), 'ndcg@20': tensor(0.0205), 'recall@20': tensor(0.0511), 'train_loss_0': tensor(0.3254, device='cuda:0')}
[2026-02-08 22:41:59] INFO training_time: 2427.0432324409485
[2026-02-08 22:41:59] INFO inference_time: 58.00428366661072
[2026-02-08 22:42:52] INFO {'epoch': 45, 'yelp_5_ndcg@20': tensor(0.0206), 'yelp_5_recall@20': tensor(0.0508), 'ndcg@20': tensor(0.0206), 'recall@20': tensor(0.0508), 'train_loss_0': tensor(0.3259, device='cuda:0')}
[2026-02-08 22:42:52] INFO training_time: 2478.3424994945526
[2026-02-08 22:42:52] INFO inference_time: 59.22171139717102
[2026-02-08 22:43:47] INFO {'epoch': 46, 'yelp_5_ndcg@20': tensor(0.0210), 'yelp_5_recall@20': tensor(0.0526), 'ndcg@20': tensor(0.0210), 'recall@20': tensor(0.0526), 'train_loss_0': tensor(0.3218, device='cuda:0')}
[2026-02-08 22:43:47] INFO training_time: 2532.2758049964905
[2026-02-08 22:43:47] INFO inference_time: 60.367950201034546
[2026-02-08 22:43:47] INFO ndcg@20 improved. Best value: 0.0210
[2026-02-08 22:43:47] INFO Best model checkpoint saved in saved/SASRec/noisy_5/2026-02-08-22-00-23-560137.ckpt.
[2026-02-08 22:44:41] INFO {'epoch': 47, 'yelp_5_ndcg@20': tensor(0.0208), 'yelp_5_recall@20': tensor(0.0520), 'ndcg@20': tensor(0.0208), 'recall@20': tensor(0.0520), 'train_loss_0': tensor(0.3211, device='cuda:0')}
[2026-02-08 22:44:41] INFO training_time: 2585.529146671295
[2026-02-08 22:44:41] INFO inference_time: 61.59392166137695
[2026-02-08 22:45:36] INFO {'epoch': 48, 'yelp_5_ndcg@20': tensor(0.0209), 'yelp_5_recall@20': tensor(0.0532), 'ndcg@20': tensor(0.0209), 'recall@20': tensor(0.0532), 'train_loss_0': tensor(0.3201, device='cuda:0')}
[2026-02-08 22:45:36] INFO training_time: 2639.2330827713013
[2026-02-08 22:45:36] INFO inference_time: 62.73648142814636
[2026-02-08 22:46:29] INFO {'epoch': 49, 'yelp_5_ndcg@20': tensor(0.0204), 'yelp_5_recall@20': tensor(0.0516), 'ndcg@20': tensor(0.0204), 'recall@20': tensor(0.0516), 'train_loss_0': tensor(0.3209, device='cuda:0')}
[2026-02-08 22:46:29] INFO training_time: 2690.915990114212
[2026-02-08 22:46:29] INFO inference_time: 64.00230383872986
[2026-02-08 22:47:08] INFO {'epoch': 50, 'yelp_5_ndcg@20': tensor(0.0206), 'yelp_5_recall@20': tensor(0.0520), 'ndcg@20': tensor(0.0206), 'recall@20': tensor(0.0520), 'train_loss_0': tensor(0.3189, device='cuda:0')}
[2026-02-08 22:47:08] INFO training_time: 2728.0558733940125
[2026-02-08 22:47:08] INFO inference_time: 65.53677868843079
[2026-02-08 22:47:48] INFO {'epoch': 51, 'yelp_5_ndcg@20': tensor(0.0215), 'yelp_5_recall@20': tensor(0.0535), 'ndcg@20': tensor(0.0215), 'recall@20': tensor(0.0535), 'train_loss_0': tensor(0.3165, device='cuda:0')}
[2026-02-08 22:47:48] INFO training_time: 2766.8509907722473
[2026-02-08 22:47:48] INFO inference_time: 66.87438678741455
[2026-02-08 22:47:48] INFO ndcg@20 improved. Best value: 0.0215
[2026-02-08 22:47:48] INFO Best model checkpoint saved in saved/SASRec/noisy_5/2026-02-08-22-00-23-560137.ckpt.
[2026-02-08 22:48:28] INFO {'epoch': 52, 'yelp_5_ndcg@20': tensor(0.0208), 'yelp_5_recall@20': tensor(0.0528), 'ndcg@20': tensor(0.0208), 'recall@20': tensor(0.0528), 'train_loss_0': tensor(0.3178, device='cuda:0')}
[2026-02-08 22:48:28] INFO training_time: 2804.9935081005096
[2026-02-08 22:48:28] INFO inference_time: 68.16065835952759
[2026-02-08 22:49:06] INFO {'epoch': 53, 'yelp_5_ndcg@20': tensor(0.0205), 'yelp_5_recall@20': tensor(0.0510), 'ndcg@20': tensor(0.0205), 'recall@20': tensor(0.0510), 'train_loss_0': tensor(0.3151, device='cuda:0')}
[2026-02-08 22:49:06] INFO training_time: 2842.4558022022247
[2026-02-08 22:49:06] INFO inference_time: 69.36157441139221
[2026-02-08 22:49:48] INFO {'epoch': 54, 'yelp_5_ndcg@20': tensor(0.0198), 'yelp_5_recall@20': tensor(0.0508), 'ndcg@20': tensor(0.0198), 'recall@20': tensor(0.0508), 'train_loss_0': tensor(0.3170, device='cuda:0')}
[2026-02-08 22:49:48] INFO training_time: 2882.620079755783
[2026-02-08 22:49:48] INFO inference_time: 70.6939754486084
[2026-02-08 22:50:29] INFO {'epoch': 55, 'yelp_5_ndcg@20': tensor(0.0203), 'yelp_5_recall@20': tensor(0.0518), 'ndcg@20': tensor(0.0203), 'recall@20': tensor(0.0518), 'train_loss_0': tensor(0.3148, device='cuda:0')}
[2026-02-08 22:50:29] INFO training_time: 2922.242562532425
[2026-02-08 22:50:29] INFO inference_time: 71.94014763832092
[2026-02-08 22:51:09] INFO {'epoch': 56, 'yelp_5_ndcg@20': tensor(0.0204), 'yelp_5_recall@20': tensor(0.0506), 'ndcg@20': tensor(0.0204), 'recall@20': tensor(0.0506), 'train_loss_0': tensor(0.3134, device='cuda:0')}
[2026-02-08 22:51:09] INFO training_time: 2961.4615666866302
[2026-02-08 22:51:09] INFO inference_time: 73.10144424438477
[2026-02-08 22:51:51] INFO {'epoch': 57, 'yelp_5_ndcg@20': tensor(0.0197), 'yelp_5_recall@20': tensor(0.0512), 'ndcg@20': tensor(0.0197), 'recall@20': tensor(0.0512), 'train_loss_0': tensor(0.3129, device='cuda:0')}
[2026-02-08 22:51:51] INFO training_time: 3001.7024500370026
[2026-02-08 22:51:51] INFO inference_time: 74.36290836334229
[2026-02-08 22:52:26] INFO {'epoch': 58, 'yelp_5_ndcg@20': tensor(0.0201), 'yelp_5_recall@20': tensor(0.0519), 'ndcg@20': tensor(0.0201), 'recall@20': tensor(0.0519), 'train_loss_0': tensor(0.3130, device='cuda:0')}
[2026-02-08 22:52:26] INFO training_time: 3036.0660700798035
[2026-02-08 22:52:26] INFO inference_time: 75.67438888549805
[2026-02-08 22:53:05] INFO {'epoch': 59, 'yelp_5_ndcg@20': tensor(0.0202), 'yelp_5_recall@20': tensor(0.0526), 'ndcg@20': tensor(0.0202), 'recall@20': tensor(0.0526), 'train_loss_0': tensor(0.3111, device='cuda:0')}
[2026-02-08 22:53:05] INFO training_time: 3073.3490867614746
[2026-02-08 22:53:05] INFO inference_time: 76.93198084831238
[2026-02-08 22:53:43] INFO {'epoch': 60, 'yelp_5_ndcg@20': tensor(0.0199), 'yelp_5_recall@20': tensor(0.0508), 'ndcg@20': tensor(0.0199), 'recall@20': tensor(0.0508), 'train_loss_0': tensor(0.3115, device='cuda:0')}
[2026-02-08 22:53:43] INFO training_time: 3110.323462486267
[2026-02-08 22:53:43] INFO inference_time: 78.32982397079468
[2026-02-08 22:54:25] INFO {'epoch': 61, 'yelp_5_ndcg@20': tensor(0.0206), 'yelp_5_recall@20': tensor(0.0514), 'ndcg@20': tensor(0.0206), 'recall@20': tensor(0.0514), 'train_loss_0': tensor(0.3105, device='cuda:0')}
[2026-02-08 22:54:25] INFO training_time: 3150.850920677185
[2026-02-08 22:54:25] INFO inference_time: 79.50267672538757
[2026-02-08 22:55:07] INFO {'epoch': 62, 'yelp_5_ndcg@20': tensor(0.0203), 'yelp_5_recall@20': tensor(0.0517), 'ndcg@20': tensor(0.0203), 'recall@20': tensor(0.0517), 'train_loss_0': tensor(0.3108, device='cuda:0')}
[2026-02-08 22:55:07] INFO training_time: 3191.8960909843445
[2026-02-08 22:55:07] INFO inference_time: 80.598313331604
[2026-02-08 22:55:49] INFO {'epoch': 63, 'yelp_5_ndcg@20': tensor(0.0200), 'yelp_5_recall@20': tensor(0.0518), 'ndcg@20': tensor(0.0200), 'recall@20': tensor(0.0518), 'train_loss_0': tensor(0.3075, device='cuda:0')}
[2026-02-08 22:55:49] INFO training_time: 3233.291947364807
[2026-02-08 22:55:49] INFO inference_time: 81.61715078353882
[2026-02-08 22:56:31] INFO {'epoch': 64, 'yelp_5_ndcg@20': tensor(0.0210), 'yelp_5_recall@20': tensor(0.0534), 'ndcg@20': tensor(0.0210), 'recall@20': tensor(0.0534), 'train_loss_0': tensor(0.3066, device='cuda:0')}
[2026-02-08 22:56:31] INFO training_time: 3273.4896647930145
[2026-02-08 22:56:31] INFO inference_time: 82.7431390285492
[2026-02-08 22:57:11] INFO {'epoch': 65, 'yelp_5_ndcg@20': tensor(0.0205), 'yelp_5_recall@20': tensor(0.0515), 'ndcg@20': tensor(0.0205), 'recall@20': tensor(0.0515), 'train_loss_0': tensor(0.3063, device='cuda:0')}
[2026-02-08 22:57:11] INFO training_time: 3313.004793405533
[2026-02-08 22:57:11] INFO inference_time: 83.91029047966003
[2026-02-08 22:57:54] INFO {'epoch': 66, 'yelp_5_ndcg@20': tensor(0.0210), 'yelp_5_recall@20': tensor(0.0530), 'ndcg@20': tensor(0.0210), 'recall@20': tensor(0.0530), 'train_loss_0': tensor(0.3083, device='cuda:0')}
[2026-02-08 22:57:54] INFO training_time: 3354.619415998459
[2026-02-08 22:57:54] INFO inference_time: 85.13485407829285
[2026-02-08 22:58:37] INFO {'epoch': 67, 'yelp_5_ndcg@20': tensor(0.0204), 'yelp_5_recall@20': tensor(0.0516), 'ndcg@20': tensor(0.0204), 'recall@20': tensor(0.0516), 'train_loss_0': tensor(0.3056, device='cuda:0')}
[2026-02-08 22:58:37] INFO training_time: 3396.5032789707184
[2026-02-08 22:58:37] INFO inference_time: 86.3143241405487
[2026-02-08 22:59:16] INFO {'epoch': 68, 'yelp_5_ndcg@20': tensor(0.0197), 'yelp_5_recall@20': tensor(0.0499), 'ndcg@20': tensor(0.0197), 'recall@20': tensor(0.0499), 'train_loss_0': tensor(0.3052, device='cuda:0')}
[2026-02-08 22:59:16] INFO training_time: 3433.5555052757263
[2026-02-08 22:59:16] INFO inference_time: 87.50572919845581
[2026-02-08 22:59:59] INFO {'epoch': 69, 'yelp_5_ndcg@20': tensor(0.0202), 'yelp_5_recall@20': tensor(0.0522), 'ndcg@20': tensor(0.0202), 'recall@20': tensor(0.0522), 'train_loss_0': tensor(0.3051, device='cuda:0')}
[2026-02-08 22:59:59] INFO training_time: 3475.457155227661
[2026-02-08 22:59:59] INFO inference_time: 88.66598534584045
[2026-02-08 23:00:41] INFO {'epoch': 70, 'yelp_5_ndcg@20': tensor(0.0207), 'yelp_5_recall@20': tensor(0.0530), 'ndcg@20': tensor(0.0207), 'recall@20': tensor(0.0530), 'train_loss_0': tensor(0.3046, device='cuda:0')}
[2026-02-08 23:00:41] INFO training_time: 3516.6302411556244
[2026-02-08 23:00:41] INFO inference_time: 90.25802111625671
[2026-02-08 23:01:22] INFO {'epoch': 71, 'yelp_5_ndcg@20': tensor(0.0205), 'yelp_5_recall@20': tensor(0.0519), 'ndcg@20': tensor(0.0205), 'recall@20': tensor(0.0519), 'train_loss_0': tensor(0.3035, device='cuda:0')}
[2026-02-08 23:01:22] INFO training_time: 3556.3053917884827
[2026-02-08 23:01:22] INFO inference_time: 91.42991256713867
[2026-02-08 23:01:22] INFO Early stopped. Since the metric ndcg@20 haven't been improved for 20 epochs.
[2026-02-08 23:01:22] INFO The best score of ndcg@20 is 0.0215 on epoch 51
[2026-02-08 23:01:22] INFO Best model checkpoint saved in saved/SASRec/noisy_5/2026-02-08-22-00-23-560137.ckpt.
[2026-02-08 23:01:24] INFO defaultdict(<class 'float'>, {'yelp_5_ndcg@20': tensor(0.0155), 'yelp_5_recall@20': tensor(0.0391), 'yelp_5_ndcg@10': tensor(0.0116), 'yelp_5_recall@10': tensor(0.0235), 'ndcg@20': tensor(0.0155), 'recall@20': tensor(0.0391), 'ndcg@10': tensor(0.0116), 'recall@10': tensor(0.0235)})
