[2026-03-15 15:01:09] INFO PID of this process: 614517
[2026-03-15 15:01:15] INFO {'model': {'embed_dim': 64, 'loss_fn': 'bce', 'hidden_size': 128, 'layer_num': 2, 'head_num': 2, 'dropout_rate': 0.5, 'activation': 'gelu', 'layer_norm_eps': 1e-12, 'model': 'SASRec'}, 'data': {'domain_name_list': ['beauty_10'], 'user_threshold': 5, 'item_threshold': 5, 'max_seq_len': 50, 'dataset_class': 'general', 'train_file': '_regen', 'dataset': 'noisy_10'}, 'train': {'batch_size': 256, 'early_stop_mode': 'max', 'early_stop_patience': 20, 'epochs': 1000, 'device': 'cuda', 'optimizer': 'adam', 'learning_rate': 0.001, 'weight_decay': 0, 'num_neg': 1, 'seed': 2025}, 'eval': {'batch_size': 2048, 'cutoff': [20, 10], 'val_metrics': ['ndcg', 'recall'], 'test_metrics': ['ndcg', 'recall'], 'topk': 100, 'save_path': './saved/'}}
[2026-03-15 15:01:15] INFO <data.dataset.SeparateDataset object at 0x7f8a829511f0>
[2026-03-15 15:01:15] INFO save_dir:saved
[2026-03-15 15:01:15] INFO SASRec(
  (item_embedding): Embedding(12102, 64, padding_idx=0)
  (query_encoder): SASRecQueryEncoder(
    (item_encoder): Embedding(12102, 64, padding_idx=0)
    (position_emb): Embedding(50, 64)
    (transformer_layer): TransformerEncoder(
      (layers): ModuleList(
        (0): TransformerEncoderLayer(
          (self_attn): MultiheadAttention(
            (out_proj): NonDynamicallyQuantizableLinear(in_features=64, out_features=64, bias=True)
          )
          (linear1): Linear(in_features=64, out_features=128, bias=True)
          (dropout): Dropout(p=0.5, inplace=False)
          (linear2): Linear(in_features=128, out_features=64, bias=True)
          (norm1): LayerNorm((64,), eps=1e-12, elementwise_affine=True)
          (norm2): LayerNorm((64,), eps=1e-12, elementwise_affine=True)
          (dropout1): Dropout(p=0.5, inplace=False)
          (dropout2): Dropout(p=0.5, inplace=False)
        )
        (1): TransformerEncoderLayer(
          (self_attn): MultiheadAttention(
            (out_proj): NonDynamicallyQuantizableLinear(in_features=64, out_features=64, bias=True)
          )
          (linear1): Linear(in_features=64, out_features=128, bias=True)
          (dropout): Dropout(p=0.5, inplace=False)
          (linear2): Linear(in_features=128, out_features=64, bias=True)
          (norm1): LayerNorm((64,), eps=1e-12, elementwise_affine=True)
          (norm2): LayerNorm((64,), eps=1e-12, elementwise_affine=True)
          (dropout1): Dropout(p=0.5, inplace=False)
          (dropout2): Dropout(p=0.5, inplace=False)
        )
      )
    )
    (dropout): Dropout(p=0.5, inplace=False)
    (training_pooling_layer): SeqPoolingLayer()
    (eval_pooling_layer): SeqPoolingLayer()
  )
  (loss_fn): BinaryCrossEntropyLoss()
)
[2026-03-15 15:01:50] INFO {'epoch': 0, 'beauty_10_ndcg@20': tensor(0.0135), 'beauty_10_recall@20': tensor(0.0320), 'ndcg@20': tensor(0.0135), 'recall@20': tensor(0.0320), 'train_loss_0': tensor(1.1335, device='cuda:0')}
[2026-03-15 15:01:50] INFO training_time: 33.98813819885254
[2026-03-15 15:01:50] INFO inference_time: 0.9316413402557373
[2026-03-15 15:01:50] INFO ndcg@20 improved. Best value: 0.0135
[2026-03-15 15:01:50] INFO Best model checkpoint saved in saved/SASRec/noisy_10/2026-03-15-15-01-09-313142.ckpt.
[2026-03-15 15:02:54] INFO {'epoch': 1, 'beauty_10_ndcg@20': tensor(0.0202), 'beauty_10_recall@20': tensor(0.0483), 'ndcg@20': tensor(0.0202), 'recall@20': tensor(0.0483), 'train_loss_0': tensor(0.9278, device='cuda:0')}
[2026-03-15 15:02:54] INFO training_time: 97.05126738548279
[2026-03-15 15:02:54] INFO inference_time: 1.638714075088501
[2026-03-15 15:02:54] INFO ndcg@20 improved. Best value: 0.0202
[2026-03-15 15:02:54] INFO Best model checkpoint saved in saved/SASRec/noisy_10/2026-03-15-15-01-09-313142.ckpt.
[2026-03-15 15:03:58] INFO {'epoch': 2, 'beauty_10_ndcg@20': tensor(0.0236), 'beauty_10_recall@20': tensor(0.0589), 'ndcg@20': tensor(0.0236), 'recall@20': tensor(0.0589), 'train_loss_0': tensor(0.8014, device='cuda:0')}
[2026-03-15 15:03:58] INFO training_time: 160.56767010688782
[2026-03-15 15:03:58] INFO inference_time: 2.4353384971618652
[2026-03-15 15:03:58] INFO ndcg@20 improved. Best value: 0.0236
[2026-03-15 15:03:58] INFO Best model checkpoint saved in saved/SASRec/noisy_10/2026-03-15-15-01-09-313142.ckpt.
[2026-03-15 15:05:03] INFO {'epoch': 3, 'beauty_10_ndcg@20': tensor(0.0290), 'beauty_10_recall@20': tensor(0.0691), 'ndcg@20': tensor(0.0290), 'recall@20': tensor(0.0691), 'train_loss_0': tensor(0.7027, device='cuda:0')}
[2026-03-15 15:05:03] INFO training_time: 224.38765692710876
[2026-03-15 15:05:03] INFO inference_time: 3.1339104175567627
[2026-03-15 15:05:03] INFO ndcg@20 improved. Best value: 0.0290
[2026-03-15 15:05:03] INFO Best model checkpoint saved in saved/SASRec/noisy_10/2026-03-15-15-01-09-313142.ckpt.
[2026-03-15 15:06:08] INFO {'epoch': 4, 'beauty_10_ndcg@20': tensor(0.0320), 'beauty_10_recall@20': tensor(0.0788), 'ndcg@20': tensor(0.0320), 'recall@20': tensor(0.0788), 'train_loss_0': tensor(0.6294, device='cuda:0')}
[2026-03-15 15:06:08] INFO training_time: 288.52285599708557
[2026-03-15 15:06:08] INFO inference_time: 3.999777317047119
[2026-03-15 15:06:08] INFO ndcg@20 improved. Best value: 0.0320
[2026-03-15 15:06:08] INFO Best model checkpoint saved in saved/SASRec/noisy_10/2026-03-15-15-01-09-313142.ckpt.
[2026-03-15 15:07:13] INFO {'epoch': 5, 'beauty_10_ndcg@20': tensor(0.0339), 'beauty_10_recall@20': tensor(0.0825), 'ndcg@20': tensor(0.0339), 'recall@20': tensor(0.0825), 'train_loss_0': tensor(0.5768, device='cuda:0')}
[2026-03-15 15:07:13] INFO training_time: 352.4182903766632
[2026-03-15 15:07:13] INFO inference_time: 4.690317630767822
[2026-03-15 15:07:13] INFO ndcg@20 improved. Best value: 0.0339
[2026-03-15 15:07:13] INFO Best model checkpoint saved in saved/SASRec/noisy_10/2026-03-15-15-01-09-313142.ckpt.
[2026-03-15 15:08:18] INFO {'epoch': 6, 'beauty_10_ndcg@20': tensor(0.0366), 'beauty_10_recall@20': tensor(0.0880), 'ndcg@20': tensor(0.0366), 'recall@20': tensor(0.0880), 'train_loss_0': tensor(0.5382, device='cuda:0')}
[2026-03-15 15:08:18] INFO training_time: 416.4860579967499
[2026-03-15 15:08:18] INFO inference_time: 5.546023845672607
[2026-03-15 15:08:18] INFO ndcg@20 improved. Best value: 0.0366
[2026-03-15 15:08:18] INFO Best model checkpoint saved in saved/SASRec/noisy_10/2026-03-15-15-01-09-313142.ckpt.
[2026-03-15 15:09:22] INFO {'epoch': 7, 'beauty_10_ndcg@20': tensor(0.0369), 'beauty_10_recall@20': tensor(0.0876), 'ndcg@20': tensor(0.0369), 'recall@20': tensor(0.0876), 'train_loss_0': tensor(0.5089, device='cuda:0')}
[2026-03-15 15:09:22] INFO training_time: 480.2121720314026
[2026-03-15 15:09:22] INFO inference_time: 6.268518447875977
[2026-03-15 15:09:22] INFO ndcg@20 improved. Best value: 0.0369
[2026-03-15 15:09:22] INFO Best model checkpoint saved in saved/SASRec/noisy_10/2026-03-15-15-01-09-313142.ckpt.
[2026-03-15 15:10:27] INFO {'epoch': 8, 'beauty_10_ndcg@20': tensor(0.0377), 'beauty_10_recall@20': tensor(0.0894), 'ndcg@20': tensor(0.0377), 'recall@20': tensor(0.0894), 'train_loss_0': tensor(0.4857, device='cuda:0')}
[2026-03-15 15:10:27] INFO training_time: 543.8703651428223
[2026-03-15 15:10:27] INFO inference_time: 7.051961183547974
[2026-03-15 15:10:27] INFO ndcg@20 improved. Best value: 0.0377
[2026-03-15 15:10:27] INFO Best model checkpoint saved in saved/SASRec/noisy_10/2026-03-15-15-01-09-313142.ckpt.
[2026-03-15 15:11:31] INFO {'epoch': 9, 'beauty_10_ndcg@20': tensor(0.0387), 'beauty_10_recall@20': tensor(0.0898), 'ndcg@20': tensor(0.0387), 'recall@20': tensor(0.0898), 'train_loss_0': tensor(0.4701, device='cuda:0')}
[2026-03-15 15:11:31] INFO training_time: 607.5052111148834
[2026-03-15 15:11:31] INFO inference_time: 7.644565105438232
[2026-03-15 15:11:31] INFO ndcg@20 improved. Best value: 0.0387
[2026-03-15 15:11:31] INFO Best model checkpoint saved in saved/SASRec/noisy_10/2026-03-15-15-01-09-313142.ckpt.
[2026-03-15 15:12:36] INFO {'epoch': 10, 'beauty_10_ndcg@20': tensor(0.0397), 'beauty_10_recall@20': tensor(0.0923), 'ndcg@20': tensor(0.0397), 'recall@20': tensor(0.0923), 'train_loss_0': tensor(0.4579, device='cuda:0')}
[2026-03-15 15:12:36] INFO training_time: 671.1656877994537
[2026-03-15 15:12:36] INFO inference_time: 8.911008596420288
[2026-03-15 15:12:36] INFO ndcg@20 improved. Best value: 0.0397
[2026-03-15 15:12:36] INFO Best model checkpoint saved in saved/SASRec/noisy_10/2026-03-15-15-01-09-313142.ckpt.
[2026-03-15 15:13:40] INFO {'epoch': 11, 'beauty_10_ndcg@20': tensor(0.0401), 'beauty_10_recall@20': tensor(0.0924), 'ndcg@20': tensor(0.0401), 'recall@20': tensor(0.0924), 'train_loss_0': tensor(0.4441, device='cuda:0')}
[2026-03-15 15:13:40] INFO training_time: 734.8957521915436
[2026-03-15 15:13:40] INFO inference_time: 9.603517770767212
[2026-03-15 15:13:40] INFO ndcg@20 improved. Best value: 0.0401
[2026-03-15 15:13:40] INFO Best model checkpoint saved in saved/SASRec/noisy_10/2026-03-15-15-01-09-313142.ckpt.
[2026-03-15 15:14:45] INFO {'epoch': 12, 'beauty_10_ndcg@20': tensor(0.0397), 'beauty_10_recall@20': tensor(0.0934), 'ndcg@20': tensor(0.0397), 'recall@20': tensor(0.0934), 'train_loss_0': tensor(0.4324, device='cuda:0')}
[2026-03-15 15:14:45] INFO training_time: 798.4244608879089
[2026-03-15 15:14:45] INFO inference_time: 10.515068054199219
[2026-03-15 15:15:49] INFO {'epoch': 13, 'beauty_10_ndcg@20': tensor(0.0414), 'beauty_10_recall@20': tensor(0.0956), 'ndcg@20': tensor(0.0414), 'recall@20': tensor(0.0956), 'train_loss_0': tensor(0.4245, device='cuda:0')}
[2026-03-15 15:15:49] INFO training_time: 861.9070274829865
[2026-03-15 15:15:49] INFO inference_time: 11.087823867797852
[2026-03-15 15:15:49] INFO ndcg@20 improved. Best value: 0.0414
[2026-03-15 15:15:49] INFO Best model checkpoint saved in saved/SASRec/noisy_10/2026-03-15-15-01-09-313142.ckpt.
[2026-03-15 15:16:52] INFO {'epoch': 14, 'beauty_10_ndcg@20': tensor(0.0413), 'beauty_10_recall@20': tensor(0.0967), 'ndcg@20': tensor(0.0413), 'recall@20': tensor(0.0967), 'train_loss_0': tensor(0.4157, device='cuda:0')}
[2026-03-15 15:16:52] INFO training_time: 924.4652574062347
[2026-03-15 15:16:52] INFO inference_time: 11.842859745025635
[2026-03-15 15:17:55] INFO {'epoch': 15, 'beauty_10_ndcg@20': tensor(0.0413), 'beauty_10_recall@20': tensor(0.0937), 'ndcg@20': tensor(0.0413), 'recall@20': tensor(0.0937), 'train_loss_0': tensor(0.4122, device='cuda:0')}
[2026-03-15 15:17:55] INFO training_time: 986.7350988388062
[2026-03-15 15:17:55] INFO inference_time: 12.63221263885498
[2026-03-15 15:18:58] INFO {'epoch': 16, 'beauty_10_ndcg@20': tensor(0.0405), 'beauty_10_recall@20': tensor(0.0953), 'ndcg@20': tensor(0.0405), 'recall@20': tensor(0.0953), 'train_loss_0': tensor(0.4059, device='cuda:0')}
[2026-03-15 15:18:58] INFO training_time: 1049.0219168663025
[2026-03-15 15:18:58] INFO inference_time: 13.298874378204346
[2026-03-15 15:20:01] INFO {'epoch': 17, 'beauty_10_ndcg@20': tensor(0.0428), 'beauty_10_recall@20': tensor(0.0988), 'ndcg@20': tensor(0.0428), 'recall@20': tensor(0.0988), 'train_loss_0': tensor(0.3996, device='cuda:0')}
[2026-03-15 15:20:01] INFO training_time: 1110.8518698215485
[2026-03-15 15:20:01] INFO inference_time: 14.06233549118042
[2026-03-15 15:20:01] INFO ndcg@20 improved. Best value: 0.0428
[2026-03-15 15:20:01] INFO Best model checkpoint saved in saved/SASRec/noisy_10/2026-03-15-15-01-09-313142.ckpt.
[2026-03-15 15:21:03] INFO {'epoch': 18, 'beauty_10_ndcg@20': tensor(0.0436), 'beauty_10_recall@20': tensor(0.1020), 'ndcg@20': tensor(0.0436), 'recall@20': tensor(0.1020), 'train_loss_0': tensor(0.3958, device='cuda:0')}
[2026-03-15 15:21:03] INFO training_time: 1172.913453578949
[2026-03-15 15:21:03] INFO inference_time: 14.791753768920898
[2026-03-15 15:21:03] INFO ndcg@20 improved. Best value: 0.0436
[2026-03-15 15:21:03] INFO Best model checkpoint saved in saved/SASRec/noisy_10/2026-03-15-15-01-09-313142.ckpt.
[2026-03-15 15:22:07] INFO {'epoch': 19, 'beauty_10_ndcg@20': tensor(0.0415), 'beauty_10_recall@20': tensor(0.0986), 'ndcg@20': tensor(0.0415), 'recall@20': tensor(0.0986), 'train_loss_0': tensor(0.3887, device='cuda:0')}
[2026-03-15 15:22:07] INFO training_time: 1235.2918019294739
[2026-03-15 15:22:07] INFO inference_time: 15.559282541275024
[2026-03-15 15:23:10] INFO {'epoch': 20, 'beauty_10_ndcg@20': tensor(0.0433), 'beauty_10_recall@20': tensor(0.1003), 'ndcg@20': tensor(0.0433), 'recall@20': tensor(0.1003), 'train_loss_0': tensor(0.3863, device='cuda:0')}
[2026-03-15 15:23:10] INFO training_time: 1297.8383615016937
[2026-03-15 15:23:10] INFO inference_time: 16.58940815925598
[2026-03-15 15:24:13] INFO {'epoch': 21, 'beauty_10_ndcg@20': tensor(0.0424), 'beauty_10_recall@20': tensor(0.0987), 'ndcg@20': tensor(0.0424), 'recall@20': tensor(0.0987), 'train_loss_0': tensor(0.3811, device='cuda:0')}
[2026-03-15 15:24:13] INFO training_time: 1360.0453486442566
[2026-03-15 15:24:13] INFO inference_time: 17.465441465377808
[2026-03-15 15:25:16] INFO {'epoch': 22, 'beauty_10_ndcg@20': tensor(0.0427), 'beauty_10_recall@20': tensor(0.0989), 'ndcg@20': tensor(0.0427), 'recall@20': tensor(0.0989), 'train_loss_0': tensor(0.3779, device='cuda:0')}
[2026-03-15 15:25:16] INFO training_time: 1421.9112055301666
[2026-03-15 15:25:16] INFO inference_time: 18.23780870437622
[2026-03-15 15:26:19] INFO {'epoch': 23, 'beauty_10_ndcg@20': tensor(0.0423), 'beauty_10_recall@20': tensor(0.0985), 'ndcg@20': tensor(0.0423), 'recall@20': tensor(0.0985), 'train_loss_0': tensor(0.3742, device='cuda:0')}
[2026-03-15 15:26:19] INFO training_time: 1484.088791847229
[2026-03-15 15:26:19] INFO inference_time: 19.02566647529602
[2026-03-15 15:27:22] INFO {'epoch': 24, 'beauty_10_ndcg@20': tensor(0.0444), 'beauty_10_recall@20': tensor(0.1027), 'ndcg@20': tensor(0.0444), 'recall@20': tensor(0.1027), 'train_loss_0': tensor(0.3736, device='cuda:0')}
[2026-03-15 15:27:22] INFO training_time: 1546.3707387447357
[2026-03-15 15:27:22] INFO inference_time: 19.702712297439575
[2026-03-15 15:27:22] INFO ndcg@20 improved. Best value: 0.0444
[2026-03-15 15:27:22] INFO Best model checkpoint saved in saved/SASRec/noisy_10/2026-03-15-15-01-09-313142.ckpt.
[2026-03-15 15:28:25] INFO {'epoch': 25, 'beauty_10_ndcg@20': tensor(0.0430), 'beauty_10_recall@20': tensor(0.0992), 'ndcg@20': tensor(0.0430), 'recall@20': tensor(0.0992), 'train_loss_0': tensor(0.3722, device='cuda:0')}
[2026-03-15 15:28:25] INFO training_time: 1608.5713136196136
[2026-03-15 15:28:25] INFO inference_time: 20.47776460647583
[2026-03-15 15:29:28] INFO {'epoch': 26, 'beauty_10_ndcg@20': tensor(0.0444), 'beauty_10_recall@20': tensor(0.1013), 'ndcg@20': tensor(0.0444), 'recall@20': tensor(0.1013), 'train_loss_0': tensor(0.3677, device='cuda:0')}
[2026-03-15 15:29:28] INFO training_time: 1670.567430973053
[2026-03-15 15:29:28] INFO inference_time: 21.141227960586548
[2026-03-15 15:30:31] INFO {'epoch': 27, 'beauty_10_ndcg@20': tensor(0.0434), 'beauty_10_recall@20': tensor(0.1007), 'ndcg@20': tensor(0.0434), 'recall@20': tensor(0.1007), 'train_loss_0': tensor(0.3634, device='cuda:0')}
[2026-03-15 15:30:31] INFO training_time: 1732.7813646793365
[2026-03-15 15:30:31] INFO inference_time: 22.05289077758789
[2026-03-15 15:31:34] INFO {'epoch': 28, 'beauty_10_ndcg@20': tensor(0.0440), 'beauty_10_recall@20': tensor(0.1013), 'ndcg@20': tensor(0.0440), 'recall@20': tensor(0.1013), 'train_loss_0': tensor(0.3663, device='cuda:0')}
[2026-03-15 15:31:34] INFO training_time: 1795.0616302490234
[2026-03-15 15:31:34] INFO inference_time: 22.71579098701477
[2026-03-15 15:32:36] INFO {'epoch': 29, 'beauty_10_ndcg@20': tensor(0.0440), 'beauty_10_recall@20': tensor(0.1003), 'ndcg@20': tensor(0.0440), 'recall@20': tensor(0.1003), 'train_loss_0': tensor(0.3614, device='cuda:0')}
[2026-03-15 15:32:36] INFO training_time: 1857.1229846477509
[2026-03-15 15:32:36] INFO inference_time: 23.397565364837646
[2026-03-15 15:33:40] INFO {'epoch': 30, 'beauty_10_ndcg@20': tensor(0.0452), 'beauty_10_recall@20': tensor(0.1029), 'ndcg@20': tensor(0.0452), 'recall@20': tensor(0.1029), 'train_loss_0': tensor(0.3586, device='cuda:0')}
[2026-03-15 15:33:40] INFO training_time: 1919.1299822330475
[2026-03-15 15:33:40] INFO inference_time: 24.531671285629272
[2026-03-15 15:33:40] INFO ndcg@20 improved. Best value: 0.0452
[2026-03-15 15:33:40] INFO Best model checkpoint saved in saved/SASRec/noisy_10/2026-03-15-15-01-09-313142.ckpt.
[2026-03-15 15:34:42] INFO {'epoch': 31, 'beauty_10_ndcg@20': tensor(0.0459), 'beauty_10_recall@20': tensor(0.1041), 'ndcg@20': tensor(0.0459), 'recall@20': tensor(0.1041), 'train_loss_0': tensor(0.3563, device='cuda:0')}
[2026-03-15 15:34:42] INFO training_time: 1981.1745054721832
[2026-03-15 15:34:42] INFO inference_time: 25.284097909927368
[2026-03-15 15:34:42] INFO ndcg@20 improved. Best value: 0.0459
[2026-03-15 15:34:42] INFO Best model checkpoint saved in saved/SASRec/noisy_10/2026-03-15-15-01-09-313142.ckpt.
[2026-03-15 15:35:45] INFO {'epoch': 32, 'beauty_10_ndcg@20': tensor(0.0436), 'beauty_10_recall@20': tensor(0.1014), 'ndcg@20': tensor(0.0436), 'recall@20': tensor(0.1014), 'train_loss_0': tensor(0.3542, device='cuda:0')}
[2026-03-15 15:35:45] INFO training_time: 2043.5137135982513
[2026-03-15 15:35:45] INFO inference_time: 26.073796272277832
[2026-03-15 15:36:48] INFO {'epoch': 33, 'beauty_10_ndcg@20': tensor(0.0445), 'beauty_10_recall@20': tensor(0.1023), 'ndcg@20': tensor(0.0445), 'recall@20': tensor(0.1023), 'train_loss_0': tensor(0.3538, device='cuda:0')}
[2026-03-15 15:36:48] INFO training_time: 2105.7343969345093
[2026-03-15 15:36:48] INFO inference_time: 26.700656414031982
[2026-03-15 15:37:51] INFO {'epoch': 34, 'beauty_10_ndcg@20': tensor(0.0454), 'beauty_10_recall@20': tensor(0.1051), 'ndcg@20': tensor(0.0454), 'recall@20': tensor(0.1051), 'train_loss_0': tensor(0.3560, device='cuda:0')}
[2026-03-15 15:37:51] INFO training_time: 2167.764347553253
[2026-03-15 15:37:51] INFO inference_time: 27.38552689552307
[2026-03-15 15:38:54] INFO {'epoch': 35, 'beauty_10_ndcg@20': tensor(0.0444), 'beauty_10_recall@20': tensor(0.1022), 'ndcg@20': tensor(0.0444), 'recall@20': tensor(0.1022), 'train_loss_0': tensor(0.3480, device='cuda:0')}
[2026-03-15 15:38:54] INFO training_time: 2229.9006114006042
[2026-03-15 15:38:54] INFO inference_time: 28.31834387779236
[2026-03-15 15:39:57] INFO {'epoch': 36, 'beauty_10_ndcg@20': tensor(0.0446), 'beauty_10_recall@20': tensor(0.1019), 'ndcg@20': tensor(0.0446), 'recall@20': tensor(0.1019), 'train_loss_0': tensor(0.3489, device='cuda:0')}
[2026-03-15 15:39:57] INFO training_time: 2292.2319719791412
[2026-03-15 15:39:57] INFO inference_time: 29.118967056274414
[2026-03-15 15:41:00] INFO {'epoch': 37, 'beauty_10_ndcg@20': tensor(0.0442), 'beauty_10_recall@20': tensor(0.1035), 'ndcg@20': tensor(0.0442), 'recall@20': tensor(0.1035), 'train_loss_0': tensor(0.3455, device='cuda:0')}
[2026-03-15 15:41:00] INFO training_time: 2354.1885714530945
[2026-03-15 15:41:00] INFO inference_time: 29.86681866645813
[2026-03-15 15:42:03] INFO {'epoch': 38, 'beauty_10_ndcg@20': tensor(0.0434), 'beauty_10_recall@20': tensor(0.1013), 'ndcg@20': tensor(0.0434), 'recall@20': tensor(0.1013), 'train_loss_0': tensor(0.3449, device='cuda:0')}
[2026-03-15 15:42:03] INFO training_time: 2416.5096020698547
[2026-03-15 15:42:03] INFO inference_time: 30.842328310012817
[2026-03-15 15:43:06] INFO {'epoch': 39, 'beauty_10_ndcg@20': tensor(0.0440), 'beauty_10_recall@20': tensor(0.1040), 'ndcg@20': tensor(0.0440), 'recall@20': tensor(0.1040), 'train_loss_0': tensor(0.3453, device='cuda:0')}
[2026-03-15 15:43:06] INFO training_time: 2478.6585075855255
[2026-03-15 15:43:06] INFO inference_time: 31.604215145111084
[2026-03-15 15:44:09] INFO {'epoch': 40, 'beauty_10_ndcg@20': tensor(0.0440), 'beauty_10_recall@20': tensor(0.1020), 'ndcg@20': tensor(0.0440), 'recall@20': tensor(0.1020), 'train_loss_0': tensor(0.3431, device='cuda:0')}
[2026-03-15 15:44:09] INFO training_time: 2540.9223742485046
[2026-03-15 15:44:09] INFO inference_time: 32.49729537963867
[2026-03-15 15:45:12] INFO {'epoch': 41, 'beauty_10_ndcg@20': tensor(0.0442), 'beauty_10_recall@20': tensor(0.1024), 'ndcg@20': tensor(0.0442), 'recall@20': tensor(0.1024), 'train_loss_0': tensor(0.3386, device='cuda:0')}
[2026-03-15 15:45:12] INFO training_time: 2603.1131386756897
[2026-03-15 15:45:12] INFO inference_time: 33.25852417945862
[2026-03-15 15:46:15] INFO {'epoch': 42, 'beauty_10_ndcg@20': tensor(0.0446), 'beauty_10_recall@20': tensor(0.1020), 'ndcg@20': tensor(0.0446), 'recall@20': tensor(0.1020), 'train_loss_0': tensor(0.3387, device='cuda:0')}
[2026-03-15 15:46:15] INFO training_time: 2664.861537694931
[2026-03-15 15:46:15] INFO inference_time: 33.99445939064026
[2026-03-15 15:47:17] INFO {'epoch': 43, 'beauty_10_ndcg@20': tensor(0.0452), 'beauty_10_recall@20': tensor(0.1045), 'ndcg@20': tensor(0.0452), 'recall@20': tensor(0.1045), 'train_loss_0': tensor(0.3360, device='cuda:0')}
[2026-03-15 15:47:17] INFO training_time: 2726.764136314392
[2026-03-15 15:47:17] INFO inference_time: 34.66369366645813
[2026-03-15 15:48:20] INFO {'epoch': 44, 'beauty_10_ndcg@20': tensor(0.0445), 'beauty_10_recall@20': tensor(0.1040), 'ndcg@20': tensor(0.0445), 'recall@20': tensor(0.1040), 'train_loss_0': tensor(0.3354, device='cuda:0')}
[2026-03-15 15:48:20] INFO training_time: 2788.8505861759186
[2026-03-15 15:48:20] INFO inference_time: 35.419114112854004
[2026-03-15 15:49:24] INFO {'epoch': 45, 'beauty_10_ndcg@20': tensor(0.0451), 'beauty_10_recall@20': tensor(0.1042), 'ndcg@20': tensor(0.0451), 'recall@20': tensor(0.1042), 'train_loss_0': tensor(0.3321, device='cuda:0')}
[2026-03-15 15:49:24] INFO training_time: 2851.3636503219604
[2026-03-15 15:49:24] INFO inference_time: 36.36856698989868
[2026-03-15 15:50:27] INFO {'epoch': 46, 'beauty_10_ndcg@20': tensor(0.0440), 'beauty_10_recall@20': tensor(0.1024), 'ndcg@20': tensor(0.0440), 'recall@20': tensor(0.1024), 'train_loss_0': tensor(0.3346, device='cuda:0')}
[2026-03-15 15:50:27] INFO training_time: 2913.9289224147797
[2026-03-15 15:50:27] INFO inference_time: 37.10240340232849
[2026-03-15 15:51:30] INFO {'epoch': 47, 'beauty_10_ndcg@20': tensor(0.0448), 'beauty_10_recall@20': tensor(0.1041), 'ndcg@20': tensor(0.0448), 'recall@20': tensor(0.1041), 'train_loss_0': tensor(0.3298, device='cuda:0')}
[2026-03-15 15:51:30] INFO training_time: 2976.12703704834
[2026-03-15 15:51:30] INFO inference_time: 37.87527060508728
[2026-03-15 15:52:33] INFO {'epoch': 48, 'beauty_10_ndcg@20': tensor(0.0449), 'beauty_10_recall@20': tensor(0.1041), 'ndcg@20': tensor(0.0449), 'recall@20': tensor(0.1041), 'train_loss_0': tensor(0.3302, device='cuda:0')}
[2026-03-15 15:52:33] INFO training_time: 3038.1406314373016
[2026-03-15 15:52:33] INFO inference_time: 38.442100286483765
[2026-03-15 15:53:36] INFO {'epoch': 49, 'beauty_10_ndcg@20': tensor(0.0448), 'beauty_10_recall@20': tensor(0.1040), 'ndcg@20': tensor(0.0448), 'recall@20': tensor(0.1040), 'train_loss_0': tensor(0.3298, device='cuda:0')}
[2026-03-15 15:53:36] INFO training_time: 3100.5815761089325
[2026-03-15 15:53:36] INFO inference_time: 39.28150463104248
[2026-03-15 15:54:39] INFO {'epoch': 50, 'beauty_10_ndcg@20': tensor(0.0438), 'beauty_10_recall@20': tensor(0.1016), 'ndcg@20': tensor(0.0438), 'recall@20': tensor(0.1016), 'train_loss_0': tensor(0.3309, device='cuda:0')}
[2026-03-15 15:54:39] INFO training_time: 3162.6436495780945
[2026-03-15 15:54:39] INFO inference_time: 40.41166925430298
[2026-03-15 15:55:42] INFO {'epoch': 51, 'beauty_10_ndcg@20': tensor(0.0457), 'beauty_10_recall@20': tensor(0.1042), 'ndcg@20': tensor(0.0457), 'recall@20': tensor(0.1042), 'train_loss_0': tensor(0.3289, device='cuda:0')}
[2026-03-15 15:55:42] INFO training_time: 3224.5341346263885
[2026-03-15 15:55:42] INFO inference_time: 41.00443959236145
[2026-03-15 15:55:42] INFO Early stopped. Since the metric ndcg@20 haven't been improved for 20 epochs.
[2026-03-15 15:55:42] INFO The best score of ndcg@20 is 0.0459 on epoch 31
[2026-03-15 15:55:42] INFO Best model checkpoint saved in saved/SASRec/noisy_10/2026-03-15-15-01-09-313142.ckpt.
[2026-03-15 15:55:42] INFO defaultdict(<class 'float'>, {'beauty_10_ndcg@20': tensor(0.0356), 'beauty_10_recall@20': tensor(0.0825), 'beauty_10_ndcg@10': tensor(0.0287), 'beauty_10_recall@10': tensor(0.0552), 'ndcg@20': tensor(0.0356), 'recall@20': tensor(0.0825), 'ndcg@10': tensor(0.0287), 'recall@10': tensor(0.0552)})
