[2026-03-16 09:49:06] INFO PID of this process: 2549225
[2026-03-16 09:49:10] INFO {'model': {'embed_dim': 64, 'loss_fn': 'bce', 'hidden_size': 128, 'layer_num': 2, 'head_num': 2, 'dropout_rate': 0.5, 'activation': 'gelu', 'layer_norm_eps': 1e-12, 'model': 'SASRec'}, 'data': {'domain_name_list': ['sport_10'], 'user_threshold': 5, 'item_threshold': 5, 'max_seq_len': 50, 'dataset_class': 'general', 'train_file': '_ori', 'dataset': 'noisy_10'}, 'train': {'batch_size': 256, 'early_stop_mode': 'max', 'early_stop_patience': 20, 'epochs': 1000, 'device': 'cuda', 'optimizer': 'adam', 'learning_rate': 0.001, 'weight_decay': 0, 'num_neg': 1, 'seed': 2025}, 'eval': {'batch_size': 2048, 'cutoff': [20, 10], 'val_metrics': ['ndcg', 'recall'], 'test_metrics': ['ndcg', 'recall'], 'topk': 100, 'save_path': './saved/'}}
[2026-03-16 09:49:10] INFO <data.dataset.SeparateDataset object at 0x7f002d2e81f0>
[2026-03-16 09:49:10] INFO save_dir:saved
[2026-03-16 09:49:10] INFO SASRec(
  (item_embedding): Embedding(18358, 64, padding_idx=0)
  (query_encoder): SASRecQueryEncoder(
    (item_encoder): Embedding(18358, 64, padding_idx=0)
    (position_emb): Embedding(50, 64)
    (transformer_layer): TransformerEncoder(
      (layers): ModuleList(
        (0): TransformerEncoderLayer(
          (self_attn): MultiheadAttention(
            (out_proj): NonDynamicallyQuantizableLinear(in_features=64, out_features=64, bias=True)
          )
          (linear1): Linear(in_features=64, out_features=128, bias=True)
          (dropout): Dropout(p=0.5, inplace=False)
          (linear2): Linear(in_features=128, out_features=64, bias=True)
          (norm1): LayerNorm((64,), eps=1e-12, elementwise_affine=True)
          (norm2): LayerNorm((64,), eps=1e-12, elementwise_affine=True)
          (dropout1): Dropout(p=0.5, inplace=False)
          (dropout2): Dropout(p=0.5, inplace=False)
        )
        (1): TransformerEncoderLayer(
          (self_attn): MultiheadAttention(
            (out_proj): NonDynamicallyQuantizableLinear(in_features=64, out_features=64, bias=True)
          )
          (linear1): Linear(in_features=64, out_features=128, bias=True)
          (dropout): Dropout(p=0.5, inplace=False)
          (linear2): Linear(in_features=128, out_features=64, bias=True)
          (norm1): LayerNorm((64,), eps=1e-12, elementwise_affine=True)
          (norm2): LayerNorm((64,), eps=1e-12, elementwise_affine=True)
          (dropout1): Dropout(p=0.5, inplace=False)
          (dropout2): Dropout(p=0.5, inplace=False)
        )
      )
    )
    (dropout): Dropout(p=0.5, inplace=False)
    (training_pooling_layer): SeqPoolingLayer()
    (eval_pooling_layer): SeqPoolingLayer()
  )
  (loss_fn): BinaryCrossEntropyLoss()
)
[2026-03-16 09:49:24] INFO {'epoch': 0, 'sport_10_ndcg@20': tensor(0.0092), 'sport_10_recall@20': tensor(0.0215), 'ndcg@20': tensor(0.0092), 'recall@20': tensor(0.0215), 'train_loss_0': tensor(1.2976, device='cuda:0')}
[2026-03-16 09:49:24] INFO training_time: 12.733520746231079
[2026-03-16 09:49:24] INFO inference_time: 1.2399957180023193
[2026-03-16 09:49:24] INFO ndcg@20 improved. Best value: 0.0092
[2026-03-16 09:49:24] INFO Best model checkpoint saved in saved/SASRec/noisy_10/2026-03-16-09-49-06-065057.ckpt.
[2026-03-16 09:49:40] INFO {'epoch': 1, 'sport_10_ndcg@20': tensor(0.0092), 'sport_10_recall@20': tensor(0.0216), 'ndcg@20': tensor(0.0092), 'recall@20': tensor(0.0216), 'train_loss_0': tensor(1.1928, device='cuda:0')}
[2026-03-16 09:49:40] INFO training_time: 27.60396909713745
[2026-03-16 09:49:40] INFO inference_time: 2.2682125568389893
[2026-03-16 09:49:40] INFO ndcg@20 improved. Best value: 0.0092
[2026-03-16 09:49:40] INFO Best model checkpoint saved in saved/SASRec/noisy_10/2026-03-16-09-49-06-065057.ckpt.
[2026-03-16 09:50:03] INFO {'epoch': 2, 'sport_10_ndcg@20': tensor(0.0099), 'sport_10_recall@20': tensor(0.0242), 'ndcg@20': tensor(0.0099), 'recall@20': tensor(0.0242), 'train_loss_0': tensor(1.1476, device='cuda:0')}
[2026-03-16 09:50:03] INFO training_time: 48.89832139015198
[2026-03-16 09:50:03] INFO inference_time: 3.5732719898223877
[2026-03-16 09:50:03] INFO ndcg@20 improved. Best value: 0.0099
[2026-03-16 09:50:03] INFO Best model checkpoint saved in saved/SASRec/noisy_10/2026-03-16-09-49-06-065057.ckpt.
[2026-03-16 09:50:26] INFO {'epoch': 3, 'sport_10_ndcg@20': tensor(0.0118), 'sport_10_recall@20': tensor(0.0300), 'ndcg@20': tensor(0.0118), 'recall@20': tensor(0.0300), 'train_loss_0': tensor(1.0951, device='cuda:0')}
[2026-03-16 09:50:26] INFO training_time: 70.84823060035706
[2026-03-16 09:50:26] INFO inference_time: 4.650694847106934
[2026-03-16 09:50:26] INFO ndcg@20 improved. Best value: 0.0118
[2026-03-16 09:50:26] INFO Best model checkpoint saved in saved/SASRec/noisy_10/2026-03-16-09-49-06-065057.ckpt.
[2026-03-16 09:50:49] INFO {'epoch': 4, 'sport_10_ndcg@20': tensor(0.0125), 'sport_10_recall@20': tensor(0.0309), 'ndcg@20': tensor(0.0125), 'recall@20': tensor(0.0309), 'train_loss_0': tensor(1.0223, device='cuda:0')}
[2026-03-16 09:50:49] INFO training_time: 92.66867637634277
[2026-03-16 09:50:49] INFO inference_time: 5.979384660720825
[2026-03-16 09:50:49] INFO ndcg@20 improved. Best value: 0.0125
[2026-03-16 09:50:49] INFO Best model checkpoint saved in saved/SASRec/noisy_10/2026-03-16-09-49-06-065057.ckpt.
[2026-03-16 09:51:13] INFO {'epoch': 5, 'sport_10_ndcg@20': tensor(0.0133), 'sport_10_recall@20': tensor(0.0335), 'ndcg@20': tensor(0.0133), 'recall@20': tensor(0.0335), 'train_loss_0': tensor(0.9637, device='cuda:0')}
[2026-03-16 09:51:13] INFO training_time: 114.71719026565552
[2026-03-16 09:51:13] INFO inference_time: 7.283949851989746
[2026-03-16 09:51:13] INFO ndcg@20 improved. Best value: 0.0133
[2026-03-16 09:51:13] INFO Best model checkpoint saved in saved/SASRec/noisy_10/2026-03-16-09-49-06-065057.ckpt.
[2026-03-16 09:51:36] INFO {'epoch': 6, 'sport_10_ndcg@20': tensor(0.0138), 'sport_10_recall@20': tensor(0.0345), 'ndcg@20': tensor(0.0138), 'recall@20': tensor(0.0345), 'train_loss_0': tensor(0.9133, device='cuda:0')}
[2026-03-16 09:51:36] INFO training_time: 136.77089977264404
[2026-03-16 09:51:36] INFO inference_time: 8.283887386322021
[2026-03-16 09:51:36] INFO ndcg@20 improved. Best value: 0.0138
[2026-03-16 09:51:36] INFO Best model checkpoint saved in saved/SASRec/noisy_10/2026-03-16-09-49-06-065057.ckpt.
[2026-03-16 09:51:59] INFO {'epoch': 7, 'sport_10_ndcg@20': tensor(0.0153), 'sport_10_recall@20': tensor(0.0375), 'ndcg@20': tensor(0.0153), 'recall@20': tensor(0.0375), 'train_loss_0': tensor(0.8642, device='cuda:0')}
[2026-03-16 09:51:59] INFO training_time: 158.59110808372498
[2026-03-16 09:51:59] INFO inference_time: 9.648332595825195
[2026-03-16 09:51:59] INFO ndcg@20 improved. Best value: 0.0153
[2026-03-16 09:51:59] INFO Best model checkpoint saved in saved/SASRec/noisy_10/2026-03-16-09-49-06-065057.ckpt.
[2026-03-16 09:52:22] INFO {'epoch': 8, 'sport_10_ndcg@20': tensor(0.0159), 'sport_10_recall@20': tensor(0.0402), 'ndcg@20': tensor(0.0159), 'recall@20': tensor(0.0402), 'train_loss_0': tensor(0.8232, device='cuda:0')}
[2026-03-16 09:52:22] INFO training_time: 180.43154454231262
[2026-03-16 09:52:22] INFO inference_time: 10.700156211853027
[2026-03-16 09:52:22] INFO ndcg@20 improved. Best value: 0.0159
[2026-03-16 09:52:22] INFO Best model checkpoint saved in saved/SASRec/noisy_10/2026-03-16-09-49-06-065057.ckpt.
[2026-03-16 09:52:45] INFO {'epoch': 9, 'sport_10_ndcg@20': tensor(0.0175), 'sport_10_recall@20': tensor(0.0433), 'ndcg@20': tensor(0.0175), 'recall@20': tensor(0.0433), 'train_loss_0': tensor(0.7870, device='cuda:0')}
[2026-03-16 09:52:45] INFO training_time: 202.07293105125427
[2026-03-16 09:52:45] INFO inference_time: 12.031498193740845
[2026-03-16 09:52:45] INFO ndcg@20 improved. Best value: 0.0175
[2026-03-16 09:52:45] INFO Best model checkpoint saved in saved/SASRec/noisy_10/2026-03-16-09-49-06-065057.ckpt.
[2026-03-16 09:53:08] INFO {'epoch': 10, 'sport_10_ndcg@20': tensor(0.0179), 'sport_10_recall@20': tensor(0.0435), 'ndcg@20': tensor(0.0179), 'recall@20': tensor(0.0435), 'train_loss_0': tensor(0.7497, device='cuda:0')}
[2026-03-16 09:53:08] INFO training_time: 224.0620789527893
[2026-03-16 09:53:08] INFO inference_time: 13.675084352493286
[2026-03-16 09:53:08] INFO ndcg@20 improved. Best value: 0.0179
[2026-03-16 09:53:08] INFO Best model checkpoint saved in saved/SASRec/noisy_10/2026-03-16-09-49-06-065057.ckpt.
[2026-03-16 09:53:31] INFO {'epoch': 11, 'sport_10_ndcg@20': tensor(0.0182), 'sport_10_recall@20': tensor(0.0450), 'ndcg@20': tensor(0.0182), 'recall@20': tensor(0.0450), 'train_loss_0': tensor(0.7172, device='cuda:0')}
[2026-03-16 09:53:31] INFO training_time: 245.91381764411926
[2026-03-16 09:53:31] INFO inference_time: 14.668378591537476
[2026-03-16 09:53:31] INFO ndcg@20 improved. Best value: 0.0182
[2026-03-16 09:53:31] INFO Best model checkpoint saved in saved/SASRec/noisy_10/2026-03-16-09-49-06-065057.ckpt.
[2026-03-16 09:53:54] INFO {'epoch': 12, 'sport_10_ndcg@20': tensor(0.0191), 'sport_10_recall@20': tensor(0.0460), 'ndcg@20': tensor(0.0191), 'recall@20': tensor(0.0460), 'train_loss_0': tensor(0.6889, device='cuda:0')}
[2026-03-16 09:53:54] INFO training_time: 267.7286684513092
[2026-03-16 09:53:54] INFO inference_time: 15.723414421081543
[2026-03-16 09:53:54] INFO ndcg@20 improved. Best value: 0.0191
[2026-03-16 09:53:54] INFO Best model checkpoint saved in saved/SASRec/noisy_10/2026-03-16-09-49-06-065057.ckpt.
[2026-03-16 09:54:17] INFO {'epoch': 13, 'sport_10_ndcg@20': tensor(0.0195), 'sport_10_recall@20': tensor(0.0467), 'ndcg@20': tensor(0.0195), 'recall@20': tensor(0.0467), 'train_loss_0': tensor(0.6665, device='cuda:0')}
[2026-03-16 09:54:17] INFO training_time: 289.67109060287476
[2026-03-16 09:54:17] INFO inference_time: 17.070090770721436
[2026-03-16 09:54:17] INFO ndcg@20 improved. Best value: 0.0195
[2026-03-16 09:54:17] INFO Best model checkpoint saved in saved/SASRec/noisy_10/2026-03-16-09-49-06-065057.ckpt.
[2026-03-16 09:54:41] INFO {'epoch': 14, 'sport_10_ndcg@20': tensor(0.0198), 'sport_10_recall@20': tensor(0.0480), 'ndcg@20': tensor(0.0198), 'recall@20': tensor(0.0480), 'train_loss_0': tensor(0.6462, device='cuda:0')}
[2026-03-16 09:54:41] INFO training_time: 311.43997263908386
[2026-03-16 09:54:41] INFO inference_time: 18.405468940734863
[2026-03-16 09:54:41] INFO ndcg@20 improved. Best value: 0.0198
[2026-03-16 09:54:41] INFO Best model checkpoint saved in saved/SASRec/noisy_10/2026-03-16-09-49-06-065057.ckpt.
[2026-03-16 09:55:04] INFO {'epoch': 15, 'sport_10_ndcg@20': tensor(0.0207), 'sport_10_recall@20': tensor(0.0497), 'ndcg@20': tensor(0.0207), 'recall@20': tensor(0.0497), 'train_loss_0': tensor(0.6256, device='cuda:0')}
[2026-03-16 09:55:04] INFO training_time: 333.2923183441162
[2026-03-16 09:55:04] INFO inference_time: 19.748759031295776
[2026-03-16 09:55:04] INFO ndcg@20 improved. Best value: 0.0207
[2026-03-16 09:55:04] INFO Best model checkpoint saved in saved/SASRec/noisy_10/2026-03-16-09-49-06-065057.ckpt.
[2026-03-16 09:55:27] INFO {'epoch': 16, 'sport_10_ndcg@20': tensor(0.0210), 'sport_10_recall@20': tensor(0.0494), 'ndcg@20': tensor(0.0210), 'recall@20': tensor(0.0494), 'train_loss_0': tensor(0.6040, device='cuda:0')}
[2026-03-16 09:55:27] INFO training_time: 355.3731691837311
[2026-03-16 09:55:27] INFO inference_time: 21.071584224700928
[2026-03-16 09:55:27] INFO ndcg@20 improved. Best value: 0.0210
[2026-03-16 09:55:27] INFO Best model checkpoint saved in saved/SASRec/noisy_10/2026-03-16-09-49-06-065057.ckpt.
[2026-03-16 09:55:50] INFO {'epoch': 17, 'sport_10_ndcg@20': tensor(0.0212), 'sport_10_recall@20': tensor(0.0502), 'ndcg@20': tensor(0.0212), 'recall@20': tensor(0.0502), 'train_loss_0': tensor(0.5895, device='cuda:0')}
[2026-03-16 09:55:50] INFO training_time: 377.31080079078674
[2026-03-16 09:55:50] INFO inference_time: 22.161104679107666
[2026-03-16 09:55:50] INFO ndcg@20 improved. Best value: 0.0212
[2026-03-16 09:55:50] INFO Best model checkpoint saved in saved/SASRec/noisy_10/2026-03-16-09-49-06-065057.ckpt.
[2026-03-16 09:56:14] INFO {'epoch': 18, 'sport_10_ndcg@20': tensor(0.0210), 'sport_10_recall@20': tensor(0.0499), 'ndcg@20': tensor(0.0210), 'recall@20': tensor(0.0499), 'train_loss_0': tensor(0.5781, device='cuda:0')}
[2026-03-16 09:56:14] INFO training_time: 399.42254638671875
[2026-03-16 09:56:14] INFO inference_time: 23.54344654083252
[2026-03-16 09:56:37] INFO {'epoch': 19, 'sport_10_ndcg@20': tensor(0.0208), 'sport_10_recall@20': tensor(0.0494), 'ndcg@20': tensor(0.0208), 'recall@20': tensor(0.0494), 'train_loss_0': tensor(0.5646, device='cuda:0')}
[2026-03-16 09:56:37] INFO training_time: 421.39596009254456
[2026-03-16 09:56:37] INFO inference_time: 24.92221236228943
[2026-03-16 09:57:01] INFO {'epoch': 20, 'sport_10_ndcg@20': tensor(0.0207), 'sport_10_recall@20': tensor(0.0490), 'ndcg@20': tensor(0.0207), 'recall@20': tensor(0.0490), 'train_loss_0': tensor(0.5531, device='cuda:0')}
[2026-03-16 09:57:01] INFO training_time: 443.4737157821655
[2026-03-16 09:57:01] INFO inference_time: 26.43432855606079
[2026-03-16 09:57:24] INFO {'epoch': 21, 'sport_10_ndcg@20': tensor(0.0210), 'sport_10_recall@20': tensor(0.0492), 'ndcg@20': tensor(0.0210), 'recall@20': tensor(0.0492), 'train_loss_0': tensor(0.5469, device='cuda:0')}
[2026-03-16 09:57:24] INFO training_time: 465.5081648826599
[2026-03-16 09:57:24] INFO inference_time: 27.765531301498413
[2026-03-16 09:57:47] INFO {'epoch': 22, 'sport_10_ndcg@20': tensor(0.0207), 'sport_10_recall@20': tensor(0.0494), 'ndcg@20': tensor(0.0207), 'recall@20': tensor(0.0494), 'train_loss_0': tensor(0.5399, device='cuda:0')}
[2026-03-16 09:57:47] INFO training_time: 487.41275215148926
[2026-03-16 09:57:47] INFO inference_time: 29.084068059921265
[2026-03-16 09:58:11] INFO {'epoch': 23, 'sport_10_ndcg@20': tensor(0.0216), 'sport_10_recall@20': tensor(0.0502), 'ndcg@20': tensor(0.0216), 'recall@20': tensor(0.0502), 'train_loss_0': tensor(0.5275, device='cuda:0')}
[2026-03-16 09:58:11] INFO training_time: 509.35533332824707
[2026-03-16 09:58:11] INFO inference_time: 30.42397952079773
[2026-03-16 09:58:11] INFO ndcg@20 improved. Best value: 0.0216
[2026-03-16 09:58:11] INFO Best model checkpoint saved in saved/SASRec/noisy_10/2026-03-16-09-49-06-065057.ckpt.
[2026-03-16 09:58:34] INFO {'epoch': 24, 'sport_10_ndcg@20': tensor(0.0214), 'sport_10_recall@20': tensor(0.0499), 'ndcg@20': tensor(0.0214), 'recall@20': tensor(0.0499), 'train_loss_0': tensor(0.5239, device='cuda:0')}
[2026-03-16 09:58:34] INFO training_time: 531.4601769447327
[2026-03-16 09:58:34] INFO inference_time: 31.79064106941223
[2026-03-16 09:58:57] INFO {'epoch': 25, 'sport_10_ndcg@20': tensor(0.0218), 'sport_10_recall@20': tensor(0.0504), 'ndcg@20': tensor(0.0218), 'recall@20': tensor(0.0504), 'train_loss_0': tensor(0.5150, device='cuda:0')}
[2026-03-16 09:58:57] INFO training_time: 553.4834318161011
[2026-03-16 09:58:57] INFO inference_time: 33.10345530509949
[2026-03-16 09:58:57] INFO ndcg@20 improved. Best value: 0.0218
[2026-03-16 09:58:57] INFO Best model checkpoint saved in saved/SASRec/noisy_10/2026-03-16-09-49-06-065057.ckpt.
[2026-03-16 09:59:21] INFO {'epoch': 26, 'sport_10_ndcg@20': tensor(0.0217), 'sport_10_recall@20': tensor(0.0505), 'ndcg@20': tensor(0.0217), 'recall@20': tensor(0.0505), 'train_loss_0': tensor(0.5078, device='cuda:0')}
[2026-03-16 09:59:21] INFO training_time: 575.4714090824127
[2026-03-16 09:59:21] INFO inference_time: 34.443350315093994
[2026-03-16 09:59:44] INFO {'epoch': 27, 'sport_10_ndcg@20': tensor(0.0220), 'sport_10_recall@20': tensor(0.0520), 'ndcg@20': tensor(0.0220), 'recall@20': tensor(0.0520), 'train_loss_0': tensor(0.5027, device='cuda:0')}
[2026-03-16 09:59:44] INFO training_time: 597.5124228000641
[2026-03-16 09:59:44] INFO inference_time: 35.67513084411621
[2026-03-16 09:59:44] INFO ndcg@20 improved. Best value: 0.0220
[2026-03-16 09:59:44] INFO Best model checkpoint saved in saved/SASRec/noisy_10/2026-03-16-09-49-06-065057.ckpt.
[2026-03-16 10:00:08] INFO {'epoch': 28, 'sport_10_ndcg@20': tensor(0.0219), 'sport_10_recall@20': tensor(0.0518), 'ndcg@20': tensor(0.0219), 'recall@20': tensor(0.0518), 'train_loss_0': tensor(0.4973, device='cuda:0')}
[2026-03-16 10:00:08] INFO training_time: 619.5502531528473
[2026-03-16 10:00:08] INFO inference_time: 37.06133556365967
[2026-03-16 10:00:31] INFO {'epoch': 29, 'sport_10_ndcg@20': tensor(0.0229), 'sport_10_recall@20': tensor(0.0525), 'ndcg@20': tensor(0.0229), 'recall@20': tensor(0.0525), 'train_loss_0': tensor(0.4933, device='cuda:0')}
[2026-03-16 10:00:31] INFO training_time: 641.5305373668671
[2026-03-16 10:00:31] INFO inference_time: 38.39060568809509
[2026-03-16 10:00:31] INFO ndcg@20 improved. Best value: 0.0229
[2026-03-16 10:00:31] INFO Best model checkpoint saved in saved/SASRec/noisy_10/2026-03-16-09-49-06-065057.ckpt.
[2026-03-16 10:00:54] INFO {'epoch': 30, 'sport_10_ndcg@20': tensor(0.0226), 'sport_10_recall@20': tensor(0.0522), 'ndcg@20': tensor(0.0226), 'recall@20': tensor(0.0522), 'train_loss_0': tensor(0.4869, device='cuda:0')}
[2026-03-16 10:00:54] INFO training_time: 663.4243421554565
[2026-03-16 10:00:54] INFO inference_time: 39.7263240814209
[2026-03-16 10:01:17] INFO {'epoch': 31, 'sport_10_ndcg@20': tensor(0.0224), 'sport_10_recall@20': tensor(0.0521), 'ndcg@20': tensor(0.0224), 'recall@20': tensor(0.0521), 'train_loss_0': tensor(0.4847, device='cuda:0')}
[2026-03-16 10:01:17] INFO training_time: 685.0615458488464
[2026-03-16 10:01:17] INFO inference_time: 41.040157318115234
[2026-03-16 10:01:37] INFO {'epoch': 32, 'sport_10_ndcg@20': tensor(0.0228), 'sport_10_recall@20': tensor(0.0531), 'ndcg@20': tensor(0.0228), 'recall@20': tensor(0.0531), 'train_loss_0': tensor(0.4759, device='cuda:0')}
[2026-03-16 10:01:37] INFO training_time: 704.4425594806671
[2026-03-16 10:01:37] INFO inference_time: 42.076905488967896
[2026-03-16 10:01:57] INFO {'epoch': 33, 'sport_10_ndcg@20': tensor(0.0226), 'sport_10_recall@20': tensor(0.0524), 'ndcg@20': tensor(0.0226), 'recall@20': tensor(0.0524), 'train_loss_0': tensor(0.4800, device='cuda:0')}
[2026-03-16 10:01:57] INFO training_time: 723.3745148181915
[2026-03-16 10:01:57] INFO inference_time: 43.10975885391235
[2026-03-16 10:02:18] INFO {'epoch': 34, 'sport_10_ndcg@20': tensor(0.0217), 'sport_10_recall@20': tensor(0.0505), 'ndcg@20': tensor(0.0217), 'recall@20': tensor(0.0505), 'train_loss_0': tensor(0.4701, device='cuda:0')}
[2026-03-16 10:02:18] INFO training_time: 742.4360139369965
[2026-03-16 10:02:18] INFO inference_time: 44.370166540145874
[2026-03-16 10:02:38] INFO {'epoch': 35, 'sport_10_ndcg@20': tensor(0.0220), 'sport_10_recall@20': tensor(0.0517), 'ndcg@20': tensor(0.0220), 'recall@20': tensor(0.0517), 'train_loss_0': tensor(0.4718, device='cuda:0')}
[2026-03-16 10:02:38] INFO training_time: 761.7652122974396
[2026-03-16 10:02:38] INFO inference_time: 45.67926049232483
[2026-03-16 10:02:58] INFO {'epoch': 36, 'sport_10_ndcg@20': tensor(0.0218), 'sport_10_recall@20': tensor(0.0515), 'ndcg@20': tensor(0.0218), 'recall@20': tensor(0.0515), 'train_loss_0': tensor(0.4640, device='cuda:0')}
[2026-03-16 10:02:58] INFO training_time: 780.1668977737427
[2026-03-16 10:02:58] INFO inference_time: 46.66962146759033
[2026-03-16 10:03:18] INFO {'epoch': 37, 'sport_10_ndcg@20': tensor(0.0218), 'sport_10_recall@20': tensor(0.0508), 'ndcg@20': tensor(0.0218), 'recall@20': tensor(0.0508), 'train_loss_0': tensor(0.4633, device='cuda:0')}
[2026-03-16 10:03:18] INFO training_time: 799.2913644313812
[2026-03-16 10:03:18] INFO inference_time: 48.1678740978241
[2026-03-16 10:03:39] INFO {'epoch': 38, 'sport_10_ndcg@20': tensor(0.0218), 'sport_10_recall@20': tensor(0.0500), 'ndcg@20': tensor(0.0218), 'recall@20': tensor(0.0500), 'train_loss_0': tensor(0.4631, device='cuda:0')}
[2026-03-16 10:03:39] INFO training_time: 818.4603185653687
[2026-03-16 10:03:39] INFO inference_time: 49.477736473083496
[2026-03-16 10:03:59] INFO {'epoch': 39, 'sport_10_ndcg@20': tensor(0.0217), 'sport_10_recall@20': tensor(0.0503), 'ndcg@20': tensor(0.0217), 'recall@20': tensor(0.0503), 'train_loss_0': tensor(0.4567, device='cuda:0')}
[2026-03-16 10:03:59] INFO training_time: 837.659905910492
[2026-03-16 10:03:59] INFO inference_time: 50.771042346954346
[2026-03-16 10:04:19] INFO {'epoch': 40, 'sport_10_ndcg@20': tensor(0.0216), 'sport_10_recall@20': tensor(0.0505), 'ndcg@20': tensor(0.0216), 'recall@20': tensor(0.0505), 'train_loss_0': tensor(0.4547, device='cuda:0')}
[2026-03-16 10:04:19] INFO training_time: 856.10489153862
[2026-03-16 10:04:19] INFO inference_time: 51.94308304786682
[2026-03-16 10:04:34] INFO {'epoch': 41, 'sport_10_ndcg@20': tensor(0.0221), 'sport_10_recall@20': tensor(0.0517), 'ndcg@20': tensor(0.0221), 'recall@20': tensor(0.0517), 'train_loss_0': tensor(0.4521, device='cuda:0')}
[2026-03-16 10:04:34] INFO training_time: 869.8907160758972
[2026-03-16 10:04:34] INFO inference_time: 52.83989453315735
[2026-03-16 10:04:49] INFO {'epoch': 42, 'sport_10_ndcg@20': tensor(0.0230), 'sport_10_recall@20': tensor(0.0528), 'ndcg@20': tensor(0.0230), 'recall@20': tensor(0.0528), 'train_loss_0': tensor(0.4481, device='cuda:0')}
[2026-03-16 10:04:49] INFO training_time: 883.6780903339386
[2026-03-16 10:04:49] INFO inference_time: 53.81251120567322
[2026-03-16 10:04:49] INFO ndcg@20 improved. Best value: 0.0230
[2026-03-16 10:04:49] INFO Best model checkpoint saved in saved/SASRec/noisy_10/2026-03-16-09-49-06-065057.ckpt.
[2026-03-16 10:05:03] INFO {'epoch': 43, 'sport_10_ndcg@20': tensor(0.0225), 'sport_10_recall@20': tensor(0.0521), 'ndcg@20': tensor(0.0225), 'recall@20': tensor(0.0521), 'train_loss_0': tensor(0.4451, device='cuda:0')}
[2026-03-16 10:05:03] INFO training_time: 897.5568218231201
[2026-03-16 10:05:03] INFO inference_time: 54.774951219558716
[2026-03-16 10:05:18] INFO {'epoch': 44, 'sport_10_ndcg@20': tensor(0.0224), 'sport_10_recall@20': tensor(0.0526), 'ndcg@20': tensor(0.0224), 'recall@20': tensor(0.0526), 'train_loss_0': tensor(0.4468, device='cuda:0')}
[2026-03-16 10:05:18] INFO training_time: 911.4487981796265
[2026-03-16 10:05:18] INFO inference_time: 55.71028542518616
[2026-03-16 10:05:33] INFO {'epoch': 45, 'sport_10_ndcg@20': tensor(0.0225), 'sport_10_recall@20': tensor(0.0526), 'ndcg@20': tensor(0.0225), 'recall@20': tensor(0.0526), 'train_loss_0': tensor(0.4443, device='cuda:0')}
[2026-03-16 10:05:33] INFO training_time: 925.2548332214355
[2026-03-16 10:05:33] INFO inference_time: 56.64838004112244
[2026-03-16 10:05:48] INFO {'epoch': 46, 'sport_10_ndcg@20': tensor(0.0229), 'sport_10_recall@20': tensor(0.0535), 'ndcg@20': tensor(0.0229), 'recall@20': tensor(0.0535), 'train_loss_0': tensor(0.4451, device='cuda:0')}
[2026-03-16 10:05:48] INFO training_time: 939.2748265266418
[2026-03-16 10:05:48] INFO inference_time: 57.60008358955383
[2026-03-16 10:06:03] INFO {'epoch': 47, 'sport_10_ndcg@20': tensor(0.0226), 'sport_10_recall@20': tensor(0.0523), 'ndcg@20': tensor(0.0226), 'recall@20': tensor(0.0523), 'train_loss_0': tensor(0.4366, device='cuda:0')}
[2026-03-16 10:06:03] INFO training_time: 953.5133428573608
[2026-03-16 10:06:03] INFO inference_time: 58.54260802268982
[2026-03-16 10:06:18] INFO {'epoch': 48, 'sport_10_ndcg@20': tensor(0.0228), 'sport_10_recall@20': tensor(0.0528), 'ndcg@20': tensor(0.0228), 'recall@20': tensor(0.0528), 'train_loss_0': tensor(0.4388, device='cuda:0')}
[2026-03-16 10:06:18] INFO training_time: 967.4212863445282
[2026-03-16 10:06:18] INFO inference_time: 59.45070505142212
[2026-03-16 10:06:32] INFO {'epoch': 49, 'sport_10_ndcg@20': tensor(0.0231), 'sport_10_recall@20': tensor(0.0533), 'ndcg@20': tensor(0.0231), 'recall@20': tensor(0.0533), 'train_loss_0': tensor(0.4334, device='cuda:0')}
[2026-03-16 10:06:32] INFO training_time: 980.8997781276703
[2026-03-16 10:06:32] INFO inference_time: 60.38628053665161
[2026-03-16 10:06:32] INFO ndcg@20 improved. Best value: 0.0231
[2026-03-16 10:06:32] INFO Best model checkpoint saved in saved/SASRec/noisy_10/2026-03-16-09-49-06-065057.ckpt.
[2026-03-16 10:06:48] INFO {'epoch': 50, 'sport_10_ndcg@20': tensor(0.0229), 'sport_10_recall@20': tensor(0.0516), 'ndcg@20': tensor(0.0229), 'recall@20': tensor(0.0516), 'train_loss_0': tensor(0.4335, device='cuda:0')}
[2026-03-16 10:06:48] INFO training_time: 994.917426109314
[2026-03-16 10:06:48] INFO inference_time: 61.601245641708374
[2026-03-16 10:07:03] INFO {'epoch': 51, 'sport_10_ndcg@20': tensor(0.0230), 'sport_10_recall@20': tensor(0.0521), 'ndcg@20': tensor(0.0230), 'recall@20': tensor(0.0521), 'train_loss_0': tensor(0.4314, device='cuda:0')}
[2026-03-16 10:07:03] INFO training_time: 1009.0354669094086
[2026-03-16 10:07:03] INFO inference_time: 62.54251575469971
[2026-03-16 10:07:18] INFO {'epoch': 52, 'sport_10_ndcg@20': tensor(0.0227), 'sport_10_recall@20': tensor(0.0520), 'ndcg@20': tensor(0.0227), 'recall@20': tensor(0.0520), 'train_loss_0': tensor(0.4278, device='cuda:0')}
[2026-03-16 10:07:18] INFO training_time: 1022.9176952838898
[2026-03-16 10:07:18] INFO inference_time: 63.47962951660156
[2026-03-16 10:07:32] INFO {'epoch': 53, 'sport_10_ndcg@20': tensor(0.0229), 'sport_10_recall@20': tensor(0.0523), 'ndcg@20': tensor(0.0229), 'recall@20': tensor(0.0523), 'train_loss_0': tensor(0.4326, device='cuda:0')}
[2026-03-16 10:07:32] INFO training_time: 1036.5876109600067
[2026-03-16 10:07:32] INFO inference_time: 64.43690872192383
[2026-03-16 10:07:47] INFO {'epoch': 54, 'sport_10_ndcg@20': tensor(0.0233), 'sport_10_recall@20': tensor(0.0535), 'ndcg@20': tensor(0.0233), 'recall@20': tensor(0.0535), 'train_loss_0': tensor(0.4301, device='cuda:0')}
[2026-03-16 10:07:47] INFO training_time: 1050.511962890625
[2026-03-16 10:07:47] INFO inference_time: 65.37857103347778
[2026-03-16 10:07:47] INFO ndcg@20 improved. Best value: 0.0233
[2026-03-16 10:07:47] INFO Best model checkpoint saved in saved/SASRec/noisy_10/2026-03-16-09-49-06-065057.ckpt.
[2026-03-16 10:08:02] INFO {'epoch': 55, 'sport_10_ndcg@20': tensor(0.0227), 'sport_10_recall@20': tensor(0.0520), 'ndcg@20': tensor(0.0227), 'recall@20': tensor(0.0520), 'train_loss_0': tensor(0.4274, device='cuda:0')}
[2026-03-16 10:08:02] INFO training_time: 1064.5484030246735
[2026-03-16 10:08:02] INFO inference_time: 66.26395463943481
[2026-03-16 10:08:17] INFO {'epoch': 56, 'sport_10_ndcg@20': tensor(0.0232), 'sport_10_recall@20': tensor(0.0524), 'ndcg@20': tensor(0.0232), 'recall@20': tensor(0.0524), 'train_loss_0': tensor(0.4223, device='cuda:0')}
[2026-03-16 10:08:17] INFO training_time: 1078.3234326839447
[2026-03-16 10:08:17] INFO inference_time: 67.24141097068787
[2026-03-16 10:08:32] INFO {'epoch': 57, 'sport_10_ndcg@20': tensor(0.0234), 'sport_10_recall@20': tensor(0.0536), 'ndcg@20': tensor(0.0234), 'recall@20': tensor(0.0536), 'train_loss_0': tensor(0.4273, device='cuda:0')}
[2026-03-16 10:08:32] INFO training_time: 1092.2369260787964
[2026-03-16 10:08:32] INFO inference_time: 68.17774987220764
[2026-03-16 10:08:32] INFO ndcg@20 improved. Best value: 0.0234
[2026-03-16 10:08:32] INFO Best model checkpoint saved in saved/SASRec/noisy_10/2026-03-16-09-49-06-065057.ckpt.
[2026-03-16 10:08:47] INFO {'epoch': 58, 'sport_10_ndcg@20': tensor(0.0231), 'sport_10_recall@20': tensor(0.0534), 'ndcg@20': tensor(0.0231), 'recall@20': tensor(0.0534), 'train_loss_0': tensor(0.4216, device='cuda:0')}
[2026-03-16 10:08:47] INFO training_time: 1106.2478222846985
[2026-03-16 10:08:47] INFO inference_time: 69.45896124839783
[2026-03-16 10:09:02] INFO {'epoch': 59, 'sport_10_ndcg@20': tensor(0.0233), 'sport_10_recall@20': tensor(0.0535), 'ndcg@20': tensor(0.0233), 'recall@20': tensor(0.0535), 'train_loss_0': tensor(0.4202, device='cuda:0')}
[2026-03-16 10:09:02] INFO training_time: 1120.3610310554504
[2026-03-16 10:09:02] INFO inference_time: 70.44198298454285
[2026-03-16 10:09:17] INFO {'epoch': 60, 'sport_10_ndcg@20': tensor(0.0235), 'sport_10_recall@20': tensor(0.0542), 'ndcg@20': tensor(0.0235), 'recall@20': tensor(0.0542), 'train_loss_0': tensor(0.4162, device='cuda:0')}
[2026-03-16 10:09:17] INFO training_time: 1134.1771357059479
[2026-03-16 10:09:17] INFO inference_time: 72.02084732055664
[2026-03-16 10:09:17] INFO ndcg@20 improved. Best value: 0.0235
[2026-03-16 10:09:17] INFO Best model checkpoint saved in saved/SASRec/noisy_10/2026-03-16-09-49-06-065057.ckpt.
[2026-03-16 10:09:32] INFO {'epoch': 61, 'sport_10_ndcg@20': tensor(0.0236), 'sport_10_recall@20': tensor(0.0548), 'ndcg@20': tensor(0.0236), 'recall@20': tensor(0.0548), 'train_loss_0': tensor(0.4153, device='cuda:0')}
[2026-03-16 10:09:32] INFO training_time: 1148.282172203064
[2026-03-16 10:09:32] INFO inference_time: 72.93875074386597
[2026-03-16 10:09:32] INFO ndcg@20 improved. Best value: 0.0236
[2026-03-16 10:09:32] INFO Best model checkpoint saved in saved/SASRec/noisy_10/2026-03-16-09-49-06-065057.ckpt.
[2026-03-16 10:09:47] INFO {'epoch': 62, 'sport_10_ndcg@20': tensor(0.0236), 'sport_10_recall@20': tensor(0.0543), 'ndcg@20': tensor(0.0236), 'recall@20': tensor(0.0543), 'train_loss_0': tensor(0.4170, device='cuda:0')}
[2026-03-16 10:09:47] INFO training_time: 1162.2646567821503
[2026-03-16 10:09:47] INFO inference_time: 73.83110737800598
[2026-03-16 10:10:02] INFO {'epoch': 63, 'sport_10_ndcg@20': tensor(0.0235), 'sport_10_recall@20': tensor(0.0537), 'ndcg@20': tensor(0.0235), 'recall@20': tensor(0.0537), 'train_loss_0': tensor(0.4146, device='cuda:0')}
[2026-03-16 10:10:02] INFO training_time: 1175.9968695640564
[2026-03-16 10:10:02] INFO inference_time: 74.78614807128906
[2026-03-16 10:10:16] INFO {'epoch': 64, 'sport_10_ndcg@20': tensor(0.0232), 'sport_10_recall@20': tensor(0.0532), 'ndcg@20': tensor(0.0232), 'recall@20': tensor(0.0532), 'train_loss_0': tensor(0.4169, device='cuda:0')}
[2026-03-16 10:10:16] INFO training_time: 1188.980618238449
[2026-03-16 10:10:16] INFO inference_time: 75.7980535030365
[2026-03-16 10:10:31] INFO {'epoch': 65, 'sport_10_ndcg@20': tensor(0.0233), 'sport_10_recall@20': tensor(0.0536), 'ndcg@20': tensor(0.0233), 'recall@20': tensor(0.0536), 'train_loss_0': tensor(0.4102, device='cuda:0')}
[2026-03-16 10:10:31] INFO training_time: 1202.987220287323
[2026-03-16 10:10:31] INFO inference_time: 76.80069088935852
[2026-03-16 10:10:46] INFO {'epoch': 66, 'sport_10_ndcg@20': tensor(0.0238), 'sport_10_recall@20': tensor(0.0543), 'ndcg@20': tensor(0.0238), 'recall@20': tensor(0.0543), 'train_loss_0': tensor(0.4118, device='cuda:0')}
[2026-03-16 10:10:46] INFO training_time: 1216.9688365459442
[2026-03-16 10:10:46] INFO inference_time: 78.07363152503967
[2026-03-16 10:10:46] INFO ndcg@20 improved. Best value: 0.0238
[2026-03-16 10:10:46] INFO Best model checkpoint saved in saved/SASRec/noisy_10/2026-03-16-09-49-06-065057.ckpt.
[2026-03-16 10:11:02] INFO {'epoch': 67, 'sport_10_ndcg@20': tensor(0.0233), 'sport_10_recall@20': tensor(0.0537), 'ndcg@20': tensor(0.0233), 'recall@20': tensor(0.0537), 'train_loss_0': tensor(0.4079, device='cuda:0')}
[2026-03-16 10:11:02] INFO training_time: 1230.9231445789337
[2026-03-16 10:11:02] INFO inference_time: 79.34161829948425
[2026-03-16 10:11:17] INFO {'epoch': 68, 'sport_10_ndcg@20': tensor(0.0234), 'sport_10_recall@20': tensor(0.0547), 'ndcg@20': tensor(0.0234), 'recall@20': tensor(0.0547), 'train_loss_0': tensor(0.4107, device='cuda:0')}
[2026-03-16 10:11:17] INFO training_time: 1244.8542580604553
[2026-03-16 10:11:17] INFO inference_time: 80.59349703788757
[2026-03-16 10:11:32] INFO {'epoch': 69, 'sport_10_ndcg@20': tensor(0.0235), 'sport_10_recall@20': tensor(0.0549), 'ndcg@20': tensor(0.0235), 'recall@20': tensor(0.0549), 'train_loss_0': tensor(0.4048, device='cuda:0')}
[2026-03-16 10:11:32] INFO training_time: 1258.9720380306244
[2026-03-16 10:11:32] INFO inference_time: 81.52262783050537
[2026-03-16 10:11:47] INFO {'epoch': 70, 'sport_10_ndcg@20': tensor(0.0237), 'sport_10_recall@20': tensor(0.0547), 'ndcg@20': tensor(0.0237), 'recall@20': tensor(0.0547), 'train_loss_0': tensor(0.4073, device='cuda:0')}
[2026-03-16 10:11:47] INFO training_time: 1272.776698589325
[2026-03-16 10:11:47] INFO inference_time: 83.00822901725769
[2026-03-16 10:12:02] INFO {'epoch': 71, 'sport_10_ndcg@20': tensor(0.0234), 'sport_10_recall@20': tensor(0.0533), 'ndcg@20': tensor(0.0234), 'recall@20': tensor(0.0533), 'train_loss_0': tensor(0.4042, device='cuda:0')}
[2026-03-16 10:12:02] INFO training_time: 1286.737147808075
[2026-03-16 10:12:02] INFO inference_time: 84.25273823738098
[2026-03-16 10:12:17] INFO {'epoch': 72, 'sport_10_ndcg@20': tensor(0.0237), 'sport_10_recall@20': tensor(0.0544), 'ndcg@20': tensor(0.0237), 'recall@20': tensor(0.0544), 'train_loss_0': tensor(0.4080, device='cuda:0')}
[2026-03-16 10:12:17] INFO training_time: 1300.5635023117065
[2026-03-16 10:12:17] INFO inference_time: 85.21230244636536
[2026-03-16 10:12:32] INFO {'epoch': 73, 'sport_10_ndcg@20': tensor(0.0237), 'sport_10_recall@20': tensor(0.0545), 'ndcg@20': tensor(0.0237), 'recall@20': tensor(0.0545), 'train_loss_0': tensor(0.4068, device='cuda:0')}
[2026-03-16 10:12:32] INFO training_time: 1314.4678273200989
[2026-03-16 10:12:32] INFO inference_time: 86.48645615577698
[2026-03-16 10:12:47] INFO {'epoch': 74, 'sport_10_ndcg@20': tensor(0.0235), 'sport_10_recall@20': tensor(0.0539), 'ndcg@20': tensor(0.0235), 'recall@20': tensor(0.0539), 'train_loss_0': tensor(0.4044, device='cuda:0')}
[2026-03-16 10:12:47] INFO training_time: 1328.3770291805267
[2026-03-16 10:12:47] INFO inference_time: 87.76213383674622
[2026-03-16 10:12:59] INFO {'epoch': 75, 'sport_10_ndcg@20': tensor(0.0237), 'sport_10_recall@20': tensor(0.0545), 'ndcg@20': tensor(0.0237), 'recall@20': tensor(0.0545), 'train_loss_0': tensor(0.4024, device='cuda:0')}
[2026-03-16 10:12:59] INFO training_time: 1338.5568218231201
[2026-03-16 10:12:59] INFO inference_time: 88.66202926635742
[2026-03-16 10:13:08] INFO {'epoch': 76, 'sport_10_ndcg@20': tensor(0.0232), 'sport_10_recall@20': tensor(0.0537), 'ndcg@20': tensor(0.0232), 'recall@20': tensor(0.0537), 'train_loss_0': tensor(0.4026, device='cuda:0')}
[2026-03-16 10:13:08] INFO training_time: 1347.3437719345093
[2026-03-16 10:13:08] INFO inference_time: 89.55006575584412
[2026-03-16 10:13:19] INFO {'epoch': 77, 'sport_10_ndcg@20': tensor(0.0233), 'sport_10_recall@20': tensor(0.0541), 'ndcg@20': tensor(0.0233), 'recall@20': tensor(0.0541), 'train_loss_0': tensor(0.3971, device='cuda:0')}
[2026-03-16 10:13:19] INFO training_time: 1356.56427359581
[2026-03-16 10:13:19] INFO inference_time: 90.7780487537384
[2026-03-16 10:13:29] INFO {'epoch': 78, 'sport_10_ndcg@20': tensor(0.0233), 'sport_10_recall@20': tensor(0.0541), 'ndcg@20': tensor(0.0233), 'recall@20': tensor(0.0541), 'train_loss_0': tensor(0.4033, device='cuda:0')}
[2026-03-16 10:13:29] INFO training_time: 1365.7425379753113
[2026-03-16 10:13:29] INFO inference_time: 91.6767303943634
[2026-03-16 10:13:39] INFO {'epoch': 79, 'sport_10_ndcg@20': tensor(0.0237), 'sport_10_recall@20': tensor(0.0542), 'ndcg@20': tensor(0.0237), 'recall@20': tensor(0.0542), 'train_loss_0': tensor(0.3989, device='cuda:0')}
[2026-03-16 10:13:39] INFO training_time: 1375.0448780059814
[2026-03-16 10:13:39] INFO inference_time: 92.86761903762817
[2026-03-16 10:13:50] INFO {'epoch': 80, 'sport_10_ndcg@20': tensor(0.0233), 'sport_10_recall@20': tensor(0.0529), 'ndcg@20': tensor(0.0233), 'recall@20': tensor(0.0529), 'train_loss_0': tensor(0.3977, device='cuda:0')}
[2026-03-16 10:13:50] INFO training_time: 1384.1912958621979
[2026-03-16 10:13:50] INFO inference_time: 94.0645043849945
[2026-03-16 10:14:00] INFO {'epoch': 81, 'sport_10_ndcg@20': tensor(0.0234), 'sport_10_recall@20': tensor(0.0533), 'ndcg@20': tensor(0.0234), 'recall@20': tensor(0.0533), 'train_loss_0': tensor(0.3974, device='cuda:0')}
[2026-03-16 10:14:00] INFO training_time: 1393.278248310089
[2026-03-16 10:14:00] INFO inference_time: 94.97637915611267
[2026-03-16 10:14:09] INFO {'epoch': 82, 'sport_10_ndcg@20': tensor(0.0232), 'sport_10_recall@20': tensor(0.0539), 'ndcg@20': tensor(0.0232), 'recall@20': tensor(0.0539), 'train_loss_0': tensor(0.3958, device='cuda:0')}
[2026-03-16 10:14:09] INFO training_time: 1401.8408637046814
[2026-03-16 10:14:09] INFO inference_time: 95.94485282897949
[2026-03-16 10:14:17] INFO {'epoch': 83, 'sport_10_ndcg@20': tensor(0.0232), 'sport_10_recall@20': tensor(0.0535), 'ndcg@20': tensor(0.0232), 'recall@20': tensor(0.0535), 'train_loss_0': tensor(0.3916, device='cuda:0')}
[2026-03-16 10:14:17] INFO training_time: 1408.5380194187164
[2026-03-16 10:14:17] INFO inference_time: 96.86259436607361
[2026-03-16 10:14:25] INFO {'epoch': 84, 'sport_10_ndcg@20': tensor(0.0235), 'sport_10_recall@20': tensor(0.0533), 'ndcg@20': tensor(0.0235), 'recall@20': tensor(0.0533), 'train_loss_0': tensor(0.3943, device='cuda:0')}
[2026-03-16 10:14:25] INFO training_time: 1415.3797178268433
[2026-03-16 10:14:25] INFO inference_time: 97.78310489654541
[2026-03-16 10:14:32] INFO {'epoch': 85, 'sport_10_ndcg@20': tensor(0.0235), 'sport_10_recall@20': tensor(0.0531), 'ndcg@20': tensor(0.0235), 'recall@20': tensor(0.0531), 'train_loss_0': tensor(0.3911, device='cuda:0')}
[2026-03-16 10:14:32] INFO training_time: 1422.0451197624207
[2026-03-16 10:14:32] INFO inference_time: 98.66239738464355
[2026-03-16 10:14:38] INFO {'epoch': 86, 'sport_10_ndcg@20': tensor(0.0237), 'sport_10_recall@20': tensor(0.0547), 'ndcg@20': tensor(0.0237), 'recall@20': tensor(0.0547), 'train_loss_0': tensor(0.3952, device='cuda:0')}
[2026-03-16 10:14:38] INFO training_time: 1426.8594040870667
[2026-03-16 10:14:38] INFO inference_time: 99.50694346427917
[2026-03-16 10:14:38] INFO Early stopped. Since the metric ndcg@20 haven't been improved for 20 epochs.
[2026-03-16 10:14:38] INFO The best score of ndcg@20 is 0.0238 on epoch 66
[2026-03-16 10:14:38] INFO Best model checkpoint saved in saved/SASRec/noisy_10/2026-03-16-09-49-06-065057.ckpt.
[2026-03-16 10:14:39] INFO defaultdict(<class 'float'>, {'sport_10_ndcg@20': tensor(0.0183), 'sport_10_recall@20': tensor(0.0429), 'sport_10_ndcg@10': tensor(0.0145), 'sport_10_recall@10': tensor(0.0277), 'ndcg@20': tensor(0.0183), 'recall@20': tensor(0.0429), 'ndcg@10': tensor(0.0145), 'recall@10': tensor(0.0277)})
