[2026-03-03 16:50:26] INFO PID of this process: 4172258
[2026-03-03 16:50:29] INFO {'model': {'embed_dim': 64, 'loss_fn': 'bce', 'hidden_size': 128, 'layer_num': 2, 'head_num': 2, 'dropout_rate': 0.5, 'activation': 'gelu', 'layer_norm_eps': 1e-12, 'model': 'SASRec'}, 'data': {'domain_name_list': ['toy_10'], 'user_threshold': 5, 'item_threshold': 5, 'max_seq_len': 50, 'dataset_class': 'general', 'train_file': '_ori', 'dataset': 'noisy_10'}, 'train': {'batch_size': 256, 'early_stop_mode': 'max', 'early_stop_patience': 20, 'epochs': 1000, 'device': 'cuda', 'optimizer': 'adam', 'learning_rate': 0.001, 'weight_decay': 0, 'num_neg': 1, 'seed': 2023}, 'eval': {'batch_size': 2048, 'cutoff': [20, 10], 'val_metrics': ['ndcg', 'recall'], 'test_metrics': ['ndcg', 'recall'], 'topk': 100, 'save_path': './saved/'}}
[2026-03-03 16:50:29] INFO <data.dataset.SeparateDataset object at 0x7f03163441f0>
[2026-03-03 16:50:29] INFO save_dir:saved
[2026-03-03 16:50:30] INFO SASRec(
  (item_embedding): Embedding(11925, 64, padding_idx=0)
  (query_encoder): SASRecQueryEncoder(
    (item_encoder): Embedding(11925, 64, padding_idx=0)
    (position_emb): Embedding(50, 64)
    (transformer_layer): TransformerEncoder(
      (layers): ModuleList(
        (0): TransformerEncoderLayer(
          (self_attn): MultiheadAttention(
            (out_proj): NonDynamicallyQuantizableLinear(in_features=64, out_features=64, bias=True)
          )
          (linear1): Linear(in_features=64, out_features=128, bias=True)
          (dropout): Dropout(p=0.5, inplace=False)
          (linear2): Linear(in_features=128, out_features=64, bias=True)
          (norm1): LayerNorm((64,), eps=1e-12, elementwise_affine=True)
          (norm2): LayerNorm((64,), eps=1e-12, elementwise_affine=True)
          (dropout1): Dropout(p=0.5, inplace=False)
          (dropout2): Dropout(p=0.5, inplace=False)
        )
        (1): TransformerEncoderLayer(
          (self_attn): MultiheadAttention(
            (out_proj): NonDynamicallyQuantizableLinear(in_features=64, out_features=64, bias=True)
          )
          (linear1): Linear(in_features=64, out_features=128, bias=True)
          (dropout): Dropout(p=0.5, inplace=False)
          (linear2): Linear(in_features=128, out_features=64, bias=True)
          (norm1): LayerNorm((64,), eps=1e-12, elementwise_affine=True)
          (norm2): LayerNorm((64,), eps=1e-12, elementwise_affine=True)
          (dropout1): Dropout(p=0.5, inplace=False)
          (dropout2): Dropout(p=0.5, inplace=False)
        )
      )
    )
    (dropout): Dropout(p=0.5, inplace=False)
    (training_pooling_layer): SeqPoolingLayer()
    (eval_pooling_layer): SeqPoolingLayer()
  )
  (loss_fn): BinaryCrossEntropyLoss()
)
[2026-03-03 16:50:39] INFO {'epoch': 0, 'toy_10_ndcg@20': tensor(0.0074), 'toy_10_recall@20': tensor(0.0173), 'ndcg@20': tensor(0.0074), 'recall@20': tensor(0.0173), 'train_loss_0': tensor(1.3523, device='cuda:0')}
[2026-03-03 16:50:39] INFO training_time: 8.822699785232544
[2026-03-03 16:50:39] INFO inference_time: 0.7404499053955078
[2026-03-03 16:50:39] INFO ndcg@20 improved. Best value: 0.0074
[2026-03-03 16:50:39] INFO Best model checkpoint saved in saved/SASRec/noisy_10/2026-03-03-16-50-26-193983.ckpt.
[2026-03-03 16:50:47] INFO {'epoch': 1, 'toy_10_ndcg@20': tensor(0.0078), 'toy_10_recall@20': tensor(0.0186), 'ndcg@20': tensor(0.0078), 'recall@20': tensor(0.0186), 'train_loss_0': tensor(1.2432, device='cuda:0')}
[2026-03-03 16:50:47] INFO training_time: 16.462968349456787
[2026-03-03 16:50:47] INFO inference_time: 1.4183523654937744
[2026-03-03 16:50:47] INFO ndcg@20 improved. Best value: 0.0078
[2026-03-03 16:50:47] INFO Best model checkpoint saved in saved/SASRec/noisy_10/2026-03-03-16-50-26-193983.ckpt.
[2026-03-03 16:50:56] INFO {'epoch': 2, 'toy_10_ndcg@20': tensor(0.0084), 'toy_10_recall@20': tensor(0.0195), 'ndcg@20': tensor(0.0084), 'recall@20': tensor(0.0195), 'train_loss_0': tensor(1.1836, device='cuda:0')}
[2026-03-03 16:50:56] INFO training_time: 24.16235876083374
[2026-03-03 16:50:56] INFO inference_time: 2.024648666381836
[2026-03-03 16:50:56] INFO ndcg@20 improved. Best value: 0.0084
[2026-03-03 16:50:56] INFO Best model checkpoint saved in saved/SASRec/noisy_10/2026-03-03-16-50-26-193983.ckpt.
[2026-03-03 16:51:04] INFO {'epoch': 3, 'toy_10_ndcg@20': tensor(0.0098), 'toy_10_recall@20': tensor(0.0235), 'ndcg@20': tensor(0.0098), 'recall@20': tensor(0.0235), 'train_loss_0': tensor(1.1263, device='cuda:0')}
[2026-03-03 16:51:04] INFO training_time: 31.943054914474487
[2026-03-03 16:51:04] INFO inference_time: 2.730027437210083
[2026-03-03 16:51:04] INFO ndcg@20 improved. Best value: 0.0098
[2026-03-03 16:51:04] INFO Best model checkpoint saved in saved/SASRec/noisy_10/2026-03-03-16-50-26-193983.ckpt.
[2026-03-03 16:51:13] INFO {'epoch': 4, 'toy_10_ndcg@20': tensor(0.0126), 'toy_10_recall@20': tensor(0.0295), 'ndcg@20': tensor(0.0126), 'recall@20': tensor(0.0295), 'train_loss_0': tensor(1.0666, device='cuda:0')}
[2026-03-03 16:51:13] INFO training_time: 39.73424935340881
[2026-03-03 16:51:13] INFO inference_time: 3.3632919788360596
[2026-03-03 16:51:13] INFO ndcg@20 improved. Best value: 0.0126
[2026-03-03 16:51:13] INFO Best model checkpoint saved in saved/SASRec/noisy_10/2026-03-03-16-50-26-193983.ckpt.
[2026-03-03 16:51:21] INFO {'epoch': 5, 'toy_10_ndcg@20': tensor(0.0142), 'toy_10_recall@20': tensor(0.0326), 'ndcg@20': tensor(0.0142), 'recall@20': tensor(0.0326), 'train_loss_0': tensor(1.0100, device='cuda:0')}
[2026-03-03 16:51:21] INFO training_time: 47.439757108688354
[2026-03-03 16:51:21] INFO inference_time: 4.06518292427063
[2026-03-03 16:51:21] INFO ndcg@20 improved. Best value: 0.0142
[2026-03-03 16:51:21] INFO Best model checkpoint saved in saved/SASRec/noisy_10/2026-03-03-16-50-26-193983.ckpt.
[2026-03-03 16:51:29] INFO {'epoch': 6, 'toy_10_ndcg@20': tensor(0.0174), 'toy_10_recall@20': tensor(0.0393), 'ndcg@20': tensor(0.0174), 'recall@20': tensor(0.0393), 'train_loss_0': tensor(0.9617, device='cuda:0')}
[2026-03-03 16:51:29] INFO training_time: 54.942586183547974
[2026-03-03 16:51:29] INFO inference_time: 4.704505920410156
[2026-03-03 16:51:29] INFO ndcg@20 improved. Best value: 0.0174
[2026-03-03 16:51:29] INFO Best model checkpoint saved in saved/SASRec/noisy_10/2026-03-03-16-50-26-193983.ckpt.
[2026-03-03 16:51:38] INFO {'epoch': 7, 'toy_10_ndcg@20': tensor(0.0200), 'toy_10_recall@20': tensor(0.0451), 'ndcg@20': tensor(0.0200), 'recall@20': tensor(0.0451), 'train_loss_0': tensor(0.9136, device='cuda:0')}
[2026-03-03 16:51:38] INFO training_time: 62.74799966812134
[2026-03-03 16:51:38] INFO inference_time: 5.184108018875122
[2026-03-03 16:51:38] INFO ndcg@20 improved. Best value: 0.0200
[2026-03-03 16:51:38] INFO Best model checkpoint saved in saved/SASRec/noisy_10/2026-03-03-16-50-26-193983.ckpt.
[2026-03-03 16:51:46] INFO {'epoch': 8, 'toy_10_ndcg@20': tensor(0.0223), 'toy_10_recall@20': tensor(0.0501), 'ndcg@20': tensor(0.0223), 'recall@20': tensor(0.0501), 'train_loss_0': tensor(0.8707, device='cuda:0')}
[2026-03-03 16:51:46] INFO training_time: 70.18010640144348
[2026-03-03 16:51:46] INFO inference_time: 5.7973456382751465
[2026-03-03 16:51:46] INFO ndcg@20 improved. Best value: 0.0223
[2026-03-03 16:51:46] INFO Best model checkpoint saved in saved/SASRec/noisy_10/2026-03-03-16-50-26-193983.ckpt.
[2026-03-03 16:51:54] INFO {'epoch': 9, 'toy_10_ndcg@20': tensor(0.0228), 'toy_10_recall@20': tensor(0.0517), 'ndcg@20': tensor(0.0228), 'recall@20': tensor(0.0517), 'train_loss_0': tensor(0.8272, device='cuda:0')}
[2026-03-03 16:51:54] INFO training_time: 77.7764105796814
[2026-03-03 16:51:54] INFO inference_time: 6.396862268447876
[2026-03-03 16:51:54] INFO ndcg@20 improved. Best value: 0.0228
[2026-03-03 16:51:54] INFO Best model checkpoint saved in saved/SASRec/noisy_10/2026-03-03-16-50-26-193983.ckpt.
[2026-03-03 16:52:02] INFO {'epoch': 10, 'toy_10_ndcg@20': tensor(0.0249), 'toy_10_recall@20': tensor(0.0566), 'ndcg@20': tensor(0.0249), 'recall@20': tensor(0.0566), 'train_loss_0': tensor(0.7914, device='cuda:0')}
[2026-03-03 16:52:02] INFO training_time: 85.44376969337463
[2026-03-03 16:52:02] INFO inference_time: 7.36132550239563
[2026-03-03 16:52:02] INFO ndcg@20 improved. Best value: 0.0249
[2026-03-03 16:52:02] INFO Best model checkpoint saved in saved/SASRec/noisy_10/2026-03-03-16-50-26-193983.ckpt.
[2026-03-03 16:52:11] INFO {'epoch': 11, 'toy_10_ndcg@20': tensor(0.0247), 'toy_10_recall@20': tensor(0.0571), 'ndcg@20': tensor(0.0247), 'recall@20': tensor(0.0571), 'train_loss_0': tensor(0.7591, device='cuda:0')}
[2026-03-03 16:52:11] INFO training_time: 92.9827709197998
[2026-03-03 16:52:11] INFO inference_time: 8.061595439910889
[2026-03-03 16:52:19] INFO {'epoch': 12, 'toy_10_ndcg@20': tensor(0.0277), 'toy_10_recall@20': tensor(0.0629), 'ndcg@20': tensor(0.0277), 'recall@20': tensor(0.0629), 'train_loss_0': tensor(0.7217, device='cuda:0')}
[2026-03-03 16:52:19] INFO training_time: 100.794273853302
[2026-03-03 16:52:19] INFO inference_time: 8.766794443130493
[2026-03-03 16:52:19] INFO ndcg@20 improved. Best value: 0.0277
[2026-03-03 16:52:19] INFO Best model checkpoint saved in saved/SASRec/noisy_10/2026-03-03-16-50-26-193983.ckpt.
[2026-03-03 16:52:28] INFO {'epoch': 13, 'toy_10_ndcg@20': tensor(0.0283), 'toy_10_recall@20': tensor(0.0648), 'ndcg@20': tensor(0.0283), 'recall@20': tensor(0.0648), 'train_loss_0': tensor(0.6928, device='cuda:0')}
[2026-03-03 16:52:28] INFO training_time: 108.40803384780884
[2026-03-03 16:52:28] INFO inference_time: 9.40971851348877
[2026-03-03 16:52:28] INFO ndcg@20 improved. Best value: 0.0283
[2026-03-03 16:52:28] INFO Best model checkpoint saved in saved/SASRec/noisy_10/2026-03-03-16-50-26-193983.ckpt.
[2026-03-03 16:52:36] INFO {'epoch': 14, 'toy_10_ndcg@20': tensor(0.0294), 'toy_10_recall@20': tensor(0.0684), 'ndcg@20': tensor(0.0294), 'recall@20': tensor(0.0684), 'train_loss_0': tensor(0.6623, device='cuda:0')}
[2026-03-03 16:52:36] INFO training_time: 116.01818585395813
[2026-03-03 16:52:36] INFO inference_time: 9.89707636833191
[2026-03-03 16:52:36] INFO ndcg@20 improved. Best value: 0.0294
[2026-03-03 16:52:36] INFO Best model checkpoint saved in saved/SASRec/noisy_10/2026-03-03-16-50-26-193983.ckpt.
[2026-03-03 16:52:44] INFO {'epoch': 15, 'toy_10_ndcg@20': tensor(0.0304), 'toy_10_recall@20': tensor(0.0715), 'ndcg@20': tensor(0.0304), 'recall@20': tensor(0.0715), 'train_loss_0': tensor(0.6416, device='cuda:0')}
[2026-03-03 16:52:44] INFO training_time: 123.57521772384644
[2026-03-03 16:52:44] INFO inference_time: 10.621278285980225
[2026-03-03 16:52:44] INFO ndcg@20 improved. Best value: 0.0304
[2026-03-03 16:52:44] INFO Best model checkpoint saved in saved/SASRec/noisy_10/2026-03-03-16-50-26-193983.ckpt.
[2026-03-03 16:52:52] INFO {'epoch': 16, 'toy_10_ndcg@20': tensor(0.0333), 'toy_10_recall@20': tensor(0.0745), 'ndcg@20': tensor(0.0333), 'recall@20': tensor(0.0745), 'train_loss_0': tensor(0.6158, device='cuda:0')}
[2026-03-03 16:52:52] INFO training_time: 131.26709008216858
[2026-03-03 16:52:52] INFO inference_time: 11.200373888015747
[2026-03-03 16:52:52] INFO ndcg@20 improved. Best value: 0.0333
[2026-03-03 16:52:52] INFO Best model checkpoint saved in saved/SASRec/noisy_10/2026-03-03-16-50-26-193983.ckpt.
[2026-03-03 16:53:01] INFO {'epoch': 17, 'toy_10_ndcg@20': tensor(0.0331), 'toy_10_recall@20': tensor(0.0755), 'ndcg@20': tensor(0.0331), 'recall@20': tensor(0.0755), 'train_loss_0': tensor(0.5964, device='cuda:0')}
[2026-03-03 16:53:01] INFO training_time: 139.02435493469238
[2026-03-03 16:53:01] INFO inference_time: 11.72643756866455
[2026-03-03 16:53:09] INFO {'epoch': 18, 'toy_10_ndcg@20': tensor(0.0347), 'toy_10_recall@20': tensor(0.0761), 'ndcg@20': tensor(0.0347), 'recall@20': tensor(0.0761), 'train_loss_0': tensor(0.5751, device='cuda:0')}
[2026-03-03 16:53:09] INFO training_time: 146.6225974559784
[2026-03-03 16:53:09] INFO inference_time: 12.423564434051514
[2026-03-03 16:53:09] INFO ndcg@20 improved. Best value: 0.0347
[2026-03-03 16:53:09] INFO Best model checkpoint saved in saved/SASRec/noisy_10/2026-03-03-16-50-26-193983.ckpt.
[2026-03-03 16:53:17] INFO {'epoch': 19, 'toy_10_ndcg@20': tensor(0.0348), 'toy_10_recall@20': tensor(0.0775), 'ndcg@20': tensor(0.0348), 'recall@20': tensor(0.0775), 'train_loss_0': tensor(0.5585, device='cuda:0')}
[2026-03-03 16:53:17] INFO training_time: 154.256530046463
[2026-03-03 16:53:17] INFO inference_time: 13.115909576416016
[2026-03-03 16:53:17] INFO ndcg@20 improved. Best value: 0.0348
[2026-03-03 16:53:17] INFO Best model checkpoint saved in saved/SASRec/noisy_10/2026-03-03-16-50-26-193983.ckpt.
[2026-03-03 16:53:26] INFO {'epoch': 20, 'toy_10_ndcg@20': tensor(0.0353), 'toy_10_recall@20': tensor(0.0785), 'ndcg@20': tensor(0.0353), 'recall@20': tensor(0.0785), 'train_loss_0': tensor(0.5395, device='cuda:0')}
[2026-03-03 16:53:26] INFO training_time: 162.07635641098022
[2026-03-03 16:53:26] INFO inference_time: 14.002874612808228
[2026-03-03 16:53:26] INFO ndcg@20 improved. Best value: 0.0353
[2026-03-03 16:53:26] INFO Best model checkpoint saved in saved/SASRec/noisy_10/2026-03-03-16-50-26-193983.ckpt.
[2026-03-03 16:53:34] INFO {'epoch': 21, 'toy_10_ndcg@20': tensor(0.0360), 'toy_10_recall@20': tensor(0.0813), 'ndcg@20': tensor(0.0360), 'recall@20': tensor(0.0813), 'train_loss_0': tensor(0.5316, device='cuda:0')}
[2026-03-03 16:53:34] INFO training_time: 169.9595537185669
[2026-03-03 16:53:34] INFO inference_time: 14.648532629013062
[2026-03-03 16:53:34] INFO ndcg@20 improved. Best value: 0.0360
[2026-03-03 16:53:34] INFO Best model checkpoint saved in saved/SASRec/noisy_10/2026-03-03-16-50-26-193983.ckpt.
[2026-03-03 16:53:43] INFO {'epoch': 22, 'toy_10_ndcg@20': tensor(0.0379), 'toy_10_recall@20': tensor(0.0833), 'ndcg@20': tensor(0.0379), 'recall@20': tensor(0.0833), 'train_loss_0': tensor(0.5159, device='cuda:0')}
[2026-03-03 16:53:43] INFO training_time: 177.76814889907837
[2026-03-03 16:53:43] INFO inference_time: 15.249613285064697
[2026-03-03 16:53:43] INFO ndcg@20 improved. Best value: 0.0379
[2026-03-03 16:53:43] INFO Best model checkpoint saved in saved/SASRec/noisy_10/2026-03-03-16-50-26-193983.ckpt.
[2026-03-03 16:53:51] INFO {'epoch': 23, 'toy_10_ndcg@20': tensor(0.0381), 'toy_10_recall@20': tensor(0.0830), 'ndcg@20': tensor(0.0381), 'recall@20': tensor(0.0830), 'train_loss_0': tensor(0.5056, device='cuda:0')}
[2026-03-03 16:53:51] INFO training_time: 185.34269046783447
[2026-03-03 16:53:51] INFO inference_time: 15.79419207572937
[2026-03-03 16:53:51] INFO ndcg@20 improved. Best value: 0.0381
[2026-03-03 16:53:51] INFO Best model checkpoint saved in saved/SASRec/noisy_10/2026-03-03-16-50-26-193983.ckpt.
[2026-03-03 16:53:59] INFO {'epoch': 24, 'toy_10_ndcg@20': tensor(0.0402), 'toy_10_recall@20': tensor(0.0864), 'ndcg@20': tensor(0.0402), 'recall@20': tensor(0.0864), 'train_loss_0': tensor(0.4942, device='cuda:0')}
[2026-03-03 16:53:59] INFO training_time: 192.82609128952026
[2026-03-03 16:53:59] INFO inference_time: 16.315335035324097
[2026-03-03 16:53:59] INFO ndcg@20 improved. Best value: 0.0402
[2026-03-03 16:53:59] INFO Best model checkpoint saved in saved/SASRec/noisy_10/2026-03-03-16-50-26-193983.ckpt.
[2026-03-03 16:54:07] INFO {'epoch': 25, 'toy_10_ndcg@20': tensor(0.0406), 'toy_10_recall@20': tensor(0.0875), 'ndcg@20': tensor(0.0406), 'recall@20': tensor(0.0875), 'train_loss_0': tensor(0.4819, device='cuda:0')}
[2026-03-03 16:54:07] INFO training_time: 200.31494212150574
[2026-03-03 16:54:07] INFO inference_time: 16.886952877044678
[2026-03-03 16:54:07] INFO ndcg@20 improved. Best value: 0.0406
[2026-03-03 16:54:07] INFO Best model checkpoint saved in saved/SASRec/noisy_10/2026-03-03-16-50-26-193983.ckpt.
[2026-03-03 16:54:15] INFO {'epoch': 26, 'toy_10_ndcg@20': tensor(0.0406), 'toy_10_recall@20': tensor(0.0870), 'ndcg@20': tensor(0.0406), 'recall@20': tensor(0.0870), 'train_loss_0': tensor(0.4757, device='cuda:0')}
[2026-03-03 16:54:15] INFO training_time: 207.8814196586609
[2026-03-03 16:54:15] INFO inference_time: 17.56900453567505
[2026-03-03 16:54:15] INFO ndcg@20 improved. Best value: 0.0406
[2026-03-03 16:54:15] INFO Best model checkpoint saved in saved/SASRec/noisy_10/2026-03-03-16-50-26-193983.ckpt.
[2026-03-03 16:54:23] INFO {'epoch': 27, 'toy_10_ndcg@20': tensor(0.0413), 'toy_10_recall@20': tensor(0.0882), 'ndcg@20': tensor(0.0413), 'recall@20': tensor(0.0882), 'train_loss_0': tensor(0.4621, device='cuda:0')}
[2026-03-03 16:54:23] INFO training_time: 215.41213178634644
[2026-03-03 16:54:23] INFO inference_time: 18.12184715270996
[2026-03-03 16:54:23] INFO ndcg@20 improved. Best value: 0.0413
[2026-03-03 16:54:23] INFO Best model checkpoint saved in saved/SASRec/noisy_10/2026-03-03-16-50-26-193983.ckpt.
[2026-03-03 16:54:32] INFO {'epoch': 28, 'toy_10_ndcg@20': tensor(0.0418), 'toy_10_recall@20': tensor(0.0891), 'ndcg@20': tensor(0.0418), 'recall@20': tensor(0.0891), 'train_loss_0': tensor(0.4535, device='cuda:0')}
[2026-03-03 16:54:32] INFO training_time: 223.0269739627838
[2026-03-03 16:54:32] INFO inference_time: 18.61469554901123
[2026-03-03 16:54:32] INFO ndcg@20 improved. Best value: 0.0418
[2026-03-03 16:54:32] INFO Best model checkpoint saved in saved/SASRec/noisy_10/2026-03-03-16-50-26-193983.ckpt.
[2026-03-03 16:54:40] INFO {'epoch': 29, 'toy_10_ndcg@20': tensor(0.0421), 'toy_10_recall@20': tensor(0.0902), 'ndcg@20': tensor(0.0421), 'recall@20': tensor(0.0902), 'train_loss_0': tensor(0.4503, device='cuda:0')}
[2026-03-03 16:54:40] INFO training_time: 230.55736231803894
[2026-03-03 16:54:40] INFO inference_time: 19.122924089431763
[2026-03-03 16:54:40] INFO ndcg@20 improved. Best value: 0.0421
[2026-03-03 16:54:40] INFO Best model checkpoint saved in saved/SASRec/noisy_10/2026-03-03-16-50-26-193983.ckpt.
[2026-03-03 16:54:48] INFO {'epoch': 30, 'toy_10_ndcg@20': tensor(0.0417), 'toy_10_recall@20': tensor(0.0898), 'ndcg@20': tensor(0.0417), 'recall@20': tensor(0.0898), 'train_loss_0': tensor(0.4443, device='cuda:0')}
[2026-03-03 16:54:48] INFO training_time: 238.2094442844391
[2026-03-03 16:54:48] INFO inference_time: 20.10328722000122
[2026-03-03 16:54:56] INFO {'epoch': 31, 'toy_10_ndcg@20': tensor(0.0422), 'toy_10_recall@20': tensor(0.0891), 'ndcg@20': tensor(0.0422), 'recall@20': tensor(0.0891), 'train_loss_0': tensor(0.4320, device='cuda:0')}
[2026-03-03 16:54:56] INFO training_time: 245.87008142471313
[2026-03-03 16:54:56] INFO inference_time: 20.63738203048706
[2026-03-03 16:54:56] INFO ndcg@20 improved. Best value: 0.0422
[2026-03-03 16:54:56] INFO Best model checkpoint saved in saved/SASRec/noisy_10/2026-03-03-16-50-26-193983.ckpt.
[2026-03-03 16:55:05] INFO {'epoch': 32, 'toy_10_ndcg@20': tensor(0.0417), 'toy_10_recall@20': tensor(0.0883), 'ndcg@20': tensor(0.0417), 'recall@20': tensor(0.0883), 'train_loss_0': tensor(0.4356, device='cuda:0')}
[2026-03-03 16:55:05] INFO training_time: 253.4714159965515
[2026-03-03 16:55:05] INFO inference_time: 21.3279070854187
[2026-03-03 16:55:13] INFO {'epoch': 33, 'toy_10_ndcg@20': tensor(0.0436), 'toy_10_recall@20': tensor(0.0917), 'ndcg@20': tensor(0.0436), 'recall@20': tensor(0.0917), 'train_loss_0': tensor(0.4227, device='cuda:0')}
[2026-03-03 16:55:13] INFO training_time: 261.07790756225586
[2026-03-03 16:55:13] INFO inference_time: 21.934014081954956
[2026-03-03 16:55:13] INFO ndcg@20 improved. Best value: 0.0436
[2026-03-03 16:55:13] INFO Best model checkpoint saved in saved/SASRec/noisy_10/2026-03-03-16-50-26-193983.ckpt.
[2026-03-03 16:55:21] INFO {'epoch': 34, 'toy_10_ndcg@20': tensor(0.0428), 'toy_10_recall@20': tensor(0.0908), 'ndcg@20': tensor(0.0428), 'recall@20': tensor(0.0908), 'train_loss_0': tensor(0.4197, device='cuda:0')}
[2026-03-03 16:55:21] INFO training_time: 268.716117143631
[2026-03-03 16:55:21] INFO inference_time: 22.409806489944458
[2026-03-03 16:55:29] INFO {'epoch': 35, 'toy_10_ndcg@20': tensor(0.0425), 'toy_10_recall@20': tensor(0.0909), 'ndcg@20': tensor(0.0425), 'recall@20': tensor(0.0909), 'train_loss_0': tensor(0.4143, device='cuda:0')}
[2026-03-03 16:55:29] INFO training_time: 276.3969020843506
[2026-03-03 16:55:29] INFO inference_time: 22.98091435432434
[2026-03-03 16:55:38] INFO {'epoch': 36, 'toy_10_ndcg@20': tensor(0.0436), 'toy_10_recall@20': tensor(0.0921), 'ndcg@20': tensor(0.0436), 'recall@20': tensor(0.0921), 'train_loss_0': tensor(0.4125, device='cuda:0')}
[2026-03-03 16:55:38] INFO training_time: 284.0548825263977
[2026-03-03 16:55:38] INFO inference_time: 23.526827096939087
[2026-03-03 16:55:38] INFO ndcg@20 improved. Best value: 0.0436
[2026-03-03 16:55:38] INFO Best model checkpoint saved in saved/SASRec/noisy_10/2026-03-03-16-50-26-193983.ckpt.
[2026-03-03 16:55:46] INFO {'epoch': 37, 'toy_10_ndcg@20': tensor(0.0437), 'toy_10_recall@20': tensor(0.0924), 'ndcg@20': tensor(0.0437), 'recall@20': tensor(0.0924), 'train_loss_0': tensor(0.4073, device='cuda:0')}
[2026-03-03 16:55:46] INFO training_time: 291.6343021392822
[2026-03-03 16:55:46] INFO inference_time: 24.050126552581787
[2026-03-03 16:55:46] INFO ndcg@20 improved. Best value: 0.0437
[2026-03-03 16:55:46] INFO Best model checkpoint saved in saved/SASRec/noisy_10/2026-03-03-16-50-26-193983.ckpt.
[2026-03-03 16:55:54] INFO {'epoch': 38, 'toy_10_ndcg@20': tensor(0.0436), 'toy_10_recall@20': tensor(0.0932), 'ndcg@20': tensor(0.0436), 'recall@20': tensor(0.0932), 'train_loss_0': tensor(0.4030, device='cuda:0')}
[2026-03-03 16:55:54] INFO training_time: 299.1559679508209
[2026-03-03 16:55:54] INFO inference_time: 24.746756553649902
[2026-03-03 16:56:02] INFO {'epoch': 39, 'toy_10_ndcg@20': tensor(0.0441), 'toy_10_recall@20': tensor(0.0938), 'ndcg@20': tensor(0.0441), 'recall@20': tensor(0.0938), 'train_loss_0': tensor(0.3999, device='cuda:0')}
[2026-03-03 16:56:02] INFO training_time: 306.8456370830536
[2026-03-03 16:56:02] INFO inference_time: 25.36563467979431
[2026-03-03 16:56:02] INFO ndcg@20 improved. Best value: 0.0441
[2026-03-03 16:56:02] INFO Best model checkpoint saved in saved/SASRec/noisy_10/2026-03-03-16-50-26-193983.ckpt.
[2026-03-03 16:56:11] INFO {'epoch': 40, 'toy_10_ndcg@20': tensor(0.0440), 'toy_10_recall@20': tensor(0.0914), 'ndcg@20': tensor(0.0440), 'recall@20': tensor(0.0914), 'train_loss_0': tensor(0.3955, device='cuda:0')}
[2026-03-03 16:56:11] INFO training_time: 314.39763379096985
[2026-03-03 16:56:11] INFO inference_time: 26.06477427482605
[2026-03-03 16:56:19] INFO {'epoch': 41, 'toy_10_ndcg@20': tensor(0.0438), 'toy_10_recall@20': tensor(0.0941), 'ndcg@20': tensor(0.0438), 'recall@20': tensor(0.0941), 'train_loss_0': tensor(0.3877, device='cuda:0')}
[2026-03-03 16:56:19] INFO training_time: 322.1029996871948
[2026-03-03 16:56:19] INFO inference_time: 26.670332670211792
[2026-03-03 16:56:27] INFO {'epoch': 42, 'toy_10_ndcg@20': tensor(0.0436), 'toy_10_recall@20': tensor(0.0942), 'ndcg@20': tensor(0.0436), 'recall@20': tensor(0.0942), 'train_loss_0': tensor(0.3879, device='cuda:0')}
[2026-03-03 16:56:27] INFO training_time: 329.61838364601135
[2026-03-03 16:56:27] INFO inference_time: 27.15055012702942
[2026-03-03 16:56:35] INFO {'epoch': 43, 'toy_10_ndcg@20': tensor(0.0444), 'toy_10_recall@20': tensor(0.0941), 'ndcg@20': tensor(0.0444), 'recall@20': tensor(0.0941), 'train_loss_0': tensor(0.3887, device='cuda:0')}
[2026-03-03 16:56:35] INFO training_time: 337.3632073402405
[2026-03-03 16:56:35] INFO inference_time: 27.87611961364746
[2026-03-03 16:56:35] INFO ndcg@20 improved. Best value: 0.0444
[2026-03-03 16:56:35] INFO Best model checkpoint saved in saved/SASRec/noisy_10/2026-03-03-16-50-26-193983.ckpt.
[2026-03-03 16:56:43] INFO {'epoch': 44, 'toy_10_ndcg@20': tensor(0.0451), 'toy_10_recall@20': tensor(0.0959), 'ndcg@20': tensor(0.0451), 'recall@20': tensor(0.0959), 'train_loss_0': tensor(0.3819, device='cuda:0')}
[2026-03-03 16:56:43] INFO training_time: 344.82604002952576
[2026-03-03 16:56:43] INFO inference_time: 28.41024088859558
[2026-03-03 16:56:43] INFO ndcg@20 improved. Best value: 0.0451
[2026-03-03 16:56:43] INFO Best model checkpoint saved in saved/SASRec/noisy_10/2026-03-03-16-50-26-193983.ckpt.
[2026-03-03 16:56:52] INFO {'epoch': 45, 'toy_10_ndcg@20': tensor(0.0458), 'toy_10_recall@20': tensor(0.0969), 'ndcg@20': tensor(0.0458), 'recall@20': tensor(0.0969), 'train_loss_0': tensor(0.3810, device='cuda:0')}
[2026-03-03 16:56:52] INFO training_time: 352.5317482948303
[2026-03-03 16:56:52] INFO inference_time: 28.99906349182129
[2026-03-03 16:56:52] INFO ndcg@20 improved. Best value: 0.0458
[2026-03-03 16:56:52] INFO Best model checkpoint saved in saved/SASRec/noisy_10/2026-03-03-16-50-26-193983.ckpt.
[2026-03-03 16:57:00] INFO {'epoch': 46, 'toy_10_ndcg@20': tensor(0.0452), 'toy_10_recall@20': tensor(0.0959), 'ndcg@20': tensor(0.0452), 'recall@20': tensor(0.0959), 'train_loss_0': tensor(0.3749, device='cuda:0')}
[2026-03-03 16:57:00] INFO training_time: 359.9448103904724
[2026-03-03 16:57:00] INFO inference_time: 29.475037813186646
[2026-03-03 16:57:08] INFO {'epoch': 47, 'toy_10_ndcg@20': tensor(0.0440), 'toy_10_recall@20': tensor(0.0952), 'ndcg@20': tensor(0.0440), 'recall@20': tensor(0.0952), 'train_loss_0': tensor(0.3745, device='cuda:0')}
[2026-03-03 16:57:08] INFO training_time: 367.5929629802704
[2026-03-03 16:57:08] INFO inference_time: 29.9473237991333
[2026-03-03 16:57:16] INFO {'epoch': 48, 'toy_10_ndcg@20': tensor(0.0455), 'toy_10_recall@20': tensor(0.0952), 'ndcg@20': tensor(0.0455), 'recall@20': tensor(0.0952), 'train_loss_0': tensor(0.3757, device='cuda:0')}
[2026-03-03 16:57:16] INFO training_time: 375.12790966033936
[2026-03-03 16:57:16] INFO inference_time: 30.455121278762817
[2026-03-03 16:57:24] INFO {'epoch': 49, 'toy_10_ndcg@20': tensor(0.0451), 'toy_10_recall@20': tensor(0.0964), 'ndcg@20': tensor(0.0451), 'recall@20': tensor(0.0964), 'train_loss_0': tensor(0.3638, device='cuda:0')}
[2026-03-03 16:57:24] INFO training_time: 382.88182950019836
[2026-03-03 16:57:24] INFO inference_time: 31.171339988708496
[2026-03-03 16:57:33] INFO {'epoch': 50, 'toy_10_ndcg@20': tensor(0.0453), 'toy_10_recall@20': tensor(0.0972), 'ndcg@20': tensor(0.0453), 'recall@20': tensor(0.0972), 'train_loss_0': tensor(0.3655, device='cuda:0')}
[2026-03-03 16:57:33] INFO training_time: 390.4329388141632
[2026-03-03 16:57:33] INFO inference_time: 32.110870122909546
[2026-03-03 16:57:41] INFO {'epoch': 51, 'toy_10_ndcg@20': tensor(0.0451), 'toy_10_recall@20': tensor(0.0975), 'ndcg@20': tensor(0.0451), 'recall@20': tensor(0.0975), 'train_loss_0': tensor(0.3681, device='cuda:0')}
[2026-03-03 16:57:41] INFO training_time: 398.2247030735016
[2026-03-03 16:57:41] INFO inference_time: 32.806281089782715
[2026-03-03 16:57:50] INFO {'epoch': 52, 'toy_10_ndcg@20': tensor(0.0456), 'toy_10_recall@20': tensor(0.0976), 'ndcg@20': tensor(0.0456), 'recall@20': tensor(0.0976), 'train_loss_0': tensor(0.3611, device='cuda:0')}
[2026-03-03 16:57:50] INFO training_time: 405.9955675601959
[2026-03-03 16:57:50] INFO inference_time: 33.429681062698364
[2026-03-03 16:57:58] INFO {'epoch': 53, 'toy_10_ndcg@20': tensor(0.0451), 'toy_10_recall@20': tensor(0.0961), 'ndcg@20': tensor(0.0451), 'recall@20': tensor(0.0961), 'train_loss_0': tensor(0.3650, device='cuda:0')}
[2026-03-03 16:57:58] INFO training_time: 413.5234398841858
[2026-03-03 16:57:58] INFO inference_time: 33.87152695655823
[2026-03-03 16:58:06] INFO {'epoch': 54, 'toy_10_ndcg@20': tensor(0.0453), 'toy_10_recall@20': tensor(0.0945), 'ndcg@20': tensor(0.0453), 'recall@20': tensor(0.0945), 'train_loss_0': tensor(0.3607, device='cuda:0')}
[2026-03-03 16:58:06] INFO training_time: 421.2272207736969
[2026-03-03 16:58:06] INFO inference_time: 34.5554084777832
[2026-03-03 16:58:14] INFO {'epoch': 55, 'toy_10_ndcg@20': tensor(0.0471), 'toy_10_recall@20': tensor(0.0990), 'ndcg@20': tensor(0.0471), 'recall@20': tensor(0.0990), 'train_loss_0': tensor(0.3604, device='cuda:0')}
[2026-03-03 16:58:14] INFO training_time: 428.7340223789215
[2026-03-03 16:58:14] INFO inference_time: 35.05417442321777
[2026-03-03 16:58:14] INFO ndcg@20 improved. Best value: 0.0471
[2026-03-03 16:58:14] INFO Best model checkpoint saved in saved/SASRec/noisy_10/2026-03-03-16-50-26-193983.ckpt.
[2026-03-03 16:58:22] INFO {'epoch': 56, 'toy_10_ndcg@20': tensor(0.0464), 'toy_10_recall@20': tensor(0.0992), 'ndcg@20': tensor(0.0464), 'recall@20': tensor(0.0992), 'train_loss_0': tensor(0.3609, device='cuda:0')}
[2026-03-03 16:58:22] INFO training_time: 436.5347695350647
[2026-03-03 16:58:22] INFO inference_time: 35.53681802749634
[2026-03-03 16:58:30] INFO {'epoch': 57, 'toy_10_ndcg@20': tensor(0.0468), 'toy_10_recall@20': tensor(0.0997), 'ndcg@20': tensor(0.0468), 'recall@20': tensor(0.0997), 'train_loss_0': tensor(0.3607, device='cuda:0')}
[2026-03-03 16:58:30] INFO training_time: 444.1055579185486
[2026-03-03 16:58:30] INFO inference_time: 36.143131494522095
[2026-03-03 16:58:39] INFO {'epoch': 58, 'toy_10_ndcg@20': tensor(0.0456), 'toy_10_recall@20': tensor(0.0986), 'ndcg@20': tensor(0.0456), 'recall@20': tensor(0.0986), 'train_loss_0': tensor(0.3539, device='cuda:0')}
[2026-03-03 16:58:39] INFO training_time: 451.93799352645874
[2026-03-03 16:58:39] INFO inference_time: 36.686015605926514
[2026-03-03 16:58:47] INFO {'epoch': 59, 'toy_10_ndcg@20': tensor(0.0468), 'toy_10_recall@20': tensor(0.0991), 'ndcg@20': tensor(0.0468), 'recall@20': tensor(0.0991), 'train_loss_0': tensor(0.3564, device='cuda:0')}
[2026-03-03 16:58:47] INFO training_time: 459.33579897880554
[2026-03-03 16:58:47] INFO inference_time: 37.208534479141235
[2026-03-03 16:58:55] INFO {'epoch': 60, 'toy_10_ndcg@20': tensor(0.0460), 'toy_10_recall@20': tensor(0.1004), 'ndcg@20': tensor(0.0460), 'recall@20': tensor(0.1004), 'train_loss_0': tensor(0.3505, device='cuda:0')}
[2026-03-03 16:58:55] INFO training_time: 467.0352840423584
[2026-03-03 16:58:55] INFO inference_time: 37.97094964981079
[2026-03-03 16:59:03] INFO {'epoch': 61, 'toy_10_ndcg@20': tensor(0.0466), 'toy_10_recall@20': tensor(0.0991), 'ndcg@20': tensor(0.0466), 'recall@20': tensor(0.0991), 'train_loss_0': tensor(0.3502, device='cuda:0')}
[2026-03-03 16:59:03] INFO training_time: 474.56984639167786
[2026-03-03 16:59:03] INFO inference_time: 38.50439763069153
[2026-03-03 16:59:11] INFO {'epoch': 62, 'toy_10_ndcg@20': tensor(0.0467), 'toy_10_recall@20': tensor(0.1001), 'ndcg@20': tensor(0.0467), 'recall@20': tensor(0.1001), 'train_loss_0': tensor(0.3513, device='cuda:0')}
[2026-03-03 16:59:11] INFO training_time: 482.12356877326965
[2026-03-03 16:59:11] INFO inference_time: 39.06404232978821
[2026-03-03 16:59:20] INFO {'epoch': 63, 'toy_10_ndcg@20': tensor(0.0459), 'toy_10_recall@20': tensor(0.0988), 'ndcg@20': tensor(0.0459), 'recall@20': tensor(0.0988), 'train_loss_0': tensor(0.3516, device='cuda:0')}
[2026-03-03 16:59:20] INFO training_time: 489.77164578437805
[2026-03-03 16:59:20] INFO inference_time: 39.70056223869324
[2026-03-03 16:59:28] INFO {'epoch': 64, 'toy_10_ndcg@20': tensor(0.0456), 'toy_10_recall@20': tensor(0.0973), 'ndcg@20': tensor(0.0456), 'recall@20': tensor(0.0973), 'train_loss_0': tensor(0.3451, device='cuda:0')}
[2026-03-03 16:59:28] INFO training_time: 497.4125852584839
[2026-03-03 16:59:28] INFO inference_time: 40.34539341926575
[2026-03-03 16:59:36] INFO {'epoch': 65, 'toy_10_ndcg@20': tensor(0.0456), 'toy_10_recall@20': tensor(0.0970), 'ndcg@20': tensor(0.0456), 'recall@20': tensor(0.0970), 'train_loss_0': tensor(0.3427, device='cuda:0')}
[2026-03-03 16:59:36] INFO training_time: 505.2297842502594
[2026-03-03 16:59:36] INFO inference_time: 40.96324372291565
[2026-03-03 16:59:44] INFO {'epoch': 66, 'toy_10_ndcg@20': tensor(0.0459), 'toy_10_recall@20': tensor(0.0983), 'ndcg@20': tensor(0.0459), 'recall@20': tensor(0.0983), 'train_loss_0': tensor(0.3488, device='cuda:0')}
[2026-03-03 16:59:44] INFO training_time: 512.6824522018433
[2026-03-03 16:59:44] INFO inference_time: 41.44691228866577
[2026-03-03 16:59:53] INFO {'epoch': 67, 'toy_10_ndcg@20': tensor(0.0463), 'toy_10_recall@20': tensor(0.0982), 'ndcg@20': tensor(0.0463), 'recall@20': tensor(0.0982), 'train_loss_0': tensor(0.3436, device='cuda:0')}
[2026-03-03 16:59:53] INFO training_time: 520.2553811073303
[2026-03-03 16:59:53] INFO inference_time: 42.06698942184448
[2026-03-03 17:00:01] INFO {'epoch': 68, 'toy_10_ndcg@20': tensor(0.0454), 'toy_10_recall@20': tensor(0.0983), 'ndcg@20': tensor(0.0454), 'recall@20': tensor(0.0983), 'train_loss_0': tensor(0.3437, device='cuda:0')}
[2026-03-03 17:00:01] INFO training_time: 527.7844743728638
[2026-03-03 17:00:01] INFO inference_time: 42.687116384506226
[2026-03-03 17:00:09] INFO {'epoch': 69, 'toy_10_ndcg@20': tensor(0.0464), 'toy_10_recall@20': tensor(0.0998), 'ndcg@20': tensor(0.0464), 'recall@20': tensor(0.0998), 'train_loss_0': tensor(0.3425, device='cuda:0')}
[2026-03-03 17:00:09] INFO training_time: 535.5063939094543
[2026-03-03 17:00:09] INFO inference_time: 43.34305286407471
[2026-03-03 17:00:18] INFO {'epoch': 70, 'toy_10_ndcg@20': tensor(0.0466), 'toy_10_recall@20': tensor(0.0988), 'ndcg@20': tensor(0.0466), 'recall@20': tensor(0.0988), 'train_loss_0': tensor(0.3482, device='cuda:0')}
[2026-03-03 17:00:18] INFO training_time: 543.2632808685303
[2026-03-03 17:00:18] INFO inference_time: 44.0415141582489
[2026-03-03 17:00:26] INFO {'epoch': 71, 'toy_10_ndcg@20': tensor(0.0465), 'toy_10_recall@20': tensor(0.0996), 'ndcg@20': tensor(0.0465), 'recall@20': tensor(0.0996), 'train_loss_0': tensor(0.3411, device='cuda:0')}
[2026-03-03 17:00:26] INFO training_time: 550.7074332237244
[2026-03-03 17:00:26] INFO inference_time: 44.572630167007446
[2026-03-03 17:00:34] INFO {'epoch': 72, 'toy_10_ndcg@20': tensor(0.0475), 'toy_10_recall@20': tensor(0.0987), 'ndcg@20': tensor(0.0475), 'recall@20': tensor(0.0987), 'train_loss_0': tensor(0.3360, device='cuda:0')}
[2026-03-03 17:00:34] INFO training_time: 558.0645077228546
[2026-03-03 17:00:34] INFO inference_time: 45.256943225860596
[2026-03-03 17:00:34] INFO ndcg@20 improved. Best value: 0.0475
[2026-03-03 17:00:34] INFO Best model checkpoint saved in saved/SASRec/noisy_10/2026-03-03-16-50-26-193983.ckpt.
[2026-03-03 17:00:42] INFO {'epoch': 73, 'toy_10_ndcg@20': tensor(0.0473), 'toy_10_recall@20': tensor(0.0999), 'ndcg@20': tensor(0.0473), 'recall@20': tensor(0.0999), 'train_loss_0': tensor(0.3353, device='cuda:0')}
[2026-03-03 17:00:42] INFO training_time: 565.6885612010956
[2026-03-03 17:00:42] INFO inference_time: 46.00614619255066
[2026-03-03 17:00:50] INFO {'epoch': 74, 'toy_10_ndcg@20': tensor(0.0470), 'toy_10_recall@20': tensor(0.1007), 'ndcg@20': tensor(0.0470), 'recall@20': tensor(0.1007), 'train_loss_0': tensor(0.3408, device='cuda:0')}
[2026-03-03 17:00:50] INFO training_time: 573.480485200882
[2026-03-03 17:00:50] INFO inference_time: 46.61023569107056
[2026-03-03 17:00:59] INFO {'epoch': 75, 'toy_10_ndcg@20': tensor(0.0470), 'toy_10_recall@20': tensor(0.1008), 'ndcg@20': tensor(0.0470), 'recall@20': tensor(0.1008), 'train_loss_0': tensor(0.3377, device='cuda:0')}
[2026-03-03 17:00:59] INFO training_time: 581.2572586536407
[2026-03-03 17:00:59] INFO inference_time: 47.178938150405884
[2026-03-03 17:01:07] INFO {'epoch': 76, 'toy_10_ndcg@20': tensor(0.0478), 'toy_10_recall@20': tensor(0.1008), 'ndcg@20': tensor(0.0478), 'recall@20': tensor(0.1008), 'train_loss_0': tensor(0.3359, device='cuda:0')}
[2026-03-03 17:01:07] INFO training_time: 588.9336664676666
[2026-03-03 17:01:07] INFO inference_time: 47.869489431381226
[2026-03-03 17:01:07] INFO ndcg@20 improved. Best value: 0.0478
[2026-03-03 17:01:07] INFO Best model checkpoint saved in saved/SASRec/noisy_10/2026-03-03-16-50-26-193983.ckpt.
[2026-03-03 17:01:15] INFO {'epoch': 77, 'toy_10_ndcg@20': tensor(0.0461), 'toy_10_recall@20': tensor(0.0996), 'ndcg@20': tensor(0.0461), 'recall@20': tensor(0.0996), 'train_loss_0': tensor(0.3354, device='cuda:0')}
[2026-03-03 17:01:15] INFO training_time: 596.5274398326874
[2026-03-03 17:01:15] INFO inference_time: 48.39942407608032
[2026-03-03 17:01:24] INFO {'epoch': 78, 'toy_10_ndcg@20': tensor(0.0472), 'toy_10_recall@20': tensor(0.1015), 'ndcg@20': tensor(0.0472), 'recall@20': tensor(0.1015), 'train_loss_0': tensor(0.3301, device='cuda:0')}
[2026-03-03 17:01:24] INFO training_time: 604.0937783718109
[2026-03-03 17:01:24] INFO inference_time: 49.094773292541504
[2026-03-03 17:01:32] INFO {'epoch': 79, 'toy_10_ndcg@20': tensor(0.0478), 'toy_10_recall@20': tensor(0.1012), 'ndcg@20': tensor(0.0478), 'recall@20': tensor(0.1012), 'train_loss_0': tensor(0.3309, device='cuda:0')}
[2026-03-03 17:01:32] INFO training_time: 611.5178911685944
[2026-03-03 17:01:32] INFO inference_time: 49.81144046783447
[2026-03-03 17:01:32] INFO ndcg@20 improved. Best value: 0.0478
[2026-03-03 17:01:32] INFO Best model checkpoint saved in saved/SASRec/noisy_10/2026-03-03-16-50-26-193983.ckpt.
[2026-03-03 17:01:40] INFO {'epoch': 80, 'toy_10_ndcg@20': tensor(0.0470), 'toy_10_recall@20': tensor(0.0991), 'ndcg@20': tensor(0.0470), 'recall@20': tensor(0.0991), 'train_loss_0': tensor(0.3342, device='cuda:0')}
[2026-03-03 17:01:40] INFO training_time: 619.1868140697479
[2026-03-03 17:01:40] INFO inference_time: 50.691163778305054
[2026-03-03 17:01:48] INFO {'epoch': 81, 'toy_10_ndcg@20': tensor(0.0476), 'toy_10_recall@20': tensor(0.0998), 'ndcg@20': tensor(0.0476), 'recall@20': tensor(0.0998), 'train_loss_0': tensor(0.3288, device='cuda:0')}
[2026-03-03 17:01:48] INFO training_time: 626.5820984840393
[2026-03-03 17:01:48] INFO inference_time: 51.16279578208923
[2026-03-03 17:01:56] INFO {'epoch': 82, 'toy_10_ndcg@20': tensor(0.0477), 'toy_10_recall@20': tensor(0.1005), 'ndcg@20': tensor(0.0477), 'recall@20': tensor(0.1005), 'train_loss_0': tensor(0.3322, device='cuda:0')}
[2026-03-03 17:01:56] INFO training_time: 634.217720746994
[2026-03-03 17:01:56] INFO inference_time: 51.766717195510864
[2026-03-03 17:02:04] INFO {'epoch': 83, 'toy_10_ndcg@20': tensor(0.0481), 'toy_10_recall@20': tensor(0.1018), 'ndcg@20': tensor(0.0481), 'recall@20': tensor(0.1018), 'train_loss_0': tensor(0.3301, device='cuda:0')}
[2026-03-03 17:02:04] INFO training_time: 641.7255253791809
[2026-03-03 17:02:04] INFO inference_time: 52.3731644153595
[2026-03-03 17:02:04] INFO ndcg@20 improved. Best value: 0.0481
[2026-03-03 17:02:05] INFO Best model checkpoint saved in saved/SASRec/noisy_10/2026-03-03-16-50-26-193983.ckpt.
[2026-03-03 17:02:13] INFO {'epoch': 84, 'toy_10_ndcg@20': tensor(0.0470), 'toy_10_recall@20': tensor(0.1004), 'ndcg@20': tensor(0.0470), 'recall@20': tensor(0.1004), 'train_loss_0': tensor(0.3322, device='cuda:0')}
[2026-03-03 17:02:13] INFO training_time: 649.4629020690918
[2026-03-03 17:02:13] INFO inference_time: 53.06443929672241
[2026-03-03 17:02:21] INFO {'epoch': 85, 'toy_10_ndcg@20': tensor(0.0470), 'toy_10_recall@20': tensor(0.1007), 'ndcg@20': tensor(0.0470), 'recall@20': tensor(0.1007), 'train_loss_0': tensor(0.3285, device='cuda:0')}
[2026-03-03 17:02:21] INFO training_time: 656.978990316391
[2026-03-03 17:02:21] INFO inference_time: 53.69348120689392
[2026-03-03 17:02:30] INFO {'epoch': 86, 'toy_10_ndcg@20': tensor(0.0469), 'toy_10_recall@20': tensor(0.0995), 'ndcg@20': tensor(0.0469), 'recall@20': tensor(0.0995), 'train_loss_0': tensor(0.3299, device='cuda:0')}
[2026-03-03 17:02:30] INFO training_time: 664.8218808174133
[2026-03-03 17:02:30] INFO inference_time: 54.29840540885925
[2026-03-03 17:02:38] INFO {'epoch': 87, 'toy_10_ndcg@20': tensor(0.0472), 'toy_10_recall@20': tensor(0.1013), 'ndcg@20': tensor(0.0472), 'recall@20': tensor(0.1013), 'train_loss_0': tensor(0.3251, device='cuda:0')}
[2026-03-03 17:02:38] INFO training_time: 672.4714438915253
[2026-03-03 17:02:38] INFO inference_time: 54.91438126564026
[2026-03-03 17:02:46] INFO {'epoch': 88, 'toy_10_ndcg@20': tensor(0.0474), 'toy_10_recall@20': tensor(0.1011), 'ndcg@20': tensor(0.0474), 'recall@20': tensor(0.1011), 'train_loss_0': tensor(0.3319, device='cuda:0')}
[2026-03-03 17:02:46] INFO training_time: 680.1408569812775
[2026-03-03 17:02:46] INFO inference_time: 55.53945016860962
[2026-03-03 17:02:54] INFO {'epoch': 89, 'toy_10_ndcg@20': tensor(0.0471), 'toy_10_recall@20': tensor(0.1004), 'ndcg@20': tensor(0.0471), 'recall@20': tensor(0.1004), 'train_loss_0': tensor(0.3277, device='cuda:0')}
[2026-03-03 17:02:54] INFO training_time: 687.6993310451508
[2026-03-03 17:02:54] INFO inference_time: 56.135868072509766
[2026-03-03 17:03:03] INFO {'epoch': 90, 'toy_10_ndcg@20': tensor(0.0472), 'toy_10_recall@20': tensor(0.1002), 'ndcg@20': tensor(0.0472), 'recall@20': tensor(0.1002), 'train_loss_0': tensor(0.3235, device='cuda:0')}
[2026-03-03 17:03:03] INFO training_time: 695.2814333438873
[2026-03-03 17:03:03] INFO inference_time: 57.152310609817505
[2026-03-03 17:03:11] INFO {'epoch': 91, 'toy_10_ndcg@20': tensor(0.0471), 'toy_10_recall@20': tensor(0.0998), 'ndcg@20': tensor(0.0471), 'recall@20': tensor(0.0998), 'train_loss_0': tensor(0.3236, device='cuda:0')}
[2026-03-03 17:03:11] INFO training_time: 703.0417184829712
[2026-03-03 17:03:11] INFO inference_time: 57.86414813995361
[2026-03-03 17:03:20] INFO {'epoch': 92, 'toy_10_ndcg@20': tensor(0.0467), 'toy_10_recall@20': tensor(0.1003), 'ndcg@20': tensor(0.0467), 'recall@20': tensor(0.1003), 'train_loss_0': tensor(0.3225, device='cuda:0')}
[2026-03-03 17:03:20] INFO training_time: 710.6028454303741
[2026-03-03 17:03:20] INFO inference_time: 58.566810131073
[2026-03-03 17:03:28] INFO {'epoch': 93, 'toy_10_ndcg@20': tensor(0.0473), 'toy_10_recall@20': tensor(0.1001), 'ndcg@20': tensor(0.0473), 'recall@20': tensor(0.1001), 'train_loss_0': tensor(0.3249, device='cuda:0')}
[2026-03-03 17:03:28] INFO training_time: 718.2281250953674
[2026-03-03 17:03:28] INFO inference_time: 59.20880842208862
[2026-03-03 17:03:36] INFO {'epoch': 94, 'toy_10_ndcg@20': tensor(0.0469), 'toy_10_recall@20': tensor(0.0999), 'ndcg@20': tensor(0.0469), 'recall@20': tensor(0.0999), 'train_loss_0': tensor(0.3259, device='cuda:0')}
[2026-03-03 17:03:36] INFO training_time: 725.7901182174683
[2026-03-03 17:03:36] INFO inference_time: 59.67902851104736
[2026-03-03 17:03:44] INFO {'epoch': 95, 'toy_10_ndcg@20': tensor(0.0474), 'toy_10_recall@20': tensor(0.1012), 'ndcg@20': tensor(0.0474), 'recall@20': tensor(0.1012), 'train_loss_0': tensor(0.3212, device='cuda:0')}
[2026-03-03 17:03:44] INFO training_time: 733.56245470047
[2026-03-03 17:03:44] INFO inference_time: 60.363269090652466
[2026-03-03 17:03:52] INFO {'epoch': 96, 'toy_10_ndcg@20': tensor(0.0471), 'toy_10_recall@20': tensor(0.1006), 'ndcg@20': tensor(0.0471), 'recall@20': tensor(0.1006), 'train_loss_0': tensor(0.3230, device='cuda:0')}
[2026-03-03 17:03:52] INFO training_time: 740.6537051200867
[2026-03-03 17:03:52] INFO inference_time: 60.976054668426514
[2026-03-03 17:03:59] INFO {'epoch': 97, 'toy_10_ndcg@20': tensor(0.0468), 'toy_10_recall@20': tensor(0.0998), 'ndcg@20': tensor(0.0468), 'recall@20': tensor(0.0998), 'train_loss_0': tensor(0.3224, device='cuda:0')}
[2026-03-03 17:03:59] INFO training_time: 747.1674394607544
[2026-03-03 17:03:59] INFO inference_time: 61.58391880989075
[2026-03-03 17:04:06] INFO {'epoch': 98, 'toy_10_ndcg@20': tensor(0.0470), 'toy_10_recall@20': tensor(0.1011), 'ndcg@20': tensor(0.0470), 'recall@20': tensor(0.1011), 'train_loss_0': tensor(0.3187, device='cuda:0')}
[2026-03-03 17:04:06] INFO training_time: 753.4078361988068
[2026-03-03 17:04:06] INFO inference_time: 62.262632608413696
[2026-03-03 17:04:13] INFO {'epoch': 99, 'toy_10_ndcg@20': tensor(0.0475), 'toy_10_recall@20': tensor(0.1015), 'ndcg@20': tensor(0.0475), 'recall@20': tensor(0.1015), 'train_loss_0': tensor(0.3194, device='cuda:0')}
[2026-03-03 17:04:13] INFO training_time: 759.7317583560944
[2026-03-03 17:04:13] INFO inference_time: 62.99007725715637
[2026-03-03 17:04:20] INFO {'epoch': 100, 'toy_10_ndcg@20': tensor(0.0474), 'toy_10_recall@20': tensor(0.1017), 'ndcg@20': tensor(0.0474), 'recall@20': tensor(0.1017), 'train_loss_0': tensor(0.3217, device='cuda:0')}
[2026-03-03 17:04:20] INFO training_time: 765.8838994503021
[2026-03-03 17:04:20] INFO inference_time: 63.90601849555969
[2026-03-03 17:04:27] INFO {'epoch': 101, 'toy_10_ndcg@20': tensor(0.0472), 'toy_10_recall@20': tensor(0.1006), 'ndcg@20': tensor(0.0472), 'recall@20': tensor(0.1006), 'train_loss_0': tensor(0.3222, device='cuda:0')}
[2026-03-03 17:04:27] INFO training_time: 772.2259440422058
[2026-03-03 17:04:27] INFO inference_time: 64.61371564865112
[2026-03-03 17:04:34] INFO {'epoch': 102, 'toy_10_ndcg@20': tensor(0.0478), 'toy_10_recall@20': tensor(0.1017), 'ndcg@20': tensor(0.0478), 'recall@20': tensor(0.1017), 'train_loss_0': tensor(0.3156, device='cuda:0')}
[2026-03-03 17:04:34] INFO training_time: 778.7262959480286
[2026-03-03 17:04:34] INFO inference_time: 65.22064876556396
[2026-03-03 17:04:41] INFO {'epoch': 103, 'toy_10_ndcg@20': tensor(0.0477), 'toy_10_recall@20': tensor(0.1017), 'ndcg@20': tensor(0.0477), 'recall@20': tensor(0.1017), 'train_loss_0': tensor(0.3130, device='cuda:0')}
[2026-03-03 17:04:41] INFO training_time: 784.9451901912689
[2026-03-03 17:04:41] INFO inference_time: 65.69063639640808
[2026-03-03 17:04:41] INFO Early stopped. Since the metric ndcg@20 haven't been improved for 20 epochs.
[2026-03-03 17:04:41] INFO The best score of ndcg@20 is 0.0481 on epoch 83
[2026-03-03 17:04:41] INFO Best model checkpoint saved in saved/SASRec/noisy_10/2026-03-03-16-50-26-193983.ckpt.
[2026-03-03 17:04:42] INFO defaultdict(<class 'float'>, {'toy_10_ndcg@20': tensor(0.0401), 'toy_10_recall@20': tensor(0.0857), 'toy_10_ndcg@10': tensor(0.0337), 'toy_10_recall@10': tensor(0.0604), 'ndcg@20': tensor(0.0401), 'recall@20': tensor(0.0857), 'ndcg@10': tensor(0.0337), 'recall@10': tensor(0.0604)})
