[2026-03-16 09:48:51] INFO PID of this process: 2548560
[2026-03-16 09:48:54] INFO {'model': {'embed_dim': 64, 'loss_fn': 'bce', 'hidden_size': 128, 'layer_num': 2, 'head_num': 2, 'dropout_rate': 0.5, 'activation': 'gelu', 'layer_norm_eps': 1e-12, 'model': 'SASRec'}, 'data': {'domain_name_list': ['toy_10'], 'user_threshold': 5, 'item_threshold': 5, 'max_seq_len': 50, 'dataset_class': 'general', 'train_file': '_ori', 'dataset': 'noisy_10'}, 'train': {'batch_size': 256, 'early_stop_mode': 'max', 'early_stop_patience': 20, 'epochs': 1000, 'device': 'cuda', 'optimizer': 'adam', 'learning_rate': 0.001, 'weight_decay': 0, 'num_neg': 1, 'seed': 2025}, 'eval': {'batch_size': 2048, 'cutoff': [20, 10], 'val_metrics': ['ndcg', 'recall'], 'test_metrics': ['ndcg', 'recall'], 'topk': 100, 'save_path': './saved/'}}
[2026-03-16 09:48:54] INFO <data.dataset.SeparateDataset object at 0x7f7adc2b51f0>
[2026-03-16 09:48:54] INFO save_dir:saved
[2026-03-16 09:48:54] INFO SASRec(
  (item_embedding): Embedding(11925, 64, padding_idx=0)
  (query_encoder): SASRecQueryEncoder(
    (item_encoder): Embedding(11925, 64, padding_idx=0)
    (position_emb): Embedding(50, 64)
    (transformer_layer): TransformerEncoder(
      (layers): ModuleList(
        (0): TransformerEncoderLayer(
          (self_attn): MultiheadAttention(
            (out_proj): NonDynamicallyQuantizableLinear(in_features=64, out_features=64, bias=True)
          )
          (linear1): Linear(in_features=64, out_features=128, bias=True)
          (dropout): Dropout(p=0.5, inplace=False)
          (linear2): Linear(in_features=128, out_features=64, bias=True)
          (norm1): LayerNorm((64,), eps=1e-12, elementwise_affine=True)
          (norm2): LayerNorm((64,), eps=1e-12, elementwise_affine=True)
          (dropout1): Dropout(p=0.5, inplace=False)
          (dropout2): Dropout(p=0.5, inplace=False)
        )
        (1): TransformerEncoderLayer(
          (self_attn): MultiheadAttention(
            (out_proj): NonDynamicallyQuantizableLinear(in_features=64, out_features=64, bias=True)
          )
          (linear1): Linear(in_features=64, out_features=128, bias=True)
          (dropout): Dropout(p=0.5, inplace=False)
          (linear2): Linear(in_features=128, out_features=64, bias=True)
          (norm1): LayerNorm((64,), eps=1e-12, elementwise_affine=True)
          (norm2): LayerNorm((64,), eps=1e-12, elementwise_affine=True)
          (dropout1): Dropout(p=0.5, inplace=False)
          (dropout2): Dropout(p=0.5, inplace=False)
        )
      )
    )
    (dropout): Dropout(p=0.5, inplace=False)
    (training_pooling_layer): SeqPoolingLayer()
    (eval_pooling_layer): SeqPoolingLayer()
  )
  (loss_fn): BinaryCrossEntropyLoss()
)
[2026-03-16 09:49:00] INFO {'epoch': 0, 'toy_10_ndcg@20': tensor(0.0076), 'toy_10_recall@20': tensor(0.0197), 'ndcg@20': tensor(0.0076), 'recall@20': tensor(0.0197), 'train_loss_0': tensor(1.3518, device='cuda:0')}
[2026-03-16 09:49:00] INFO training_time: 4.562762975692749
[2026-03-16 09:49:00] INFO inference_time: 0.6269183158874512
[2026-03-16 09:49:00] INFO ndcg@20 improved. Best value: 0.0076
[2026-03-16 09:49:00] INFO Best model checkpoint saved in saved/SASRec/noisy_10/2026-03-16-09-48-51-562482.ckpt.
[2026-03-16 09:49:04] INFO {'epoch': 1, 'toy_10_ndcg@20': tensor(0.0079), 'toy_10_recall@20': tensor(0.0189), 'ndcg@20': tensor(0.0079), 'recall@20': tensor(0.0189), 'train_loss_0': tensor(1.2418, device='cuda:0')}
[2026-03-16 09:49:04] INFO training_time: 8.291978597640991
[2026-03-16 09:49:04] INFO inference_time: 1.1688652038574219
[2026-03-16 09:49:04] INFO ndcg@20 improved. Best value: 0.0079
[2026-03-16 09:49:04] INFO Best model checkpoint saved in saved/SASRec/noisy_10/2026-03-16-09-48-51-562482.ckpt.
[2026-03-16 09:49:08] INFO {'epoch': 2, 'toy_10_ndcg@20': tensor(0.0081), 'toy_10_recall@20': tensor(0.0205), 'ndcg@20': tensor(0.0081), 'recall@20': tensor(0.0205), 'train_loss_0': tensor(1.1862, device='cuda:0')}
[2026-03-16 09:49:08] INFO training_time: 12.027126550674438
[2026-03-16 09:49:08] INFO inference_time: 1.6427950859069824
[2026-03-16 09:49:08] INFO ndcg@20 improved. Best value: 0.0081
[2026-03-16 09:49:08] INFO Best model checkpoint saved in saved/SASRec/noisy_10/2026-03-16-09-48-51-562482.ckpt.
[2026-03-16 09:49:14] INFO {'epoch': 3, 'toy_10_ndcg@20': tensor(0.0086), 'toy_10_recall@20': tensor(0.0235), 'ndcg@20': tensor(0.0086), 'recall@20': tensor(0.0235), 'train_loss_0': tensor(1.1283, device='cuda:0')}
[2026-03-16 09:49:14] INFO training_time: 17.57356858253479
[2026-03-16 09:49:14] INFO inference_time: 2.16196870803833
[2026-03-16 09:49:14] INFO ndcg@20 improved. Best value: 0.0086
[2026-03-16 09:49:14] INFO Best model checkpoint saved in saved/SASRec/noisy_10/2026-03-16-09-48-51-562482.ckpt.
[2026-03-16 09:49:21] INFO {'epoch': 4, 'toy_10_ndcg@20': tensor(0.0115), 'toy_10_recall@20': tensor(0.0266), 'ndcg@20': tensor(0.0115), 'recall@20': tensor(0.0266), 'train_loss_0': tensor(1.0710, device='cuda:0')}
[2026-03-16 09:49:21] INFO training_time: 23.863152742385864
[2026-03-16 09:49:21] INFO inference_time: 2.6751902103424072
[2026-03-16 09:49:21] INFO ndcg@20 improved. Best value: 0.0115
[2026-03-16 09:49:21] INFO Best model checkpoint saved in saved/SASRec/noisy_10/2026-03-16-09-48-51-562482.ckpt.
[2026-03-16 09:49:28] INFO {'epoch': 5, 'toy_10_ndcg@20': tensor(0.0138), 'toy_10_recall@20': tensor(0.0317), 'ndcg@20': tensor(0.0138), 'recall@20': tensor(0.0317), 'train_loss_0': tensor(1.0163, device='cuda:0')}
[2026-03-16 09:49:28] INFO training_time: 29.99915075302124
[2026-03-16 09:49:28] INFO inference_time: 3.4444851875305176
[2026-03-16 09:49:28] INFO ndcg@20 improved. Best value: 0.0138
[2026-03-16 09:49:28] INFO Best model checkpoint saved in saved/SASRec/noisy_10/2026-03-16-09-48-51-562482.ckpt.
[2026-03-16 09:49:37] INFO {'epoch': 6, 'toy_10_ndcg@20': tensor(0.0185), 'toy_10_recall@20': tensor(0.0400), 'ndcg@20': tensor(0.0185), 'recall@20': tensor(0.0400), 'train_loss_0': tensor(0.9656, device='cuda:0')}
[2026-03-16 09:49:37] INFO training_time: 38.57383465766907
[2026-03-16 09:49:37] INFO inference_time: 4.190224885940552
[2026-03-16 09:49:37] INFO ndcg@20 improved. Best value: 0.0185
[2026-03-16 09:49:37] INFO Best model checkpoint saved in saved/SASRec/noisy_10/2026-03-16-09-48-51-562482.ckpt.
[2026-03-16 09:49:48] INFO {'epoch': 7, 'toy_10_ndcg@20': tensor(0.0197), 'toy_10_recall@20': tensor(0.0417), 'ndcg@20': tensor(0.0197), 'recall@20': tensor(0.0417), 'train_loss_0': tensor(0.9129, device='cuda:0')}
[2026-03-16 09:49:48] INFO training_time: 48.83540344238281
[2026-03-16 09:49:48] INFO inference_time: 4.754369735717773
[2026-03-16 09:49:48] INFO ndcg@20 improved. Best value: 0.0197
[2026-03-16 09:49:48] INFO Best model checkpoint saved in saved/SASRec/noisy_10/2026-03-16-09-48-51-562482.ckpt.
[2026-03-16 09:50:01] INFO {'epoch': 8, 'toy_10_ndcg@20': tensor(0.0227), 'toy_10_recall@20': tensor(0.0492), 'ndcg@20': tensor(0.0227), 'recall@20': tensor(0.0492), 'train_loss_0': tensor(0.8684, device='cuda:0')}
[2026-03-16 09:50:01] INFO training_time: 60.69344353675842
[2026-03-16 09:50:01] INFO inference_time: 5.451651096343994
[2026-03-16 09:50:01] INFO ndcg@20 improved. Best value: 0.0227
[2026-03-16 09:50:01] INFO Best model checkpoint saved in saved/SASRec/noisy_10/2026-03-16-09-48-51-562482.ckpt.
[2026-03-16 09:50:13] INFO {'epoch': 9, 'toy_10_ndcg@20': tensor(0.0238), 'toy_10_recall@20': tensor(0.0526), 'ndcg@20': tensor(0.0238), 'recall@20': tensor(0.0526), 'train_loss_0': tensor(0.8282, device='cuda:0')}
[2026-03-16 09:50:13] INFO training_time: 72.44373321533203
[2026-03-16 09:50:13] INFO inference_time: 6.132174015045166
[2026-03-16 09:50:13] INFO ndcg@20 improved. Best value: 0.0238
[2026-03-16 09:50:13] INFO Best model checkpoint saved in saved/SASRec/noisy_10/2026-03-16-09-48-51-562482.ckpt.
[2026-03-16 09:50:26] INFO {'epoch': 10, 'toy_10_ndcg@20': tensor(0.0258), 'toy_10_recall@20': tensor(0.0587), 'ndcg@20': tensor(0.0258), 'recall@20': tensor(0.0587), 'train_loss_0': tensor(0.7909, device='cuda:0')}
[2026-03-16 09:50:26] INFO training_time: 84.34394145011902
[2026-03-16 09:50:26] INFO inference_time: 7.291889429092407
[2026-03-16 09:50:26] INFO ndcg@20 improved. Best value: 0.0258
[2026-03-16 09:50:26] INFO Best model checkpoint saved in saved/SASRec/noisy_10/2026-03-16-09-48-51-562482.ckpt.
[2026-03-16 09:50:39] INFO {'epoch': 11, 'toy_10_ndcg@20': tensor(0.0262), 'toy_10_recall@20': tensor(0.0586), 'ndcg@20': tensor(0.0262), 'recall@20': tensor(0.0586), 'train_loss_0': tensor(0.7547, device='cuda:0')}
[2026-03-16 09:50:39] INFO training_time: 96.19618773460388
[2026-03-16 09:50:39] INFO inference_time: 8.085554122924805
[2026-03-16 09:50:39] INFO ndcg@20 improved. Best value: 0.0262
[2026-03-16 09:50:39] INFO Best model checkpoint saved in saved/SASRec/noisy_10/2026-03-16-09-48-51-562482.ckpt.
[2026-03-16 09:50:52] INFO {'epoch': 12, 'toy_10_ndcg@20': tensor(0.0274), 'toy_10_recall@20': tensor(0.0611), 'ndcg@20': tensor(0.0274), 'recall@20': tensor(0.0611), 'train_loss_0': tensor(0.7198, device='cuda:0')}
[2026-03-16 09:50:52] INFO training_time: 108.02699947357178
[2026-03-16 09:50:52] INFO inference_time: 8.897450685501099
[2026-03-16 09:50:52] INFO ndcg@20 improved. Best value: 0.0274
[2026-03-16 09:50:52] INFO Best model checkpoint saved in saved/SASRec/noisy_10/2026-03-16-09-48-51-562482.ckpt.
[2026-03-16 09:51:04] INFO {'epoch': 13, 'toy_10_ndcg@20': tensor(0.0307), 'toy_10_recall@20': tensor(0.0684), 'ndcg@20': tensor(0.0307), 'recall@20': tensor(0.0684), 'train_loss_0': tensor(0.6910, device='cuda:0')}
[2026-03-16 09:51:04] INFO training_time: 119.94788765907288
[2026-03-16 09:51:04] INFO inference_time: 9.61737060546875
[2026-03-16 09:51:04] INFO ndcg@20 improved. Best value: 0.0307
[2026-03-16 09:51:04] INFO Best model checkpoint saved in saved/SASRec/noisy_10/2026-03-16-09-48-51-562482.ckpt.
[2026-03-16 09:51:17] INFO {'epoch': 14, 'toy_10_ndcg@20': tensor(0.0307), 'toy_10_recall@20': tensor(0.0678), 'ndcg@20': tensor(0.0307), 'recall@20': tensor(0.0678), 'train_loss_0': tensor(0.6611, device='cuda:0')}
[2026-03-16 09:51:17] INFO training_time: 131.8464481830597
[2026-03-16 09:51:17] INFO inference_time: 10.259919881820679
[2026-03-16 09:51:29] INFO {'epoch': 15, 'toy_10_ndcg@20': tensor(0.0321), 'toy_10_recall@20': tensor(0.0701), 'ndcg@20': tensor(0.0321), 'recall@20': tensor(0.0701), 'train_loss_0': tensor(0.6406, device='cuda:0')}
[2026-03-16 09:51:29] INFO training_time: 143.8301978111267
[2026-03-16 09:51:29] INFO inference_time: 10.90874719619751
[2026-03-16 09:51:29] INFO ndcg@20 improved. Best value: 0.0321
[2026-03-16 09:51:29] INFO Best model checkpoint saved in saved/SASRec/noisy_10/2026-03-16-09-48-51-562482.ckpt.
[2026-03-16 09:51:42] INFO {'epoch': 16, 'toy_10_ndcg@20': tensor(0.0324), 'toy_10_recall@20': tensor(0.0706), 'ndcg@20': tensor(0.0324), 'recall@20': tensor(0.0706), 'train_loss_0': tensor(0.6145, device='cuda:0')}
[2026-03-16 09:51:42] INFO training_time: 155.79206681251526
[2026-03-16 09:51:42] INFO inference_time: 11.75957179069519
[2026-03-16 09:51:42] INFO ndcg@20 improved. Best value: 0.0324
[2026-03-16 09:51:42] INFO Best model checkpoint saved in saved/SASRec/noisy_10/2026-03-16-09-48-51-562482.ckpt.
[2026-03-16 09:51:55] INFO {'epoch': 17, 'toy_10_ndcg@20': tensor(0.0325), 'toy_10_recall@20': tensor(0.0730), 'ndcg@20': tensor(0.0325), 'recall@20': tensor(0.0730), 'train_loss_0': tensor(0.5935, device='cuda:0')}
[2026-03-16 09:51:55] INFO training_time: 167.52851390838623
[2026-03-16 09:51:55] INFO inference_time: 12.458897113800049
[2026-03-16 09:51:55] INFO ndcg@20 improved. Best value: 0.0325
[2026-03-16 09:51:55] INFO Best model checkpoint saved in saved/SASRec/noisy_10/2026-03-16-09-48-51-562482.ckpt.
[2026-03-16 09:52:07] INFO {'epoch': 18, 'toy_10_ndcg@20': tensor(0.0346), 'toy_10_recall@20': tensor(0.0758), 'ndcg@20': tensor(0.0346), 'recall@20': tensor(0.0758), 'train_loss_0': tensor(0.5748, device='cuda:0')}
[2026-03-16 09:52:07] INFO training_time: 179.40841960906982
[2026-03-16 09:52:07] INFO inference_time: 13.126248836517334
[2026-03-16 09:52:07] INFO ndcg@20 improved. Best value: 0.0346
[2026-03-16 09:52:07] INFO Best model checkpoint saved in saved/SASRec/noisy_10/2026-03-16-09-48-51-562482.ckpt.
[2026-03-16 09:52:20] INFO {'epoch': 19, 'toy_10_ndcg@20': tensor(0.0349), 'toy_10_recall@20': tensor(0.0747), 'ndcg@20': tensor(0.0349), 'recall@20': tensor(0.0747), 'train_loss_0': tensor(0.5586, device='cuda:0')}
[2026-03-16 09:52:20] INFO training_time: 191.38285613059998
[2026-03-16 09:52:20] INFO inference_time: 13.799952745437622
[2026-03-16 09:52:20] INFO ndcg@20 improved. Best value: 0.0349
[2026-03-16 09:52:20] INFO Best model checkpoint saved in saved/SASRec/noisy_10/2026-03-16-09-48-51-562482.ckpt.
[2026-03-16 09:52:33] INFO {'epoch': 20, 'toy_10_ndcg@20': tensor(0.0366), 'toy_10_recall@20': tensor(0.0790), 'ndcg@20': tensor(0.0366), 'recall@20': tensor(0.0790), 'train_loss_0': tensor(0.5440, device='cuda:0')}
[2026-03-16 09:52:33] INFO training_time: 203.44859957695007
[2026-03-16 09:52:33] INFO inference_time: 14.75124454498291
[2026-03-16 09:52:33] INFO ndcg@20 improved. Best value: 0.0366
[2026-03-16 09:52:33] INFO Best model checkpoint saved in saved/SASRec/noisy_10/2026-03-16-09-48-51-562482.ckpt.
[2026-03-16 09:52:46] INFO {'epoch': 21, 'toy_10_ndcg@20': tensor(0.0364), 'toy_10_recall@20': tensor(0.0789), 'ndcg@20': tensor(0.0364), 'recall@20': tensor(0.0789), 'train_loss_0': tensor(0.5302, device='cuda:0')}
[2026-03-16 09:52:46] INFO training_time: 215.18134307861328
[2026-03-16 09:52:46] INFO inference_time: 15.527178287506104
[2026-03-16 09:52:58] INFO {'epoch': 22, 'toy_10_ndcg@20': tensor(0.0362), 'toy_10_recall@20': tensor(0.0795), 'ndcg@20': tensor(0.0362), 'recall@20': tensor(0.0795), 'train_loss_0': tensor(0.5138, device='cuda:0')}
[2026-03-16 09:52:58] INFO training_time: 227.16614294052124
[2026-03-16 09:52:58] INFO inference_time: 16.328291654586792
[2026-03-16 09:53:11] INFO {'epoch': 23, 'toy_10_ndcg@20': tensor(0.0379), 'toy_10_recall@20': tensor(0.0822), 'ndcg@20': tensor(0.0379), 'recall@20': tensor(0.0822), 'train_loss_0': tensor(0.5024, device='cuda:0')}
[2026-03-16 09:53:11] INFO training_time: 238.92354345321655
[2026-03-16 09:53:11] INFO inference_time: 16.98758840560913
[2026-03-16 09:53:11] INFO ndcg@20 improved. Best value: 0.0379
[2026-03-16 09:53:11] INFO Best model checkpoint saved in saved/SASRec/noisy_10/2026-03-16-09-48-51-562482.ckpt.
[2026-03-16 09:53:23] INFO {'epoch': 24, 'toy_10_ndcg@20': tensor(0.0391), 'toy_10_recall@20': tensor(0.0827), 'ndcg@20': tensor(0.0391), 'recall@20': tensor(0.0827), 'train_loss_0': tensor(0.4921, device='cuda:0')}
[2026-03-16 09:53:23] INFO training_time: 250.6797811985016
[2026-03-16 09:53:23] INFO inference_time: 17.70506739616394
[2026-03-16 09:53:23] INFO ndcg@20 improved. Best value: 0.0391
[2026-03-16 09:53:23] INFO Best model checkpoint saved in saved/SASRec/noisy_10/2026-03-16-09-48-51-562482.ckpt.
[2026-03-16 09:53:36] INFO {'epoch': 25, 'toy_10_ndcg@20': tensor(0.0395), 'toy_10_recall@20': tensor(0.0849), 'ndcg@20': tensor(0.0395), 'recall@20': tensor(0.0849), 'train_loss_0': tensor(0.4830, device='cuda:0')}
[2026-03-16 09:53:36] INFO training_time: 262.6817545890808
[2026-03-16 09:53:36] INFO inference_time: 18.43230438232422
[2026-03-16 09:53:36] INFO ndcg@20 improved. Best value: 0.0395
[2026-03-16 09:53:36] INFO Best model checkpoint saved in saved/SASRec/noisy_10/2026-03-16-09-48-51-562482.ckpt.
[2026-03-16 09:53:49] INFO {'epoch': 26, 'toy_10_ndcg@20': tensor(0.0401), 'toy_10_recall@20': tensor(0.0862), 'ndcg@20': tensor(0.0401), 'recall@20': tensor(0.0862), 'train_loss_0': tensor(0.4765, device='cuda:0')}
[2026-03-16 09:53:49] INFO training_time: 274.6289188861847
[2026-03-16 09:53:49] INFO inference_time: 19.277966260910034
[2026-03-16 09:53:49] INFO ndcg@20 improved. Best value: 0.0401
[2026-03-16 09:53:49] INFO Best model checkpoint saved in saved/SASRec/noisy_10/2026-03-16-09-48-51-562482.ckpt.
[2026-03-16 09:54:01] INFO {'epoch': 27, 'toy_10_ndcg@20': tensor(0.0400), 'toy_10_recall@20': tensor(0.0850), 'ndcg@20': tensor(0.0400), 'recall@20': tensor(0.0850), 'train_loss_0': tensor(0.4649, device='cuda:0')}
[2026-03-16 09:54:01] INFO training_time: 286.5892391204834
[2026-03-16 09:54:01] INFO inference_time: 19.87212872505188
[2026-03-16 09:54:14] INFO {'epoch': 28, 'toy_10_ndcg@20': tensor(0.0406), 'toy_10_recall@20': tensor(0.0861), 'ndcg@20': tensor(0.0406), 'recall@20': tensor(0.0861), 'train_loss_0': tensor(0.4570, device='cuda:0')}
[2026-03-16 09:54:14] INFO training_time: 298.37699818611145
[2026-03-16 09:54:14] INFO inference_time: 20.66775679588318
[2026-03-16 09:54:14] INFO ndcg@20 improved. Best value: 0.0406
[2026-03-16 09:54:14] INFO Best model checkpoint saved in saved/SASRec/noisy_10/2026-03-16-09-48-51-562482.ckpt.
[2026-03-16 09:54:26] INFO {'epoch': 29, 'toy_10_ndcg@20': tensor(0.0408), 'toy_10_recall@20': tensor(0.0878), 'ndcg@20': tensor(0.0408), 'recall@20': tensor(0.0878), 'train_loss_0': tensor(0.4490, device='cuda:0')}
[2026-03-16 09:54:26] INFO training_time: 310.2533869743347
[2026-03-16 09:54:26] INFO inference_time: 21.200379133224487
[2026-03-16 09:54:26] INFO ndcg@20 improved. Best value: 0.0408
[2026-03-16 09:54:26] INFO Best model checkpoint saved in saved/SASRec/noisy_10/2026-03-16-09-48-51-562482.ckpt.
[2026-03-16 09:54:39] INFO {'epoch': 30, 'toy_10_ndcg@20': tensor(0.0418), 'toy_10_recall@20': tensor(0.0890), 'ndcg@20': tensor(0.0418), 'recall@20': tensor(0.0890), 'train_loss_0': tensor(0.4444, device='cuda:0')}
[2026-03-16 09:54:39] INFO training_time: 321.96487951278687
[2026-03-16 09:54:39] INFO inference_time: 22.320077657699585
[2026-03-16 09:54:39] INFO ndcg@20 improved. Best value: 0.0418
[2026-03-16 09:54:39] INFO Best model checkpoint saved in saved/SASRec/noisy_10/2026-03-16-09-48-51-562482.ckpt.
[2026-03-16 09:54:51] INFO {'epoch': 31, 'toy_10_ndcg@20': tensor(0.0425), 'toy_10_recall@20': tensor(0.0903), 'ndcg@20': tensor(0.0425), 'recall@20': tensor(0.0903), 'train_loss_0': tensor(0.4365, device='cuda:0')}
[2026-03-16 09:54:51] INFO training_time: 333.59596157073975
[2026-03-16 09:54:51] INFO inference_time: 22.87585139274597
[2026-03-16 09:54:51] INFO ndcg@20 improved. Best value: 0.0425
[2026-03-16 09:54:51] INFO Best model checkpoint saved in saved/SASRec/noisy_10/2026-03-16-09-48-51-562482.ckpt.
[2026-03-16 09:55:04] INFO {'epoch': 32, 'toy_10_ndcg@20': tensor(0.0433), 'toy_10_recall@20': tensor(0.0916), 'ndcg@20': tensor(0.0433), 'recall@20': tensor(0.0916), 'train_loss_0': tensor(0.4325, device='cuda:0')}
[2026-03-16 09:55:04] INFO training_time: 345.4508557319641
[2026-03-16 09:55:04] INFO inference_time: 23.5689435005188
[2026-03-16 09:55:04] INFO ndcg@20 improved. Best value: 0.0433
[2026-03-16 09:55:04] INFO Best model checkpoint saved in saved/SASRec/noisy_10/2026-03-16-09-48-51-562482.ckpt.
[2026-03-16 09:55:17] INFO {'epoch': 33, 'toy_10_ndcg@20': tensor(0.0422), 'toy_10_recall@20': tensor(0.0891), 'ndcg@20': tensor(0.0422), 'recall@20': tensor(0.0891), 'train_loss_0': tensor(0.4241, device='cuda:0')}
[2026-03-16 09:55:17] INFO training_time: 357.39465975761414
[2026-03-16 09:55:17] INFO inference_time: 24.356295585632324
[2026-03-16 09:55:29] INFO {'epoch': 34, 'toy_10_ndcg@20': tensor(0.0427), 'toy_10_recall@20': tensor(0.0892), 'ndcg@20': tensor(0.0427), 'recall@20': tensor(0.0892), 'train_loss_0': tensor(0.4194, device='cuda:0')}
[2026-03-16 09:55:29] INFO training_time: 369.10260701179504
[2026-03-16 09:55:29] INFO inference_time: 24.936273097991943
[2026-03-16 09:55:42] INFO {'epoch': 35, 'toy_10_ndcg@20': tensor(0.0421), 'toy_10_recall@20': tensor(0.0891), 'ndcg@20': tensor(0.0421), 'recall@20': tensor(0.0891), 'train_loss_0': tensor(0.4161, device='cuda:0')}
[2026-03-16 09:55:42] INFO training_time: 380.94462990760803
[2026-03-16 09:55:42] INFO inference_time: 25.716451406478882
[2026-03-16 09:55:54] INFO {'epoch': 36, 'toy_10_ndcg@20': tensor(0.0422), 'toy_10_recall@20': tensor(0.0907), 'ndcg@20': tensor(0.0422), 'recall@20': tensor(0.0907), 'train_loss_0': tensor(0.4083, device='cuda:0')}
[2026-03-16 09:55:54] INFO training_time: 392.7839779853821
[2026-03-16 09:55:54] INFO inference_time: 26.499216318130493
[2026-03-16 09:56:07] INFO {'epoch': 37, 'toy_10_ndcg@20': tensor(0.0425), 'toy_10_recall@20': tensor(0.0919), 'ndcg@20': tensor(0.0425), 'recall@20': tensor(0.0919), 'train_loss_0': tensor(0.4087, device='cuda:0')}
[2026-03-16 09:56:07] INFO training_time: 404.77338433265686
[2026-03-16 09:56:07] INFO inference_time: 27.1741042137146
[2026-03-16 09:56:20] INFO {'epoch': 38, 'toy_10_ndcg@20': tensor(0.0421), 'toy_10_recall@20': tensor(0.0899), 'ndcg@20': tensor(0.0421), 'recall@20': tensor(0.0899), 'train_loss_0': tensor(0.4067, device='cuda:0')}
[2026-03-16 09:56:20] INFO training_time: 416.84364223480225
[2026-03-16 09:56:20] INFO inference_time: 27.71730613708496
[2026-03-16 09:56:32] INFO {'epoch': 39, 'toy_10_ndcg@20': tensor(0.0420), 'toy_10_recall@20': tensor(0.0906), 'ndcg@20': tensor(0.0420), 'recall@20': tensor(0.0906), 'train_loss_0': tensor(0.4005, device='cuda:0')}
[2026-03-16 09:56:32] INFO training_time: 428.6297709941864
[2026-03-16 09:56:32] INFO inference_time: 28.345653533935547
[2026-03-16 09:56:45] INFO {'epoch': 40, 'toy_10_ndcg@20': tensor(0.0426), 'toy_10_recall@20': tensor(0.0920), 'ndcg@20': tensor(0.0426), 'recall@20': tensor(0.0920), 'train_loss_0': tensor(0.3948, device='cuda:0')}
[2026-03-16 09:56:45] INFO training_time: 440.4068114757538
[2026-03-16 09:56:45] INFO inference_time: 29.22410559654236
[2026-03-16 09:56:57] INFO {'epoch': 41, 'toy_10_ndcg@20': tensor(0.0431), 'toy_10_recall@20': tensor(0.0936), 'ndcg@20': tensor(0.0431), 'recall@20': tensor(0.0936), 'train_loss_0': tensor(0.3978, device='cuda:0')}
[2026-03-16 09:56:57] INFO training_time: 452.2067484855652
[2026-03-16 09:56:57] INFO inference_time: 29.78693985939026
[2026-03-16 09:57:09] INFO {'epoch': 42, 'toy_10_ndcg@20': tensor(0.0441), 'toy_10_recall@20': tensor(0.0934), 'ndcg@20': tensor(0.0441), 'recall@20': tensor(0.0934), 'train_loss_0': tensor(0.3889, device='cuda:0')}
[2026-03-16 09:57:09] INFO training_time: 464.0000765323639
[2026-03-16 09:57:09] INFO inference_time: 30.327698469161987
[2026-03-16 09:57:09] INFO ndcg@20 improved. Best value: 0.0441
[2026-03-16 09:57:09] INFO Best model checkpoint saved in saved/SASRec/noisy_10/2026-03-16-09-48-51-562482.ckpt.
[2026-03-16 09:57:22] INFO {'epoch': 43, 'toy_10_ndcg@20': tensor(0.0444), 'toy_10_recall@20': tensor(0.0940), 'ndcg@20': tensor(0.0444), 'recall@20': tensor(0.0940), 'train_loss_0': tensor(0.3908, device='cuda:0')}
[2026-03-16 09:57:22] INFO training_time: 475.66148233413696
[2026-03-16 09:57:22] INFO inference_time: 30.877639055252075
[2026-03-16 09:57:22] INFO ndcg@20 improved. Best value: 0.0444
[2026-03-16 09:57:22] INFO Best model checkpoint saved in saved/SASRec/noisy_10/2026-03-16-09-48-51-562482.ckpt.
[2026-03-16 09:57:34] INFO {'epoch': 44, 'toy_10_ndcg@20': tensor(0.0448), 'toy_10_recall@20': tensor(0.0943), 'ndcg@20': tensor(0.0448), 'recall@20': tensor(0.0943), 'train_loss_0': tensor(0.3832, device='cuda:0')}
[2026-03-16 09:57:34] INFO training_time: 487.45452761650085
[2026-03-16 09:57:34] INFO inference_time: 31.615829467773438
[2026-03-16 09:57:34] INFO ndcg@20 improved. Best value: 0.0448
[2026-03-16 09:57:34] INFO Best model checkpoint saved in saved/SASRec/noisy_10/2026-03-16-09-48-51-562482.ckpt.
[2026-03-16 09:57:47] INFO {'epoch': 45, 'toy_10_ndcg@20': tensor(0.0442), 'toy_10_recall@20': tensor(0.0940), 'ndcg@20': tensor(0.0442), 'recall@20': tensor(0.0940), 'train_loss_0': tensor(0.3843, device='cuda:0')}
[2026-03-16 09:57:47] INFO training_time: 499.3323767185211
[2026-03-16 09:57:47] INFO inference_time: 32.43005609512329
[2026-03-16 09:58:00] INFO {'epoch': 46, 'toy_10_ndcg@20': tensor(0.0440), 'toy_10_recall@20': tensor(0.0929), 'ndcg@20': tensor(0.0440), 'recall@20': tensor(0.0929), 'train_loss_0': tensor(0.3778, device='cuda:0')}
[2026-03-16 09:58:00] INFO training_time: 511.36730003356934
[2026-03-16 09:58:00] INFO inference_time: 33.19178819656372
[2026-03-16 09:58:12] INFO {'epoch': 47, 'toy_10_ndcg@20': tensor(0.0438), 'toy_10_recall@20': tensor(0.0931), 'ndcg@20': tensor(0.0438), 'recall@20': tensor(0.0931), 'train_loss_0': tensor(0.3787, device='cuda:0')}
[2026-03-16 09:58:12] INFO training_time: 523.0083563327789
[2026-03-16 09:58:12] INFO inference_time: 33.81024670600891
[2026-03-16 09:58:25] INFO {'epoch': 48, 'toy_10_ndcg@20': tensor(0.0432), 'toy_10_recall@20': tensor(0.0940), 'ndcg@20': tensor(0.0432), 'recall@20': tensor(0.0940), 'train_loss_0': tensor(0.3764, device='cuda:0')}
[2026-03-16 09:58:25] INFO training_time: 534.9159960746765
[2026-03-16 09:58:25] INFO inference_time: 34.522077322006226
[2026-03-16 09:58:37] INFO {'epoch': 49, 'toy_10_ndcg@20': tensor(0.0435), 'toy_10_recall@20': tensor(0.0933), 'ndcg@20': tensor(0.0435), 'recall@20': tensor(0.0933), 'train_loss_0': tensor(0.3758, device='cuda:0')}
[2026-03-16 09:58:37] INFO training_time: 546.8939549922943
[2026-03-16 09:58:37] INFO inference_time: 35.182533502578735
[2026-03-16 09:58:50] INFO {'epoch': 50, 'toy_10_ndcg@20': tensor(0.0441), 'toy_10_recall@20': tensor(0.0944), 'ndcg@20': tensor(0.0441), 'recall@20': tensor(0.0944), 'train_loss_0': tensor(0.3729, device='cuda:0')}
[2026-03-16 09:58:50] INFO training_time: 558.8498125076294
[2026-03-16 09:58:50] INFO inference_time: 36.028268575668335
[2026-03-16 09:59:02] INFO {'epoch': 51, 'toy_10_ndcg@20': tensor(0.0447), 'toy_10_recall@20': tensor(0.0944), 'ndcg@20': tensor(0.0447), 'recall@20': tensor(0.0944), 'train_loss_0': tensor(0.3688, device='cuda:0')}
[2026-03-16 09:59:02] INFO training_time: 570.5915031433105
[2026-03-16 09:59:02] INFO inference_time: 36.590126514434814
[2026-03-16 09:59:15] INFO {'epoch': 52, 'toy_10_ndcg@20': tensor(0.0440), 'toy_10_recall@20': tensor(0.0929), 'ndcg@20': tensor(0.0440), 'recall@20': tensor(0.0929), 'train_loss_0': tensor(0.3638, device='cuda:0')}
[2026-03-16 09:59:15] INFO training_time: 582.3924894332886
[2026-03-16 09:59:15] INFO inference_time: 37.178887605667114
[2026-03-16 09:59:27] INFO {'epoch': 53, 'toy_10_ndcg@20': tensor(0.0447), 'toy_10_recall@20': tensor(0.0946), 'ndcg@20': tensor(0.0447), 'recall@20': tensor(0.0946), 'train_loss_0': tensor(0.3658, device='cuda:0')}
[2026-03-16 09:59:27] INFO training_time: 594.1347584724426
[2026-03-16 09:59:27] INFO inference_time: 37.775649547576904
[2026-03-16 09:59:40] INFO {'epoch': 54, 'toy_10_ndcg@20': tensor(0.0443), 'toy_10_recall@20': tensor(0.0948), 'ndcg@20': tensor(0.0443), 'recall@20': tensor(0.0948), 'train_loss_0': tensor(0.3598, device='cuda:0')}
[2026-03-16 09:59:40] INFO training_time: 606.0302197933197
[2026-03-16 09:59:40] INFO inference_time: 38.323410749435425
[2026-03-16 09:59:52] INFO {'epoch': 55, 'toy_10_ndcg@20': tensor(0.0442), 'toy_10_recall@20': tensor(0.0946), 'ndcg@20': tensor(0.0442), 'recall@20': tensor(0.0946), 'train_loss_0': tensor(0.3579, device='cuda:0')}
[2026-03-16 09:59:52] INFO training_time: 617.8410534858704
[2026-03-16 09:59:52] INFO inference_time: 39.04274797439575
[2026-03-16 10:00:05] INFO {'epoch': 56, 'toy_10_ndcg@20': tensor(0.0446), 'toy_10_recall@20': tensor(0.0950), 'ndcg@20': tensor(0.0446), 'recall@20': tensor(0.0950), 'train_loss_0': tensor(0.3616, device='cuda:0')}
[2026-03-16 10:00:05] INFO training_time: 629.7447397708893
[2026-03-16 10:00:05] INFO inference_time: 39.579461097717285
[2026-03-16 10:00:17] INFO {'epoch': 57, 'toy_10_ndcg@20': tensor(0.0448), 'toy_10_recall@20': tensor(0.0948), 'ndcg@20': tensor(0.0448), 'recall@20': tensor(0.0948), 'train_loss_0': tensor(0.3618, device='cuda:0')}
[2026-03-16 10:00:17] INFO training_time: 641.4353244304657
[2026-03-16 10:00:17] INFO inference_time: 40.3105263710022
[2026-03-16 10:00:17] INFO ndcg@20 improved. Best value: 0.0448
[2026-03-16 10:00:17] INFO Best model checkpoint saved in saved/SASRec/noisy_10/2026-03-16-09-48-51-562482.ckpt.
[2026-03-16 10:00:30] INFO {'epoch': 58, 'toy_10_ndcg@20': tensor(0.0460), 'toy_10_recall@20': tensor(0.0976), 'ndcg@20': tensor(0.0460), 'recall@20': tensor(0.0976), 'train_loss_0': tensor(0.3523, device='cuda:0')}
[2026-03-16 10:00:30] INFO training_time: 653.3894336223602
[2026-03-16 10:00:30] INFO inference_time: 41.031827211380005
[2026-03-16 10:00:30] INFO ndcg@20 improved. Best value: 0.0460
[2026-03-16 10:00:30] INFO Best model checkpoint saved in saved/SASRec/noisy_10/2026-03-16-09-48-51-562482.ckpt.
[2026-03-16 10:00:42] INFO {'epoch': 59, 'toy_10_ndcg@20': tensor(0.0456), 'toy_10_recall@20': tensor(0.0973), 'ndcg@20': tensor(0.0456), 'recall@20': tensor(0.0973), 'train_loss_0': tensor(0.3562, device='cuda:0')}
[2026-03-16 10:00:42] INFO training_time: 665.28897356987
[2026-03-16 10:00:42] INFO inference_time: 41.816054344177246
[2026-03-16 10:00:55] INFO {'epoch': 60, 'toy_10_ndcg@20': tensor(0.0458), 'toy_10_recall@20': tensor(0.0977), 'ndcg@20': tensor(0.0458), 'recall@20': tensor(0.0977), 'train_loss_0': tensor(0.3583, device='cuda:0')}
[2026-03-16 10:00:55] INFO training_time: 677.0214841365814
[2026-03-16 10:00:55] INFO inference_time: 42.59448003768921
[2026-03-16 10:01:08] INFO {'epoch': 61, 'toy_10_ndcg@20': tensor(0.0460), 'toy_10_recall@20': tensor(0.0953), 'ndcg@20': tensor(0.0460), 'recall@20': tensor(0.0953), 'train_loss_0': tensor(0.3571, device='cuda:0')}
[2026-03-16 10:01:08] INFO training_time: 688.9098362922668
[2026-03-16 10:01:08] INFO inference_time: 43.27663493156433
[2026-03-16 10:01:19] INFO {'epoch': 62, 'toy_10_ndcg@20': tensor(0.0454), 'toy_10_recall@20': tensor(0.0959), 'ndcg@20': tensor(0.0454), 'recall@20': tensor(0.0959), 'train_loss_0': tensor(0.3477, device='cuda:0')}
[2026-03-16 10:01:19] INFO training_time: 700.1531507968903
[2026-03-16 10:01:19] INFO inference_time: 43.77997303009033
[2026-03-16 10:01:31] INFO {'epoch': 63, 'toy_10_ndcg@20': tensor(0.0456), 'toy_10_recall@20': tensor(0.0972), 'ndcg@20': tensor(0.0456), 'recall@20': tensor(0.0972), 'train_loss_0': tensor(0.3506, device='cuda:0')}
[2026-03-16 10:01:31] INFO training_time: 710.6096551418304
[2026-03-16 10:01:31] INFO inference_time: 44.51496911048889
[2026-03-16 10:01:42] INFO {'epoch': 64, 'toy_10_ndcg@20': tensor(0.0457), 'toy_10_recall@20': tensor(0.0978), 'ndcg@20': tensor(0.0457), 'recall@20': tensor(0.0978), 'train_loss_0': tensor(0.3466, device='cuda:0')}
[2026-03-16 10:01:42] INFO training_time: 721.0082268714905
[2026-03-16 10:01:42] INFO inference_time: 45.21253037452698
[2026-03-16 10:01:53] INFO {'epoch': 65, 'toy_10_ndcg@20': tensor(0.0445), 'toy_10_recall@20': tensor(0.0959), 'ndcg@20': tensor(0.0445), 'recall@20': tensor(0.0959), 'train_loss_0': tensor(0.3468, device='cuda:0')}
[2026-03-16 10:01:53] INFO training_time: 731.4025704860687
[2026-03-16 10:01:53] INFO inference_time: 45.89418005943298
[2026-03-16 10:02:04] INFO {'epoch': 66, 'toy_10_ndcg@20': tensor(0.0454), 'toy_10_recall@20': tensor(0.0953), 'ndcg@20': tensor(0.0454), 'recall@20': tensor(0.0953), 'train_loss_0': tensor(0.3461, device='cuda:0')}
[2026-03-16 10:02:04] INFO training_time: 741.9640190601349
[2026-03-16 10:02:04] INFO inference_time: 46.55365467071533
[2026-03-16 10:02:15] INFO {'epoch': 67, 'toy_10_ndcg@20': tensor(0.0454), 'toy_10_recall@20': tensor(0.0977), 'ndcg@20': tensor(0.0454), 'recall@20': tensor(0.0977), 'train_loss_0': tensor(0.3478, device='cuda:0')}
[2026-03-16 10:02:15] INFO training_time: 752.4514946937561
[2026-03-16 10:02:15] INFO inference_time: 47.21473431587219
[2026-03-16 10:02:26] INFO {'epoch': 68, 'toy_10_ndcg@20': tensor(0.0451), 'toy_10_recall@20': tensor(0.0976), 'ndcg@20': tensor(0.0451), 'recall@20': tensor(0.0976), 'train_loss_0': tensor(0.3440, device='cuda:0')}
[2026-03-16 10:02:26] INFO training_time: 762.7808530330658
[2026-03-16 10:02:26] INFO inference_time: 47.79797172546387
[2026-03-16 10:02:37] INFO {'epoch': 69, 'toy_10_ndcg@20': tensor(0.0450), 'toy_10_recall@20': tensor(0.0967), 'ndcg@20': tensor(0.0450), 'recall@20': tensor(0.0967), 'train_loss_0': tensor(0.3403, device='cuda:0')}
[2026-03-16 10:02:37] INFO training_time: 773.2319731712341
[2026-03-16 10:02:37] INFO inference_time: 48.597315073013306
[2026-03-16 10:02:49] INFO {'epoch': 70, 'toy_10_ndcg@20': tensor(0.0451), 'toy_10_recall@20': tensor(0.0974), 'ndcg@20': tensor(0.0451), 'recall@20': tensor(0.0974), 'train_loss_0': tensor(0.3406, device='cuda:0')}
[2026-03-16 10:02:49] INFO training_time: 783.5123987197876
[2026-03-16 10:02:49] INFO inference_time: 49.629088163375854
[2026-03-16 10:03:00] INFO {'epoch': 71, 'toy_10_ndcg@20': tensor(0.0454), 'toy_10_recall@20': tensor(0.0970), 'ndcg@20': tensor(0.0454), 'recall@20': tensor(0.0970), 'train_loss_0': tensor(0.3445, device='cuda:0')}
[2026-03-16 10:03:00] INFO training_time: 793.8036892414093
[2026-03-16 10:03:00] INFO inference_time: 50.23758625984192
[2026-03-16 10:03:11] INFO {'epoch': 72, 'toy_10_ndcg@20': tensor(0.0447), 'toy_10_recall@20': tensor(0.0967), 'ndcg@20': tensor(0.0447), 'recall@20': tensor(0.0967), 'train_loss_0': tensor(0.3367, device='cuda:0')}
[2026-03-16 10:03:11] INFO training_time: 804.1453006267548
[2026-03-16 10:03:11] INFO inference_time: 51.02381134033203
[2026-03-16 10:03:22] INFO {'epoch': 73, 'toy_10_ndcg@20': tensor(0.0444), 'toy_10_recall@20': tensor(0.0959), 'ndcg@20': tensor(0.0444), 'recall@20': tensor(0.0959), 'train_loss_0': tensor(0.3434, device='cuda:0')}
[2026-03-16 10:03:22] INFO training_time: 814.523197889328
[2026-03-16 10:03:22] INFO inference_time: 51.74070405960083
[2026-03-16 10:03:33] INFO {'epoch': 74, 'toy_10_ndcg@20': tensor(0.0449), 'toy_10_recall@20': tensor(0.0969), 'ndcg@20': tensor(0.0449), 'recall@20': tensor(0.0969), 'train_loss_0': tensor(0.3338, device='cuda:0')}
[2026-03-16 10:03:33] INFO training_time: 824.9322354793549
[2026-03-16 10:03:33] INFO inference_time: 52.44720816612244
[2026-03-16 10:03:44] INFO {'epoch': 75, 'toy_10_ndcg@20': tensor(0.0450), 'toy_10_recall@20': tensor(0.0968), 'ndcg@20': tensor(0.0450), 'recall@20': tensor(0.0968), 'train_loss_0': tensor(0.3389, device='cuda:0')}
[2026-03-16 10:03:44] INFO training_time: 835.2265012264252
[2026-03-16 10:03:44] INFO inference_time: 53.04372048377991
[2026-03-16 10:03:55] INFO {'epoch': 76, 'toy_10_ndcg@20': tensor(0.0458), 'toy_10_recall@20': tensor(0.0974), 'ndcg@20': tensor(0.0458), 'recall@20': tensor(0.0974), 'train_loss_0': tensor(0.3352, device='cuda:0')}
[2026-03-16 10:03:55] INFO training_time: 845.5647401809692
[2026-03-16 10:03:55] INFO inference_time: 53.57589507102966
[2026-03-16 10:04:05] INFO {'epoch': 77, 'toy_10_ndcg@20': tensor(0.0448), 'toy_10_recall@20': tensor(0.0963), 'ndcg@20': tensor(0.0448), 'recall@20': tensor(0.0963), 'train_loss_0': tensor(0.3344, device='cuda:0')}
[2026-03-16 10:04:05] INFO training_time: 855.6948115825653
[2026-03-16 10:04:05] INFO inference_time: 54.202736616134644
[2026-03-16 10:04:16] INFO {'epoch': 78, 'toy_10_ndcg@20': tensor(0.0455), 'toy_10_recall@20': tensor(0.0964), 'ndcg@20': tensor(0.0455), 'recall@20': tensor(0.0964), 'train_loss_0': tensor(0.3337, device='cuda:0')}
[2026-03-16 10:04:16] INFO training_time: 865.9604165554047
[2026-03-16 10:04:16] INFO inference_time: 54.763445138931274
[2026-03-16 10:04:16] INFO Early stopped. Since the metric ndcg@20 haven't been improved for 20 epochs.
[2026-03-16 10:04:16] INFO The best score of ndcg@20 is 0.0460 on epoch 58
[2026-03-16 10:04:16] INFO Best model checkpoint saved in saved/SASRec/noisy_10/2026-03-16-09-48-51-562482.ckpt.
[2026-03-16 10:04:17] INFO defaultdict(<class 'float'>, {'toy_10_ndcg@20': tensor(0.0379), 'toy_10_recall@20': tensor(0.0793), 'toy_10_ndcg@10': tensor(0.0325), 'toy_10_recall@10': tensor(0.0577), 'ndcg@20': tensor(0.0379), 'recall@20': tensor(0.0793), 'ndcg@10': tensor(0.0325), 'recall@10': tensor(0.0577)})
