[2026-03-04 20:45:50] INFO PID of this process: 2914473
[2026-03-04 20:45:58] INFO {'model': {'embed_dim': 64, 'loss_fn': 'bce', 'hidden_size': 128, 'layer_num': 2, 'head_num': 2, 'dropout_rate': 0.5, 'activation': 'gelu', 'layer_norm_eps': 1e-12, 'model': 'SASRec'}, 'data': {'domain_name_list': ['yelp_10'], 'user_threshold': 5, 'item_threshold': 5, 'max_seq_len': 50, 'dataset_class': 'general', 'train_file': '_regen', 'dataset': 'noisy_10'}, 'train': {'batch_size': 256, 'early_stop_mode': 'max', 'early_stop_patience': 20, 'epochs': 1000, 'device': 'cuda', 'optimizer': 'adam', 'learning_rate': 0.001, 'weight_decay': 0, 'num_neg': 1, 'seed': 2023}, 'eval': {'batch_size': 2048, 'cutoff': [20, 10], 'val_metrics': ['ndcg', 'recall'], 'test_metrics': ['ndcg', 'recall'], 'topk': 100, 'save_path': './saved/'}}
[2026-03-04 20:45:58] INFO <data.dataset.SeparateDataset object at 0x7fd638b101c0>
[2026-03-04 20:45:58] INFO save_dir:saved
[2026-03-04 20:45:58] INFO SASRec(
  (item_embedding): Embedding(20034, 64, padding_idx=0)
  (query_encoder): SASRecQueryEncoder(
    (item_encoder): Embedding(20034, 64, padding_idx=0)
    (position_emb): Embedding(50, 64)
    (transformer_layer): TransformerEncoder(
      (layers): ModuleList(
        (0): TransformerEncoderLayer(
          (self_attn): MultiheadAttention(
            (out_proj): NonDynamicallyQuantizableLinear(in_features=64, out_features=64, bias=True)
          )
          (linear1): Linear(in_features=64, out_features=128, bias=True)
          (dropout): Dropout(p=0.5, inplace=False)
          (linear2): Linear(in_features=128, out_features=64, bias=True)
          (norm1): LayerNorm((64,), eps=1e-12, elementwise_affine=True)
          (norm2): LayerNorm((64,), eps=1e-12, elementwise_affine=True)
          (dropout1): Dropout(p=0.5, inplace=False)
          (dropout2): Dropout(p=0.5, inplace=False)
        )
        (1): TransformerEncoderLayer(
          (self_attn): MultiheadAttention(
            (out_proj): NonDynamicallyQuantizableLinear(in_features=64, out_features=64, bias=True)
          )
          (linear1): Linear(in_features=64, out_features=128, bias=True)
          (dropout): Dropout(p=0.5, inplace=False)
          (linear2): Linear(in_features=128, out_features=64, bias=True)
          (norm1): LayerNorm((64,), eps=1e-12, elementwise_affine=True)
          (norm2): LayerNorm((64,), eps=1e-12, elementwise_affine=True)
          (dropout1): Dropout(p=0.5, inplace=False)
          (dropout2): Dropout(p=0.5, inplace=False)
        )
      )
    )
    (dropout): Dropout(p=0.5, inplace=False)
    (training_pooling_layer): SeqPoolingLayer()
    (eval_pooling_layer): SeqPoolingLayer()
  )
  (loss_fn): BinaryCrossEntropyLoss()
)
[2026-03-04 20:46:25] INFO {'epoch': 0, 'yelp_10_ndcg@20': tensor(0.0081), 'yelp_10_recall@20': tensor(0.0201), 'ndcg@20': tensor(0.0081), 'recall@20': tensor(0.0201), 'train_loss_0': tensor(1.2198, device='cuda:0')}
[2026-03-04 20:46:25] INFO training_time: 26.042487859725952
[2026-03-04 20:46:25] INFO inference_time: 0.9919948577880859
[2026-03-04 20:46:25] INFO ndcg@20 improved. Best value: 0.0081
[2026-03-04 20:46:25] INFO Best model checkpoint saved in saved/SASRec/noisy_10/2026-03-04-20-45-50-936962.ckpt.
[2026-03-04 20:46:51] INFO {'epoch': 1, 'yelp_10_ndcg@20': tensor(0.0122), 'yelp_10_recall@20': tensor(0.0315), 'ndcg@20': tensor(0.0122), 'recall@20': tensor(0.0315), 'train_loss_0': tensor(0.9257, device='cuda:0')}
[2026-03-04 20:46:51] INFO training_time: 51.58916687965393
[2026-03-04 20:46:51] INFO inference_time: 1.7693650722503662
[2026-03-04 20:46:51] INFO ndcg@20 improved. Best value: 0.0122
[2026-03-04 20:46:52] INFO Best model checkpoint saved in saved/SASRec/noisy_10/2026-03-04-20-45-50-936962.ckpt.
[2026-03-04 20:47:18] INFO {'epoch': 2, 'yelp_10_ndcg@20': tensor(0.0158), 'yelp_10_recall@20': tensor(0.0401), 'ndcg@20': tensor(0.0158), 'recall@20': tensor(0.0401), 'train_loss_0': tensor(0.7135, device='cuda:0')}
[2026-03-04 20:47:18] INFO training_time: 76.88317894935608
[2026-03-04 20:47:18] INFO inference_time: 2.5073249340057373
[2026-03-04 20:47:18] INFO ndcg@20 improved. Best value: 0.0158
[2026-03-04 20:47:18] INFO Best model checkpoint saved in saved/SASRec/noisy_10/2026-03-04-20-45-50-936962.ckpt.
[2026-03-04 20:47:44] INFO {'epoch': 3, 'yelp_10_ndcg@20': tensor(0.0179), 'yelp_10_recall@20': tensor(0.0452), 'ndcg@20': tensor(0.0179), 'recall@20': tensor(0.0452), 'train_loss_0': tensor(0.6022, device='cuda:0')}
[2026-03-04 20:47:44] INFO training_time: 102.17958664894104
[2026-03-04 20:47:44] INFO inference_time: 3.334334373474121
[2026-03-04 20:47:44] INFO ndcg@20 improved. Best value: 0.0179
[2026-03-04 20:47:44] INFO Best model checkpoint saved in saved/SASRec/noisy_10/2026-03-04-20-45-50-936962.ckpt.
[2026-03-04 20:48:10] INFO {'epoch': 4, 'yelp_10_ndcg@20': tensor(0.0175), 'yelp_10_recall@20': tensor(0.0442), 'ndcg@20': tensor(0.0175), 'recall@20': tensor(0.0442), 'train_loss_0': tensor(0.5370, device='cuda:0')}
[2026-03-04 20:48:10] INFO training_time: 127.59136819839478
[2026-03-04 20:48:10] INFO inference_time: 4.176665544509888
[2026-03-04 20:48:36] INFO {'epoch': 5, 'yelp_10_ndcg@20': tensor(0.0187), 'yelp_10_recall@20': tensor(0.0470), 'ndcg@20': tensor(0.0187), 'recall@20': tensor(0.0470), 'train_loss_0': tensor(0.4983, device='cuda:0')}
[2026-03-04 20:48:36] INFO training_time: 153.17490315437317
[2026-03-04 20:48:36] INFO inference_time: 4.9985432624816895
[2026-03-04 20:48:36] INFO ndcg@20 improved. Best value: 0.0187
[2026-03-04 20:48:36] INFO Best model checkpoint saved in saved/SASRec/noisy_10/2026-03-04-20-45-50-936962.ckpt.
[2026-03-04 20:49:03] INFO {'epoch': 6, 'yelp_10_ndcg@20': tensor(0.0172), 'yelp_10_recall@20': tensor(0.0437), 'ndcg@20': tensor(0.0172), 'recall@20': tensor(0.0437), 'train_loss_0': tensor(0.4683, device='cuda:0')}
[2026-03-04 20:49:03] INFO training_time: 178.62425661087036
[2026-03-04 20:49:03] INFO inference_time: 5.821055889129639
[2026-03-04 20:49:29] INFO {'epoch': 7, 'yelp_10_ndcg@20': tensor(0.0179), 'yelp_10_recall@20': tensor(0.0455), 'ndcg@20': tensor(0.0179), 'recall@20': tensor(0.0455), 'train_loss_0': tensor(0.4468, device='cuda:0')}
[2026-03-04 20:49:29] INFO training_time: 203.93790483474731
[2026-03-04 20:49:29] INFO inference_time: 6.680453777313232
[2026-03-04 20:49:55] INFO {'epoch': 8, 'yelp_10_ndcg@20': tensor(0.0187), 'yelp_10_recall@20': tensor(0.0472), 'ndcg@20': tensor(0.0187), 'recall@20': tensor(0.0472), 'train_loss_0': tensor(0.4296, device='cuda:0')}
[2026-03-04 20:49:55] INFO training_time: 229.15891122817993
[2026-03-04 20:49:55] INFO inference_time: 7.542428255081177
[2026-03-04 20:49:55] INFO ndcg@20 improved. Best value: 0.0187
[2026-03-04 20:49:55] INFO Best model checkpoint saved in saved/SASRec/noisy_10/2026-03-04-20-45-50-936962.ckpt.
[2026-03-04 20:50:21] INFO {'epoch': 9, 'yelp_10_ndcg@20': tensor(0.0191), 'yelp_10_recall@20': tensor(0.0475), 'ndcg@20': tensor(0.0191), 'recall@20': tensor(0.0475), 'train_loss_0': tensor(0.4148, device='cuda:0')}
[2026-03-04 20:50:21] INFO training_time: 254.52701020240784
[2026-03-04 20:50:21] INFO inference_time: 8.345103979110718
[2026-03-04 20:50:21] INFO ndcg@20 improved. Best value: 0.0191
[2026-03-04 20:50:21] INFO Best model checkpoint saved in saved/SASRec/noisy_10/2026-03-04-20-45-50-936962.ckpt.
[2026-03-04 20:50:47] INFO {'epoch': 10, 'yelp_10_ndcg@20': tensor(0.0190), 'yelp_10_recall@20': tensor(0.0479), 'ndcg@20': tensor(0.0190), 'recall@20': tensor(0.0479), 'train_loss_0': tensor(0.4029, device='cuda:0')}
[2026-03-04 20:50:47] INFO training_time: 279.82128167152405
[2026-03-04 20:50:47] INFO inference_time: 9.32283329963684
[2026-03-04 20:51:14] INFO {'epoch': 11, 'yelp_10_ndcg@20': tensor(0.0188), 'yelp_10_recall@20': tensor(0.0470), 'ndcg@20': tensor(0.0188), 'recall@20': tensor(0.0470), 'train_loss_0': tensor(0.3973, device='cuda:0')}
[2026-03-04 20:51:14] INFO training_time: 305.1899347305298
[2026-03-04 20:51:14] INFO inference_time: 10.13780164718628
[2026-03-04 20:51:40] INFO {'epoch': 12, 'yelp_10_ndcg@20': tensor(0.0189), 'yelp_10_recall@20': tensor(0.0475), 'ndcg@20': tensor(0.0189), 'recall@20': tensor(0.0475), 'train_loss_0': tensor(0.3888, device='cuda:0')}
[2026-03-04 20:51:40] INFO training_time: 330.5148768424988
[2026-03-04 20:51:40] INFO inference_time: 10.939624786376953
[2026-03-04 20:52:06] INFO {'epoch': 13, 'yelp_10_ndcg@20': tensor(0.0198), 'yelp_10_recall@20': tensor(0.0486), 'ndcg@20': tensor(0.0198), 'recall@20': tensor(0.0486), 'train_loss_0': tensor(0.3795, device='cuda:0')}
[2026-03-04 20:52:06] INFO training_time: 355.89299511909485
[2026-03-04 20:52:06] INFO inference_time: 11.78524398803711
[2026-03-04 20:52:06] INFO ndcg@20 improved. Best value: 0.0198
[2026-03-04 20:52:06] INFO Best model checkpoint saved in saved/SASRec/noisy_10/2026-03-04-20-45-50-936962.ckpt.
[2026-03-04 20:52:32] INFO {'epoch': 14, 'yelp_10_ndcg@20': tensor(0.0192), 'yelp_10_recall@20': tensor(0.0486), 'ndcg@20': tensor(0.0192), 'recall@20': tensor(0.0486), 'train_loss_0': tensor(0.3722, device='cuda:0')}
[2026-03-04 20:52:32] INFO training_time: 381.2770173549652
[2026-03-04 20:52:32] INFO inference_time: 12.575498342514038
[2026-03-04 20:52:58] INFO {'epoch': 15, 'yelp_10_ndcg@20': tensor(0.0198), 'yelp_10_recall@20': tensor(0.0494), 'ndcg@20': tensor(0.0198), 'recall@20': tensor(0.0494), 'train_loss_0': tensor(0.3655, device='cuda:0')}
[2026-03-04 20:52:58] INFO training_time: 406.61526441574097
[2026-03-04 20:52:58] INFO inference_time: 13.398098707199097
[2026-03-04 20:52:58] INFO ndcg@20 improved. Best value: 0.0198
[2026-03-04 20:52:58] INFO Best model checkpoint saved in saved/SASRec/noisy_10/2026-03-04-20-45-50-936962.ckpt.
[2026-03-04 20:53:24] INFO {'epoch': 16, 'yelp_10_ndcg@20': tensor(0.0187), 'yelp_10_recall@20': tensor(0.0482), 'ndcg@20': tensor(0.0187), 'recall@20': tensor(0.0482), 'train_loss_0': tensor(0.3618, device='cuda:0')}
[2026-03-04 20:53:24] INFO training_time: 431.8284294605255
[2026-03-04 20:53:24] INFO inference_time: 14.205058813095093
[2026-03-04 20:53:50] INFO {'epoch': 17, 'yelp_10_ndcg@20': tensor(0.0195), 'yelp_10_recall@20': tensor(0.0500), 'ndcg@20': tensor(0.0195), 'recall@20': tensor(0.0500), 'train_loss_0': tensor(0.3566, device='cuda:0')}
[2026-03-04 20:53:50] INFO training_time: 457.06736731529236
[2026-03-04 20:53:50] INFO inference_time: 15.034554481506348
[2026-03-04 20:54:16] INFO {'epoch': 18, 'yelp_10_ndcg@20': tensor(0.0201), 'yelp_10_recall@20': tensor(0.0506), 'ndcg@20': tensor(0.0201), 'recall@20': tensor(0.0506), 'train_loss_0': tensor(0.3529, device='cuda:0')}
[2026-03-04 20:54:16] INFO training_time: 482.33500051498413
[2026-03-04 20:54:16] INFO inference_time: 15.83555817604065
[2026-03-04 20:54:16] INFO ndcg@20 improved. Best value: 0.0201
[2026-03-04 20:54:16] INFO Best model checkpoint saved in saved/SASRec/noisy_10/2026-03-04-20-45-50-936962.ckpt.
[2026-03-04 20:54:43] INFO {'epoch': 19, 'yelp_10_ndcg@20': tensor(0.0204), 'yelp_10_recall@20': tensor(0.0506), 'ndcg@20': tensor(0.0204), 'recall@20': tensor(0.0506), 'train_loss_0': tensor(0.3485, device='cuda:0')}
[2026-03-04 20:54:43] INFO training_time: 507.6815845966339
[2026-03-04 20:54:43] INFO inference_time: 16.728319883346558
[2026-03-04 20:54:43] INFO ndcg@20 improved. Best value: 0.0204
[2026-03-04 20:54:43] INFO Best model checkpoint saved in saved/SASRec/noisy_10/2026-03-04-20-45-50-936962.ckpt.
[2026-03-04 20:55:09] INFO {'epoch': 20, 'yelp_10_ndcg@20': tensor(0.0198), 'yelp_10_recall@20': tensor(0.0501), 'ndcg@20': tensor(0.0198), 'recall@20': tensor(0.0501), 'train_loss_0': tensor(0.3449, device='cuda:0')}
[2026-03-04 20:55:09] INFO training_time: 532.8933782577515
[2026-03-04 20:55:09] INFO inference_time: 17.694040775299072
[2026-03-04 20:55:35] INFO {'epoch': 21, 'yelp_10_ndcg@20': tensor(0.0200), 'yelp_10_recall@20': tensor(0.0503), 'ndcg@20': tensor(0.0200), 'recall@20': tensor(0.0503), 'train_loss_0': tensor(0.3442, device='cuda:0')}
[2026-03-04 20:55:35] INFO training_time: 558.2016067504883
[2026-03-04 20:55:35] INFO inference_time: 18.42663311958313
[2026-03-04 20:56:01] INFO {'epoch': 22, 'yelp_10_ndcg@20': tensor(0.0209), 'yelp_10_recall@20': tensor(0.0511), 'ndcg@20': tensor(0.0209), 'recall@20': tensor(0.0511), 'train_loss_0': tensor(0.3386, device='cuda:0')}
[2026-03-04 20:56:01] INFO training_time: 583.6929850578308
[2026-03-04 20:56:01] INFO inference_time: 19.1715567111969
[2026-03-04 20:56:01] INFO ndcg@20 improved. Best value: 0.0209
[2026-03-04 20:56:01] INFO Best model checkpoint saved in saved/SASRec/noisy_10/2026-03-04-20-45-50-936962.ckpt.
[2026-03-04 20:56:27] INFO {'epoch': 23, 'yelp_10_ndcg@20': tensor(0.0192), 'yelp_10_recall@20': tensor(0.0484), 'ndcg@20': tensor(0.0192), 'recall@20': tensor(0.0484), 'train_loss_0': tensor(0.3363, device='cuda:0')}
[2026-03-04 20:56:27] INFO training_time: 609.1766357421875
[2026-03-04 20:56:27] INFO inference_time: 19.947299480438232
[2026-03-04 20:56:54] INFO {'epoch': 24, 'yelp_10_ndcg@20': tensor(0.0200), 'yelp_10_recall@20': tensor(0.0498), 'ndcg@20': tensor(0.0200), 'recall@20': tensor(0.0498), 'train_loss_0': tensor(0.3348, device='cuda:0')}
[2026-03-04 20:56:54] INFO training_time: 634.7326002120972
[2026-03-04 20:56:54] INFO inference_time: 20.90099835395813
[2026-03-04 20:57:20] INFO {'epoch': 25, 'yelp_10_ndcg@20': tensor(0.0198), 'yelp_10_recall@20': tensor(0.0505), 'ndcg@20': tensor(0.0198), 'recall@20': tensor(0.0505), 'train_loss_0': tensor(0.3314, device='cuda:0')}
[2026-03-04 20:57:20] INFO training_time: 660.0815472602844
[2026-03-04 20:57:20] INFO inference_time: 21.64221501350403
[2026-03-04 20:57:47] INFO {'epoch': 26, 'yelp_10_ndcg@20': tensor(0.0208), 'yelp_10_recall@20': tensor(0.0527), 'ndcg@20': tensor(0.0208), 'recall@20': tensor(0.0527), 'train_loss_0': tensor(0.3292, device='cuda:0')}
[2026-03-04 20:57:47] INFO training_time: 685.6930646896362
[2026-03-04 20:57:47] INFO inference_time: 22.474802017211914
[2026-03-04 20:58:13] INFO {'epoch': 27, 'yelp_10_ndcg@20': tensor(0.0190), 'yelp_10_recall@20': tensor(0.0480), 'ndcg@20': tensor(0.0190), 'recall@20': tensor(0.0480), 'train_loss_0': tensor(0.3274, device='cuda:0')}
[2026-03-04 20:58:13] INFO training_time: 711.2034015655518
[2026-03-04 20:58:13] INFO inference_time: 23.290277004241943
[2026-03-04 20:58:39] INFO {'epoch': 28, 'yelp_10_ndcg@20': tensor(0.0200), 'yelp_10_recall@20': tensor(0.0516), 'ndcg@20': tensor(0.0200), 'recall@20': tensor(0.0516), 'train_loss_0': tensor(0.3231, device='cuda:0')}
[2026-03-04 20:58:39] INFO training_time: 736.888968706131
[2026-03-04 20:58:39] INFO inference_time: 24.106776475906372
[2026-03-04 20:59:06] INFO {'epoch': 29, 'yelp_10_ndcg@20': tensor(0.0206), 'yelp_10_recall@20': tensor(0.0522), 'ndcg@20': tensor(0.0206), 'recall@20': tensor(0.0522), 'train_loss_0': tensor(0.3230, device='cuda:0')}
[2026-03-04 20:59:06] INFO training_time: 762.5022964477539
[2026-03-04 20:59:06] INFO inference_time: 24.94848895072937
[2026-03-04 20:59:32] INFO {'epoch': 30, 'yelp_10_ndcg@20': tensor(0.0204), 'yelp_10_recall@20': tensor(0.0514), 'ndcg@20': tensor(0.0204), 'recall@20': tensor(0.0514), 'train_loss_0': tensor(0.3194, device='cuda:0')}
[2026-03-04 20:59:32] INFO training_time: 787.9767327308655
[2026-03-04 20:59:32] INFO inference_time: 25.9276180267334
[2026-03-04 20:59:58] INFO {'epoch': 31, 'yelp_10_ndcg@20': tensor(0.0206), 'yelp_10_recall@20': tensor(0.0510), 'ndcg@20': tensor(0.0206), 'recall@20': tensor(0.0510), 'train_loss_0': tensor(0.3191, device='cuda:0')}
[2026-03-04 20:59:58] INFO training_time: 813.3336532115936
[2026-03-04 20:59:58] INFO inference_time: 26.747395992279053
[2026-03-04 21:00:24] INFO {'epoch': 32, 'yelp_10_ndcg@20': tensor(0.0210), 'yelp_10_recall@20': tensor(0.0530), 'ndcg@20': tensor(0.0210), 'recall@20': tensor(0.0530), 'train_loss_0': tensor(0.3167, device='cuda:0')}
[2026-03-04 21:00:24] INFO training_time: 838.3781561851501
[2026-03-04 21:00:24] INFO inference_time: 27.54949378967285
[2026-03-04 21:00:24] INFO ndcg@20 improved. Best value: 0.0210
[2026-03-04 21:00:24] INFO Best model checkpoint saved in saved/SASRec/noisy_10/2026-03-04-20-45-50-936962.ckpt.
[2026-03-04 21:00:50] INFO {'epoch': 33, 'yelp_10_ndcg@20': tensor(0.0202), 'yelp_10_recall@20': tensor(0.0510), 'ndcg@20': tensor(0.0202), 'recall@20': tensor(0.0510), 'train_loss_0': tensor(0.3156, device='cuda:0')}
[2026-03-04 21:00:50] INFO training_time: 863.4562265872955
[2026-03-04 21:00:50] INFO inference_time: 28.341455459594727
[2026-03-04 21:01:16] INFO {'epoch': 34, 'yelp_10_ndcg@20': tensor(0.0203), 'yelp_10_recall@20': tensor(0.0519), 'ndcg@20': tensor(0.0203), 'recall@20': tensor(0.0519), 'train_loss_0': tensor(0.3123, device='cuda:0')}
[2026-03-04 21:01:16] INFO training_time: 888.6997580528259
[2026-03-04 21:01:16] INFO inference_time: 29.150221347808838
[2026-03-04 21:01:42] INFO {'epoch': 35, 'yelp_10_ndcg@20': tensor(0.0207), 'yelp_10_recall@20': tensor(0.0513), 'ndcg@20': tensor(0.0207), 'recall@20': tensor(0.0513), 'train_loss_0': tensor(0.3140, device='cuda:0')}
[2026-03-04 21:01:42] INFO training_time: 914.049646615982
[2026-03-04 21:01:42] INFO inference_time: 29.948743104934692
[2026-03-04 21:02:09] INFO {'epoch': 36, 'yelp_10_ndcg@20': tensor(0.0210), 'yelp_10_recall@20': tensor(0.0534), 'ndcg@20': tensor(0.0210), 'recall@20': tensor(0.0534), 'train_loss_0': tensor(0.3114, device='cuda:0')}
[2026-03-04 21:02:09] INFO training_time: 939.4058499336243
[2026-03-04 21:02:09] INFO inference_time: 30.821165800094604
[2026-03-04 21:02:09] INFO ndcg@20 improved. Best value: 0.0210
[2026-03-04 21:02:09] INFO Best model checkpoint saved in saved/SASRec/noisy_10/2026-03-04-20-45-50-936962.ckpt.
[2026-03-04 21:02:35] INFO {'epoch': 37, 'yelp_10_ndcg@20': tensor(0.0215), 'yelp_10_recall@20': tensor(0.0528), 'ndcg@20': tensor(0.0215), 'recall@20': tensor(0.0528), 'train_loss_0': tensor(0.3082, device='cuda:0')}
[2026-03-04 21:02:35] INFO training_time: 964.7397048473358
[2026-03-04 21:02:35] INFO inference_time: 31.55878496170044
[2026-03-04 21:02:35] INFO ndcg@20 improved. Best value: 0.0215
[2026-03-04 21:02:35] INFO Best model checkpoint saved in saved/SASRec/noisy_10/2026-03-04-20-45-50-936962.ckpt.
[2026-03-04 21:03:01] INFO {'epoch': 38, 'yelp_10_ndcg@20': tensor(0.0206), 'yelp_10_recall@20': tensor(0.0518), 'ndcg@20': tensor(0.0206), 'recall@20': tensor(0.0518), 'train_loss_0': tensor(0.3058, device='cuda:0')}
[2026-03-04 21:03:01] INFO training_time: 990.072137594223
[2026-03-04 21:03:01] INFO inference_time: 32.36618256568909
[2026-03-04 21:03:27] INFO {'epoch': 39, 'yelp_10_ndcg@20': tensor(0.0200), 'yelp_10_recall@20': tensor(0.0505), 'ndcg@20': tensor(0.0200), 'recall@20': tensor(0.0505), 'train_loss_0': tensor(0.3054, device='cuda:0')}
[2026-03-04 21:03:27] INFO training_time: 1015.47993683815
[2026-03-04 21:03:27] INFO inference_time: 33.17753338813782
[2026-03-04 21:03:53] INFO {'epoch': 40, 'yelp_10_ndcg@20': tensor(0.0201), 'yelp_10_recall@20': tensor(0.0518), 'ndcg@20': tensor(0.0201), 'recall@20': tensor(0.0518), 'train_loss_0': tensor(0.3042, device='cuda:0')}
[2026-03-04 21:03:53] INFO training_time: 1040.8678908348083
[2026-03-04 21:03:53] INFO inference_time: 34.14269971847534
[2026-03-04 21:04:20] INFO {'epoch': 41, 'yelp_10_ndcg@20': tensor(0.0201), 'yelp_10_recall@20': tensor(0.0517), 'ndcg@20': tensor(0.0201), 'recall@20': tensor(0.0517), 'train_loss_0': tensor(0.3035, device='cuda:0')}
[2026-03-04 21:04:20] INFO training_time: 1066.1460387706757
[2026-03-04 21:04:20] INFO inference_time: 34.946316719055176
[2026-03-04 21:04:39] INFO {'epoch': 42, 'yelp_10_ndcg@20': tensor(0.0210), 'yelp_10_recall@20': tensor(0.0525), 'ndcg@20': tensor(0.0210), 'recall@20': tensor(0.0525), 'train_loss_0': tensor(0.3029, device='cuda:0')}
[2026-03-04 21:04:39] INFO training_time: 1084.3140165805817
[2026-03-04 21:04:39] INFO inference_time: 35.77064919471741
[2026-03-04 21:04:57] INFO {'epoch': 43, 'yelp_10_ndcg@20': tensor(0.0206), 'yelp_10_recall@20': tensor(0.0507), 'ndcg@20': tensor(0.0206), 'recall@20': tensor(0.0507), 'train_loss_0': tensor(0.3006, device='cuda:0')}
[2026-03-04 21:04:57] INFO training_time: 1101.9573786258698
[2026-03-04 21:04:57] INFO inference_time: 36.48233079910278
[2026-03-04 21:05:15] INFO {'epoch': 44, 'yelp_10_ndcg@20': tensor(0.0204), 'yelp_10_recall@20': tensor(0.0519), 'ndcg@20': tensor(0.0204), 'recall@20': tensor(0.0519), 'train_loss_0': tensor(0.3007, device='cuda:0')}
[2026-03-04 21:05:15] INFO training_time: 1119.6131465435028
[2026-03-04 21:05:15] INFO inference_time: 37.24248933792114
[2026-03-04 21:05:34] INFO {'epoch': 45, 'yelp_10_ndcg@20': tensor(0.0206), 'yelp_10_recall@20': tensor(0.0521), 'ndcg@20': tensor(0.0206), 'recall@20': tensor(0.0521), 'train_loss_0': tensor(0.2994, device='cuda:0')}
[2026-03-04 21:05:34] INFO training_time: 1137.028798341751
[2026-03-04 21:05:34] INFO inference_time: 38.02291226387024
[2026-03-04 21:05:52] INFO {'epoch': 46, 'yelp_10_ndcg@20': tensor(0.0208), 'yelp_10_recall@20': tensor(0.0533), 'ndcg@20': tensor(0.0208), 'recall@20': tensor(0.0533), 'train_loss_0': tensor(0.2977, device='cuda:0')}
[2026-03-04 21:05:52] INFO training_time: 1154.494746685028
[2026-03-04 21:05:52] INFO inference_time: 38.79236555099487
[2026-03-04 21:06:10] INFO {'epoch': 47, 'yelp_10_ndcg@20': tensor(0.0203), 'yelp_10_recall@20': tensor(0.0522), 'ndcg@20': tensor(0.0203), 'recall@20': tensor(0.0522), 'train_loss_0': tensor(0.2954, device='cuda:0')}
[2026-03-04 21:06:10] INFO training_time: 1171.9996886253357
[2026-03-04 21:06:10] INFO inference_time: 39.5723090171814
[2026-03-04 21:06:28] INFO {'epoch': 48, 'yelp_10_ndcg@20': tensor(0.0215), 'yelp_10_recall@20': tensor(0.0546), 'ndcg@20': tensor(0.0215), 'recall@20': tensor(0.0546), 'train_loss_0': tensor(0.2955, device='cuda:0')}
[2026-03-04 21:06:28] INFO training_time: 1189.4805166721344
[2026-03-04 21:06:28] INFO inference_time: 40.353994846343994
[2026-03-04 21:06:47] INFO {'epoch': 49, 'yelp_10_ndcg@20': tensor(0.0203), 'yelp_10_recall@20': tensor(0.0522), 'ndcg@20': tensor(0.0203), 'recall@20': tensor(0.0522), 'train_loss_0': tensor(0.2959, device='cuda:0')}
[2026-03-04 21:06:47] INFO training_time: 1207.0074608325958
[2026-03-04 21:06:47] INFO inference_time: 41.049100399017334
[2026-03-04 21:07:05] INFO {'epoch': 50, 'yelp_10_ndcg@20': tensor(0.0207), 'yelp_10_recall@20': tensor(0.0536), 'ndcg@20': tensor(0.0207), 'recall@20': tensor(0.0536), 'train_loss_0': tensor(0.2927, device='cuda:0')}
[2026-03-04 21:07:05] INFO training_time: 1224.5609154701233
[2026-03-04 21:07:05] INFO inference_time: 41.97311758995056
[2026-03-04 21:07:23] INFO {'epoch': 51, 'yelp_10_ndcg@20': tensor(0.0212), 'yelp_10_recall@20': tensor(0.0537), 'ndcg@20': tensor(0.0212), 'recall@20': tensor(0.0537), 'train_loss_0': tensor(0.2913, device='cuda:0')}
[2026-03-04 21:07:23] INFO training_time: 1242.1265988349915
[2026-03-04 21:07:23] INFO inference_time: 42.677756547927856
[2026-03-04 21:07:42] INFO {'epoch': 52, 'yelp_10_ndcg@20': tensor(0.0210), 'yelp_10_recall@20': tensor(0.0526), 'ndcg@20': tensor(0.0210), 'recall@20': tensor(0.0526), 'train_loss_0': tensor(0.2894, device='cuda:0')}
[2026-03-04 21:07:42] INFO training_time: 1259.6652135849
[2026-03-04 21:07:42] INFO inference_time: 43.410176038742065
[2026-03-04 21:08:00] INFO {'epoch': 53, 'yelp_10_ndcg@20': tensor(0.0206), 'yelp_10_recall@20': tensor(0.0519), 'ndcg@20': tensor(0.0206), 'recall@20': tensor(0.0519), 'train_loss_0': tensor(0.2912, device='cuda:0')}
[2026-03-04 21:08:00] INFO training_time: 1277.2764282226562
[2026-03-04 21:08:00] INFO inference_time: 44.10981321334839
[2026-03-04 21:08:18] INFO {'epoch': 54, 'yelp_10_ndcg@20': tensor(0.0207), 'yelp_10_recall@20': tensor(0.0521), 'ndcg@20': tensor(0.0207), 'recall@20': tensor(0.0521), 'train_loss_0': tensor(0.2918, device='cuda:0')}
[2026-03-04 21:08:18] INFO training_time: 1294.784497499466
[2026-03-04 21:08:18] INFO inference_time: 44.83099865913391
[2026-03-04 21:08:36] INFO {'epoch': 55, 'yelp_10_ndcg@20': tensor(0.0203), 'yelp_10_recall@20': tensor(0.0522), 'ndcg@20': tensor(0.0203), 'recall@20': tensor(0.0522), 'train_loss_0': tensor(0.2881, device='cuda:0')}
[2026-03-04 21:08:36] INFO training_time: 1312.2522139549255
[2026-03-04 21:08:36] INFO inference_time: 45.58729958534241
[2026-03-04 21:08:55] INFO {'epoch': 56, 'yelp_10_ndcg@20': tensor(0.0203), 'yelp_10_recall@20': tensor(0.0524), 'ndcg@20': tensor(0.0203), 'recall@20': tensor(0.0524), 'train_loss_0': tensor(0.2881, device='cuda:0')}
[2026-03-04 21:08:55] INFO training_time: 1329.7121453285217
[2026-03-04 21:08:55] INFO inference_time: 46.35972356796265
[2026-03-04 21:09:13] INFO {'epoch': 57, 'yelp_10_ndcg@20': tensor(0.0200), 'yelp_10_recall@20': tensor(0.0521), 'ndcg@20': tensor(0.0200), 'recall@20': tensor(0.0521), 'train_loss_0': tensor(0.2880, device='cuda:0')}
[2026-03-04 21:09:13] INFO training_time: 1347.174085855484
[2026-03-04 21:09:13] INFO inference_time: 47.142935037612915
[2026-03-04 21:09:13] INFO Early stopped. Since the metric ndcg@20 haven't been improved for 20 epochs.
[2026-03-04 21:09:13] INFO The best score of ndcg@20 is 0.0215 on epoch 37
[2026-03-04 21:09:13] INFO Best model checkpoint saved in saved/SASRec/noisy_10/2026-03-04-20-45-50-936962.ckpt.
[2026-03-04 21:09:14] INFO defaultdict(<class 'float'>, {'yelp_10_ndcg@20': tensor(0.0185), 'yelp_10_recall@20': tensor(0.0457), 'yelp_10_ndcg@10': tensor(0.0138), 'yelp_10_recall@10': tensor(0.0271), 'ndcg@20': tensor(0.0185), 'recall@20': tensor(0.0457), 'ndcg@10': tensor(0.0138), 'recall@10': tensor(0.0271)})
