[2026-03-15 15:01:17] INFO PID of this process: 614998
[2026-03-15 15:01:24] INFO {'model': {'embed_dim': 64, 'loss_fn': 'bce', 'sub_model': 'SASRec', 'hidden_size': 128, 'layer_num': 2, 'head_num': 2, 'dropout_rate': 0.5, 'activation': 'gelu', 'tau_min': 1, 'layer_norm_eps': 1e-12, 'model': 'MetaModel'}, 'data': {'domain_name_list': ['beauty_10'], 'user_threshold': 5, 'item_threshold': 5, 'max_seq_len': 50, 'dataset_class': 'general', 'train_file': '_regen', 'dataset': 'noisy_10'}, 'train': {'batch_size': 256, 'early_stop_mode': 'max', 'early_stop_patience': 20, 'epochs': 1000, 'device': 'cuda', 'optimizer': 'adam', 'learning_rate': 0.001, 'weight_decay': 0, 'num_neg': 1, 'seed': 2025, 'interval': 30, 'meta_optimizer': 'sgd', 'meta_learning_rate': 0.001, 'hpo_learning_rate': 0.001, 'meta_weight_decay': 0.001, 'descent_step': 30, 'warmup_epoch': 10}, 'eval': {'batch_size': 2048, 'cutoff': [20, 10], 'val_metrics': ['ndcg', 'recall'], 'test_metrics': ['ndcg', 'recall'], 'topk': 100, 'save_path': './saved/'}}
[2026-03-15 15:01:24] INFO <data.dataset.SeparateDataset object at 0x7f514e6751f0>
[2026-03-15 15:01:24] INFO save_dir:saved
[2026-03-15 15:01:24] INFO {'model': {'embed_dim': 64, 'loss_fn': 'bce', 'hidden_size': 128, 'layer_num': 2, 'head_num': 2, 'dropout_rate': 0.5, 'activation': 'gelu', 'layer_norm_eps': 1e-12, 'model': 'SASRec'}, 'data': {'domain_name_list': ['yelp_10'], 'user_threshold': 5, 'item_threshold': 5, 'max_seq_len': 50, 'dataset_class': 'general', 'train_file': '_regen', 'dataset': 'noisy_10'}, 'train': {'batch_size': 256, 'early_stop_mode': 'max', 'early_stop_patience': 20, 'epochs': 1000, 'device': 0, 'optimizer': 'adam', 'learning_rate': 0.001, 'weight_decay': 0, 'num_neg': 1, 'seed': 2025}, 'eval': {'batch_size': 2048, 'cutoff': [20, 10], 'val_metrics': ['ndcg', 'recall'], 'test_metrics': ['ndcg', 'recall'], 'topk': 100, 'save_path': './saved/'}}
[2026-03-15 15:01:24] INFO MetaModel(
  (item_embedding): Embedding(12102, 64, padding_idx=0)
  (sub_model): SASRec(
    (item_embedding): Embedding(12102, 64, padding_idx=0)
    (query_encoder): SASRecQueryEncoder(
      (item_encoder): Embedding(12102, 64, padding_idx=0)
      (position_emb): Embedding(50, 64)
      (transformer_layer): TransformerEncoder(
        (layers): ModuleList(
          (0): TransformerEncoderLayer(
            (self_attn): MultiheadAttention(
              (out_proj): NonDynamicallyQuantizableLinear(in_features=64, out_features=64, bias=True)
            )
            (linear1): Linear(in_features=64, out_features=128, bias=True)
            (dropout): Dropout(p=0.5, inplace=False)
            (linear2): Linear(in_features=128, out_features=64, bias=True)
            (norm1): LayerNorm((64,), eps=1e-12, elementwise_affine=True)
            (norm2): LayerNorm((64,), eps=1e-12, elementwise_affine=True)
            (dropout1): Dropout(p=0.5, inplace=False)
            (dropout2): Dropout(p=0.5, inplace=False)
          )
          (1): TransformerEncoderLayer(
            (self_attn): MultiheadAttention(
              (out_proj): NonDynamicallyQuantizableLinear(in_features=64, out_features=64, bias=True)
            )
            (linear1): Linear(in_features=64, out_features=128, bias=True)
            (dropout): Dropout(p=0.5, inplace=False)
            (linear2): Linear(in_features=128, out_features=64, bias=True)
            (norm1): LayerNorm((64,), eps=1e-12, elementwise_affine=True)
            (norm2): LayerNorm((64,), eps=1e-12, elementwise_affine=True)
            (dropout1): Dropout(p=0.5, inplace=False)
            (dropout2): Dropout(p=0.5, inplace=False)
          )
        )
      )
      (dropout): Dropout(p=0.5, inplace=False)
      (training_pooling_layer): SeqPoolingLayer()
      (eval_pooling_layer): SeqPoolingLayer()
    )
    (loss_fn): BinaryCrossEntropyLoss()
  )
  (meta_module): Sequential(
    (0): Linear(in_features=64, out_features=64, bias=True)
    (1): ReLU()
    (2): Linear(in_features=64, out_features=2, bias=True)
  )
)
[2026-03-15 15:02:12] INFO {'epoch': 0, 'beauty_10_ndcg@20': tensor(0.0138), 'beauty_10_recall@20': tensor(0.0341), 'ndcg@20': tensor(0.0138), 'recall@20': tensor(0.0341), 'train_loss_0': tensor(1.1350, device='cuda:0')}
[2026-03-15 15:02:12] INFO training_time: 46.5717716217041
[2026-03-15 15:02:12] INFO inference_time: 0.9702098369598389
[2026-03-15 15:02:12] INFO ndcg@20 improved. Best value: 0.0138
[2026-03-15 15:02:12] INFO Best model checkpoint saved in saved/MetaModel/noisy_10/2026-03-15-15-01-17-562578.ckpt.
[2026-03-15 15:03:16] INFO {'epoch': 1, 'beauty_10_ndcg@20': tensor(0.0173), 'beauty_10_recall@20': tensor(0.0432), 'ndcg@20': tensor(0.0173), 'recall@20': tensor(0.0432), 'train_loss_0': tensor(0.9311, device='cuda:0')}
[2026-03-15 15:03:16] INFO training_time: 110.32043647766113
[2026-03-15 15:03:16] INFO inference_time: 1.7486064434051514
[2026-03-15 15:03:16] INFO ndcg@20 improved. Best value: 0.0173
[2026-03-15 15:03:16] INFO Best model checkpoint saved in saved/MetaModel/noisy_10/2026-03-15-15-01-17-562578.ckpt.
[2026-03-15 15:04:21] INFO {'epoch': 2, 'beauty_10_ndcg@20': tensor(0.0253), 'beauty_10_recall@20': tensor(0.0604), 'ndcg@20': tensor(0.0253), 'recall@20': tensor(0.0604), 'train_loss_0': tensor(0.8044, device='cuda:0')}
[2026-03-15 15:04:21] INFO training_time: 174.04350805282593
[2026-03-15 15:04:21] INFO inference_time: 2.4744510650634766
[2026-03-15 15:04:21] INFO ndcg@20 improved. Best value: 0.0253
[2026-03-15 15:04:21] INFO Best model checkpoint saved in saved/MetaModel/noisy_10/2026-03-15-15-01-17-562578.ckpt.
[2026-03-15 15:05:26] INFO {'epoch': 3, 'beauty_10_ndcg@20': tensor(0.0288), 'beauty_10_recall@20': tensor(0.0698), 'ndcg@20': tensor(0.0288), 'recall@20': tensor(0.0698), 'train_loss_0': tensor(0.7036, device='cuda:0')}
[2026-03-15 15:05:26] INFO training_time: 238.25637245178223
[2026-03-15 15:05:26] INFO inference_time: 3.3039541244506836
[2026-03-15 15:05:26] INFO ndcg@20 improved. Best value: 0.0288
[2026-03-15 15:05:26] INFO Best model checkpoint saved in saved/MetaModel/noisy_10/2026-03-15-15-01-17-562578.ckpt.
[2026-03-15 15:06:30] INFO {'epoch': 4, 'beauty_10_ndcg@20': tensor(0.0321), 'beauty_10_recall@20': tensor(0.0751), 'ndcg@20': tensor(0.0321), 'recall@20': tensor(0.0751), 'train_loss_0': tensor(0.6274, device='cuda:0')}
[2026-03-15 15:06:30] INFO training_time: 302.21791076660156
[2026-03-15 15:06:30] INFO inference_time: 4.037811517715454
[2026-03-15 15:06:30] INFO ndcg@20 improved. Best value: 0.0321
[2026-03-15 15:06:30] INFO Best model checkpoint saved in saved/MetaModel/noisy_10/2026-03-15-15-01-17-562578.ckpt.
[2026-03-15 15:07:35] INFO {'epoch': 5, 'beauty_10_ndcg@20': tensor(0.0356), 'beauty_10_recall@20': tensor(0.0847), 'ndcg@20': tensor(0.0356), 'recall@20': tensor(0.0847), 'train_loss_0': tensor(0.5746, device='cuda:0')}
[2026-03-15 15:07:35] INFO training_time: 366.410596370697
[2026-03-15 15:07:35] INFO inference_time: 4.8640336990356445
[2026-03-15 15:07:35] INFO ndcg@20 improved. Best value: 0.0356
[2026-03-15 15:07:35] INFO Best model checkpoint saved in saved/MetaModel/noisy_10/2026-03-15-15-01-17-562578.ckpt.
[2026-03-15 15:08:40] INFO {'epoch': 6, 'beauty_10_ndcg@20': tensor(0.0370), 'beauty_10_recall@20': tensor(0.0873), 'ndcg@20': tensor(0.0370), 'recall@20': tensor(0.0873), 'train_loss_0': tensor(0.5346, device='cuda:0')}
[2026-03-15 15:08:40] INFO training_time: 430.44525718688965
[2026-03-15 15:08:40] INFO inference_time: 5.590376377105713
[2026-03-15 15:08:40] INFO ndcg@20 improved. Best value: 0.0370
[2026-03-15 15:08:40] INFO Best model checkpoint saved in saved/MetaModel/noisy_10/2026-03-15-15-01-17-562578.ckpt.
[2026-03-15 15:09:45] INFO {'epoch': 7, 'beauty_10_ndcg@20': tensor(0.0380), 'beauty_10_recall@20': tensor(0.0897), 'ndcg@20': tensor(0.0380), 'recall@20': tensor(0.0897), 'train_loss_0': tensor(0.5028, device='cuda:0')}
[2026-03-15 15:09:45] INFO training_time: 494.2842936515808
[2026-03-15 15:09:45] INFO inference_time: 6.452285528182983
[2026-03-15 15:09:45] INFO ndcg@20 improved. Best value: 0.0380
[2026-03-15 15:09:45] INFO Best model checkpoint saved in saved/MetaModel/noisy_10/2026-03-15-15-01-17-562578.ckpt.
[2026-03-15 15:10:49] INFO {'epoch': 8, 'beauty_10_ndcg@20': tensor(0.0376), 'beauty_10_recall@20': tensor(0.0883), 'ndcg@20': tensor(0.0376), 'recall@20': tensor(0.0883), 'train_loss_0': tensor(0.4832, device='cuda:0')}
[2026-03-15 15:10:49] INFO training_time: 557.9723846912384
[2026-03-15 15:10:49] INFO inference_time: 7.241391897201538
[2026-03-15 15:11:54] INFO {'epoch': 9, 'beauty_10_ndcg@20': tensor(0.0392), 'beauty_10_recall@20': tensor(0.0917), 'ndcg@20': tensor(0.0392), 'recall@20': tensor(0.0917), 'train_loss_0': tensor(0.4646, device='cuda:0')}
[2026-03-15 15:11:54] INFO training_time: 621.8876922130585
[2026-03-15 15:11:54] INFO inference_time: 8.063868045806885
[2026-03-15 15:11:54] INFO ndcg@20 improved. Best value: 0.0392
[2026-03-15 15:11:54] INFO Best model checkpoint saved in saved/MetaModel/noisy_10/2026-03-15-15-01-17-562578.ckpt.
[2026-03-15 15:12:59] INFO {'epoch': 10, 'beauty_10_ndcg@20': tensor(0.0394), 'beauty_10_recall@20': tensor(0.0917), 'ndcg@20': tensor(0.0394), 'recall@20': tensor(0.0917), 'train_loss_0': tensor(0.4511, device='cuda:0')}
[2026-03-15 15:12:59] INFO training_time: 685.6005127429962
[2026-03-15 15:12:59] INFO inference_time: 8.882945775985718
[2026-03-15 15:12:59] INFO ndcg@20 improved. Best value: 0.0394
[2026-03-15 15:12:59] INFO Best model checkpoint saved in saved/MetaModel/noisy_10/2026-03-15-15-01-17-562578.ckpt.
[2026-03-15 15:14:28] INFO {'epoch': 11, 'beauty_10_ndcg@20': tensor(0.0407), 'beauty_10_recall@20': tensor(0.0949), 'ndcg@20': tensor(0.0407), 'recall@20': tensor(0.0949), 'train_loss_0': tensor(0.2251, device='cuda:0')}
[2026-03-15 15:14:28] INFO training_time: 774.5802268981934
[2026-03-15 15:14:28] INFO inference_time: 9.627153158187866
[2026-03-15 15:14:28] INFO ndcg@20 improved. Best value: 0.0407
[2026-03-15 15:14:28] INFO Best model checkpoint saved in saved/MetaModel/noisy_10/2026-03-15-15-01-17-562578.ckpt.
[2026-03-15 15:15:57] INFO {'epoch': 12, 'beauty_10_ndcg@20': tensor(0.0408), 'beauty_10_recall@20': tensor(0.0980), 'ndcg@20': tensor(0.0408), 'recall@20': tensor(0.0980), 'train_loss_0': tensor(0.2189, device='cuda:0')}
[2026-03-15 15:15:57] INFO training_time: 862.3574819564819
[2026-03-15 15:15:57] INFO inference_time: 10.472845792770386
[2026-03-15 15:15:57] INFO ndcg@20 improved. Best value: 0.0408
[2026-03-15 15:15:57] INFO Best model checkpoint saved in saved/MetaModel/noisy_10/2026-03-15-15-01-17-562578.ckpt.
[2026-03-15 15:17:28] INFO {'epoch': 13, 'beauty_10_ndcg@20': tensor(0.0408), 'beauty_10_recall@20': tensor(0.0963), 'ndcg@20': tensor(0.0408), 'recall@20': tensor(0.0963), 'train_loss_0': tensor(0.2166, device='cuda:0')}
[2026-03-15 15:17:28] INFO training_time: 952.2649207115173
[2026-03-15 15:17:28] INFO inference_time: 11.184385299682617
[2026-03-15 15:17:28] INFO ndcg@20 improved. Best value: 0.0408
[2026-03-15 15:17:28] INFO Best model checkpoint saved in saved/MetaModel/noisy_10/2026-03-15-15-01-17-562578.ckpt.
[2026-03-15 15:18:57] INFO {'epoch': 14, 'beauty_10_ndcg@20': tensor(0.0408), 'beauty_10_recall@20': tensor(0.0965), 'ndcg@20': tensor(0.0408), 'recall@20': tensor(0.0965), 'train_loss_0': tensor(0.2147, device='cuda:0')}
[2026-03-15 15:18:57] INFO training_time: 1040.503362417221
[2026-03-15 15:18:57] INFO inference_time: 11.93635630607605
[2026-03-15 15:18:57] INFO ndcg@20 improved. Best value: 0.0408
[2026-03-15 15:18:57] INFO Best model checkpoint saved in saved/MetaModel/noisy_10/2026-03-15-15-01-17-562578.ckpt.
[2026-03-15 15:20:28] INFO {'epoch': 15, 'beauty_10_ndcg@20': tensor(0.0412), 'beauty_10_recall@20': tensor(0.0973), 'ndcg@20': tensor(0.0412), 'recall@20': tensor(0.0973), 'train_loss_0': tensor(0.2133, device='cuda:0')}
[2026-03-15 15:20:28] INFO training_time: 1130.5133163928986
[2026-03-15 15:20:28] INFO inference_time: 12.66228723526001
[2026-03-15 15:20:28] INFO ndcg@20 improved. Best value: 0.0412
[2026-03-15 15:20:28] INFO Best model checkpoint saved in saved/MetaModel/noisy_10/2026-03-15-15-01-17-562578.ckpt.
[2026-03-15 15:21:57] INFO {'epoch': 16, 'beauty_10_ndcg@20': tensor(0.0422), 'beauty_10_recall@20': tensor(0.0988), 'ndcg@20': tensor(0.0422), 'recall@20': tensor(0.0988), 'train_loss_0': tensor(0.2110, device='cuda:0')}
[2026-03-15 15:21:57] INFO training_time: 1219.3358523845673
[2026-03-15 15:21:57] INFO inference_time: 13.260772705078125
[2026-03-15 15:21:57] INFO ndcg@20 improved. Best value: 0.0422
[2026-03-15 15:21:57] INFO Best model checkpoint saved in saved/MetaModel/noisy_10/2026-03-15-15-01-17-562578.ckpt.
[2026-03-15 15:23:28] INFO {'epoch': 17, 'beauty_10_ndcg@20': tensor(0.0410), 'beauty_10_recall@20': tensor(0.0967), 'ndcg@20': tensor(0.0410), 'recall@20': tensor(0.0967), 'train_loss_0': tensor(0.2116, device='cuda:0')}
[2026-03-15 15:23:28] INFO training_time: 1309.2862050533295
[2026-03-15 15:23:28] INFO inference_time: 14.164336681365967
[2026-03-15 15:24:57] INFO {'epoch': 18, 'beauty_10_ndcg@20': tensor(0.0428), 'beauty_10_recall@20': tensor(0.1008), 'ndcg@20': tensor(0.0428), 'recall@20': tensor(0.1008), 'train_loss_0': tensor(0.2087, device='cuda:0')}
[2026-03-15 15:24:57] INFO training_time: 1397.9997310638428
[2026-03-15 15:24:57] INFO inference_time: 14.94323182106018
[2026-03-15 15:24:57] INFO ndcg@20 improved. Best value: 0.0428
[2026-03-15 15:24:57] INFO Best model checkpoint saved in saved/MetaModel/noisy_10/2026-03-15-15-01-17-562578.ckpt.
[2026-03-15 15:26:28] INFO {'epoch': 19, 'beauty_10_ndcg@20': tensor(0.0429), 'beauty_10_recall@20': tensor(0.0998), 'ndcg@20': tensor(0.0429), 'recall@20': tensor(0.0998), 'train_loss_0': tensor(0.2088, device='cuda:0')}
[2026-03-15 15:26:28] INFO training_time: 1488.0347955226898
[2026-03-15 15:26:28] INFO inference_time: 15.539260625839233
[2026-03-15 15:26:28] INFO ndcg@20 improved. Best value: 0.0429
[2026-03-15 15:26:28] INFO Best model checkpoint saved in saved/MetaModel/noisy_10/2026-03-15-15-01-17-562578.ckpt.
[2026-03-15 15:27:58] INFO {'epoch': 20, 'beauty_10_ndcg@20': tensor(0.0424), 'beauty_10_recall@20': tensor(0.0992), 'ndcg@20': tensor(0.0424), 'recall@20': tensor(0.0992), 'train_loss_0': tensor(0.2058, device='cuda:0')}
[2026-03-15 15:27:58] INFO training_time: 1577.4006869792938
[2026-03-15 15:27:58] INFO inference_time: 16.537147045135498
[2026-03-15 15:29:29] INFO {'epoch': 21, 'beauty_10_ndcg@20': tensor(0.0425), 'beauty_10_recall@20': tensor(0.0987), 'ndcg@20': tensor(0.0425), 'recall@20': tensor(0.0987), 'train_loss_0': tensor(0.2049, device='cuda:0')}
[2026-03-15 15:29:29] INFO training_time: 1666.6921668052673
[2026-03-15 15:29:29] INFO inference_time: 17.41558003425598
[2026-03-15 15:30:58] INFO {'epoch': 22, 'beauty_10_ndcg@20': tensor(0.0420), 'beauty_10_recall@20': tensor(0.0988), 'ndcg@20': tensor(0.0420), 'recall@20': tensor(0.0988), 'train_loss_0': tensor(0.2053, device='cuda:0')}
[2026-03-15 15:30:58] INFO training_time: 1755.0316753387451
[2026-03-15 15:30:58] INFO inference_time: 18.08122682571411
[2026-03-15 15:32:28] INFO {'epoch': 23, 'beauty_10_ndcg@20': tensor(0.0427), 'beauty_10_recall@20': tensor(0.0997), 'ndcg@20': tensor(0.0427), 'recall@20': tensor(0.0997), 'train_loss_0': tensor(0.2019, device='cuda:0')}
[2026-03-15 15:32:28] INFO training_time: 1844.4292359352112
[2026-03-15 15:32:28] INFO inference_time: 18.7476065158844
[2026-03-15 15:33:57] INFO {'epoch': 24, 'beauty_10_ndcg@20': tensor(0.0438), 'beauty_10_recall@20': tensor(0.1022), 'ndcg@20': tensor(0.0438), 'recall@20': tensor(0.1022), 'train_loss_0': tensor(0.2007, device='cuda:0')}
[2026-03-15 15:33:57] INFO training_time: 1932.982090473175
[2026-03-15 15:33:57] INFO inference_time: 19.612451791763306
[2026-03-15 15:33:57] INFO ndcg@20 improved. Best value: 0.0438
[2026-03-15 15:33:57] INFO Best model checkpoint saved in saved/MetaModel/noisy_10/2026-03-15-15-01-17-562578.ckpt.
[2026-03-15 15:35:28] INFO {'epoch': 25, 'beauty_10_ndcg@20': tensor(0.0442), 'beauty_10_recall@20': tensor(0.1005), 'ndcg@20': tensor(0.0442), 'recall@20': tensor(0.1005), 'train_loss_0': tensor(0.1990, device='cuda:0')}
[2026-03-15 15:35:28] INFO training_time: 2023.4174993038177
[2026-03-15 15:35:28] INFO inference_time: 20.547060012817383
[2026-03-15 15:35:28] INFO ndcg@20 improved. Best value: 0.0442
[2026-03-15 15:35:28] INFO Best model checkpoint saved in saved/MetaModel/noisy_10/2026-03-15-15-01-17-562578.ckpt.
[2026-03-15 15:36:58] INFO {'epoch': 26, 'beauty_10_ndcg@20': tensor(0.0447), 'beauty_10_recall@20': tensor(0.1013), 'ndcg@20': tensor(0.0447), 'recall@20': tensor(0.1013), 'train_loss_0': tensor(0.1985, device='cuda:0')}
[2026-03-15 15:36:58] INFO training_time: 2111.954704284668
[2026-03-15 15:36:58] INFO inference_time: 21.3049578666687
[2026-03-15 15:36:58] INFO ndcg@20 improved. Best value: 0.0447
[2026-03-15 15:36:58] INFO Best model checkpoint saved in saved/MetaModel/noisy_10/2026-03-15-15-01-17-562578.ckpt.
[2026-03-15 15:38:29] INFO {'epoch': 27, 'beauty_10_ndcg@20': tensor(0.0440), 'beauty_10_recall@20': tensor(0.1007), 'ndcg@20': tensor(0.0440), 'recall@20': tensor(0.1007), 'train_loss_0': tensor(0.1957, device='cuda:0')}
[2026-03-15 15:38:29] INFO training_time: 2201.8874883651733
[2026-03-15 15:38:29] INFO inference_time: 22.088627338409424
[2026-03-15 15:39:58] INFO {'epoch': 28, 'beauty_10_ndcg@20': tensor(0.0437), 'beauty_10_recall@20': tensor(0.1006), 'ndcg@20': tensor(0.0437), 'recall@20': tensor(0.1006), 'train_loss_0': tensor(0.1957, device='cuda:0')}
[2026-03-15 15:39:58] INFO training_time: 2290.2966709136963
[2026-03-15 15:39:58] INFO inference_time: 22.827943086624146
[2026-03-15 15:41:28] INFO {'epoch': 29, 'beauty_10_ndcg@20': tensor(0.0436), 'beauty_10_recall@20': tensor(0.0995), 'ndcg@20': tensor(0.0436), 'recall@20': tensor(0.0995), 'train_loss_0': tensor(0.1941, device='cuda:0')}
[2026-03-15 15:41:28] INFO training_time: 2380.285897731781
[2026-03-15 15:41:28] INFO inference_time: 23.498470544815063
[2026-03-15 15:42:58] INFO {'epoch': 30, 'beauty_10_ndcg@20': tensor(0.0433), 'beauty_10_recall@20': tensor(0.1009), 'ndcg@20': tensor(0.0433), 'recall@20': tensor(0.1009), 'train_loss_0': tensor(0.1930, device='cuda:0')}
[2026-03-15 15:42:58] INFO training_time: 2469.1226501464844
[2026-03-15 15:42:58] INFO inference_time: 24.419547080993652
[2026-03-15 15:44:29] INFO {'epoch': 31, 'beauty_10_ndcg@20': tensor(0.0433), 'beauty_10_recall@20': tensor(0.1011), 'ndcg@20': tensor(0.0433), 'recall@20': tensor(0.1011), 'train_loss_0': tensor(0.1930, device='cuda:0')}
[2026-03-15 15:44:29] INFO training_time: 2559.047663450241
[2026-03-15 15:44:29] INFO inference_time: 25.241917848587036
[2026-03-15 15:45:58] INFO {'epoch': 32, 'beauty_10_ndcg@20': tensor(0.0448), 'beauty_10_recall@20': tensor(0.1024), 'ndcg@20': tensor(0.0448), 'recall@20': tensor(0.1024), 'train_loss_0': tensor(0.1901, device='cuda:0')}
[2026-03-15 15:45:58] INFO training_time: 2647.5048229694366
[2026-03-15 15:45:58] INFO inference_time: 25.962724924087524
[2026-03-15 15:45:58] INFO ndcg@20 improved. Best value: 0.0448
[2026-03-15 15:45:58] INFO Best model checkpoint saved in saved/MetaModel/noisy_10/2026-03-15-15-01-17-562578.ckpt.
[2026-03-15 15:47:29] INFO {'epoch': 33, 'beauty_10_ndcg@20': tensor(0.0440), 'beauty_10_recall@20': tensor(0.1000), 'ndcg@20': tensor(0.0440), 'recall@20': tensor(0.1000), 'train_loss_0': tensor(0.1899, device='cuda:0')}
[2026-03-15 15:47:29] INFO training_time: 2737.8412096500397
[2026-03-15 15:47:29] INFO inference_time: 26.8260281085968
[2026-03-15 15:48:59] INFO {'epoch': 34, 'beauty_10_ndcg@20': tensor(0.0436), 'beauty_10_recall@20': tensor(0.1004), 'ndcg@20': tensor(0.0436), 'recall@20': tensor(0.1004), 'train_loss_0': tensor(0.1895, device='cuda:0')}
[2026-03-15 15:48:59] INFO training_time: 2826.495801448822
[2026-03-15 15:48:59] INFO inference_time: 27.509610176086426
[2026-03-15 15:50:29] INFO {'epoch': 35, 'beauty_10_ndcg@20': tensor(0.0441), 'beauty_10_recall@20': tensor(0.1009), 'ndcg@20': tensor(0.0441), 'recall@20': tensor(0.1009), 'train_loss_0': tensor(0.1880, device='cuda:0')}
[2026-03-15 15:50:29] INFO training_time: 2916.0911841392517
[2026-03-15 15:50:29] INFO inference_time: 28.238354444503784
[2026-03-15 15:51:58] INFO {'epoch': 36, 'beauty_10_ndcg@20': tensor(0.0446), 'beauty_10_recall@20': tensor(0.1034), 'ndcg@20': tensor(0.0446), 'recall@20': tensor(0.1034), 'train_loss_0': tensor(0.1866, device='cuda:0')}
[2026-03-15 15:51:58] INFO training_time: 3004.1579689979553
[2026-03-15 15:51:58] INFO inference_time: 28.92092227935791
[2026-03-15 15:53:28] INFO {'epoch': 37, 'beauty_10_ndcg@20': tensor(0.0437), 'beauty_10_recall@20': tensor(0.1010), 'ndcg@20': tensor(0.0437), 'recall@20': tensor(0.1010), 'train_loss_0': tensor(0.1854, device='cuda:0')}
[2026-03-15 15:53:28] INFO training_time: 3093.775938987732
[2026-03-15 15:53:28] INFO inference_time: 29.664334774017334
[2026-03-15 15:54:58] INFO {'epoch': 38, 'beauty_10_ndcg@20': tensor(0.0443), 'beauty_10_recall@20': tensor(0.1004), 'ndcg@20': tensor(0.0443), 'recall@20': tensor(0.1004), 'train_loss_0': tensor(0.1846, device='cuda:0')}
[2026-03-15 15:54:58] INFO training_time: 3182.4577560424805
[2026-03-15 15:54:58] INFO inference_time: 30.377792596817017
[2026-03-15 15:56:22] INFO {'epoch': 39, 'beauty_10_ndcg@20': tensor(0.0436), 'beauty_10_recall@20': tensor(0.1021), 'ndcg@20': tensor(0.0436), 'recall@20': tensor(0.1021), 'train_loss_0': tensor(0.1838, device='cuda:0')}
[2026-03-15 15:56:22] INFO training_time: 3266.656805038452
[2026-03-15 15:56:22] INFO inference_time: 31.067527532577515
[2026-03-15 15:57:40] INFO {'epoch': 40, 'beauty_10_ndcg@20': tensor(0.0444), 'beauty_10_recall@20': tensor(0.1012), 'ndcg@20': tensor(0.0444), 'recall@20': tensor(0.1012), 'train_loss_0': tensor(0.1822, device='cuda:0')}
[2026-03-15 15:57:40] INFO training_time: 3343.204391479492
[2026-03-15 15:57:40] INFO inference_time: 31.997207403182983
[2026-03-15 15:58:59] INFO {'epoch': 41, 'beauty_10_ndcg@20': tensor(0.0443), 'beauty_10_recall@20': tensor(0.1005), 'ndcg@20': tensor(0.0443), 'recall@20': tensor(0.1005), 'train_loss_0': tensor(0.1813, device='cuda:0')}
[2026-03-15 15:58:59] INFO training_time: 3421.733432531357
[2026-03-15 15:58:59] INFO inference_time: 32.84456706047058
[2026-03-15 16:00:17] INFO {'epoch': 42, 'beauty_10_ndcg@20': tensor(0.0449), 'beauty_10_recall@20': tensor(0.1025), 'ndcg@20': tensor(0.0449), 'recall@20': tensor(0.1025), 'train_loss_0': tensor(0.1812, device='cuda:0')}
[2026-03-15 16:00:17] INFO training_time: 3498.863221645355
[2026-03-15 16:00:17] INFO inference_time: 33.59347581863403
[2026-03-15 16:00:17] INFO ndcg@20 improved. Best value: 0.0449
[2026-03-15 16:00:17] INFO Best model checkpoint saved in saved/MetaModel/noisy_10/2026-03-15-15-01-17-562578.ckpt.
[2026-03-15 16:01:36] INFO {'epoch': 43, 'beauty_10_ndcg@20': tensor(0.0461), 'beauty_10_recall@20': tensor(0.1043), 'ndcg@20': tensor(0.0461), 'recall@20': tensor(0.1043), 'train_loss_0': tensor(0.1803, device='cuda:0')}
[2026-03-15 16:01:36] INFO training_time: 3576.9155628681183
[2026-03-15 16:01:36] INFO inference_time: 34.1736204624176
[2026-03-15 16:01:36] INFO ndcg@20 improved. Best value: 0.0461
[2026-03-15 16:01:36] INFO Best model checkpoint saved in saved/MetaModel/noisy_10/2026-03-15-15-01-17-562578.ckpt.
[2026-03-15 16:02:54] INFO {'epoch': 44, 'beauty_10_ndcg@20': tensor(0.0453), 'beauty_10_recall@20': tensor(0.1041), 'ndcg@20': tensor(0.0453), 'recall@20': tensor(0.1041), 'train_loss_0': tensor(0.1795, device='cuda:0')}
[2026-03-15 16:02:54] INFO training_time: 3654.5092825889587
[2026-03-15 16:02:54] INFO inference_time: 34.86730766296387
[2026-03-15 16:04:13] INFO {'epoch': 45, 'beauty_10_ndcg@20': tensor(0.0454), 'beauty_10_recall@20': tensor(0.1044), 'ndcg@20': tensor(0.0454), 'recall@20': tensor(0.1044), 'train_loss_0': tensor(0.1789, device='cuda:0')}
[2026-03-15 16:04:13] INFO training_time: 3733.036617040634
[2026-03-15 16:04:13] INFO inference_time: 35.54846787452698
[2026-03-15 16:05:31] INFO {'epoch': 46, 'beauty_10_ndcg@20': tensor(0.0438), 'beauty_10_recall@20': tensor(0.1024), 'ndcg@20': tensor(0.0438), 'recall@20': tensor(0.1024), 'train_loss_0': tensor(0.1780, device='cuda:0')}
[2026-03-15 16:05:31] INFO training_time: 3810.091284275055
[2026-03-15 16:05:31] INFO inference_time: 36.3230345249176
[2026-03-15 16:06:50] INFO {'epoch': 47, 'beauty_10_ndcg@20': tensor(0.0448), 'beauty_10_recall@20': tensor(0.1016), 'ndcg@20': tensor(0.0448), 'recall@20': tensor(0.1016), 'train_loss_0': tensor(0.1786, device='cuda:0')}
[2026-03-15 16:06:50] INFO training_time: 3888.3112618923187
[2026-03-15 16:06:50] INFO inference_time: 37.06236958503723
[2026-03-15 16:08:08] INFO {'epoch': 48, 'beauty_10_ndcg@20': tensor(0.0440), 'beauty_10_recall@20': tensor(0.1031), 'ndcg@20': tensor(0.0440), 'recall@20': tensor(0.1031), 'train_loss_0': tensor(0.1773, device='cuda:0')}
[2026-03-15 16:08:08] INFO training_time: 3965.5160217285156
[2026-03-15 16:08:08] INFO inference_time: 37.854594707489014
[2026-03-15 16:09:19] INFO {'epoch': 49, 'beauty_10_ndcg@20': tensor(0.0441), 'beauty_10_recall@20': tensor(0.1022), 'ndcg@20': tensor(0.0441), 'recall@20': tensor(0.1022), 'train_loss_0': tensor(0.1754, device='cuda:0')}
[2026-03-15 16:09:19] INFO training_time: 4035.694765806198
[2026-03-15 16:09:19] INFO inference_time: 38.465296506881714
[2026-03-15 16:10:26] INFO {'epoch': 50, 'beauty_10_ndcg@20': tensor(0.0454), 'beauty_10_recall@20': tensor(0.1054), 'ndcg@20': tensor(0.0454), 'recall@20': tensor(0.1054), 'train_loss_0': tensor(0.1757, device='cuda:0')}
[2026-03-15 16:10:26] INFO training_time: 4101.512485980988
[2026-03-15 16:10:26] INFO inference_time: 39.28793907165527
[2026-03-15 16:11:33] INFO {'epoch': 51, 'beauty_10_ndcg@20': tensor(0.0450), 'beauty_10_recall@20': tensor(0.1048), 'ndcg@20': tensor(0.0450), 'recall@20': tensor(0.1048), 'train_loss_0': tensor(0.1749, device='cuda:0')}
[2026-03-15 16:11:33] INFO training_time: 4167.914706468582
[2026-03-15 16:11:33] INFO inference_time: 39.954020977020264
[2026-03-15 16:12:29] INFO {'epoch': 52, 'beauty_10_ndcg@20': tensor(0.0439), 'beauty_10_recall@20': tensor(0.1041), 'ndcg@20': tensor(0.0439), 'recall@20': tensor(0.1041), 'train_loss_0': tensor(0.1745, device='cuda:0')}
[2026-03-15 16:12:29] INFO training_time: 4223.063443899155
[2026-03-15 16:12:29] INFO inference_time: 40.70638680458069
[2026-03-15 16:13:25] INFO {'epoch': 53, 'beauty_10_ndcg@20': tensor(0.0438), 'beauty_10_recall@20': tensor(0.1020), 'ndcg@20': tensor(0.0438), 'recall@20': tensor(0.1020), 'train_loss_0': tensor(0.1738, device='cuda:0')}
[2026-03-15 16:13:25] INFO training_time: 4279.073127031326
[2026-03-15 16:13:25] INFO inference_time: 41.42377185821533
[2026-03-15 16:14:21] INFO {'epoch': 54, 'beauty_10_ndcg@20': tensor(0.0449), 'beauty_10_recall@20': tensor(0.1052), 'ndcg@20': tensor(0.0449), 'recall@20': tensor(0.1052), 'train_loss_0': tensor(0.1740, device='cuda:0')}
[2026-03-15 16:14:21] INFO training_time: 4333.5956127643585
[2026-03-15 16:14:21] INFO inference_time: 42.2218017578125
[2026-03-15 16:15:17] INFO {'epoch': 55, 'beauty_10_ndcg@20': tensor(0.0444), 'beauty_10_recall@20': tensor(0.1037), 'ndcg@20': tensor(0.0444), 'recall@20': tensor(0.1037), 'train_loss_0': tensor(0.1710, device='cuda:0')}
[2026-03-15 16:15:17] INFO training_time: 4389.060499191284
[2026-03-15 16:15:17] INFO inference_time: 42.867305755615234
[2026-03-15 16:16:12] INFO {'epoch': 56, 'beauty_10_ndcg@20': tensor(0.0451), 'beauty_10_recall@20': tensor(0.1037), 'ndcg@20': tensor(0.0451), 'recall@20': tensor(0.1037), 'train_loss_0': tensor(0.1727, device='cuda:0')}
[2026-03-15 16:16:12] INFO training_time: 4443.722213745117
[2026-03-15 16:16:12] INFO inference_time: 43.51359558105469
[2026-03-15 16:17:08] INFO {'epoch': 57, 'beauty_10_ndcg@20': tensor(0.0467), 'beauty_10_recall@20': tensor(0.1071), 'ndcg@20': tensor(0.0467), 'recall@20': tensor(0.1071), 'train_loss_0': tensor(0.1718, device='cuda:0')}
[2026-03-15 16:17:08] INFO training_time: 4498.874689340591
[2026-03-15 16:17:08] INFO inference_time: 44.315452098846436
[2026-03-15 16:17:08] INFO ndcg@20 improved. Best value: 0.0467
[2026-03-15 16:17:08] INFO Best model checkpoint saved in saved/MetaModel/noisy_10/2026-03-15-15-01-17-562578.ckpt.
[2026-03-15 16:18:03] INFO {'epoch': 58, 'beauty_10_ndcg@20': tensor(0.0440), 'beauty_10_recall@20': tensor(0.1046), 'ndcg@20': tensor(0.0440), 'recall@20': tensor(0.1046), 'train_loss_0': tensor(0.1720, device='cuda:0')}
[2026-03-15 16:18:03] INFO training_time: 4553.4524981975555
[2026-03-15 16:18:03] INFO inference_time: 45.05941390991211
[2026-03-15 16:19:00] INFO {'epoch': 59, 'beauty_10_ndcg@20': tensor(0.0453), 'beauty_10_recall@20': tensor(0.1048), 'ndcg@20': tensor(0.0453), 'recall@20': tensor(0.1048), 'train_loss_0': tensor(0.1718, device='cuda:0')}
[2026-03-15 16:19:00] INFO training_time: 4609.162271499634
[2026-03-15 16:19:00] INFO inference_time: 45.72562861442566
[2026-03-15 16:19:55] INFO {'epoch': 60, 'beauty_10_ndcg@20': tensor(0.0456), 'beauty_10_recall@20': tensor(0.1033), 'ndcg@20': tensor(0.0456), 'recall@20': tensor(0.1033), 'train_loss_0': tensor(0.1705, device='cuda:0')}
[2026-03-15 16:19:55] INFO training_time: 4663.611922740936
[2026-03-15 16:19:55] INFO inference_time: 46.6422643661499
[2026-03-15 16:20:51] INFO {'epoch': 61, 'beauty_10_ndcg@20': tensor(0.0449), 'beauty_10_recall@20': tensor(0.1035), 'ndcg@20': tensor(0.0449), 'recall@20': tensor(0.1035), 'train_loss_0': tensor(0.1689, device='cuda:0')}
[2026-03-15 16:20:51] INFO training_time: 4718.429635286331
[2026-03-15 16:20:51] INFO inference_time: 47.36062002182007
[2026-03-15 16:21:46] INFO {'epoch': 62, 'beauty_10_ndcg@20': tensor(0.0453), 'beauty_10_recall@20': tensor(0.1028), 'ndcg@20': tensor(0.0453), 'recall@20': tensor(0.1028), 'train_loss_0': tensor(0.1696, device='cuda:0')}
[2026-03-15 16:21:46] INFO training_time: 4773.185766220093
[2026-03-15 16:21:46] INFO inference_time: 48.091474294662476
[2026-03-15 16:22:42] INFO {'epoch': 63, 'beauty_10_ndcg@20': tensor(0.0457), 'beauty_10_recall@20': tensor(0.1033), 'ndcg@20': tensor(0.0457), 'recall@20': tensor(0.1033), 'train_loss_0': tensor(0.1682, device='cuda:0')}
[2026-03-15 16:22:42] INFO training_time: 4828.94760799408
[2026-03-15 16:22:42] INFO inference_time: 48.64344120025635
[2026-03-15 16:23:38] INFO {'epoch': 64, 'beauty_10_ndcg@20': tensor(0.0459), 'beauty_10_recall@20': tensor(0.1049), 'ndcg@20': tensor(0.0459), 'recall@20': tensor(0.1049), 'train_loss_0': tensor(0.1697, device='cuda:0')}
[2026-03-15 16:23:38] INFO training_time: 4884.011164188385
[2026-03-15 16:23:38] INFO inference_time: 49.404120206832886
[2026-03-15 16:24:34] INFO {'epoch': 65, 'beauty_10_ndcg@20': tensor(0.0440), 'beauty_10_recall@20': tensor(0.1015), 'ndcg@20': tensor(0.0440), 'recall@20': tensor(0.1015), 'train_loss_0': tensor(0.1679, device='cuda:0')}
[2026-03-15 16:24:34] INFO training_time: 4939.437570333481
[2026-03-15 16:24:34] INFO inference_time: 49.998544692993164
[2026-03-15 16:25:30] INFO {'epoch': 66, 'beauty_10_ndcg@20': tensor(0.0449), 'beauty_10_recall@20': tensor(0.1035), 'ndcg@20': tensor(0.0449), 'recall@20': tensor(0.1035), 'train_loss_0': tensor(0.1682, device='cuda:0')}
[2026-03-15 16:25:30] INFO training_time: 4994.53076505661
[2026-03-15 16:25:30] INFO inference_time: 50.676990270614624
[2026-03-15 16:26:27] INFO {'epoch': 67, 'beauty_10_ndcg@20': tensor(0.0452), 'beauty_10_recall@20': tensor(0.1045), 'ndcg@20': tensor(0.0452), 'recall@20': tensor(0.1045), 'train_loss_0': tensor(0.1669, device='cuda:0')}
[2026-03-15 16:26:27] INFO training_time: 5050.461862325668
[2026-03-15 16:26:27] INFO inference_time: 51.34336614608765
[2026-03-15 16:27:22] INFO {'epoch': 68, 'beauty_10_ndcg@20': tensor(0.0459), 'beauty_10_recall@20': tensor(0.1059), 'ndcg@20': tensor(0.0459), 'recall@20': tensor(0.1059), 'train_loss_0': tensor(0.1664, device='cuda:0')}
[2026-03-15 16:27:22] INFO training_time: 5105.016208410263
[2026-03-15 16:27:22] INFO inference_time: 52.02194666862488
[2026-03-15 16:28:18] INFO {'epoch': 69, 'beauty_10_ndcg@20': tensor(0.0466), 'beauty_10_recall@20': tensor(0.1059), 'ndcg@20': tensor(0.0466), 'recall@20': tensor(0.1059), 'train_loss_0': tensor(0.1676, device='cuda:0')}
[2026-03-15 16:28:18] INFO training_time: 5160.443163633347
[2026-03-15 16:28:18] INFO inference_time: 52.709604024887085
[2026-03-15 16:29:14] INFO {'epoch': 70, 'beauty_10_ndcg@20': tensor(0.0462), 'beauty_10_recall@20': tensor(0.1057), 'ndcg@20': tensor(0.0462), 'recall@20': tensor(0.1057), 'train_loss_0': tensor(0.1663, device='cuda:0')}
[2026-03-15 16:29:14] INFO training_time: 5215.295486450195
[2026-03-15 16:29:14] INFO inference_time: 53.569841384887695
[2026-03-15 16:30:10] INFO {'epoch': 71, 'beauty_10_ndcg@20': tensor(0.0458), 'beauty_10_recall@20': tensor(0.1057), 'ndcg@20': tensor(0.0458), 'recall@20': tensor(0.1057), 'train_loss_0': tensor(0.1653, device='cuda:0')}
[2026-03-15 16:30:10] INFO training_time: 5270.912872314453
[2026-03-15 16:30:10] INFO inference_time: 54.20109176635742
[2026-03-15 16:30:58] INFO {'epoch': 72, 'beauty_10_ndcg@20': tensor(0.0460), 'beauty_10_recall@20': tensor(0.1037), 'ndcg@20': tensor(0.0460), 'recall@20': tensor(0.1037), 'train_loss_0': tensor(0.1656, device='cuda:0')}
[2026-03-15 16:30:58] INFO training_time: 5317.997700691223
[2026-03-15 16:30:58] INFO inference_time: 54.883179664611816
[2026-03-15 16:31:44] INFO {'epoch': 73, 'beauty_10_ndcg@20': tensor(0.0460), 'beauty_10_recall@20': tensor(0.1045), 'ndcg@20': tensor(0.0460), 'recall@20': tensor(0.1045), 'train_loss_0': tensor(0.1648, device='cuda:0')}
[2026-03-15 16:31:44] INFO training_time: 5363.324280738831
[2026-03-15 16:31:44] INFO inference_time: 55.40291500091553
[2026-03-15 16:32:29] INFO {'epoch': 74, 'beauty_10_ndcg@20': tensor(0.0449), 'beauty_10_recall@20': tensor(0.1027), 'ndcg@20': tensor(0.0449), 'recall@20': tensor(0.1027), 'train_loss_0': tensor(0.1644, device='cuda:0')}
[2026-03-15 16:32:29] INFO training_time: 5407.607224225998
[2026-03-15 16:32:29] INFO inference_time: 56.171915769577026
[2026-03-15 16:33:05] INFO {'epoch': 75, 'beauty_10_ndcg@20': tensor(0.0459), 'beauty_10_recall@20': tensor(0.1047), 'ndcg@20': tensor(0.0459), 'recall@20': tensor(0.1047), 'train_loss_0': tensor(0.1635, device='cuda:0')}
[2026-03-15 16:33:05] INFO training_time: 5442.758168935776
[2026-03-15 16:33:05] INFO inference_time: 56.88328266143799
[2026-03-15 16:33:40] INFO {'epoch': 76, 'beauty_10_ndcg@20': tensor(0.0454), 'beauty_10_recall@20': tensor(0.1041), 'ndcg@20': tensor(0.0454), 'recall@20': tensor(0.1041), 'train_loss_0': tensor(0.1654, device='cuda:0')}
[2026-03-15 16:33:40] INFO training_time: 5477.632642030716
[2026-03-15 16:33:40] INFO inference_time: 57.66849756240845
[2026-03-15 16:34:16] INFO {'epoch': 77, 'beauty_10_ndcg@20': tensor(0.0444), 'beauty_10_recall@20': tensor(0.1049), 'ndcg@20': tensor(0.0444), 'recall@20': tensor(0.1049), 'train_loss_0': tensor(0.1640, device='cuda:0')}
[2026-03-15 16:34:16] INFO training_time: 5513.080471754074
[2026-03-15 16:34:16] INFO inference_time: 58.32995939254761
[2026-03-15 16:34:16] INFO Early stopped. Since the metric ndcg@20 haven't been improved for 20 epochs.
[2026-03-15 16:34:16] INFO The best score of ndcg@20 is 0.0467 on epoch 57
[2026-03-15 16:34:16] INFO Best model checkpoint saved in saved/MetaModel/noisy_10/2026-03-15-15-01-17-562578.ckpt.
[2026-03-15 16:34:17] INFO defaultdict(<class 'float'>, {'beauty_10_ndcg@20': tensor(0.0356), 'beauty_10_recall@20': tensor(0.0834), 'beauty_10_ndcg@10': tensor(0.0285), 'beauty_10_recall@10': tensor(0.0552), 'ndcg@20': tensor(0.0356), 'recall@20': tensor(0.0834), 'ndcg@10': tensor(0.0285), 'recall@10': tensor(0.0552)})
