[2026-03-15 15:00:27] INFO PID of this process: 613221
[2026-03-15 15:00:36] INFO {'model': {'embed_dim': 64, 'loss_fn': 'bce', 'sub_model': 'SASRec', 'hidden_size': 128, 'layer_num': 2, 'head_num': 2, 'dropout_rate': 0.5, 'activation': 'gelu', 'tau_min': 1, 'layer_norm_eps': 1e-12, 'model': 'MetaModel'}, 'data': {'domain_name_list': ['sport_10'], 'user_threshold': 5, 'item_threshold': 5, 'max_seq_len': 50, 'dataset_class': 'general', 'train_file': '_regen', 'dataset': 'noisy_10'}, 'train': {'batch_size': 256, 'early_stop_mode': 'max', 'early_stop_patience': 20, 'epochs': 1000, 'device': 'cuda', 'optimizer': 'adam', 'learning_rate': 0.001, 'weight_decay': 0, 'num_neg': 1, 'seed': 2025, 'interval': 30, 'meta_optimizer': 'sgd', 'meta_learning_rate': 0.001, 'hpo_learning_rate': 0.001, 'meta_weight_decay': 0.001, 'descent_step': 30, 'warmup_epoch': 10}, 'eval': {'batch_size': 2048, 'cutoff': [20, 10], 'val_metrics': ['ndcg', 'recall'], 'test_metrics': ['ndcg', 'recall'], 'topk': 100, 'save_path': './saved/'}}
[2026-03-15 15:00:36] INFO <data.dataset.SeparateDataset object at 0x7ff756ac21f0>
[2026-03-15 15:00:36] INFO save_dir:saved
[2026-03-15 15:00:36] INFO {'model': {'embed_dim': 64, 'loss_fn': 'bce', 'hidden_size': 128, 'layer_num': 2, 'head_num': 2, 'dropout_rate': 0.5, 'activation': 'gelu', 'layer_norm_eps': 1e-12, 'model': 'SASRec'}, 'data': {'domain_name_list': ['sport_10'], 'user_threshold': 5, 'item_threshold': 5, 'max_seq_len': 50, 'dataset_class': 'general', 'train_file': '_regen', 'dataset': 'noisy_10'}, 'train': {'batch_size': 256, 'early_stop_mode': 'max', 'early_stop_patience': 20, 'epochs': 1000, 'device': 0, 'optimizer': 'adam', 'learning_rate': 0.001, 'weight_decay': 0, 'num_neg': 1, 'seed': 2025}, 'eval': {'batch_size': 2048, 'cutoff': [20, 10], 'val_metrics': ['ndcg', 'recall'], 'test_metrics': ['ndcg', 'recall'], 'topk': 100, 'save_path': './saved/'}}
[2026-03-15 15:00:36] INFO MetaModel(
  (item_embedding): Embedding(18358, 64, padding_idx=0)
  (sub_model): SASRec(
    (item_embedding): Embedding(18358, 64, padding_idx=0)
    (query_encoder): SASRecQueryEncoder(
      (item_encoder): Embedding(18358, 64, padding_idx=0)
      (position_emb): Embedding(50, 64)
      (transformer_layer): TransformerEncoder(
        (layers): ModuleList(
          (0): TransformerEncoderLayer(
            (self_attn): MultiheadAttention(
              (out_proj): NonDynamicallyQuantizableLinear(in_features=64, out_features=64, bias=True)
            )
            (linear1): Linear(in_features=64, out_features=128, bias=True)
            (dropout): Dropout(p=0.5, inplace=False)
            (linear2): Linear(in_features=128, out_features=64, bias=True)
            (norm1): LayerNorm((64,), eps=1e-12, elementwise_affine=True)
            (norm2): LayerNorm((64,), eps=1e-12, elementwise_affine=True)
            (dropout1): Dropout(p=0.5, inplace=False)
            (dropout2): Dropout(p=0.5, inplace=False)
          )
          (1): TransformerEncoderLayer(
            (self_attn): MultiheadAttention(
              (out_proj): NonDynamicallyQuantizableLinear(in_features=64, out_features=64, bias=True)
            )
            (linear1): Linear(in_features=64, out_features=128, bias=True)
            (dropout): Dropout(p=0.5, inplace=False)
            (linear2): Linear(in_features=128, out_features=64, bias=True)
            (norm1): LayerNorm((64,), eps=1e-12, elementwise_affine=True)
            (norm2): LayerNorm((64,), eps=1e-12, elementwise_affine=True)
            (dropout1): Dropout(p=0.5, inplace=False)
            (dropout2): Dropout(p=0.5, inplace=False)
          )
        )
      )
      (dropout): Dropout(p=0.5, inplace=False)
      (training_pooling_layer): SeqPoolingLayer()
      (eval_pooling_layer): SeqPoolingLayer()
    )
    (loss_fn): BinaryCrossEntropyLoss()
  )
  (meta_module): Sequential(
    (0): Linear(in_features=64, out_features=64, bias=True)
    (1): ReLU()
    (2): Linear(in_features=64, out_features=2, bias=True)
  )
)
[2026-03-15 15:02:00] INFO {'epoch': 0, 'sport_10_ndcg@20': tensor(0.0105), 'sport_10_recall@20': tensor(0.0258), 'ndcg@20': tensor(0.0105), 'recall@20': tensor(0.0258), 'train_loss_0': tensor(1.2032, device='cuda:0')}
[2026-03-15 15:02:00] INFO training_time: 82.73598337173462
[2026-03-15 15:02:00] INFO inference_time: 1.3212840557098389
[2026-03-15 15:02:00] INFO ndcg@20 improved. Best value: 0.0105
[2026-03-15 15:02:00] INFO Best model checkpoint saved in saved/MetaModel/noisy_10/2026-03-15-15-00-27-782804.ckpt.
[2026-03-15 15:03:23] INFO {'epoch': 1, 'sport_10_ndcg@20': tensor(0.0145), 'sport_10_recall@20': tensor(0.0362), 'ndcg@20': tensor(0.0145), 'recall@20': tensor(0.0362), 'train_loss_0': tensor(1.0345, device='cuda:0')}
[2026-03-15 15:03:23] INFO training_time: 163.72691226005554
[2026-03-15 15:03:23] INFO inference_time: 2.782729148864746
[2026-03-15 15:03:23] INFO ndcg@20 improved. Best value: 0.0145
[2026-03-15 15:03:23] INFO Best model checkpoint saved in saved/MetaModel/noisy_10/2026-03-15-15-00-27-782804.ckpt.
[2026-03-15 15:04:45] INFO {'epoch': 2, 'sport_10_ndcg@20': tensor(0.0193), 'sport_10_recall@20': tensor(0.0463), 'ndcg@20': tensor(0.0193), 'recall@20': tensor(0.0463), 'train_loss_0': tensor(0.8939, device='cuda:0')}
[2026-03-15 15:04:45] INFO training_time: 244.7941222190857
[2026-03-15 15:04:45] INFO inference_time: 3.883859872817993
[2026-03-15 15:04:45] INFO ndcg@20 improved. Best value: 0.0193
[2026-03-15 15:04:45] INFO Best model checkpoint saved in saved/MetaModel/noisy_10/2026-03-15-15-00-27-782804.ckpt.
[2026-03-15 15:06:08] INFO {'epoch': 3, 'sport_10_ndcg@20': tensor(0.0201), 'sport_10_recall@20': tensor(0.0475), 'ndcg@20': tensor(0.0201), 'recall@20': tensor(0.0475), 'train_loss_0': tensor(0.7911, device='cuda:0')}
[2026-03-15 15:06:08] INFO training_time: 326.01944971084595
[2026-03-15 15:06:08] INFO inference_time: 5.160991907119751
[2026-03-15 15:06:08] INFO ndcg@20 improved. Best value: 0.0201
[2026-03-15 15:06:08] INFO Best model checkpoint saved in saved/MetaModel/noisy_10/2026-03-15-15-00-27-782804.ckpt.
[2026-03-15 15:07:30] INFO {'epoch': 4, 'sport_10_ndcg@20': tensor(0.0207), 'sport_10_recall@20': tensor(0.0494), 'ndcg@20': tensor(0.0207), 'recall@20': tensor(0.0494), 'train_loss_0': tensor(0.7170, device='cuda:0')}
[2026-03-15 15:07:30] INFO training_time: 407.63882207870483
[2026-03-15 15:07:30] INFO inference_time: 6.217027902603149
[2026-03-15 15:07:30] INFO ndcg@20 improved. Best value: 0.0207
[2026-03-15 15:07:30] INFO Best model checkpoint saved in saved/MetaModel/noisy_10/2026-03-15-15-00-27-782804.ckpt.
[2026-03-15 15:08:52] INFO {'epoch': 5, 'sport_10_ndcg@20': tensor(0.0215), 'sport_10_recall@20': tensor(0.0510), 'ndcg@20': tensor(0.0215), 'recall@20': tensor(0.0510), 'train_loss_0': tensor(0.6623, device='cuda:0')}
[2026-03-15 15:08:52] INFO training_time: 488.4246048927307
[2026-03-15 15:08:52] INFO inference_time: 7.357363700866699
[2026-03-15 15:08:52] INFO ndcg@20 improved. Best value: 0.0215
[2026-03-15 15:08:52] INFO Best model checkpoint saved in saved/MetaModel/noisy_10/2026-03-15-15-00-27-782804.ckpt.
[2026-03-15 15:10:14] INFO {'epoch': 6, 'sport_10_ndcg@20': tensor(0.0219), 'sport_10_recall@20': tensor(0.0510), 'ndcg@20': tensor(0.0219), 'recall@20': tensor(0.0510), 'train_loss_0': tensor(0.6217, device='cuda:0')}
[2026-03-15 15:10:14] INFO training_time: 568.8718800544739
[2026-03-15 15:10:14] INFO inference_time: 8.75562047958374
[2026-03-15 15:10:14] INFO ndcg@20 improved. Best value: 0.0219
[2026-03-15 15:10:14] INFO Best model checkpoint saved in saved/MetaModel/noisy_10/2026-03-15-15-00-27-782804.ckpt.
[2026-03-15 15:11:36] INFO {'epoch': 7, 'sport_10_ndcg@20': tensor(0.0214), 'sport_10_recall@20': tensor(0.0505), 'ndcg@20': tensor(0.0214), 'recall@20': tensor(0.0505), 'train_loss_0': tensor(0.5885, device='cuda:0')}
[2026-03-15 15:11:36] INFO training_time: 649.5930078029633
[2026-03-15 15:11:36] INFO inference_time: 9.707378387451172
[2026-03-15 15:12:57] INFO {'epoch': 8, 'sport_10_ndcg@20': tensor(0.0224), 'sport_10_recall@20': tensor(0.0518), 'ndcg@20': tensor(0.0224), 'recall@20': tensor(0.0518), 'train_loss_0': tensor(0.5676, device='cuda:0')}
[2026-03-15 15:12:57] INFO training_time: 729.7994542121887
[2026-03-15 15:12:57] INFO inference_time: 10.805407762527466
[2026-03-15 15:12:57] INFO ndcg@20 improved. Best value: 0.0224
[2026-03-15 15:12:57] INFO Best model checkpoint saved in saved/MetaModel/noisy_10/2026-03-15-15-00-27-782804.ckpt.
[2026-03-15 15:14:19] INFO {'epoch': 9, 'sport_10_ndcg@20': tensor(0.0225), 'sport_10_recall@20': tensor(0.0518), 'ndcg@20': tensor(0.0225), 'recall@20': tensor(0.0518), 'train_loss_0': tensor(0.5474, device='cuda:0')}
[2026-03-15 15:14:19] INFO training_time: 809.9594459533691
[2026-03-15 15:14:19] INFO inference_time: 11.95443606376648
[2026-03-15 15:14:19] INFO ndcg@20 improved. Best value: 0.0225
[2026-03-15 15:14:19] INFO Best model checkpoint saved in saved/MetaModel/noisy_10/2026-03-15-15-00-27-782804.ckpt.
[2026-03-15 15:15:40] INFO {'epoch': 10, 'sport_10_ndcg@20': tensor(0.0233), 'sport_10_recall@20': tensor(0.0537), 'ndcg@20': tensor(0.0233), 'recall@20': tensor(0.0537), 'train_loss_0': tensor(0.5334, device='cuda:0')}
[2026-03-15 15:15:40] INFO training_time: 889.8059170246124
[2026-03-15 15:15:40] INFO inference_time: 13.431330680847168
[2026-03-15 15:15:40] INFO ndcg@20 improved. Best value: 0.0233
[2026-03-15 15:15:40] INFO Best model checkpoint saved in saved/MetaModel/noisy_10/2026-03-15-15-00-27-782804.ckpt.
[2026-03-15 15:17:33] INFO {'epoch': 11, 'sport_10_ndcg@20': tensor(0.0242), 'sport_10_recall@20': tensor(0.0561), 'ndcg@20': tensor(0.0242), 'recall@20': tensor(0.0561), 'train_loss_0': tensor(0.2587, device='cuda:0')}
[2026-03-15 15:17:33] INFO training_time: 1001.5958051681519
[2026-03-15 15:17:33] INFO inference_time: 14.497609376907349
[2026-03-15 15:17:33] INFO ndcg@20 improved. Best value: 0.0242
[2026-03-15 15:17:33] INFO Best model checkpoint saved in saved/MetaModel/noisy_10/2026-03-15-15-00-27-782804.ckpt.
[2026-03-15 15:19:27] INFO {'epoch': 12, 'sport_10_ndcg@20': tensor(0.0244), 'sport_10_recall@20': tensor(0.0562), 'ndcg@20': tensor(0.0244), 'recall@20': tensor(0.0562), 'train_loss_0': tensor(0.2516, device='cuda:0')}
[2026-03-15 15:19:27] INFO training_time: 1115.123343706131
[2026-03-15 15:19:27] INFO inference_time: 15.611031770706177
[2026-03-15 15:19:27] INFO ndcg@20 improved. Best value: 0.0244
[2026-03-15 15:19:27] INFO Best model checkpoint saved in saved/MetaModel/noisy_10/2026-03-15-15-00-27-782804.ckpt.
[2026-03-15 15:21:23] INFO {'epoch': 13, 'sport_10_ndcg@20': tensor(0.0240), 'sport_10_recall@20': tensor(0.0550), 'ndcg@20': tensor(0.0240), 'recall@20': tensor(0.0550), 'train_loss_0': tensor(0.2492, device='cuda:0')}
[2026-03-15 15:21:23] INFO training_time: 1229.3872113227844
[2026-03-15 15:21:23] INFO inference_time: 16.698639392852783
[2026-03-15 15:23:18] INFO {'epoch': 14, 'sport_10_ndcg@20': tensor(0.0236), 'sport_10_recall@20': tensor(0.0552), 'ndcg@20': tensor(0.0236), 'recall@20': tensor(0.0552), 'train_loss_0': tensor(0.2466, device='cuda:0')}
[2026-03-15 15:23:18] INFO training_time: 1343.2279391288757
[2026-03-15 15:23:18] INFO inference_time: 17.818135023117065
[2026-03-15 15:25:11] INFO {'epoch': 15, 'sport_10_ndcg@20': tensor(0.0244), 'sport_10_recall@20': tensor(0.0555), 'ndcg@20': tensor(0.0244), 'recall@20': tensor(0.0555), 'train_loss_0': tensor(0.2454, device='cuda:0')}
[2026-03-15 15:25:11] INFO training_time: 1455.327073097229
[2026-03-15 15:25:11] INFO inference_time: 19.192798852920532
[2026-03-15 15:25:11] INFO ndcg@20 improved. Best value: 0.0244
[2026-03-15 15:25:11] INFO Best model checkpoint saved in saved/MetaModel/noisy_10/2026-03-15-15-00-27-782804.ckpt.
[2026-03-15 15:27:06] INFO {'epoch': 16, 'sport_10_ndcg@20': tensor(0.0246), 'sport_10_recall@20': tensor(0.0564), 'ndcg@20': tensor(0.0246), 'recall@20': tensor(0.0564), 'train_loss_0': tensor(0.2441, device='cuda:0')}
[2026-03-15 15:27:06] INFO training_time: 1568.97221159935
[2026-03-15 15:27:06] INFO inference_time: 20.317315816879272
[2026-03-15 15:27:06] INFO ndcg@20 improved. Best value: 0.0246
[2026-03-15 15:27:06] INFO Best model checkpoint saved in saved/MetaModel/noisy_10/2026-03-15-15-00-27-782804.ckpt.
[2026-03-15 15:29:01] INFO {'epoch': 17, 'sport_10_ndcg@20': tensor(0.0236), 'sport_10_recall@20': tensor(0.0549), 'ndcg@20': tensor(0.0236), 'recall@20': tensor(0.0549), 'train_loss_0': tensor(0.2417, device='cuda:0')}
[2026-03-15 15:29:01] INFO training_time: 1682.6091248989105
[2026-03-15 15:29:01] INFO inference_time: 21.782073736190796
[2026-03-15 15:30:53] INFO {'epoch': 18, 'sport_10_ndcg@20': tensor(0.0232), 'sport_10_recall@20': tensor(0.0533), 'ndcg@20': tensor(0.0232), 'recall@20': tensor(0.0533), 'train_loss_0': tensor(0.2423, device='cuda:0')}
[2026-03-15 15:30:53] INFO training_time: 1793.78786277771
[2026-03-15 15:30:53] INFO inference_time: 22.85500979423523
[2026-03-15 15:32:48] INFO {'epoch': 19, 'sport_10_ndcg@20': tensor(0.0238), 'sport_10_recall@20': tensor(0.0550), 'ndcg@20': tensor(0.0238), 'recall@20': tensor(0.0550), 'train_loss_0': tensor(0.2389, device='cuda:0')}
[2026-03-15 15:32:48] INFO training_time: 1906.8424289226532
[2026-03-15 15:32:48] INFO inference_time: 23.911686182022095
[2026-03-15 15:34:43] INFO {'epoch': 20, 'sport_10_ndcg@20': tensor(0.0239), 'sport_10_recall@20': tensor(0.0556), 'ndcg@20': tensor(0.0239), 'recall@20': tensor(0.0556), 'train_loss_0': tensor(0.2372, device='cuda:0')}
[2026-03-15 15:34:43] INFO training_time: 2020.6330952644348
[2026-03-15 15:34:43] INFO inference_time: 25.76732039451599
[2026-03-15 15:36:38] INFO {'epoch': 21, 'sport_10_ndcg@20': tensor(0.0236), 'sport_10_recall@20': tensor(0.0552), 'ndcg@20': tensor(0.0236), 'recall@20': tensor(0.0552), 'train_loss_0': tensor(0.2356, device='cuda:0')}
[2026-03-15 15:36:38] INFO training_time: 2134.57320189476
[2026-03-15 15:36:38] INFO inference_time: 26.902408599853516
[2026-03-15 15:38:31] INFO {'epoch': 22, 'sport_10_ndcg@20': tensor(0.0245), 'sport_10_recall@20': tensor(0.0561), 'ndcg@20': tensor(0.0245), 'recall@20': tensor(0.0561), 'train_loss_0': tensor(0.2335, device='cuda:0')}
[2026-03-15 15:38:31] INFO training_time: 2246.701048851013
[2026-03-15 15:38:31] INFO inference_time: 27.853565454483032
[2026-03-15 15:40:27] INFO {'epoch': 23, 'sport_10_ndcg@20': tensor(0.0240), 'sport_10_recall@20': tensor(0.0556), 'ndcg@20': tensor(0.0240), 'recall@20': tensor(0.0556), 'train_loss_0': tensor(0.2304, device='cuda:0')}
[2026-03-15 15:40:27] INFO training_time: 2360.7307777404785
[2026-03-15 15:40:27] INFO inference_time: 29.0357186794281
[2026-03-15 15:42:21] INFO {'epoch': 24, 'sport_10_ndcg@20': tensor(0.0239), 'sport_10_recall@20': tensor(0.0551), 'ndcg@20': tensor(0.0239), 'recall@20': tensor(0.0551), 'train_loss_0': tensor(0.2296, device='cuda:0')}
[2026-03-15 15:42:21] INFO training_time: 2474.10431599617
[2026-03-15 15:42:21] INFO inference_time: 30.480756044387817
[2026-03-15 15:44:17] INFO {'epoch': 25, 'sport_10_ndcg@20': tensor(0.0244), 'sport_10_recall@20': tensor(0.0561), 'ndcg@20': tensor(0.0244), 'recall@20': tensor(0.0561), 'train_loss_0': tensor(0.2264, device='cuda:0')}
[2026-03-15 15:44:17] INFO training_time: 2587.856226205826
[2026-03-15 15:44:17] INFO inference_time: 31.8051860332489
[2026-03-15 15:46:09] INFO {'epoch': 26, 'sport_10_ndcg@20': tensor(0.0239), 'sport_10_recall@20': tensor(0.0550), 'ndcg@20': tensor(0.0239), 'recall@20': tensor(0.0550), 'train_loss_0': tensor(0.2265, device='cuda:0')}
[2026-03-15 15:46:09] INFO training_time: 2699.6040399074554
[2026-03-15 15:46:09] INFO inference_time: 32.93523979187012
[2026-03-15 15:48:04] INFO {'epoch': 27, 'sport_10_ndcg@20': tensor(0.0245), 'sport_10_recall@20': tensor(0.0570), 'ndcg@20': tensor(0.0245), 'recall@20': tensor(0.0570), 'train_loss_0': tensor(0.2250, device='cuda:0')}
[2026-03-15 15:48:04] INFO training_time: 2813.0697662830353
[2026-03-15 15:48:04] INFO inference_time: 34.144047498703
[2026-03-15 15:49:59] INFO {'epoch': 28, 'sport_10_ndcg@20': tensor(0.0245), 'sport_10_recall@20': tensor(0.0564), 'ndcg@20': tensor(0.0245), 'recall@20': tensor(0.0564), 'train_loss_0': tensor(0.2221, device='cuda:0')}
[2026-03-15 15:49:59] INFO training_time: 2926.5322744846344
[2026-03-15 15:49:59] INFO inference_time: 35.32522392272949
[2026-03-15 15:51:54] INFO {'epoch': 29, 'sport_10_ndcg@20': tensor(0.0242), 'sport_10_recall@20': tensor(0.0552), 'ndcg@20': tensor(0.0242), 'recall@20': tensor(0.0552), 'train_loss_0': tensor(0.2212, device='cuda:0')}
[2026-03-15 15:51:54] INFO training_time: 3040.749297142029
[2026-03-15 15:51:54] INFO inference_time: 36.70812916755676
[2026-03-15 15:53:49] INFO {'epoch': 30, 'sport_10_ndcg@20': tensor(0.0245), 'sport_10_recall@20': tensor(0.0561), 'ndcg@20': tensor(0.0245), 'recall@20': tensor(0.0561), 'train_loss_0': tensor(0.2193, device='cuda:0')}
[2026-03-15 15:53:49] INFO training_time: 3153.7216835021973
[2026-03-15 15:53:49] INFO inference_time: 38.103172302246094
[2026-03-15 15:55:43] INFO {'epoch': 31, 'sport_10_ndcg@20': tensor(0.0242), 'sport_10_recall@20': tensor(0.0554), 'ndcg@20': tensor(0.0242), 'recall@20': tensor(0.0554), 'train_loss_0': tensor(0.2188, device='cuda:0')}
[2026-03-15 15:55:43] INFO training_time: 3267.0531933307648
[2026-03-15 15:55:43] INFO inference_time: 39.15520763397217
[2026-03-15 15:57:33] INFO {'epoch': 32, 'sport_10_ndcg@20': tensor(0.0243), 'sport_10_recall@20': tensor(0.0553), 'ndcg@20': tensor(0.0243), 'recall@20': tensor(0.0553), 'train_loss_0': tensor(0.2180, device='cuda:0')}
[2026-03-15 15:57:33] INFO training_time: 3376.063091278076
[2026-03-15 15:57:33] INFO inference_time: 40.34079575538635
[2026-03-15 15:59:12] INFO {'epoch': 33, 'sport_10_ndcg@20': tensor(0.0252), 'sport_10_recall@20': tensor(0.0575), 'ndcg@20': tensor(0.0252), 'recall@20': tensor(0.0575), 'train_loss_0': tensor(0.2166, device='cuda:0')}
[2026-03-15 15:59:12] INFO training_time: 3473.233606338501
[2026-03-15 15:59:12] INFO inference_time: 41.71723532676697
[2026-03-15 15:59:12] INFO ndcg@20 improved. Best value: 0.0252
[2026-03-15 15:59:12] INFO Best model checkpoint saved in saved/MetaModel/noisy_10/2026-03-15-15-00-27-782804.ckpt.
[2026-03-15 16:00:52] INFO {'epoch': 34, 'sport_10_ndcg@20': tensor(0.0247), 'sport_10_recall@20': tensor(0.0559), 'ndcg@20': tensor(0.0247), 'recall@20': tensor(0.0559), 'train_loss_0': tensor(0.2150, device='cuda:0')}
[2026-03-15 16:00:52] INFO training_time: 3572.135529756546
[2026-03-15 16:00:52] INFO inference_time: 42.81805896759033
[2026-03-15 16:02:31] INFO {'epoch': 35, 'sport_10_ndcg@20': tensor(0.0245), 'sport_10_recall@20': tensor(0.0558), 'ndcg@20': tensor(0.0245), 'recall@20': tensor(0.0558), 'train_loss_0': tensor(0.2139, device='cuda:0')}
[2026-03-15 16:02:31] INFO training_time: 3670.5759358406067
[2026-03-15 16:02:31] INFO inference_time: 43.947789907455444
[2026-03-15 16:04:12] INFO {'epoch': 36, 'sport_10_ndcg@20': tensor(0.0249), 'sport_10_recall@20': tensor(0.0570), 'ndcg@20': tensor(0.0249), 'recall@20': tensor(0.0570), 'train_loss_0': tensor(0.2135, device='cuda:0')}
[2026-03-15 16:04:12] INFO training_time: 3769.2888910770416
[2026-03-15 16:04:12] INFO inference_time: 45.357386350631714
[2026-03-15 16:05:50] INFO {'epoch': 37, 'sport_10_ndcg@20': tensor(0.0250), 'sport_10_recall@20': tensor(0.0574), 'ndcg@20': tensor(0.0250), 'recall@20': tensor(0.0574), 'train_loss_0': tensor(0.2116, device='cuda:0')}
[2026-03-15 16:05:50] INFO training_time: 3866.5189418792725
[2026-03-15 16:05:50] INFO inference_time: 46.67300868034363
[2026-03-15 16:07:29] INFO {'epoch': 38, 'sport_10_ndcg@20': tensor(0.0246), 'sport_10_recall@20': tensor(0.0560), 'ndcg@20': tensor(0.0246), 'recall@20': tensor(0.0560), 'train_loss_0': tensor(0.2106, device='cuda:0')}
[2026-03-15 16:07:29] INFO training_time: 3964.728956222534
[2026-03-15 16:07:29] INFO inference_time: 47.767823934555054
[2026-03-15 16:09:10] INFO {'epoch': 39, 'sport_10_ndcg@20': tensor(0.0248), 'sport_10_recall@20': tensor(0.0570), 'ndcg@20': tensor(0.0248), 'recall@20': tensor(0.0570), 'train_loss_0': tensor(0.2094, device='cuda:0')}
[2026-03-15 16:09:10] INFO training_time: 4063.598316669464
[2026-03-15 16:09:10] INFO inference_time: 49.070884227752686
[2026-03-15 16:10:50] INFO {'epoch': 40, 'sport_10_ndcg@20': tensor(0.0252), 'sport_10_recall@20': tensor(0.0578), 'ndcg@20': tensor(0.0252), 'recall@20': tensor(0.0578), 'train_loss_0': tensor(0.2083, device='cuda:0')}
[2026-03-15 16:10:50] INFO training_time: 4162.524637460709
[2026-03-15 16:10:50] INFO inference_time: 50.680227518081665
[2026-03-15 16:12:29] INFO {'epoch': 41, 'sport_10_ndcg@20': tensor(0.0254), 'sport_10_recall@20': tensor(0.0582), 'ndcg@20': tensor(0.0254), 'recall@20': tensor(0.0582), 'train_loss_0': tensor(0.2080, device='cuda:0')}
[2026-03-15 16:12:29] INFO training_time: 4260.243306398392
[2026-03-15 16:12:29] INFO inference_time: 51.826597929000854
[2026-03-15 16:12:29] INFO ndcg@20 improved. Best value: 0.0254
[2026-03-15 16:12:29] INFO Best model checkpoint saved in saved/MetaModel/noisy_10/2026-03-15-15-00-27-782804.ckpt.
[2026-03-15 16:14:08] INFO {'epoch': 42, 'sport_10_ndcg@20': tensor(0.0247), 'sport_10_recall@20': tensor(0.0566), 'ndcg@20': tensor(0.0247), 'recall@20': tensor(0.0566), 'train_loss_0': tensor(0.2070, device='cuda:0')}
[2026-03-15 16:14:08] INFO training_time: 4358.364949703217
[2026-03-15 16:14:08] INFO inference_time: 52.772599935531616
[2026-03-15 16:15:48] INFO {'epoch': 43, 'sport_10_ndcg@20': tensor(0.0257), 'sport_10_recall@20': tensor(0.0590), 'ndcg@20': tensor(0.0257), 'recall@20': tensor(0.0590), 'train_loss_0': tensor(0.2061, device='cuda:0')}
[2026-03-15 16:15:48] INFO training_time: 4456.8542721271515
[2026-03-15 16:15:48] INFO inference_time: 54.01085877418518
[2026-03-15 16:15:48] INFO ndcg@20 improved. Best value: 0.0257
[2026-03-15 16:15:48] INFO Best model checkpoint saved in saved/MetaModel/noisy_10/2026-03-15-15-00-27-782804.ckpt.
[2026-03-15 16:17:27] INFO {'epoch': 44, 'sport_10_ndcg@20': tensor(0.0252), 'sport_10_recall@20': tensor(0.0573), 'ndcg@20': tensor(0.0252), 'recall@20': tensor(0.0573), 'train_loss_0': tensor(0.2056, device='cuda:0')}
[2026-03-15 16:17:27] INFO training_time: 4554.875567674637
[2026-03-15 16:17:27] INFO inference_time: 55.1364541053772
[2026-03-15 16:19:05] INFO {'epoch': 45, 'sport_10_ndcg@20': tensor(0.0256), 'sport_10_recall@20': tensor(0.0583), 'ndcg@20': tensor(0.0256), 'recall@20': tensor(0.0583), 'train_loss_0': tensor(0.2054, device='cuda:0')}
[2026-03-15 16:19:05] INFO training_time: 4651.117673158646
[2026-03-15 16:19:05] INFO inference_time: 56.33583068847656
[2026-03-15 16:20:44] INFO {'epoch': 46, 'sport_10_ndcg@20': tensor(0.0254), 'sport_10_recall@20': tensor(0.0579), 'ndcg@20': tensor(0.0254), 'recall@20': tensor(0.0579), 'train_loss_0': tensor(0.2052, device='cuda:0')}
[2026-03-15 16:20:44] INFO training_time: 4749.439195394516
[2026-03-15 16:20:44] INFO inference_time: 57.78502678871155
[2026-03-15 16:22:24] INFO {'epoch': 47, 'sport_10_ndcg@20': tensor(0.0252), 'sport_10_recall@20': tensor(0.0585), 'ndcg@20': tensor(0.0252), 'recall@20': tensor(0.0585), 'train_loss_0': tensor(0.2033, device='cuda:0')}
[2026-03-15 16:22:24] INFO training_time: 4847.97428560257
[2026-03-15 16:22:24] INFO inference_time: 58.870105504989624
[2026-03-15 16:24:02] INFO {'epoch': 48, 'sport_10_ndcg@20': tensor(0.0252), 'sport_10_recall@20': tensor(0.0578), 'ndcg@20': tensor(0.0252), 'recall@20': tensor(0.0578), 'train_loss_0': tensor(0.2025, device='cuda:0')}
[2026-03-15 16:24:02] INFO training_time: 4944.834852695465
[2026-03-15 16:24:02] INFO inference_time: 60.19326639175415
[2026-03-15 16:25:42] INFO {'epoch': 49, 'sport_10_ndcg@20': tensor(0.0259), 'sport_10_recall@20': tensor(0.0594), 'ndcg@20': tensor(0.0259), 'recall@20': tensor(0.0594), 'train_loss_0': tensor(0.2011, device='cuda:0')}
[2026-03-15 16:25:42] INFO training_time: 5043.537657499313
[2026-03-15 16:25:42] INFO inference_time: 61.57165479660034
[2026-03-15 16:25:42] INFO ndcg@20 improved. Best value: 0.0259
[2026-03-15 16:25:42] INFO Best model checkpoint saved in saved/MetaModel/noisy_10/2026-03-15-15-00-27-782804.ckpt.
[2026-03-15 16:27:22] INFO {'epoch': 50, 'sport_10_ndcg@20': tensor(0.0254), 'sport_10_recall@20': tensor(0.0582), 'ndcg@20': tensor(0.0254), 'recall@20': tensor(0.0582), 'train_loss_0': tensor(0.2005, device='cuda:0')}
[2026-03-15 16:27:22] INFO training_time: 5141.95339846611
[2026-03-15 16:27:22] INFO inference_time: 62.95310950279236
[2026-03-15 16:29:01] INFO {'epoch': 51, 'sport_10_ndcg@20': tensor(0.0251), 'sport_10_recall@20': tensor(0.0583), 'ndcg@20': tensor(0.0251), 'recall@20': tensor(0.0583), 'train_loss_0': tensor(0.2004, device='cuda:0')}
[2026-03-15 16:29:01] INFO training_time: 5240.150805950165
[2026-03-15 16:29:01] INFO inference_time: 63.9870810508728
[2026-03-15 16:30:39] INFO {'epoch': 52, 'sport_10_ndcg@20': tensor(0.0247), 'sport_10_recall@20': tensor(0.0581), 'ndcg@20': tensor(0.0247), 'recall@20': tensor(0.0581), 'train_loss_0': tensor(0.1989, device='cuda:0')}
[2026-03-15 16:30:39] INFO training_time: 5336.766616821289
[2026-03-15 16:30:39] INFO inference_time: 65.13112187385559
[2026-03-15 16:32:19] INFO {'epoch': 53, 'sport_10_ndcg@20': tensor(0.0253), 'sport_10_recall@20': tensor(0.0581), 'ndcg@20': tensor(0.0253), 'recall@20': tensor(0.0581), 'train_loss_0': tensor(0.1999, device='cuda:0')}
[2026-03-15 16:32:19] INFO training_time: 5435.123219251633
[2026-03-15 16:32:19] INFO inference_time: 66.2147765159607
[2026-03-15 16:33:58] INFO {'epoch': 54, 'sport_10_ndcg@20': tensor(0.0252), 'sport_10_recall@20': tensor(0.0581), 'ndcg@20': tensor(0.0252), 'recall@20': tensor(0.0581), 'train_loss_0': tensor(0.1976, device='cuda:0')}
[2026-03-15 16:33:58] INFO training_time: 5533.429682731628
[2026-03-15 16:33:58] INFO inference_time: 67.39960408210754
[2026-03-15 16:35:38] INFO {'epoch': 55, 'sport_10_ndcg@20': tensor(0.0251), 'sport_10_recall@20': tensor(0.0572), 'ndcg@20': tensor(0.0251), 'recall@20': tensor(0.0572), 'train_loss_0': tensor(0.1991, device='cuda:0')}
[2026-03-15 16:35:38] INFO training_time: 5631.885357618332
[2026-03-15 16:35:38] INFO inference_time: 68.45775413513184
[2026-03-15 16:37:16] INFO {'epoch': 56, 'sport_10_ndcg@20': tensor(0.0247), 'sport_10_recall@20': tensor(0.0568), 'ndcg@20': tensor(0.0247), 'recall@20': tensor(0.0568), 'train_loss_0': tensor(0.1985, device='cuda:0')}
[2026-03-15 16:37:16] INFO training_time: 5729.537569999695
[2026-03-15 16:37:16] INFO inference_time: 69.51282286643982
[2026-03-15 16:38:55] INFO {'epoch': 57, 'sport_10_ndcg@20': tensor(0.0249), 'sport_10_recall@20': tensor(0.0574), 'ndcg@20': tensor(0.0249), 'recall@20': tensor(0.0574), 'train_loss_0': tensor(0.1973, device='cuda:0')}
[2026-03-15 16:38:55] INFO training_time: 5827.614952087402
[2026-03-15 16:38:55] INFO inference_time: 70.45267605781555
[2026-03-15 16:40:20] INFO {'epoch': 58, 'sport_10_ndcg@20': tensor(0.0258), 'sport_10_recall@20': tensor(0.0584), 'ndcg@20': tensor(0.0258), 'recall@20': tensor(0.0584), 'train_loss_0': tensor(0.1959, device='cuda:0')}
[2026-03-15 16:40:20] INFO training_time: 5911.011011362076
[2026-03-15 16:40:20] INFO inference_time: 71.52476453781128
[2026-03-15 16:41:31] INFO {'epoch': 59, 'sport_10_ndcg@20': tensor(0.0257), 'sport_10_recall@20': tensor(0.0582), 'ndcg@20': tensor(0.0257), 'recall@20': tensor(0.0582), 'train_loss_0': tensor(0.1950, device='cuda:0')}
[2026-03-15 16:41:31] INFO training_time: 5981.049472332001
[2026-03-15 16:41:31] INFO inference_time: 72.52566885948181
[2026-03-15 16:42:38] INFO {'epoch': 60, 'sport_10_ndcg@20': tensor(0.0257), 'sport_10_recall@20': tensor(0.0582), 'ndcg@20': tensor(0.0257), 'recall@20': tensor(0.0582), 'train_loss_0': tensor(0.1956, device='cuda:0')}
[2026-03-15 16:42:38] INFO training_time: 6046.4203588962555
[2026-03-15 16:42:38] INFO inference_time: 73.95466184616089
[2026-03-15 16:43:34] INFO {'epoch': 61, 'sport_10_ndcg@20': tensor(0.0255), 'sport_10_recall@20': tensor(0.0581), 'ndcg@20': tensor(0.0255), 'recall@20': tensor(0.0581), 'train_loss_0': tensor(0.1932, device='cuda:0')}
[2026-03-15 16:43:34] INFO training_time: 6101.984496593475
[2026-03-15 16:43:34] INFO inference_time: 75.01798987388611
[2026-03-15 16:44:32] INFO {'epoch': 62, 'sport_10_ndcg@20': tensor(0.0257), 'sport_10_recall@20': tensor(0.0586), 'ndcg@20': tensor(0.0257), 'recall@20': tensor(0.0586), 'train_loss_0': tensor(0.1939, device='cuda:0')}
[2026-03-15 16:44:32] INFO training_time: 6158.185185432434
[2026-03-15 16:44:32] INFO inference_time: 76.14920210838318
[2026-03-15 16:45:28] INFO {'epoch': 63, 'sport_10_ndcg@20': tensor(0.0254), 'sport_10_recall@20': tensor(0.0584), 'ndcg@20': tensor(0.0254), 'recall@20': tensor(0.0584), 'train_loss_0': tensor(0.1930, device='cuda:0')}
[2026-03-15 16:45:28] INFO training_time: 6213.172986984253
[2026-03-15 16:45:28] INFO inference_time: 77.11632442474365
[2026-03-15 16:46:24] INFO {'epoch': 64, 'sport_10_ndcg@20': tensor(0.0256), 'sport_10_recall@20': tensor(0.0587), 'ndcg@20': tensor(0.0256), 'recall@20': tensor(0.0587), 'train_loss_0': tensor(0.1921, device='cuda:0')}
[2026-03-15 16:46:24] INFO training_time: 6268.975676059723
[2026-03-15 16:46:24] INFO inference_time: 78.04006505012512
[2026-03-15 16:47:20] INFO {'epoch': 65, 'sport_10_ndcg@20': tensor(0.0252), 'sport_10_recall@20': tensor(0.0573), 'ndcg@20': tensor(0.0252), 'recall@20': tensor(0.0573), 'train_loss_0': tensor(0.1923, device='cuda:0')}
[2026-03-15 16:47:20] INFO training_time: 6323.735140323639
[2026-03-15 16:47:20] INFO inference_time: 79.03652048110962
[2026-03-15 16:48:05] INFO {'epoch': 66, 'sport_10_ndcg@20': tensor(0.0249), 'sport_10_recall@20': tensor(0.0573), 'ndcg@20': tensor(0.0249), 'recall@20': tensor(0.0573), 'train_loss_0': tensor(0.1926, device='cuda:0')}
[2026-03-15 16:48:05] INFO training_time: 6367.589061260223
[2026-03-15 16:48:05] INFO inference_time: 79.9629294872284
[2026-03-15 16:48:49] INFO {'epoch': 67, 'sport_10_ndcg@20': tensor(0.0255), 'sport_10_recall@20': tensor(0.0588), 'ndcg@20': tensor(0.0255), 'recall@20': tensor(0.0588), 'train_loss_0': tensor(0.1920, device='cuda:0')}
[2026-03-15 16:48:49] INFO training_time: 6410.946091890335
[2026-03-15 16:48:49] INFO inference_time: 80.86160159111023
[2026-03-15 16:49:35] INFO {'epoch': 68, 'sport_10_ndcg@20': tensor(0.0254), 'sport_10_recall@20': tensor(0.0594), 'ndcg@20': tensor(0.0254), 'recall@20': tensor(0.0594), 'train_loss_0': tensor(0.1905, device='cuda:0')}
[2026-03-15 16:49:35] INFO training_time: 6456.005659818649
[2026-03-15 16:49:35] INFO inference_time: 81.81050944328308
[2026-03-15 16:50:20] INFO {'epoch': 69, 'sport_10_ndcg@20': tensor(0.0254), 'sport_10_recall@20': tensor(0.0594), 'ndcg@20': tensor(0.0254), 'recall@20': tensor(0.0594), 'train_loss_0': tensor(0.1911, device='cuda:0')}
[2026-03-15 16:50:20] INFO training_time: 6500.337062835693
[2026-03-15 16:50:20] INFO inference_time: 82.74103021621704
[2026-03-15 16:50:20] INFO Early stopped. Since the metric ndcg@20 haven't been improved for 20 epochs.
[2026-03-15 16:50:20] INFO The best score of ndcg@20 is 0.0259 on epoch 49
[2026-03-15 16:50:20] INFO Best model checkpoint saved in saved/MetaModel/noisy_10/2026-03-15-15-00-27-782804.ckpt.
[2026-03-15 16:50:22] INFO defaultdict(<class 'float'>, {'sport_10_ndcg@20': tensor(0.0204), 'sport_10_recall@20': tensor(0.0475), 'sport_10_ndcg@10': tensor(0.0165), 'sport_10_recall@10': tensor(0.0320), 'ndcg@20': tensor(0.0204), 'recall@20': tensor(0.0475), 'ndcg@10': tensor(0.0165), 'recall@10': tensor(0.0320)})
