[2026-02-07 16:35:25] INFO PID of this process: 2201626
[2026-02-07 16:35:29] INFO {'model': {'embed_dim': 64, 'loss_fn': 'bce', 'hidden_size': 128, 'layer_num': 2, 'head_num': 2, 'dropout_rate': 0.5, 'activation': 'gelu', 'layer_norm_eps': 1e-12, 'model': 'SASRec'}, 'data': {'domain_name_list': ['beauty_10'], 'user_threshold': 5, 'item_threshold': 5, 'max_seq_len': 50, 'dataset_class': 'general', 'train_file': '_ori', 'dataset': 'noisy_10'}, 'train': {'batch_size': 256, 'early_stop_mode': 'max', 'early_stop_patience': 20, 'epochs': 1000, 'device': 'cuda', 'optimizer': 'adam', 'learning_rate': 0.001, 'weight_decay': 0, 'num_neg': 1, 'seed': 2023}, 'eval': {'batch_size': 2048, 'cutoff': [20, 10], 'val_metrics': ['ndcg', 'recall'], 'test_metrics': ['ndcg', 'recall'], 'topk': 100, 'save_path': './saved/'}}
[2026-02-07 16:35:29] INFO <data.dataset.SeparateDataset object at 0x7f22dce3c1f0>
[2026-02-07 16:35:29] INFO save_dir:saved
[2026-02-07 16:35:29] INFO SASRec(
  (item_embedding): Embedding(12102, 64, padding_idx=0)
  (query_encoder): SASRecQueryEncoder(
    (item_encoder): Embedding(12102, 64, padding_idx=0)
    (position_emb): Embedding(50, 64)
    (transformer_layer): TransformerEncoder(
      (layers): ModuleList(
        (0): TransformerEncoderLayer(
          (self_attn): MultiheadAttention(
            (out_proj): NonDynamicallyQuantizableLinear(in_features=64, out_features=64, bias=True)
          )
          (linear1): Linear(in_features=64, out_features=128, bias=True)
          (dropout): Dropout(p=0.5, inplace=False)
          (linear2): Linear(in_features=128, out_features=64, bias=True)
          (norm1): LayerNorm((64,), eps=1e-12, elementwise_affine=True)
          (norm2): LayerNorm((64,), eps=1e-12, elementwise_affine=True)
          (dropout1): Dropout(p=0.5, inplace=False)
          (dropout2): Dropout(p=0.5, inplace=False)
        )
        (1): TransformerEncoderLayer(
          (self_attn): MultiheadAttention(
            (out_proj): NonDynamicallyQuantizableLinear(in_features=64, out_features=64, bias=True)
          )
          (linear1): Linear(in_features=64, out_features=128, bias=True)
          (dropout): Dropout(p=0.5, inplace=False)
          (linear2): Linear(in_features=128, out_features=64, bias=True)
          (norm1): LayerNorm((64,), eps=1e-12, elementwise_affine=True)
          (norm2): LayerNorm((64,), eps=1e-12, elementwise_affine=True)
          (dropout1): Dropout(p=0.5, inplace=False)
          (dropout2): Dropout(p=0.5, inplace=False)
        )
      )
    )
    (dropout): Dropout(p=0.5, inplace=False)
    (training_pooling_layer): SeqPoolingLayer()
    (eval_pooling_layer): SeqPoolingLayer()
  )
  (loss_fn): BinaryCrossEntropyLoss()
)
[2026-02-07 16:35:40] INFO {'epoch': 0, 'beauty_10_ndcg@20': tensor(0.0102), 'beauty_10_recall@20': tensor(0.0263), 'ndcg@20': tensor(0.0102), 'recall@20': tensor(0.0263), 'train_loss_0': tensor(1.3134, device='cuda:0')}
[2026-02-07 16:35:40] INFO training_time: 9.709691762924194
[2026-02-07 16:35:40] INFO inference_time: 0.7801079750061035
[2026-02-07 16:35:40] INFO ndcg@20 improved. Best value: 0.0102
[2026-02-07 16:35:40] INFO Best model checkpoint saved in saved/SASRec/noisy_10/2026-02-07-16-35-25-203560.ckpt.
[2026-02-07 16:35:49] INFO {'epoch': 1, 'beauty_10_ndcg@20': tensor(0.0101), 'beauty_10_recall@20': tensor(0.0270), 'ndcg@20': tensor(0.0101), 'recall@20': tensor(0.0270), 'train_loss_0': tensor(1.1923, device='cuda:0')}
[2026-02-07 16:35:49] INFO training_time: 18.618950366973877
[2026-02-07 16:35:49] INFO inference_time: 1.4158241748809814
[2026-02-07 16:35:59] INFO {'epoch': 2, 'beauty_10_ndcg@20': tensor(0.0122), 'beauty_10_recall@20': tensor(0.0302), 'ndcg@20': tensor(0.0122), 'recall@20': tensor(0.0302), 'train_loss_0': tensor(1.1437, device='cuda:0')}
[2026-02-07 16:35:59] INFO training_time: 27.152101039886475
[2026-02-07 16:35:59] INFO inference_time: 2.1948869228363037
[2026-02-07 16:35:59] INFO ndcg@20 improved. Best value: 0.0122
[2026-02-07 16:35:59] INFO Best model checkpoint saved in saved/SASRec/noisy_10/2026-02-07-16-35-25-203560.ckpt.
[2026-02-07 16:36:08] INFO {'epoch': 3, 'beauty_10_ndcg@20': tensor(0.0134), 'beauty_10_recall@20': tensor(0.0350), 'ndcg@20': tensor(0.0134), 'recall@20': tensor(0.0350), 'train_loss_0': tensor(1.0871, device='cuda:0')}
[2026-02-07 16:36:08] INFO training_time: 35.83427166938782
[2026-02-07 16:36:08] INFO inference_time: 2.943647623062134
[2026-02-07 16:36:08] INFO ndcg@20 improved. Best value: 0.0134
[2026-02-07 16:36:08] INFO Best model checkpoint saved in saved/SASRec/noisy_10/2026-02-07-16-35-25-203560.ckpt.
[2026-02-07 16:36:18] INFO {'epoch': 4, 'beauty_10_ndcg@20': tensor(0.0147), 'beauty_10_recall@20': tensor(0.0372), 'ndcg@20': tensor(0.0147), 'recall@20': tensor(0.0372), 'train_loss_0': tensor(1.0384, device='cuda:0')}
[2026-02-07 16:36:18] INFO training_time: 44.74974083900452
[2026-02-07 16:36:18] INFO inference_time: 3.7450311183929443
[2026-02-07 16:36:18] INFO ndcg@20 improved. Best value: 0.0147
[2026-02-07 16:36:18] INFO Best model checkpoint saved in saved/SASRec/noisy_10/2026-02-07-16-35-25-203560.ckpt.
[2026-02-07 16:36:27] INFO {'epoch': 5, 'beauty_10_ndcg@20': tensor(0.0173), 'beauty_10_recall@20': tensor(0.0435), 'ndcg@20': tensor(0.0173), 'recall@20': tensor(0.0435), 'train_loss_0': tensor(0.9927, device='cuda:0')}
[2026-02-07 16:36:27] INFO training_time: 53.30121970176697
[2026-02-07 16:36:27] INFO inference_time: 4.36864447593689
[2026-02-07 16:36:27] INFO ndcg@20 improved. Best value: 0.0173
[2026-02-07 16:36:27] INFO Best model checkpoint saved in saved/SASRec/noisy_10/2026-02-07-16-35-25-203560.ckpt.
[2026-02-07 16:36:37] INFO {'epoch': 6, 'beauty_10_ndcg@20': tensor(0.0204), 'beauty_10_recall@20': tensor(0.0501), 'ndcg@20': tensor(0.0204), 'recall@20': tensor(0.0501), 'train_loss_0': tensor(0.9539, device='cuda:0')}
[2026-02-07 16:36:37] INFO training_time: 62.18631839752197
[2026-02-07 16:36:37] INFO inference_time: 5.1993396282196045
[2026-02-07 16:36:37] INFO ndcg@20 improved. Best value: 0.0204
[2026-02-07 16:36:37] INFO Best model checkpoint saved in saved/SASRec/noisy_10/2026-02-07-16-35-25-203560.ckpt.
[2026-02-07 16:36:46] INFO {'epoch': 7, 'beauty_10_ndcg@20': tensor(0.0202), 'beauty_10_recall@20': tensor(0.0521), 'ndcg@20': tensor(0.0202), 'recall@20': tensor(0.0521), 'train_loss_0': tensor(0.9174, device='cuda:0')}
[2026-02-07 16:36:46] INFO training_time: 71.00297784805298
[2026-02-07 16:36:46] INFO inference_time: 5.82108736038208
[2026-02-07 16:36:55] INFO {'epoch': 8, 'beauty_10_ndcg@20': tensor(0.0227), 'beauty_10_recall@20': tensor(0.0573), 'ndcg@20': tensor(0.0227), 'recall@20': tensor(0.0573), 'train_loss_0': tensor(0.8811, device='cuda:0')}
[2026-02-07 16:36:55] INFO training_time: 79.58972954750061
[2026-02-07 16:36:55] INFO inference_time: 6.444990634918213
[2026-02-07 16:36:55] INFO ndcg@20 improved. Best value: 0.0227
[2026-02-07 16:36:55] INFO Best model checkpoint saved in saved/SASRec/noisy_10/2026-02-07-16-35-25-203560.ckpt.
[2026-02-07 16:37:05] INFO {'epoch': 9, 'beauty_10_ndcg@20': tensor(0.0254), 'beauty_10_recall@20': tensor(0.0634), 'ndcg@20': tensor(0.0254), 'recall@20': tensor(0.0634), 'train_loss_0': tensor(0.8445, device='cuda:0')}
[2026-02-07 16:37:05] INFO training_time: 88.33923840522766
[2026-02-07 16:37:05] INFO inference_time: 7.2070863246917725
[2026-02-07 16:37:05] INFO ndcg@20 improved. Best value: 0.0254
[2026-02-07 16:37:05] INFO Best model checkpoint saved in saved/SASRec/noisy_10/2026-02-07-16-35-25-203560.ckpt.
[2026-02-07 16:37:15] INFO {'epoch': 10, 'beauty_10_ndcg@20': tensor(0.0256), 'beauty_10_recall@20': tensor(0.0639), 'ndcg@20': tensor(0.0256), 'recall@20': tensor(0.0639), 'train_loss_0': tensor(0.8120, device='cuda:0')}
[2026-02-07 16:37:15] INFO training_time: 96.89583659172058
[2026-02-07 16:37:15] INFO inference_time: 8.284806251525879
[2026-02-07 16:37:15] INFO ndcg@20 improved. Best value: 0.0256
[2026-02-07 16:37:15] INFO Best model checkpoint saved in saved/SASRec/noisy_10/2026-02-07-16-35-25-203560.ckpt.
[2026-02-07 16:37:24] INFO {'epoch': 11, 'beauty_10_ndcg@20': tensor(0.0273), 'beauty_10_recall@20': tensor(0.0677), 'ndcg@20': tensor(0.0273), 'recall@20': tensor(0.0677), 'train_loss_0': tensor(0.7860, device='cuda:0')}
[2026-02-07 16:37:24] INFO training_time: 105.62006998062134
[2026-02-07 16:37:24] INFO inference_time: 8.953197956085205
[2026-02-07 16:37:24] INFO ndcg@20 improved. Best value: 0.0273
[2026-02-07 16:37:24] INFO Best model checkpoint saved in saved/SASRec/noisy_10/2026-02-07-16-35-25-203560.ckpt.
[2026-02-07 16:37:34] INFO {'epoch': 12, 'beauty_10_ndcg@20': tensor(0.0299), 'beauty_10_recall@20': tensor(0.0740), 'ndcg@20': tensor(0.0299), 'recall@20': tensor(0.0740), 'train_loss_0': tensor(0.7612, device='cuda:0')}
[2026-02-07 16:37:34] INFO training_time: 114.4201295375824
[2026-02-07 16:37:34] INFO inference_time: 9.717599391937256
[2026-02-07 16:37:34] INFO ndcg@20 improved. Best value: 0.0299
[2026-02-07 16:37:34] INFO Best model checkpoint saved in saved/SASRec/noisy_10/2026-02-07-16-35-25-203560.ckpt.
[2026-02-07 16:37:43] INFO {'epoch': 13, 'beauty_10_ndcg@20': tensor(0.0307), 'beauty_10_recall@20': tensor(0.0755), 'ndcg@20': tensor(0.0307), 'recall@20': tensor(0.0755), 'train_loss_0': tensor(0.7380, device='cuda:0')}
[2026-02-07 16:37:43] INFO training_time: 123.05132842063904
[2026-02-07 16:37:43] INFO inference_time: 10.36192774772644
[2026-02-07 16:37:43] INFO ndcg@20 improved. Best value: 0.0307
[2026-02-07 16:37:43] INFO Best model checkpoint saved in saved/SASRec/noisy_10/2026-02-07-16-35-25-203560.ckpt.
[2026-02-07 16:37:52] INFO {'epoch': 14, 'beauty_10_ndcg@20': tensor(0.0329), 'beauty_10_recall@20': tensor(0.0800), 'ndcg@20': tensor(0.0329), 'recall@20': tensor(0.0800), 'train_loss_0': tensor(0.7134, device='cuda:0')}
[2026-02-07 16:37:52] INFO training_time: 131.6977183818817
[2026-02-07 16:37:52] INFO inference_time: 11.20702052116394
[2026-02-07 16:37:52] INFO ndcg@20 improved. Best value: 0.0329
[2026-02-07 16:37:52] INFO Best model checkpoint saved in saved/SASRec/noisy_10/2026-02-07-16-35-25-203560.ckpt.
[2026-02-07 16:38:02] INFO {'epoch': 15, 'beauty_10_ndcg@20': tensor(0.0338), 'beauty_10_recall@20': tensor(0.0825), 'ndcg@20': tensor(0.0338), 'recall@20': tensor(0.0825), 'train_loss_0': tensor(0.6928, device='cuda:0')}
[2026-02-07 16:38:02] INFO training_time: 140.29473447799683
[2026-02-07 16:38:02] INFO inference_time: 11.92551040649414
[2026-02-07 16:38:02] INFO ndcg@20 improved. Best value: 0.0338
[2026-02-07 16:38:02] INFO Best model checkpoint saved in saved/SASRec/noisy_10/2026-02-07-16-35-25-203560.ckpt.
[2026-02-07 16:38:11] INFO {'epoch': 16, 'beauty_10_ndcg@20': tensor(0.0354), 'beauty_10_recall@20': tensor(0.0846), 'ndcg@20': tensor(0.0354), 'recall@20': tensor(0.0846), 'train_loss_0': tensor(0.6755, device='cuda:0')}
[2026-02-07 16:38:11] INFO training_time: 148.92238759994507
[2026-02-07 16:38:11] INFO inference_time: 12.480618715286255
[2026-02-07 16:38:11] INFO ndcg@20 improved. Best value: 0.0354
[2026-02-07 16:38:11] INFO Best model checkpoint saved in saved/SASRec/noisy_10/2026-02-07-16-35-25-203560.ckpt.
[2026-02-07 16:38:20] INFO {'epoch': 17, 'beauty_10_ndcg@20': tensor(0.0361), 'beauty_10_recall@20': tensor(0.0865), 'ndcg@20': tensor(0.0361), 'recall@20': tensor(0.0865), 'train_loss_0': tensor(0.6563, device='cuda:0')}
[2026-02-07 16:38:20] INFO training_time: 157.70730543136597
[2026-02-07 16:38:20] INFO inference_time: 13.100268840789795
[2026-02-07 16:38:20] INFO ndcg@20 improved. Best value: 0.0361
[2026-02-07 16:38:20] INFO Best model checkpoint saved in saved/SASRec/noisy_10/2026-02-07-16-35-25-203560.ckpt.
[2026-02-07 16:38:30] INFO {'epoch': 18, 'beauty_10_ndcg@20': tensor(0.0370), 'beauty_10_recall@20': tensor(0.0885), 'ndcg@20': tensor(0.0370), 'recall@20': tensor(0.0885), 'train_loss_0': tensor(0.6458, device='cuda:0')}
[2026-02-07 16:38:30] INFO training_time: 166.19478154182434
[2026-02-07 16:38:30] INFO inference_time: 13.856222867965698
[2026-02-07 16:38:30] INFO ndcg@20 improved. Best value: 0.0370
[2026-02-07 16:38:30] INFO Best model checkpoint saved in saved/SASRec/noisy_10/2026-02-07-16-35-25-203560.ckpt.
[2026-02-07 16:38:39] INFO {'epoch': 19, 'beauty_10_ndcg@20': tensor(0.0367), 'beauty_10_recall@20': tensor(0.0885), 'ndcg@20': tensor(0.0367), 'recall@20': tensor(0.0885), 'train_loss_0': tensor(0.6288, device='cuda:0')}
[2026-02-07 16:38:39] INFO training_time: 174.76668095588684
[2026-02-07 16:38:39] INFO inference_time: 14.591795921325684
[2026-02-07 16:38:48] INFO {'epoch': 20, 'beauty_10_ndcg@20': tensor(0.0383), 'beauty_10_recall@20': tensor(0.0901), 'ndcg@20': tensor(0.0383), 'recall@20': tensor(0.0901), 'train_loss_0': tensor(0.6151, device='cuda:0')}
[2026-02-07 16:38:48] INFO training_time: 183.4571852684021
[2026-02-07 16:38:48] INFO inference_time: 15.414778232574463
[2026-02-07 16:38:48] INFO ndcg@20 improved. Best value: 0.0383
[2026-02-07 16:38:48] INFO Best model checkpoint saved in saved/SASRec/noisy_10/2026-02-07-16-35-25-203560.ckpt.
[2026-02-07 16:38:57] INFO {'epoch': 21, 'beauty_10_ndcg@20': tensor(0.0407), 'beauty_10_recall@20': tensor(0.0940), 'ndcg@20': tensor(0.0407), 'recall@20': tensor(0.0940), 'train_loss_0': tensor(0.6084, device='cuda:0')}
[2026-02-07 16:38:57] INFO training_time: 191.87491631507874
[2026-02-07 16:38:57] INFO inference_time: 16.030366897583008
[2026-02-07 16:38:57] INFO ndcg@20 improved. Best value: 0.0407
[2026-02-07 16:38:58] INFO Best model checkpoint saved in saved/SASRec/noisy_10/2026-02-07-16-35-25-203560.ckpt.
[2026-02-07 16:39:07] INFO {'epoch': 22, 'beauty_10_ndcg@20': tensor(0.0403), 'beauty_10_recall@20': tensor(0.0912), 'ndcg@20': tensor(0.0403), 'recall@20': tensor(0.0912), 'train_loss_0': tensor(0.5987, device='cuda:0')}
[2026-02-07 16:39:07] INFO training_time: 200.7414140701294
[2026-02-07 16:39:07] INFO inference_time: 16.797248125076294
[2026-02-07 16:39:16] INFO {'epoch': 23, 'beauty_10_ndcg@20': tensor(0.0419), 'beauty_10_recall@20': tensor(0.0959), 'ndcg@20': tensor(0.0419), 'recall@20': tensor(0.0959), 'train_loss_0': tensor(0.5916, device='cuda:0')}
[2026-02-07 16:39:16] INFO training_time: 209.19905591011047
[2026-02-07 16:39:16] INFO inference_time: 17.575024843215942
[2026-02-07 16:39:16] INFO ndcg@20 improved. Best value: 0.0419
[2026-02-07 16:39:16] INFO Best model checkpoint saved in saved/SASRec/noisy_10/2026-02-07-16-35-25-203560.ckpt.
[2026-02-07 16:39:26] INFO {'epoch': 24, 'beauty_10_ndcg@20': tensor(0.0422), 'beauty_10_recall@20': tensor(0.0951), 'ndcg@20': tensor(0.0422), 'recall@20': tensor(0.0951), 'train_loss_0': tensor(0.5789, device='cuda:0')}
[2026-02-07 16:39:26] INFO training_time: 217.75796103477478
[2026-02-07 16:39:26] INFO inference_time: 18.24313259124756
[2026-02-07 16:39:26] INFO ndcg@20 improved. Best value: 0.0422
[2026-02-07 16:39:26] INFO Best model checkpoint saved in saved/SASRec/noisy_10/2026-02-07-16-35-25-203560.ckpt.
[2026-02-07 16:39:35] INFO {'epoch': 25, 'beauty_10_ndcg@20': tensor(0.0423), 'beauty_10_recall@20': tensor(0.0956), 'ndcg@20': tensor(0.0423), 'recall@20': tensor(0.0956), 'train_loss_0': tensor(0.5716, device='cuda:0')}
[2026-02-07 16:39:35] INFO training_time: 226.6727373600006
[2026-02-07 16:39:35] INFO inference_time: 19.011246919631958
[2026-02-07 16:39:35] INFO ndcg@20 improved. Best value: 0.0423
[2026-02-07 16:39:35] INFO Best model checkpoint saved in saved/SASRec/noisy_10/2026-02-07-16-35-25-203560.ckpt.
[2026-02-07 16:39:45] INFO {'epoch': 26, 'beauty_10_ndcg@20': tensor(0.0415), 'beauty_10_recall@20': tensor(0.0937), 'ndcg@20': tensor(0.0415), 'recall@20': tensor(0.0937), 'train_loss_0': tensor(0.5617, device='cuda:0')}
[2026-02-07 16:39:45] INFO training_time: 235.34460186958313
[2026-02-07 16:39:45] INFO inference_time: 19.790353059768677
[2026-02-07 16:39:54] INFO {'epoch': 27, 'beauty_10_ndcg@20': tensor(0.0409), 'beauty_10_recall@20': tensor(0.0944), 'ndcg@20': tensor(0.0409), 'recall@20': tensor(0.0944), 'train_loss_0': tensor(0.5544, device='cuda:0')}
[2026-02-07 16:39:54] INFO training_time: 244.13965725898743
[2026-02-07 16:39:54] INFO inference_time: 20.535154342651367
[2026-02-07 16:40:04] INFO {'epoch': 28, 'beauty_10_ndcg@20': tensor(0.0409), 'beauty_10_recall@20': tensor(0.0945), 'ndcg@20': tensor(0.0409), 'recall@20': tensor(0.0945), 'train_loss_0': tensor(0.5499, device='cuda:0')}
[2026-02-07 16:40:04] INFO training_time: 252.74884581565857
[2026-02-07 16:40:04] INFO inference_time: 21.22671604156494
[2026-02-07 16:40:13] INFO {'epoch': 29, 'beauty_10_ndcg@20': tensor(0.0407), 'beauty_10_recall@20': tensor(0.0933), 'ndcg@20': tensor(0.0407), 'recall@20': tensor(0.0933), 'train_loss_0': tensor(0.5462, device='cuda:0')}
[2026-02-07 16:40:13] INFO training_time: 260.86379051208496
[2026-02-07 16:40:13] INFO inference_time: 21.9948513507843
[2026-02-07 16:40:23] INFO {'epoch': 30, 'beauty_10_ndcg@20': tensor(0.0417), 'beauty_10_recall@20': tensor(0.0959), 'ndcg@20': tensor(0.0417), 'recall@20': tensor(0.0959), 'train_loss_0': tensor(0.5403, device='cuda:0')}
[2026-02-07 16:40:23] INFO training_time: 269.85735416412354
[2026-02-07 16:40:23] INFO inference_time: 23.02451205253601
[2026-02-07 16:40:33] INFO {'epoch': 31, 'beauty_10_ndcg@20': tensor(0.0419), 'beauty_10_recall@20': tensor(0.0967), 'ndcg@20': tensor(0.0419), 'recall@20': tensor(0.0967), 'train_loss_0': tensor(0.5374, device='cuda:0')}
[2026-02-07 16:40:33] INFO training_time: 279.30340099334717
[2026-02-07 16:40:33] INFO inference_time: 23.938136100769043
[2026-02-07 16:40:43] INFO {'epoch': 32, 'beauty_10_ndcg@20': tensor(0.0409), 'beauty_10_recall@20': tensor(0.0942), 'ndcg@20': tensor(0.0409), 'recall@20': tensor(0.0942), 'train_loss_0': tensor(0.5316, device='cuda:0')}
[2026-02-07 16:40:43] INFO training_time: 288.3259003162384
[2026-02-07 16:40:43] INFO inference_time: 24.595839262008667
[2026-02-07 16:40:52] INFO {'epoch': 33, 'beauty_10_ndcg@20': tensor(0.0419), 'beauty_10_recall@20': tensor(0.0952), 'ndcg@20': tensor(0.0419), 'recall@20': tensor(0.0952), 'train_loss_0': tensor(0.5300, device='cuda:0')}
[2026-02-07 16:40:52] INFO training_time: 297.1572823524475
[2026-02-07 16:40:52] INFO inference_time: 25.38436532020569
[2026-02-07 16:41:01] INFO {'epoch': 34, 'beauty_10_ndcg@20': tensor(0.0422), 'beauty_10_recall@20': tensor(0.0968), 'ndcg@20': tensor(0.0422), 'recall@20': tensor(0.0968), 'train_loss_0': tensor(0.5239, device='cuda:0')}
[2026-02-07 16:41:01] INFO training_time: 305.6895430088043
[2026-02-07 16:41:01] INFO inference_time: 26.008472442626953
[2026-02-07 16:41:11] INFO {'epoch': 35, 'beauty_10_ndcg@20': tensor(0.0417), 'beauty_10_recall@20': tensor(0.0963), 'ndcg@20': tensor(0.0417), 'recall@20': tensor(0.0963), 'train_loss_0': tensor(0.5180, device='cuda:0')}
[2026-02-07 16:41:11] INFO training_time: 314.5008776187897
[2026-02-07 16:41:11] INFO inference_time: 26.808644771575928
[2026-02-07 16:41:20] INFO {'epoch': 36, 'beauty_10_ndcg@20': tensor(0.0429), 'beauty_10_recall@20': tensor(0.0979), 'ndcg@20': tensor(0.0429), 'recall@20': tensor(0.0979), 'train_loss_0': tensor(0.5123, device='cuda:0')}
[2026-02-07 16:41:20] INFO training_time: 322.96468687057495
[2026-02-07 16:41:20] INFO inference_time: 27.58581304550171
[2026-02-07 16:41:20] INFO ndcg@20 improved. Best value: 0.0429
[2026-02-07 16:41:20] INFO Best model checkpoint saved in saved/SASRec/noisy_10/2026-02-07-16-35-25-203560.ckpt.
[2026-02-07 16:41:29] INFO {'epoch': 37, 'beauty_10_ndcg@20': tensor(0.0438), 'beauty_10_recall@20': tensor(0.0982), 'ndcg@20': tensor(0.0438), 'recall@20': tensor(0.0982), 'train_loss_0': tensor(0.5136, device='cuda:0')}
[2026-02-07 16:41:29] INFO training_time: 331.3604471683502
[2026-02-07 16:41:29] INFO inference_time: 28.1950044631958
[2026-02-07 16:41:29] INFO ndcg@20 improved. Best value: 0.0438
[2026-02-07 16:41:29] INFO Best model checkpoint saved in saved/SASRec/noisy_10/2026-02-07-16-35-25-203560.ckpt.
[2026-02-07 16:41:39] INFO {'epoch': 38, 'beauty_10_ndcg@20': tensor(0.0439), 'beauty_10_recall@20': tensor(0.0987), 'ndcg@20': tensor(0.0439), 'recall@20': tensor(0.0987), 'train_loss_0': tensor(0.5100, device='cuda:0')}
[2026-02-07 16:41:39] INFO training_time: 340.248655796051
[2026-02-07 16:41:39] INFO inference_time: 28.920358180999756
[2026-02-07 16:41:39] INFO ndcg@20 improved. Best value: 0.0439
[2026-02-07 16:41:39] INFO Best model checkpoint saved in saved/SASRec/noisy_10/2026-02-07-16-35-25-203560.ckpt.
[2026-02-07 16:41:48] INFO {'epoch': 39, 'beauty_10_ndcg@20': tensor(0.0428), 'beauty_10_recall@20': tensor(0.0963), 'ndcg@20': tensor(0.0428), 'recall@20': tensor(0.0963), 'train_loss_0': tensor(0.5069, device='cuda:0')}
[2026-02-07 16:41:48] INFO training_time: 348.99674558639526
[2026-02-07 16:41:48] INFO inference_time: 29.53152298927307
[2026-02-07 16:41:58] INFO {'epoch': 40, 'beauty_10_ndcg@20': tensor(0.0433), 'beauty_10_recall@20': tensor(0.0982), 'ndcg@20': tensor(0.0433), 'recall@20': tensor(0.0982), 'train_loss_0': tensor(0.5048, device='cuda:0')}
[2026-02-07 16:41:58] INFO training_time: 357.5119936466217
[2026-02-07 16:41:58] INFO inference_time: 30.593205451965332
[2026-02-07 16:42:08] INFO {'epoch': 41, 'beauty_10_ndcg@20': tensor(0.0439), 'beauty_10_recall@20': tensor(0.0996), 'ndcg@20': tensor(0.0439), 'recall@20': tensor(0.0996), 'train_loss_0': tensor(0.4961, device='cuda:0')}
[2026-02-07 16:42:08] INFO training_time: 366.41188788414
[2026-02-07 16:42:08] INFO inference_time: 31.396392107009888
[2026-02-07 16:42:17] INFO {'epoch': 42, 'beauty_10_ndcg@20': tensor(0.0433), 'beauty_10_recall@20': tensor(0.0986), 'ndcg@20': tensor(0.0433), 'recall@20': tensor(0.0986), 'train_loss_0': tensor(0.4967, device='cuda:0')}
[2026-02-07 16:42:17] INFO training_time: 374.9309422969818
[2026-02-07 16:42:17] INFO inference_time: 32.013142824172974
[2026-02-07 16:42:26] INFO {'epoch': 43, 'beauty_10_ndcg@20': tensor(0.0433), 'beauty_10_recall@20': tensor(0.0971), 'ndcg@20': tensor(0.0433), 'recall@20': tensor(0.0971), 'train_loss_0': tensor(0.4936, device='cuda:0')}
[2026-02-07 16:42:26] INFO training_time: 383.67009019851685
[2026-02-07 16:42:26] INFO inference_time: 32.7973997592926
[2026-02-07 16:42:36] INFO {'epoch': 44, 'beauty_10_ndcg@20': tensor(0.0438), 'beauty_10_recall@20': tensor(0.0958), 'ndcg@20': tensor(0.0438), 'recall@20': tensor(0.0958), 'train_loss_0': tensor(0.4898, device='cuda:0')}
[2026-02-07 16:42:36] INFO training_time: 392.159405708313
[2026-02-07 16:42:36] INFO inference_time: 33.565916776657104
[2026-02-07 16:42:45] INFO {'epoch': 45, 'beauty_10_ndcg@20': tensor(0.0446), 'beauty_10_recall@20': tensor(0.0978), 'ndcg@20': tensor(0.0446), 'recall@20': tensor(0.0978), 'train_loss_0': tensor(0.4942, device='cuda:0')}
[2026-02-07 16:42:45] INFO training_time: 400.619854927063
[2026-02-07 16:42:45] INFO inference_time: 34.34396958351135
[2026-02-07 16:42:45] INFO ndcg@20 improved. Best value: 0.0446
[2026-02-07 16:42:45] INFO Best model checkpoint saved in saved/SASRec/noisy_10/2026-02-07-16-35-25-203560.ckpt.
[2026-02-07 16:42:54] INFO {'epoch': 46, 'beauty_10_ndcg@20': tensor(0.0452), 'beauty_10_recall@20': tensor(0.0989), 'ndcg@20': tensor(0.0452), 'recall@20': tensor(0.0989), 'train_loss_0': tensor(0.4887, device='cuda:0')}
[2026-02-07 16:42:54] INFO training_time: 409.52214455604553
[2026-02-07 16:42:54] INFO inference_time: 35.11944603919983
[2026-02-07 16:42:54] INFO ndcg@20 improved. Best value: 0.0452
[2026-02-07 16:42:55] INFO Best model checkpoint saved in saved/SASRec/noisy_10/2026-02-07-16-35-25-203560.ckpt.
[2026-02-07 16:43:04] INFO {'epoch': 47, 'beauty_10_ndcg@20': tensor(0.0444), 'beauty_10_recall@20': tensor(0.0978), 'ndcg@20': tensor(0.0444), 'recall@20': tensor(0.0978), 'train_loss_0': tensor(0.4897, device='cuda:0')}
[2026-02-07 16:43:04] INFO training_time: 417.9127142429352
[2026-02-07 16:43:04] INFO inference_time: 35.90950417518616
[2026-02-07 16:43:14] INFO {'epoch': 48, 'beauty_10_ndcg@20': tensor(0.0456), 'beauty_10_recall@20': tensor(0.0999), 'ndcg@20': tensor(0.0456), 'recall@20': tensor(0.0999), 'train_loss_0': tensor(0.4866, device='cuda:0')}
[2026-02-07 16:43:14] INFO training_time: 427.49208092689514
[2026-02-07 16:43:14] INFO inference_time: 36.68227815628052
[2026-02-07 16:43:14] INFO ndcg@20 improved. Best value: 0.0456
[2026-02-07 16:43:14] INFO Best model checkpoint saved in saved/SASRec/noisy_10/2026-02-07-16-35-25-203560.ckpt.
[2026-02-07 16:43:24] INFO {'epoch': 49, 'beauty_10_ndcg@20': tensor(0.0452), 'beauty_10_recall@20': tensor(0.0996), 'ndcg@20': tensor(0.0452), 'recall@20': tensor(0.0996), 'train_loss_0': tensor(0.4852, device='cuda:0')}
[2026-02-07 16:43:24] INFO training_time: 436.635374546051
[2026-02-07 16:43:24] INFO inference_time: 37.38337278366089
[2026-02-07 16:43:33] INFO {'epoch': 50, 'beauty_10_ndcg@20': tensor(0.0445), 'beauty_10_recall@20': tensor(0.0991), 'ndcg@20': tensor(0.0445), 'recall@20': tensor(0.0991), 'train_loss_0': tensor(0.4789, device='cuda:0')}
[2026-02-07 16:43:33] INFO training_time: 445.1502504348755
[2026-02-07 16:43:33] INFO inference_time: 38.277732610702515
[2026-02-07 16:43:43] INFO {'epoch': 51, 'beauty_10_ndcg@20': tensor(0.0458), 'beauty_10_recall@20': tensor(0.1002), 'ndcg@20': tensor(0.0458), 'recall@20': tensor(0.1002), 'train_loss_0': tensor(0.4756, device='cuda:0')}
[2026-02-07 16:43:43] INFO training_time: 454.0088212490082
[2026-02-07 16:43:43] INFO inference_time: 39.08675217628479
[2026-02-07 16:43:43] INFO ndcg@20 improved. Best value: 0.0458
[2026-02-07 16:43:43] INFO Best model checkpoint saved in saved/SASRec/noisy_10/2026-02-07-16-35-25-203560.ckpt.
[2026-02-07 16:43:52] INFO {'epoch': 52, 'beauty_10_ndcg@20': tensor(0.0449), 'beauty_10_recall@20': tensor(0.1004), 'ndcg@20': tensor(0.0449), 'recall@20': tensor(0.1004), 'train_loss_0': tensor(0.4775, device='cuda:0')}
[2026-02-07 16:43:52] INFO training_time: 462.51606798171997
[2026-02-07 16:43:52] INFO inference_time: 39.76001214981079
[2026-02-07 16:44:02] INFO {'epoch': 53, 'beauty_10_ndcg@20': tensor(0.0449), 'beauty_10_recall@20': tensor(0.0981), 'ndcg@20': tensor(0.0449), 'recall@20': tensor(0.0981), 'train_loss_0': tensor(0.4762, device='cuda:0')}
[2026-02-07 16:44:02] INFO training_time: 470.99187207221985
[2026-02-07 16:44:02] INFO inference_time: 40.64118313789368
[2026-02-07 16:44:11] INFO {'epoch': 54, 'beauty_10_ndcg@20': tensor(0.0454), 'beauty_10_recall@20': tensor(0.1007), 'ndcg@20': tensor(0.0454), 'recall@20': tensor(0.1007), 'train_loss_0': tensor(0.4758, device='cuda:0')}
[2026-02-07 16:44:11] INFO training_time: 479.7556052207947
[2026-02-07 16:44:11] INFO inference_time: 41.39799976348877
[2026-02-07 16:44:21] INFO {'epoch': 55, 'beauty_10_ndcg@20': tensor(0.0443), 'beauty_10_recall@20': tensor(0.0984), 'ndcg@20': tensor(0.0443), 'recall@20': tensor(0.0984), 'train_loss_0': tensor(0.4724, device='cuda:0')}
[2026-02-07 16:44:21] INFO training_time: 488.5099127292633
[2026-02-07 16:44:21] INFO inference_time: 42.16251230239868
[2026-02-07 16:44:30] INFO {'epoch': 56, 'beauty_10_ndcg@20': tensor(0.0449), 'beauty_10_recall@20': tensor(0.1012), 'ndcg@20': tensor(0.0449), 'recall@20': tensor(0.1012), 'train_loss_0': tensor(0.4731, device='cuda:0')}
[2026-02-07 16:44:30] INFO training_time: 497.2496635913849
[2026-02-07 16:44:30] INFO inference_time: 42.8729612827301
[2026-02-07 16:44:39] INFO {'epoch': 57, 'beauty_10_ndcg@20': tensor(0.0454), 'beauty_10_recall@20': tensor(0.1001), 'ndcg@20': tensor(0.0454), 'recall@20': tensor(0.1001), 'train_loss_0': tensor(0.4714, device='cuda:0')}
[2026-02-07 16:44:39] INFO training_time: 506.02373361587524
[2026-02-07 16:44:39] INFO inference_time: 43.50044131278992
[2026-02-07 16:44:49] INFO {'epoch': 58, 'beauty_10_ndcg@20': tensor(0.0449), 'beauty_10_recall@20': tensor(0.0991), 'ndcg@20': tensor(0.0449), 'recall@20': tensor(0.0991), 'train_loss_0': tensor(0.4676, device='cuda:0')}
[2026-02-07 16:44:49] INFO training_time: 514.3884000778198
[2026-02-07 16:44:49] INFO inference_time: 44.26338171958923
[2026-02-07 16:44:58] INFO {'epoch': 59, 'beauty_10_ndcg@20': tensor(0.0452), 'beauty_10_recall@20': tensor(0.0998), 'ndcg@20': tensor(0.0452), 'recall@20': tensor(0.0998), 'train_loss_0': tensor(0.4698, device='cuda:0')}
[2026-02-07 16:44:58] INFO training_time: 523.435136795044
[2026-02-07 16:44:58] INFO inference_time: 45.059619188308716
[2026-02-07 16:45:09] INFO {'epoch': 60, 'beauty_10_ndcg@20': tensor(0.0453), 'beauty_10_recall@20': tensor(0.0999), 'ndcg@20': tensor(0.0453), 'recall@20': tensor(0.0999), 'train_loss_0': tensor(0.4645, device='cuda:0')}
[2026-02-07 16:45:09] INFO training_time: 532.7941451072693
[2026-02-07 16:45:09] INFO inference_time: 46.266053915023804
[2026-02-07 16:45:19] INFO {'epoch': 61, 'beauty_10_ndcg@20': tensor(0.0453), 'beauty_10_recall@20': tensor(0.1011), 'ndcg@20': tensor(0.0453), 'recall@20': tensor(0.1011), 'train_loss_0': tensor(0.4634, device='cuda:0')}
[2026-02-07 16:45:19] INFO training_time: 542.2069430351257
[2026-02-07 16:45:19] INFO inference_time: 46.96182417869568
[2026-02-07 16:45:29] INFO {'epoch': 62, 'beauty_10_ndcg@20': tensor(0.0462), 'beauty_10_recall@20': tensor(0.1017), 'ndcg@20': tensor(0.0462), 'recall@20': tensor(0.1017), 'train_loss_0': tensor(0.4617, device='cuda:0')}
[2026-02-07 16:45:29] INFO training_time: 551.6917951107025
[2026-02-07 16:45:29] INFO inference_time: 47.59428262710571
[2026-02-07 16:45:29] INFO ndcg@20 improved. Best value: 0.0462
[2026-02-07 16:45:29] INFO Best model checkpoint saved in saved/SASRec/noisy_10/2026-02-07-16-35-25-203560.ckpt.
[2026-02-07 16:45:39] INFO {'epoch': 63, 'beauty_10_ndcg@20': tensor(0.0455), 'beauty_10_recall@20': tensor(0.1009), 'ndcg@20': tensor(0.0455), 'recall@20': tensor(0.1009), 'train_loss_0': tensor(0.4638, device='cuda:0')}
[2026-02-07 16:45:39] INFO training_time: 560.8751010894775
[2026-02-07 16:45:39] INFO inference_time: 48.302215814590454
[2026-02-07 16:45:49] INFO {'epoch': 64, 'beauty_10_ndcg@20': tensor(0.0439), 'beauty_10_recall@20': tensor(0.0975), 'ndcg@20': tensor(0.0439), 'recall@20': tensor(0.0975), 'train_loss_0': tensor(0.4594, device='cuda:0')}
[2026-02-07 16:45:49] INFO training_time: 570.1982629299164
[2026-02-07 16:45:49] INFO inference_time: 49.26299524307251
[2026-02-07 16:46:00] INFO {'epoch': 65, 'beauty_10_ndcg@20': tensor(0.0447), 'beauty_10_recall@20': tensor(0.0985), 'ndcg@20': tensor(0.0447), 'recall@20': tensor(0.0985), 'train_loss_0': tensor(0.4613, device='cuda:0')}
[2026-02-07 16:46:00] INFO training_time: 579.6347045898438
[2026-02-07 16:46:00] INFO inference_time: 50.106881618499756
[2026-02-07 16:46:10] INFO {'epoch': 66, 'beauty_10_ndcg@20': tensor(0.0448), 'beauty_10_recall@20': tensor(0.0980), 'ndcg@20': tensor(0.0448), 'recall@20': tensor(0.0980), 'train_loss_0': tensor(0.4567, device='cuda:0')}
[2026-02-07 16:46:10] INFO training_time: 588.8900957107544
[2026-02-07 16:46:10] INFO inference_time: 50.8248827457428
[2026-02-07 16:46:20] INFO {'epoch': 67, 'beauty_10_ndcg@20': tensor(0.0451), 'beauty_10_recall@20': tensor(0.0989), 'ndcg@20': tensor(0.0451), 'recall@20': tensor(0.0989), 'train_loss_0': tensor(0.4591, device='cuda:0')}
[2026-02-07 16:46:20] INFO training_time: 598.4083943367004
[2026-02-07 16:46:20] INFO inference_time: 51.5184600353241
[2026-02-07 16:46:30] INFO {'epoch': 68, 'beauty_10_ndcg@20': tensor(0.0455), 'beauty_10_recall@20': tensor(0.0994), 'ndcg@20': tensor(0.0455), 'recall@20': tensor(0.0994), 'train_loss_0': tensor(0.4567, device='cuda:0')}
[2026-02-07 16:46:30] INFO training_time: 607.7803554534912
[2026-02-07 16:46:30] INFO inference_time: 52.21832346916199
[2026-02-07 16:46:40] INFO {'epoch': 69, 'beauty_10_ndcg@20': tensor(0.0455), 'beauty_10_recall@20': tensor(0.1013), 'ndcg@20': tensor(0.0455), 'recall@20': tensor(0.1013), 'train_loss_0': tensor(0.4548, device='cuda:0')}
[2026-02-07 16:46:40] INFO training_time: 617.0392513275146
[2026-02-07 16:46:40] INFO inference_time: 52.832948207855225
[2026-02-07 16:46:50] INFO {'epoch': 70, 'beauty_10_ndcg@20': tensor(0.0451), 'beauty_10_recall@20': tensor(0.1002), 'ndcg@20': tensor(0.0451), 'recall@20': tensor(0.1002), 'train_loss_0': tensor(0.4528, device='cuda:0')}
[2026-02-07 16:46:50] INFO training_time: 626.3258056640625
[2026-02-07 16:46:50] INFO inference_time: 53.874138593673706
[2026-02-07 16:47:00] INFO {'epoch': 71, 'beauty_10_ndcg@20': tensor(0.0444), 'beauty_10_recall@20': tensor(0.0988), 'ndcg@20': tensor(0.0444), 'recall@20': tensor(0.0988), 'train_loss_0': tensor(0.4529, device='cuda:0')}
[2026-02-07 16:47:00] INFO training_time: 635.7003703117371
[2026-02-07 16:47:00] INFO inference_time: 54.69977927207947
[2026-02-07 16:47:11] INFO {'epoch': 72, 'beauty_10_ndcg@20': tensor(0.0448), 'beauty_10_recall@20': tensor(0.1016), 'ndcg@20': tensor(0.0448), 'recall@20': tensor(0.1016), 'train_loss_0': tensor(0.4542, device='cuda:0')}
[2026-02-07 16:47:11] INFO training_time: 645.2617893218994
[2026-02-07 16:47:11] INFO inference_time: 55.43008303642273
[2026-02-07 16:47:21] INFO {'epoch': 73, 'beauty_10_ndcg@20': tensor(0.0451), 'beauty_10_recall@20': tensor(0.1013), 'ndcg@20': tensor(0.0451), 'recall@20': tensor(0.1013), 'train_loss_0': tensor(0.4497, device='cuda:0')}
[2026-02-07 16:47:21] INFO training_time: 654.6754124164581
[2026-02-07 16:47:21] INFO inference_time: 56.24202036857605
[2026-02-07 16:47:30] INFO {'epoch': 74, 'beauty_10_ndcg@20': tensor(0.0447), 'beauty_10_recall@20': tensor(0.1011), 'ndcg@20': tensor(0.0447), 'recall@20': tensor(0.1011), 'train_loss_0': tensor(0.4475, device='cuda:0')}
[2026-02-07 16:47:30] INFO training_time: 663.49986577034
[2026-02-07 16:47:30] INFO inference_time: 56.868961572647095
[2026-02-07 16:47:40] INFO {'epoch': 75, 'beauty_10_ndcg@20': tensor(0.0453), 'beauty_10_recall@20': tensor(0.1015), 'ndcg@20': tensor(0.0453), 'recall@20': tensor(0.1015), 'train_loss_0': tensor(0.4498, device='cuda:0')}
[2026-02-07 16:47:40] INFO training_time: 672.2765831947327
[2026-02-07 16:47:40] INFO inference_time: 57.53313612937927
[2026-02-07 16:47:49] INFO {'epoch': 76, 'beauty_10_ndcg@20': tensor(0.0451), 'beauty_10_recall@20': tensor(0.1002), 'ndcg@20': tensor(0.0451), 'recall@20': tensor(0.1002), 'train_loss_0': tensor(0.4484, device='cuda:0')}
[2026-02-07 16:47:49] INFO training_time: 680.8828544616699
[2026-02-07 16:47:49] INFO inference_time: 58.168822288513184
[2026-02-07 16:47:59] INFO {'epoch': 77, 'beauty_10_ndcg@20': tensor(0.0445), 'beauty_10_recall@20': tensor(0.1005), 'ndcg@20': tensor(0.0445), 'recall@20': tensor(0.1005), 'train_loss_0': tensor(0.4509, device='cuda:0')}
[2026-02-07 16:47:59] INFO training_time: 689.483363866806
[2026-02-07 16:47:59] INFO inference_time: 58.97709083557129
[2026-02-07 16:48:08] INFO {'epoch': 78, 'beauty_10_ndcg@20': tensor(0.0445), 'beauty_10_recall@20': tensor(0.1006), 'ndcg@20': tensor(0.0445), 'recall@20': tensor(0.1006), 'train_loss_0': tensor(0.4479, device='cuda:0')}
[2026-02-07 16:48:08] INFO training_time: 698.1377689838409
[2026-02-07 16:48:08] INFO inference_time: 59.79754042625427
[2026-02-07 16:48:18] INFO {'epoch': 79, 'beauty_10_ndcg@20': tensor(0.0448), 'beauty_10_recall@20': tensor(0.1005), 'ndcg@20': tensor(0.0448), 'recall@20': tensor(0.1005), 'train_loss_0': tensor(0.4470, device='cuda:0')}
[2026-02-07 16:48:18] INFO training_time: 706.7009444236755
[2026-02-07 16:48:18] INFO inference_time: 60.744128465652466
[2026-02-07 16:48:27] INFO {'epoch': 80, 'beauty_10_ndcg@20': tensor(0.0438), 'beauty_10_recall@20': tensor(0.0993), 'ndcg@20': tensor(0.0438), 'recall@20': tensor(0.0993), 'train_loss_0': tensor(0.4400, device='cuda:0')}
[2026-02-07 16:48:27] INFO training_time: 715.4888155460358
[2026-02-07 16:48:27] INFO inference_time: 61.82163143157959
[2026-02-07 16:48:38] INFO {'epoch': 81, 'beauty_10_ndcg@20': tensor(0.0436), 'beauty_10_recall@20': tensor(0.0995), 'ndcg@20': tensor(0.0436), 'recall@20': tensor(0.0995), 'train_loss_0': tensor(0.4448, device='cuda:0')}
[2026-02-07 16:48:38] INFO training_time: 725.0593366622925
[2026-02-07 16:48:38] INFO inference_time: 62.5462486743927
[2026-02-07 16:48:48] INFO {'epoch': 82, 'beauty_10_ndcg@20': tensor(0.0438), 'beauty_10_recall@20': tensor(0.1002), 'ndcg@20': tensor(0.0438), 'recall@20': tensor(0.1002), 'train_loss_0': tensor(0.4463, device='cuda:0')}
[2026-02-07 16:48:48] INFO training_time: 734.3556489944458
[2026-02-07 16:48:48] INFO inference_time: 63.398468255996704
[2026-02-07 16:48:48] INFO Early stopped. Since the metric ndcg@20 haven't been improved for 20 epochs.
[2026-02-07 16:48:48] INFO The best score of ndcg@20 is 0.0462 on epoch 62
[2026-02-07 16:48:48] INFO Best model checkpoint saved in saved/SASRec/noisy_10/2026-02-07-16-35-25-203560.ckpt.
[2026-02-07 16:48:49] INFO defaultdict(<class 'float'>, {'beauty_10_ndcg@20': tensor(0.0343), 'beauty_10_recall@20': tensor(0.0785), 'beauty_10_ndcg@10': tensor(0.0274), 'beauty_10_recall@10': tensor(0.0512), 'ndcg@20': tensor(0.0343), 'recall@20': tensor(0.0785), 'ndcg@10': tensor(0.0274), 'recall@10': tensor(0.0512)})
