[2026-02-09 15:23:13] INFO PID of this process: 2254926
[2026-02-09 15:23:18] INFO {'model': {'embed_dim': 64, 'loss_fn': 'bce', 'hidden_size': 128, 'layer_num': 2, 'head_num': 2, 'dropout_rate': 0.5, 'activation': 'gelu', 'layer_norm_eps': 1e-12, 'model': 'SASRec'}, 'data': {'domain_name_list': ['beauty_10'], 'user_threshold': 5, 'item_threshold': 5, 'max_seq_len': 50, 'dataset_class': 'general', 'train_file': '_ori', 'dataset': 'noisy_10'}, 'train': {'batch_size': 256, 'early_stop_mode': 'max', 'early_stop_patience': 20, 'epochs': 1000, 'device': 'cuda', 'optimizer': 'adam', 'learning_rate': 0.001, 'weight_decay': 0, 'num_neg': 1, 'seed': 2025}, 'eval': {'batch_size': 2048, 'cutoff': [20, 10], 'val_metrics': ['ndcg', 'recall'], 'test_metrics': ['ndcg', 'recall'], 'topk': 100, 'save_path': './saved/'}}
[2026-02-09 15:23:18] INFO <data.dataset.SeparateDataset object at 0x7fba0a7441c0>
[2026-02-09 15:23:18] INFO save_dir:saved
[2026-02-09 15:23:18] INFO SASRec(
  (item_embedding): Embedding(12102, 64, padding_idx=0)
  (query_encoder): SASRecQueryEncoder(
    (item_encoder): Embedding(12102, 64, padding_idx=0)
    (position_emb): Embedding(50, 64)
    (transformer_layer): TransformerEncoder(
      (layers): ModuleList(
        (0): TransformerEncoderLayer(
          (self_attn): MultiheadAttention(
            (out_proj): NonDynamicallyQuantizableLinear(in_features=64, out_features=64, bias=True)
          )
          (linear1): Linear(in_features=64, out_features=128, bias=True)
          (dropout): Dropout(p=0.5, inplace=False)
          (linear2): Linear(in_features=128, out_features=64, bias=True)
          (norm1): LayerNorm((64,), eps=1e-12, elementwise_affine=True)
          (norm2): LayerNorm((64,), eps=1e-12, elementwise_affine=True)
          (dropout1): Dropout(p=0.5, inplace=False)
          (dropout2): Dropout(p=0.5, inplace=False)
        )
        (1): TransformerEncoderLayer(
          (self_attn): MultiheadAttention(
            (out_proj): NonDynamicallyQuantizableLinear(in_features=64, out_features=64, bias=True)
          )
          (linear1): Linear(in_features=64, out_features=128, bias=True)
          (dropout): Dropout(p=0.5, inplace=False)
          (linear2): Linear(in_features=128, out_features=64, bias=True)
          (norm1): LayerNorm((64,), eps=1e-12, elementwise_affine=True)
          (norm2): LayerNorm((64,), eps=1e-12, elementwise_affine=True)
          (dropout1): Dropout(p=0.5, inplace=False)
          (dropout2): Dropout(p=0.5, inplace=False)
        )
      )
    )
    (dropout): Dropout(p=0.5, inplace=False)
    (training_pooling_layer): SeqPoolingLayer()
    (eval_pooling_layer): SeqPoolingLayer()
  )
  (loss_fn): BinaryCrossEntropyLoss()
)
[2026-02-09 15:23:32] INFO {'epoch': 0, 'beauty_10_ndcg@20': tensor(0.0106), 'beauty_10_recall@20': tensor(0.0264), 'ndcg@20': tensor(0.0106), 'recall@20': tensor(0.0264), 'train_loss_0': tensor(1.3159, device='cuda:0')}
[2026-02-09 15:23:32] INFO training_time: 13.347170352935791
[2026-02-09 15:23:32] INFO inference_time: 1.113802433013916
[2026-02-09 15:23:32] INFO ndcg@20 improved. Best value: 0.0106
[2026-02-09 15:23:32] INFO Best model checkpoint saved in saved/SASRec/noisy_10/2026-02-09-15-23-13-042460.ckpt.
[2026-02-09 15:23:48] INFO {'epoch': 1, 'beauty_10_ndcg@20': tensor(0.0107), 'beauty_10_recall@20': tensor(0.0258), 'ndcg@20': tensor(0.0107), 'recall@20': tensor(0.0258), 'train_loss_0': tensor(1.1912, device='cuda:0')}
[2026-02-09 15:23:48] INFO training_time: 28.25373125076294
[2026-02-09 15:23:48] INFO inference_time: 2.0915091037750244
[2026-02-09 15:23:48] INFO ndcg@20 improved. Best value: 0.0107
[2026-02-09 15:23:48] INFO Best model checkpoint saved in saved/SASRec/noisy_10/2026-02-09-15-23-13-042460.ckpt.
[2026-02-09 15:24:04] INFO {'epoch': 2, 'beauty_10_ndcg@20': tensor(0.0135), 'beauty_10_recall@20': tensor(0.0330), 'ndcg@20': tensor(0.0135), 'recall@20': tensor(0.0330), 'train_loss_0': tensor(1.1406, device='cuda:0')}
[2026-02-09 15:24:04] INFO training_time: 43.29303312301636
[2026-02-09 15:24:04] INFO inference_time: 2.99064040184021
[2026-02-09 15:24:04] INFO ndcg@20 improved. Best value: 0.0135
[2026-02-09 15:24:04] INFO Best model checkpoint saved in saved/SASRec/noisy_10/2026-02-09-15-23-13-042460.ckpt.
[2026-02-09 15:24:20] INFO {'epoch': 3, 'beauty_10_ndcg@20': tensor(0.0150), 'beauty_10_recall@20': tensor(0.0355), 'ndcg@20': tensor(0.0150), 'recall@20': tensor(0.0355), 'train_loss_0': tensor(1.0832, device='cuda:0')}
[2026-02-09 15:24:20] INFO training_time: 58.51591515541077
[2026-02-09 15:24:20] INFO inference_time: 3.862255573272705
[2026-02-09 15:24:20] INFO ndcg@20 improved. Best value: 0.0150
[2026-02-09 15:24:20] INFO Best model checkpoint saved in saved/SASRec/noisy_10/2026-02-09-15-23-13-042460.ckpt.
[2026-02-09 15:24:36] INFO {'epoch': 4, 'beauty_10_ndcg@20': tensor(0.0171), 'beauty_10_recall@20': tensor(0.0429), 'ndcg@20': tensor(0.0171), 'recall@20': tensor(0.0429), 'train_loss_0': tensor(1.0354, device='cuda:0')}
[2026-02-09 15:24:37] INFO training_time: 73.58855152130127
[2026-02-09 15:24:37] INFO inference_time: 4.826311349868774
[2026-02-09 15:24:37] INFO ndcg@20 improved. Best value: 0.0171
[2026-02-09 15:24:37] INFO Best model checkpoint saved in saved/SASRec/noisy_10/2026-02-09-15-23-13-042460.ckpt.
[2026-02-09 15:24:53] INFO {'epoch': 5, 'beauty_10_ndcg@20': tensor(0.0193), 'beauty_10_recall@20': tensor(0.0472), 'ndcg@20': tensor(0.0193), 'recall@20': tensor(0.0472), 'train_loss_0': tensor(0.9885, device='cuda:0')}
[2026-02-09 15:24:53] INFO training_time: 88.93821215629578
[2026-02-09 15:24:53] INFO inference_time: 5.755185604095459
[2026-02-09 15:24:53] INFO ndcg@20 improved. Best value: 0.0193
[2026-02-09 15:24:53] INFO Best model checkpoint saved in saved/SASRec/noisy_10/2026-02-09-15-23-13-042460.ckpt.
[2026-02-09 15:25:09] INFO {'epoch': 6, 'beauty_10_ndcg@20': tensor(0.0210), 'beauty_10_recall@20': tensor(0.0522), 'ndcg@20': tensor(0.0210), 'recall@20': tensor(0.0522), 'train_loss_0': tensor(0.9478, device='cuda:0')}
[2026-02-09 15:25:09] INFO training_time: 104.36997580528259
[2026-02-09 15:25:09] INFO inference_time: 6.657759189605713
[2026-02-09 15:25:09] INFO ndcg@20 improved. Best value: 0.0210
[2026-02-09 15:25:09] INFO Best model checkpoint saved in saved/SASRec/noisy_10/2026-02-09-15-23-13-042460.ckpt.
[2026-02-09 15:25:25] INFO {'epoch': 7, 'beauty_10_ndcg@20': tensor(0.0213), 'beauty_10_recall@20': tensor(0.0538), 'ndcg@20': tensor(0.0213), 'recall@20': tensor(0.0538), 'train_loss_0': tensor(0.9044, device='cuda:0')}
[2026-02-09 15:25:25] INFO training_time: 119.44486474990845
[2026-02-09 15:25:25] INFO inference_time: 7.622632265090942
[2026-02-09 15:25:25] INFO ndcg@20 improved. Best value: 0.0213
[2026-02-09 15:25:25] INFO Best model checkpoint saved in saved/SASRec/noisy_10/2026-02-09-15-23-13-042460.ckpt.
[2026-02-09 15:25:41] INFO {'epoch': 8, 'beauty_10_ndcg@20': tensor(0.0224), 'beauty_10_recall@20': tensor(0.0562), 'ndcg@20': tensor(0.0224), 'recall@20': tensor(0.0562), 'train_loss_0': tensor(0.8705, device='cuda:0')}
[2026-02-09 15:25:41] INFO training_time: 134.51599192619324
[2026-02-09 15:25:41] INFO inference_time: 8.610341310501099
[2026-02-09 15:25:41] INFO ndcg@20 improved. Best value: 0.0224
[2026-02-09 15:25:41] INFO Best model checkpoint saved in saved/SASRec/noisy_10/2026-02-09-15-23-13-042460.ckpt.
[2026-02-09 15:25:58] INFO {'epoch': 9, 'beauty_10_ndcg@20': tensor(0.0231), 'beauty_10_recall@20': tensor(0.0585), 'ndcg@20': tensor(0.0231), 'recall@20': tensor(0.0585), 'train_loss_0': tensor(0.8401, device='cuda:0')}
[2026-02-09 15:25:58] INFO training_time: 149.74477744102478
[2026-02-09 15:25:58] INFO inference_time: 9.59027361869812
[2026-02-09 15:25:58] INFO ndcg@20 improved. Best value: 0.0231
[2026-02-09 15:25:58] INFO Best model checkpoint saved in saved/SASRec/noisy_10/2026-02-09-15-23-13-042460.ckpt.
[2026-02-09 15:26:14] INFO {'epoch': 10, 'beauty_10_ndcg@20': tensor(0.0261), 'beauty_10_recall@20': tensor(0.0641), 'ndcg@20': tensor(0.0261), 'recall@20': tensor(0.0641), 'train_loss_0': tensor(0.8112, device='cuda:0')}
[2026-02-09 15:26:14] INFO training_time: 164.8291358947754
[2026-02-09 15:26:14] INFO inference_time: 10.745091438293457
[2026-02-09 15:26:14] INFO ndcg@20 improved. Best value: 0.0261
[2026-02-09 15:26:14] INFO Best model checkpoint saved in saved/SASRec/noisy_10/2026-02-09-15-23-13-042460.ckpt.
[2026-02-09 15:26:30] INFO {'epoch': 11, 'beauty_10_ndcg@20': tensor(0.0270), 'beauty_10_recall@20': tensor(0.0671), 'ndcg@20': tensor(0.0270), 'recall@20': tensor(0.0671), 'train_loss_0': tensor(0.7817, device='cuda:0')}
[2026-02-09 15:26:30] INFO training_time: 180.09124994277954
[2026-02-09 15:26:30] INFO inference_time: 11.674773931503296
[2026-02-09 15:26:30] INFO ndcg@20 improved. Best value: 0.0270
[2026-02-09 15:26:30] INFO Best model checkpoint saved in saved/SASRec/noisy_10/2026-02-09-15-23-13-042460.ckpt.
[2026-02-09 15:26:46] INFO {'epoch': 12, 'beauty_10_ndcg@20': tensor(0.0281), 'beauty_10_recall@20': tensor(0.0691), 'ndcg@20': tensor(0.0281), 'recall@20': tensor(0.0691), 'train_loss_0': tensor(0.7555, device='cuda:0')}
[2026-02-09 15:26:46] INFO training_time: 195.09472107887268
[2026-02-09 15:26:46] INFO inference_time: 12.57400369644165
[2026-02-09 15:26:46] INFO ndcg@20 improved. Best value: 0.0281
[2026-02-09 15:26:46] INFO Best model checkpoint saved in saved/SASRec/noisy_10/2026-02-09-15-23-13-042460.ckpt.
[2026-02-09 15:27:02] INFO {'epoch': 13, 'beauty_10_ndcg@20': tensor(0.0295), 'beauty_10_recall@20': tensor(0.0737), 'ndcg@20': tensor(0.0295), 'recall@20': tensor(0.0737), 'train_loss_0': tensor(0.7339, device='cuda:0')}
[2026-02-09 15:27:02] INFO training_time: 210.11609315872192
[2026-02-09 15:27:02] INFO inference_time: 13.483873844146729
[2026-02-09 15:27:02] INFO ndcg@20 improved. Best value: 0.0295
[2026-02-09 15:27:02] INFO Best model checkpoint saved in saved/SASRec/noisy_10/2026-02-09-15-23-13-042460.ckpt.
[2026-02-09 15:27:18] INFO {'epoch': 14, 'beauty_10_ndcg@20': tensor(0.0308), 'beauty_10_recall@20': tensor(0.0756), 'ndcg@20': tensor(0.0308), 'recall@20': tensor(0.0756), 'train_loss_0': tensor(0.7139, device='cuda:0')}
[2026-02-09 15:27:18] INFO training_time: 225.13712430000305
[2026-02-09 15:27:18] INFO inference_time: 14.279139995574951
[2026-02-09 15:27:18] INFO ndcg@20 improved. Best value: 0.0308
[2026-02-09 15:27:18] INFO Best model checkpoint saved in saved/SASRec/noisy_10/2026-02-09-15-23-13-042460.ckpt.
[2026-02-09 15:27:34] INFO {'epoch': 15, 'beauty_10_ndcg@20': tensor(0.0330), 'beauty_10_recall@20': tensor(0.0802), 'ndcg@20': tensor(0.0330), 'recall@20': tensor(0.0802), 'train_loss_0': tensor(0.6974, device='cuda:0')}
[2026-02-09 15:27:34] INFO training_time: 240.18329572677612
[2026-02-09 15:27:34] INFO inference_time: 15.215948820114136
[2026-02-09 15:27:34] INFO ndcg@20 improved. Best value: 0.0330
[2026-02-09 15:27:34] INFO Best model checkpoint saved in saved/SASRec/noisy_10/2026-02-09-15-23-13-042460.ckpt.
[2026-02-09 15:27:50] INFO {'epoch': 16, 'beauty_10_ndcg@20': tensor(0.0335), 'beauty_10_recall@20': tensor(0.0817), 'ndcg@20': tensor(0.0335), 'recall@20': tensor(0.0817), 'train_loss_0': tensor(0.6787, device='cuda:0')}
[2026-02-09 15:27:50] INFO training_time: 255.26699018478394
[2026-02-09 15:27:50] INFO inference_time: 16.116556406021118
[2026-02-09 15:27:50] INFO ndcg@20 improved. Best value: 0.0335
[2026-02-09 15:27:50] INFO Best model checkpoint saved in saved/SASRec/noisy_10/2026-02-09-15-23-13-042460.ckpt.
[2026-02-09 15:28:06] INFO {'epoch': 17, 'beauty_10_ndcg@20': tensor(0.0348), 'beauty_10_recall@20': tensor(0.0810), 'ndcg@20': tensor(0.0348), 'recall@20': tensor(0.0810), 'train_loss_0': tensor(0.6646, device='cuda:0')}
[2026-02-09 15:28:06] INFO training_time: 270.689190864563
[2026-02-09 15:28:06] INFO inference_time: 17.107390642166138
[2026-02-09 15:28:06] INFO ndcg@20 improved. Best value: 0.0348
[2026-02-09 15:28:06] INFO Best model checkpoint saved in saved/SASRec/noisy_10/2026-02-09-15-23-13-042460.ckpt.
[2026-02-09 15:28:22] INFO {'epoch': 18, 'beauty_10_ndcg@20': tensor(0.0353), 'beauty_10_recall@20': tensor(0.0826), 'ndcg@20': tensor(0.0353), 'recall@20': tensor(0.0826), 'train_loss_0': tensor(0.6468, device='cuda:0')}
[2026-02-09 15:28:22] INFO training_time: 285.77333402633667
[2026-02-09 15:28:22] INFO inference_time: 18.03901219367981
[2026-02-09 15:28:22] INFO ndcg@20 improved. Best value: 0.0353
[2026-02-09 15:28:22] INFO Best model checkpoint saved in saved/SASRec/noisy_10/2026-02-09-15-23-13-042460.ckpt.
[2026-02-09 15:28:39] INFO {'epoch': 19, 'beauty_10_ndcg@20': tensor(0.0358), 'beauty_10_recall@20': tensor(0.0843), 'ndcg@20': tensor(0.0358), 'recall@20': tensor(0.0843), 'train_loss_0': tensor(0.6323, device='cuda:0')}
[2026-02-09 15:28:39] INFO training_time: 301.1310803890228
[2026-02-09 15:28:39] INFO inference_time: 18.943126678466797
[2026-02-09 15:28:39] INFO ndcg@20 improved. Best value: 0.0358
[2026-02-09 15:28:39] INFO Best model checkpoint saved in saved/SASRec/noisy_10/2026-02-09-15-23-13-042460.ckpt.
[2026-02-09 15:28:55] INFO {'epoch': 20, 'beauty_10_ndcg@20': tensor(0.0359), 'beauty_10_recall@20': tensor(0.0860), 'ndcg@20': tensor(0.0359), 'recall@20': tensor(0.0860), 'train_loss_0': tensor(0.6219, device='cuda:0')}
[2026-02-09 15:28:55] INFO training_time: 316.0755298137665
[2026-02-09 15:28:55] INFO inference_time: 20.194460153579712
[2026-02-09 15:28:55] INFO ndcg@20 improved. Best value: 0.0359
[2026-02-09 15:28:55] INFO Best model checkpoint saved in saved/SASRec/noisy_10/2026-02-09-15-23-13-042460.ckpt.
[2026-02-09 15:29:11] INFO {'epoch': 21, 'beauty_10_ndcg@20': tensor(0.0360), 'beauty_10_recall@20': tensor(0.0853), 'ndcg@20': tensor(0.0360), 'recall@20': tensor(0.0853), 'train_loss_0': tensor(0.6107, device='cuda:0')}
[2026-02-09 15:29:11] INFO training_time: 331.174191236496
[2026-02-09 15:29:11] INFO inference_time: 21.197698831558228
[2026-02-09 15:29:11] INFO ndcg@20 improved. Best value: 0.0360
[2026-02-09 15:29:11] INFO Best model checkpoint saved in saved/SASRec/noisy_10/2026-02-09-15-23-13-042460.ckpt.
[2026-02-09 15:29:27] INFO {'epoch': 22, 'beauty_10_ndcg@20': tensor(0.0375), 'beauty_10_recall@20': tensor(0.0869), 'ndcg@20': tensor(0.0375), 'recall@20': tensor(0.0869), 'train_loss_0': tensor(0.6009, device='cuda:0')}
[2026-02-09 15:29:27] INFO training_time: 346.3850464820862
[2026-02-09 15:29:27] INFO inference_time: 22.067733764648438
[2026-02-09 15:29:27] INFO ndcg@20 improved. Best value: 0.0375
[2026-02-09 15:29:27] INFO Best model checkpoint saved in saved/SASRec/noisy_10/2026-02-09-15-23-13-042460.ckpt.
[2026-02-09 15:29:43] INFO {'epoch': 23, 'beauty_10_ndcg@20': tensor(0.0363), 'beauty_10_recall@20': tensor(0.0857), 'ndcg@20': tensor(0.0363), 'recall@20': tensor(0.0857), 'train_loss_0': tensor(0.5911, device='cuda:0')}
[2026-02-09 15:29:43] INFO training_time: 361.514173746109
[2026-02-09 15:29:43] INFO inference_time: 23.024083614349365
[2026-02-09 15:29:59] INFO {'epoch': 24, 'beauty_10_ndcg@20': tensor(0.0368), 'beauty_10_recall@20': tensor(0.0866), 'ndcg@20': tensor(0.0368), 'recall@20': tensor(0.0866), 'train_loss_0': tensor(0.5827, device='cuda:0')}
[2026-02-09 15:29:59] INFO training_time: 376.59249472618103
[2026-02-09 15:29:59] INFO inference_time: 23.889124393463135
[2026-02-09 15:30:15] INFO {'epoch': 25, 'beauty_10_ndcg@20': tensor(0.0391), 'beauty_10_recall@20': tensor(0.0913), 'ndcg@20': tensor(0.0391), 'recall@20': tensor(0.0913), 'train_loss_0': tensor(0.5766, device='cuda:0')}
[2026-02-09 15:30:15] INFO training_time: 391.84820914268494
[2026-02-09 15:30:15] INFO inference_time: 24.835190773010254
[2026-02-09 15:30:15] INFO ndcg@20 improved. Best value: 0.0391
[2026-02-09 15:30:15] INFO Best model checkpoint saved in saved/SASRec/noisy_10/2026-02-09-15-23-13-042460.ckpt.
[2026-02-09 15:30:31] INFO {'epoch': 26, 'beauty_10_ndcg@20': tensor(0.0385), 'beauty_10_recall@20': tensor(0.0887), 'ndcg@20': tensor(0.0385), 'recall@20': tensor(0.0887), 'train_loss_0': tensor(0.5683, device='cuda:0')}
[2026-02-09 15:30:31] INFO training_time: 406.97324895858765
[2026-02-09 15:30:31] INFO inference_time: 25.709002017974854
[2026-02-09 15:30:46] INFO {'epoch': 27, 'beauty_10_ndcg@20': tensor(0.0396), 'beauty_10_recall@20': tensor(0.0899), 'ndcg@20': tensor(0.0396), 'recall@20': tensor(0.0899), 'train_loss_0': tensor(0.5627, device='cuda:0')}
[2026-02-09 15:30:46] INFO training_time: 421.3532648086548
[2026-02-09 15:30:46] INFO inference_time: 26.511252641677856
[2026-02-09 15:30:46] INFO ndcg@20 improved. Best value: 0.0396
[2026-02-09 15:30:46] INFO Best model checkpoint saved in saved/SASRec/noisy_10/2026-02-09-15-23-13-042460.ckpt.
[2026-02-09 15:31:01] INFO {'epoch': 28, 'beauty_10_ndcg@20': tensor(0.0395), 'beauty_10_recall@20': tensor(0.0921), 'ndcg@20': tensor(0.0395), 'recall@20': tensor(0.0921), 'train_loss_0': tensor(0.5516, device='cuda:0')}
[2026-02-09 15:31:01] INFO training_time: 434.7425317764282
[2026-02-09 15:31:01] INFO inference_time: 27.311506271362305
[2026-02-09 15:31:13] INFO {'epoch': 29, 'beauty_10_ndcg@20': tensor(0.0400), 'beauty_10_recall@20': tensor(0.0933), 'ndcg@20': tensor(0.0400), 'recall@20': tensor(0.0933), 'train_loss_0': tensor(0.5490, device='cuda:0')}
[2026-02-09 15:31:13] INFO training_time: 446.55132842063904
[2026-02-09 15:31:13] INFO inference_time: 28.144853830337524
[2026-02-09 15:31:13] INFO ndcg@20 improved. Best value: 0.0400
[2026-02-09 15:31:13] INFO Best model checkpoint saved in saved/SASRec/noisy_10/2026-02-09-15-23-13-042460.ckpt.
[2026-02-09 15:31:25] INFO {'epoch': 30, 'beauty_10_ndcg@20': tensor(0.0411), 'beauty_10_recall@20': tensor(0.0944), 'ndcg@20': tensor(0.0411), 'recall@20': tensor(0.0944), 'train_loss_0': tensor(0.5427, device='cuda:0')}
[2026-02-09 15:31:25] INFO training_time: 457.1890914440155
[2026-02-09 15:31:25] INFO inference_time: 29.236205101013184
[2026-02-09 15:31:25] INFO ndcg@20 improved. Best value: 0.0411
[2026-02-09 15:31:25] INFO Best model checkpoint saved in saved/SASRec/noisy_10/2026-02-09-15-23-13-042460.ckpt.
[2026-02-09 15:31:36] INFO {'epoch': 31, 'beauty_10_ndcg@20': tensor(0.0398), 'beauty_10_recall@20': tensor(0.0940), 'ndcg@20': tensor(0.0398), 'recall@20': tensor(0.0940), 'train_loss_0': tensor(0.5357, device='cuda:0')}
[2026-02-09 15:31:36] INFO training_time: 467.2197675704956
[2026-02-09 15:31:36] INFO inference_time: 30.083350658416748
[2026-02-09 15:31:47] INFO {'epoch': 32, 'beauty_10_ndcg@20': tensor(0.0397), 'beauty_10_recall@20': tensor(0.0922), 'ndcg@20': tensor(0.0397), 'recall@20': tensor(0.0922), 'train_loss_0': tensor(0.5341, device='cuda:0')}
[2026-02-09 15:31:47] INFO training_time: 477.24846148490906
[2026-02-09 15:31:47] INFO inference_time: 30.925358533859253
[2026-02-09 15:31:58] INFO {'epoch': 33, 'beauty_10_ndcg@20': tensor(0.0399), 'beauty_10_recall@20': tensor(0.0923), 'ndcg@20': tensor(0.0399), 'recall@20': tensor(0.0923), 'train_loss_0': tensor(0.5313, device='cuda:0')}
[2026-02-09 15:31:58] INFO training_time: 487.3820638656616
[2026-02-09 15:31:58] INFO inference_time: 31.74959969520569
[2026-02-09 15:32:09] INFO {'epoch': 34, 'beauty_10_ndcg@20': tensor(0.0404), 'beauty_10_recall@20': tensor(0.0934), 'ndcg@20': tensor(0.0404), 'recall@20': tensor(0.0934), 'train_loss_0': tensor(0.5281, device='cuda:0')}
[2026-02-09 15:32:09] INFO training_time: 497.4569454193115
[2026-02-09 15:32:09] INFO inference_time: 32.61050534248352
[2026-02-09 15:32:20] INFO {'epoch': 35, 'beauty_10_ndcg@20': tensor(0.0415), 'beauty_10_recall@20': tensor(0.0931), 'ndcg@20': tensor(0.0415), 'recall@20': tensor(0.0931), 'train_loss_0': tensor(0.5241, device='cuda:0')}
[2026-02-09 15:32:20] INFO training_time: 507.5498414039612
[2026-02-09 15:32:20] INFO inference_time: 33.4519259929657
[2026-02-09 15:32:20] INFO ndcg@20 improved. Best value: 0.0415
[2026-02-09 15:32:20] INFO Best model checkpoint saved in saved/SASRec/noisy_10/2026-02-09-15-23-13-042460.ckpt.
[2026-02-09 15:32:31] INFO {'epoch': 36, 'beauty_10_ndcg@20': tensor(0.0404), 'beauty_10_recall@20': tensor(0.0935), 'ndcg@20': tensor(0.0404), 'recall@20': tensor(0.0935), 'train_loss_0': tensor(0.5180, device='cuda:0')}
[2026-02-09 15:32:31] INFO training_time: 517.6682243347168
[2026-02-09 15:32:31] INFO inference_time: 34.35654544830322
[2026-02-09 15:32:42] INFO {'epoch': 37, 'beauty_10_ndcg@20': tensor(0.0411), 'beauty_10_recall@20': tensor(0.0939), 'ndcg@20': tensor(0.0411), 'recall@20': tensor(0.0939), 'train_loss_0': tensor(0.5133, device='cuda:0')}
[2026-02-09 15:32:42] INFO training_time: 527.7531142234802
[2026-02-09 15:32:42] INFO inference_time: 35.20165300369263
[2026-02-09 15:32:53] INFO {'epoch': 38, 'beauty_10_ndcg@20': tensor(0.0416), 'beauty_10_recall@20': tensor(0.0949), 'ndcg@20': tensor(0.0416), 'recall@20': tensor(0.0949), 'train_loss_0': tensor(0.5087, device='cuda:0')}
[2026-02-09 15:32:53] INFO training_time: 537.8794384002686
[2026-02-09 15:32:53] INFO inference_time: 36.05389332771301
[2026-02-09 15:32:53] INFO ndcg@20 improved. Best value: 0.0416
[2026-02-09 15:32:53] INFO Best model checkpoint saved in saved/SASRec/noisy_10/2026-02-09-15-23-13-042460.ckpt.
[2026-02-09 15:33:04] INFO {'epoch': 39, 'beauty_10_ndcg@20': tensor(0.0411), 'beauty_10_recall@20': tensor(0.0937), 'ndcg@20': tensor(0.0411), 'recall@20': tensor(0.0937), 'train_loss_0': tensor(0.5066, device='cuda:0')}
[2026-02-09 15:33:04] INFO training_time: 548.0357236862183
[2026-02-09 15:33:04] INFO inference_time: 36.907280921936035
[2026-02-09 15:33:15] INFO {'epoch': 40, 'beauty_10_ndcg@20': tensor(0.0429), 'beauty_10_recall@20': tensor(0.0948), 'ndcg@20': tensor(0.0429), 'recall@20': tensor(0.0948), 'train_loss_0': tensor(0.5031, device='cuda:0')}
[2026-02-09 15:33:15] INFO training_time: 558.0596368312836
[2026-02-09 15:33:15] INFO inference_time: 38.03584122657776
[2026-02-09 15:33:15] INFO ndcg@20 improved. Best value: 0.0429
[2026-02-09 15:33:15] INFO Best model checkpoint saved in saved/SASRec/noisy_10/2026-02-09-15-23-13-042460.ckpt.
[2026-02-09 15:33:26] INFO {'epoch': 41, 'beauty_10_ndcg@20': tensor(0.0419), 'beauty_10_recall@20': tensor(0.0948), 'ndcg@20': tensor(0.0419), 'recall@20': tensor(0.0948), 'train_loss_0': tensor(0.5018, device='cuda:0')}
[2026-02-09 15:33:26] INFO training_time: 568.1512444019318
[2026-02-09 15:33:26] INFO inference_time: 38.76726460456848
[2026-02-09 15:33:37] INFO {'epoch': 42, 'beauty_10_ndcg@20': tensor(0.0422), 'beauty_10_recall@20': tensor(0.0952), 'ndcg@20': tensor(0.0422), 'recall@20': tensor(0.0952), 'train_loss_0': tensor(0.4965, device='cuda:0')}
[2026-02-09 15:33:37] INFO training_time: 578.2331449985504
[2026-02-09 15:33:37] INFO inference_time: 39.6434850692749
[2026-02-09 15:33:48] INFO {'epoch': 43, 'beauty_10_ndcg@20': tensor(0.0419), 'beauty_10_recall@20': tensor(0.0962), 'ndcg@20': tensor(0.0419), 'recall@20': tensor(0.0962), 'train_loss_0': tensor(0.4975, device='cuda:0')}
[2026-02-09 15:33:48] INFO training_time: 588.1990225315094
[2026-02-09 15:33:48] INFO inference_time: 40.51493215560913
[2026-02-09 15:33:59] INFO {'epoch': 44, 'beauty_10_ndcg@20': tensor(0.0412), 'beauty_10_recall@20': tensor(0.0949), 'ndcg@20': tensor(0.0412), 'recall@20': tensor(0.0949), 'train_loss_0': tensor(0.4960, device='cuda:0')}
[2026-02-09 15:33:59] INFO training_time: 598.3022215366364
[2026-02-09 15:33:59] INFO inference_time: 41.406806230545044
[2026-02-09 15:34:09] INFO {'epoch': 45, 'beauty_10_ndcg@20': tensor(0.0420), 'beauty_10_recall@20': tensor(0.0949), 'ndcg@20': tensor(0.0420), 'recall@20': tensor(0.0949), 'train_loss_0': tensor(0.4932, device='cuda:0')}
[2026-02-09 15:34:09] INFO training_time: 608.3765377998352
[2026-02-09 15:34:09] INFO inference_time: 42.22350788116455
[2026-02-09 15:34:21] INFO {'epoch': 46, 'beauty_10_ndcg@20': tensor(0.0422), 'beauty_10_recall@20': tensor(0.0947), 'ndcg@20': tensor(0.0422), 'recall@20': tensor(0.0947), 'train_loss_0': tensor(0.4914, device='cuda:0')}
[2026-02-09 15:34:21] INFO training_time: 618.5562891960144
[2026-02-09 15:34:21] INFO inference_time: 43.10556411743164
[2026-02-09 15:34:31] INFO {'epoch': 47, 'beauty_10_ndcg@20': tensor(0.0428), 'beauty_10_recall@20': tensor(0.0973), 'ndcg@20': tensor(0.0428), 'recall@20': tensor(0.0973), 'train_loss_0': tensor(0.4870, device='cuda:0')}
[2026-02-09 15:34:31] INFO training_time: 628.641685962677
[2026-02-09 15:34:31] INFO inference_time: 43.91939735412598
[2026-02-09 15:34:42] INFO {'epoch': 48, 'beauty_10_ndcg@20': tensor(0.0423), 'beauty_10_recall@20': tensor(0.0959), 'ndcg@20': tensor(0.0423), 'recall@20': tensor(0.0959), 'train_loss_0': tensor(0.4853, device='cuda:0')}
[2026-02-09 15:34:42] INFO training_time: 638.6867959499359
[2026-02-09 15:34:42] INFO inference_time: 44.84213089942932
[2026-02-09 15:34:53] INFO {'epoch': 49, 'beauty_10_ndcg@20': tensor(0.0408), 'beauty_10_recall@20': tensor(0.0927), 'ndcg@20': tensor(0.0408), 'recall@20': tensor(0.0927), 'train_loss_0': tensor(0.4884, device='cuda:0')}
[2026-02-09 15:34:53] INFO training_time: 648.7807817459106
[2026-02-09 15:34:53] INFO inference_time: 45.78245449066162
[2026-02-09 15:35:05] INFO {'epoch': 50, 'beauty_10_ndcg@20': tensor(0.0430), 'beauty_10_recall@20': tensor(0.0959), 'ndcg@20': tensor(0.0430), 'recall@20': tensor(0.0959), 'train_loss_0': tensor(0.4791, device='cuda:0')}
[2026-02-09 15:35:05] INFO training_time: 659.0787048339844
[2026-02-09 15:35:05] INFO inference_time: 47.03105354309082
[2026-02-09 15:35:05] INFO ndcg@20 improved. Best value: 0.0430
[2026-02-09 15:35:05] INFO Best model checkpoint saved in saved/SASRec/noisy_10/2026-02-09-15-23-13-042460.ckpt.
[2026-02-09 15:35:16] INFO {'epoch': 51, 'beauty_10_ndcg@20': tensor(0.0432), 'beauty_10_recall@20': tensor(0.0963), 'ndcg@20': tensor(0.0432), 'recall@20': tensor(0.0963), 'train_loss_0': tensor(0.4793, device='cuda:0')}
[2026-02-09 15:35:16] INFO training_time: 669.2359185218811
[2026-02-09 15:35:16] INFO inference_time: 47.891632318496704
[2026-02-09 15:35:16] INFO ndcg@20 improved. Best value: 0.0432
[2026-02-09 15:35:16] INFO Best model checkpoint saved in saved/SASRec/noisy_10/2026-02-09-15-23-13-042460.ckpt.
[2026-02-09 15:35:27] INFO {'epoch': 52, 'beauty_10_ndcg@20': tensor(0.0415), 'beauty_10_recall@20': tensor(0.0946), 'ndcg@20': tensor(0.0415), 'recall@20': tensor(0.0946), 'train_loss_0': tensor(0.4808, device='cuda:0')}
[2026-02-09 15:35:27] INFO training_time: 679.2412190437317
[2026-02-09 15:35:27] INFO inference_time: 48.76724290847778
[2026-02-09 15:35:38] INFO {'epoch': 53, 'beauty_10_ndcg@20': tensor(0.0419), 'beauty_10_recall@20': tensor(0.0968), 'ndcg@20': tensor(0.0419), 'recall@20': tensor(0.0968), 'train_loss_0': tensor(0.4789, device='cuda:0')}
[2026-02-09 15:35:38] INFO training_time: 689.4223091602325
[2026-02-09 15:35:38] INFO inference_time: 49.64006161689758
[2026-02-09 15:35:49] INFO {'epoch': 54, 'beauty_10_ndcg@20': tensor(0.0434), 'beauty_10_recall@20': tensor(0.0987), 'ndcg@20': tensor(0.0434), 'recall@20': tensor(0.0987), 'train_loss_0': tensor(0.4730, device='cuda:0')}
[2026-02-09 15:35:49] INFO training_time: 699.5023274421692
[2026-02-09 15:35:49] INFO inference_time: 50.55217218399048
[2026-02-09 15:35:49] INFO ndcg@20 improved. Best value: 0.0434
[2026-02-09 15:35:49] INFO Best model checkpoint saved in saved/SASRec/noisy_10/2026-02-09-15-23-13-042460.ckpt.
[2026-02-09 15:36:00] INFO {'epoch': 55, 'beauty_10_ndcg@20': tensor(0.0435), 'beauty_10_recall@20': tensor(0.0999), 'ndcg@20': tensor(0.0435), 'recall@20': tensor(0.0999), 'train_loss_0': tensor(0.4758, device='cuda:0')}
[2026-02-09 15:36:00] INFO training_time: 709.5845136642456
[2026-02-09 15:36:00] INFO inference_time: 51.42409706115723
[2026-02-09 15:36:00] INFO ndcg@20 improved. Best value: 0.0435
[2026-02-09 15:36:00] INFO Best model checkpoint saved in saved/SASRec/noisy_10/2026-02-09-15-23-13-042460.ckpt.
[2026-02-09 15:36:11] INFO {'epoch': 56, 'beauty_10_ndcg@20': tensor(0.0443), 'beauty_10_recall@20': tensor(0.1008), 'ndcg@20': tensor(0.0443), 'recall@20': tensor(0.1008), 'train_loss_0': tensor(0.4686, device='cuda:0')}
[2026-02-09 15:36:11] INFO training_time: 719.7222075462341
[2026-02-09 15:36:11] INFO inference_time: 52.335915088653564
[2026-02-09 15:36:11] INFO ndcg@20 improved. Best value: 0.0443
[2026-02-09 15:36:11] INFO Best model checkpoint saved in saved/SASRec/noisy_10/2026-02-09-15-23-13-042460.ckpt.
[2026-02-09 15:36:22] INFO {'epoch': 57, 'beauty_10_ndcg@20': tensor(0.0434), 'beauty_10_recall@20': tensor(0.0992), 'ndcg@20': tensor(0.0434), 'recall@20': tensor(0.0992), 'train_loss_0': tensor(0.4706, device='cuda:0')}
[2026-02-09 15:36:22] INFO training_time: 729.8049857616425
[2026-02-09 15:36:22] INFO inference_time: 53.26514434814453
[2026-02-09 15:36:33] INFO {'epoch': 58, 'beauty_10_ndcg@20': tensor(0.0446), 'beauty_10_recall@20': tensor(0.1010), 'ndcg@20': tensor(0.0446), 'recall@20': tensor(0.1010), 'train_loss_0': tensor(0.4657, device='cuda:0')}
[2026-02-09 15:36:33] INFO training_time: 739.9780836105347
[2026-02-09 15:36:33] INFO inference_time: 54.10704565048218
[2026-02-09 15:36:33] INFO ndcg@20 improved. Best value: 0.0446
[2026-02-09 15:36:33] INFO Best model checkpoint saved in saved/SASRec/noisy_10/2026-02-09-15-23-13-042460.ckpt.
[2026-02-09 15:36:43] INFO {'epoch': 59, 'beauty_10_ndcg@20': tensor(0.0445), 'beauty_10_recall@20': tensor(0.1005), 'ndcg@20': tensor(0.0445), 'recall@20': tensor(0.1005), 'train_loss_0': tensor(0.4657, device='cuda:0')}
[2026-02-09 15:36:43] INFO training_time: 749.2080416679382
[2026-02-09 15:36:43] INFO inference_time: 54.891273498535156
[2026-02-09 15:36:53] INFO {'epoch': 60, 'beauty_10_ndcg@20': tensor(0.0440), 'beauty_10_recall@20': tensor(0.1009), 'ndcg@20': tensor(0.0440), 'recall@20': tensor(0.1009), 'train_loss_0': tensor(0.4663, device='cuda:0')}
[2026-02-09 15:36:53] INFO training_time: 757.8405396938324
[2026-02-09 15:36:53] INFO inference_time: 55.83962273597717
[2026-02-09 15:37:02] INFO {'epoch': 61, 'beauty_10_ndcg@20': tensor(0.0442), 'beauty_10_recall@20': tensor(0.1003), 'ndcg@20': tensor(0.0442), 'recall@20': tensor(0.1003), 'train_loss_0': tensor(0.4618, device='cuda:0')}
[2026-02-09 15:37:02] INFO training_time: 766.5250360965729
[2026-02-09 15:37:02] INFO inference_time: 56.6480188369751
[2026-02-09 15:37:12] INFO {'epoch': 62, 'beauty_10_ndcg@20': tensor(0.0451), 'beauty_10_recall@20': tensor(0.1009), 'ndcg@20': tensor(0.0451), 'recall@20': tensor(0.1009), 'train_loss_0': tensor(0.4589, device='cuda:0')}
[2026-02-09 15:37:12] INFO training_time: 775.2266659736633
[2026-02-09 15:37:12] INFO inference_time: 57.55519413948059
[2026-02-09 15:37:12] INFO ndcg@20 improved. Best value: 0.0451
[2026-02-09 15:37:12] INFO Best model checkpoint saved in saved/SASRec/noisy_10/2026-02-09-15-23-13-042460.ckpt.
[2026-02-09 15:37:21] INFO {'epoch': 63, 'beauty_10_ndcg@20': tensor(0.0438), 'beauty_10_recall@20': tensor(0.0996), 'ndcg@20': tensor(0.0438), 'recall@20': tensor(0.0996), 'train_loss_0': tensor(0.4634, device='cuda:0')}
[2026-02-09 15:37:21] INFO training_time: 783.7836945056915
[2026-02-09 15:37:21] INFO inference_time: 58.4216628074646
[2026-02-09 15:37:30] INFO {'epoch': 64, 'beauty_10_ndcg@20': tensor(0.0438), 'beauty_10_recall@20': tensor(0.0989), 'ndcg@20': tensor(0.0438), 'recall@20': tensor(0.0989), 'train_loss_0': tensor(0.4646, device='cuda:0')}
[2026-02-09 15:37:30] INFO training_time: 792.138364315033
[2026-02-09 15:37:30] INFO inference_time: 59.2541446685791
[2026-02-09 15:37:40] INFO {'epoch': 65, 'beauty_10_ndcg@20': tensor(0.0454), 'beauty_10_recall@20': tensor(0.1026), 'ndcg@20': tensor(0.0454), 'recall@20': tensor(0.1026), 'train_loss_0': tensor(0.4596, device='cuda:0')}
[2026-02-09 15:37:40] INFO training_time: 800.7553412914276
[2026-02-09 15:37:40] INFO inference_time: 60.09228205680847
[2026-02-09 15:37:40] INFO ndcg@20 improved. Best value: 0.0454
[2026-02-09 15:37:40] INFO Best model checkpoint saved in saved/SASRec/noisy_10/2026-02-09-15-23-13-042460.ckpt.
[2026-02-09 15:37:49] INFO {'epoch': 66, 'beauty_10_ndcg@20': tensor(0.0455), 'beauty_10_recall@20': tensor(0.1018), 'ndcg@20': tensor(0.0455), 'recall@20': tensor(0.1018), 'train_loss_0': tensor(0.4616, device='cuda:0')}
[2026-02-09 15:37:49] INFO training_time: 809.3940534591675
[2026-02-09 15:37:49] INFO inference_time: 60.966914653778076
[2026-02-09 15:37:49] INFO ndcg@20 improved. Best value: 0.0455
[2026-02-09 15:37:50] INFO Best model checkpoint saved in saved/SASRec/noisy_10/2026-02-09-15-23-13-042460.ckpt.
[2026-02-09 15:37:59] INFO {'epoch': 67, 'beauty_10_ndcg@20': tensor(0.0455), 'beauty_10_recall@20': tensor(0.1033), 'ndcg@20': tensor(0.0455), 'recall@20': tensor(0.1033), 'train_loss_0': tensor(0.4607, device='cuda:0')}
[2026-02-09 15:37:59] INFO training_time: 818.011661529541
[2026-02-09 15:37:59] INFO inference_time: 61.82866382598877
[2026-02-09 15:37:59] INFO ndcg@20 improved. Best value: 0.0455
[2026-02-09 15:37:59] INFO Best model checkpoint saved in saved/SASRec/noisy_10/2026-02-09-15-23-13-042460.ckpt.
[2026-02-09 15:38:08] INFO {'epoch': 68, 'beauty_10_ndcg@20': tensor(0.0449), 'beauty_10_recall@20': tensor(0.1028), 'ndcg@20': tensor(0.0449), 'recall@20': tensor(0.1028), 'train_loss_0': tensor(0.4615, device='cuda:0')}
[2026-02-09 15:38:08] INFO training_time: 826.5736184120178
[2026-02-09 15:38:08] INFO inference_time: 62.71744251251221
[2026-02-09 15:38:18] INFO {'epoch': 69, 'beauty_10_ndcg@20': tensor(0.0448), 'beauty_10_recall@20': tensor(0.1014), 'ndcg@20': tensor(0.0448), 'recall@20': tensor(0.1014), 'train_loss_0': tensor(0.4535, device='cuda:0')}
[2026-02-09 15:38:18] INFO training_time: 835.2042603492737
[2026-02-09 15:38:18] INFO inference_time: 63.56812405586243
[2026-02-09 15:38:28] INFO {'epoch': 70, 'beauty_10_ndcg@20': tensor(0.0457), 'beauty_10_recall@20': tensor(0.1025), 'ndcg@20': tensor(0.0457), 'recall@20': tensor(0.1025), 'train_loss_0': tensor(0.4541, device='cuda:0')}
[2026-02-09 15:38:28] INFO training_time: 843.7523293495178
[2026-02-09 15:38:28] INFO inference_time: 64.66175150871277
[2026-02-09 15:38:28] INFO ndcg@20 improved. Best value: 0.0457
[2026-02-09 15:38:28] INFO Best model checkpoint saved in saved/SASRec/noisy_10/2026-02-09-15-23-13-042460.ckpt.
[2026-02-09 15:38:37] INFO {'epoch': 71, 'beauty_10_ndcg@20': tensor(0.0448), 'beauty_10_recall@20': tensor(0.1013), 'ndcg@20': tensor(0.0448), 'recall@20': tensor(0.1013), 'train_loss_0': tensor(0.4572, device='cuda:0')}
[2026-02-09 15:38:37] INFO training_time: 852.216474533081
[2026-02-09 15:38:37] INFO inference_time: 65.5461277961731
[2026-02-09 15:38:46] INFO {'epoch': 72, 'beauty_10_ndcg@20': tensor(0.0438), 'beauty_10_recall@20': tensor(0.1005), 'ndcg@20': tensor(0.0438), 'recall@20': tensor(0.1005), 'train_loss_0': tensor(0.4528, device='cuda:0')}
[2026-02-09 15:38:46] INFO training_time: 860.8613519668579
[2026-02-09 15:38:46] INFO inference_time: 66.42292356491089
[2026-02-09 15:38:56] INFO {'epoch': 73, 'beauty_10_ndcg@20': tensor(0.0444), 'beauty_10_recall@20': tensor(0.1008), 'ndcg@20': tensor(0.0444), 'recall@20': tensor(0.1008), 'train_loss_0': tensor(0.4522, device='cuda:0')}
[2026-02-09 15:38:56] INFO training_time: 869.4968209266663
[2026-02-09 15:38:56] INFO inference_time: 67.28050374984741
[2026-02-09 15:39:06] INFO {'epoch': 74, 'beauty_10_ndcg@20': tensor(0.0443), 'beauty_10_recall@20': tensor(0.1003), 'ndcg@20': tensor(0.0443), 'recall@20': tensor(0.1003), 'train_loss_0': tensor(0.4515, device='cuda:0')}
[2026-02-09 15:39:06] INFO training_time: 878.1702945232391
[2026-02-09 15:39:06] INFO inference_time: 68.13718628883362
[2026-02-09 15:39:15] INFO {'epoch': 75, 'beauty_10_ndcg@20': tensor(0.0448), 'beauty_10_recall@20': tensor(0.1021), 'ndcg@20': tensor(0.0448), 'recall@20': tensor(0.1021), 'train_loss_0': tensor(0.4492, device='cuda:0')}
[2026-02-09 15:39:15] INFO training_time: 886.6499874591827
[2026-02-09 15:39:15] INFO inference_time: 68.9783308506012
[2026-02-09 15:39:24] INFO {'epoch': 76, 'beauty_10_ndcg@20': tensor(0.0448), 'beauty_10_recall@20': tensor(0.1020), 'ndcg@20': tensor(0.0448), 'recall@20': tensor(0.1020), 'train_loss_0': tensor(0.4470, device='cuda:0')}
[2026-02-09 15:39:24] INFO training_time: 895.154515504837
[2026-02-09 15:39:24] INFO inference_time: 69.70650172233582
[2026-02-09 15:39:34] INFO {'epoch': 77, 'beauty_10_ndcg@20': tensor(0.0446), 'beauty_10_recall@20': tensor(0.1006), 'ndcg@20': tensor(0.0446), 'recall@20': tensor(0.1006), 'train_loss_0': tensor(0.4499, device='cuda:0')}
[2026-02-09 15:39:34] INFO training_time: 903.8312556743622
[2026-02-09 15:39:34] INFO inference_time: 70.51909399032593
[2026-02-09 15:39:43] INFO {'epoch': 78, 'beauty_10_ndcg@20': tensor(0.0449), 'beauty_10_recall@20': tensor(0.1010), 'ndcg@20': tensor(0.0449), 'recall@20': tensor(0.1010), 'train_loss_0': tensor(0.4481, device='cuda:0')}
[2026-02-09 15:39:43] INFO training_time: 912.4643669128418
[2026-02-09 15:39:43] INFO inference_time: 71.35168170928955
[2026-02-09 15:39:52] INFO {'epoch': 79, 'beauty_10_ndcg@20': tensor(0.0449), 'beauty_10_recall@20': tensor(0.1011), 'ndcg@20': tensor(0.0449), 'recall@20': tensor(0.1011), 'train_loss_0': tensor(0.4451, device='cuda:0')}
[2026-02-09 15:39:52] INFO training_time: 920.9785749912262
[2026-02-09 15:39:52] INFO inference_time: 72.17287850379944
[2026-02-09 15:40:02] INFO {'epoch': 80, 'beauty_10_ndcg@20': tensor(0.0437), 'beauty_10_recall@20': tensor(0.0985), 'ndcg@20': tensor(0.0437), 'recall@20': tensor(0.0985), 'train_loss_0': tensor(0.4442, device='cuda:0')}
[2026-02-09 15:40:02] INFO training_time: 929.2994523048401
[2026-02-09 15:40:02] INFO inference_time: 73.30664682388306
[2026-02-09 15:40:11] INFO {'epoch': 81, 'beauty_10_ndcg@20': tensor(0.0436), 'beauty_10_recall@20': tensor(0.0991), 'ndcg@20': tensor(0.0436), 'recall@20': tensor(0.0991), 'train_loss_0': tensor(0.4452, device='cuda:0')}
[2026-02-09 15:40:11] INFO training_time: 937.9483518600464
[2026-02-09 15:40:11] INFO inference_time: 74.16979122161865
[2026-02-09 15:40:20] INFO {'epoch': 82, 'beauty_10_ndcg@20': tensor(0.0434), 'beauty_10_recall@20': tensor(0.0983), 'ndcg@20': tensor(0.0434), 'recall@20': tensor(0.0983), 'train_loss_0': tensor(0.4452, device='cuda:0')}
[2026-02-09 15:40:20] INFO training_time: 945.4807298183441
[2026-02-09 15:40:20] INFO inference_time: 75.03929018974304
[2026-02-09 15:40:28] INFO {'epoch': 83, 'beauty_10_ndcg@20': tensor(0.0446), 'beauty_10_recall@20': tensor(0.1017), 'ndcg@20': tensor(0.0446), 'recall@20': tensor(0.1017), 'train_loss_0': tensor(0.4402, device='cuda:0')}
[2026-02-09 15:40:28] INFO training_time: 952.7150363922119
[2026-02-09 15:40:28] INFO inference_time: 75.83798599243164
[2026-02-09 15:40:36] INFO {'epoch': 84, 'beauty_10_ndcg@20': tensor(0.0443), 'beauty_10_recall@20': tensor(0.1015), 'ndcg@20': tensor(0.0443), 'recall@20': tensor(0.1015), 'train_loss_0': tensor(0.4386, device='cuda:0')}
[2026-02-09 15:40:36] INFO training_time: 959.8461587429047
[2026-02-09 15:40:36] INFO inference_time: 76.68482971191406
[2026-02-09 15:40:44] INFO {'epoch': 85, 'beauty_10_ndcg@20': tensor(0.0445), 'beauty_10_recall@20': tensor(0.1020), 'ndcg@20': tensor(0.0445), 'recall@20': tensor(0.1020), 'train_loss_0': tensor(0.4419, device='cuda:0')}
[2026-02-09 15:40:44] INFO training_time: 966.9822361469269
[2026-02-09 15:40:44] INFO inference_time: 77.54211354255676
[2026-02-09 15:40:52] INFO {'epoch': 86, 'beauty_10_ndcg@20': tensor(0.0448), 'beauty_10_recall@20': tensor(0.1020), 'ndcg@20': tensor(0.0448), 'recall@20': tensor(0.1020), 'train_loss_0': tensor(0.4443, device='cuda:0')}
[2026-02-09 15:40:52] INFO training_time: 974.2768263816833
[2026-02-09 15:40:52] INFO inference_time: 78.2522451877594
[2026-02-09 15:41:00] INFO {'epoch': 87, 'beauty_10_ndcg@20': tensor(0.0447), 'beauty_10_recall@20': tensor(0.1012), 'ndcg@20': tensor(0.0447), 'recall@20': tensor(0.1012), 'train_loss_0': tensor(0.4419, device='cuda:0')}
[2026-02-09 15:41:00] INFO training_time: 981.5498468875885
[2026-02-09 15:41:00] INFO inference_time: 79.1468813419342
[2026-02-09 15:41:08] INFO {'epoch': 88, 'beauty_10_ndcg@20': tensor(0.0447), 'beauty_10_recall@20': tensor(0.1007), 'ndcg@20': tensor(0.0447), 'recall@20': tensor(0.1007), 'train_loss_0': tensor(0.4452, device='cuda:0')}
[2026-02-09 15:41:08] INFO training_time: 988.8339431285858
[2026-02-09 15:41:08] INFO inference_time: 79.98658347129822
[2026-02-09 15:41:16] INFO {'epoch': 89, 'beauty_10_ndcg@20': tensor(0.0442), 'beauty_10_recall@20': tensor(0.1002), 'ndcg@20': tensor(0.0442), 'recall@20': tensor(0.1002), 'train_loss_0': tensor(0.4406, device='cuda:0')}
[2026-02-09 15:41:16] INFO training_time: 995.9463741779327
[2026-02-09 15:41:16] INFO inference_time: 80.82987809181213
[2026-02-09 15:41:24] INFO {'epoch': 90, 'beauty_10_ndcg@20': tensor(0.0443), 'beauty_10_recall@20': tensor(0.1011), 'ndcg@20': tensor(0.0443), 'recall@20': tensor(0.1011), 'train_loss_0': tensor(0.4410, device='cuda:0')}
[2026-02-09 15:41:24] INFO training_time: 1003.0936350822449
[2026-02-09 15:41:24] INFO inference_time: 81.87743330001831
[2026-02-09 15:41:24] INFO Early stopped. Since the metric ndcg@20 haven't been improved for 20 epochs.
[2026-02-09 15:41:24] INFO The best score of ndcg@20 is 0.0457 on epoch 70
[2026-02-09 15:41:24] INFO Best model checkpoint saved in saved/SASRec/noisy_10/2026-02-09-15-23-13-042460.ckpt.
[2026-02-09 15:41:25] INFO defaultdict(<class 'float'>, {'beauty_10_ndcg@20': tensor(0.0349), 'beauty_10_recall@20': tensor(0.0795), 'beauty_10_ndcg@10': tensor(0.0278), 'beauty_10_recall@10': tensor(0.0516), 'ndcg@20': tensor(0.0349), 'recall@20': tensor(0.0795), 'ndcg@10': tensor(0.0278), 'recall@10': tensor(0.0516)})
