[2026-02-09 10:09:15] INFO PID of this process: 1400566
[2026-02-09 10:09:26] INFO {'model': {'embed_dim': 64, 'loss_fn': 'bce', 'hidden_size': 128, 'layer_num': 2, 'head_num': 2, 'dropout_rate': 0.5, 'activation': 'gelu', 'layer_norm_eps': 1e-12, 'model': 'SASRec'}, 'data': {'domain_name_list': ['sport_10'], 'user_threshold': 5, 'item_threshold': 5, 'max_seq_len': 50, 'dataset_class': 'general', 'train_file': '_regen', 'dataset': 'noisy_10'}, 'train': {'batch_size': 256, 'early_stop_mode': 'max', 'early_stop_patience': 20, 'epochs': 1000, 'device': 'cuda', 'optimizer': 'adam', 'learning_rate': 0.001, 'weight_decay': 0, 'num_neg': 1, 'seed': 2024}, 'eval': {'batch_size': 2048, 'cutoff': [20, 10], 'val_metrics': ['ndcg', 'recall'], 'test_metrics': ['ndcg', 'recall'], 'topk': 100, 'save_path': './saved/'}}
[2026-02-09 10:09:26] INFO <data.dataset.SeparateDataset object at 0x7f865cabf1f0>
[2026-02-09 10:09:26] INFO save_dir:saved
[2026-02-09 10:09:26] INFO SASRec(
  (item_embedding): Embedding(18358, 64, padding_idx=0)
  (query_encoder): SASRecQueryEncoder(
    (item_encoder): Embedding(18358, 64, padding_idx=0)
    (position_emb): Embedding(50, 64)
    (transformer_layer): TransformerEncoder(
      (layers): ModuleList(
        (0): TransformerEncoderLayer(
          (self_attn): MultiheadAttention(
            (out_proj): NonDynamicallyQuantizableLinear(in_features=64, out_features=64, bias=True)
          )
          (linear1): Linear(in_features=64, out_features=128, bias=True)
          (dropout): Dropout(p=0.5, inplace=False)
          (linear2): Linear(in_features=128, out_features=64, bias=True)
          (norm1): LayerNorm((64,), eps=1e-12, elementwise_affine=True)
          (norm2): LayerNorm((64,), eps=1e-12, elementwise_affine=True)
          (dropout1): Dropout(p=0.5, inplace=False)
          (dropout2): Dropout(p=0.5, inplace=False)
        )
        (1): TransformerEncoderLayer(
          (self_attn): MultiheadAttention(
            (out_proj): NonDynamicallyQuantizableLinear(in_features=64, out_features=64, bias=True)
          )
          (linear1): Linear(in_features=64, out_features=128, bias=True)
          (dropout): Dropout(p=0.5, inplace=False)
          (linear2): Linear(in_features=128, out_features=64, bias=True)
          (norm1): LayerNorm((64,), eps=1e-12, elementwise_affine=True)
          (norm2): LayerNorm((64,), eps=1e-12, elementwise_affine=True)
          (dropout1): Dropout(p=0.5, inplace=False)
          (dropout2): Dropout(p=0.5, inplace=False)
        )
      )
    )
    (dropout): Dropout(p=0.5, inplace=False)
    (training_pooling_layer): SeqPoolingLayer()
    (eval_pooling_layer): SeqPoolingLayer()
  )
  (loss_fn): BinaryCrossEntropyLoss()
)
[2026-02-09 10:10:53] INFO {'epoch': 0, 'sport_10_ndcg@20': tensor(0.0097), 'sport_10_recall@20': tensor(0.0242), 'ndcg@20': tensor(0.0097), 'recall@20': tensor(0.0242), 'train_loss_0': tensor(1.2054, device='cuda:0')}
[2026-02-09 10:10:53] INFO training_time: 83.89855551719666
[2026-02-09 10:10:53] INFO inference_time: 2.597869634628296
[2026-02-09 10:10:53] INFO ndcg@20 improved. Best value: 0.0097
[2026-02-09 10:10:53] INFO Best model checkpoint saved in saved/SASRec/noisy_10/2026-02-09-10-09-15-247442.ckpt.
[2026-02-09 10:12:17] INFO {'epoch': 1, 'sport_10_ndcg@20': tensor(0.0146), 'sport_10_recall@20': tensor(0.0356), 'ndcg@20': tensor(0.0146), 'recall@20': tensor(0.0356), 'train_loss_0': tensor(1.0590, device='cuda:0')}
[2026-02-09 10:12:17] INFO training_time: 166.49683451652527
[2026-02-09 10:12:17] INFO inference_time: 4.361683368682861
[2026-02-09 10:12:17] INFO ndcg@20 improved. Best value: 0.0146
[2026-02-09 10:12:17] INFO Best model checkpoint saved in saved/SASRec/noisy_10/2026-02-09-10-09-15-247442.ckpt.
[2026-02-09 10:13:41] INFO {'epoch': 2, 'sport_10_ndcg@20': tensor(0.0181), 'sport_10_recall@20': tensor(0.0430), 'ndcg@20': tensor(0.0181), 'recall@20': tensor(0.0430), 'train_loss_0': tensor(0.9448, device='cuda:0')}
[2026-02-09 10:13:41] INFO training_time: 248.79001474380493
[2026-02-09 10:13:41] INFO inference_time: 5.890156507492065
[2026-02-09 10:13:41] INFO ndcg@20 improved. Best value: 0.0181
[2026-02-09 10:13:41] INFO Best model checkpoint saved in saved/SASRec/noisy_10/2026-02-09-10-09-15-247442.ckpt.
[2026-02-09 10:15:06] INFO {'epoch': 3, 'sport_10_ndcg@20': tensor(0.0203), 'sport_10_recall@20': tensor(0.0496), 'ndcg@20': tensor(0.0203), 'recall@20': tensor(0.0496), 'train_loss_0': tensor(0.8562, device='cuda:0')}
[2026-02-09 10:15:06] INFO training_time: 331.81099820137024
[2026-02-09 10:15:06] INFO inference_time: 7.4040138721466064
[2026-02-09 10:15:06] INFO ndcg@20 improved. Best value: 0.0203
[2026-02-09 10:15:06] INFO Best model checkpoint saved in saved/SASRec/noisy_10/2026-02-09-10-09-15-247442.ckpt.
[2026-02-09 10:16:30] INFO {'epoch': 4, 'sport_10_ndcg@20': tensor(0.0209), 'sport_10_recall@20': tensor(0.0509), 'ndcg@20': tensor(0.0209), 'recall@20': tensor(0.0509), 'train_loss_0': tensor(0.7893, device='cuda:0')}
[2026-02-09 10:16:30] INFO training_time: 414.39870142936707
[2026-02-09 10:16:30] INFO inference_time: 8.883513689041138
[2026-02-09 10:16:30] INFO ndcg@20 improved. Best value: 0.0209
[2026-02-09 10:16:30] INFO Best model checkpoint saved in saved/SASRec/noisy_10/2026-02-09-10-09-15-247442.ckpt.
[2026-02-09 10:17:54] INFO {'epoch': 5, 'sport_10_ndcg@20': tensor(0.0207), 'sport_10_recall@20': tensor(0.0511), 'ndcg@20': tensor(0.0207), 'recall@20': tensor(0.0511), 'train_loss_0': tensor(0.7421, device='cuda:0')}
[2026-02-09 10:17:54] INFO training_time: 496.64614629745483
[2026-02-09 10:17:54] INFO inference_time: 10.518865585327148
[2026-02-09 10:19:18] INFO {'epoch': 6, 'sport_10_ndcg@20': tensor(0.0221), 'sport_10_recall@20': tensor(0.0534), 'ndcg@20': tensor(0.0221), 'recall@20': tensor(0.0534), 'train_loss_0': tensor(0.7080, device='cuda:0')}
[2026-02-09 10:19:18] INFO training_time: 579.4589581489563
[2026-02-09 10:19:18] INFO inference_time: 12.047679424285889
[2026-02-09 10:19:18] INFO ndcg@20 improved. Best value: 0.0221
[2026-02-09 10:19:18] INFO Best model checkpoint saved in saved/SASRec/noisy_10/2026-02-09-10-09-15-247442.ckpt.
[2026-02-09 10:20:42] INFO {'epoch': 7, 'sport_10_ndcg@20': tensor(0.0222), 'sport_10_recall@20': tensor(0.0537), 'ndcg@20': tensor(0.0222), 'recall@20': tensor(0.0537), 'train_loss_0': tensor(0.6777, device='cuda:0')}
[2026-02-09 10:20:42] INFO training_time: 662.3335781097412
[2026-02-09 10:20:42] INFO inference_time: 13.558332920074463
[2026-02-09 10:20:42] INFO ndcg@20 improved. Best value: 0.0222
[2026-02-09 10:20:42] INFO Best model checkpoint saved in saved/SASRec/noisy_10/2026-02-09-10-09-15-247442.ckpt.
[2026-02-09 10:22:06] INFO {'epoch': 8, 'sport_10_ndcg@20': tensor(0.0232), 'sport_10_recall@20': tensor(0.0550), 'ndcg@20': tensor(0.0232), 'recall@20': tensor(0.0550), 'train_loss_0': tensor(0.6572, device='cuda:0')}
[2026-02-09 10:22:06] INFO training_time: 744.4936416149139
[2026-02-09 10:22:06] INFO inference_time: 15.08316683769226
[2026-02-09 10:22:06] INFO ndcg@20 improved. Best value: 0.0232
[2026-02-09 10:22:06] INFO Best model checkpoint saved in saved/SASRec/noisy_10/2026-02-09-10-09-15-247442.ckpt.
[2026-02-09 10:23:30] INFO {'epoch': 9, 'sport_10_ndcg@20': tensor(0.0228), 'sport_10_recall@20': tensor(0.0546), 'ndcg@20': tensor(0.0228), 'recall@20': tensor(0.0546), 'train_loss_0': tensor(0.6371, device='cuda:0')}
[2026-02-09 10:23:30] INFO training_time: 827.1006307601929
[2026-02-09 10:23:30] INFO inference_time: 16.55622673034668
[2026-02-09 10:24:55] INFO {'epoch': 10, 'sport_10_ndcg@20': tensor(0.0235), 'sport_10_recall@20': tensor(0.0550), 'ndcg@20': tensor(0.0235), 'recall@20': tensor(0.0550), 'train_loss_0': tensor(0.6240, device='cuda:0')}
[2026-02-09 10:24:55] INFO training_time: 909.6686177253723
[2026-02-09 10:24:55] INFO inference_time: 18.792361736297607
[2026-02-09 10:24:55] INFO ndcg@20 improved. Best value: 0.0235
[2026-02-09 10:24:55] INFO Best model checkpoint saved in saved/SASRec/noisy_10/2026-02-09-10-09-15-247442.ckpt.
[2026-02-09 10:26:19] INFO {'epoch': 11, 'sport_10_ndcg@20': tensor(0.0230), 'sport_10_recall@20': tensor(0.0555), 'ndcg@20': tensor(0.0230), 'recall@20': tensor(0.0555), 'train_loss_0': tensor(0.6109, device='cuda:0')}
[2026-02-09 10:26:19] INFO training_time: 992.0722692012787
[2026-02-09 10:26:19] INFO inference_time: 20.319394826889038
[2026-02-09 10:27:43] INFO {'epoch': 12, 'sport_10_ndcg@20': tensor(0.0235), 'sport_10_recall@20': tensor(0.0557), 'ndcg@20': tensor(0.0235), 'recall@20': tensor(0.0557), 'train_loss_0': tensor(0.6009, device='cuda:0')}
[2026-02-09 10:27:43] INFO training_time: 1074.3899779319763
[2026-02-09 10:27:43] INFO inference_time: 21.693662881851196
[2026-02-09 10:29:07] INFO {'epoch': 13, 'sport_10_ndcg@20': tensor(0.0238), 'sport_10_recall@20': tensor(0.0570), 'ndcg@20': tensor(0.0238), 'recall@20': tensor(0.0570), 'train_loss_0': tensor(0.5894, device='cuda:0')}
[2026-02-09 10:29:07] INFO training_time: 1157.2630498409271
[2026-02-09 10:29:07] INFO inference_time: 23.198082208633423
[2026-02-09 10:29:07] INFO ndcg@20 improved. Best value: 0.0238
[2026-02-09 10:29:07] INFO Best model checkpoint saved in saved/SASRec/noisy_10/2026-02-09-10-09-15-247442.ckpt.
[2026-02-09 10:30:31] INFO {'epoch': 14, 'sport_10_ndcg@20': tensor(0.0242), 'sport_10_recall@20': tensor(0.0566), 'ndcg@20': tensor(0.0242), 'recall@20': tensor(0.0566), 'train_loss_0': tensor(0.5830, device='cuda:0')}
[2026-02-09 10:30:32] INFO training_time: 1240.0364828109741
[2026-02-09 10:30:32] INFO inference_time: 24.77357292175293
[2026-02-09 10:30:32] INFO ndcg@20 improved. Best value: 0.0242
[2026-02-09 10:30:32] INFO Best model checkpoint saved in saved/SASRec/noisy_10/2026-02-09-10-09-15-247442.ckpt.
[2026-02-09 10:31:56] INFO {'epoch': 15, 'sport_10_ndcg@20': tensor(0.0228), 'sport_10_recall@20': tensor(0.0545), 'ndcg@20': tensor(0.0228), 'recall@20': tensor(0.0545), 'train_loss_0': tensor(0.5757, device='cuda:0')}
[2026-02-09 10:31:56] INFO training_time: 1322.6404330730438
[2026-02-09 10:31:56] INFO inference_time: 26.2696270942688
[2026-02-09 10:33:20] INFO {'epoch': 16, 'sport_10_ndcg@20': tensor(0.0230), 'sport_10_recall@20': tensor(0.0550), 'ndcg@20': tensor(0.0230), 'recall@20': tensor(0.0550), 'train_loss_0': tensor(0.5698, device='cuda:0')}
[2026-02-09 10:33:20] INFO training_time: 1405.7843236923218
[2026-02-09 10:33:20] INFO inference_time: 27.761337757110596
[2026-02-09 10:34:44] INFO {'epoch': 17, 'sport_10_ndcg@20': tensor(0.0235), 'sport_10_recall@20': tensor(0.0568), 'ndcg@20': tensor(0.0235), 'recall@20': tensor(0.0568), 'train_loss_0': tensor(0.5628, device='cuda:0')}
[2026-02-09 10:34:44] INFO training_time: 1488.5485186576843
[2026-02-09 10:34:44] INFO inference_time: 29.12309455871582
[2026-02-09 10:36:08] INFO {'epoch': 18, 'sport_10_ndcg@20': tensor(0.0237), 'sport_10_recall@20': tensor(0.0562), 'ndcg@20': tensor(0.0237), 'recall@20': tensor(0.0562), 'train_loss_0': tensor(0.5588, device='cuda:0')}
[2026-02-09 10:36:08] INFO training_time: 1570.8796155452728
[2026-02-09 10:36:08] INFO inference_time: 30.529850721359253
[2026-02-09 10:37:32] INFO {'epoch': 19, 'sport_10_ndcg@20': tensor(0.0237), 'sport_10_recall@20': tensor(0.0564), 'ndcg@20': tensor(0.0237), 'recall@20': tensor(0.0564), 'train_loss_0': tensor(0.5529, device='cuda:0')}
[2026-02-09 10:37:32] INFO training_time: 1653.2372946739197
[2026-02-09 10:37:32] INFO inference_time: 31.996278524398804
[2026-02-09 10:38:56] INFO {'epoch': 20, 'sport_10_ndcg@20': tensor(0.0241), 'sport_10_recall@20': tensor(0.0576), 'ndcg@20': tensor(0.0241), 'recall@20': tensor(0.0576), 'train_loss_0': tensor(0.5479, device='cuda:0')}
[2026-02-09 10:38:56] INFO training_time: 1735.3036301136017
[2026-02-09 10:38:56] INFO inference_time: 34.362104177474976
[2026-02-09 10:40:20] INFO {'epoch': 21, 'sport_10_ndcg@20': tensor(0.0241), 'sport_10_recall@20': tensor(0.0565), 'ndcg@20': tensor(0.0241), 'recall@20': tensor(0.0565), 'train_loss_0': tensor(0.5444, device='cuda:0')}
[2026-02-09 10:40:20] INFO training_time: 1817.3292200565338
[2026-02-09 10:40:20] INFO inference_time: 35.74799299240112
[2026-02-09 10:41:44] INFO {'epoch': 22, 'sport_10_ndcg@20': tensor(0.0246), 'sport_10_recall@20': tensor(0.0575), 'ndcg@20': tensor(0.0246), 'recall@20': tensor(0.0575), 'train_loss_0': tensor(0.5408, device='cuda:0')}
[2026-02-09 10:41:44] INFO training_time: 1899.5492601394653
[2026-02-09 10:41:44] INFO inference_time: 37.211193323135376
[2026-02-09 10:41:44] INFO ndcg@20 improved. Best value: 0.0246
[2026-02-09 10:41:44] INFO Best model checkpoint saved in saved/SASRec/noisy_10/2026-02-09-10-09-15-247442.ckpt.
[2026-02-09 10:43:07] INFO {'epoch': 23, 'sport_10_ndcg@20': tensor(0.0246), 'sport_10_recall@20': tensor(0.0576), 'ndcg@20': tensor(0.0246), 'recall@20': tensor(0.0576), 'train_loss_0': tensor(0.5373, device='cuda:0')}
[2026-02-09 10:43:08] INFO training_time: 1982.0599746704102
[2026-02-09 10:43:08] INFO inference_time: 38.608402729034424
[2026-02-09 10:43:08] INFO ndcg@20 improved. Best value: 0.0246
[2026-02-09 10:43:08] INFO Best model checkpoint saved in saved/SASRec/noisy_10/2026-02-09-10-09-15-247442.ckpt.
[2026-02-09 10:44:31] INFO {'epoch': 24, 'sport_10_ndcg@20': tensor(0.0239), 'sport_10_recall@20': tensor(0.0562), 'ndcg@20': tensor(0.0239), 'recall@20': tensor(0.0562), 'train_loss_0': tensor(0.5317, device='cuda:0')}
[2026-02-09 10:44:31] INFO training_time: 2064.3928229808807
[2026-02-09 10:44:31] INFO inference_time: 39.96936845779419
[2026-02-09 10:45:55] INFO {'epoch': 25, 'sport_10_ndcg@20': tensor(0.0250), 'sport_10_recall@20': tensor(0.0581), 'ndcg@20': tensor(0.0250), 'recall@20': tensor(0.0581), 'train_loss_0': tensor(0.5291, device='cuda:0')}
[2026-02-09 10:45:55] INFO training_time: 2146.7571461200714
[2026-02-09 10:45:55] INFO inference_time: 41.37485718727112
[2026-02-09 10:45:55] INFO ndcg@20 improved. Best value: 0.0250
[2026-02-09 10:45:55] INFO Best model checkpoint saved in saved/SASRec/noisy_10/2026-02-09-10-09-15-247442.ckpt.
[2026-02-09 10:47:18] INFO {'epoch': 26, 'sport_10_ndcg@20': tensor(0.0242), 'sport_10_recall@20': tensor(0.0576), 'ndcg@20': tensor(0.0242), 'recall@20': tensor(0.0576), 'train_loss_0': tensor(0.5272, device='cuda:0')}
[2026-02-09 10:47:19] INFO training_time: 2228.757981300354
[2026-02-09 10:47:19] INFO inference_time: 42.850913286209106
[2026-02-09 10:48:42] INFO {'epoch': 27, 'sport_10_ndcg@20': tensor(0.0250), 'sport_10_recall@20': tensor(0.0586), 'ndcg@20': tensor(0.0250), 'recall@20': tensor(0.0586), 'train_loss_0': tensor(0.5229, device='cuda:0')}
[2026-02-09 10:48:42] INFO training_time: 2311.053375482559
[2026-02-09 10:48:42] INFO inference_time: 44.25796580314636
[2026-02-09 10:48:42] INFO ndcg@20 improved. Best value: 0.0250
[2026-02-09 10:48:42] INFO Best model checkpoint saved in saved/SASRec/noisy_10/2026-02-09-10-09-15-247442.ckpt.
[2026-02-09 10:50:06] INFO {'epoch': 28, 'sport_10_ndcg@20': tensor(0.0256), 'sport_10_recall@20': tensor(0.0596), 'ndcg@20': tensor(0.0256), 'recall@20': tensor(0.0596), 'train_loss_0': tensor(0.5202, device='cuda:0')}
[2026-02-09 10:50:06] INFO training_time: 2393.433981657028
[2026-02-09 10:50:06] INFO inference_time: 45.673839807510376
[2026-02-09 10:50:06] INFO ndcg@20 improved. Best value: 0.0256
[2026-02-09 10:50:06] INFO Best model checkpoint saved in saved/SASRec/noisy_10/2026-02-09-10-09-15-247442.ckpt.
[2026-02-09 10:51:30] INFO {'epoch': 29, 'sport_10_ndcg@20': tensor(0.0248), 'sport_10_recall@20': tensor(0.0575), 'ndcg@20': tensor(0.0248), 'recall@20': tensor(0.0575), 'train_loss_0': tensor(0.5180, device='cuda:0')}
[2026-02-09 10:51:30] INFO training_time: 2476.0358622074127
[2026-02-09 10:51:30] INFO inference_time: 47.20856833457947
[2026-02-09 10:52:55] INFO {'epoch': 30, 'sport_10_ndcg@20': tensor(0.0251), 'sport_10_recall@20': tensor(0.0589), 'ndcg@20': tensor(0.0251), 'recall@20': tensor(0.0589), 'train_loss_0': tensor(0.5153, device='cuda:0')}
[2026-02-09 10:52:55] INFO training_time: 2558.4726750850677
[2026-02-09 10:52:55] INFO inference_time: 49.93695044517517
[2026-02-09 10:54:20] INFO {'epoch': 31, 'sport_10_ndcg@20': tensor(0.0255), 'sport_10_recall@20': tensor(0.0585), 'ndcg@20': tensor(0.0255), 'recall@20': tensor(0.0585), 'train_loss_0': tensor(0.5141, device='cuda:0')}
[2026-02-09 10:54:20] INFO training_time: 2641.653531551361
[2026-02-09 10:54:20] INFO inference_time: 51.57678437232971
[2026-02-09 10:55:45] INFO {'epoch': 32, 'sport_10_ndcg@20': tensor(0.0241), 'sport_10_recall@20': tensor(0.0561), 'ndcg@20': tensor(0.0241), 'recall@20': tensor(0.0561), 'train_loss_0': tensor(0.5127, device='cuda:0')}
[2026-02-09 10:55:45] INFO training_time: 2724.665563583374
[2026-02-09 10:55:45] INFO inference_time: 52.94963192939758
[2026-02-09 10:57:09] INFO {'epoch': 33, 'sport_10_ndcg@20': tensor(0.0245), 'sport_10_recall@20': tensor(0.0578), 'ndcg@20': tensor(0.0245), 'recall@20': tensor(0.0578), 'train_loss_0': tensor(0.5086, device='cuda:0')}
[2026-02-09 10:57:09] INFO training_time: 2807.4101026058197
[2026-02-09 10:57:09] INFO inference_time: 54.44349694252014
[2026-02-09 10:58:33] INFO {'epoch': 34, 'sport_10_ndcg@20': tensor(0.0244), 'sport_10_recall@20': tensor(0.0575), 'ndcg@20': tensor(0.0244), 'recall@20': tensor(0.0575), 'train_loss_0': tensor(0.5068, device='cuda:0')}
[2026-02-09 10:58:33] INFO training_time: 2889.7448422908783
[2026-02-09 10:58:33] INFO inference_time: 55.93346047401428
[2026-02-09 10:59:56] INFO {'epoch': 35, 'sport_10_ndcg@20': tensor(0.0245), 'sport_10_recall@20': tensor(0.0573), 'ndcg@20': tensor(0.0245), 'recall@20': tensor(0.0573), 'train_loss_0': tensor(0.5048, device='cuda:0')}
[2026-02-09 10:59:56] INFO training_time: 2971.81316280365
[2026-02-09 10:59:56] INFO inference_time: 57.4480619430542
[2026-02-09 11:01:20] INFO {'epoch': 36, 'sport_10_ndcg@20': tensor(0.0238), 'sport_10_recall@20': tensor(0.0571), 'ndcg@20': tensor(0.0238), 'recall@20': tensor(0.0571), 'train_loss_0': tensor(0.5026, device='cuda:0')}
[2026-02-09 11:01:20] INFO training_time: 3054.2174241542816
[2026-02-09 11:01:20] INFO inference_time: 58.89641237258911
[2026-02-09 11:02:44] INFO {'epoch': 37, 'sport_10_ndcg@20': tensor(0.0251), 'sport_10_recall@20': tensor(0.0594), 'ndcg@20': tensor(0.0251), 'recall@20': tensor(0.0594), 'train_loss_0': tensor(0.5017, device='cuda:0')}
[2026-02-09 11:02:44] INFO training_time: 3136.760231256485
[2026-02-09 11:02:44] INFO inference_time: 60.38604283332825
[2026-02-09 11:04:08] INFO {'epoch': 38, 'sport_10_ndcg@20': tensor(0.0254), 'sport_10_recall@20': tensor(0.0592), 'ndcg@20': tensor(0.0254), 'recall@20': tensor(0.0592), 'train_loss_0': tensor(0.4978, device='cuda:0')}
[2026-02-09 11:04:08] INFO training_time: 3218.9501700401306
[2026-02-09 11:04:08] INFO inference_time: 61.87263035774231
[2026-02-09 11:05:32] INFO {'epoch': 39, 'sport_10_ndcg@20': tensor(0.0256), 'sport_10_recall@20': tensor(0.0602), 'ndcg@20': tensor(0.0256), 'recall@20': tensor(0.0602), 'train_loss_0': tensor(0.4974, device='cuda:0')}
[2026-02-09 11:05:32] INFO training_time: 3301.5037722587585
[2026-02-09 11:05:32] INFO inference_time: 63.33730983734131
[2026-02-09 11:06:56] INFO {'epoch': 40, 'sport_10_ndcg@20': tensor(0.0258), 'sport_10_recall@20': tensor(0.0595), 'ndcg@20': tensor(0.0258), 'recall@20': tensor(0.0595), 'train_loss_0': tensor(0.4952, device='cuda:0')}
[2026-02-09 11:06:56] INFO training_time: 3383.537319421768
[2026-02-09 11:06:56] INFO inference_time: 65.71139216423035
[2026-02-09 11:06:56] INFO ndcg@20 improved. Best value: 0.0258
[2026-02-09 11:06:56] INFO Best model checkpoint saved in saved/SASRec/noisy_10/2026-02-09-10-09-15-247442.ckpt.
[2026-02-09 11:08:20] INFO {'epoch': 41, 'sport_10_ndcg@20': tensor(0.0247), 'sport_10_recall@20': tensor(0.0586), 'ndcg@20': tensor(0.0247), 'recall@20': tensor(0.0586), 'train_loss_0': tensor(0.4938, device='cuda:0')}
[2026-02-09 11:08:20] INFO training_time: 3465.77672457695
[2026-02-09 11:08:20] INFO inference_time: 67.072105884552
[2026-02-09 11:09:44] INFO {'epoch': 42, 'sport_10_ndcg@20': tensor(0.0255), 'sport_10_recall@20': tensor(0.0592), 'ndcg@20': tensor(0.0255), 'recall@20': tensor(0.0592), 'train_loss_0': tensor(0.4928, device='cuda:0')}
[2026-02-09 11:09:44] INFO training_time: 3548.1452112197876
[2026-02-09 11:09:44] INFO inference_time: 68.50809812545776
[2026-02-09 11:11:07] INFO {'epoch': 43, 'sport_10_ndcg@20': tensor(0.0256), 'sport_10_recall@20': tensor(0.0596), 'ndcg@20': tensor(0.0256), 'recall@20': tensor(0.0596), 'train_loss_0': tensor(0.4916, device='cuda:0')}
[2026-02-09 11:11:07] INFO training_time: 3630.2931549549103
[2026-02-09 11:11:07] INFO inference_time: 70.02514004707336
[2026-02-09 11:12:31] INFO {'epoch': 44, 'sport_10_ndcg@20': tensor(0.0257), 'sport_10_recall@20': tensor(0.0601), 'ndcg@20': tensor(0.0257), 'recall@20': tensor(0.0601), 'train_loss_0': tensor(0.4900, device='cuda:0')}
[2026-02-09 11:12:31] INFO training_time: 3712.4366266727448
[2026-02-09 11:12:31] INFO inference_time: 71.35960912704468
[2026-02-09 11:13:54] INFO {'epoch': 45, 'sport_10_ndcg@20': tensor(0.0257), 'sport_10_recall@20': tensor(0.0598), 'ndcg@20': tensor(0.0257), 'recall@20': tensor(0.0598), 'train_loss_0': tensor(0.4863, device='cuda:0')}
[2026-02-09 11:13:55] INFO training_time: 3794.594856739044
[2026-02-09 11:13:55] INFO inference_time: 72.75724339485168
[2026-02-09 11:15:18] INFO {'epoch': 46, 'sport_10_ndcg@20': tensor(0.0249), 'sport_10_recall@20': tensor(0.0590), 'ndcg@20': tensor(0.0249), 'recall@20': tensor(0.0590), 'train_loss_0': tensor(0.4870, device='cuda:0')}
[2026-02-09 11:15:18] INFO training_time: 3877.05069732666
[2026-02-09 11:15:18] INFO inference_time: 74.11253356933594
[2026-02-09 11:16:42] INFO {'epoch': 47, 'sport_10_ndcg@20': tensor(0.0258), 'sport_10_recall@20': tensor(0.0592), 'ndcg@20': tensor(0.0258), 'recall@20': tensor(0.0592), 'train_loss_0': tensor(0.4849, device='cuda:0')}
[2026-02-09 11:16:42] INFO training_time: 3959.1939120292664
[2026-02-09 11:16:42] INFO inference_time: 75.46641421318054
[2026-02-09 11:18:05] INFO {'epoch': 48, 'sport_10_ndcg@20': tensor(0.0251), 'sport_10_recall@20': tensor(0.0580), 'ndcg@20': tensor(0.0251), 'recall@20': tensor(0.0580), 'train_loss_0': tensor(0.4836, device='cuda:0')}
[2026-02-09 11:18:05] INFO training_time: 4041.085428953171
[2026-02-09 11:18:05] INFO inference_time: 76.96117639541626
[2026-02-09 11:19:22] INFO {'epoch': 49, 'sport_10_ndcg@20': tensor(0.0244), 'sport_10_recall@20': tensor(0.0573), 'ndcg@20': tensor(0.0244), 'recall@20': tensor(0.0573), 'train_loss_0': tensor(0.4825, device='cuda:0')}
[2026-02-09 11:19:22] INFO training_time: 4116.71569609642
[2026-02-09 11:19:22] INFO inference_time: 78.29386878013611
[2026-02-09 11:20:35] INFO {'epoch': 50, 'sport_10_ndcg@20': tensor(0.0252), 'sport_10_recall@20': tensor(0.0586), 'ndcg@20': tensor(0.0252), 'recall@20': tensor(0.0586), 'train_loss_0': tensor(0.4817, device='cuda:0')}
[2026-02-09 11:20:35] INFO training_time: 4188.319198608398
[2026-02-09 11:20:35] INFO inference_time: 79.94300270080566
[2026-02-09 11:21:49] INFO {'epoch': 51, 'sport_10_ndcg@20': tensor(0.0252), 'sport_10_recall@20': tensor(0.0588), 'ndcg@20': tensor(0.0252), 'recall@20': tensor(0.0588), 'train_loss_0': tensor(0.4805, device='cuda:0')}
[2026-02-09 11:21:49] INFO training_time: 4260.222695589066
[2026-02-09 11:21:49] INFO inference_time: 81.2344241142273
[2026-02-09 11:23:02] INFO {'epoch': 52, 'sport_10_ndcg@20': tensor(0.0256), 'sport_10_recall@20': tensor(0.0599), 'ndcg@20': tensor(0.0256), 'recall@20': tensor(0.0599), 'train_loss_0': tensor(0.4782, device='cuda:0')}
[2026-02-09 11:23:02] INFO training_time: 4331.999168634415
[2026-02-09 11:23:02] INFO inference_time: 82.64621090888977
[2026-02-09 11:24:15] INFO {'epoch': 53, 'sport_10_ndcg@20': tensor(0.0250), 'sport_10_recall@20': tensor(0.0584), 'ndcg@20': tensor(0.0250), 'recall@20': tensor(0.0584), 'train_loss_0': tensor(0.4761, device='cuda:0')}
[2026-02-09 11:24:15] INFO training_time: 4404.021538734436
[2026-02-09 11:24:15] INFO inference_time: 84.03386425971985
[2026-02-09 11:25:29] INFO {'epoch': 54, 'sport_10_ndcg@20': tensor(0.0244), 'sport_10_recall@20': tensor(0.0578), 'ndcg@20': tensor(0.0244), 'recall@20': tensor(0.0578), 'train_loss_0': tensor(0.4768, device='cuda:0')}
[2026-02-09 11:25:29] INFO training_time: 4476.258340120316
[2026-02-09 11:25:29] INFO inference_time: 85.44330596923828
[2026-02-09 11:26:42] INFO {'epoch': 55, 'sport_10_ndcg@20': tensor(0.0250), 'sport_10_recall@20': tensor(0.0584), 'ndcg@20': tensor(0.0250), 'recall@20': tensor(0.0584), 'train_loss_0': tensor(0.4750, device='cuda:0')}
[2026-02-09 11:26:42] INFO training_time: 4548.122056245804
[2026-02-09 11:26:42] INFO inference_time: 86.85883355140686
[2026-02-09 11:27:56] INFO {'epoch': 56, 'sport_10_ndcg@20': tensor(0.0251), 'sport_10_recall@20': tensor(0.0580), 'ndcg@20': tensor(0.0251), 'recall@20': tensor(0.0580), 'train_loss_0': tensor(0.4726, device='cuda:0')}
[2026-02-09 11:27:56] INFO training_time: 4620.591588020325
[2026-02-09 11:27:56] INFO inference_time: 88.30933046340942
[2026-02-09 11:29:10] INFO {'epoch': 57, 'sport_10_ndcg@20': tensor(0.0254), 'sport_10_recall@20': tensor(0.0597), 'ndcg@20': tensor(0.0254), 'recall@20': tensor(0.0597), 'train_loss_0': tensor(0.4724, device='cuda:0')}
[2026-02-09 11:29:10] INFO training_time: 4692.555424213409
[2026-02-09 11:29:10] INFO inference_time: 89.74011492729187
[2026-02-09 11:30:23] INFO {'epoch': 58, 'sport_10_ndcg@20': tensor(0.0260), 'sport_10_recall@20': tensor(0.0602), 'ndcg@20': tensor(0.0260), 'recall@20': tensor(0.0602), 'train_loss_0': tensor(0.4722, device='cuda:0')}
[2026-02-09 11:30:23] INFO training_time: 4764.733505487442
[2026-02-09 11:30:23] INFO inference_time: 91.1539044380188
[2026-02-09 11:30:23] INFO ndcg@20 improved. Best value: 0.0260
[2026-02-09 11:30:23] INFO Best model checkpoint saved in saved/SASRec/noisy_10/2026-02-09-10-09-15-247442.ckpt.
[2026-02-09 11:31:37] INFO {'epoch': 59, 'sport_10_ndcg@20': tensor(0.0251), 'sport_10_recall@20': tensor(0.0574), 'ndcg@20': tensor(0.0251), 'recall@20': tensor(0.0574), 'train_loss_0': tensor(0.4719, device='cuda:0')}
[2026-02-09 11:31:37] INFO training_time: 4836.87459230423
[2026-02-09 11:31:37] INFO inference_time: 92.62425184249878
[2026-02-09 11:32:50] INFO {'epoch': 60, 'sport_10_ndcg@20': tensor(0.0258), 'sport_10_recall@20': tensor(0.0599), 'ndcg@20': tensor(0.0258), 'recall@20': tensor(0.0599), 'train_loss_0': tensor(0.4690, device='cuda:0')}
[2026-02-09 11:32:50] INFO training_time: 4908.793660640717
[2026-02-09 11:32:50] INFO inference_time: 94.39381217956543
[2026-02-09 11:34:04] INFO {'epoch': 61, 'sport_10_ndcg@20': tensor(0.0253), 'sport_10_recall@20': tensor(0.0590), 'ndcg@20': tensor(0.0253), 'recall@20': tensor(0.0590), 'train_loss_0': tensor(0.4691, device='cuda:0')}
[2026-02-09 11:34:04] INFO training_time: 4980.64449763298
[2026-02-09 11:34:04] INFO inference_time: 95.9173333644867
[2026-02-09 11:35:18] INFO {'epoch': 62, 'sport_10_ndcg@20': tensor(0.0256), 'sport_10_recall@20': tensor(0.0585), 'ndcg@20': tensor(0.0256), 'recall@20': tensor(0.0585), 'train_loss_0': tensor(0.4654, device='cuda:0')}
[2026-02-09 11:35:18] INFO training_time: 5052.913810253143
[2026-02-09 11:35:18] INFO inference_time: 97.3050925731659
[2026-02-09 11:36:31] INFO {'epoch': 63, 'sport_10_ndcg@20': tensor(0.0253), 'sport_10_recall@20': tensor(0.0592), 'ndcg@20': tensor(0.0253), 'recall@20': tensor(0.0592), 'train_loss_0': tensor(0.4700, device='cuda:0')}
[2026-02-09 11:36:31] INFO training_time: 5125.174260854721
[2026-02-09 11:36:31] INFO inference_time: 98.58788585662842
[2026-02-09 11:37:45] INFO {'epoch': 64, 'sport_10_ndcg@20': tensor(0.0255), 'sport_10_recall@20': tensor(0.0589), 'ndcg@20': tensor(0.0255), 'recall@20': tensor(0.0589), 'train_loss_0': tensor(0.4670, device='cuda:0')}
[2026-02-09 11:37:45] INFO training_time: 5197.409187793732
[2026-02-09 11:37:45] INFO inference_time: 100.04979586601257
[2026-02-09 11:38:55] INFO {'epoch': 65, 'sport_10_ndcg@20': tensor(0.0258), 'sport_10_recall@20': tensor(0.0598), 'ndcg@20': tensor(0.0258), 'recall@20': tensor(0.0598), 'train_loss_0': tensor(0.4629, device='cuda:0')}
[2026-02-09 11:38:55] INFO training_time: 5265.895072937012
[2026-02-09 11:38:55] INFO inference_time: 101.44831824302673
[2026-02-09 11:39:59] INFO {'epoch': 66, 'sport_10_ndcg@20': tensor(0.0258), 'sport_10_recall@20': tensor(0.0599), 'ndcg@20': tensor(0.0258), 'recall@20': tensor(0.0599), 'train_loss_0': tensor(0.4616, device='cuda:0')}
[2026-02-09 11:39:59] INFO training_time: 5328.5409207344055
[2026-02-09 11:39:59] INFO inference_time: 102.71489644050598
[2026-02-09 11:41:03] INFO {'epoch': 67, 'sport_10_ndcg@20': tensor(0.0261), 'sport_10_recall@20': tensor(0.0603), 'ndcg@20': tensor(0.0261), 'recall@20': tensor(0.0603), 'train_loss_0': tensor(0.4626, device='cuda:0')}
[2026-02-09 11:41:03] INFO training_time: 5391.059416294098
[2026-02-09 11:41:03] INFO inference_time: 104.15503525733948
[2026-02-09 11:41:03] INFO ndcg@20 improved. Best value: 0.0261
[2026-02-09 11:41:03] INFO Best model checkpoint saved in saved/SASRec/noisy_10/2026-02-09-10-09-15-247442.ckpt.
[2026-02-09 11:42:05] INFO {'epoch': 68, 'sport_10_ndcg@20': tensor(0.0256), 'sport_10_recall@20': tensor(0.0591), 'ndcg@20': tensor(0.0256), 'recall@20': tensor(0.0591), 'train_loss_0': tensor(0.4608, device='cuda:0')}
[2026-02-09 11:42:05] INFO training_time: 5452.616968870163
[2026-02-09 11:42:05] INFO inference_time: 105.39221858978271
[2026-02-09 11:43:00] INFO {'epoch': 69, 'sport_10_ndcg@20': tensor(0.0265), 'sport_10_recall@20': tensor(0.0607), 'ndcg@20': tensor(0.0265), 'recall@20': tensor(0.0607), 'train_loss_0': tensor(0.4629, device='cuda:0')}
[2026-02-09 11:43:00] INFO training_time: 5505.876917123795
[2026-02-09 11:43:00] INFO inference_time: 106.73469161987305
[2026-02-09 11:43:00] INFO ndcg@20 improved. Best value: 0.0265
[2026-02-09 11:43:00] INFO Best model checkpoint saved in saved/SASRec/noisy_10/2026-02-09-10-09-15-247442.ckpt.
[2026-02-09 11:43:55] INFO {'epoch': 70, 'sport_10_ndcg@20': tensor(0.0255), 'sport_10_recall@20': tensor(0.0599), 'ndcg@20': tensor(0.0255), 'recall@20': tensor(0.0599), 'train_loss_0': tensor(0.4618, device='cuda:0')}
[2026-02-09 11:43:55] INFO training_time: 5559.2623035907745
[2026-02-09 11:43:55] INFO inference_time: 108.428062915802
[2026-02-09 11:44:50] INFO {'epoch': 71, 'sport_10_ndcg@20': tensor(0.0253), 'sport_10_recall@20': tensor(0.0592), 'ndcg@20': tensor(0.0253), 'recall@20': tensor(0.0592), 'train_loss_0': tensor(0.4605, device='cuda:0')}
[2026-02-09 11:44:50] INFO training_time: 5612.6763870716095
[2026-02-09 11:44:50] INFO inference_time: 109.79838824272156
[2026-02-09 11:45:45] INFO {'epoch': 72, 'sport_10_ndcg@20': tensor(0.0259), 'sport_10_recall@20': tensor(0.0601), 'ndcg@20': tensor(0.0259), 'recall@20': tensor(0.0601), 'train_loss_0': tensor(0.4595, device='cuda:0')}
[2026-02-09 11:45:45] INFO training_time: 5666.424126148224
[2026-02-09 11:45:45] INFO inference_time: 111.01883625984192
[2026-02-09 11:46:40] INFO {'epoch': 73, 'sport_10_ndcg@20': tensor(0.0251), 'sport_10_recall@20': tensor(0.0584), 'ndcg@20': tensor(0.0251), 'recall@20': tensor(0.0584), 'train_loss_0': tensor(0.4568, device='cuda:0')}
[2026-02-09 11:46:40] INFO training_time: 5720.295058965683
[2026-02-09 11:46:40] INFO inference_time: 112.47224497795105
[2026-02-09 11:47:35] INFO {'epoch': 74, 'sport_10_ndcg@20': tensor(0.0253), 'sport_10_recall@20': tensor(0.0584), 'ndcg@20': tensor(0.0253), 'recall@20': tensor(0.0584), 'train_loss_0': tensor(0.4588, device='cuda:0')}
[2026-02-09 11:47:35] INFO training_time: 5774.127741575241
[2026-02-09 11:47:35] INFO inference_time: 113.82817387580872
[2026-02-09 11:48:31] INFO {'epoch': 75, 'sport_10_ndcg@20': tensor(0.0258), 'sport_10_recall@20': tensor(0.0595), 'ndcg@20': tensor(0.0258), 'recall@20': tensor(0.0595), 'train_loss_0': tensor(0.4582, device='cuda:0')}
[2026-02-09 11:48:31] INFO training_time: 5828.158933162689
[2026-02-09 11:48:31] INFO inference_time: 115.3655652999878
[2026-02-09 11:49:26] INFO {'epoch': 76, 'sport_10_ndcg@20': tensor(0.0260), 'sport_10_recall@20': tensor(0.0599), 'ndcg@20': tensor(0.0260), 'recall@20': tensor(0.0599), 'train_loss_0': tensor(0.4574, device='cuda:0')}
[2026-02-09 11:49:26] INFO training_time: 5882.04558467865
[2026-02-09 11:49:26] INFO inference_time: 116.91974544525146
[2026-02-09 11:50:22] INFO {'epoch': 77, 'sport_10_ndcg@20': tensor(0.0261), 'sport_10_recall@20': tensor(0.0603), 'ndcg@20': tensor(0.0261), 'recall@20': tensor(0.0603), 'train_loss_0': tensor(0.4562, device='cuda:0')}
[2026-02-09 11:50:22] INFO training_time: 5936.12587761879
[2026-02-09 11:50:22] INFO inference_time: 118.45370101928711
[2026-02-09 11:51:17] INFO {'epoch': 78, 'sport_10_ndcg@20': tensor(0.0259), 'sport_10_recall@20': tensor(0.0607), 'ndcg@20': tensor(0.0259), 'recall@20': tensor(0.0607), 'train_loss_0': tensor(0.4539, device='cuda:0')}
[2026-02-09 11:51:17] INFO training_time: 5990.05987071991
[2026-02-09 11:51:17] INFO inference_time: 119.87028479576111
[2026-02-09 11:52:13] INFO {'epoch': 79, 'sport_10_ndcg@20': tensor(0.0263), 'sport_10_recall@20': tensor(0.0607), 'ndcg@20': tensor(0.0263), 'recall@20': tensor(0.0607), 'train_loss_0': tensor(0.4555, device='cuda:0')}
[2026-02-09 11:52:13] INFO training_time: 6043.865512609482
[2026-02-09 11:52:13] INFO inference_time: 121.36242985725403
[2026-02-09 11:53:09] INFO {'epoch': 80, 'sport_10_ndcg@20': tensor(0.0260), 'sport_10_recall@20': tensor(0.0611), 'ndcg@20': tensor(0.0260), 'recall@20': tensor(0.0611), 'train_loss_0': tensor(0.4538, device='cuda:0')}
[2026-02-09 11:53:09] INFO training_time: 6097.787619352341
[2026-02-09 11:53:09] INFO inference_time: 123.24137902259827
[2026-02-09 11:54:04] INFO {'epoch': 81, 'sport_10_ndcg@20': tensor(0.0260), 'sport_10_recall@20': tensor(0.0607), 'ndcg@20': tensor(0.0260), 'recall@20': tensor(0.0607), 'train_loss_0': tensor(0.4524, device='cuda:0')}
[2026-02-09 11:54:04] INFO training_time: 6151.616531133652
[2026-02-09 11:54:04] INFO inference_time: 124.54523253440857
[2026-02-09 11:54:59] INFO {'epoch': 82, 'sport_10_ndcg@20': tensor(0.0254), 'sport_10_recall@20': tensor(0.0587), 'ndcg@20': tensor(0.0254), 'recall@20': tensor(0.0587), 'train_loss_0': tensor(0.4536, device='cuda:0')}
[2026-02-09 11:54:59] INFO training_time: 6205.612186670303
[2026-02-09 11:54:59] INFO inference_time: 125.9620954990387
[2026-02-09 11:55:46] INFO {'epoch': 83, 'sport_10_ndcg@20': tensor(0.0258), 'sport_10_recall@20': tensor(0.0598), 'ndcg@20': tensor(0.0258), 'recall@20': tensor(0.0598), 'train_loss_0': tensor(0.4535, device='cuda:0')}
[2026-02-09 11:55:46] INFO training_time: 6251.4488706588745
[2026-02-09 11:55:46] INFO inference_time: 127.27985572814941
[2026-02-09 11:56:33] INFO {'epoch': 84, 'sport_10_ndcg@20': tensor(0.0258), 'sport_10_recall@20': tensor(0.0603), 'ndcg@20': tensor(0.0258), 'recall@20': tensor(0.0603), 'train_loss_0': tensor(0.4513, device='cuda:0')}
[2026-02-09 11:56:33] INFO training_time: 6296.759834289551
[2026-02-09 11:56:33] INFO inference_time: 128.5816559791565
[2026-02-09 11:57:19] INFO {'epoch': 85, 'sport_10_ndcg@20': tensor(0.0263), 'sport_10_recall@20': tensor(0.0605), 'ndcg@20': tensor(0.0263), 'recall@20': tensor(0.0605), 'train_loss_0': tensor(0.4510, device='cuda:0')}
[2026-02-09 11:57:19] INFO training_time: 6342.149294614792
[2026-02-09 11:57:19] INFO inference_time: 129.7678382396698
[2026-02-09 11:58:06] INFO {'epoch': 86, 'sport_10_ndcg@20': tensor(0.0258), 'sport_10_recall@20': tensor(0.0600), 'ndcg@20': tensor(0.0258), 'recall@20': tensor(0.0600), 'train_loss_0': tensor(0.4508, device='cuda:0')}
[2026-02-09 11:58:06] INFO training_time: 6387.218319654465
[2026-02-09 11:58:06] INFO inference_time: 131.15584182739258
[2026-02-09 11:58:53] INFO {'epoch': 87, 'sport_10_ndcg@20': tensor(0.0255), 'sport_10_recall@20': tensor(0.0594), 'ndcg@20': tensor(0.0255), 'recall@20': tensor(0.0594), 'train_loss_0': tensor(0.4490, device='cuda:0')}
[2026-02-09 11:58:53] INFO training_time: 6432.477963447571
[2026-02-09 11:58:53] INFO inference_time: 132.48930954933167
[2026-02-09 11:59:39] INFO {'epoch': 88, 'sport_10_ndcg@20': tensor(0.0256), 'sport_10_recall@20': tensor(0.0599), 'ndcg@20': tensor(0.0256), 'recall@20': tensor(0.0599), 'train_loss_0': tensor(0.4485, device='cuda:0')}
[2026-02-09 11:59:39] INFO training_time: 6477.5794632434845
[2026-02-09 11:59:39] INFO inference_time: 133.88029766082764
[2026-02-09 12:00:25] INFO {'epoch': 89, 'sport_10_ndcg@20': tensor(0.0264), 'sport_10_recall@20': tensor(0.0603), 'ndcg@20': tensor(0.0264), 'recall@20': tensor(0.0603), 'train_loss_0': tensor(0.4468, device='cuda:0')}
[2026-02-09 12:00:25] INFO training_time: 6522.629715919495
[2026-02-09 12:00:25] INFO inference_time: 135.24538612365723
[2026-02-09 12:00:25] INFO Early stopped. Since the metric ndcg@20 haven't been improved for 20 epochs.
[2026-02-09 12:00:25] INFO The best score of ndcg@20 is 0.0265 on epoch 69
[2026-02-09 12:00:25] INFO Best model checkpoint saved in saved/SASRec/noisy_10/2026-02-09-10-09-15-247442.ckpt.
[2026-02-09 12:00:27] INFO defaultdict(<class 'float'>, {'sport_10_ndcg@20': tensor(0.0198), 'sport_10_recall@20': tensor(0.0460), 'sport_10_ndcg@10': tensor(0.0157), 'sport_10_recall@10': tensor(0.0296), 'ndcg@20': tensor(0.0198), 'recall@20': tensor(0.0460), 'ndcg@10': tensor(0.0157), 'recall@10': tensor(0.0296)})
