[2026-02-09 16:06:02] INFO PID of this process: 3617635
[2026-02-09 16:06:15] INFO {'model': {'embed_dim': 64, 'loss_fn': 'bce', 'hidden_size': 128, 'layer_num': 2, 'head_num': 2, 'dropout_rate': 0.5, 'activation': 'gelu', 'layer_norm_eps': 1e-12, 'model': 'SASRec'}, 'data': {'domain_name_list': ['sport_10'], 'user_threshold': 5, 'item_threshold': 5, 'max_seq_len': 50, 'dataset_class': 'general', 'train_file': '_regen', 'dataset': 'noisy_10'}, 'train': {'batch_size': 256, 'early_stop_mode': 'max', 'early_stop_patience': 20, 'epochs': 1000, 'device': 'cuda', 'optimizer': 'adam', 'learning_rate': 0.001, 'weight_decay': 0, 'num_neg': 1, 'seed': 2025}, 'eval': {'batch_size': 2048, 'cutoff': [20, 10], 'val_metrics': ['ndcg', 'recall'], 'test_metrics': ['ndcg', 'recall'], 'topk': 100, 'save_path': './saved/'}}
[2026-02-09 16:06:15] INFO <data.dataset.SeparateDataset object at 0x7f2d580cc1c0>
[2026-02-09 16:06:15] INFO save_dir:saved
[2026-02-09 16:06:15] INFO SASRec(
  (item_embedding): Embedding(18358, 64, padding_idx=0)
  (query_encoder): SASRecQueryEncoder(
    (item_encoder): Embedding(18358, 64, padding_idx=0)
    (position_emb): Embedding(50, 64)
    (transformer_layer): TransformerEncoder(
      (layers): ModuleList(
        (0): TransformerEncoderLayer(
          (self_attn): MultiheadAttention(
            (out_proj): NonDynamicallyQuantizableLinear(in_features=64, out_features=64, bias=True)
          )
          (linear1): Linear(in_features=64, out_features=128, bias=True)
          (dropout): Dropout(p=0.5, inplace=False)
          (linear2): Linear(in_features=128, out_features=64, bias=True)
          (norm1): LayerNorm((64,), eps=1e-12, elementwise_affine=True)
          (norm2): LayerNorm((64,), eps=1e-12, elementwise_affine=True)
          (dropout1): Dropout(p=0.5, inplace=False)
          (dropout2): Dropout(p=0.5, inplace=False)
        )
        (1): TransformerEncoderLayer(
          (self_attn): MultiheadAttention(
            (out_proj): NonDynamicallyQuantizableLinear(in_features=64, out_features=64, bias=True)
          )
          (linear1): Linear(in_features=64, out_features=128, bias=True)
          (dropout): Dropout(p=0.5, inplace=False)
          (linear2): Linear(in_features=128, out_features=64, bias=True)
          (norm1): LayerNorm((64,), eps=1e-12, elementwise_affine=True)
          (norm2): LayerNorm((64,), eps=1e-12, elementwise_affine=True)
          (dropout1): Dropout(p=0.5, inplace=False)
          (dropout2): Dropout(p=0.5, inplace=False)
        )
      )
    )
    (dropout): Dropout(p=0.5, inplace=False)
    (training_pooling_layer): SeqPoolingLayer()
    (eval_pooling_layer): SeqPoolingLayer()
  )
  (loss_fn): BinaryCrossEntropyLoss()
)
[2026-02-09 16:07:18] INFO {'epoch': 0, 'sport_10_ndcg@20': tensor(0.0094), 'sport_10_recall@20': tensor(0.0234), 'ndcg@20': tensor(0.0094), 'recall@20': tensor(0.0234), 'train_loss_0': tensor(1.2048, device='cuda:0')}
[2026-02-09 16:07:18] INFO training_time: 61.05530619621277
[2026-02-09 16:07:18] INFO inference_time: 2.416868209838867
[2026-02-09 16:07:18] INFO ndcg@20 improved. Best value: 0.0094
[2026-02-09 16:07:18] INFO Best model checkpoint saved in saved/SASRec/noisy_10/2026-02-09-16-06-02-907344.ckpt.
[2026-02-09 16:08:32] INFO {'epoch': 1, 'sport_10_ndcg@20': tensor(0.0152), 'sport_10_recall@20': tensor(0.0371), 'ndcg@20': tensor(0.0152), 'recall@20': tensor(0.0371), 'train_loss_0': tensor(1.0544, device='cuda:0')}
[2026-02-09 16:08:32] INFO training_time: 133.31253504753113
[2026-02-09 16:08:32] INFO inference_time: 3.9505836963653564
[2026-02-09 16:08:32] INFO ndcg@20 improved. Best value: 0.0152
[2026-02-09 16:08:32] INFO Best model checkpoint saved in saved/SASRec/noisy_10/2026-02-09-16-06-02-907344.ckpt.
[2026-02-09 16:09:47] INFO {'epoch': 2, 'sport_10_ndcg@20': tensor(0.0183), 'sport_10_recall@20': tensor(0.0440), 'ndcg@20': tensor(0.0183), 'recall@20': tensor(0.0440), 'train_loss_0': tensor(0.9410, device='cuda:0')}
[2026-02-09 16:09:47] INFO training_time: 205.9427740573883
[2026-02-09 16:09:47] INFO inference_time: 5.642230749130249
[2026-02-09 16:09:47] INFO ndcg@20 improved. Best value: 0.0183
[2026-02-09 16:09:47] INFO Best model checkpoint saved in saved/SASRec/noisy_10/2026-02-09-16-06-02-907344.ckpt.
[2026-02-09 16:11:01] INFO {'epoch': 3, 'sport_10_ndcg@20': tensor(0.0206), 'sport_10_recall@20': tensor(0.0488), 'ndcg@20': tensor(0.0206), 'recall@20': tensor(0.0488), 'train_loss_0': tensor(0.8561, device='cuda:0')}
[2026-02-09 16:11:01] INFO training_time: 278.3893458843231
[2026-02-09 16:11:01] INFO inference_time: 7.3668153285980225
[2026-02-09 16:11:01] INFO ndcg@20 improved. Best value: 0.0206
[2026-02-09 16:11:01] INFO Best model checkpoint saved in saved/SASRec/noisy_10/2026-02-09-16-06-02-907344.ckpt.
[2026-02-09 16:12:16] INFO {'epoch': 4, 'sport_10_ndcg@20': tensor(0.0211), 'sport_10_recall@20': tensor(0.0515), 'ndcg@20': tensor(0.0211), 'recall@20': tensor(0.0515), 'train_loss_0': tensor(0.7908, device='cuda:0')}
[2026-02-09 16:12:16] INFO training_time: 351.5212035179138
[2026-02-09 16:12:16] INFO inference_time: 9.108045816421509
[2026-02-09 16:12:16] INFO ndcg@20 improved. Best value: 0.0211
[2026-02-09 16:12:16] INFO Best model checkpoint saved in saved/SASRec/noisy_10/2026-02-09-16-06-02-907344.ckpt.
[2026-02-09 16:13:29] INFO {'epoch': 5, 'sport_10_ndcg@20': tensor(0.0213), 'sport_10_recall@20': tensor(0.0512), 'ndcg@20': tensor(0.0213), 'recall@20': tensor(0.0512), 'train_loss_0': tensor(0.7436, device='cuda:0')}
[2026-02-09 16:13:29] INFO training_time: 423.5622136592865
[2026-02-09 16:13:29] INFO inference_time: 10.581250190734863
[2026-02-09 16:13:29] INFO ndcg@20 improved. Best value: 0.0213
[2026-02-09 16:13:29] INFO Best model checkpoint saved in saved/SASRec/noisy_10/2026-02-09-16-06-02-907344.ckpt.
[2026-02-09 16:14:59] INFO {'epoch': 6, 'sport_10_ndcg@20': tensor(0.0220), 'sport_10_recall@20': tensor(0.0534), 'ndcg@20': tensor(0.0220), 'recall@20': tensor(0.0534), 'train_loss_0': tensor(0.7065, device='cuda:0')}
[2026-02-09 16:14:59] INFO training_time: 511.27254939079285
[2026-02-09 16:14:59] INFO inference_time: 12.101083517074585
[2026-02-09 16:14:59] INFO ndcg@20 improved. Best value: 0.0220
[2026-02-09 16:14:59] INFO Best model checkpoint saved in saved/SASRec/noisy_10/2026-02-09-16-06-02-907344.ckpt.
[2026-02-09 16:16:33] INFO {'epoch': 7, 'sport_10_ndcg@20': tensor(0.0223), 'sport_10_recall@20': tensor(0.0539), 'ndcg@20': tensor(0.0223), 'recall@20': tensor(0.0539), 'train_loss_0': tensor(0.6792, device='cuda:0')}
[2026-02-09 16:16:33] INFO training_time: 603.6683323383331
[2026-02-09 16:16:33] INFO inference_time: 13.66106367111206
[2026-02-09 16:16:33] INFO ndcg@20 improved. Best value: 0.0223
[2026-02-09 16:16:33] INFO Best model checkpoint saved in saved/SASRec/noisy_10/2026-02-09-16-06-02-907344.ckpt.
[2026-02-09 16:18:07] INFO {'epoch': 8, 'sport_10_ndcg@20': tensor(0.0227), 'sport_10_recall@20': tensor(0.0537), 'ndcg@20': tensor(0.0227), 'recall@20': tensor(0.0537), 'train_loss_0': tensor(0.6584, device='cuda:0')}
[2026-02-09 16:18:07] INFO training_time: 695.8372137546539
[2026-02-09 16:18:07] INFO inference_time: 15.494317770004272
[2026-02-09 16:18:07] INFO ndcg@20 improved. Best value: 0.0227
[2026-02-09 16:18:07] INFO Best model checkpoint saved in saved/SASRec/noisy_10/2026-02-09-16-06-02-907344.ckpt.
[2026-02-09 16:19:40] INFO {'epoch': 9, 'sport_10_ndcg@20': tensor(0.0225), 'sport_10_recall@20': tensor(0.0538), 'ndcg@20': tensor(0.0225), 'recall@20': tensor(0.0538), 'train_loss_0': tensor(0.6391, device='cuda:0')}
[2026-02-09 16:19:40] INFO training_time: 787.8686265945435
[2026-02-09 16:19:40] INFO inference_time: 17.033708333969116
[2026-02-09 16:21:13] INFO {'epoch': 10, 'sport_10_ndcg@20': tensor(0.0228), 'sport_10_recall@20': tensor(0.0537), 'ndcg@20': tensor(0.0228), 'recall@20': tensor(0.0537), 'train_loss_0': tensor(0.6248, device='cuda:0')}
[2026-02-09 16:21:13] INFO training_time: 879.1393256187439
[2026-02-09 16:21:13] INFO inference_time: 19.04717230796814
[2026-02-09 16:21:13] INFO ndcg@20 improved. Best value: 0.0228
[2026-02-09 16:21:13] INFO Best model checkpoint saved in saved/SASRec/noisy_10/2026-02-09-16-06-02-907344.ckpt.
[2026-02-09 16:22:46] INFO {'epoch': 11, 'sport_10_ndcg@20': tensor(0.0228), 'sport_10_recall@20': tensor(0.0532), 'ndcg@20': tensor(0.0228), 'recall@20': tensor(0.0532), 'train_loss_0': tensor(0.6111, device='cuda:0')}
[2026-02-09 16:22:46] INFO training_time: 969.9353432655334
[2026-02-09 16:22:46] INFO inference_time: 20.73548126220703
[2026-02-09 16:24:18] INFO {'epoch': 12, 'sport_10_ndcg@20': tensor(0.0235), 'sport_10_recall@20': tensor(0.0560), 'ndcg@20': tensor(0.0235), 'recall@20': tensor(0.0560), 'train_loss_0': tensor(0.5999, device='cuda:0')}
[2026-02-09 16:24:18] INFO training_time: 1060.7700102329254
[2026-02-09 16:24:18] INFO inference_time: 22.213130235671997
[2026-02-09 16:24:18] INFO ndcg@20 improved. Best value: 0.0235
[2026-02-09 16:24:18] INFO Best model checkpoint saved in saved/SASRec/noisy_10/2026-02-09-16-06-02-907344.ckpt.
[2026-02-09 16:25:50] INFO {'epoch': 13, 'sport_10_ndcg@20': tensor(0.0239), 'sport_10_recall@20': tensor(0.0560), 'ndcg@20': tensor(0.0239), 'recall@20': tensor(0.0560), 'train_loss_0': tensor(0.5897, device='cuda:0')}
[2026-02-09 16:25:50] INFO training_time: 1151.004723072052
[2026-02-09 16:25:50] INFO inference_time: 23.897372007369995
[2026-02-09 16:25:50] INFO ndcg@20 improved. Best value: 0.0239
[2026-02-09 16:25:50] INFO Best model checkpoint saved in saved/SASRec/noisy_10/2026-02-09-16-06-02-907344.ckpt.
[2026-02-09 16:27:21] INFO {'epoch': 14, 'sport_10_ndcg@20': tensor(0.0228), 'sport_10_recall@20': tensor(0.0549), 'ndcg@20': tensor(0.0228), 'recall@20': tensor(0.0549), 'train_loss_0': tensor(0.5840, device='cuda:0')}
[2026-02-09 16:27:21] INFO training_time: 1240.3991866111755
[2026-02-09 16:27:21] INFO inference_time: 25.47445249557495
[2026-02-09 16:28:53] INFO {'epoch': 15, 'sport_10_ndcg@20': tensor(0.0239), 'sport_10_recall@20': tensor(0.0564), 'ndcg@20': tensor(0.0239), 'recall@20': tensor(0.0564), 'train_loss_0': tensor(0.5765, device='cuda:0')}
[2026-02-09 16:28:53] INFO training_time: 1330.3848493099213
[2026-02-09 16:28:53] INFO inference_time: 27.311521768569946
[2026-02-09 16:28:53] INFO ndcg@20 improved. Best value: 0.0239
[2026-02-09 16:28:53] INFO Best model checkpoint saved in saved/SASRec/noisy_10/2026-02-09-16-06-02-907344.ckpt.
[2026-02-09 16:30:25] INFO {'epoch': 16, 'sport_10_ndcg@20': tensor(0.0230), 'sport_10_recall@20': tensor(0.0555), 'ndcg@20': tensor(0.0230), 'recall@20': tensor(0.0555), 'train_loss_0': tensor(0.5694, device='cuda:0')}
[2026-02-09 16:30:25] INFO training_time: 1420.597140789032
[2026-02-09 16:30:25] INFO inference_time: 29.002269506454468
[2026-02-09 16:31:56] INFO {'epoch': 17, 'sport_10_ndcg@20': tensor(0.0235), 'sport_10_recall@20': tensor(0.0559), 'ndcg@20': tensor(0.0235), 'recall@20': tensor(0.0559), 'train_loss_0': tensor(0.5646, device='cuda:0')}
[2026-02-09 16:31:56] INFO training_time: 1509.7225947380066
[2026-02-09 16:31:56] INFO inference_time: 30.8649582862854
[2026-02-09 16:33:27] INFO {'epoch': 18, 'sport_10_ndcg@20': tensor(0.0234), 'sport_10_recall@20': tensor(0.0554), 'ndcg@20': tensor(0.0234), 'recall@20': tensor(0.0554), 'train_loss_0': tensor(0.5575, device='cuda:0')}
[2026-02-09 16:33:27] INFO training_time: 1599.4193997383118
[2026-02-09 16:33:27] INFO inference_time: 32.619561195373535
[2026-02-09 16:34:59] INFO {'epoch': 19, 'sport_10_ndcg@20': tensor(0.0232), 'sport_10_recall@20': tensor(0.0547), 'ndcg@20': tensor(0.0232), 'recall@20': tensor(0.0547), 'train_loss_0': tensor(0.5527, device='cuda:0')}
[2026-02-09 16:34:59] INFO training_time: 1689.370608329773
[2026-02-09 16:34:59] INFO inference_time: 34.08511757850647
[2026-02-09 16:36:32] INFO {'epoch': 20, 'sport_10_ndcg@20': tensor(0.0232), 'sport_10_recall@20': tensor(0.0549), 'ndcg@20': tensor(0.0232), 'recall@20': tensor(0.0549), 'train_loss_0': tensor(0.5484, device='cuda:0')}
[2026-02-09 16:36:32] INFO training_time: 1779.231199979782
[2026-02-09 16:36:32] INFO inference_time: 36.82797884941101
[2026-02-09 16:38:04] INFO {'epoch': 21, 'sport_10_ndcg@20': tensor(0.0229), 'sport_10_recall@20': tensor(0.0549), 'ndcg@20': tensor(0.0229), 'recall@20': tensor(0.0549), 'train_loss_0': tensor(0.5448, device='cuda:0')}
[2026-02-09 16:38:04] INFO training_time: 1869.7757880687714
[2026-02-09 16:38:04] INFO inference_time: 38.426854372024536
[2026-02-09 16:39:35] INFO {'epoch': 22, 'sport_10_ndcg@20': tensor(0.0239), 'sport_10_recall@20': tensor(0.0566), 'ndcg@20': tensor(0.0239), 'recall@20': tensor(0.0566), 'train_loss_0': tensor(0.5411, device='cuda:0')}
[2026-02-09 16:39:35] INFO training_time: 1959.1591289043427
[2026-02-09 16:39:35] INFO inference_time: 40.09043312072754
[2026-02-09 16:41:06] INFO {'epoch': 23, 'sport_10_ndcg@20': tensor(0.0235), 'sport_10_recall@20': tensor(0.0568), 'ndcg@20': tensor(0.0235), 'recall@20': tensor(0.0568), 'train_loss_0': tensor(0.5376, device='cuda:0')}
[2026-02-09 16:41:06] INFO training_time: 2049.1005387306213
[2026-02-09 16:41:06] INFO inference_time: 41.702465772628784
[2026-02-09 16:42:38] INFO {'epoch': 24, 'sport_10_ndcg@20': tensor(0.0237), 'sport_10_recall@20': tensor(0.0564), 'ndcg@20': tensor(0.0237), 'recall@20': tensor(0.0564), 'train_loss_0': tensor(0.5313, device='cuda:0')}
[2026-02-09 16:42:38] INFO training_time: 2138.7942678928375
[2026-02-09 16:42:38] INFO inference_time: 43.39928436279297
[2026-02-09 16:44:09] INFO {'epoch': 25, 'sport_10_ndcg@20': tensor(0.0239), 'sport_10_recall@20': tensor(0.0567), 'ndcg@20': tensor(0.0239), 'recall@20': tensor(0.0567), 'train_loss_0': tensor(0.5295, device='cuda:0')}
[2026-02-09 16:44:09] INFO training_time: 2228.351494550705
[2026-02-09 16:44:09] INFO inference_time: 45.1973659992218
[2026-02-09 16:45:40] INFO {'epoch': 26, 'sport_10_ndcg@20': tensor(0.0238), 'sport_10_recall@20': tensor(0.0558), 'ndcg@20': tensor(0.0238), 'recall@20': tensor(0.0558), 'train_loss_0': tensor(0.5264, device='cuda:0')}
[2026-02-09 16:45:40] INFO training_time: 2317.5000791549683
[2026-02-09 16:45:40] INFO inference_time: 46.81196069717407
[2026-02-09 16:47:11] INFO {'epoch': 27, 'sport_10_ndcg@20': tensor(0.0241), 'sport_10_recall@20': tensor(0.0562), 'ndcg@20': tensor(0.0241), 'recall@20': tensor(0.0562), 'train_loss_0': tensor(0.5244, device='cuda:0')}
[2026-02-09 16:47:11] INFO training_time: 2406.8991112709045
[2026-02-09 16:47:11] INFO inference_time: 48.550586462020874
[2026-02-09 16:47:11] INFO ndcg@20 improved. Best value: 0.0241
[2026-02-09 16:47:11] INFO Best model checkpoint saved in saved/SASRec/noisy_10/2026-02-09-16-06-02-907344.ckpt.
[2026-02-09 16:48:43] INFO {'epoch': 28, 'sport_10_ndcg@20': tensor(0.0249), 'sport_10_recall@20': tensor(0.0581), 'ndcg@20': tensor(0.0249), 'recall@20': tensor(0.0581), 'train_loss_0': tensor(0.5211, device='cuda:0')}
[2026-02-09 16:48:43] INFO training_time: 2496.9430272579193
[2026-02-09 16:48:43] INFO inference_time: 50.07539772987366
[2026-02-09 16:48:43] INFO ndcg@20 improved. Best value: 0.0249
[2026-02-09 16:48:43] INFO Best model checkpoint saved in saved/SASRec/noisy_10/2026-02-09-16-06-02-907344.ckpt.
[2026-02-09 16:50:15] INFO {'epoch': 29, 'sport_10_ndcg@20': tensor(0.0243), 'sport_10_recall@20': tensor(0.0571), 'ndcg@20': tensor(0.0243), 'recall@20': tensor(0.0571), 'train_loss_0': tensor(0.5177, device='cuda:0')}
[2026-02-09 16:50:15] INFO training_time: 2587.6869473457336
[2026-02-09 16:50:15] INFO inference_time: 51.56361770629883
[2026-02-09 16:51:47] INFO {'epoch': 30, 'sport_10_ndcg@20': tensor(0.0249), 'sport_10_recall@20': tensor(0.0581), 'ndcg@20': tensor(0.0249), 'recall@20': tensor(0.0581), 'train_loss_0': tensor(0.5169, device='cuda:0')}
[2026-02-09 16:51:47] INFO training_time: 2677.872092485428
[2026-02-09 16:51:47] INFO inference_time: 53.93502163887024
[2026-02-09 16:51:47] INFO ndcg@20 improved. Best value: 0.0249
[2026-02-09 16:51:47] INFO Best model checkpoint saved in saved/SASRec/noisy_10/2026-02-09-16-06-02-907344.ckpt.
[2026-02-09 16:53:19] INFO {'epoch': 31, 'sport_10_ndcg@20': tensor(0.0248), 'sport_10_recall@20': tensor(0.0578), 'ndcg@20': tensor(0.0248), 'recall@20': tensor(0.0578), 'train_loss_0': tensor(0.5149, device='cuda:0')}
[2026-02-09 16:53:19] INFO training_time: 2767.443806409836
[2026-02-09 16:53:19] INFO inference_time: 55.55630850791931
[2026-02-09 16:54:50] INFO {'epoch': 32, 'sport_10_ndcg@20': tensor(0.0245), 'sport_10_recall@20': tensor(0.0576), 'ndcg@20': tensor(0.0245), 'recall@20': tensor(0.0576), 'train_loss_0': tensor(0.5115, device='cuda:0')}
[2026-02-09 16:54:50] INFO training_time: 2856.9018087387085
[2026-02-09 16:54:50] INFO inference_time: 57.08334970474243
[2026-02-09 16:56:21] INFO {'epoch': 33, 'sport_10_ndcg@20': tensor(0.0252), 'sport_10_recall@20': tensor(0.0591), 'ndcg@20': tensor(0.0252), 'recall@20': tensor(0.0591), 'train_loss_0': tensor(0.5099, device='cuda:0')}
[2026-02-09 16:56:21] INFO training_time: 2946.215163230896
[2026-02-09 16:56:21] INFO inference_time: 58.81393647193909
[2026-02-09 16:56:21] INFO ndcg@20 improved. Best value: 0.0252
[2026-02-09 16:56:21] INFO Best model checkpoint saved in saved/SASRec/noisy_10/2026-02-09-16-06-02-907344.ckpt.
[2026-02-09 16:57:52] INFO {'epoch': 34, 'sport_10_ndcg@20': tensor(0.0245), 'sport_10_recall@20': tensor(0.0577), 'ndcg@20': tensor(0.0245), 'recall@20': tensor(0.0577), 'train_loss_0': tensor(0.5050, device='cuda:0')}
[2026-02-09 16:57:52] INFO training_time: 3035.950912475586
[2026-02-09 16:57:52] INFO inference_time: 60.35271763801575
[2026-02-09 16:59:22] INFO {'epoch': 35, 'sport_10_ndcg@20': tensor(0.0243), 'sport_10_recall@20': tensor(0.0581), 'ndcg@20': tensor(0.0243), 'recall@20': tensor(0.0581), 'train_loss_0': tensor(0.5046, device='cuda:0')}
[2026-02-09 16:59:22] INFO training_time: 3124.6260628700256
[2026-02-09 16:59:22] INFO inference_time: 62.11294388771057
[2026-02-09 17:00:53] INFO {'epoch': 36, 'sport_10_ndcg@20': tensor(0.0250), 'sport_10_recall@20': tensor(0.0585), 'ndcg@20': tensor(0.0250), 'recall@20': tensor(0.0585), 'train_loss_0': tensor(0.5011, device='cuda:0')}
[2026-02-09 17:00:53] INFO training_time: 3213.954555273056
[2026-02-09 17:00:53] INFO inference_time: 63.67744302749634
[2026-02-09 17:02:24] INFO {'epoch': 37, 'sport_10_ndcg@20': tensor(0.0245), 'sport_10_recall@20': tensor(0.0580), 'ndcg@20': tensor(0.0245), 'recall@20': tensor(0.0580), 'train_loss_0': tensor(0.5023, device='cuda:0')}
[2026-02-09 17:02:24] INFO training_time: 3302.6472613811493
[2026-02-09 17:02:24] INFO inference_time: 65.20998358726501
[2026-02-09 17:03:54] INFO {'epoch': 38, 'sport_10_ndcg@20': tensor(0.0248), 'sport_10_recall@20': tensor(0.0581), 'ndcg@20': tensor(0.0248), 'recall@20': tensor(0.0581), 'train_loss_0': tensor(0.4990, device='cuda:0')}
[2026-02-09 17:03:54] INFO training_time: 3391.647141933441
[2026-02-09 17:03:54] INFO inference_time: 66.8045654296875
[2026-02-09 17:05:24] INFO {'epoch': 39, 'sport_10_ndcg@20': tensor(0.0256), 'sport_10_recall@20': tensor(0.0590), 'ndcg@20': tensor(0.0256), 'recall@20': tensor(0.0590), 'train_loss_0': tensor(0.4955, device='cuda:0')}
[2026-02-09 17:05:24] INFO training_time: 3480.4446024894714
[2026-02-09 17:05:24] INFO inference_time: 68.28923964500427
[2026-02-09 17:05:25] INFO ndcg@20 improved. Best value: 0.0256
[2026-02-09 17:05:25] INFO Best model checkpoint saved in saved/SASRec/noisy_10/2026-02-09-16-06-02-907344.ckpt.
[2026-02-09 17:06:57] INFO {'epoch': 40, 'sport_10_ndcg@20': tensor(0.0259), 'sport_10_recall@20': tensor(0.0592), 'ndcg@20': tensor(0.0259), 'recall@20': tensor(0.0592), 'train_loss_0': tensor(0.4949, device='cuda:0')}
[2026-02-09 17:06:57] INFO training_time: 3570.0545790195465
[2026-02-09 17:06:57] INFO inference_time: 71.05738306045532
[2026-02-09 17:06:57] INFO ndcg@20 improved. Best value: 0.0259
[2026-02-09 17:06:57] INFO Best model checkpoint saved in saved/SASRec/noisy_10/2026-02-09-16-06-02-907344.ckpt.
[2026-02-09 17:08:28] INFO {'epoch': 41, 'sport_10_ndcg@20': tensor(0.0250), 'sport_10_recall@20': tensor(0.0584), 'ndcg@20': tensor(0.0250), 'recall@20': tensor(0.0584), 'train_loss_0': tensor(0.4952, device='cuda:0')}
[2026-02-09 17:08:28] INFO training_time: 3659.5846688747406
[2026-02-09 17:08:28] INFO inference_time: 72.52514505386353
[2026-02-09 17:10:00] INFO {'epoch': 42, 'sport_10_ndcg@20': tensor(0.0259), 'sport_10_recall@20': tensor(0.0602), 'ndcg@20': tensor(0.0259), 'recall@20': tensor(0.0602), 'train_loss_0': tensor(0.4898, device='cuda:0')}
[2026-02-09 17:10:00] INFO training_time: 3750.0391035079956
[2026-02-09 17:10:00] INFO inference_time: 74.0143666267395
[2026-02-09 17:11:31] INFO {'epoch': 43, 'sport_10_ndcg@20': tensor(0.0252), 'sport_10_recall@20': tensor(0.0584), 'ndcg@20': tensor(0.0252), 'recall@20': tensor(0.0584), 'train_loss_0': tensor(0.4908, device='cuda:0')}
[2026-02-09 17:11:31] INFO training_time: 3839.749957561493
[2026-02-09 17:11:31] INFO inference_time: 75.61092805862427
[2026-02-09 17:13:02] INFO {'epoch': 44, 'sport_10_ndcg@20': tensor(0.0250), 'sport_10_recall@20': tensor(0.0590), 'ndcg@20': tensor(0.0250), 'recall@20': tensor(0.0590), 'train_loss_0': tensor(0.4895, device='cuda:0')}
[2026-02-09 17:13:02] INFO training_time: 3929.1939487457275
[2026-02-09 17:13:02] INFO inference_time: 77.12692046165466
[2026-02-09 17:14:34] INFO {'epoch': 45, 'sport_10_ndcg@20': tensor(0.0255), 'sport_10_recall@20': tensor(0.0585), 'ndcg@20': tensor(0.0255), 'recall@20': tensor(0.0585), 'train_loss_0': tensor(0.4899, device='cuda:0')}
[2026-02-09 17:14:34] INFO training_time: 4019.2790791988373
[2026-02-09 17:14:34] INFO inference_time: 78.65499591827393
[2026-02-09 17:16:05] INFO {'epoch': 46, 'sport_10_ndcg@20': tensor(0.0252), 'sport_10_recall@20': tensor(0.0592), 'ndcg@20': tensor(0.0252), 'recall@20': tensor(0.0592), 'train_loss_0': tensor(0.4852, device='cuda:0')}
[2026-02-09 17:16:05] INFO training_time: 4108.332023382187
[2026-02-09 17:16:05] INFO inference_time: 80.3561782836914
[2026-02-09 17:17:36] INFO {'epoch': 47, 'sport_10_ndcg@20': tensor(0.0256), 'sport_10_recall@20': tensor(0.0599), 'ndcg@20': tensor(0.0256), 'recall@20': tensor(0.0599), 'train_loss_0': tensor(0.4848, device='cuda:0')}
[2026-02-09 17:17:36] INFO training_time: 4197.89537525177
[2026-02-09 17:17:36] INFO inference_time: 82.0229697227478
[2026-02-09 17:19:07] INFO {'epoch': 48, 'sport_10_ndcg@20': tensor(0.0261), 'sport_10_recall@20': tensor(0.0594), 'ndcg@20': tensor(0.0261), 'recall@20': tensor(0.0594), 'train_loss_0': tensor(0.4843, device='cuda:0')}
[2026-02-09 17:19:07] INFO training_time: 4287.79820394516
[2026-02-09 17:19:07] INFO inference_time: 83.63392972946167
[2026-02-09 17:19:07] INFO ndcg@20 improved. Best value: 0.0261
[2026-02-09 17:19:07] INFO Best model checkpoint saved in saved/SASRec/noisy_10/2026-02-09-16-06-02-907344.ckpt.
[2026-02-09 17:20:39] INFO {'epoch': 49, 'sport_10_ndcg@20': tensor(0.0249), 'sport_10_recall@20': tensor(0.0582), 'ndcg@20': tensor(0.0249), 'recall@20': tensor(0.0582), 'train_loss_0': tensor(0.4819, device='cuda:0')}
[2026-02-09 17:20:39] INFO training_time: 4378.130733251572
[2026-02-09 17:20:39] INFO inference_time: 85.13841247558594
[2026-02-09 17:22:11] INFO {'epoch': 50, 'sport_10_ndcg@20': tensor(0.0257), 'sport_10_recall@20': tensor(0.0587), 'ndcg@20': tensor(0.0257), 'recall@20': tensor(0.0587), 'train_loss_0': tensor(0.4800, device='cuda:0')}
[2026-02-09 17:22:11] INFO training_time: 4468.056657791138
[2026-02-09 17:22:11] INFO inference_time: 87.14618015289307
[2026-02-09 17:23:43] INFO {'epoch': 51, 'sport_10_ndcg@20': tensor(0.0253), 'sport_10_recall@20': tensor(0.0583), 'ndcg@20': tensor(0.0253), 'recall@20': tensor(0.0583), 'train_loss_0': tensor(0.4810, device='cuda:0')}
[2026-02-09 17:23:43] INFO training_time: 4557.981388092041
[2026-02-09 17:23:43] INFO inference_time: 88.84435629844666
[2026-02-09 17:25:15] INFO {'epoch': 52, 'sport_10_ndcg@20': tensor(0.0257), 'sport_10_recall@20': tensor(0.0589), 'ndcg@20': tensor(0.0257), 'recall@20': tensor(0.0589), 'train_loss_0': tensor(0.4788, device='cuda:0')}
[2026-02-09 17:25:15] INFO training_time: 4648.347264051437
[2026-02-09 17:25:15] INFO inference_time: 90.6580262184143
[2026-02-09 17:26:47] INFO {'epoch': 53, 'sport_10_ndcg@20': tensor(0.0254), 'sport_10_recall@20': tensor(0.0583), 'ndcg@20': tensor(0.0254), 'recall@20': tensor(0.0583), 'train_loss_0': tensor(0.4768, device='cuda:0')}
[2026-02-09 17:26:47] INFO training_time: 4738.523194551468
[2026-02-09 17:26:47] INFO inference_time: 92.25753426551819
[2026-02-09 17:28:17] INFO {'epoch': 54, 'sport_10_ndcg@20': tensor(0.0257), 'sport_10_recall@20': tensor(0.0592), 'ndcg@20': tensor(0.0257), 'recall@20': tensor(0.0592), 'train_loss_0': tensor(0.4764, device='cuda:0')}
[2026-02-09 17:28:17] INFO training_time: 4827.26046705246
[2026-02-09 17:28:17] INFO inference_time: 93.82878637313843
[2026-02-09 17:29:48] INFO {'epoch': 55, 'sport_10_ndcg@20': tensor(0.0260), 'sport_10_recall@20': tensor(0.0603), 'ndcg@20': tensor(0.0260), 'recall@20': tensor(0.0603), 'train_loss_0': tensor(0.4746, device='cuda:0')}
[2026-02-09 17:29:48] INFO training_time: 4916.7944440841675
[2026-02-09 17:29:48] INFO inference_time: 95.33561301231384
[2026-02-09 17:31:18] INFO {'epoch': 56, 'sport_10_ndcg@20': tensor(0.0261), 'sport_10_recall@20': tensor(0.0600), 'ndcg@20': tensor(0.0261), 'recall@20': tensor(0.0600), 'train_loss_0': tensor(0.4735, device='cuda:0')}
[2026-02-09 17:31:18] INFO training_time: 5005.258264303207
[2026-02-09 17:31:18] INFO inference_time: 96.91628193855286
[2026-02-09 17:31:18] INFO ndcg@20 improved. Best value: 0.0261
[2026-02-09 17:31:18] INFO Best model checkpoint saved in saved/SASRec/noisy_10/2026-02-09-16-06-02-907344.ckpt.
[2026-02-09 17:32:50] INFO {'epoch': 57, 'sport_10_ndcg@20': tensor(0.0255), 'sport_10_recall@20': tensor(0.0583), 'ndcg@20': tensor(0.0255), 'recall@20': tensor(0.0583), 'train_loss_0': tensor(0.4721, device='cuda:0')}
[2026-02-09 17:32:50] INFO training_time: 5095.420742034912
[2026-02-09 17:32:50] INFO inference_time: 98.69831728935242
[2026-02-09 17:34:22] INFO {'epoch': 58, 'sport_10_ndcg@20': tensor(0.0264), 'sport_10_recall@20': tensor(0.0601), 'ndcg@20': tensor(0.0264), 'recall@20': tensor(0.0601), 'train_loss_0': tensor(0.4737, device='cuda:0')}
[2026-02-09 17:34:22] INFO training_time: 5185.579792737961
[2026-02-09 17:34:22] INFO inference_time: 100.49175810813904
[2026-02-09 17:34:22] INFO ndcg@20 improved. Best value: 0.0264
[2026-02-09 17:34:22] INFO Best model checkpoint saved in saved/SASRec/noisy_10/2026-02-09-16-06-02-907344.ckpt.
[2026-02-09 17:35:55] INFO {'epoch': 59, 'sport_10_ndcg@20': tensor(0.0258), 'sport_10_recall@20': tensor(0.0597), 'ndcg@20': tensor(0.0258), 'recall@20': tensor(0.0597), 'train_loss_0': tensor(0.4710, device='cuda:0')}
[2026-02-09 17:35:55] INFO training_time: 5276.422630786896
[2026-02-09 17:35:55] INFO inference_time: 102.13289904594421
[2026-02-09 17:37:28] INFO {'epoch': 60, 'sport_10_ndcg@20': tensor(0.0257), 'sport_10_recall@20': tensor(0.0596), 'ndcg@20': tensor(0.0257), 'recall@20': tensor(0.0596), 'train_loss_0': tensor(0.4701, device='cuda:0')}
[2026-02-09 17:37:28] INFO training_time: 5367.325273513794
[2026-02-09 17:37:28] INFO inference_time: 104.52488827705383
[2026-02-09 17:38:59] INFO {'epoch': 61, 'sport_10_ndcg@20': tensor(0.0263), 'sport_10_recall@20': tensor(0.0601), 'ndcg@20': tensor(0.0263), 'recall@20': tensor(0.0601), 'train_loss_0': tensor(0.4691, device='cuda:0')}
[2026-02-09 17:38:59] INFO training_time: 5456.483988523483
[2026-02-09 17:38:59] INFO inference_time: 106.27899193763733
[2026-02-09 17:40:30] INFO {'epoch': 62, 'sport_10_ndcg@20': tensor(0.0261), 'sport_10_recall@20': tensor(0.0596), 'ndcg@20': tensor(0.0261), 'recall@20': tensor(0.0596), 'train_loss_0': tensor(0.4686, device='cuda:0')}
[2026-02-09 17:40:30] INFO training_time: 5546.311224460602
[2026-02-09 17:40:30] INFO inference_time: 107.93511295318604
[2026-02-09 17:42:03] INFO {'epoch': 63, 'sport_10_ndcg@20': tensor(0.0261), 'sport_10_recall@20': tensor(0.0590), 'ndcg@20': tensor(0.0261), 'recall@20': tensor(0.0590), 'train_loss_0': tensor(0.4675, device='cuda:0')}
[2026-02-09 17:42:03] INFO training_time: 5637.303081989288
[2026-02-09 17:42:03] INFO inference_time: 109.41496133804321
[2026-02-09 17:43:35] INFO {'epoch': 64, 'sport_10_ndcg@20': tensor(0.0261), 'sport_10_recall@20': tensor(0.0599), 'ndcg@20': tensor(0.0261), 'recall@20': tensor(0.0599), 'train_loss_0': tensor(0.4645, device='cuda:0')}
[2026-02-09 17:43:35] INFO training_time: 5728.1726224422455
[2026-02-09 17:43:35] INFO inference_time: 111.12623524665833
[2026-02-09 17:45:04] INFO {'epoch': 65, 'sport_10_ndcg@20': tensor(0.0258), 'sport_10_recall@20': tensor(0.0598), 'ndcg@20': tensor(0.0258), 'recall@20': tensor(0.0598), 'train_loss_0': tensor(0.4668, device='cuda:0')}
[2026-02-09 17:45:04] INFO training_time: 5814.551763534546
[2026-02-09 17:45:04] INFO inference_time: 113.02814054489136
[2026-02-09 17:46:24] INFO {'epoch': 66, 'sport_10_ndcg@20': tensor(0.0261), 'sport_10_recall@20': tensor(0.0600), 'ndcg@20': tensor(0.0261), 'recall@20': tensor(0.0600), 'train_loss_0': tensor(0.4632, device='cuda:0')}
[2026-02-09 17:46:24] INFO training_time: 5893.6384789943695
[2026-02-09 17:46:24] INFO inference_time: 114.6556282043457
[2026-02-09 17:47:47] INFO {'epoch': 67, 'sport_10_ndcg@20': tensor(0.0264), 'sport_10_recall@20': tensor(0.0606), 'ndcg@20': tensor(0.0264), 'recall@20': tensor(0.0606), 'train_loss_0': tensor(0.4616, device='cuda:0')}
[2026-02-09 17:47:47] INFO training_time: 5974.3120765686035
[2026-02-09 17:47:47] INFO inference_time: 116.2999038696289
[2026-02-09 17:49:07] INFO {'epoch': 68, 'sport_10_ndcg@20': tensor(0.0256), 'sport_10_recall@20': tensor(0.0594), 'ndcg@20': tensor(0.0256), 'recall@20': tensor(0.0594), 'train_loss_0': tensor(0.4622, device='cuda:0')}
[2026-02-09 17:49:07] INFO training_time: 6053.515137195587
[2026-02-09 17:49:07] INFO inference_time: 117.71870756149292
[2026-02-09 17:50:29] INFO {'epoch': 69, 'sport_10_ndcg@20': tensor(0.0262), 'sport_10_recall@20': tensor(0.0603), 'ndcg@20': tensor(0.0262), 'recall@20': tensor(0.0603), 'train_loss_0': tensor(0.4627, device='cuda:0')}
[2026-02-09 17:50:29] INFO training_time: 6133.498062133789
[2026-02-09 17:50:29] INFO inference_time: 119.41065311431885
[2026-02-09 17:51:51] INFO {'epoch': 70, 'sport_10_ndcg@20': tensor(0.0261), 'sport_10_recall@20': tensor(0.0597), 'ndcg@20': tensor(0.0261), 'recall@20': tensor(0.0597), 'train_loss_0': tensor(0.4621, device='cuda:0')}
[2026-02-09 17:51:51] INFO training_time: 6213.201159954071
[2026-02-09 17:51:51] INFO inference_time: 121.83140659332275
[2026-02-09 17:53:13] INFO {'epoch': 71, 'sport_10_ndcg@20': tensor(0.0266), 'sport_10_recall@20': tensor(0.0607), 'ndcg@20': tensor(0.0266), 'recall@20': tensor(0.0607), 'train_loss_0': tensor(0.4608, device='cuda:0')}
[2026-02-09 17:53:13] INFO training_time: 6293.657246828079
[2026-02-09 17:53:13] INFO inference_time: 123.52624320983887
[2026-02-09 17:53:13] INFO ndcg@20 improved. Best value: 0.0266
[2026-02-09 17:53:13] INFO Best model checkpoint saved in saved/SASRec/noisy_10/2026-02-09-16-06-02-907344.ckpt.
[2026-02-09 17:54:31] INFO {'epoch': 72, 'sport_10_ndcg@20': tensor(0.0260), 'sport_10_recall@20': tensor(0.0605), 'ndcg@20': tensor(0.0260), 'recall@20': tensor(0.0605), 'train_loss_0': tensor(0.4585, device='cuda:0')}
[2026-02-09 17:54:31] INFO training_time: 6370.0497369766235
[2026-02-09 17:54:31] INFO inference_time: 124.99091506004333
[2026-02-09 17:55:44] INFO {'epoch': 73, 'sport_10_ndcg@20': tensor(0.0262), 'sport_10_recall@20': tensor(0.0605), 'ndcg@20': tensor(0.0262), 'recall@20': tensor(0.0605), 'train_loss_0': tensor(0.4609, device='cuda:0')}
[2026-02-09 17:55:44] INFO training_time: 6440.6714515686035
[2026-02-09 17:55:44] INFO inference_time: 126.66595149040222
[2026-02-09 17:56:56] INFO {'epoch': 74, 'sport_10_ndcg@20': tensor(0.0259), 'sport_10_recall@20': tensor(0.0602), 'ndcg@20': tensor(0.0259), 'recall@20': tensor(0.0602), 'train_loss_0': tensor(0.4578, device='cuda:0')}
[2026-02-09 17:56:56] INFO training_time: 6510.879869222641
[2026-02-09 17:56:56] INFO inference_time: 128.37386465072632
[2026-02-09 17:58:07] INFO {'epoch': 75, 'sport_10_ndcg@20': tensor(0.0264), 'sport_10_recall@20': tensor(0.0602), 'ndcg@20': tensor(0.0264), 'recall@20': tensor(0.0602), 'train_loss_0': tensor(0.4588, device='cuda:0')}
[2026-02-09 17:58:07] INFO training_time: 6580.565946817398
[2026-02-09 17:58:07] INFO inference_time: 129.82812666893005
[2026-02-09 17:59:19] INFO {'epoch': 76, 'sport_10_ndcg@20': tensor(0.0259), 'sport_10_recall@20': tensor(0.0595), 'ndcg@20': tensor(0.0259), 'recall@20': tensor(0.0595), 'train_loss_0': tensor(0.4568, device='cuda:0')}
[2026-02-09 17:59:19] INFO training_time: 6651.150418519974
[2026-02-09 17:59:19] INFO inference_time: 131.47303915023804
[2026-02-09 18:00:31] INFO {'epoch': 77, 'sport_10_ndcg@20': tensor(0.0265), 'sport_10_recall@20': tensor(0.0613), 'ndcg@20': tensor(0.0265), 'recall@20': tensor(0.0613), 'train_loss_0': tensor(0.4569, device='cuda:0')}
[2026-02-09 18:00:31] INFO training_time: 6722.186535835266
[2026-02-09 18:00:31] INFO inference_time: 132.9563102722168
[2026-02-09 18:01:44] INFO {'epoch': 78, 'sport_10_ndcg@20': tensor(0.0255), 'sport_10_recall@20': tensor(0.0590), 'ndcg@20': tensor(0.0255), 'recall@20': tensor(0.0590), 'train_loss_0': tensor(0.4557, device='cuda:0')}
[2026-02-09 18:01:44] INFO training_time: 6793.131724119186
[2026-02-09 18:01:44] INFO inference_time: 134.6541383266449
[2026-02-09 18:02:56] INFO {'epoch': 79, 'sport_10_ndcg@20': tensor(0.0256), 'sport_10_recall@20': tensor(0.0587), 'ndcg@20': tensor(0.0256), 'recall@20': tensor(0.0587), 'train_loss_0': tensor(0.4562, device='cuda:0')}
[2026-02-09 18:02:56] INFO training_time: 6863.588097810745
[2026-02-09 18:02:56] INFO inference_time: 136.2312729358673
[2026-02-09 18:04:09] INFO {'epoch': 80, 'sport_10_ndcg@20': tensor(0.0258), 'sport_10_recall@20': tensor(0.0583), 'ndcg@20': tensor(0.0258), 'recall@20': tensor(0.0583), 'train_loss_0': tensor(0.4539, device='cuda:0')}
[2026-02-09 18:04:09] INFO training_time: 6934.429614305496
[2026-02-09 18:04:09] INFO inference_time: 138.54634928703308
[2026-02-09 18:05:21] INFO {'epoch': 81, 'sport_10_ndcg@20': tensor(0.0260), 'sport_10_recall@20': tensor(0.0592), 'ndcg@20': tensor(0.0260), 'recall@20': tensor(0.0592), 'train_loss_0': tensor(0.4531, device='cuda:0')}
[2026-02-09 18:05:21] INFO training_time: 7004.425896406174
[2026-02-09 18:05:21] INFO inference_time: 140.44899082183838
[2026-02-09 18:06:34] INFO {'epoch': 82, 'sport_10_ndcg@20': tensor(0.0265), 'sport_10_recall@20': tensor(0.0600), 'ndcg@20': tensor(0.0265), 'recall@20': tensor(0.0600), 'train_loss_0': tensor(0.4534, device='cuda:0')}
[2026-02-09 18:06:34] INFO training_time: 7075.152292728424
[2026-02-09 18:06:34] INFO inference_time: 142.28889107704163
[2026-02-09 18:07:47] INFO {'epoch': 83, 'sport_10_ndcg@20': tensor(0.0266), 'sport_10_recall@20': tensor(0.0610), 'ndcg@20': tensor(0.0266), 'recall@20': tensor(0.0610), 'train_loss_0': tensor(0.4518, device='cuda:0')}
[2026-02-09 18:07:47] INFO training_time: 7146.243074417114
[2026-02-09 18:07:47] INFO inference_time: 144.08811736106873
[2026-02-09 18:07:47] INFO ndcg@20 improved. Best value: 0.0266
[2026-02-09 18:07:47] INFO Best model checkpoint saved in saved/SASRec/noisy_10/2026-02-09-16-06-02-907344.ckpt.
[2026-02-09 18:08:52] INFO {'epoch': 84, 'sport_10_ndcg@20': tensor(0.0255), 'sport_10_recall@20': tensor(0.0595), 'ndcg@20': tensor(0.0255), 'recall@20': tensor(0.0595), 'train_loss_0': tensor(0.4511, device='cuda:0')}
[2026-02-09 18:08:52] INFO training_time: 7209.946709394455
[2026-02-09 18:08:52] INFO inference_time: 145.70976972579956
[2026-02-09 18:09:52] INFO {'epoch': 85, 'sport_10_ndcg@20': tensor(0.0258), 'sport_10_recall@20': tensor(0.0601), 'ndcg@20': tensor(0.0258), 'recall@20': tensor(0.0601), 'train_loss_0': tensor(0.4514, device='cuda:0')}
[2026-02-09 18:09:52] INFO training_time: 7268.36069560051
[2026-02-09 18:09:52] INFO inference_time: 147.22187638282776
[2026-02-09 18:10:47] INFO {'epoch': 86, 'sport_10_ndcg@20': tensor(0.0256), 'sport_10_recall@20': tensor(0.0594), 'ndcg@20': tensor(0.0256), 'recall@20': tensor(0.0594), 'train_loss_0': tensor(0.4526, device='cuda:0')}
[2026-02-09 18:10:47] INFO training_time: 7322.078716993332
[2026-02-09 18:10:47] INFO inference_time: 148.881338596344
[2026-02-09 18:11:42] INFO {'epoch': 87, 'sport_10_ndcg@20': tensor(0.0261), 'sport_10_recall@20': tensor(0.0599), 'ndcg@20': tensor(0.0261), 'recall@20': tensor(0.0599), 'train_loss_0': tensor(0.4513, device='cuda:0')}
[2026-02-09 18:11:42] INFO training_time: 7375.665422201157
[2026-02-09 18:11:42] INFO inference_time: 150.3275806903839
[2026-02-09 18:12:38] INFO {'epoch': 88, 'sport_10_ndcg@20': tensor(0.0256), 'sport_10_recall@20': tensor(0.0588), 'ndcg@20': tensor(0.0256), 'recall@20': tensor(0.0588), 'train_loss_0': tensor(0.4494, device='cuda:0')}
[2026-02-09 18:12:38] INFO training_time: 7429.553249597549
[2026-02-09 18:12:38] INFO inference_time: 152.00456857681274
[2026-02-09 18:13:33] INFO {'epoch': 89, 'sport_10_ndcg@20': tensor(0.0260), 'sport_10_recall@20': tensor(0.0593), 'ndcg@20': tensor(0.0260), 'recall@20': tensor(0.0593), 'train_loss_0': tensor(0.4498, device='cuda:0')}
[2026-02-09 18:13:33] INFO training_time: 7483.3712067604065
[2026-02-09 18:13:33] INFO inference_time: 153.47594809532166
[2026-02-09 18:14:29] INFO {'epoch': 90, 'sport_10_ndcg@20': tensor(0.0262), 'sport_10_recall@20': tensor(0.0596), 'ndcg@20': tensor(0.0262), 'recall@20': tensor(0.0596), 'train_loss_0': tensor(0.4467, device='cuda:0')}
[2026-02-09 18:14:29] INFO training_time: 7537.218351602554
[2026-02-09 18:14:29] INFO inference_time: 155.79173803329468
[2026-02-09 18:15:24] INFO {'epoch': 91, 'sport_10_ndcg@20': tensor(0.0266), 'sport_10_recall@20': tensor(0.0607), 'ndcg@20': tensor(0.0266), 'recall@20': tensor(0.0607), 'train_loss_0': tensor(0.4461, device='cuda:0')}
[2026-02-09 18:15:24] INFO training_time: 7590.622183561325
[2026-02-09 18:15:24] INFO inference_time: 157.35646319389343
[2026-02-09 18:15:24] INFO ndcg@20 improved. Best value: 0.0266
[2026-02-09 18:15:24] INFO Best model checkpoint saved in saved/SASRec/noisy_10/2026-02-09-16-06-02-907344.ckpt.
[2026-02-09 18:16:19] INFO {'epoch': 92, 'sport_10_ndcg@20': tensor(0.0266), 'sport_10_recall@20': tensor(0.0614), 'ndcg@20': tensor(0.0266), 'recall@20': tensor(0.0614), 'train_loss_0': tensor(0.4472, device='cuda:0')}
[2026-02-09 18:16:19] INFO training_time: 7644.103607416153
[2026-02-09 18:16:19] INFO inference_time: 158.77399969100952
[2026-02-09 18:17:14] INFO {'epoch': 93, 'sport_10_ndcg@20': tensor(0.0258), 'sport_10_recall@20': tensor(0.0598), 'ndcg@20': tensor(0.0258), 'recall@20': tensor(0.0598), 'train_loss_0': tensor(0.4476, device='cuda:0')}
[2026-02-09 18:17:14] INFO training_time: 7697.579335689545
[2026-02-09 18:17:14] INFO inference_time: 160.32682466506958
[2026-02-09 18:18:10] INFO {'epoch': 94, 'sport_10_ndcg@20': tensor(0.0263), 'sport_10_recall@20': tensor(0.0612), 'ndcg@20': tensor(0.0263), 'recall@20': tensor(0.0612), 'train_loss_0': tensor(0.4487, device='cuda:0')}
[2026-02-09 18:18:10] INFO training_time: 7751.2945783138275
[2026-02-09 18:18:10] INFO inference_time: 161.74438619613647
[2026-02-09 18:19:05] INFO {'epoch': 95, 'sport_10_ndcg@20': tensor(0.0264), 'sport_10_recall@20': tensor(0.0613), 'ndcg@20': tensor(0.0264), 'recall@20': tensor(0.0613), 'train_loss_0': tensor(0.4464, device='cuda:0')}
[2026-02-09 18:19:05] INFO training_time: 7805.5236876010895
[2026-02-09 18:19:05] INFO inference_time: 163.39482307434082
[2026-02-09 18:20:01] INFO {'epoch': 96, 'sport_10_ndcg@20': tensor(0.0260), 'sport_10_recall@20': tensor(0.0598), 'ndcg@20': tensor(0.0260), 'recall@20': tensor(0.0598), 'train_loss_0': tensor(0.4449, device='cuda:0')}
[2026-02-09 18:20:01] INFO training_time: 7859.328955173492
[2026-02-09 18:20:01] INFO inference_time: 164.90572881698608
[2026-02-09 18:20:56] INFO {'epoch': 97, 'sport_10_ndcg@20': tensor(0.0264), 'sport_10_recall@20': tensor(0.0608), 'ndcg@20': tensor(0.0264), 'recall@20': tensor(0.0608), 'train_loss_0': tensor(0.4455, device='cuda:0')}
[2026-02-09 18:20:56] INFO training_time: 7912.990382194519
[2026-02-09 18:20:56] INFO inference_time: 166.49451208114624
[2026-02-09 18:21:51] INFO {'epoch': 98, 'sport_10_ndcg@20': tensor(0.0262), 'sport_10_recall@20': tensor(0.0609), 'ndcg@20': tensor(0.0262), 'recall@20': tensor(0.0609), 'train_loss_0': tensor(0.4446, device='cuda:0')}
[2026-02-09 18:21:51] INFO training_time: 7965.887859582901
[2026-02-09 18:21:51] INFO inference_time: 168.07392978668213
[2026-02-09 18:22:45] INFO {'epoch': 99, 'sport_10_ndcg@20': tensor(0.0261), 'sport_10_recall@20': tensor(0.0601), 'ndcg@20': tensor(0.0261), 'recall@20': tensor(0.0601), 'train_loss_0': tensor(0.4434, device='cuda:0')}
[2026-02-09 18:22:45] INFO training_time: 8018.605897426605
[2026-02-09 18:22:45] INFO inference_time: 169.5573446750641
[2026-02-09 18:23:40] INFO {'epoch': 100, 'sport_10_ndcg@20': tensor(0.0263), 'sport_10_recall@20': tensor(0.0610), 'ndcg@20': tensor(0.0263), 'recall@20': tensor(0.0610), 'train_loss_0': tensor(0.4438, device='cuda:0')}
[2026-02-09 18:23:40] INFO training_time: 8071.3772966861725
[2026-02-09 18:23:40] INFO inference_time: 171.84705257415771
[2026-02-09 18:24:34] INFO {'epoch': 101, 'sport_10_ndcg@20': tensor(0.0264), 'sport_10_recall@20': tensor(0.0618), 'ndcg@20': tensor(0.0264), 'recall@20': tensor(0.0618), 'train_loss_0': tensor(0.4422, device='cuda:0')}
[2026-02-09 18:24:34] INFO training_time: 8124.157271623611
[2026-02-09 18:24:34] INFO inference_time: 173.38213181495667
[2026-02-09 18:25:29] INFO {'epoch': 102, 'sport_10_ndcg@20': tensor(0.0260), 'sport_10_recall@20': tensor(0.0601), 'ndcg@20': tensor(0.0260), 'recall@20': tensor(0.0601), 'train_loss_0': tensor(0.4432, device='cuda:0')}
[2026-02-09 18:25:29] INFO training_time: 8177.392072439194
[2026-02-09 18:25:29] INFO inference_time: 174.84079146385193
[2026-02-09 18:26:23] INFO {'epoch': 103, 'sport_10_ndcg@20': tensor(0.0260), 'sport_10_recall@20': tensor(0.0604), 'ndcg@20': tensor(0.0260), 'recall@20': tensor(0.0604), 'train_loss_0': tensor(0.4409, device='cuda:0')}
[2026-02-09 18:26:23] INFO training_time: 8230.579555749893
[2026-02-09 18:26:23] INFO inference_time: 176.20007491111755
[2026-02-09 18:27:18] INFO {'epoch': 104, 'sport_10_ndcg@20': tensor(0.0266), 'sport_10_recall@20': tensor(0.0612), 'ndcg@20': tensor(0.0266), 'recall@20': tensor(0.0612), 'train_loss_0': tensor(0.4419, device='cuda:0')}
[2026-02-09 18:27:18] INFO training_time: 8283.799745798111
[2026-02-09 18:27:18] INFO inference_time: 177.4852020740509
[2026-02-09 18:28:13] INFO {'epoch': 105, 'sport_10_ndcg@20': tensor(0.0262), 'sport_10_recall@20': tensor(0.0608), 'ndcg@20': tensor(0.0262), 'recall@20': tensor(0.0608), 'train_loss_0': tensor(0.4415, device='cuda:0')}
[2026-02-09 18:28:13] INFO training_time: 8337.334565401077
[2026-02-09 18:28:13] INFO inference_time: 179.14386796951294
[2026-02-09 18:29:08] INFO {'epoch': 106, 'sport_10_ndcg@20': tensor(0.0270), 'sport_10_recall@20': tensor(0.0615), 'ndcg@20': tensor(0.0270), 'recall@20': tensor(0.0615), 'train_loss_0': tensor(0.4397, device='cuda:0')}
[2026-02-09 18:29:08] INFO training_time: 8390.470850229263
[2026-02-09 18:29:08] INFO inference_time: 180.6853563785553
[2026-02-09 18:29:08] INFO ndcg@20 improved. Best value: 0.0270
[2026-02-09 18:29:08] INFO Best model checkpoint saved in saved/SASRec/noisy_10/2026-02-09-16-06-02-907344.ckpt.
[2026-02-09 18:29:55] INFO {'epoch': 107, 'sport_10_ndcg@20': tensor(0.0268), 'sport_10_recall@20': tensor(0.0616), 'ndcg@20': tensor(0.0268), 'recall@20': tensor(0.0616), 'train_loss_0': tensor(0.4399, device='cuda:0')}
[2026-02-09 18:29:55] INFO training_time: 8435.930671453476
[2026-02-09 18:29:55] INFO inference_time: 182.03597569465637
[2026-02-09 18:30:41] INFO {'epoch': 108, 'sport_10_ndcg@20': tensor(0.0265), 'sport_10_recall@20': tensor(0.0617), 'ndcg@20': tensor(0.0265), 'recall@20': tensor(0.0617), 'train_loss_0': tensor(0.4399, device='cuda:0')}
[2026-02-09 18:30:41] INFO training_time: 8480.72165942192
[2026-02-09 18:30:41] INFO inference_time: 183.51645612716675
[2026-02-09 18:31:27] INFO {'epoch': 109, 'sport_10_ndcg@20': tensor(0.0265), 'sport_10_recall@20': tensor(0.0612), 'ndcg@20': tensor(0.0265), 'recall@20': tensor(0.0612), 'train_loss_0': tensor(0.4384, device='cuda:0')}
[2026-02-09 18:31:27] INFO training_time: 8525.84088420868
[2026-02-09 18:31:27] INFO inference_time: 184.8620536327362
[2026-02-09 18:32:15] INFO {'epoch': 110, 'sport_10_ndcg@20': tensor(0.0264), 'sport_10_recall@20': tensor(0.0620), 'ndcg@20': tensor(0.0264), 'recall@20': tensor(0.0620), 'train_loss_0': tensor(0.4385, device='cuda:0')}
[2026-02-09 18:32:15] INFO training_time: 8570.860689640045
[2026-02-09 18:32:15] INFO inference_time: 187.11192154884338
[2026-02-09 18:33:01] INFO {'epoch': 111, 'sport_10_ndcg@20': tensor(0.0258), 'sport_10_recall@20': tensor(0.0606), 'ndcg@20': tensor(0.0258), 'recall@20': tensor(0.0606), 'train_loss_0': tensor(0.4396, device='cuda:0')}
[2026-02-09 18:33:01] INFO training_time: 8616.16239953041
[2026-02-09 18:33:01] INFO inference_time: 188.52431750297546
[2026-02-09 18:33:48] INFO {'epoch': 112, 'sport_10_ndcg@20': tensor(0.0261), 'sport_10_recall@20': tensor(0.0604), 'ndcg@20': tensor(0.0261), 'recall@20': tensor(0.0604), 'train_loss_0': tensor(0.4386, device='cuda:0')}
[2026-02-09 18:33:49] INFO training_time: 8661.81395149231
[2026-02-09 18:33:49] INFO inference_time: 189.99363255500793
[2026-02-09 18:34:36] INFO {'epoch': 113, 'sport_10_ndcg@20': tensor(0.0259), 'sport_10_recall@20': tensor(0.0607), 'ndcg@20': tensor(0.0259), 'recall@20': tensor(0.0607), 'train_loss_0': tensor(0.4377, device='cuda:0')}
[2026-02-09 18:34:36] INFO training_time: 8707.397449731827
[2026-02-09 18:34:36] INFO inference_time: 191.5397777557373
[2026-02-09 18:35:23] INFO {'epoch': 114, 'sport_10_ndcg@20': tensor(0.0261), 'sport_10_recall@20': tensor(0.0608), 'ndcg@20': tensor(0.0261), 'recall@20': tensor(0.0608), 'train_loss_0': tensor(0.4381, device='cuda:0')}
[2026-02-09 18:35:23] INFO training_time: 8753.434273958206
[2026-02-09 18:35:23] INFO inference_time: 193.07659912109375
[2026-02-09 18:36:10] INFO {'epoch': 115, 'sport_10_ndcg@20': tensor(0.0259), 'sport_10_recall@20': tensor(0.0601), 'ndcg@20': tensor(0.0259), 'recall@20': tensor(0.0601), 'train_loss_0': tensor(0.4391, device='cuda:0')}
[2026-02-09 18:36:10] INFO training_time: 8798.818143606186
[2026-02-09 18:36:10] INFO inference_time: 194.70905709266663
[2026-02-09 18:36:57] INFO {'epoch': 116, 'sport_10_ndcg@20': tensor(0.0261), 'sport_10_recall@20': tensor(0.0609), 'ndcg@20': tensor(0.0261), 'recall@20': tensor(0.0609), 'train_loss_0': tensor(0.4380, device='cuda:0')}
[2026-02-09 18:36:57] INFO training_time: 8844.33364534378
[2026-02-09 18:36:57] INFO inference_time: 196.33539605140686
[2026-02-09 18:37:44] INFO {'epoch': 117, 'sport_10_ndcg@20': tensor(0.0262), 'sport_10_recall@20': tensor(0.0607), 'ndcg@20': tensor(0.0262), 'recall@20': tensor(0.0607), 'train_loss_0': tensor(0.4351, device='cuda:0')}
[2026-02-09 18:37:44] INFO training_time: 8889.701954126358
[2026-02-09 18:37:44] INFO inference_time: 197.9235122203827
[2026-02-09 18:38:31] INFO {'epoch': 118, 'sport_10_ndcg@20': tensor(0.0259), 'sport_10_recall@20': tensor(0.0604), 'ndcg@20': tensor(0.0259), 'recall@20': tensor(0.0604), 'train_loss_0': tensor(0.4357, device='cuda:0')}
[2026-02-09 18:38:31] INFO training_time: 8935.137079954147
[2026-02-09 18:38:31] INFO inference_time: 199.4113552570343
[2026-02-09 18:39:18] INFO {'epoch': 119, 'sport_10_ndcg@20': tensor(0.0255), 'sport_10_recall@20': tensor(0.0598), 'ndcg@20': tensor(0.0255), 'recall@20': tensor(0.0598), 'train_loss_0': tensor(0.4364, device='cuda:0')}
[2026-02-09 18:39:18] INFO training_time: 8980.410214662552
[2026-02-09 18:39:18] INFO inference_time: 200.91792345046997
[2026-02-09 18:40:05] INFO {'epoch': 120, 'sport_10_ndcg@20': tensor(0.0251), 'sport_10_recall@20': tensor(0.0590), 'ndcg@20': tensor(0.0251), 'recall@20': tensor(0.0590), 'train_loss_0': tensor(0.4365, device='cuda:0')}
[2026-02-09 18:40:05] INFO training_time: 9025.682716608047
[2026-02-09 18:40:05] INFO inference_time: 202.7714376449585
[2026-02-09 18:40:51] INFO {'epoch': 121, 'sport_10_ndcg@20': tensor(0.0254), 'sport_10_recall@20': tensor(0.0593), 'ndcg@20': tensor(0.0254), 'recall@20': tensor(0.0593), 'train_loss_0': tensor(0.4343, device='cuda:0')}
[2026-02-09 18:40:51] INFO training_time: 9070.234403133392
[2026-02-09 18:40:51] INFO inference_time: 204.15960121154785
[2026-02-09 18:41:37] INFO {'epoch': 122, 'sport_10_ndcg@20': tensor(0.0261), 'sport_10_recall@20': tensor(0.0610), 'ndcg@20': tensor(0.0261), 'recall@20': tensor(0.0610), 'train_loss_0': tensor(0.4340, device='cuda:0')}
[2026-02-09 18:41:37] INFO training_time: 9114.29838514328
[2026-02-09 18:41:37] INFO inference_time: 205.52739715576172
[2026-02-09 18:42:22] INFO {'epoch': 123, 'sport_10_ndcg@20': tensor(0.0268), 'sport_10_recall@20': tensor(0.0613), 'ndcg@20': tensor(0.0268), 'recall@20': tensor(0.0613), 'train_loss_0': tensor(0.4337, device='cuda:0')}
[2026-02-09 18:42:22] INFO training_time: 9158.635112047195
[2026-02-09 18:42:22] INFO inference_time: 206.8614490032196
[2026-02-09 18:43:08] INFO {'epoch': 124, 'sport_10_ndcg@20': tensor(0.0263), 'sport_10_recall@20': tensor(0.0608), 'ndcg@20': tensor(0.0263), 'recall@20': tensor(0.0608), 'train_loss_0': tensor(0.4335, device='cuda:0')}
[2026-02-09 18:43:08] INFO training_time: 9202.837716579437
[2026-02-09 18:43:08] INFO inference_time: 208.2744812965393
[2026-02-09 18:43:54] INFO {'epoch': 125, 'sport_10_ndcg@20': tensor(0.0268), 'sport_10_recall@20': tensor(0.0609), 'ndcg@20': tensor(0.0268), 'recall@20': tensor(0.0609), 'train_loss_0': tensor(0.4324, device='cuda:0')}
[2026-02-09 18:43:54] INFO training_time: 9247.191773891449
[2026-02-09 18:43:54] INFO inference_time: 209.65153050422668
[2026-02-09 18:44:39] INFO {'epoch': 126, 'sport_10_ndcg@20': tensor(0.0261), 'sport_10_recall@20': tensor(0.0604), 'ndcg@20': tensor(0.0261), 'recall@20': tensor(0.0604), 'train_loss_0': tensor(0.4342, device='cuda:0')}
[2026-02-09 18:44:39] INFO training_time: 9291.115559101105
[2026-02-09 18:44:39] INFO inference_time: 210.94421195983887
[2026-02-09 18:44:39] INFO Early stopped. Since the metric ndcg@20 haven't been improved for 20 epochs.
[2026-02-09 18:44:39] INFO The best score of ndcg@20 is 0.0270 on epoch 106
[2026-02-09 18:44:39] INFO Best model checkpoint saved in saved/SASRec/noisy_10/2026-02-09-16-06-02-907344.ckpt.
[2026-02-09 18:44:40] INFO defaultdict(<class 'float'>, {'sport_10_ndcg@20': tensor(0.0204), 'sport_10_recall@20': tensor(0.0455), 'sport_10_ndcg@10': tensor(0.0166), 'sport_10_recall@10': tensor(0.0306), 'ndcg@20': tensor(0.0204), 'recall@20': tensor(0.0455), 'ndcg@10': tensor(0.0166), 'recall@10': tensor(0.0306)})
