[2026-02-09 10:08:37] INFO PID of this process: 1382135
[2026-02-09 10:08:49] INFO {'model': {'embed_dim': 64, 'loss_fn': 'bce', 'hidden_size': 128, 'layer_num': 2, 'head_num': 2, 'dropout_rate': 0.5, 'activation': 'gelu', 'layer_norm_eps': 1e-12, 'model': 'SASRec'}, 'data': {'domain_name_list': ['yelp_10'], 'user_threshold': 5, 'item_threshold': 5, 'max_seq_len': 50, 'dataset_class': 'general', 'train_file': '_regen', 'dataset': 'noisy_10'}, 'train': {'batch_size': 256, 'early_stop_mode': 'max', 'early_stop_patience': 20, 'epochs': 1000, 'device': 'cuda', 'optimizer': 'adam', 'learning_rate': 0.001, 'weight_decay': 0, 'num_neg': 1, 'seed': 2024}, 'eval': {'batch_size': 2048, 'cutoff': [20, 10], 'val_metrics': ['ndcg', 'recall'], 'test_metrics': ['ndcg', 'recall'], 'topk': 100, 'save_path': './saved/'}}
[2026-02-09 10:08:49] INFO <data.dataset.SeparateDataset object at 0x7fbea12801f0>
[2026-02-09 10:08:49] INFO save_dir:saved
[2026-02-09 10:08:49] INFO SASRec(
  (item_embedding): Embedding(20034, 64, padding_idx=0)
  (query_encoder): SASRecQueryEncoder(
    (item_encoder): Embedding(20034, 64, padding_idx=0)
    (position_emb): Embedding(50, 64)
    (transformer_layer): TransformerEncoder(
      (layers): ModuleList(
        (0): TransformerEncoderLayer(
          (self_attn): MultiheadAttention(
            (out_proj): NonDynamicallyQuantizableLinear(in_features=64, out_features=64, bias=True)
          )
          (linear1): Linear(in_features=64, out_features=128, bias=True)
          (dropout): Dropout(p=0.5, inplace=False)
          (linear2): Linear(in_features=128, out_features=64, bias=True)
          (norm1): LayerNorm((64,), eps=1e-12, elementwise_affine=True)
          (norm2): LayerNorm((64,), eps=1e-12, elementwise_affine=True)
          (dropout1): Dropout(p=0.5, inplace=False)
          (dropout2): Dropout(p=0.5, inplace=False)
        )
        (1): TransformerEncoderLayer(
          (self_attn): MultiheadAttention(
            (out_proj): NonDynamicallyQuantizableLinear(in_features=64, out_features=64, bias=True)
          )
          (linear1): Linear(in_features=64, out_features=128, bias=True)
          (dropout): Dropout(p=0.5, inplace=False)
          (linear2): Linear(in_features=128, out_features=64, bias=True)
          (norm1): LayerNorm((64,), eps=1e-12, elementwise_affine=True)
          (norm2): LayerNorm((64,), eps=1e-12, elementwise_affine=True)
          (dropout1): Dropout(p=0.5, inplace=False)
          (dropout2): Dropout(p=0.5, inplace=False)
        )
      )
    )
    (dropout): Dropout(p=0.5, inplace=False)
    (training_pooling_layer): SeqPoolingLayer()
    (eval_pooling_layer): SeqPoolingLayer()
  )
  (loss_fn): BinaryCrossEntropyLoss()
)
[2026-02-09 10:10:02] INFO {'epoch': 0, 'yelp_10_ndcg@20': tensor(0.0087), 'yelp_10_recall@20': tensor(0.0230), 'ndcg@20': tensor(0.0087), 'recall@20': tensor(0.0230), 'train_loss_0': tensor(1.2064, device='cuda:0')}
[2026-02-09 10:10:02] INFO training_time: 71.97358083724976
[2026-02-09 10:10:02] INFO inference_time: 1.4793391227722168
[2026-02-09 10:10:02] INFO ndcg@20 improved. Best value: 0.0087
[2026-02-09 10:10:03] INFO Best model checkpoint saved in saved/SASRec/noisy_10/2026-02-09-10-08-37-955886.ckpt.
[2026-02-09 10:11:31] INFO {'epoch': 1, 'yelp_10_ndcg@20': tensor(0.0144), 'yelp_10_recall@20': tensor(0.0350), 'ndcg@20': tensor(0.0144), 'recall@20': tensor(0.0350), 'train_loss_0': tensor(0.9182, device='cuda:0')}
[2026-02-09 10:11:31] INFO training_time: 158.90274143218994
[2026-02-09 10:11:31] INFO inference_time: 2.864748001098633
[2026-02-09 10:11:31] INFO ndcg@20 improved. Best value: 0.0144
[2026-02-09 10:11:31] INFO Best model checkpoint saved in saved/SASRec/noisy_10/2026-02-09-10-08-37-955886.ckpt.
[2026-02-09 10:12:58] INFO {'epoch': 2, 'yelp_10_ndcg@20': tensor(0.0154), 'yelp_10_recall@20': tensor(0.0383), 'ndcg@20': tensor(0.0154), 'recall@20': tensor(0.0383), 'train_loss_0': tensor(0.7422, device='cuda:0')}
[2026-02-09 10:12:58] INFO training_time: 244.9341893196106
[2026-02-09 10:12:58] INFO inference_time: 4.138886213302612
[2026-02-09 10:12:58] INFO ndcg@20 improved. Best value: 0.0154
[2026-02-09 10:12:58] INFO Best model checkpoint saved in saved/SASRec/noisy_10/2026-02-09-10-08-37-955886.ckpt.
[2026-02-09 10:14:26] INFO {'epoch': 3, 'yelp_10_ndcg@20': tensor(0.0164), 'yelp_10_recall@20': tensor(0.0406), 'ndcg@20': tensor(0.0164), 'recall@20': tensor(0.0406), 'train_loss_0': tensor(0.6602, device='cuda:0')}
[2026-02-09 10:14:26] INFO training_time: 331.29947209358215
[2026-02-09 10:14:26] INFO inference_time: 5.447314500808716
[2026-02-09 10:14:26] INFO ndcg@20 improved. Best value: 0.0164
[2026-02-09 10:14:26] INFO Best model checkpoint saved in saved/SASRec/noisy_10/2026-02-09-10-08-37-955886.ckpt.
[2026-02-09 10:15:54] INFO {'epoch': 4, 'yelp_10_ndcg@20': tensor(0.0177), 'yelp_10_recall@20': tensor(0.0439), 'ndcg@20': tensor(0.0177), 'recall@20': tensor(0.0439), 'train_loss_0': tensor(0.6090, device='cuda:0')}
[2026-02-09 10:15:54] INFO training_time: 417.65372014045715
[2026-02-09 10:15:54] INFO inference_time: 6.81885838508606
[2026-02-09 10:15:54] INFO ndcg@20 improved. Best value: 0.0177
[2026-02-09 10:15:54] INFO Best model checkpoint saved in saved/SASRec/noisy_10/2026-02-09-10-08-37-955886.ckpt.
[2026-02-09 10:17:21] INFO {'epoch': 5, 'yelp_10_ndcg@20': tensor(0.0174), 'yelp_10_recall@20': tensor(0.0436), 'ndcg@20': tensor(0.0174), 'recall@20': tensor(0.0436), 'train_loss_0': tensor(0.5723, device='cuda:0')}
[2026-02-09 10:17:21] INFO training_time: 503.94380283355713
[2026-02-09 10:17:21] INFO inference_time: 8.213334560394287
[2026-02-09 10:18:49] INFO {'epoch': 6, 'yelp_10_ndcg@20': tensor(0.0183), 'yelp_10_recall@20': tensor(0.0456), 'ndcg@20': tensor(0.0183), 'recall@20': tensor(0.0456), 'train_loss_0': tensor(0.5442, device='cuda:0')}
[2026-02-09 10:18:49] INFO training_time: 590.3337342739105
[2026-02-09 10:18:49] INFO inference_time: 9.599127531051636
[2026-02-09 10:18:49] INFO ndcg@20 improved. Best value: 0.0183
[2026-02-09 10:18:49] INFO Best model checkpoint saved in saved/SASRec/noisy_10/2026-02-09-10-08-37-955886.ckpt.
[2026-02-09 10:20:17] INFO {'epoch': 7, 'yelp_10_ndcg@20': tensor(0.0182), 'yelp_10_recall@20': tensor(0.0443), 'ndcg@20': tensor(0.0182), 'recall@20': tensor(0.0443), 'train_loss_0': tensor(0.5208, device='cuda:0')}
[2026-02-09 10:20:17] INFO training_time: 676.4498190879822
[2026-02-09 10:20:17] INFO inference_time: 10.911363363265991
[2026-02-09 10:21:44] INFO {'epoch': 8, 'yelp_10_ndcg@20': tensor(0.0183), 'yelp_10_recall@20': tensor(0.0450), 'ndcg@20': tensor(0.0183), 'recall@20': tensor(0.0450), 'train_loss_0': tensor(0.5042, device='cuda:0')}
[2026-02-09 10:21:44] INFO training_time: 762.7835440635681
[2026-02-09 10:21:44] INFO inference_time: 12.363555908203125
[2026-02-09 10:23:13] INFO {'epoch': 9, 'yelp_10_ndcg@20': tensor(0.0185), 'yelp_10_recall@20': tensor(0.0461), 'ndcg@20': tensor(0.0185), 'recall@20': tensor(0.0461), 'train_loss_0': tensor(0.4912, device='cuda:0')}
[2026-02-09 10:23:13] INFO training_time: 849.6011242866516
[2026-02-09 10:23:13] INFO inference_time: 13.679360151290894
[2026-02-09 10:23:13] INFO ndcg@20 improved. Best value: 0.0185
[2026-02-09 10:23:13] INFO Best model checkpoint saved in saved/SASRec/noisy_10/2026-02-09-10-08-37-955886.ckpt.
[2026-02-09 10:24:41] INFO {'epoch': 10, 'yelp_10_ndcg@20': tensor(0.0181), 'yelp_10_recall@20': tensor(0.0452), 'ndcg@20': tensor(0.0181), 'recall@20': tensor(0.0452), 'train_loss_0': tensor(0.4801, device='cuda:0')}
[2026-02-09 10:24:41] INFO training_time: 936.50408244133
[2026-02-09 10:24:41] INFO inference_time: 15.246021032333374
[2026-02-09 10:26:09] INFO {'epoch': 11, 'yelp_10_ndcg@20': tensor(0.0179), 'yelp_10_recall@20': tensor(0.0445), 'ndcg@20': tensor(0.0179), 'recall@20': tensor(0.0445), 'train_loss_0': tensor(0.4686, device='cuda:0')}
[2026-02-09 10:26:09] INFO training_time: 1023.139396905899
[2026-02-09 10:26:09] INFO inference_time: 16.573775053024292
[2026-02-09 10:27:37] INFO {'epoch': 12, 'yelp_10_ndcg@20': tensor(0.0183), 'yelp_10_recall@20': tensor(0.0455), 'ndcg@20': tensor(0.0183), 'recall@20': tensor(0.0455), 'train_loss_0': tensor(0.4615, device='cuda:0')}
[2026-02-09 10:27:37] INFO training_time: 1109.837568283081
[2026-02-09 10:27:37] INFO inference_time: 17.828129768371582
[2026-02-09 10:29:05] INFO {'epoch': 13, 'yelp_10_ndcg@20': tensor(0.0182), 'yelp_10_recall@20': tensor(0.0449), 'ndcg@20': tensor(0.0182), 'recall@20': tensor(0.0449), 'train_loss_0': tensor(0.4553, device='cuda:0')}
[2026-02-09 10:29:05] INFO training_time: 1196.250036239624
[2026-02-09 10:29:05] INFO inference_time: 19.165587425231934
[2026-02-09 10:30:33] INFO {'epoch': 14, 'yelp_10_ndcg@20': tensor(0.0186), 'yelp_10_recall@20': tensor(0.0454), 'ndcg@20': tensor(0.0186), 'recall@20': tensor(0.0454), 'train_loss_0': tensor(0.4483, device='cuda:0')}
[2026-02-09 10:30:33] INFO training_time: 1282.688336133957
[2026-02-09 10:30:33] INFO inference_time: 20.575690031051636
[2026-02-09 10:30:33] INFO ndcg@20 improved. Best value: 0.0186
[2026-02-09 10:30:33] INFO Best model checkpoint saved in saved/SASRec/noisy_10/2026-02-09-10-08-37-955886.ckpt.
[2026-02-09 10:32:00] INFO {'epoch': 15, 'yelp_10_ndcg@20': tensor(0.0179), 'yelp_10_recall@20': tensor(0.0443), 'ndcg@20': tensor(0.0179), 'recall@20': tensor(0.0443), 'train_loss_0': tensor(0.4410, device='cuda:0')}
[2026-02-09 10:32:00] INFO training_time: 1368.9987757205963
[2026-02-09 10:32:00] INFO inference_time: 21.96102547645569
[2026-02-09 10:33:28] INFO {'epoch': 16, 'yelp_10_ndcg@20': tensor(0.0189), 'yelp_10_recall@20': tensor(0.0468), 'ndcg@20': tensor(0.0189), 'recall@20': tensor(0.0468), 'train_loss_0': tensor(0.4356, device='cuda:0')}
[2026-02-09 10:33:28] INFO training_time: 1454.87109541893
[2026-02-09 10:33:28] INFO inference_time: 23.279712438583374
[2026-02-09 10:33:28] INFO ndcg@20 improved. Best value: 0.0189
[2026-02-09 10:33:28] INFO Best model checkpoint saved in saved/SASRec/noisy_10/2026-02-09-10-08-37-955886.ckpt.
[2026-02-09 10:34:55] INFO {'epoch': 17, 'yelp_10_ndcg@20': tensor(0.0187), 'yelp_10_recall@20': tensor(0.0459), 'ndcg@20': tensor(0.0187), 'recall@20': tensor(0.0459), 'train_loss_0': tensor(0.4337, device='cuda:0')}
[2026-02-09 10:34:55] INFO training_time: 1540.8771576881409
[2026-02-09 10:34:55] INFO inference_time: 24.730560779571533
[2026-02-09 10:36:22] INFO {'epoch': 18, 'yelp_10_ndcg@20': tensor(0.0191), 'yelp_10_recall@20': tensor(0.0465), 'ndcg@20': tensor(0.0191), 'recall@20': tensor(0.0465), 'train_loss_0': tensor(0.4280, device='cuda:0')}
[2026-02-09 10:36:22] INFO training_time: 1626.7980105876923
[2026-02-09 10:36:22] INFO inference_time: 26.0484561920166
[2026-02-09 10:36:22] INFO ndcg@20 improved. Best value: 0.0191
[2026-02-09 10:36:22] INFO Best model checkpoint saved in saved/SASRec/noisy_10/2026-02-09-10-08-37-955886.ckpt.
[2026-02-09 10:37:50] INFO {'epoch': 19, 'yelp_10_ndcg@20': tensor(0.0182), 'yelp_10_recall@20': tensor(0.0464), 'ndcg@20': tensor(0.0182), 'recall@20': tensor(0.0464), 'train_loss_0': tensor(0.4257, device='cuda:0')}
[2026-02-09 10:37:50] INFO training_time: 1712.9207677841187
[2026-02-09 10:37:50] INFO inference_time: 27.312958002090454
[2026-02-09 10:39:17] INFO {'epoch': 20, 'yelp_10_ndcg@20': tensor(0.0192), 'yelp_10_recall@20': tensor(0.0478), 'ndcg@20': tensor(0.0192), 'recall@20': tensor(0.0478), 'train_loss_0': tensor(0.4211, device='cuda:0')}
[2026-02-09 10:39:17] INFO training_time: 1798.68705868721
[2026-02-09 10:39:17] INFO inference_time: 28.940718412399292
[2026-02-09 10:39:17] INFO ndcg@20 improved. Best value: 0.0192
[2026-02-09 10:39:17] INFO Best model checkpoint saved in saved/SASRec/noisy_10/2026-02-09-10-08-37-955886.ckpt.
[2026-02-09 10:40:45] INFO {'epoch': 21, 'yelp_10_ndcg@20': tensor(0.0191), 'yelp_10_recall@20': tensor(0.0474), 'ndcg@20': tensor(0.0191), 'recall@20': tensor(0.0474), 'train_loss_0': tensor(0.4159, device='cuda:0')}
[2026-02-09 10:40:45] INFO training_time: 1884.7479403018951
[2026-02-09 10:40:45] INFO inference_time: 30.29830503463745
[2026-02-09 10:42:12] INFO {'epoch': 22, 'yelp_10_ndcg@20': tensor(0.0186), 'yelp_10_recall@20': tensor(0.0471), 'ndcg@20': tensor(0.0186), 'recall@20': tensor(0.0471), 'train_loss_0': tensor(0.4144, device='cuda:0')}
[2026-02-09 10:42:12] INFO training_time: 1971.065728187561
[2026-02-09 10:42:12] INFO inference_time: 31.57477045059204
[2026-02-09 10:43:40] INFO {'epoch': 23, 'yelp_10_ndcg@20': tensor(0.0197), 'yelp_10_recall@20': tensor(0.0490), 'ndcg@20': tensor(0.0197), 'recall@20': tensor(0.0490), 'train_loss_0': tensor(0.4093, device='cuda:0')}
[2026-02-09 10:43:40] INFO training_time: 2057.3114602565765
[2026-02-09 10:43:40] INFO inference_time: 32.770647048950195
[2026-02-09 10:43:40] INFO ndcg@20 improved. Best value: 0.0197
[2026-02-09 10:43:40] INFO Best model checkpoint saved in saved/SASRec/noisy_10/2026-02-09-10-08-37-955886.ckpt.
[2026-02-09 10:45:07] INFO {'epoch': 24, 'yelp_10_ndcg@20': tensor(0.0191), 'yelp_10_recall@20': tensor(0.0479), 'ndcg@20': tensor(0.0191), 'recall@20': tensor(0.0479), 'train_loss_0': tensor(0.4098, device='cuda:0')}
[2026-02-09 10:45:07] INFO training_time: 2143.3583261966705
[2026-02-09 10:45:07] INFO inference_time: 33.988611459732056
[2026-02-09 10:46:34] INFO {'epoch': 25, 'yelp_10_ndcg@20': tensor(0.0194), 'yelp_10_recall@20': tensor(0.0488), 'ndcg@20': tensor(0.0194), 'recall@20': tensor(0.0488), 'train_loss_0': tensor(0.4056, device='cuda:0')}
[2026-02-09 10:46:34] INFO training_time: 2229.4461781978607
[2026-02-09 10:46:34] INFO inference_time: 35.23556566238403
[2026-02-09 10:48:01] INFO {'epoch': 26, 'yelp_10_ndcg@20': tensor(0.0192), 'yelp_10_recall@20': tensor(0.0476), 'ndcg@20': tensor(0.0192), 'recall@20': tensor(0.0476), 'train_loss_0': tensor(0.4034, device='cuda:0')}
[2026-02-09 10:48:01] INFO training_time: 2315.118437767029
[2026-02-09 10:48:01] INFO inference_time: 36.45922350883484
[2026-02-09 10:49:28] INFO {'epoch': 27, 'yelp_10_ndcg@20': tensor(0.0199), 'yelp_10_recall@20': tensor(0.0493), 'ndcg@20': tensor(0.0199), 'recall@20': tensor(0.0493), 'train_loss_0': tensor(0.4004, device='cuda:0')}
[2026-02-09 10:49:28] INFO training_time: 2400.8637714385986
[2026-02-09 10:49:28] INFO inference_time: 37.76076912879944
[2026-02-09 10:49:28] INFO ndcg@20 improved. Best value: 0.0199
[2026-02-09 10:49:28] INFO Best model checkpoint saved in saved/SASRec/noisy_10/2026-02-09-10-08-37-955886.ckpt.
[2026-02-09 10:50:56] INFO {'epoch': 28, 'yelp_10_ndcg@20': tensor(0.0189), 'yelp_10_recall@20': tensor(0.0478), 'ndcg@20': tensor(0.0189), 'recall@20': tensor(0.0478), 'train_loss_0': tensor(0.3976, device='cuda:0')}
[2026-02-09 10:50:56] INFO training_time: 2486.8974974155426
[2026-02-09 10:50:56] INFO inference_time: 39.0027129650116
[2026-02-09 10:52:23] INFO {'epoch': 29, 'yelp_10_ndcg@20': tensor(0.0188), 'yelp_10_recall@20': tensor(0.0470), 'ndcg@20': tensor(0.0188), 'recall@20': tensor(0.0470), 'train_loss_0': tensor(0.3963, device='cuda:0')}
[2026-02-09 10:52:23] INFO training_time: 2573.2353246212006
[2026-02-09 10:52:23] INFO inference_time: 40.367215394973755
[2026-02-09 10:53:51] INFO {'epoch': 30, 'yelp_10_ndcg@20': tensor(0.0192), 'yelp_10_recall@20': tensor(0.0478), 'ndcg@20': tensor(0.0192), 'recall@20': tensor(0.0478), 'train_loss_0': tensor(0.3932, device='cuda:0')}
[2026-02-09 10:53:51] INFO training_time: 2659.633875846863
[2026-02-09 10:53:51] INFO inference_time: 42.075016021728516
[2026-02-09 10:55:20] INFO {'epoch': 31, 'yelp_10_ndcg@20': tensor(0.0193), 'yelp_10_recall@20': tensor(0.0465), 'ndcg@20': tensor(0.0193), 'recall@20': tensor(0.0465), 'train_loss_0': tensor(0.3919, device='cuda:0')}
[2026-02-09 10:55:20] INFO training_time: 2746.9826633930206
[2026-02-09 10:55:20] INFO inference_time: 43.38859295845032
[2026-02-09 10:56:47] INFO {'epoch': 32, 'yelp_10_ndcg@20': tensor(0.0192), 'yelp_10_recall@20': tensor(0.0476), 'ndcg@20': tensor(0.0192), 'recall@20': tensor(0.0476), 'train_loss_0': tensor(0.3909, device='cuda:0')}
[2026-02-09 10:56:47] INFO training_time: 2832.8920934200287
[2026-02-09 10:56:47] INFO inference_time: 44.59406900405884
[2026-02-09 10:58:14] INFO {'epoch': 33, 'yelp_10_ndcg@20': tensor(0.0191), 'yelp_10_recall@20': tensor(0.0478), 'ndcg@20': tensor(0.0191), 'recall@20': tensor(0.0478), 'train_loss_0': tensor(0.3874, device='cuda:0')}
[2026-02-09 10:58:14] INFO training_time: 2918.79856133461
[2026-02-09 10:58:14] INFO inference_time: 45.87996506690979
[2026-02-09 10:59:41] INFO {'epoch': 34, 'yelp_10_ndcg@20': tensor(0.0188), 'yelp_10_recall@20': tensor(0.0468), 'ndcg@20': tensor(0.0188), 'recall@20': tensor(0.0468), 'train_loss_0': tensor(0.3856, device='cuda:0')}
[2026-02-09 10:59:41] INFO training_time: 3004.678929567337
[2026-02-09 10:59:41] INFO inference_time: 47.14571571350098
[2026-02-09 11:01:09] INFO {'epoch': 35, 'yelp_10_ndcg@20': tensor(0.0186), 'yelp_10_recall@20': tensor(0.0469), 'ndcg@20': tensor(0.0186), 'recall@20': tensor(0.0469), 'train_loss_0': tensor(0.3839, device='cuda:0')}
[2026-02-09 11:01:09] INFO training_time: 3090.6771330833435
[2026-02-09 11:01:09] INFO inference_time: 48.41413927078247
[2026-02-09 11:02:36] INFO {'epoch': 36, 'yelp_10_ndcg@20': tensor(0.0192), 'yelp_10_recall@20': tensor(0.0483), 'ndcg@20': tensor(0.0192), 'recall@20': tensor(0.0483), 'train_loss_0': tensor(0.3814, device='cuda:0')}
[2026-02-09 11:02:36] INFO training_time: 3176.7524790763855
[2026-02-09 11:02:36] INFO inference_time: 49.73569130897522
[2026-02-09 11:04:03] INFO {'epoch': 37, 'yelp_10_ndcg@20': tensor(0.0183), 'yelp_10_recall@20': tensor(0.0472), 'ndcg@20': tensor(0.0183), 'recall@20': tensor(0.0472), 'train_loss_0': tensor(0.3810, device='cuda:0')}
[2026-02-09 11:04:03] INFO training_time: 3262.726351737976
[2026-02-09 11:04:03] INFO inference_time: 50.98594403266907
[2026-02-09 11:05:31] INFO {'epoch': 38, 'yelp_10_ndcg@20': tensor(0.0189), 'yelp_10_recall@20': tensor(0.0480), 'ndcg@20': tensor(0.0189), 'recall@20': tensor(0.0480), 'train_loss_0': tensor(0.3808, device='cuda:0')}
[2026-02-09 11:05:31] INFO training_time: 3348.7611050605774
[2026-02-09 11:05:31] INFO inference_time: 52.235702991485596
[2026-02-09 11:06:58] INFO {'epoch': 39, 'yelp_10_ndcg@20': tensor(0.0195), 'yelp_10_recall@20': tensor(0.0494), 'ndcg@20': tensor(0.0195), 'recall@20': tensor(0.0494), 'train_loss_0': tensor(0.3782, device='cuda:0')}
[2026-02-09 11:06:58] INFO training_time: 3434.3627893924713
[2026-02-09 11:06:58] INFO inference_time: 53.58814358711243
[2026-02-09 11:08:25] INFO {'epoch': 40, 'yelp_10_ndcg@20': tensor(0.0192), 'yelp_10_recall@20': tensor(0.0489), 'ndcg@20': tensor(0.0192), 'recall@20': tensor(0.0489), 'train_loss_0': tensor(0.3777, device='cuda:0')}
[2026-02-09 11:08:25] INFO training_time: 3520.134133338928
[2026-02-09 11:08:25] INFO inference_time: 55.1237690448761
[2026-02-09 11:09:52] INFO {'epoch': 41, 'yelp_10_ndcg@20': tensor(0.0183), 'yelp_10_recall@20': tensor(0.0456), 'ndcg@20': tensor(0.0183), 'recall@20': tensor(0.0456), 'train_loss_0': tensor(0.3758, device='cuda:0')}
[2026-02-09 11:09:52] INFO training_time: 3606.116509914398
[2026-02-09 11:09:52] INFO inference_time: 56.419474601745605
[2026-02-09 11:11:19] INFO {'epoch': 42, 'yelp_10_ndcg@20': tensor(0.0188), 'yelp_10_recall@20': tensor(0.0473), 'ndcg@20': tensor(0.0188), 'recall@20': tensor(0.0473), 'train_loss_0': tensor(0.3752, device='cuda:0')}
[2026-02-09 11:11:19] INFO training_time: 3691.897568464279
[2026-02-09 11:11:19] INFO inference_time: 57.633471727371216
[2026-02-09 11:12:47] INFO {'epoch': 43, 'yelp_10_ndcg@20': tensor(0.0189), 'yelp_10_recall@20': tensor(0.0479), 'ndcg@20': tensor(0.0189), 'recall@20': tensor(0.0479), 'train_loss_0': tensor(0.3741, device='cuda:0')}
[2026-02-09 11:12:47] INFO training_time: 3777.896167039871
[2026-02-09 11:12:47] INFO inference_time: 58.989301443099976
[2026-02-09 11:14:14] INFO {'epoch': 44, 'yelp_10_ndcg@20': tensor(0.0187), 'yelp_10_recall@20': tensor(0.0476), 'ndcg@20': tensor(0.0187), 'recall@20': tensor(0.0476), 'train_loss_0': tensor(0.3699, device='cuda:0')}
[2026-02-09 11:14:14] INFO training_time: 3863.781325340271
[2026-02-09 11:14:14] INFO inference_time: 60.31089377403259
[2026-02-09 11:15:41] INFO {'epoch': 45, 'yelp_10_ndcg@20': tensor(0.0192), 'yelp_10_recall@20': tensor(0.0476), 'ndcg@20': tensor(0.0192), 'recall@20': tensor(0.0476), 'train_loss_0': tensor(0.3705, device='cuda:0')}
[2026-02-09 11:15:41] INFO training_time: 3949.8615641593933
[2026-02-09 11:15:41] INFO inference_time: 61.68944692611694
[2026-02-09 11:17:08] INFO {'epoch': 46, 'yelp_10_ndcg@20': tensor(0.0189), 'yelp_10_recall@20': tensor(0.0489), 'ndcg@20': tensor(0.0189), 'recall@20': tensor(0.0489), 'train_loss_0': tensor(0.3698, device='cuda:0')}
[2026-02-09 11:17:08] INFO training_time: 4035.7091343402863
[2026-02-09 11:17:08] INFO inference_time: 62.94501256942749
[2026-02-09 11:18:35] INFO {'epoch': 47, 'yelp_10_ndcg@20': tensor(0.0194), 'yelp_10_recall@20': tensor(0.0482), 'ndcg@20': tensor(0.0194), 'recall@20': tensor(0.0482), 'train_loss_0': tensor(0.3669, device='cuda:0')}
[2026-02-09 11:18:35] INFO training_time: 4121.333514690399
[2026-02-09 11:18:35] INFO inference_time: 64.18606948852539
[2026-02-09 11:18:35] INFO Early stopped. Since the metric ndcg@20 haven't been improved for 20 epochs.
[2026-02-09 11:18:35] INFO The best score of ndcg@20 is 0.0199 on epoch 27
[2026-02-09 11:18:35] INFO Best model checkpoint saved in saved/SASRec/noisy_10/2026-02-09-10-08-37-955886.ckpt.
[2026-02-09 11:18:37] INFO defaultdict(<class 'float'>, {'yelp_10_ndcg@20': tensor(0.0136), 'yelp_10_recall@20': tensor(0.0345), 'yelp_10_ndcg@10': tensor(0.0101), 'yelp_10_recall@10': tensor(0.0204), 'ndcg@20': tensor(0.0136), 'recall@20': tensor(0.0345), 'ndcg@10': tensor(0.0101), 'recall@10': tensor(0.0204)})
