[2026-01-21 21:06:23] INFO PID of this process: 490111
[2026-01-21 21:06:29] INFO {'model': {'embed_dim': 64, 'loss_fn': 'bce', 'sub_model': 'SASRec', 'hidden_size': 128, 'layer_num': 2, 'head_num': 2, 'dropout_rate': 0.5, 'activation': 'gelu', 'tau_min': 1, 'layer_norm_eps': 1e-12, 'model': 'MetaModel'}, 'data': {'domain_name_list': ['sport_10'], 'user_threshold': 5, 'item_threshold': 5, 'max_seq_len': 50, 'dataset_class': 'general', 'train_file': '_regen', 'dataset': 'noisy_10'}, 'train': {'batch_size': 256, 'early_stop_mode': 'max', 'early_stop_patience': 20, 'epochs': 1000, 'device': 'cuda', 'optimizer': 'adam', 'learning_rate': 0.001, 'weight_decay': 0, 'num_neg': 1, 'seed': 2025, 'interval': 30, 'meta_optimizer': 'sgd', 'meta_learning_rate': 0.001, 'hpo_learning_rate': 0.001, 'meta_weight_decay': 0.001, 'descent_step': 30, 'warmup_epoch': 10}, 'eval': {'batch_size': 2048, 'cutoff': [20, 10], 'val_metrics': ['ndcg', 'recall'], 'test_metrics': ['ndcg', 'recall'], 'topk': 100, 'save_path': './saved/'}}
[2026-01-21 21:06:29] INFO <data.dataset.SeparateDataset object at 0x7f7d970291f0>
[2026-01-21 21:06:29] INFO save_dir:saved
[2026-01-21 21:06:29] INFO {'model': {'embed_dim': 64, 'loss_fn': 'bce', 'hidden_size': 128, 'layer_num': 2, 'head_num': 2, 'dropout_rate': 0.5, 'activation': 'gelu', 'layer_norm_eps': 1e-12, 'model': 'SASRec'}, 'data': {'domain_name_list': ['beauty_10'], 'user_threshold': 5, 'item_threshold': 5, 'max_seq_len': 50, 'dataset_class': 'general', 'train_file': '_regen', 'dataset': 'noisy_10'}, 'train': {'batch_size': 256, 'early_stop_mode': 'max', 'early_stop_patience': 20, 'epochs': 1000, 'device': 0, 'optimizer': 'adam', 'learning_rate': 0.001, 'weight_decay': 0, 'num_neg': 1, 'seed': 2025}, 'eval': {'batch_size': 2048, 'cutoff': [20, 10], 'val_metrics': ['ndcg', 'recall'], 'test_metrics': ['ndcg', 'recall'], 'topk': 100, 'save_path': './saved/'}}
[2026-01-21 21:06:30] INFO MetaModel(
  (item_embedding): Embedding(18358, 64, padding_idx=0)
  (sub_model): SASRec(
    (item_embedding): Embedding(18358, 64, padding_idx=0)
    (query_encoder): SASRecQueryEncoder(
      (item_encoder): Embedding(18358, 64, padding_idx=0)
      (position_emb): Embedding(50, 64)
      (transformer_layer): TransformerEncoder(
        (layers): ModuleList(
          (0): TransformerEncoderLayer(
            (self_attn): MultiheadAttention(
              (out_proj): NonDynamicallyQuantizableLinear(in_features=64, out_features=64, bias=True)
            )
            (linear1): Linear(in_features=64, out_features=128, bias=True)
            (dropout): Dropout(p=0.5, inplace=False)
            (linear2): Linear(in_features=128, out_features=64, bias=True)
            (norm1): LayerNorm((64,), eps=1e-12, elementwise_affine=True)
            (norm2): LayerNorm((64,), eps=1e-12, elementwise_affine=True)
            (dropout1): Dropout(p=0.5, inplace=False)
            (dropout2): Dropout(p=0.5, inplace=False)
          )
          (1): TransformerEncoderLayer(
            (self_attn): MultiheadAttention(
              (out_proj): NonDynamicallyQuantizableLinear(in_features=64, out_features=64, bias=True)
            )
            (linear1): Linear(in_features=64, out_features=128, bias=True)
            (dropout): Dropout(p=0.5, inplace=False)
            (linear2): Linear(in_features=128, out_features=64, bias=True)
            (norm1): LayerNorm((64,), eps=1e-12, elementwise_affine=True)
            (norm2): LayerNorm((64,), eps=1e-12, elementwise_affine=True)
            (dropout1): Dropout(p=0.5, inplace=False)
            (dropout2): Dropout(p=0.5, inplace=False)
          )
        )
      )
      (dropout): Dropout(p=0.5, inplace=False)
      (training_pooling_layer): SeqPoolingLayer()
      (eval_pooling_layer): SeqPoolingLayer()
    )
    (loss_fn): BinaryCrossEntropyLoss()
  )
  (meta_module): Sequential(
    (0): Linear(in_features=64, out_features=64, bias=True)
    (1): ReLU()
    (2): Linear(in_features=64, out_features=2, bias=True)
  )
)
[2026-01-21 21:07:27] INFO {'epoch': 0, 'sport_10_ndcg@20': tensor(0.0082), 'sport_10_recall@20': tensor(0.0203), 'ndcg@20': tensor(0.0082), 'recall@20': tensor(0.0203), 'train_loss_0': tensor(1.2292, device='cuda:0')}
[2026-01-21 21:07:27] INFO training_time: 56.23440909385681
[2026-01-21 21:07:27] INFO inference_time: 1.468768835067749
[2026-01-21 21:07:27] INFO ndcg@20 improved. Best value: 0.0082
[2026-01-21 21:07:27] INFO Best model checkpoint saved in saved/MetaModel/noisy_10/2026-01-21-21-06-23-184390.ckpt.
[2026-01-21 21:08:31] INFO {'epoch': 1, 'sport_10_ndcg@20': tensor(0.0114), 'sport_10_recall@20': tensor(0.0282), 'ndcg@20': tensor(0.0114), 'recall@20': tensor(0.0282), 'train_loss_0': tensor(1.0962, device='cuda:0')}
[2026-01-21 21:08:31] INFO training_time: 118.67295694351196
[2026-01-21 21:08:31] INFO inference_time: 2.4634389877319336
[2026-01-21 21:08:31] INFO ndcg@20 improved. Best value: 0.0114
[2026-01-21 21:08:31] INFO Best model checkpoint saved in saved/MetaModel/noisy_10/2026-01-21-21-06-23-184390.ckpt.
[2026-01-21 21:09:35] INFO {'epoch': 2, 'sport_10_ndcg@20': tensor(0.0146), 'sport_10_recall@20': tensor(0.0365), 'ndcg@20': tensor(0.0146), 'recall@20': tensor(0.0365), 'train_loss_0': tensor(0.9741, device='cuda:0')}
[2026-01-21 21:09:35] INFO training_time: 181.14880466461182
[2026-01-21 21:09:35] INFO inference_time: 3.784698247909546
[2026-01-21 21:09:35] INFO ndcg@20 improved. Best value: 0.0146
[2026-01-21 21:09:35] INFO Best model checkpoint saved in saved/MetaModel/noisy_10/2026-01-21-21-06-23-184390.ckpt.
[2026-01-21 21:10:38] INFO {'epoch': 3, 'sport_10_ndcg@20': tensor(0.0160), 'sport_10_recall@20': tensor(0.0399), 'ndcg@20': tensor(0.0160), 'recall@20': tensor(0.0399), 'train_loss_0': tensor(0.8818, device='cuda:0')}
[2026-01-21 21:10:38] INFO training_time: 243.64896726608276
[2026-01-21 21:10:38] INFO inference_time: 4.830308198928833
[2026-01-21 21:10:38] INFO ndcg@20 improved. Best value: 0.0160
[2026-01-21 21:10:38] INFO Best model checkpoint saved in saved/MetaModel/noisy_10/2026-01-21-21-06-23-184390.ckpt.
[2026-01-21 21:11:41] INFO {'epoch': 4, 'sport_10_ndcg@20': tensor(0.0167), 'sport_10_recall@20': tensor(0.0408), 'ndcg@20': tensor(0.0167), 'recall@20': tensor(0.0408), 'train_loss_0': tensor(0.8097, device='cuda:0')}
[2026-01-21 21:11:41] INFO training_time: 305.7891402244568
[2026-01-21 21:11:41] INFO inference_time: 5.737531661987305
[2026-01-21 21:11:41] INFO ndcg@20 improved. Best value: 0.0167
[2026-01-21 21:11:41] INFO Best model checkpoint saved in saved/MetaModel/noisy_10/2026-01-21-21-06-23-184390.ckpt.
[2026-01-21 21:12:45] INFO {'epoch': 5, 'sport_10_ndcg@20': tensor(0.0171), 'sport_10_recall@20': tensor(0.0414), 'ndcg@20': tensor(0.0171), 'recall@20': tensor(0.0414), 'train_loss_0': tensor(0.7542, device='cuda:0')}
[2026-01-21 21:12:45] INFO training_time: 368.38680815696716
[2026-01-21 21:12:45] INFO inference_time: 6.6996307373046875
[2026-01-21 21:12:45] INFO ndcg@20 improved. Best value: 0.0171
[2026-01-21 21:12:45] INFO Best model checkpoint saved in saved/MetaModel/noisy_10/2026-01-21-21-06-23-184390.ckpt.
[2026-01-21 21:13:48] INFO {'epoch': 6, 'sport_10_ndcg@20': tensor(0.0176), 'sport_10_recall@20': tensor(0.0412), 'ndcg@20': tensor(0.0176), 'recall@20': tensor(0.0412), 'train_loss_0': tensor(0.7150, device='cuda:0')}
[2026-01-21 21:13:48] INFO training_time: 430.587304353714
[2026-01-21 21:13:48] INFO inference_time: 7.709806442260742
[2026-01-21 21:13:48] INFO ndcg@20 improved. Best value: 0.0176
[2026-01-21 21:13:48] INFO Best model checkpoint saved in saved/MetaModel/noisy_10/2026-01-21-21-06-23-184390.ckpt.
[2026-01-21 21:14:52] INFO {'epoch': 7, 'sport_10_ndcg@20': tensor(0.0177), 'sport_10_recall@20': tensor(0.0412), 'ndcg@20': tensor(0.0177), 'recall@20': tensor(0.0412), 'train_loss_0': tensor(0.6809, device='cuda:0')}
[2026-01-21 21:14:52] INFO training_time: 492.59670209884644
[2026-01-21 21:14:52] INFO inference_time: 9.039225816726685
[2026-01-21 21:14:52] INFO ndcg@20 improved. Best value: 0.0177
[2026-01-21 21:14:52] INFO Best model checkpoint saved in saved/MetaModel/noisy_10/2026-01-21-21-06-23-184390.ckpt.
[2026-01-21 21:15:55] INFO {'epoch': 8, 'sport_10_ndcg@20': tensor(0.0175), 'sport_10_recall@20': tensor(0.0417), 'ndcg@20': tensor(0.0175), 'recall@20': tensor(0.0417), 'train_loss_0': tensor(0.6572, device='cuda:0')}
[2026-01-21 21:15:55] INFO training_time: 554.5317523479462
[2026-01-21 21:15:55] INFO inference_time: 10.379316091537476
[2026-01-21 21:16:57] INFO {'epoch': 9, 'sport_10_ndcg@20': tensor(0.0177), 'sport_10_recall@20': tensor(0.0411), 'ndcg@20': tensor(0.0177), 'recall@20': tensor(0.0411), 'train_loss_0': tensor(0.6392, device='cuda:0')}
[2026-01-21 21:16:57] INFO training_time: 615.9926249980927
[2026-01-21 21:16:57] INFO inference_time: 11.468360900878906
[2026-01-21 21:16:57] INFO ndcg@20 improved. Best value: 0.0177
[2026-01-21 21:16:57] INFO Best model checkpoint saved in saved/MetaModel/noisy_10/2026-01-21-21-06-23-184390.ckpt.
[2026-01-21 21:18:00] INFO {'epoch': 10, 'sport_10_ndcg@20': tensor(0.0173), 'sport_10_recall@20': tensor(0.0420), 'ndcg@20': tensor(0.0173), 'recall@20': tensor(0.0420), 'train_loss_0': tensor(0.6195, device='cuda:0')}
[2026-01-21 21:18:00] INFO training_time: 677.4580800533295
[2026-01-21 21:18:00] INFO inference_time: 12.718478202819824
[2026-01-21 21:19:26] INFO {'epoch': 11, 'sport_10_ndcg@20': tensor(0.0181), 'sport_10_recall@20': tensor(0.0422), 'ndcg@20': tensor(0.0181), 'recall@20': tensor(0.0422), 'train_loss_0': tensor(0.3035, device='cuda:0')}
[2026-01-21 21:19:26] INFO training_time: 761.517041683197
[2026-01-21 21:19:26] INFO inference_time: 14.105410814285278
[2026-01-21 21:19:26] INFO ndcg@20 improved. Best value: 0.0181
[2026-01-21 21:19:26] INFO Best model checkpoint saved in saved/MetaModel/noisy_10/2026-01-21-21-06-23-184390.ckpt.
[2026-01-21 21:20:51] INFO {'epoch': 12, 'sport_10_ndcg@20': tensor(0.0187), 'sport_10_recall@20': tensor(0.0444), 'ndcg@20': tensor(0.0187), 'recall@20': tensor(0.0444), 'train_loss_0': tensor(0.2962, device='cuda:0')}
[2026-01-21 21:20:51] INFO training_time: 845.5737369060516
[2026-01-21 21:20:51] INFO inference_time: 15.100125551223755
[2026-01-21 21:20:51] INFO ndcg@20 improved. Best value: 0.0187
[2026-01-21 21:20:51] INFO Best model checkpoint saved in saved/MetaModel/noisy_10/2026-01-21-21-06-23-184390.ckpt.
[2026-01-21 21:22:15] INFO {'epoch': 13, 'sport_10_ndcg@20': tensor(0.0190), 'sport_10_recall@20': tensor(0.0446), 'ndcg@20': tensor(0.0190), 'recall@20': tensor(0.0446), 'train_loss_0': tensor(0.2940, device='cuda:0')}
[2026-01-21 21:22:15] INFO training_time: 929.2284502983093
[2026-01-21 21:22:15] INFO inference_time: 16.120455503463745
[2026-01-21 21:22:15] INFO ndcg@20 improved. Best value: 0.0190
[2026-01-21 21:22:15] INFO Best model checkpoint saved in saved/MetaModel/noisy_10/2026-01-21-21-06-23-184390.ckpt.
[2026-01-21 21:23:40] INFO {'epoch': 14, 'sport_10_ndcg@20': tensor(0.0191), 'sport_10_recall@20': tensor(0.0448), 'ndcg@20': tensor(0.0191), 'recall@20': tensor(0.0448), 'train_loss_0': tensor(0.2915, device='cuda:0')}
[2026-01-21 21:23:40] INFO training_time: 1013.2487723827362
[2026-01-21 21:23:40] INFO inference_time: 17.12593674659729
[2026-01-21 21:23:40] INFO ndcg@20 improved. Best value: 0.0191
[2026-01-21 21:23:40] INFO Best model checkpoint saved in saved/MetaModel/noisy_10/2026-01-21-21-06-23-184390.ckpt.
[2026-01-21 21:25:06] INFO {'epoch': 15, 'sport_10_ndcg@20': tensor(0.0187), 'sport_10_recall@20': tensor(0.0433), 'ndcg@20': tensor(0.0187), 'recall@20': tensor(0.0433), 'train_loss_0': tensor(0.2901, device='cuda:0')}
[2026-01-21 21:25:06] INFO training_time: 1097.459604024887
[2026-01-21 21:25:06] INFO inference_time: 18.432424783706665
[2026-01-21 21:26:31] INFO {'epoch': 16, 'sport_10_ndcg@20': tensor(0.0185), 'sport_10_recall@20': tensor(0.0424), 'ndcg@20': tensor(0.0185), 'recall@20': tensor(0.0424), 'train_loss_0': tensor(0.2882, device='cuda:0')}
[2026-01-21 21:26:31] INFO training_time: 1181.6084694862366
[2026-01-21 21:26:31] INFO inference_time: 19.460967302322388
[2026-01-21 21:27:56] INFO {'epoch': 17, 'sport_10_ndcg@20': tensor(0.0185), 'sport_10_recall@20': tensor(0.0434), 'ndcg@20': tensor(0.0185), 'recall@20': tensor(0.0434), 'train_loss_0': tensor(0.2865, device='cuda:0')}
[2026-01-21 21:27:56] INFO training_time: 1265.5476109981537
[2026-01-21 21:27:56] INFO inference_time: 20.420875787734985
[2026-01-21 21:29:21] INFO {'epoch': 18, 'sport_10_ndcg@20': tensor(0.0188), 'sport_10_recall@20': tensor(0.0435), 'ndcg@20': tensor(0.0188), 'recall@20': tensor(0.0435), 'train_loss_0': tensor(0.2844, device='cuda:0')}
[2026-01-21 21:29:21] INFO training_time: 1349.2468407154083
[2026-01-21 21:29:21] INFO inference_time: 21.44942808151245
[2026-01-21 21:30:46] INFO {'epoch': 19, 'sport_10_ndcg@20': tensor(0.0187), 'sport_10_recall@20': tensor(0.0431), 'ndcg@20': tensor(0.0187), 'recall@20': tensor(0.0431), 'train_loss_0': tensor(0.2823, device='cuda:0')}
[2026-01-21 21:30:46] INFO training_time: 1432.9233484268188
[2026-01-21 21:30:46] INFO inference_time: 22.752461194992065
[2026-01-21 21:32:12] INFO {'epoch': 20, 'sport_10_ndcg@20': tensor(0.0196), 'sport_10_recall@20': tensor(0.0448), 'ndcg@20': tensor(0.0196), 'recall@20': tensor(0.0448), 'train_loss_0': tensor(0.2805, device='cuda:0')}
[2026-01-21 21:32:12] INFO training_time: 1517.3188848495483
[2026-01-21 21:32:12] INFO inference_time: 24.1827290058136
[2026-01-21 21:32:12] INFO ndcg@20 improved. Best value: 0.0196
[2026-01-21 21:32:12] INFO Best model checkpoint saved in saved/MetaModel/noisy_10/2026-01-21-21-06-23-184390.ckpt.
[2026-01-21 21:33:37] INFO {'epoch': 21, 'sport_10_ndcg@20': tensor(0.0199), 'sport_10_recall@20': tensor(0.0448), 'ndcg@20': tensor(0.0199), 'recall@20': tensor(0.0448), 'train_loss_0': tensor(0.2789, device='cuda:0')}
[2026-01-21 21:33:37] INFO training_time: 1601.2093708515167
[2026-01-21 21:33:37] INFO inference_time: 25.291767358779907
[2026-01-21 21:33:37] INFO ndcg@20 improved. Best value: 0.0199
[2026-01-21 21:33:37] INFO Best model checkpoint saved in saved/MetaModel/noisy_10/2026-01-21-21-06-23-184390.ckpt.
[2026-01-21 21:35:02] INFO {'epoch': 22, 'sport_10_ndcg@20': tensor(0.0197), 'sport_10_recall@20': tensor(0.0449), 'ndcg@20': tensor(0.0197), 'recall@20': tensor(0.0449), 'train_loss_0': tensor(0.2755, device='cuda:0')}
[2026-01-21 21:35:02] INFO training_time: 1685.2122159004211
[2026-01-21 21:35:02] INFO inference_time: 26.29740858078003
[2026-01-21 21:36:27] INFO {'epoch': 23, 'sport_10_ndcg@20': tensor(0.0198), 'sport_10_recall@20': tensor(0.0446), 'ndcg@20': tensor(0.0198), 'recall@20': tensor(0.0446), 'train_loss_0': tensor(0.2735, device='cuda:0')}
[2026-01-21 21:36:27] INFO training_time: 1769.2500431537628
[2026-01-21 21:36:27] INFO inference_time: 27.533494234085083
[2026-01-21 21:37:52] INFO {'epoch': 24, 'sport_10_ndcg@20': tensor(0.0190), 'sport_10_recall@20': tensor(0.0433), 'ndcg@20': tensor(0.0190), 'recall@20': tensor(0.0433), 'train_loss_0': tensor(0.2721, device='cuda:0')}
[2026-01-21 21:37:52] INFO training_time: 1853.21306848526
[2026-01-21 21:37:52] INFO inference_time: 29.023570775985718
[2026-01-21 21:39:17] INFO {'epoch': 25, 'sport_10_ndcg@20': tensor(0.0192), 'sport_10_recall@20': tensor(0.0440), 'ndcg@20': tensor(0.0192), 'recall@20': tensor(0.0440), 'train_loss_0': tensor(0.2716, device='cuda:0')}
[2026-01-21 21:39:17] INFO training_time: 1936.5009279251099
[2026-01-21 21:39:17] INFO inference_time: 29.997119188308716
[2026-01-21 21:40:42] INFO {'epoch': 26, 'sport_10_ndcg@20': tensor(0.0191), 'sport_10_recall@20': tensor(0.0431), 'ndcg@20': tensor(0.0191), 'recall@20': tensor(0.0431), 'train_loss_0': tensor(0.2679, device='cuda:0')}
[2026-01-21 21:40:42] INFO training_time: 2020.3966586589813
[2026-01-21 21:40:42] INFO inference_time: 31.064800262451172
[2026-01-21 21:42:07] INFO {'epoch': 27, 'sport_10_ndcg@20': tensor(0.0194), 'sport_10_recall@20': tensor(0.0441), 'ndcg@20': tensor(0.0194), 'recall@20': tensor(0.0441), 'train_loss_0': tensor(0.2667, device='cuda:0')}
[2026-01-21 21:42:07] INFO training_time: 2104.605849981308
[2026-01-21 21:42:07] INFO inference_time: 32.12818121910095
[2026-01-21 21:43:33] INFO {'epoch': 28, 'sport_10_ndcg@20': tensor(0.0192), 'sport_10_recall@20': tensor(0.0437), 'ndcg@20': tensor(0.0192), 'recall@20': tensor(0.0437), 'train_loss_0': tensor(0.2656, device='cuda:0')}
[2026-01-21 21:43:33] INFO training_time: 2188.9026696681976
[2026-01-21 21:43:33] INFO inference_time: 33.5926718711853
[2026-01-21 21:44:58] INFO {'epoch': 29, 'sport_10_ndcg@20': tensor(0.0191), 'sport_10_recall@20': tensor(0.0439), 'ndcg@20': tensor(0.0191), 'recall@20': tensor(0.0439), 'train_loss_0': tensor(0.2653, device='cuda:0')}
[2026-01-21 21:44:58] INFO training_time: 2272.8557562828064
[2026-01-21 21:44:58] INFO inference_time: 34.61674785614014
[2026-01-21 21:46:23] INFO {'epoch': 30, 'sport_10_ndcg@20': tensor(0.0195), 'sport_10_recall@20': tensor(0.0437), 'ndcg@20': tensor(0.0195), 'recall@20': tensor(0.0437), 'train_loss_0': tensor(0.2620, device='cuda:0')}
[2026-01-21 21:46:23] INFO training_time: 2356.992607355118
[2026-01-21 21:46:23] INFO inference_time: 35.87954139709473
[2026-01-21 21:47:48] INFO {'epoch': 31, 'sport_10_ndcg@20': tensor(0.0200), 'sport_10_recall@20': tensor(0.0453), 'ndcg@20': tensor(0.0200), 'recall@20': tensor(0.0453), 'train_loss_0': tensor(0.2617, device='cuda:0')}
[2026-01-21 21:47:48] INFO training_time: 2441.1334369182587
[2026-01-21 21:47:48] INFO inference_time: 36.87817406654358
[2026-01-21 21:47:48] INFO ndcg@20 improved. Best value: 0.0200
[2026-01-21 21:47:48] INFO Best model checkpoint saved in saved/MetaModel/noisy_10/2026-01-21-21-06-23-184390.ckpt.
[2026-01-21 21:49:13] INFO {'epoch': 32, 'sport_10_ndcg@20': tensor(0.0198), 'sport_10_recall@20': tensor(0.0458), 'ndcg@20': tensor(0.0198), 'recall@20': tensor(0.0458), 'train_loss_0': tensor(0.2601, device='cuda:0')}
[2026-01-21 21:49:13] INFO training_time: 2524.92754983902
[2026-01-21 21:49:13] INFO inference_time: 37.86824107170105
[2026-01-21 21:50:38] INFO {'epoch': 33, 'sport_10_ndcg@20': tensor(0.0203), 'sport_10_recall@20': tensor(0.0465), 'ndcg@20': tensor(0.0203), 'recall@20': tensor(0.0465), 'train_loss_0': tensor(0.2571, device='cuda:0')}
[2026-01-21 21:50:38] INFO training_time: 2608.4097096920013
[2026-01-21 21:50:38] INFO inference_time: 39.016974449157715
[2026-01-21 21:50:38] INFO ndcg@20 improved. Best value: 0.0203
[2026-01-21 21:50:38] INFO Best model checkpoint saved in saved/MetaModel/noisy_10/2026-01-21-21-06-23-184390.ckpt.
[2026-01-21 21:52:03] INFO {'epoch': 34, 'sport_10_ndcg@20': tensor(0.0197), 'sport_10_recall@20': tensor(0.0442), 'ndcg@20': tensor(0.0197), 'recall@20': tensor(0.0442), 'train_loss_0': tensor(0.2572, device='cuda:0')}
[2026-01-21 21:52:03] INFO training_time: 2692.3334686756134
[2026-01-21 21:52:03] INFO inference_time: 40.215821743011475
[2026-01-21 21:53:28] INFO {'epoch': 35, 'sport_10_ndcg@20': tensor(0.0190), 'sport_10_recall@20': tensor(0.0433), 'ndcg@20': tensor(0.0190), 'recall@20': tensor(0.0433), 'train_loss_0': tensor(0.2555, device='cuda:0')}
[2026-01-21 21:53:28] INFO training_time: 2775.972131252289
[2026-01-21 21:53:28] INFO inference_time: 41.31597018241882
[2026-01-21 21:54:47] INFO {'epoch': 36, 'sport_10_ndcg@20': tensor(0.0198), 'sport_10_recall@20': tensor(0.0450), 'ndcg@20': tensor(0.0198), 'recall@20': tensor(0.0450), 'train_loss_0': tensor(0.2538, device='cuda:0')}
[2026-01-21 21:54:47] INFO training_time: 2854.5478813648224
[2026-01-21 21:54:47] INFO inference_time: 42.392003774642944
[2026-01-21 21:55:58] INFO {'epoch': 37, 'sport_10_ndcg@20': tensor(0.0198), 'sport_10_recall@20': tensor(0.0446), 'ndcg@20': tensor(0.0198), 'recall@20': tensor(0.0446), 'train_loss_0': tensor(0.2536, device='cuda:0')}
[2026-01-21 21:55:58] INFO training_time: 2924.5837647914886
[2026-01-21 21:55:58] INFO inference_time: 43.410221099853516
[2026-01-21 21:57:10] INFO {'epoch': 38, 'sport_10_ndcg@20': tensor(0.0200), 'sport_10_recall@20': tensor(0.0455), 'ndcg@20': tensor(0.0200), 'recall@20': tensor(0.0455), 'train_loss_0': tensor(0.2524, device='cuda:0')}
[2026-01-21 21:57:10] INFO training_time: 2995.222398519516
[2026-01-21 21:57:10] INFO inference_time: 44.41844463348389
[2026-01-21 21:58:15] INFO {'epoch': 39, 'sport_10_ndcg@20': tensor(0.0199), 'sport_10_recall@20': tensor(0.0452), 'ndcg@20': tensor(0.0199), 'recall@20': tensor(0.0452), 'train_loss_0': tensor(0.2527, device='cuda:0')}
[2026-01-21 21:58:15] INFO training_time: 3059.0500535964966
[2026-01-21 21:58:15] INFO inference_time: 45.349048376083374
[2026-01-21 21:59:13] INFO {'epoch': 40, 'sport_10_ndcg@20': tensor(0.0197), 'sport_10_recall@20': tensor(0.0454), 'ndcg@20': tensor(0.0197), 'recall@20': tensor(0.0454), 'train_loss_0': tensor(0.2505, device='cuda:0')}
[2026-01-21 21:59:13] INFO training_time: 3115.8272893428802
[2026-01-21 21:59:13] INFO inference_time: 47.152852058410645
[2026-01-21 22:00:11] INFO {'epoch': 41, 'sport_10_ndcg@20': tensor(0.0193), 'sport_10_recall@20': tensor(0.0437), 'ndcg@20': tensor(0.0193), 'recall@20': tensor(0.0437), 'train_loss_0': tensor(0.2494, device='cuda:0')}
[2026-01-21 22:00:11] INFO training_time: 3172.3938574790955
[2026-01-21 22:00:11] INFO inference_time: 48.27092909812927
[2026-01-21 22:01:09] INFO {'epoch': 42, 'sport_10_ndcg@20': tensor(0.0200), 'sport_10_recall@20': tensor(0.0455), 'ndcg@20': tensor(0.0200), 'recall@20': tensor(0.0455), 'train_loss_0': tensor(0.2492, device='cuda:0')}
[2026-01-21 22:01:09] INFO training_time: 3229.0208282470703
[2026-01-21 22:01:09] INFO inference_time: 49.24904656410217
[2026-01-21 22:02:05] INFO {'epoch': 43, 'sport_10_ndcg@20': tensor(0.0202), 'sport_10_recall@20': tensor(0.0454), 'ndcg@20': tensor(0.0202), 'recall@20': tensor(0.0454), 'train_loss_0': tensor(0.2471, device='cuda:0')}
[2026-01-21 22:02:05] INFO training_time: 3284.752248287201
[2026-01-21 22:02:05] INFO inference_time: 50.195820808410645
[2026-01-21 22:02:54] INFO {'epoch': 44, 'sport_10_ndcg@20': tensor(0.0201), 'sport_10_recall@20': tensor(0.0458), 'ndcg@20': tensor(0.0201), 'recall@20': tensor(0.0458), 'train_loss_0': tensor(0.2478, device='cuda:0')}
[2026-01-21 22:02:54] INFO training_time: 3332.9977481365204
[2026-01-21 22:02:54] INFO inference_time: 51.147111892700195
[2026-01-21 22:03:40] INFO {'epoch': 45, 'sport_10_ndcg@20': tensor(0.0206), 'sport_10_recall@20': tensor(0.0471), 'ndcg@20': tensor(0.0206), 'recall@20': tensor(0.0471), 'train_loss_0': tensor(0.2469, device='cuda:0')}
[2026-01-21 22:03:40] INFO training_time: 3377.545098543167
[2026-01-21 22:03:40] INFO inference_time: 52.1243360042572
[2026-01-21 22:03:40] INFO ndcg@20 improved. Best value: 0.0206
[2026-01-21 22:03:40] INFO Best model checkpoint saved in saved/MetaModel/noisy_10/2026-01-21-21-06-23-184390.ckpt.
[2026-01-21 22:04:25] INFO {'epoch': 46, 'sport_10_ndcg@20': tensor(0.0208), 'sport_10_recall@20': tensor(0.0471), 'ndcg@20': tensor(0.0208), 'recall@20': tensor(0.0471), 'train_loss_0': tensor(0.2456, device='cuda:0')}
[2026-01-21 22:04:25] INFO training_time: 3421.7803235054016
[2026-01-21 22:04:25] INFO inference_time: 52.95892906188965
[2026-01-21 22:04:25] INFO ndcg@20 improved. Best value: 0.0208
[2026-01-21 22:04:25] INFO Best model checkpoint saved in saved/MetaModel/noisy_10/2026-01-21-21-06-23-184390.ckpt.
[2026-01-21 22:05:11] INFO {'epoch': 47, 'sport_10_ndcg@20': tensor(0.0196), 'sport_10_recall@20': tensor(0.0444), 'ndcg@20': tensor(0.0196), 'recall@20': tensor(0.0444), 'train_loss_0': tensor(0.2442, device='cuda:0')}
[2026-01-21 22:05:11] INFO training_time: 3466.4118752479553
[2026-01-21 22:05:11] INFO inference_time: 53.89672303199768
[2026-01-21 22:05:56] INFO {'epoch': 48, 'sport_10_ndcg@20': tensor(0.0206), 'sport_10_recall@20': tensor(0.0464), 'ndcg@20': tensor(0.0206), 'recall@20': tensor(0.0464), 'train_loss_0': tensor(0.2429, device='cuda:0')}
[2026-01-21 22:05:56] INFO training_time: 3510.9824504852295
[2026-01-21 22:05:56] INFO inference_time: 54.79362916946411
[2026-01-21 22:06:41] INFO {'epoch': 49, 'sport_10_ndcg@20': tensor(0.0201), 'sport_10_recall@20': tensor(0.0454), 'ndcg@20': tensor(0.0201), 'recall@20': tensor(0.0454), 'train_loss_0': tensor(0.2424, device='cuda:0')}
[2026-01-21 22:06:41] INFO training_time: 3555.237030982971
[2026-01-21 22:06:41] INFO inference_time: 55.69245266914368
[2026-01-21 22:07:27] INFO {'epoch': 50, 'sport_10_ndcg@20': tensor(0.0199), 'sport_10_recall@20': tensor(0.0456), 'ndcg@20': tensor(0.0199), 'recall@20': tensor(0.0456), 'train_loss_0': tensor(0.2419, device='cuda:0')}
[2026-01-21 22:07:27] INFO training_time: 3599.6210436820984
[2026-01-21 22:07:27] INFO inference_time: 56.83808755874634
[2026-01-21 22:08:13] INFO {'epoch': 51, 'sport_10_ndcg@20': tensor(0.0196), 'sport_10_recall@20': tensor(0.0458), 'ndcg@20': tensor(0.0196), 'recall@20': tensor(0.0458), 'train_loss_0': tensor(0.2416, device='cuda:0')}
[2026-01-21 22:08:13] INFO training_time: 3644.833631515503
[2026-01-21 22:08:13] INFO inference_time: 58.07749819755554
[2026-01-21 22:08:58] INFO {'epoch': 52, 'sport_10_ndcg@20': tensor(0.0198), 'sport_10_recall@20': tensor(0.0464), 'ndcg@20': tensor(0.0198), 'recall@20': tensor(0.0464), 'train_loss_0': tensor(0.2413, device='cuda:0')}
[2026-01-21 22:08:58] INFO training_time: 3689.120923280716
[2026-01-21 22:08:58] INFO inference_time: 59.01754021644592
[2026-01-21 22:09:46] INFO {'epoch': 53, 'sport_10_ndcg@20': tensor(0.0201), 'sport_10_recall@20': tensor(0.0463), 'ndcg@20': tensor(0.0201), 'recall@20': tensor(0.0463), 'train_loss_0': tensor(0.2400, device='cuda:0')}
[2026-01-21 22:09:46] INFO training_time: 3735.332099914551
[2026-01-21 22:09:46] INFO inference_time: 59.976630449295044
[2026-01-21 22:10:36] INFO {'epoch': 54, 'sport_10_ndcg@20': tensor(0.0202), 'sport_10_recall@20': tensor(0.0462), 'ndcg@20': tensor(0.0202), 'recall@20': tensor(0.0462), 'train_loss_0': tensor(0.2388, device='cuda:0')}
[2026-01-21 22:10:36] INFO training_time: 3784.3246591091156
[2026-01-21 22:10:36] INFO inference_time: 61.020190715789795
[2026-01-21 22:11:25] INFO {'epoch': 55, 'sport_10_ndcg@20': tensor(0.0193), 'sport_10_recall@20': tensor(0.0450), 'ndcg@20': tensor(0.0193), 'recall@20': tensor(0.0450), 'train_loss_0': tensor(0.2391, device='cuda:0')}
[2026-01-21 22:11:25] INFO training_time: 3832.912335395813
[2026-01-21 22:11:25] INFO inference_time: 62.14491510391235
[2026-01-21 22:12:16] INFO {'epoch': 56, 'sport_10_ndcg@20': tensor(0.0198), 'sport_10_recall@20': tensor(0.0460), 'ndcg@20': tensor(0.0198), 'recall@20': tensor(0.0460), 'train_loss_0': tensor(0.2379, device='cuda:0')}
[2026-01-21 22:12:16] INFO training_time: 3882.3603072166443
[2026-01-21 22:12:16] INFO inference_time: 63.23249006271362
[2026-01-21 22:13:05] INFO {'epoch': 57, 'sport_10_ndcg@20': tensor(0.0200), 'sport_10_recall@20': tensor(0.0459), 'ndcg@20': tensor(0.0200), 'recall@20': tensor(0.0459), 'train_loss_0': tensor(0.2379, device='cuda:0')}
[2026-01-21 22:13:05] INFO training_time: 3930.7970995903015
[2026-01-21 22:13:05] INFO inference_time: 64.21491503715515
[2026-01-21 22:13:55] INFO {'epoch': 58, 'sport_10_ndcg@20': tensor(0.0200), 'sport_10_recall@20': tensor(0.0462), 'ndcg@20': tensor(0.0200), 'recall@20': tensor(0.0462), 'train_loss_0': tensor(0.2371, device='cuda:0')}
[2026-01-21 22:13:55] INFO training_time: 3979.0905752182007
[2026-01-21 22:13:55] INFO inference_time: 65.2419216632843
[2026-01-21 22:14:45] INFO {'epoch': 59, 'sport_10_ndcg@20': tensor(0.0200), 'sport_10_recall@20': tensor(0.0469), 'ndcg@20': tensor(0.0200), 'recall@20': tensor(0.0469), 'train_loss_0': tensor(0.2369, device='cuda:0')}
[2026-01-21 22:14:45] INFO training_time: 4028.2175867557526
[2026-01-21 22:14:45] INFO inference_time: 66.26176571846008
[2026-01-21 22:15:35] INFO {'epoch': 60, 'sport_10_ndcg@20': tensor(0.0196), 'sport_10_recall@20': tensor(0.0461), 'ndcg@20': tensor(0.0196), 'recall@20': tensor(0.0461), 'train_loss_0': tensor(0.2357, device='cuda:0')}
[2026-01-21 22:15:35] INFO training_time: 4076.754011154175
[2026-01-21 22:15:35] INFO inference_time: 67.48924016952515
[2026-01-21 22:16:24] INFO {'epoch': 61, 'sport_10_ndcg@20': tensor(0.0198), 'sport_10_recall@20': tensor(0.0459), 'ndcg@20': tensor(0.0198), 'recall@20': tensor(0.0459), 'train_loss_0': tensor(0.2350, device='cuda:0')}
[2026-01-21 22:16:24] INFO training_time: 4125.195684432983
[2026-01-21 22:16:24] INFO inference_time: 68.53231525421143
[2026-01-21 22:17:14] INFO {'epoch': 62, 'sport_10_ndcg@20': tensor(0.0199), 'sport_10_recall@20': tensor(0.0460), 'ndcg@20': tensor(0.0199), 'recall@20': tensor(0.0460), 'train_loss_0': tensor(0.2344, device='cuda:0')}
[2026-01-21 22:17:14] INFO training_time: 4174.202719926834
[2026-01-21 22:17:14] INFO inference_time: 69.78092050552368
[2026-01-21 22:18:04] INFO {'epoch': 63, 'sport_10_ndcg@20': tensor(0.0197), 'sport_10_recall@20': tensor(0.0457), 'ndcg@20': tensor(0.0197), 'recall@20': tensor(0.0457), 'train_loss_0': tensor(0.2351, device='cuda:0')}
[2026-01-21 22:18:04] INFO training_time: 4222.727893829346
[2026-01-21 22:18:04] INFO inference_time: 70.65368723869324
[2026-01-21 22:18:53] INFO {'epoch': 64, 'sport_10_ndcg@20': tensor(0.0199), 'sport_10_recall@20': tensor(0.0464), 'ndcg@20': tensor(0.0199), 'recall@20': tensor(0.0464), 'train_loss_0': tensor(0.2335, device='cuda:0')}
[2026-01-21 22:18:53] INFO training_time: 4271.411126613617
[2026-01-21 22:18:53] INFO inference_time: 71.62703943252563
[2026-01-21 22:19:44] INFO {'epoch': 65, 'sport_10_ndcg@20': tensor(0.0199), 'sport_10_recall@20': tensor(0.0459), 'ndcg@20': tensor(0.0199), 'recall@20': tensor(0.0459), 'train_loss_0': tensor(0.2329, device='cuda:0')}
[2026-01-21 22:19:44] INFO training_time: 4321.086190700531
[2026-01-21 22:19:44] INFO inference_time: 72.57712531089783
[2026-01-21 22:20:38] INFO {'epoch': 66, 'sport_10_ndcg@20': tensor(0.0202), 'sport_10_recall@20': tensor(0.0467), 'ndcg@20': tensor(0.0202), 'recall@20': tensor(0.0467), 'train_loss_0': tensor(0.2329, device='cuda:0')}
[2026-01-21 22:20:38] INFO training_time: 4374.091149091721
[2026-01-21 22:20:38] INFO inference_time: 73.6585419178009
[2026-01-21 22:20:38] INFO Early stopped. Since the metric ndcg@20 haven't been improved for 20 epochs.
[2026-01-21 22:20:38] INFO The best score of ndcg@20 is 0.0208 on epoch 46
[2026-01-21 22:20:38] INFO Best model checkpoint saved in saved/MetaModel/noisy_10/2026-01-21-21-06-23-184390.ckpt.
[2026-01-21 22:20:39] INFO defaultdict(<class 'float'>, {'sport_10_ndcg@20': tensor(0.0145), 'sport_10_recall@20': tensor(0.0340), 'sport_10_ndcg@10': tensor(0.0114), 'sport_10_recall@10': tensor(0.0214), 'ndcg@20': tensor(0.0145), 'recall@20': tensor(0.0340), 'ndcg@10': tensor(0.0114), 'recall@10': tensor(0.0214)})
