[2026-02-05 13:46:36] INFO PID of this process: 385104
[2026-02-05 13:46:47] INFO {'model': {'embed_dim': 64, 'loss_fn': 'bce', 'sub_model': 'SASRec', 'hidden_size': 128, 'layer_num': 2, 'head_num': 2, 'dropout_rate': 0.5, 'activation': 'gelu', 'tau_min': 1, 'layer_norm_eps': 1e-12, 'model': 'MetaModel'}, 'data': {'domain_name_list': ['yelp_10'], 'user_threshold': 5, 'item_threshold': 5, 'max_seq_len': 50, 'dataset_class': 'general', 'train_file': '_regen', 'dataset': 'noisy_10'}, 'train': {'batch_size': 256, 'early_stop_mode': 'max', 'early_stop_patience': 20, 'epochs': 1000, 'device': 'cuda', 'optimizer': 'adam', 'learning_rate': 0.001, 'weight_decay': 0, 'num_neg': 1, 'seed': 2027, 'interval': 30, 'meta_optimizer': 'sgd', 'meta_learning_rate': 0.001, 'hpo_learning_rate': 0.001, 'meta_weight_decay': 0.001, 'descent_step': 30, 'warmup_epoch': 10}, 'eval': {'batch_size': 2048, 'cutoff': [20, 10], 'val_metrics': ['ndcg', 'recall'], 'test_metrics': ['ndcg', 'recall'], 'topk': 100, 'save_path': './saved/'}}
[2026-02-05 13:46:47] INFO <data.dataset.SeparateDataset object at 0x7fcf8c2a21f0>
[2026-02-05 13:46:47] INFO save_dir:saved
[2026-02-05 13:46:47] INFO {'model': {'embed_dim': 64, 'loss_fn': 'bce', 'hidden_size': 128, 'layer_num': 2, 'head_num': 2, 'dropout_rate': 0.5, 'activation': 'gelu', 'layer_norm_eps': 1e-12, 'model': 'SASRec'}, 'data': {'domain_name_list': ['yelp_10'], 'user_threshold': 5, 'item_threshold': 5, 'max_seq_len': 50, 'dataset_class': 'general', 'train_file': '_regen', 'dataset': 'noisy_10'}, 'train': {'batch_size': 256, 'early_stop_mode': 'max', 'early_stop_patience': 20, 'epochs': 1000, 'device': 0, 'optimizer': 'adam', 'learning_rate': 0.001, 'weight_decay': 0, 'num_neg': 1, 'seed': 2027}, 'eval': {'batch_size': 2048, 'cutoff': [20, 10], 'val_metrics': ['ndcg', 'recall'], 'test_metrics': ['ndcg', 'recall'], 'topk': 100, 'save_path': './saved/'}}
[2026-02-05 13:46:47] INFO MetaModel(
  (item_embedding): Embedding(20034, 64, padding_idx=0)
  (sub_model): SASRec(
    (item_embedding): Embedding(20034, 64, padding_idx=0)
    (query_encoder): SASRecQueryEncoder(
      (item_encoder): Embedding(20034, 64, padding_idx=0)
      (position_emb): Embedding(50, 64)
      (transformer_layer): TransformerEncoder(
        (layers): ModuleList(
          (0): TransformerEncoderLayer(
            (self_attn): MultiheadAttention(
              (out_proj): NonDynamicallyQuantizableLinear(in_features=64, out_features=64, bias=True)
            )
            (linear1): Linear(in_features=64, out_features=128, bias=True)
            (dropout): Dropout(p=0.5, inplace=False)
            (linear2): Linear(in_features=128, out_features=64, bias=True)
            (norm1): LayerNorm((64,), eps=1e-12, elementwise_affine=True)
            (norm2): LayerNorm((64,), eps=1e-12, elementwise_affine=True)
            (dropout1): Dropout(p=0.5, inplace=False)
            (dropout2): Dropout(p=0.5, inplace=False)
          )
          (1): TransformerEncoderLayer(
            (self_attn): MultiheadAttention(
              (out_proj): NonDynamicallyQuantizableLinear(in_features=64, out_features=64, bias=True)
            )
            (linear1): Linear(in_features=64, out_features=128, bias=True)
            (dropout): Dropout(p=0.5, inplace=False)
            (linear2): Linear(in_features=128, out_features=64, bias=True)
            (norm1): LayerNorm((64,), eps=1e-12, elementwise_affine=True)
            (norm2): LayerNorm((64,), eps=1e-12, elementwise_affine=True)
            (dropout1): Dropout(p=0.5, inplace=False)
            (dropout2): Dropout(p=0.5, inplace=False)
          )
        )
      )
      (dropout): Dropout(p=0.5, inplace=False)
      (training_pooling_layer): SeqPoolingLayer()
      (eval_pooling_layer): SeqPoolingLayer()
    )
    (loss_fn): BinaryCrossEntropyLoss()
  )
  (meta_module): Sequential(
    (0): Linear(in_features=64, out_features=64, bias=True)
    (1): ReLU()
    (2): Linear(in_features=64, out_features=2, bias=True)
  )
)
[2026-02-05 13:48:08] INFO {'epoch': 0, 'yelp_10_ndcg@20': tensor(0.0032), 'yelp_10_recall@20': tensor(0.0087), 'ndcg@20': tensor(0.0032), 'recall@20': tensor(0.0087), 'train_loss_0': tensor(1.1500, device='cuda:0')}
[2026-02-05 13:48:08] INFO training_time: 78.9804379940033
[2026-02-05 13:48:08] INFO inference_time: 1.595550537109375
[2026-02-05 13:48:08] INFO ndcg@20 improved. Best value: 0.0032
[2026-02-05 13:48:08] INFO Best model checkpoint saved in saved/MetaModel/noisy_10/2026-02-05-13-46-36-834143.ckpt.
[2026-02-05 13:49:27] INFO {'epoch': 1, 'yelp_10_ndcg@20': tensor(0.0092), 'yelp_10_recall@20': tensor(0.0254), 'ndcg@20': tensor(0.0092), 'recall@20': tensor(0.0254), 'train_loss_0': tensor(0.9039, device='cuda:0')}
[2026-02-05 13:49:27] INFO training_time: 157.0279312133789
[2026-02-05 13:49:27] INFO inference_time: 2.656614303588867
[2026-02-05 13:49:27] INFO ndcg@20 improved. Best value: 0.0092
[2026-02-05 13:49:27] INFO Best model checkpoint saved in saved/MetaModel/noisy_10/2026-02-05-13-46-36-834143.ckpt.
[2026-02-05 13:50:46] INFO {'epoch': 2, 'yelp_10_ndcg@20': tensor(0.0118), 'yelp_10_recall@20': tensor(0.0319), 'ndcg@20': tensor(0.0118), 'recall@20': tensor(0.0319), 'train_loss_0': tensor(0.7461, device='cuda:0')}
[2026-02-05 13:50:46] INFO training_time: 235.00511407852173
[2026-02-05 13:50:46] INFO inference_time: 4.006987810134888
[2026-02-05 13:50:46] INFO ndcg@20 improved. Best value: 0.0118
[2026-02-05 13:50:46] INFO Best model checkpoint saved in saved/MetaModel/noisy_10/2026-02-05-13-46-36-834143.ckpt.
[2026-02-05 13:52:05] INFO {'epoch': 3, 'yelp_10_ndcg@20': tensor(0.0135), 'yelp_10_recall@20': tensor(0.0348), 'ndcg@20': tensor(0.0135), 'recall@20': tensor(0.0348), 'train_loss_0': tensor(0.6592, device='cuda:0')}
[2026-02-05 13:52:05] INFO training_time: 312.54146909713745
[2026-02-05 13:52:05] INFO inference_time: 5.435102939605713
[2026-02-05 13:52:05] INFO ndcg@20 improved. Best value: 0.0135
[2026-02-05 13:52:05] INFO Best model checkpoint saved in saved/MetaModel/noisy_10/2026-02-05-13-46-36-834143.ckpt.
[2026-02-05 13:53:24] INFO {'epoch': 4, 'yelp_10_ndcg@20': tensor(0.0136), 'yelp_10_recall@20': tensor(0.0354), 'ndcg@20': tensor(0.0136), 'recall@20': tensor(0.0354), 'train_loss_0': tensor(0.5985, device='cuda:0')}
[2026-02-05 13:53:25] INFO training_time: 390.43903636932373
[2026-02-05 13:53:25] INFO inference_time: 6.693904161453247
[2026-02-05 13:53:25] INFO ndcg@20 improved. Best value: 0.0136
[2026-02-05 13:53:25] INFO Best model checkpoint saved in saved/MetaModel/noisy_10/2026-02-05-13-46-36-834143.ckpt.
[2026-02-05 13:54:43] INFO {'epoch': 5, 'yelp_10_ndcg@20': tensor(0.0146), 'yelp_10_recall@20': tensor(0.0378), 'ndcg@20': tensor(0.0146), 'recall@20': tensor(0.0378), 'train_loss_0': tensor(0.5586, device='cuda:0')}
[2026-02-05 13:54:43] INFO training_time: 468.09054613113403
[2026-02-05 13:54:43] INFO inference_time: 7.984421014785767
[2026-02-05 13:54:43] INFO ndcg@20 improved. Best value: 0.0146
[2026-02-05 13:54:43] INFO Best model checkpoint saved in saved/MetaModel/noisy_10/2026-02-05-13-46-36-834143.ckpt.
[2026-02-05 13:56:02] INFO {'epoch': 6, 'yelp_10_ndcg@20': tensor(0.0146), 'yelp_10_recall@20': tensor(0.0363), 'ndcg@20': tensor(0.0146), 'recall@20': tensor(0.0363), 'train_loss_0': tensor(0.5279, device='cuda:0')}
[2026-02-05 13:56:02] INFO training_time: 545.6209423542023
[2026-02-05 13:56:02] INFO inference_time: 9.200275421142578
[2026-02-05 13:57:22] INFO {'epoch': 7, 'yelp_10_ndcg@20': tensor(0.0152), 'yelp_10_recall@20': tensor(0.0388), 'ndcg@20': tensor(0.0152), 'recall@20': tensor(0.0388), 'train_loss_0': tensor(0.5049, device='cuda:0')}
[2026-02-05 13:57:22] INFO training_time: 623.8733866214752
[2026-02-05 13:57:22] INFO inference_time: 10.449718236923218
[2026-02-05 13:57:22] INFO ndcg@20 improved. Best value: 0.0152
[2026-02-05 13:57:22] INFO Best model checkpoint saved in saved/MetaModel/noisy_10/2026-02-05-13-46-36-834143.ckpt.
[2026-02-05 13:58:41] INFO {'epoch': 8, 'yelp_10_ndcg@20': tensor(0.0150), 'yelp_10_recall@20': tensor(0.0382), 'ndcg@20': tensor(0.0150), 'recall@20': tensor(0.0382), 'train_loss_0': tensor(0.4862, device='cuda:0')}
[2026-02-05 13:58:41] INFO training_time: 701.999650478363
[2026-02-05 13:58:41] INFO inference_time: 11.830647706985474
[2026-02-05 14:00:00] INFO {'epoch': 9, 'yelp_10_ndcg@20': tensor(0.0153), 'yelp_10_recall@20': tensor(0.0380), 'ndcg@20': tensor(0.0153), 'recall@20': tensor(0.0380), 'train_loss_0': tensor(0.4700, device='cuda:0')}
[2026-02-05 14:00:00] INFO training_time: 779.5740020275116
[2026-02-05 14:00:00] INFO inference_time: 13.048824548721313
[2026-02-05 14:00:00] INFO ndcg@20 improved. Best value: 0.0153
[2026-02-05 14:00:00] INFO Best model checkpoint saved in saved/MetaModel/noisy_10/2026-02-05-13-46-36-834143.ckpt.
[2026-02-05 14:01:19] INFO {'epoch': 10, 'yelp_10_ndcg@20': tensor(0.0151), 'yelp_10_recall@20': tensor(0.0384), 'ndcg@20': tensor(0.0151), 'recall@20': tensor(0.0384), 'train_loss_0': tensor(0.4604, device='cuda:0')}
[2026-02-05 14:01:19] INFO training_time: 856.6156318187714
[2026-02-05 14:01:19] INFO inference_time: 14.636049270629883
[2026-02-05 14:03:14] INFO {'epoch': 11, 'yelp_10_ndcg@20': tensor(0.0157), 'yelp_10_recall@20': tensor(0.0400), 'ndcg@20': tensor(0.0157), 'recall@20': tensor(0.0400), 'train_loss_0': tensor(0.2233, device='cuda:0')}
[2026-02-05 14:03:14] INFO training_time: 970.87566447258
[2026-02-05 14:03:14] INFO inference_time: 15.712000608444214
[2026-02-05 14:03:14] INFO ndcg@20 improved. Best value: 0.0157
[2026-02-05 14:03:14] INFO Best model checkpoint saved in saved/MetaModel/noisy_10/2026-02-05-13-46-36-834143.ckpt.
[2026-02-05 14:05:10] INFO {'epoch': 12, 'yelp_10_ndcg@20': tensor(0.0155), 'yelp_10_recall@20': tensor(0.0392), 'ndcg@20': tensor(0.0155), 'recall@20': tensor(0.0392), 'train_loss_0': tensor(0.2177, device='cuda:0')}
[2026-02-05 14:05:10] INFO training_time: 1085.5212080478668
[2026-02-05 14:05:10] INFO inference_time: 16.723342418670654
[2026-02-05 14:07:05] INFO {'epoch': 13, 'yelp_10_ndcg@20': tensor(0.0159), 'yelp_10_recall@20': tensor(0.0401), 'ndcg@20': tensor(0.0159), 'recall@20': tensor(0.0401), 'train_loss_0': tensor(0.2159, device='cuda:0')}
[2026-02-05 14:07:05] INFO training_time: 1199.3563072681427
[2026-02-05 14:07:05] INFO inference_time: 18.024344444274902
[2026-02-05 14:07:05] INFO ndcg@20 improved. Best value: 0.0159
[2026-02-05 14:07:05] INFO Best model checkpoint saved in saved/MetaModel/noisy_10/2026-02-05-13-46-36-834143.ckpt.
[2026-02-05 14:09:02] INFO {'epoch': 14, 'yelp_10_ndcg@20': tensor(0.0154), 'yelp_10_recall@20': tensor(0.0389), 'ndcg@20': tensor(0.0154), 'recall@20': tensor(0.0389), 'train_loss_0': tensor(0.2148, device='cuda:0')}
[2026-02-05 14:09:02] INFO training_time: 1315.4957857131958
[2026-02-05 14:09:02] INFO inference_time: 19.061072826385498
[2026-02-05 14:10:58] INFO {'epoch': 15, 'yelp_10_ndcg@20': tensor(0.0156), 'yelp_10_recall@20': tensor(0.0391), 'ndcg@20': tensor(0.0156), 'recall@20': tensor(0.0391), 'train_loss_0': tensor(0.2139, device='cuda:0')}
[2026-02-05 14:10:58] INFO training_time: 1429.9864161014557
[2026-02-05 14:10:58] INFO inference_time: 20.227805376052856
[2026-02-05 14:12:53] INFO {'epoch': 16, 'yelp_10_ndcg@20': tensor(0.0152), 'yelp_10_recall@20': tensor(0.0385), 'ndcg@20': tensor(0.0152), 'recall@20': tensor(0.0385), 'train_loss_0': tensor(0.2124, device='cuda:0')}
[2026-02-05 14:12:53] INFO training_time: 1544.3238623142242
[2026-02-05 14:12:53] INFO inference_time: 21.534051418304443
[2026-02-05 14:14:49] INFO {'epoch': 17, 'yelp_10_ndcg@20': tensor(0.0149), 'yelp_10_recall@20': tensor(0.0381), 'ndcg@20': tensor(0.0149), 'recall@20': tensor(0.0381), 'train_loss_0': tensor(0.2122, device='cuda:0')}
[2026-02-05 14:14:49] INFO training_time: 1658.975528717041
[2026-02-05 14:14:49] INFO inference_time: 22.638805866241455
[2026-02-05 14:16:44] INFO {'epoch': 18, 'yelp_10_ndcg@20': tensor(0.0156), 'yelp_10_recall@20': tensor(0.0405), 'ndcg@20': tensor(0.0156), 'recall@20': tensor(0.0405), 'train_loss_0': tensor(0.2095, device='cuda:0')}
[2026-02-05 14:16:44] INFO training_time: 1772.6470544338226
[2026-02-05 14:16:44] INFO inference_time: 23.959439754486084
[2026-02-05 14:18:40] INFO {'epoch': 19, 'yelp_10_ndcg@20': tensor(0.0153), 'yelp_10_recall@20': tensor(0.0387), 'ndcg@20': tensor(0.0153), 'recall@20': tensor(0.0387), 'train_loss_0': tensor(0.2087, device='cuda:0')}
[2026-02-05 14:18:40] INFO training_time: 1886.9804813861847
[2026-02-05 14:18:40] INFO inference_time: 25.14881134033203
[2026-02-05 14:20:36] INFO {'epoch': 20, 'yelp_10_ndcg@20': tensor(0.0152), 'yelp_10_recall@20': tensor(0.0393), 'ndcg@20': tensor(0.0152), 'recall@20': tensor(0.0393), 'train_loss_0': tensor(0.2064, device='cuda:0')}
[2026-02-05 14:20:36] INFO training_time: 2001.5306828022003
[2026-02-05 14:20:36] INFO inference_time: 26.797141790390015
[2026-02-05 14:22:31] INFO {'epoch': 21, 'yelp_10_ndcg@20': tensor(0.0145), 'yelp_10_recall@20': tensor(0.0386), 'ndcg@20': tensor(0.0145), 'recall@20': tensor(0.0386), 'train_loss_0': tensor(0.2063, device='cuda:0')}
[2026-02-05 14:22:31] INFO training_time: 2115.6880600452423
[2026-02-05 14:22:31] INFO inference_time: 27.79800271987915
[2026-02-05 14:24:28] INFO {'epoch': 22, 'yelp_10_ndcg@20': tensor(0.0148), 'yelp_10_recall@20': tensor(0.0381), 'ndcg@20': tensor(0.0148), 'recall@20': tensor(0.0381), 'train_loss_0': tensor(0.2033, device='cuda:0')}
[2026-02-05 14:24:28] INFO training_time: 2231.101075410843
[2026-02-05 14:24:28] INFO inference_time: 29.03710699081421
[2026-02-05 14:26:23] INFO {'epoch': 23, 'yelp_10_ndcg@20': tensor(0.0151), 'yelp_10_recall@20': tensor(0.0391), 'ndcg@20': tensor(0.0151), 'recall@20': tensor(0.0391), 'train_loss_0': tensor(0.2016, device='cuda:0')}
[2026-02-05 14:26:23] INFO training_time: 2345.723930835724
[2026-02-05 14:26:23] INFO inference_time: 30.106800079345703
[2026-02-05 14:28:20] INFO {'epoch': 24, 'yelp_10_ndcg@20': tensor(0.0158), 'yelp_10_recall@20': tensor(0.0405), 'ndcg@20': tensor(0.0158), 'recall@20': tensor(0.0405), 'train_loss_0': tensor(0.1993, device='cuda:0')}
[2026-02-05 14:28:20] INFO training_time: 2460.756309747696
[2026-02-05 14:28:20] INFO inference_time: 31.19859290122986
[2026-02-05 14:30:16] INFO {'epoch': 25, 'yelp_10_ndcg@20': tensor(0.0151), 'yelp_10_recall@20': tensor(0.0395), 'ndcg@20': tensor(0.0151), 'recall@20': tensor(0.0395), 'train_loss_0': tensor(0.1995, device='cuda:0')}
[2026-02-05 14:30:16] INFO training_time: 2575.665545463562
[2026-02-05 14:30:16] INFO inference_time: 32.25910520553589
[2026-02-05 14:32:11] INFO {'epoch': 26, 'yelp_10_ndcg@20': tensor(0.0151), 'yelp_10_recall@20': tensor(0.0390), 'ndcg@20': tensor(0.0151), 'recall@20': tensor(0.0390), 'train_loss_0': tensor(0.1980, device='cuda:0')}
[2026-02-05 14:32:11] INFO training_time: 2689.8695151805878
[2026-02-05 14:32:11] INFO inference_time: 33.39779186248779
[2026-02-05 14:34:06] INFO {'epoch': 27, 'yelp_10_ndcg@20': tensor(0.0161), 'yelp_10_recall@20': tensor(0.0406), 'ndcg@20': tensor(0.0161), 'recall@20': tensor(0.0406), 'train_loss_0': tensor(0.1959, device='cuda:0')}
[2026-02-05 14:34:06] INFO training_time: 2803.5402908325195
[2026-02-05 14:34:06] INFO inference_time: 34.47955846786499
[2026-02-05 14:34:06] INFO ndcg@20 improved. Best value: 0.0161
[2026-02-05 14:34:06] INFO Best model checkpoint saved in saved/MetaModel/noisy_10/2026-02-05-13-46-36-834143.ckpt.
[2026-02-05 14:36:01] INFO {'epoch': 28, 'yelp_10_ndcg@20': tensor(0.0153), 'yelp_10_recall@20': tensor(0.0392), 'ndcg@20': tensor(0.0153), 'recall@20': tensor(0.0392), 'train_loss_0': tensor(0.1950, device='cuda:0')}
[2026-02-05 14:36:01] INFO training_time: 2917.736085653305
[2026-02-05 14:36:01] INFO inference_time: 35.69030213356018
[2026-02-05 14:37:53] INFO {'epoch': 29, 'yelp_10_ndcg@20': tensor(0.0155), 'yelp_10_recall@20': tensor(0.0389), 'ndcg@20': tensor(0.0155), 'recall@20': tensor(0.0389), 'train_loss_0': tensor(0.1947, device='cuda:0')}
[2026-02-05 14:37:53] INFO training_time: 3028.6955530643463
[2026-02-05 14:37:53] INFO inference_time: 36.78781580924988
[2026-02-05 14:39:35] INFO {'epoch': 30, 'yelp_10_ndcg@20': tensor(0.0155), 'yelp_10_recall@20': tensor(0.0399), 'ndcg@20': tensor(0.0155), 'recall@20': tensor(0.0399), 'train_loss_0': tensor(0.1928, device='cuda:0')}
[2026-02-05 14:39:35] INFO training_time: 3129.471298456192
[2026-02-05 14:39:35] INFO inference_time: 38.104247093200684
[2026-02-05 14:41:17] INFO {'epoch': 31, 'yelp_10_ndcg@20': tensor(0.0156), 'yelp_10_recall@20': tensor(0.0404), 'ndcg@20': tensor(0.0156), 'recall@20': tensor(0.0404), 'train_loss_0': tensor(0.1927, device='cuda:0')}
[2026-02-05 14:41:17] INFO training_time: 3230.2578370571136
[2026-02-05 14:41:17] INFO inference_time: 39.12704825401306
[2026-02-05 14:42:58] INFO {'epoch': 32, 'yelp_10_ndcg@20': tensor(0.0157), 'yelp_10_recall@20': tensor(0.0403), 'ndcg@20': tensor(0.0157), 'recall@20': tensor(0.0403), 'train_loss_0': tensor(0.1922, device='cuda:0')}
[2026-02-05 14:42:58] INFO training_time: 3329.734553337097
[2026-02-05 14:42:58] INFO inference_time: 40.39644813537598
[2026-02-05 14:44:38] INFO {'epoch': 33, 'yelp_10_ndcg@20': tensor(0.0159), 'yelp_10_recall@20': tensor(0.0406), 'ndcg@20': tensor(0.0159), 'recall@20': tensor(0.0406), 'train_loss_0': tensor(0.1889, device='cuda:0')}
[2026-02-05 14:44:38] INFO training_time: 3428.8549222946167
[2026-02-05 14:44:38] INFO inference_time: 41.721351861953735
[2026-02-05 14:46:19] INFO {'epoch': 34, 'yelp_10_ndcg@20': tensor(0.0157), 'yelp_10_recall@20': tensor(0.0411), 'ndcg@20': tensor(0.0157), 'recall@20': tensor(0.0411), 'train_loss_0': tensor(0.1897, device='cuda:0')}
[2026-02-05 14:46:19] INFO training_time: 3528.2601499557495
[2026-02-05 14:46:19] INFO inference_time: 43.022316694259644
[2026-02-05 14:48:00] INFO {'epoch': 35, 'yelp_10_ndcg@20': tensor(0.0152), 'yelp_10_recall@20': tensor(0.0394), 'ndcg@20': tensor(0.0152), 'recall@20': tensor(0.0394), 'train_loss_0': tensor(0.1873, device='cuda:0')}
[2026-02-05 14:48:00] INFO training_time: 3628.0095331668854
[2026-02-05 14:48:00] INFO inference_time: 44.14916706085205
[2026-02-05 14:49:40] INFO {'epoch': 36, 'yelp_10_ndcg@20': tensor(0.0156), 'yelp_10_recall@20': tensor(0.0405), 'ndcg@20': tensor(0.0156), 'recall@20': tensor(0.0405), 'train_loss_0': tensor(0.1874, device='cuda:0')}
[2026-02-05 14:49:40] INFO training_time: 3727.262325525284
[2026-02-05 14:49:40] INFO inference_time: 45.34095287322998
[2026-02-05 14:51:23] INFO {'epoch': 37, 'yelp_10_ndcg@20': tensor(0.0157), 'yelp_10_recall@20': tensor(0.0402), 'ndcg@20': tensor(0.0157), 'recall@20': tensor(0.0402), 'train_loss_0': tensor(0.1869, device='cuda:0')}
[2026-02-05 14:51:23] INFO training_time: 3828.1516740322113
[2026-02-05 14:51:23] INFO inference_time: 46.59329843521118
[2026-02-05 14:53:04] INFO {'epoch': 38, 'yelp_10_ndcg@20': tensor(0.0156), 'yelp_10_recall@20': tensor(0.0402), 'ndcg@20': tensor(0.0156), 'recall@20': tensor(0.0402), 'train_loss_0': tensor(0.1855, device='cuda:0')}
[2026-02-05 14:53:04] INFO training_time: 3928.004956007004
[2026-02-05 14:53:04] INFO inference_time: 47.83150029182434
[2026-02-05 14:54:44] INFO {'epoch': 39, 'yelp_10_ndcg@20': tensor(0.0157), 'yelp_10_recall@20': tensor(0.0406), 'ndcg@20': tensor(0.0157), 'recall@20': tensor(0.0406), 'train_loss_0': tensor(0.1850, device='cuda:0')}
[2026-02-05 14:54:44] INFO training_time: 4027.5092480182648
[2026-02-05 14:54:44] INFO inference_time: 48.8298225402832
[2026-02-05 14:56:26] INFO {'epoch': 40, 'yelp_10_ndcg@20': tensor(0.0151), 'yelp_10_recall@20': tensor(0.0397), 'ndcg@20': tensor(0.0151), 'recall@20': tensor(0.0397), 'train_loss_0': tensor(0.1847, device='cuda:0')}
[2026-02-05 14:56:26] INFO training_time: 4127.518247127533
[2026-02-05 14:56:26] INFO inference_time: 50.29018688201904
[2026-02-05 14:58:06] INFO {'epoch': 41, 'yelp_10_ndcg@20': tensor(0.0153), 'yelp_10_recall@20': tensor(0.0391), 'ndcg@20': tensor(0.0153), 'recall@20': tensor(0.0391), 'train_loss_0': tensor(0.1837, device='cuda:0')}
[2026-02-05 14:58:06] INFO training_time: 4226.9411833286285
[2026-02-05 14:58:06] INFO inference_time: 51.32122611999512
[2026-02-05 14:59:47] INFO {'epoch': 42, 'yelp_10_ndcg@20': tensor(0.0158), 'yelp_10_recall@20': tensor(0.0409), 'ndcg@20': tensor(0.0158), 'recall@20': tensor(0.0409), 'train_loss_0': tensor(0.1824, device='cuda:0')}
[2026-02-05 14:59:47] INFO training_time: 4326.897724151611
[2026-02-05 14:59:47] INFO inference_time: 52.51547837257385
[2026-02-05 15:01:28] INFO {'epoch': 43, 'yelp_10_ndcg@20': tensor(0.0153), 'yelp_10_recall@20': tensor(0.0393), 'ndcg@20': tensor(0.0153), 'recall@20': tensor(0.0393), 'train_loss_0': tensor(0.1812, device='cuda:0')}
[2026-02-05 15:01:28] INFO training_time: 4426.814336538315
[2026-02-05 15:01:28] INFO inference_time: 53.6433207988739
[2026-02-05 15:03:10] INFO {'epoch': 44, 'yelp_10_ndcg@20': tensor(0.0161), 'yelp_10_recall@20': tensor(0.0411), 'ndcg@20': tensor(0.0161), 'recall@20': tensor(0.0411), 'train_loss_0': tensor(0.1821, device='cuda:0')}
[2026-02-05 15:03:10] INFO training_time: 4527.681426048279
[2026-02-05 15:03:10] INFO inference_time: 54.80586576461792
[2026-02-05 15:03:10] INFO ndcg@20 improved. Best value: 0.0161
[2026-02-05 15:03:10] INFO Best model checkpoint saved in saved/MetaModel/noisy_10/2026-02-05-13-46-36-834143.ckpt.
[2026-02-05 15:04:51] INFO {'epoch': 45, 'yelp_10_ndcg@20': tensor(0.0157), 'yelp_10_recall@20': tensor(0.0396), 'ndcg@20': tensor(0.0157), 'recall@20': tensor(0.0396), 'train_loss_0': tensor(0.1806, device='cuda:0')}
[2026-02-05 15:04:51] INFO training_time: 4627.026258230209
[2026-02-05 15:04:51] INFO inference_time: 56.07243585586548
[2026-02-05 15:06:31] INFO {'epoch': 46, 'yelp_10_ndcg@20': tensor(0.0154), 'yelp_10_recall@20': tensor(0.0392), 'ndcg@20': tensor(0.0154), 'recall@20': tensor(0.0392), 'train_loss_0': tensor(0.1802, device='cuda:0')}
[2026-02-05 15:06:31] INFO training_time: 4725.974378824234
[2026-02-05 15:06:31] INFO inference_time: 57.03528118133545
[2026-02-05 15:08:12] INFO {'epoch': 47, 'yelp_10_ndcg@20': tensor(0.0159), 'yelp_10_recall@20': tensor(0.0404), 'ndcg@20': tensor(0.0159), 'recall@20': tensor(0.0404), 'train_loss_0': tensor(0.1799, device='cuda:0')}
[2026-02-05 15:08:12] INFO training_time: 4825.363848686218
[2026-02-05 15:08:12] INFO inference_time: 58.28939366340637
[2026-02-05 15:09:52] INFO {'epoch': 48, 'yelp_10_ndcg@20': tensor(0.0161), 'yelp_10_recall@20': tensor(0.0411), 'ndcg@20': tensor(0.0161), 'recall@20': tensor(0.0411), 'train_loss_0': tensor(0.1795, device='cuda:0')}
[2026-02-05 15:09:52] INFO training_time: 4924.944885253906
[2026-02-05 15:09:52] INFO inference_time: 59.53826332092285
[2026-02-05 15:11:33] INFO {'epoch': 49, 'yelp_10_ndcg@20': tensor(0.0161), 'yelp_10_recall@20': tensor(0.0403), 'ndcg@20': tensor(0.0161), 'recall@20': tensor(0.0403), 'train_loss_0': tensor(0.1790, device='cuda:0')}
[2026-02-05 15:11:33] INFO training_time: 5024.103482961655
[2026-02-05 15:11:33] INFO inference_time: 60.79686975479126
[2026-02-05 15:11:33] INFO ndcg@20 improved. Best value: 0.0161
[2026-02-05 15:11:33] INFO Best model checkpoint saved in saved/MetaModel/noisy_10/2026-02-05-13-46-36-834143.ckpt.
[2026-02-05 15:13:14] INFO {'epoch': 50, 'yelp_10_ndcg@20': tensor(0.0155), 'yelp_10_recall@20': tensor(0.0398), 'ndcg@20': tensor(0.0155), 'recall@20': tensor(0.0398), 'train_loss_0': tensor(0.1776, device='cuda:0')}
[2026-02-05 15:13:14] INFO training_time: 5123.37286067009
[2026-02-05 15:13:14] INFO inference_time: 62.231019258499146
[2026-02-05 15:14:54] INFO {'epoch': 51, 'yelp_10_ndcg@20': tensor(0.0160), 'yelp_10_recall@20': tensor(0.0414), 'ndcg@20': tensor(0.0160), 'recall@20': tensor(0.0414), 'train_loss_0': tensor(0.1769, device='cuda:0')}
[2026-02-05 15:14:54] INFO training_time: 5223.017621278763
[2026-02-05 15:14:54] INFO inference_time: 63.43351650238037
[2026-02-05 15:16:37] INFO {'epoch': 52, 'yelp_10_ndcg@20': tensor(0.0161), 'yelp_10_recall@20': tensor(0.0401), 'ndcg@20': tensor(0.0161), 'recall@20': tensor(0.0401), 'train_loss_0': tensor(0.1769, device='cuda:0')}
[2026-02-05 15:16:37] INFO training_time: 5324.616507053375
[2026-02-05 15:16:37] INFO inference_time: 64.42865800857544
[2026-02-05 15:18:17] INFO {'epoch': 53, 'yelp_10_ndcg@20': tensor(0.0160), 'yelp_10_recall@20': tensor(0.0405), 'ndcg@20': tensor(0.0160), 'recall@20': tensor(0.0405), 'train_loss_0': tensor(0.1765, device='cuda:0')}
[2026-02-05 15:18:17] INFO training_time: 5423.695703983307
[2026-02-05 15:18:17] INFO inference_time: 65.59568500518799
[2026-02-05 15:19:58] INFO {'epoch': 54, 'yelp_10_ndcg@20': tensor(0.0158), 'yelp_10_recall@20': tensor(0.0406), 'ndcg@20': tensor(0.0158), 'recall@20': tensor(0.0406), 'train_loss_0': tensor(0.1762, device='cuda:0')}
[2026-02-05 15:19:58] INFO training_time: 5523.556924819946
[2026-02-05 15:19:58] INFO inference_time: 66.88788485527039
[2026-02-05 15:21:39] INFO {'epoch': 55, 'yelp_10_ndcg@20': tensor(0.0155), 'yelp_10_recall@20': tensor(0.0407), 'ndcg@20': tensor(0.0155), 'recall@20': tensor(0.0407), 'train_loss_0': tensor(0.1758, device='cuda:0')}
[2026-02-05 15:21:39] INFO training_time: 5623.012320280075
[2026-02-05 15:21:39] INFO inference_time: 67.81188631057739
[2026-02-05 15:23:20] INFO {'epoch': 56, 'yelp_10_ndcg@20': tensor(0.0154), 'yelp_10_recall@20': tensor(0.0400), 'ndcg@20': tensor(0.0154), 'recall@20': tensor(0.0400), 'train_loss_0': tensor(0.1744, device='cuda:0')}
[2026-02-05 15:23:20] INFO training_time: 5722.586832046509
[2026-02-05 15:23:20] INFO inference_time: 69.05229234695435
[2026-02-05 15:25:00] INFO {'epoch': 57, 'yelp_10_ndcg@20': tensor(0.0163), 'yelp_10_recall@20': tensor(0.0416), 'ndcg@20': tensor(0.0163), 'recall@20': tensor(0.0416), 'train_loss_0': tensor(0.1751, device='cuda:0')}
[2026-02-05 15:25:00] INFO training_time: 5822.150183200836
[2026-02-05 15:25:00] INFO inference_time: 70.22879981994629
[2026-02-05 15:25:00] INFO ndcg@20 improved. Best value: 0.0163
[2026-02-05 15:25:00] INFO Best model checkpoint saved in saved/MetaModel/noisy_10/2026-02-05-13-46-36-834143.ckpt.
[2026-02-05 15:26:41] INFO {'epoch': 58, 'yelp_10_ndcg@20': tensor(0.0164), 'yelp_10_recall@20': tensor(0.0426), 'ndcg@20': tensor(0.0164), 'recall@20': tensor(0.0426), 'train_loss_0': tensor(0.1733, device='cuda:0')}
[2026-02-05 15:26:41] INFO training_time: 5921.406104326248
[2026-02-05 15:26:41] INFO inference_time: 71.48266839981079
[2026-02-05 15:26:41] INFO ndcg@20 improved. Best value: 0.0164
[2026-02-05 15:26:41] INFO Best model checkpoint saved in saved/MetaModel/noisy_10/2026-02-05-13-46-36-834143.ckpt.
[2026-02-05 15:28:23] INFO {'epoch': 59, 'yelp_10_ndcg@20': tensor(0.0163), 'yelp_10_recall@20': tensor(0.0406), 'ndcg@20': tensor(0.0163), 'recall@20': tensor(0.0406), 'train_loss_0': tensor(0.1734, device='cuda:0')}
[2026-02-05 15:28:23] INFO training_time: 6022.360382080078
[2026-02-05 15:28:23] INFO inference_time: 72.74876809120178
[2026-02-05 15:30:04] INFO {'epoch': 60, 'yelp_10_ndcg@20': tensor(0.0160), 'yelp_10_recall@20': tensor(0.0405), 'ndcg@20': tensor(0.0160), 'recall@20': tensor(0.0405), 'train_loss_0': tensor(0.1730, device='cuda:0')}
[2026-02-05 15:30:04] INFO training_time: 6121.807520389557
[2026-02-05 15:30:04] INFO inference_time: 74.15909957885742
[2026-02-05 15:31:45] INFO {'epoch': 61, 'yelp_10_ndcg@20': tensor(0.0165), 'yelp_10_recall@20': tensor(0.0415), 'ndcg@20': tensor(0.0165), 'recall@20': tensor(0.0415), 'train_loss_0': tensor(0.1725, device='cuda:0')}
[2026-02-05 15:31:45] INFO training_time: 6221.361217260361
[2026-02-05 15:31:45] INFO inference_time: 75.41823959350586
[2026-02-05 15:31:45] INFO ndcg@20 improved. Best value: 0.0165
[2026-02-05 15:31:45] INFO Best model checkpoint saved in saved/MetaModel/noisy_10/2026-02-05-13-46-36-834143.ckpt.
[2026-02-05 15:33:26] INFO {'epoch': 62, 'yelp_10_ndcg@20': tensor(0.0154), 'yelp_10_recall@20': tensor(0.0395), 'ndcg@20': tensor(0.0154), 'recall@20': tensor(0.0395), 'train_loss_0': tensor(0.1725, device='cuda:0')}
[2026-02-05 15:33:26] INFO training_time: 6321.16201210022
[2026-02-05 15:33:26] INFO inference_time: 76.53186345100403
[2026-02-05 15:35:06] INFO {'epoch': 63, 'yelp_10_ndcg@20': tensor(0.0156), 'yelp_10_recall@20': tensor(0.0403), 'ndcg@20': tensor(0.0156), 'recall@20': tensor(0.0403), 'train_loss_0': tensor(0.1717, device='cuda:0')}
[2026-02-05 15:35:06] INFO training_time: 6420.266934394836
[2026-02-05 15:35:06] INFO inference_time: 77.69644498825073
[2026-02-05 15:36:47] INFO {'epoch': 64, 'yelp_10_ndcg@20': tensor(0.0161), 'yelp_10_recall@20': tensor(0.0418), 'ndcg@20': tensor(0.0161), 'recall@20': tensor(0.0418), 'train_loss_0': tensor(0.1708, device='cuda:0')}
[2026-02-05 15:36:47] INFO training_time: 6520.359372854233
[2026-02-05 15:36:47] INFO inference_time: 78.949298620224
[2026-02-05 15:38:28] INFO {'epoch': 65, 'yelp_10_ndcg@20': tensor(0.0159), 'yelp_10_recall@20': tensor(0.0405), 'ndcg@20': tensor(0.0159), 'recall@20': tensor(0.0405), 'train_loss_0': tensor(0.1717, device='cuda:0')}
[2026-02-05 15:38:28] INFO training_time: 6620.2419493198395
[2026-02-05 15:38:28] INFO inference_time: 79.98997759819031
[2026-02-05 15:40:09] INFO {'epoch': 66, 'yelp_10_ndcg@20': tensor(0.0156), 'yelp_10_recall@20': tensor(0.0399), 'ndcg@20': tensor(0.0156), 'recall@20': tensor(0.0399), 'train_loss_0': tensor(0.1719, device='cuda:0')}
[2026-02-05 15:40:09] INFO training_time: 6719.156197071075
[2026-02-05 15:40:09] INFO inference_time: 81.22663497924805
[2026-02-05 15:41:46] INFO {'epoch': 67, 'yelp_10_ndcg@20': tensor(0.0160), 'yelp_10_recall@20': tensor(0.0410), 'ndcg@20': tensor(0.0160), 'recall@20': tensor(0.0410), 'train_loss_0': tensor(0.1705, device='cuda:0')}
[2026-02-05 15:41:46] INFO training_time: 6815.709445953369
[2026-02-05 15:41:46] INFO inference_time: 82.48321747779846
[2026-02-05 15:43:14] INFO {'epoch': 68, 'yelp_10_ndcg@20': tensor(0.0157), 'yelp_10_recall@20': tensor(0.0394), 'ndcg@20': tensor(0.0157), 'recall@20': tensor(0.0394), 'train_loss_0': tensor(0.1697, device='cuda:0')}
[2026-02-05 15:43:14] INFO training_time: 6902.164028167725
[2026-02-05 15:43:14] INFO inference_time: 83.4662778377533
[2026-02-05 15:44:42] INFO {'epoch': 69, 'yelp_10_ndcg@20': tensor(0.0160), 'yelp_10_recall@20': tensor(0.0405), 'ndcg@20': tensor(0.0160), 'recall@20': tensor(0.0405), 'train_loss_0': tensor(0.1701, device='cuda:0')}
[2026-02-05 15:44:42] INFO training_time: 6989.013654232025
[2026-02-05 15:44:42] INFO inference_time: 84.73259997367859
[2026-02-05 15:46:10] INFO {'epoch': 70, 'yelp_10_ndcg@20': tensor(0.0155), 'yelp_10_recall@20': tensor(0.0395), 'ndcg@20': tensor(0.0155), 'recall@20': tensor(0.0395), 'train_loss_0': tensor(0.1691, device='cuda:0')}
[2026-02-05 15:46:10] INFO training_time: 7075.923686265945
[2026-02-05 15:46:10] INFO inference_time: 86.17517638206482
[2026-02-05 15:47:39] INFO {'epoch': 71, 'yelp_10_ndcg@20': tensor(0.0156), 'yelp_10_recall@20': tensor(0.0398), 'ndcg@20': tensor(0.0156), 'recall@20': tensor(0.0398), 'train_loss_0': tensor(0.1696, device='cuda:0')}
[2026-02-05 15:47:39] INFO training_time: 7163.422917366028
[2026-02-05 15:47:39] INFO inference_time: 87.33556699752808
[2026-02-05 15:49:07] INFO {'epoch': 72, 'yelp_10_ndcg@20': tensor(0.0159), 'yelp_10_recall@20': tensor(0.0405), 'ndcg@20': tensor(0.0159), 'recall@20': tensor(0.0405), 'train_loss_0': tensor(0.1689, device='cuda:0')}
[2026-02-05 15:49:07] INFO training_time: 7249.8792951107025
[2026-02-05 15:49:07] INFO inference_time: 88.70287942886353
[2026-02-05 15:50:35] INFO {'epoch': 73, 'yelp_10_ndcg@20': tensor(0.0156), 'yelp_10_recall@20': tensor(0.0403), 'ndcg@20': tensor(0.0156), 'recall@20': tensor(0.0403), 'train_loss_0': tensor(0.1688, device='cuda:0')}
[2026-02-05 15:50:35] INFO training_time: 7337.165335893631
[2026-02-05 15:50:35] INFO inference_time: 89.77452731132507
[2026-02-05 15:52:05] INFO {'epoch': 74, 'yelp_10_ndcg@20': tensor(0.0154), 'yelp_10_recall@20': tensor(0.0405), 'ndcg@20': tensor(0.0154), 'recall@20': tensor(0.0405), 'train_loss_0': tensor(0.1687, device='cuda:0')}
[2026-02-05 15:52:05] INFO training_time: 7425.218364715576
[2026-02-05 15:52:05] INFO inference_time: 91.09270238876343
[2026-02-05 15:53:33] INFO {'epoch': 75, 'yelp_10_ndcg@20': tensor(0.0161), 'yelp_10_recall@20': tensor(0.0415), 'ndcg@20': tensor(0.0161), 'recall@20': tensor(0.0415), 'train_loss_0': tensor(0.1678, device='cuda:0')}
[2026-02-05 15:53:33] INFO training_time: 7512.830948114395
[2026-02-05 15:53:33] INFO inference_time: 92.33725905418396
[2026-02-05 15:55:01] INFO {'epoch': 76, 'yelp_10_ndcg@20': tensor(0.0156), 'yelp_10_recall@20': tensor(0.0410), 'ndcg@20': tensor(0.0156), 'recall@20': tensor(0.0410), 'train_loss_0': tensor(0.1676, device='cuda:0')}
[2026-02-05 15:55:01] INFO training_time: 7599.730609416962
[2026-02-05 15:55:01] INFO inference_time: 93.46428275108337
[2026-02-05 15:56:30] INFO {'epoch': 77, 'yelp_10_ndcg@20': tensor(0.0159), 'yelp_10_recall@20': tensor(0.0407), 'ndcg@20': tensor(0.0159), 'recall@20': tensor(0.0407), 'train_loss_0': tensor(0.1671, device='cuda:0')}
[2026-02-05 15:56:30] INFO training_time: 7687.227524518967
[2026-02-05 15:56:30] INFO inference_time: 94.61239194869995
[2026-02-05 15:57:59] INFO {'epoch': 78, 'yelp_10_ndcg@20': tensor(0.0159), 'yelp_10_recall@20': tensor(0.0414), 'ndcg@20': tensor(0.0159), 'recall@20': tensor(0.0414), 'train_loss_0': tensor(0.1667, device='cuda:0')}
[2026-02-05 15:57:59] INFO training_time: 7774.552170991898
[2026-02-05 15:57:59] INFO inference_time: 95.92111110687256
[2026-02-05 15:59:26] INFO {'epoch': 79, 'yelp_10_ndcg@20': tensor(0.0155), 'yelp_10_recall@20': tensor(0.0406), 'ndcg@20': tensor(0.0155), 'recall@20': tensor(0.0406), 'train_loss_0': tensor(0.1668, device='cuda:0')}
[2026-02-05 15:59:26] INFO training_time: 7860.924401760101
[2026-02-05 15:59:26] INFO inference_time: 96.90104651451111
[2026-02-05 16:00:54] INFO {'epoch': 80, 'yelp_10_ndcg@20': tensor(0.0158), 'yelp_10_recall@20': tensor(0.0410), 'ndcg@20': tensor(0.0158), 'recall@20': tensor(0.0410), 'train_loss_0': tensor(0.1669, device='cuda:0')}
[2026-02-05 16:00:54] INFO training_time: 7947.741177082062
[2026-02-05 16:00:54] INFO inference_time: 98.43974137306213
[2026-02-05 16:02:22] INFO {'epoch': 81, 'yelp_10_ndcg@20': tensor(0.0153), 'yelp_10_recall@20': tensor(0.0395), 'ndcg@20': tensor(0.0153), 'recall@20': tensor(0.0395), 'train_loss_0': tensor(0.1664, device='cuda:0')}
[2026-02-05 16:02:22] INFO training_time: 8034.494895458221
[2026-02-05 16:02:22] INFO inference_time: 99.49729061126709
[2026-02-05 16:02:22] INFO Early stopped. Since the metric ndcg@20 haven't been improved for 20 epochs.
[2026-02-05 16:02:22] INFO The best score of ndcg@20 is 0.0165 on epoch 61
[2026-02-05 16:02:22] INFO Best model checkpoint saved in saved/MetaModel/noisy_10/2026-02-05-13-46-36-834143.ckpt.
[2026-02-05 16:02:23] INFO defaultdict(<class 'float'>, {'yelp_10_ndcg@20': tensor(0.0152), 'yelp_10_recall@20': tensor(0.0379), 'yelp_10_ndcg@10': tensor(0.0113), 'yelp_10_recall@10': tensor(0.0223), 'ndcg@20': tensor(0.0152), 'recall@20': tensor(0.0379), 'ndcg@10': tensor(0.0113), 'recall@10': tensor(0.0223)})
