[2026-02-05 16:01:35] INFO PID of this process: 629736
[2026-02-05 16:01:44] INFO {'model': {'embed_dim': 64, 'loss_fn': 'bce', 'sub_model': 'SASRec', 'hidden_size': 128, 'layer_num': 2, 'head_num': 2, 'dropout_rate': 0.5, 'activation': 'gelu', 'tau_min': 1, 'layer_norm_eps': 1e-12, 'model': 'MetaModel'}, 'data': {'domain_name_list': ['yelp_10'], 'user_threshold': 5, 'item_threshold': 5, 'max_seq_len': 50, 'dataset_class': 'general', 'train_file': '_regen', 'dataset': 'noisy_10'}, 'train': {'batch_size': 256, 'early_stop_mode': 'max', 'early_stop_patience': 20, 'epochs': 1000, 'device': 'cuda', 'optimizer': 'adam', 'learning_rate': 0.001, 'weight_decay': 0, 'num_neg': 1, 'seed': 2028, 'interval': 30, 'meta_optimizer': 'sgd', 'meta_learning_rate': 0.001, 'hpo_learning_rate': 0.001, 'meta_weight_decay': 0.001, 'descent_step': 30, 'warmup_epoch': 10}, 'eval': {'batch_size': 2048, 'cutoff': [20, 10], 'val_metrics': ['ndcg', 'recall'], 'test_metrics': ['ndcg', 'recall'], 'topk': 100, 'save_path': './saved/'}}
[2026-02-05 16:01:44] INFO <data.dataset.SeparateDataset object at 0x7f63d01961f0>
[2026-02-05 16:01:44] INFO save_dir:saved
[2026-02-05 16:01:44] INFO {'model': {'embed_dim': 64, 'loss_fn': 'bce', 'hidden_size': 128, 'layer_num': 2, 'head_num': 2, 'dropout_rate': 0.5, 'activation': 'gelu', 'layer_norm_eps': 1e-12, 'model': 'SASRec'}, 'data': {'domain_name_list': ['yelp_10'], 'user_threshold': 5, 'item_threshold': 5, 'max_seq_len': 50, 'dataset_class': 'general', 'train_file': '_regen', 'dataset': 'noisy_10'}, 'train': {'batch_size': 256, 'early_stop_mode': 'max', 'early_stop_patience': 20, 'epochs': 1000, 'device': 0, 'optimizer': 'adam', 'learning_rate': 0.001, 'weight_decay': 0, 'num_neg': 1, 'seed': 2028}, 'eval': {'batch_size': 2048, 'cutoff': [20, 10], 'val_metrics': ['ndcg', 'recall'], 'test_metrics': ['ndcg', 'recall'], 'topk': 100, 'save_path': './saved/'}}
[2026-02-05 16:01:45] INFO MetaModel(
  (item_embedding): Embedding(20034, 64, padding_idx=0)
  (sub_model): SASRec(
    (item_embedding): Embedding(20034, 64, padding_idx=0)
    (query_encoder): SASRecQueryEncoder(
      (item_encoder): Embedding(20034, 64, padding_idx=0)
      (position_emb): Embedding(50, 64)
      (transformer_layer): TransformerEncoder(
        (layers): ModuleList(
          (0): TransformerEncoderLayer(
            (self_attn): MultiheadAttention(
              (out_proj): NonDynamicallyQuantizableLinear(in_features=64, out_features=64, bias=True)
            )
            (linear1): Linear(in_features=64, out_features=128, bias=True)
            (dropout): Dropout(p=0.5, inplace=False)
            (linear2): Linear(in_features=128, out_features=64, bias=True)
            (norm1): LayerNorm((64,), eps=1e-12, elementwise_affine=True)
            (norm2): LayerNorm((64,), eps=1e-12, elementwise_affine=True)
            (dropout1): Dropout(p=0.5, inplace=False)
            (dropout2): Dropout(p=0.5, inplace=False)
          )
          (1): TransformerEncoderLayer(
            (self_attn): MultiheadAttention(
              (out_proj): NonDynamicallyQuantizableLinear(in_features=64, out_features=64, bias=True)
            )
            (linear1): Linear(in_features=64, out_features=128, bias=True)
            (dropout): Dropout(p=0.5, inplace=False)
            (linear2): Linear(in_features=128, out_features=64, bias=True)
            (norm1): LayerNorm((64,), eps=1e-12, elementwise_affine=True)
            (norm2): LayerNorm((64,), eps=1e-12, elementwise_affine=True)
            (dropout1): Dropout(p=0.5, inplace=False)
            (dropout2): Dropout(p=0.5, inplace=False)
          )
        )
      )
      (dropout): Dropout(p=0.5, inplace=False)
      (training_pooling_layer): SeqPoolingLayer()
      (eval_pooling_layer): SeqPoolingLayer()
    )
    (loss_fn): BinaryCrossEntropyLoss()
  )
  (meta_module): Sequential(
    (0): Linear(in_features=64, out_features=64, bias=True)
    (1): ReLU()
    (2): Linear(in_features=64, out_features=2, bias=True)
  )
)
[2026-02-05 16:02:55] INFO {'epoch': 0, 'yelp_10_ndcg@20': tensor(0.0035), 'yelp_10_recall@20': tensor(0.0100), 'ndcg@20': tensor(0.0035), 'recall@20': tensor(0.0100), 'train_loss_0': tensor(1.1491, device='cuda:0')}
[2026-02-05 16:02:55] INFO training_time: 68.59960532188416
[2026-02-05 16:02:55] INFO inference_time: 1.5959985256195068
[2026-02-05 16:02:55] INFO ndcg@20 improved. Best value: 0.0035
[2026-02-05 16:02:55] INFO Best model checkpoint saved in saved/MetaModel/noisy_10/2026-02-05-16-01-35-834811.ckpt.
[2026-02-05 16:04:04] INFO {'epoch': 1, 'yelp_10_ndcg@20': tensor(0.0085), 'yelp_10_recall@20': tensor(0.0245), 'ndcg@20': tensor(0.0085), 'recall@20': tensor(0.0245), 'train_loss_0': tensor(0.8890, device='cuda:0')}
[2026-02-05 16:04:04] INFO training_time: 137.07032322883606
[2026-02-05 16:04:04] INFO inference_time: 2.8137035369873047
[2026-02-05 16:04:04] INFO ndcg@20 improved. Best value: 0.0085
[2026-02-05 16:04:04] INFO Best model checkpoint saved in saved/MetaModel/noisy_10/2026-02-05-16-01-35-834811.ckpt.
[2026-02-05 16:05:14] INFO {'epoch': 2, 'yelp_10_ndcg@20': tensor(0.0114), 'yelp_10_recall@20': tensor(0.0313), 'ndcg@20': tensor(0.0114), 'recall@20': tensor(0.0313), 'train_loss_0': tensor(0.7378, device='cuda:0')}
[2026-02-05 16:05:14] INFO training_time: 205.62058472633362
[2026-02-05 16:05:14] INFO inference_time: 4.081876754760742
[2026-02-05 16:05:14] INFO ndcg@20 improved. Best value: 0.0114
[2026-02-05 16:05:14] INFO Best model checkpoint saved in saved/MetaModel/noisy_10/2026-02-05-16-01-35-834811.ckpt.
[2026-02-05 16:07:18] INFO {'epoch': 3, 'yelp_10_ndcg@20': tensor(0.0120), 'yelp_10_recall@20': tensor(0.0329), 'ndcg@20': tensor(0.0120), 'recall@20': tensor(0.0329), 'train_loss_0': tensor(0.6611, device='cuda:0')}
[2026-02-05 16:07:18] INFO training_time: 327.82441806793213
[2026-02-05 16:07:18] INFO inference_time: 5.27864146232605
[2026-02-05 16:07:18] INFO ndcg@20 improved. Best value: 0.0120
[2026-02-05 16:07:18] INFO Best model checkpoint saved in saved/MetaModel/noisy_10/2026-02-05-16-01-35-834811.ckpt.
[2026-02-05 16:09:21] INFO {'epoch': 4, 'yelp_10_ndcg@20': tensor(0.0142), 'yelp_10_recall@20': tensor(0.0360), 'ndcg@20': tensor(0.0142), 'recall@20': tensor(0.0360), 'train_loss_0': tensor(0.6029, device='cuda:0')}
[2026-02-05 16:09:21] INFO training_time: 449.6272294521332
[2026-02-05 16:09:21] INFO inference_time: 6.517658948898315
[2026-02-05 16:09:21] INFO ndcg@20 improved. Best value: 0.0142
[2026-02-05 16:09:21] INFO Best model checkpoint saved in saved/MetaModel/noisy_10/2026-02-05-16-01-35-834811.ckpt.
[2026-02-05 16:11:24] INFO {'epoch': 5, 'yelp_10_ndcg@20': tensor(0.0147), 'yelp_10_recall@20': tensor(0.0374), 'ndcg@20': tensor(0.0147), 'recall@20': tensor(0.0374), 'train_loss_0': tensor(0.5614, device='cuda:0')}
[2026-02-05 16:11:24] INFO training_time: 571.141931772232
[2026-02-05 16:11:24] INFO inference_time: 7.736844301223755
[2026-02-05 16:11:24] INFO ndcg@20 improved. Best value: 0.0147
[2026-02-05 16:11:24] INFO Best model checkpoint saved in saved/MetaModel/noisy_10/2026-02-05-16-01-35-834811.ckpt.
[2026-02-05 16:13:20] INFO {'epoch': 6, 'yelp_10_ndcg@20': tensor(0.0153), 'yelp_10_recall@20': tensor(0.0381), 'ndcg@20': tensor(0.0153), 'recall@20': tensor(0.0381), 'train_loss_0': tensor(0.5313, device='cuda:0')}
[2026-02-05 16:13:20] INFO training_time: 686.4154891967773
[2026-02-05 16:13:20] INFO inference_time: 8.740556716918945
[2026-02-05 16:13:20] INFO ndcg@20 improved. Best value: 0.0153
[2026-02-05 16:13:20] INFO Best model checkpoint saved in saved/MetaModel/noisy_10/2026-02-05-16-01-35-834811.ckpt.
[2026-02-05 16:14:31] INFO {'epoch': 7, 'yelp_10_ndcg@20': tensor(0.0151), 'yelp_10_recall@20': tensor(0.0388), 'ndcg@20': tensor(0.0151), 'recall@20': tensor(0.0388), 'train_loss_0': tensor(0.5067, device='cuda:0')}
[2026-02-05 16:14:31] INFO training_time: 756.0083229541779
[2026-02-05 16:14:31] INFO inference_time: 10.024743556976318
[2026-02-05 16:15:40] INFO {'epoch': 8, 'yelp_10_ndcg@20': tensor(0.0152), 'yelp_10_recall@20': tensor(0.0396), 'ndcg@20': tensor(0.0152), 'recall@20': tensor(0.0396), 'train_loss_0': tensor(0.4908, device='cuda:0')}
[2026-02-05 16:15:40] INFO training_time: 823.9673607349396
[2026-02-05 16:15:40] INFO inference_time: 11.203744173049927
[2026-02-05 16:16:50] INFO {'epoch': 9, 'yelp_10_ndcg@20': tensor(0.0150), 'yelp_10_recall@20': tensor(0.0390), 'ndcg@20': tensor(0.0150), 'recall@20': tensor(0.0390), 'train_loss_0': tensor(0.4739, device='cuda:0')}
[2026-02-05 16:16:50] INFO training_time: 893.1439843177795
[2026-02-05 16:16:50] INFO inference_time: 12.239539861679077
[2026-02-05 16:17:58] INFO {'epoch': 10, 'yelp_10_ndcg@20': tensor(0.0147), 'yelp_10_recall@20': tensor(0.0372), 'ndcg@20': tensor(0.0147), 'recall@20': tensor(0.0372), 'train_loss_0': tensor(0.4633, device='cuda:0')}
[2026-02-05 16:17:58] INFO training_time: 959.9013454914093
[2026-02-05 16:17:58] INFO inference_time: 13.8201322555542
[2026-02-05 16:19:33] INFO {'epoch': 11, 'yelp_10_ndcg@20': tensor(0.0157), 'yelp_10_recall@20': tensor(0.0392), 'ndcg@20': tensor(0.0157), 'recall@20': tensor(0.0392), 'train_loss_0': tensor(0.2260, device='cuda:0')}
[2026-02-05 16:19:33] INFO training_time: 1052.824857711792
[2026-02-05 16:19:33] INFO inference_time: 15.20888876914978
[2026-02-05 16:19:33] INFO ndcg@20 improved. Best value: 0.0157
[2026-02-05 16:19:33] INFO Best model checkpoint saved in saved/MetaModel/noisy_10/2026-02-05-16-01-35-834811.ckpt.
[2026-02-05 16:21:08] INFO {'epoch': 12, 'yelp_10_ndcg@20': tensor(0.0157), 'yelp_10_recall@20': tensor(0.0390), 'ndcg@20': tensor(0.0157), 'recall@20': tensor(0.0390), 'train_loss_0': tensor(0.2188, device='cuda:0')}
[2026-02-05 16:21:08] INFO training_time: 1146.375724554062
[2026-02-05 16:21:08] INFO inference_time: 16.392770051956177
[2026-02-05 16:21:08] INFO ndcg@20 improved. Best value: 0.0157
[2026-02-05 16:21:08] INFO Best model checkpoint saved in saved/MetaModel/noisy_10/2026-02-05-16-01-35-834811.ckpt.
[2026-02-05 16:22:43] INFO {'epoch': 13, 'yelp_10_ndcg@20': tensor(0.0158), 'yelp_10_recall@20': tensor(0.0394), 'ndcg@20': tensor(0.0158), 'recall@20': tensor(0.0394), 'train_loss_0': tensor(0.2172, device='cuda:0')}
[2026-02-05 16:22:43] INFO training_time: 1240.6718294620514
[2026-02-05 16:22:43] INFO inference_time: 17.559529304504395
[2026-02-05 16:22:43] INFO ndcg@20 improved. Best value: 0.0158
[2026-02-05 16:22:43] INFO Best model checkpoint saved in saved/MetaModel/noisy_10/2026-02-05-16-01-35-834811.ckpt.
[2026-02-05 16:24:19] INFO {'epoch': 14, 'yelp_10_ndcg@20': tensor(0.0154), 'yelp_10_recall@20': tensor(0.0393), 'ndcg@20': tensor(0.0154), 'recall@20': tensor(0.0393), 'train_loss_0': tensor(0.2167, device='cuda:0')}
[2026-02-05 16:24:19] INFO training_time: 1335.3278243541718
[2026-02-05 16:24:19] INFO inference_time: 18.739380598068237
[2026-02-05 16:25:53] INFO {'epoch': 15, 'yelp_10_ndcg@20': tensor(0.0150), 'yelp_10_recall@20': tensor(0.0380), 'ndcg@20': tensor(0.0150), 'recall@20': tensor(0.0380), 'train_loss_0': tensor(0.2155, device='cuda:0')}
[2026-02-05 16:25:54] INFO training_time: 1428.757009267807
[2026-02-05 16:25:54] INFO inference_time: 19.88599395751953
[2026-02-05 16:27:28] INFO {'epoch': 16, 'yelp_10_ndcg@20': tensor(0.0145), 'yelp_10_recall@20': tensor(0.0368), 'ndcg@20': tensor(0.0145), 'recall@20': tensor(0.0368), 'train_loss_0': tensor(0.2135, device='cuda:0')}
[2026-02-05 16:27:28] INFO training_time: 1522.373483657837
[2026-02-05 16:27:28] INFO inference_time: 20.986632823944092
[2026-02-05 16:29:04] INFO {'epoch': 17, 'yelp_10_ndcg@20': tensor(0.0149), 'yelp_10_recall@20': tensor(0.0375), 'ndcg@20': tensor(0.0149), 'recall@20': tensor(0.0375), 'train_loss_0': tensor(0.2132, device='cuda:0')}
[2026-02-05 16:29:04] INFO training_time: 1616.8761005401611
[2026-02-05 16:29:04] INFO inference_time: 21.995135068893433
[2026-02-05 16:30:41] INFO {'epoch': 18, 'yelp_10_ndcg@20': tensor(0.0155), 'yelp_10_recall@20': tensor(0.0391), 'ndcg@20': tensor(0.0155), 'recall@20': tensor(0.0391), 'train_loss_0': tensor(0.2119, device='cuda:0')}
[2026-02-05 16:30:41] INFO training_time: 1712.4969635009766
[2026-02-05 16:30:41] INFO inference_time: 23.314865827560425
[2026-02-05 16:32:15] INFO {'epoch': 19, 'yelp_10_ndcg@20': tensor(0.0149), 'yelp_10_recall@20': tensor(0.0387), 'ndcg@20': tensor(0.0149), 'recall@20': tensor(0.0387), 'train_loss_0': tensor(0.2094, device='cuda:0')}
[2026-02-05 16:32:15] INFO training_time: 1805.6098222732544
[2026-02-05 16:32:15] INFO inference_time: 24.458210945129395
[2026-02-05 16:33:49] INFO {'epoch': 20, 'yelp_10_ndcg@20': tensor(0.0154), 'yelp_10_recall@20': tensor(0.0393), 'ndcg@20': tensor(0.0154), 'recall@20': tensor(0.0393), 'train_loss_0': tensor(0.2077, device='cuda:0')}
[2026-02-05 16:33:49] INFO training_time: 1898.0159800052643
[2026-02-05 16:33:49] INFO inference_time: 25.780982732772827
[2026-02-05 16:35:23] INFO {'epoch': 21, 'yelp_10_ndcg@20': tensor(0.0147), 'yelp_10_recall@20': tensor(0.0376), 'ndcg@20': tensor(0.0147), 'recall@20': tensor(0.0376), 'train_loss_0': tensor(0.2063, device='cuda:0')}
[2026-02-05 16:35:23] INFO training_time: 1990.6050910949707
[2026-02-05 16:35:23] INFO inference_time: 27.01892328262329
[2026-02-05 16:36:57] INFO {'epoch': 22, 'yelp_10_ndcg@20': tensor(0.0148), 'yelp_10_recall@20': tensor(0.0379), 'ndcg@20': tensor(0.0148), 'recall@20': tensor(0.0379), 'train_loss_0': tensor(0.2036, device='cuda:0')}
[2026-02-05 16:36:57] INFO training_time: 2083.9881892204285
[2026-02-05 16:36:57] INFO inference_time: 28.397751092910767
[2026-02-05 16:38:30] INFO {'epoch': 23, 'yelp_10_ndcg@20': tensor(0.0147), 'yelp_10_recall@20': tensor(0.0371), 'ndcg@20': tensor(0.0147), 'recall@20': tensor(0.0371), 'train_loss_0': tensor(0.2027, device='cuda:0')}
[2026-02-05 16:38:30] INFO training_time: 2175.5495052337646
[2026-02-05 16:38:30] INFO inference_time: 29.744380474090576
[2026-02-05 16:40:05] INFO {'epoch': 24, 'yelp_10_ndcg@20': tensor(0.0150), 'yelp_10_recall@20': tensor(0.0386), 'ndcg@20': tensor(0.0150), 'recall@20': tensor(0.0386), 'train_loss_0': tensor(0.2009, device='cuda:0')}
[2026-02-05 16:40:05] INFO training_time: 2269.30233001709
[2026-02-05 16:40:05] INFO inference_time: 31.15944480895996
[2026-02-05 16:41:40] INFO {'epoch': 25, 'yelp_10_ndcg@20': tensor(0.0156), 'yelp_10_recall@20': tensor(0.0397), 'ndcg@20': tensor(0.0156), 'recall@20': tensor(0.0397), 'train_loss_0': tensor(0.2001, device='cuda:0')}
[2026-02-05 16:41:40] INFO training_time: 2362.429344892502
[2026-02-05 16:41:40] INFO inference_time: 32.167370557785034
[2026-02-05 16:43:11] INFO {'epoch': 26, 'yelp_10_ndcg@20': tensor(0.0157), 'yelp_10_recall@20': tensor(0.0400), 'ndcg@20': tensor(0.0157), 'recall@20': tensor(0.0400), 'train_loss_0': tensor(0.1988, device='cuda:0')}
[2026-02-05 16:43:11] INFO training_time: 2452.8849968910217
[2026-02-05 16:43:11] INFO inference_time: 33.44820976257324
[2026-02-05 16:44:44] INFO {'epoch': 27, 'yelp_10_ndcg@20': tensor(0.0150), 'yelp_10_recall@20': tensor(0.0389), 'ndcg@20': tensor(0.0150), 'recall@20': tensor(0.0389), 'train_loss_0': tensor(0.1969, device='cuda:0')}
[2026-02-05 16:44:44] INFO training_time: 2544.816210269928
[2026-02-05 16:44:44] INFO inference_time: 34.59403157234192
[2026-02-05 16:46:19] INFO {'epoch': 28, 'yelp_10_ndcg@20': tensor(0.0152), 'yelp_10_recall@20': tensor(0.0385), 'ndcg@20': tensor(0.0152), 'recall@20': tensor(0.0385), 'train_loss_0': tensor(0.1961, device='cuda:0')}
[2026-02-05 16:46:19] INFO training_time: 2637.7862508296967
[2026-02-05 16:46:19] INFO inference_time: 35.82622194290161
[2026-02-05 16:47:50] INFO {'epoch': 29, 'yelp_10_ndcg@20': tensor(0.0153), 'yelp_10_recall@20': tensor(0.0397), 'ndcg@20': tensor(0.0153), 'recall@20': tensor(0.0397), 'train_loss_0': tensor(0.1944, device='cuda:0')}
[2026-02-05 16:47:50] INFO training_time: 2728.223413705826
[2026-02-05 16:47:50] INFO inference_time: 37.115206241607666
[2026-02-05 16:49:24] INFO {'epoch': 30, 'yelp_10_ndcg@20': tensor(0.0150), 'yelp_10_recall@20': tensor(0.0390), 'ndcg@20': tensor(0.0150), 'recall@20': tensor(0.0390), 'train_loss_0': tensor(0.1930, device='cuda:0')}
[2026-02-05 16:49:24] INFO training_time: 2820.370507478714
[2026-02-05 16:49:24] INFO inference_time: 38.31304359436035
[2026-02-05 16:50:54] INFO {'epoch': 31, 'yelp_10_ndcg@20': tensor(0.0156), 'yelp_10_recall@20': tensor(0.0401), 'ndcg@20': tensor(0.0156), 'recall@20': tensor(0.0401), 'train_loss_0': tensor(0.1921, device='cuda:0')}
[2026-02-05 16:50:54] INFO training_time: 2909.9316272735596
[2026-02-05 16:50:54] INFO inference_time: 39.542550563812256
[2026-02-05 16:52:28] INFO {'epoch': 32, 'yelp_10_ndcg@20': tensor(0.0154), 'yelp_10_recall@20': tensor(0.0396), 'ndcg@20': tensor(0.0154), 'recall@20': tensor(0.0396), 'train_loss_0': tensor(0.1914, device='cuda:0')}
[2026-02-05 16:52:28] INFO training_time: 3002.6151309013367
[2026-02-05 16:52:28] INFO inference_time: 40.834859132766724
[2026-02-05 16:54:00] INFO {'epoch': 33, 'yelp_10_ndcg@20': tensor(0.0156), 'yelp_10_recall@20': tensor(0.0400), 'ndcg@20': tensor(0.0156), 'recall@20': tensor(0.0400), 'train_loss_0': tensor(0.1907, device='cuda:0')}
[2026-02-05 16:54:00] INFO training_time: 3093.159566640854
[2026-02-05 16:54:01] INFO inference_time: 42.30057406425476
[2026-02-05 16:54:01] INFO Early stopped. Since the metric ndcg@20 haven't been improved for 20 epochs.
[2026-02-05 16:54:01] INFO The best score of ndcg@20 is 0.0158 on epoch 13
[2026-02-05 16:54:01] INFO Best model checkpoint saved in saved/MetaModel/noisy_10/2026-02-05-16-01-35-834811.ckpt.
[2026-02-05 16:54:02] INFO defaultdict(<class 'float'>, {'yelp_10_ndcg@20': tensor(0.0137), 'yelp_10_recall@20': tensor(0.0352), 'yelp_10_ndcg@10': tensor(0.0101), 'yelp_10_recall@10': tensor(0.0206), 'ndcg@20': tensor(0.0137), 'recall@20': tensor(0.0352), 'ndcg@10': tensor(0.0101), 'recall@10': tensor(0.0206)})
