[2026-01-22 11:31:44] INFO PID of this process: 1965876
[2026-01-22 11:31:50] INFO {'model': {'embed_dim': 64, 'loss_fn': 'bce', 'hidden_size': 128, 'layer_num': 2, 'head_num': 2, 'dropout_rate': 0.5, 'activation': 'gelu', 'layer_norm_eps': 1e-12, 'model': 'SASRec'}, 'data': {'domain_name_list': ['beauty_10'], 'user_threshold': 5, 'item_threshold': 5, 'max_seq_len': 50, 'dataset_class': 'general', 'train_file': '_regen', 'dataset': 'noisy_10'}, 'train': {'batch_size': 256, 'early_stop_mode': 'max', 'early_stop_patience': 20, 'epochs': 1000, 'device': 'cuda', 'optimizer': 'adam', 'learning_rate': 0.001, 'weight_decay': 0, 'num_neg': 1, 'seed': 2027}, 'eval': {'batch_size': 2048, 'cutoff': [20, 10], 'val_metrics': ['ndcg', 'recall'], 'test_metrics': ['ndcg', 'recall'], 'topk': 100, 'save_path': './saved/'}}
[2026-01-22 11:31:50] INFO <data.dataset.SeparateDataset object at 0x7fbd8ef631f0>
[2026-01-22 11:31:50] INFO save_dir:saved
[2026-01-22 11:31:50] INFO SASRec(
  (item_embedding): Embedding(12102, 64, padding_idx=0)
  (query_encoder): SASRecQueryEncoder(
    (item_encoder): Embedding(12102, 64, padding_idx=0)
    (position_emb): Embedding(50, 64)
    (transformer_layer): TransformerEncoder(
      (layers): ModuleList(
        (0): TransformerEncoderLayer(
          (self_attn): MultiheadAttention(
            (out_proj): NonDynamicallyQuantizableLinear(in_features=64, out_features=64, bias=True)
          )
          (linear1): Linear(in_features=64, out_features=128, bias=True)
          (dropout): Dropout(p=0.5, inplace=False)
          (linear2): Linear(in_features=128, out_features=64, bias=True)
          (norm1): LayerNorm((64,), eps=1e-12, elementwise_affine=True)
          (norm2): LayerNorm((64,), eps=1e-12, elementwise_affine=True)
          (dropout1): Dropout(p=0.5, inplace=False)
          (dropout2): Dropout(p=0.5, inplace=False)
        )
        (1): TransformerEncoderLayer(
          (self_attn): MultiheadAttention(
            (out_proj): NonDynamicallyQuantizableLinear(in_features=64, out_features=64, bias=True)
          )
          (linear1): Linear(in_features=64, out_features=128, bias=True)
          (dropout): Dropout(p=0.5, inplace=False)
          (linear2): Linear(in_features=128, out_features=64, bias=True)
          (norm1): LayerNorm((64,), eps=1e-12, elementwise_affine=True)
          (norm2): LayerNorm((64,), eps=1e-12, elementwise_affine=True)
          (dropout1): Dropout(p=0.5, inplace=False)
          (dropout2): Dropout(p=0.5, inplace=False)
        )
      )
    )
    (dropout): Dropout(p=0.5, inplace=False)
    (training_pooling_layer): SeqPoolingLayer()
    (eval_pooling_layer): SeqPoolingLayer()
  )
  (loss_fn): BinaryCrossEntropyLoss()
)
[2026-01-22 11:32:49] INFO {'epoch': 0, 'beauty_10_ndcg@20': tensor(0.0126), 'beauty_10_recall@20': tensor(0.0305), 'ndcg@20': tensor(0.0126), 'recall@20': tensor(0.0305), 'train_loss_0': tensor(1.1770, device='cuda:0')}
[2026-01-22 11:32:49] INFO training_time: 58.21218252182007
[2026-01-22 11:32:49] INFO inference_time: 1.208033800125122
[2026-01-22 11:32:49] INFO ndcg@20 improved. Best value: 0.0126
[2026-01-22 11:32:49] INFO Best model checkpoint saved in saved/SASRec/noisy_10/2026-01-22-11-31-44-214675.ckpt.
[2026-01-22 11:34:04] INFO {'epoch': 1, 'beauty_10_ndcg@20': tensor(0.0153), 'beauty_10_recall@20': tensor(0.0384), 'ndcg@20': tensor(0.0153), 'recall@20': tensor(0.0384), 'train_loss_0': tensor(1.0043, device='cuda:0')}
[2026-01-22 11:34:04] INFO training_time: 132.623703956604
[2026-01-22 11:34:04] INFO inference_time: 1.9014623165130615
[2026-01-22 11:34:04] INFO ndcg@20 improved. Best value: 0.0153
[2026-01-22 11:34:04] INFO Best model checkpoint saved in saved/SASRec/noisy_10/2026-01-22-11-31-44-214675.ckpt.
[2026-01-22 11:35:20] INFO {'epoch': 2, 'beauty_10_ndcg@20': tensor(0.0202), 'beauty_10_recall@20': tensor(0.0519), 'ndcg@20': tensor(0.0202), 'recall@20': tensor(0.0519), 'train_loss_0': tensor(0.8965, device='cuda:0')}
[2026-01-22 11:35:20] INFO training_time: 207.30933046340942
[2026-01-22 11:35:20] INFO inference_time: 2.7009403705596924
[2026-01-22 11:35:20] INFO ndcg@20 improved. Best value: 0.0202
[2026-01-22 11:35:20] INFO Best model checkpoint saved in saved/SASRec/noisy_10/2026-01-22-11-31-44-214675.ckpt.
[2026-01-22 11:36:35] INFO {'epoch': 3, 'beauty_10_ndcg@20': tensor(0.0231), 'beauty_10_recall@20': tensor(0.0569), 'ndcg@20': tensor(0.0231), 'recall@20': tensor(0.0569), 'train_loss_0': tensor(0.8056, device='cuda:0')}
[2026-01-22 11:36:35] INFO training_time: 282.0390660762787
[2026-01-22 11:36:35] INFO inference_time: 3.385258674621582
[2026-01-22 11:36:35] INFO ndcg@20 improved. Best value: 0.0231
[2026-01-22 11:36:35] INFO Best model checkpoint saved in saved/SASRec/noisy_10/2026-01-22-11-31-44-214675.ckpt.
[2026-01-22 11:37:51] INFO {'epoch': 4, 'beauty_10_ndcg@20': tensor(0.0264), 'beauty_10_recall@20': tensor(0.0626), 'ndcg@20': tensor(0.0264), 'recall@20': tensor(0.0626), 'train_loss_0': tensor(0.7348, device='cuda:0')}
[2026-01-22 11:37:51] INFO training_time: 356.75721883773804
[2026-01-22 11:37:51] INFO inference_time: 4.183293342590332
[2026-01-22 11:37:51] INFO ndcg@20 improved. Best value: 0.0264
[2026-01-22 11:37:51] INFO Best model checkpoint saved in saved/SASRec/noisy_10/2026-01-22-11-31-44-214675.ckpt.
[2026-01-22 11:39:06] INFO {'epoch': 5, 'beauty_10_ndcg@20': tensor(0.0294), 'beauty_10_recall@20': tensor(0.0690), 'ndcg@20': tensor(0.0294), 'recall@20': tensor(0.0690), 'train_loss_0': tensor(0.6826, device='cuda:0')}
[2026-01-22 11:39:06] INFO training_time: 430.97740173339844
[2026-01-22 11:39:06] INFO inference_time: 5.053432941436768
[2026-01-22 11:39:06] INFO ndcg@20 improved. Best value: 0.0294
[2026-01-22 11:39:06] INFO Best model checkpoint saved in saved/SASRec/noisy_10/2026-01-22-11-31-44-214675.ckpt.
[2026-01-22 11:40:21] INFO {'epoch': 6, 'beauty_10_ndcg@20': tensor(0.0299), 'beauty_10_recall@20': tensor(0.0714), 'ndcg@20': tensor(0.0299), 'recall@20': tensor(0.0714), 'train_loss_0': tensor(0.6428, device='cuda:0')}
[2026-01-22 11:40:21] INFO training_time: 505.1332256793976
[2026-01-22 11:40:21] INFO inference_time: 5.8057146072387695
[2026-01-22 11:40:21] INFO ndcg@20 improved. Best value: 0.0299
[2026-01-22 11:40:21] INFO Best model checkpoint saved in saved/SASRec/noisy_10/2026-01-22-11-31-44-214675.ckpt.
[2026-01-22 11:41:36] INFO {'epoch': 7, 'beauty_10_ndcg@20': tensor(0.0307), 'beauty_10_recall@20': tensor(0.0722), 'ndcg@20': tensor(0.0307), 'recall@20': tensor(0.0722), 'train_loss_0': tensor(0.6117, device='cuda:0')}
[2026-01-22 11:41:36] INFO training_time: 579.3990705013275
[2026-01-22 11:41:36] INFO inference_time: 6.506850957870483
[2026-01-22 11:41:36] INFO ndcg@20 improved. Best value: 0.0307
[2026-01-22 11:41:36] INFO Best model checkpoint saved in saved/SASRec/noisy_10/2026-01-22-11-31-44-214675.ckpt.
[2026-01-22 11:42:51] INFO {'epoch': 8, 'beauty_10_ndcg@20': tensor(0.0316), 'beauty_10_recall@20': tensor(0.0732), 'ndcg@20': tensor(0.0316), 'recall@20': tensor(0.0732), 'train_loss_0': tensor(0.5890, device='cuda:0')}
[2026-01-22 11:42:51] INFO training_time: 653.6463544368744
[2026-01-22 11:42:51] INFO inference_time: 7.239606618881226
[2026-01-22 11:42:51] INFO ndcg@20 improved. Best value: 0.0316
[2026-01-22 11:42:51] INFO Best model checkpoint saved in saved/SASRec/noisy_10/2026-01-22-11-31-44-214675.ckpt.
[2026-01-22 11:44:05] INFO {'epoch': 9, 'beauty_10_ndcg@20': tensor(0.0327), 'beauty_10_recall@20': tensor(0.0766), 'ndcg@20': tensor(0.0327), 'recall@20': tensor(0.0766), 'train_loss_0': tensor(0.5694, device='cuda:0')}
[2026-01-22 11:44:05] INFO training_time: 727.1458926200867
[2026-01-22 11:44:05] INFO inference_time: 8.288387775421143
[2026-01-22 11:44:05] INFO ndcg@20 improved. Best value: 0.0327
[2026-01-22 11:44:05] INFO Best model checkpoint saved in saved/SASRec/noisy_10/2026-01-22-11-31-44-214675.ckpt.
[2026-01-22 11:45:19] INFO {'epoch': 10, 'beauty_10_ndcg@20': tensor(0.0328), 'beauty_10_recall@20': tensor(0.0772), 'ndcg@20': tensor(0.0328), 'recall@20': tensor(0.0772), 'train_loss_0': tensor(0.5552, device='cuda:0')}
[2026-01-22 11:45:19] INFO training_time: 800.2279527187347
[2026-01-22 11:45:19] INFO inference_time: 9.327707767486572
[2026-01-22 11:45:19] INFO ndcg@20 improved. Best value: 0.0328
[2026-01-22 11:45:19] INFO Best model checkpoint saved in saved/SASRec/noisy_10/2026-01-22-11-31-44-214675.ckpt.
[2026-01-22 11:46:33] INFO {'epoch': 11, 'beauty_10_ndcg@20': tensor(0.0332), 'beauty_10_recall@20': tensor(0.0788), 'ndcg@20': tensor(0.0332), 'recall@20': tensor(0.0788), 'train_loss_0': tensor(0.5426, device='cuda:0')}
[2026-01-22 11:46:33] INFO training_time: 872.7580461502075
[2026-01-22 11:46:33] INFO inference_time: 10.22191834449768
[2026-01-22 11:46:33] INFO ndcg@20 improved. Best value: 0.0332
[2026-01-22 11:46:33] INFO Best model checkpoint saved in saved/SASRec/noisy_10/2026-01-22-11-31-44-214675.ckpt.
[2026-01-22 11:47:47] INFO {'epoch': 12, 'beauty_10_ndcg@20': tensor(0.0343), 'beauty_10_recall@20': tensor(0.0792), 'ndcg@20': tensor(0.0343), 'recall@20': tensor(0.0792), 'train_loss_0': tensor(0.5331, device='cuda:0')}
[2026-01-22 11:47:47] INFO training_time: 945.6967496871948
[2026-01-22 11:47:47] INFO inference_time: 11.155642032623291
[2026-01-22 11:47:47] INFO ndcg@20 improved. Best value: 0.0343
[2026-01-22 11:47:47] INFO Best model checkpoint saved in saved/SASRec/noisy_10/2026-01-22-11-31-44-214675.ckpt.
[2026-01-22 11:49:00] INFO {'epoch': 13, 'beauty_10_ndcg@20': tensor(0.0338), 'beauty_10_recall@20': tensor(0.0786), 'ndcg@20': tensor(0.0338), 'recall@20': tensor(0.0786), 'train_loss_0': tensor(0.5236, device='cuda:0')}
[2026-01-22 11:49:00] INFO training_time: 1018.466260433197
[2026-01-22 11:49:00] INFO inference_time: 11.94960904121399
[2026-01-22 11:50:13] INFO {'epoch': 14, 'beauty_10_ndcg@20': tensor(0.0343), 'beauty_10_recall@20': tensor(0.0795), 'ndcg@20': tensor(0.0343), 'recall@20': tensor(0.0795), 'train_loss_0': tensor(0.5143, device='cuda:0')}
[2026-01-22 11:50:13] INFO training_time: 1090.7256615161896
[2026-01-22 11:50:13] INFO inference_time: 12.695655107498169
[2026-01-22 11:51:26] INFO {'epoch': 15, 'beauty_10_ndcg@20': tensor(0.0352), 'beauty_10_recall@20': tensor(0.0819), 'ndcg@20': tensor(0.0352), 'recall@20': tensor(0.0819), 'train_loss_0': tensor(0.5045, device='cuda:0')}
[2026-01-22 11:51:26] INFO training_time: 1162.6593449115753
[2026-01-22 11:51:26] INFO inference_time: 13.669417142868042
[2026-01-22 11:51:26] INFO ndcg@20 improved. Best value: 0.0352
[2026-01-22 11:51:26] INFO Best model checkpoint saved in saved/SASRec/noisy_10/2026-01-22-11-31-44-214675.ckpt.
[2026-01-22 11:52:39] INFO {'epoch': 16, 'beauty_10_ndcg@20': tensor(0.0361), 'beauty_10_recall@20': tensor(0.0814), 'ndcg@20': tensor(0.0361), 'recall@20': tensor(0.0814), 'train_loss_0': tensor(0.5028, device='cuda:0')}
[2026-01-22 11:52:39] INFO training_time: 1234.5338778495789
[2026-01-22 11:52:39] INFO inference_time: 14.59653902053833
[2026-01-22 11:52:39] INFO ndcg@20 improved. Best value: 0.0361
[2026-01-22 11:52:39] INFO Best model checkpoint saved in saved/SASRec/noisy_10/2026-01-22-11-31-44-214675.ckpt.
[2026-01-22 11:53:53] INFO {'epoch': 17, 'beauty_10_ndcg@20': tensor(0.0344), 'beauty_10_recall@20': tensor(0.0802), 'ndcg@20': tensor(0.0344), 'recall@20': tensor(0.0802), 'train_loss_0': tensor(0.4974, device='cuda:0')}
[2026-01-22 11:53:53] INFO training_time: 1306.9903881549835
[2026-01-22 11:53:53] INFO inference_time: 15.592612981796265
[2026-01-22 11:55:06] INFO {'epoch': 18, 'beauty_10_ndcg@20': tensor(0.0336), 'beauty_10_recall@20': tensor(0.0785), 'ndcg@20': tensor(0.0336), 'recall@20': tensor(0.0785), 'train_loss_0': tensor(0.4908, device='cuda:0')}
[2026-01-22 11:55:06] INFO training_time: 1379.1144337654114
[2026-01-22 11:55:06] INFO inference_time: 16.523739337921143
[2026-01-22 11:56:18] INFO {'epoch': 19, 'beauty_10_ndcg@20': tensor(0.0338), 'beauty_10_recall@20': tensor(0.0774), 'ndcg@20': tensor(0.0338), 'recall@20': tensor(0.0774), 'train_loss_0': tensor(0.4851, device='cuda:0')}
[2026-01-22 11:56:18] INFO training_time: 1451.0881311893463
[2026-01-22 11:56:18] INFO inference_time: 17.325453281402588
[2026-01-22 11:57:32] INFO {'epoch': 20, 'beauty_10_ndcg@20': tensor(0.0353), 'beauty_10_recall@20': tensor(0.0804), 'ndcg@20': tensor(0.0353), 'recall@20': tensor(0.0804), 'train_loss_0': tensor(0.4788, device='cuda:0')}
[2026-01-22 11:57:32] INFO training_time: 1523.2931141853333
[2026-01-22 11:57:32] INFO inference_time: 18.449101209640503
[2026-01-22 11:58:45] INFO {'epoch': 21, 'beauty_10_ndcg@20': tensor(0.0348), 'beauty_10_recall@20': tensor(0.0799), 'ndcg@20': tensor(0.0348), 'recall@20': tensor(0.0799), 'train_loss_0': tensor(0.4786, device='cuda:0')}
[2026-01-22 11:58:45] INFO training_time: 1595.5005781650543
[2026-01-22 11:58:45] INFO inference_time: 19.15756058692932
[2026-01-22 11:59:58] INFO {'epoch': 22, 'beauty_10_ndcg@20': tensor(0.0349), 'beauty_10_recall@20': tensor(0.0811), 'ndcg@20': tensor(0.0349), 'recall@20': tensor(0.0811), 'train_loss_0': tensor(0.4734, device='cuda:0')}
[2026-01-22 11:59:58] INFO training_time: 1668.2612841129303
[2026-01-22 11:59:58] INFO inference_time: 19.849218368530273
[2026-01-22 12:01:11] INFO {'epoch': 23, 'beauty_10_ndcg@20': tensor(0.0347), 'beauty_10_recall@20': tensor(0.0807), 'ndcg@20': tensor(0.0347), 'recall@20': tensor(0.0807), 'train_loss_0': tensor(0.4679, device='cuda:0')}
[2026-01-22 12:01:11] INFO training_time: 1740.4948542118073
[2026-01-22 12:01:11] INFO inference_time: 20.635825157165527
[2026-01-22 12:02:24] INFO {'epoch': 24, 'beauty_10_ndcg@20': tensor(0.0353), 'beauty_10_recall@20': tensor(0.0817), 'ndcg@20': tensor(0.0353), 'recall@20': tensor(0.0817), 'train_loss_0': tensor(0.4668, device='cuda:0')}
[2026-01-22 12:02:24] INFO training_time: 1812.7487087249756
[2026-01-22 12:02:24] INFO inference_time: 21.32308292388916
[2026-01-22 12:03:37] INFO {'epoch': 25, 'beauty_10_ndcg@20': tensor(0.0352), 'beauty_10_recall@20': tensor(0.0809), 'ndcg@20': tensor(0.0352), 'recall@20': tensor(0.0809), 'train_loss_0': tensor(0.4593, device='cuda:0')}
[2026-01-22 12:03:37] INFO training_time: 1884.8983914852142
[2026-01-22 12:03:37] INFO inference_time: 22.05469012260437
[2026-01-22 12:04:50] INFO {'epoch': 26, 'beauty_10_ndcg@20': tensor(0.0355), 'beauty_10_recall@20': tensor(0.0822), 'ndcg@20': tensor(0.0355), 'recall@20': tensor(0.0822), 'train_loss_0': tensor(0.4604, device='cuda:0')}
[2026-01-22 12:04:50] INFO training_time: 1956.9683179855347
[2026-01-22 12:04:50] INFO inference_time: 22.843477964401245
[2026-01-22 12:06:03] INFO {'epoch': 27, 'beauty_10_ndcg@20': tensor(0.0361), 'beauty_10_recall@20': tensor(0.0832), 'ndcg@20': tensor(0.0361), 'recall@20': tensor(0.0832), 'train_loss_0': tensor(0.4583, device='cuda:0')}
[2026-01-22 12:06:03] INFO training_time: 2028.9206671714783
[2026-01-22 12:06:03] INFO inference_time: 23.579198360443115
[2026-01-22 12:07:15] INFO {'epoch': 28, 'beauty_10_ndcg@20': tensor(0.0358), 'beauty_10_recall@20': tensor(0.0832), 'ndcg@20': tensor(0.0358), 'recall@20': tensor(0.0832), 'train_loss_0': tensor(0.4524, device='cuda:0')}
[2026-01-22 12:07:15] INFO training_time: 2100.9236493110657
[2026-01-22 12:07:15] INFO inference_time: 24.34115242958069
[2026-01-22 12:08:29] INFO {'epoch': 29, 'beauty_10_ndcg@20': tensor(0.0360), 'beauty_10_recall@20': tensor(0.0834), 'ndcg@20': tensor(0.0360), 'recall@20': tensor(0.0834), 'train_loss_0': tensor(0.4514, device='cuda:0')}
[2026-01-22 12:08:29] INFO training_time: 2173.530498981476
[2026-01-22 12:08:29] INFO inference_time: 25.016998529434204
[2026-01-22 12:09:42] INFO {'epoch': 30, 'beauty_10_ndcg@20': tensor(0.0363), 'beauty_10_recall@20': tensor(0.0825), 'ndcg@20': tensor(0.0363), 'recall@20': tensor(0.0825), 'train_loss_0': tensor(0.4507, device='cuda:0')}
[2026-01-22 12:09:42] INFO training_time: 2245.9039916992188
[2026-01-22 12:09:42] INFO inference_time: 26.24955654144287
[2026-01-22 12:09:42] INFO ndcg@20 improved. Best value: 0.0363
[2026-01-22 12:09:42] INFO Best model checkpoint saved in saved/SASRec/noisy_10/2026-01-22-11-31-44-214675.ckpt.
[2026-01-22 12:10:56] INFO {'epoch': 31, 'beauty_10_ndcg@20': tensor(0.0356), 'beauty_10_recall@20': tensor(0.0827), 'ndcg@20': tensor(0.0356), 'recall@20': tensor(0.0827), 'train_loss_0': tensor(0.4455, device='cuda:0')}
[2026-01-22 12:10:56] INFO training_time: 2318.4386060237885
[2026-01-22 12:10:56] INFO inference_time: 27.05454921722412
[2026-01-22 12:12:09] INFO {'epoch': 32, 'beauty_10_ndcg@20': tensor(0.0360), 'beauty_10_recall@20': tensor(0.0833), 'ndcg@20': tensor(0.0360), 'recall@20': tensor(0.0833), 'train_loss_0': tensor(0.4457, device='cuda:0')}
[2026-01-22 12:12:09] INFO training_time: 2390.6100928783417
[2026-01-22 12:12:09] INFO inference_time: 27.781023502349854
[2026-01-22 12:13:22] INFO {'epoch': 33, 'beauty_10_ndcg@20': tensor(0.0359), 'beauty_10_recall@20': tensor(0.0830), 'ndcg@20': tensor(0.0359), 'recall@20': tensor(0.0830), 'train_loss_0': tensor(0.4415, device='cuda:0')}
[2026-01-22 12:13:22] INFO training_time: 2462.8322854042053
[2026-01-22 12:13:22] INFO inference_time: 28.533942222595215
[2026-01-22 12:14:34] INFO {'epoch': 34, 'beauty_10_ndcg@20': tensor(0.0369), 'beauty_10_recall@20': tensor(0.0841), 'ndcg@20': tensor(0.0369), 'recall@20': tensor(0.0841), 'train_loss_0': tensor(0.4403, device='cuda:0')}
[2026-01-22 12:14:34] INFO training_time: 2534.9266748428345
[2026-01-22 12:14:34] INFO inference_time: 29.288806676864624
[2026-01-22 12:14:34] INFO ndcg@20 improved. Best value: 0.0369
[2026-01-22 12:14:34] INFO Best model checkpoint saved in saved/SASRec/noisy_10/2026-01-22-11-31-44-214675.ckpt.
[2026-01-22 12:15:47] INFO {'epoch': 35, 'beauty_10_ndcg@20': tensor(0.0354), 'beauty_10_recall@20': tensor(0.0834), 'ndcg@20': tensor(0.0354), 'recall@20': tensor(0.0834), 'train_loss_0': tensor(0.4388, device='cuda:0')}
[2026-01-22 12:15:47] INFO training_time: 2607.0258848667145
[2026-01-22 12:15:47] INFO inference_time: 30.03419327735901
[2026-01-22 12:17:00] INFO {'epoch': 36, 'beauty_10_ndcg@20': tensor(0.0362), 'beauty_10_recall@20': tensor(0.0837), 'ndcg@20': tensor(0.0362), 'recall@20': tensor(0.0837), 'train_loss_0': tensor(0.4376, device='cuda:0')}
[2026-01-22 12:17:00] INFO training_time: 2679.322459936142
[2026-01-22 12:17:00] INFO inference_time: 30.7167227268219
[2026-01-22 12:18:13] INFO {'epoch': 37, 'beauty_10_ndcg@20': tensor(0.0367), 'beauty_10_recall@20': tensor(0.0863), 'ndcg@20': tensor(0.0367), 'recall@20': tensor(0.0863), 'train_loss_0': tensor(0.4355, device='cuda:0')}
[2026-01-22 12:18:13] INFO training_time: 2751.41357254982
[2026-01-22 12:18:13] INFO inference_time: 31.454428672790527
[2026-01-22 12:19:26] INFO {'epoch': 38, 'beauty_10_ndcg@20': tensor(0.0361), 'beauty_10_recall@20': tensor(0.0831), 'ndcg@20': tensor(0.0361), 'recall@20': tensor(0.0831), 'train_loss_0': tensor(0.4346, device='cuda:0')}
[2026-01-22 12:19:26] INFO training_time: 2823.585811138153
[2026-01-22 12:19:26] INFO inference_time: 32.41230273246765
[2026-01-22 12:20:40] INFO {'epoch': 39, 'beauty_10_ndcg@20': tensor(0.0365), 'beauty_10_recall@20': tensor(0.0832), 'ndcg@20': tensor(0.0365), 'recall@20': tensor(0.0832), 'train_loss_0': tensor(0.4303, device='cuda:0')}
[2026-01-22 12:20:40] INFO training_time: 2896.1847372055054
[2026-01-22 12:20:40] INFO inference_time: 33.19030523300171
[2026-01-22 12:21:53] INFO {'epoch': 40, 'beauty_10_ndcg@20': tensor(0.0367), 'beauty_10_recall@20': tensor(0.0840), 'ndcg@20': tensor(0.0367), 'recall@20': tensor(0.0840), 'train_loss_0': tensor(0.4290, device='cuda:0')}
[2026-01-22 12:21:53] INFO training_time: 2968.4090979099274
[2026-01-22 12:21:53] INFO inference_time: 34.10651206970215
[2026-01-22 12:23:06] INFO {'epoch': 41, 'beauty_10_ndcg@20': tensor(0.0360), 'beauty_10_recall@20': tensor(0.0840), 'ndcg@20': tensor(0.0360), 'recall@20': tensor(0.0840), 'train_loss_0': tensor(0.4254, device='cuda:0')}
[2026-01-22 12:23:06] INFO training_time: 3040.7548303604126
[2026-01-22 12:23:06] INFO inference_time: 34.859262228012085
[2026-01-22 12:24:19] INFO {'epoch': 42, 'beauty_10_ndcg@20': tensor(0.0357), 'beauty_10_recall@20': tensor(0.0829), 'ndcg@20': tensor(0.0357), 'recall@20': tensor(0.0829), 'train_loss_0': tensor(0.4263, device='cuda:0')}
[2026-01-22 12:24:19] INFO training_time: 3112.8593106269836
[2026-01-22 12:24:19] INFO inference_time: 35.86698508262634
[2026-01-22 12:25:32] INFO {'epoch': 43, 'beauty_10_ndcg@20': tensor(0.0360), 'beauty_10_recall@20': tensor(0.0838), 'ndcg@20': tensor(0.0360), 'recall@20': tensor(0.0838), 'train_loss_0': tensor(0.4226, device='cuda:0')}
[2026-01-22 12:25:32] INFO training_time: 3184.8608577251434
[2026-01-22 12:25:32] INFO inference_time: 36.63080096244812
[2026-01-22 12:26:45] INFO {'epoch': 44, 'beauty_10_ndcg@20': tensor(0.0361), 'beauty_10_recall@20': tensor(0.0833), 'ndcg@20': tensor(0.0361), 'recall@20': tensor(0.0833), 'train_loss_0': tensor(0.4233, device='cuda:0')}
[2026-01-22 12:26:45] INFO training_time: 3257.0143613815308
[2026-01-22 12:26:45] INFO inference_time: 37.663034200668335
[2026-01-22 12:27:58] INFO {'epoch': 45, 'beauty_10_ndcg@20': tensor(0.0356), 'beauty_10_recall@20': tensor(0.0825), 'ndcg@20': tensor(0.0356), 'recall@20': tensor(0.0825), 'train_loss_0': tensor(0.4232, device='cuda:0')}
[2026-01-22 12:27:58] INFO training_time: 3329.260702610016
[2026-01-22 12:27:58] INFO inference_time: 38.47142958641052
[2026-01-22 12:29:11] INFO {'epoch': 46, 'beauty_10_ndcg@20': tensor(0.0351), 'beauty_10_recall@20': tensor(0.0820), 'ndcg@20': tensor(0.0351), 'recall@20': tensor(0.0820), 'train_loss_0': tensor(0.4182, device='cuda:0')}
[2026-01-22 12:29:11] INFO training_time: 3401.4978382587433
[2026-01-22 12:29:11] INFO inference_time: 39.188870429992676
[2026-01-22 12:30:24] INFO {'epoch': 47, 'beauty_10_ndcg@20': tensor(0.0355), 'beauty_10_recall@20': tensor(0.0813), 'ndcg@20': tensor(0.0355), 'recall@20': tensor(0.0813), 'train_loss_0': tensor(0.4176, device='cuda:0')}
[2026-01-22 12:30:24] INFO training_time: 3473.7552523612976
[2026-01-22 12:30:24] INFO inference_time: 39.96609377861023
[2026-01-22 12:31:37] INFO {'epoch': 48, 'beauty_10_ndcg@20': tensor(0.0361), 'beauty_10_recall@20': tensor(0.0830), 'ndcg@20': tensor(0.0361), 'recall@20': tensor(0.0830), 'train_loss_0': tensor(0.4203, device='cuda:0')}
[2026-01-22 12:31:37] INFO training_time: 3546.0383162498474
[2026-01-22 12:31:37] INFO inference_time: 40.76073360443115
[2026-01-22 12:32:50] INFO {'epoch': 49, 'beauty_10_ndcg@20': tensor(0.0369), 'beauty_10_recall@20': tensor(0.0850), 'ndcg@20': tensor(0.0369), 'recall@20': tensor(0.0850), 'train_loss_0': tensor(0.4141, device='cuda:0')}
[2026-01-22 12:32:50] INFO training_time: 3618.5791800022125
[2026-01-22 12:32:50] INFO inference_time: 41.53573441505432
[2026-01-22 12:34:04] INFO {'epoch': 50, 'beauty_10_ndcg@20': tensor(0.0363), 'beauty_10_recall@20': tensor(0.0833), 'ndcg@20': tensor(0.0363), 'recall@20': tensor(0.0833), 'train_loss_0': tensor(0.4148, device='cuda:0')}
[2026-01-22 12:34:04] INFO training_time: 3691.016082763672
[2026-01-22 12:34:04] INFO inference_time: 42.46806287765503
[2026-01-22 12:35:17] INFO {'epoch': 51, 'beauty_10_ndcg@20': tensor(0.0357), 'beauty_10_recall@20': tensor(0.0838), 'ndcg@20': tensor(0.0357), 'recall@20': tensor(0.0838), 'train_loss_0': tensor(0.4153, device='cuda:0')}
[2026-01-22 12:35:17] INFO training_time: 3763.1091890335083
[2026-01-22 12:35:17] INFO inference_time: 43.16722750663757
[2026-01-22 12:36:30] INFO {'epoch': 52, 'beauty_10_ndcg@20': tensor(0.0353), 'beauty_10_recall@20': tensor(0.0808), 'ndcg@20': tensor(0.0353), 'recall@20': tensor(0.0808), 'train_loss_0': tensor(0.4109, device='cuda:0')}
[2026-01-22 12:36:30] INFO training_time: 3835.28253865242
[2026-01-22 12:36:30] INFO inference_time: 43.93365836143494
[2026-01-22 12:37:42] INFO {'epoch': 53, 'beauty_10_ndcg@20': tensor(0.0362), 'beauty_10_recall@20': tensor(0.0845), 'ndcg@20': tensor(0.0362), 'recall@20': tensor(0.0845), 'train_loss_0': tensor(0.4141, device='cuda:0')}
[2026-01-22 12:37:42] INFO training_time: 3907.237211227417
[2026-01-22 12:37:42] INFO inference_time: 44.69110321998596
[2026-01-22 12:38:55] INFO {'epoch': 54, 'beauty_10_ndcg@20': tensor(0.0368), 'beauty_10_recall@20': tensor(0.0849), 'ndcg@20': tensor(0.0368), 'recall@20': tensor(0.0849), 'train_loss_0': tensor(0.4078, device='cuda:0')}
[2026-01-22 12:38:55] INFO training_time: 3979.2684710025787
[2026-01-22 12:38:55] INFO inference_time: 45.394688844680786
[2026-01-22 12:38:55] INFO Early stopped. Since the metric ndcg@20 haven't been improved for 20 epochs.
[2026-01-22 12:38:55] INFO The best score of ndcg@20 is 0.0369 on epoch 34
[2026-01-22 12:38:55] INFO Best model checkpoint saved in saved/SASRec/noisy_10/2026-01-22-11-31-44-214675.ckpt.
[2026-01-22 12:38:56] INFO defaultdict(<class 'float'>, {'beauty_10_ndcg@20': tensor(0.0279), 'beauty_10_recall@20': tensor(0.0647), 'beauty_10_ndcg@10': tensor(0.0223), 'beauty_10_recall@10': tensor(0.0427), 'ndcg@20': tensor(0.0279), 'recall@20': tensor(0.0647), 'ndcg@10': tensor(0.0223), 'recall@10': tensor(0.0427)})
