[2026-02-06 11:22:00] INFO PID of this process: 2962458
[2026-02-06 11:22:05] INFO {'model': {'embed_dim': 64, 'loss_fn': 'bce', 'hidden_size': 128, 'layer_num': 2, 'head_num': 2, 'dropout_rate': 0.5, 'activation': 'gelu', 'layer_norm_eps': 1e-12, 'model': 'SASRec'}, 'data': {'domain_name_list': ['beauty_10'], 'user_threshold': 5, 'item_threshold': 5, 'max_seq_len': 50, 'dataset_class': 'general', 'train_file': '_ori', 'dataset': 'noisy_10'}, 'train': {'batch_size': 256, 'early_stop_mode': 'max', 'early_stop_patience': 20, 'epochs': 1000, 'device': 'cuda', 'optimizer': 'adam', 'learning_rate': 0.001, 'weight_decay': 0, 'num_neg': 1, 'seed': 2027}, 'eval': {'batch_size': 2048, 'cutoff': [20, 10], 'val_metrics': ['ndcg', 'recall'], 'test_metrics': ['ndcg', 'recall'], 'topk': 100, 'save_path': './saved/'}}
[2026-02-06 11:22:05] INFO <data.dataset.SeparateDataset object at 0x7fa95a3261f0>
[2026-02-06 11:22:05] INFO save_dir:saved
[2026-02-06 11:22:05] INFO SASRec(
  (item_embedding): Embedding(12102, 64, padding_idx=0)
  (query_encoder): SASRecQueryEncoder(
    (item_encoder): Embedding(12102, 64, padding_idx=0)
    (position_emb): Embedding(50, 64)
    (transformer_layer): TransformerEncoder(
      (layers): ModuleList(
        (0): TransformerEncoderLayer(
          (self_attn): MultiheadAttention(
            (out_proj): NonDynamicallyQuantizableLinear(in_features=64, out_features=64, bias=True)
          )
          (linear1): Linear(in_features=64, out_features=128, bias=True)
          (dropout): Dropout(p=0.5, inplace=False)
          (linear2): Linear(in_features=128, out_features=64, bias=True)
          (norm1): LayerNorm((64,), eps=1e-12, elementwise_affine=True)
          (norm2): LayerNorm((64,), eps=1e-12, elementwise_affine=True)
          (dropout1): Dropout(p=0.5, inplace=False)
          (dropout2): Dropout(p=0.5, inplace=False)
        )
        (1): TransformerEncoderLayer(
          (self_attn): MultiheadAttention(
            (out_proj): NonDynamicallyQuantizableLinear(in_features=64, out_features=64, bias=True)
          )
          (linear1): Linear(in_features=64, out_features=128, bias=True)
          (dropout): Dropout(p=0.5, inplace=False)
          (linear2): Linear(in_features=128, out_features=64, bias=True)
          (norm1): LayerNorm((64,), eps=1e-12, elementwise_affine=True)
          (norm2): LayerNorm((64,), eps=1e-12, elementwise_affine=True)
          (dropout1): Dropout(p=0.5, inplace=False)
          (dropout2): Dropout(p=0.5, inplace=False)
        )
      )
    )
    (dropout): Dropout(p=0.5, inplace=False)
    (training_pooling_layer): SeqPoolingLayer()
    (eval_pooling_layer): SeqPoolingLayer()
  )
  (loss_fn): BinaryCrossEntropyLoss()
)
[2026-02-06 11:22:18] INFO {'epoch': 0, 'beauty_10_ndcg@20': tensor(0.0095), 'beauty_10_recall@20': tensor(0.0236), 'ndcg@20': tensor(0.0095), 'recall@20': tensor(0.0236), 'train_loss_0': tensor(1.3244, device='cuda:0')}
[2026-02-06 11:22:18] INFO training_time: 11.821149110794067
[2026-02-06 11:22:18] INFO inference_time: 1.1113810539245605
[2026-02-06 11:22:18] INFO ndcg@20 improved. Best value: 0.0095
[2026-02-06 11:22:18] INFO Best model checkpoint saved in saved/SASRec/noisy_10/2026-02-06-11-22-00-976493.ckpt.
[2026-02-06 11:22:29] INFO {'epoch': 1, 'beauty_10_ndcg@20': tensor(0.0095), 'beauty_10_recall@20': tensor(0.0243), 'ndcg@20': tensor(0.0095), 'recall@20': tensor(0.0243), 'train_loss_0': tensor(1.2112, device='cuda:0')}
[2026-02-06 11:22:29] INFO training_time: 22.198912620544434
[2026-02-06 11:22:29] INFO inference_time: 1.907515287399292
[2026-02-06 11:22:29] INFO ndcg@20 improved. Best value: 0.0095
[2026-02-06 11:22:29] INFO Best model checkpoint saved in saved/SASRec/noisy_10/2026-02-06-11-22-00-976493.ckpt.
[2026-02-06 11:22:40] INFO {'epoch': 2, 'beauty_10_ndcg@20': tensor(0.0107), 'beauty_10_recall@20': tensor(0.0267), 'ndcg@20': tensor(0.0107), 'recall@20': tensor(0.0267), 'train_loss_0': tensor(1.1604, device='cuda:0')}
[2026-02-06 11:22:40] INFO training_time: 32.596781969070435
[2026-02-06 11:22:40] INFO inference_time: 2.6448490619659424
[2026-02-06 11:22:40] INFO ndcg@20 improved. Best value: 0.0107
[2026-02-06 11:22:40] INFO Best model checkpoint saved in saved/SASRec/noisy_10/2026-02-06-11-22-00-976493.ckpt.
[2026-02-06 11:22:51] INFO {'epoch': 3, 'beauty_10_ndcg@20': tensor(0.0112), 'beauty_10_recall@20': tensor(0.0288), 'ndcg@20': tensor(0.0112), 'recall@20': tensor(0.0288), 'train_loss_0': tensor(1.1076, device='cuda:0')}
[2026-02-06 11:22:51] INFO training_time: 43.054622411727905
[2026-02-06 11:22:51] INFO inference_time: 3.3713951110839844
[2026-02-06 11:22:51] INFO ndcg@20 improved. Best value: 0.0112
[2026-02-06 11:22:51] INFO Best model checkpoint saved in saved/SASRec/noisy_10/2026-02-06-11-22-00-976493.ckpt.
[2026-02-06 11:23:02] INFO {'epoch': 4, 'beauty_10_ndcg@20': tensor(0.0131), 'beauty_10_recall@20': tensor(0.0311), 'ndcg@20': tensor(0.0131), 'recall@20': tensor(0.0311), 'train_loss_0': tensor(1.0614, device='cuda:0')}
[2026-02-06 11:23:02] INFO training_time: 53.42946982383728
[2026-02-06 11:23:02] INFO inference_time: 4.138209104537964
[2026-02-06 11:23:02] INFO ndcg@20 improved. Best value: 0.0131
[2026-02-06 11:23:02] INFO Best model checkpoint saved in saved/SASRec/noisy_10/2026-02-06-11-22-00-976493.ckpt.
[2026-02-06 11:23:13] INFO {'epoch': 5, 'beauty_10_ndcg@20': tensor(0.0149), 'beauty_10_recall@20': tensor(0.0357), 'ndcg@20': tensor(0.0149), 'recall@20': tensor(0.0357), 'train_loss_0': tensor(1.0200, device='cuda:0')}
[2026-02-06 11:23:13] INFO training_time: 63.81588339805603
[2026-02-06 11:23:13] INFO inference_time: 4.843505620956421
[2026-02-06 11:23:13] INFO ndcg@20 improved. Best value: 0.0149
[2026-02-06 11:23:13] INFO Best model checkpoint saved in saved/SASRec/noisy_10/2026-02-06-11-22-00-976493.ckpt.
[2026-02-06 11:23:25] INFO {'epoch': 6, 'beauty_10_ndcg@20': tensor(0.0171), 'beauty_10_recall@20': tensor(0.0407), 'ndcg@20': tensor(0.0171), 'recall@20': tensor(0.0407), 'train_loss_0': tensor(0.9792, device='cuda:0')}
[2026-02-06 11:23:25] INFO training_time: 74.26845359802246
[2026-02-06 11:23:25] INFO inference_time: 5.562258958816528
[2026-02-06 11:23:25] INFO ndcg@20 improved. Best value: 0.0171
[2026-02-06 11:23:25] INFO Best model checkpoint saved in saved/SASRec/noisy_10/2026-02-06-11-22-00-976493.ckpt.
[2026-02-06 11:23:36] INFO {'epoch': 7, 'beauty_10_ndcg@20': tensor(0.0193), 'beauty_10_recall@20': tensor(0.0457), 'ndcg@20': tensor(0.0193), 'recall@20': tensor(0.0457), 'train_loss_0': tensor(0.9423, device='cuda:0')}
[2026-02-06 11:23:36] INFO training_time: 84.72020745277405
[2026-02-06 11:23:36] INFO inference_time: 6.43656849861145
[2026-02-06 11:23:36] INFO ndcg@20 improved. Best value: 0.0193
[2026-02-06 11:23:36] INFO Best model checkpoint saved in saved/SASRec/noisy_10/2026-02-06-11-22-00-976493.ckpt.
[2026-02-06 11:23:47] INFO {'epoch': 8, 'beauty_10_ndcg@20': tensor(0.0203), 'beauty_10_recall@20': tensor(0.0491), 'ndcg@20': tensor(0.0203), 'recall@20': tensor(0.0491), 'train_loss_0': tensor(0.9007, device='cuda:0')}
[2026-02-06 11:23:47] INFO training_time: 95.15640211105347
[2026-02-06 11:23:47] INFO inference_time: 7.3035924434661865
[2026-02-06 11:23:47] INFO ndcg@20 improved. Best value: 0.0203
[2026-02-06 11:23:47] INFO Best model checkpoint saved in saved/SASRec/noisy_10/2026-02-06-11-22-00-976493.ckpt.
[2026-02-06 11:23:59] INFO {'epoch': 9, 'beauty_10_ndcg@20': tensor(0.0208), 'beauty_10_recall@20': tensor(0.0511), 'ndcg@20': tensor(0.0208), 'recall@20': tensor(0.0511), 'train_loss_0': tensor(0.8676, device='cuda:0')}
[2026-02-06 11:23:59] INFO training_time: 105.55818915367126
[2026-02-06 11:23:59] INFO inference_time: 8.127027988433838
[2026-02-06 11:23:59] INFO ndcg@20 improved. Best value: 0.0208
[2026-02-06 11:23:59] INFO Best model checkpoint saved in saved/SASRec/noisy_10/2026-02-06-11-22-00-976493.ckpt.
[2026-02-06 11:24:10] INFO {'epoch': 10, 'beauty_10_ndcg@20': tensor(0.0217), 'beauty_10_recall@20': tensor(0.0542), 'ndcg@20': tensor(0.0217), 'recall@20': tensor(0.0542), 'train_loss_0': tensor(0.8372, device='cuda:0')}
[2026-02-06 11:24:10] INFO training_time: 116.10915517807007
[2026-02-06 11:24:10] INFO inference_time: 9.16234016418457
[2026-02-06 11:24:10] INFO ndcg@20 improved. Best value: 0.0217
[2026-02-06 11:24:10] INFO Best model checkpoint saved in saved/SASRec/noisy_10/2026-02-06-11-22-00-976493.ckpt.
[2026-02-06 11:24:21] INFO {'epoch': 11, 'beauty_10_ndcg@20': tensor(0.0232), 'beauty_10_recall@20': tensor(0.0571), 'ndcg@20': tensor(0.0232), 'recall@20': tensor(0.0571), 'train_loss_0': tensor(0.8030, device='cuda:0')}
[2026-02-06 11:24:21] INFO training_time: 126.52580142021179
[2026-02-06 11:24:21] INFO inference_time: 9.900116205215454
[2026-02-06 11:24:21] INFO ndcg@20 improved. Best value: 0.0232
[2026-02-06 11:24:21] INFO Best model checkpoint saved in saved/SASRec/noisy_10/2026-02-06-11-22-00-976493.ckpt.
[2026-02-06 11:24:32] INFO {'epoch': 12, 'beauty_10_ndcg@20': tensor(0.0249), 'beauty_10_recall@20': tensor(0.0605), 'ndcg@20': tensor(0.0249), 'recall@20': tensor(0.0605), 'train_loss_0': tensor(0.7765, device='cuda:0')}
[2026-02-06 11:24:32] INFO training_time: 136.89529156684875
[2026-02-06 11:24:32] INFO inference_time: 10.622375249862671
[2026-02-06 11:24:32] INFO ndcg@20 improved. Best value: 0.0249
[2026-02-06 11:24:32] INFO Best model checkpoint saved in saved/SASRec/noisy_10/2026-02-06-11-22-00-976493.ckpt.
[2026-02-06 11:24:44] INFO {'epoch': 13, 'beauty_10_ndcg@20': tensor(0.0248), 'beauty_10_recall@20': tensor(0.0609), 'ndcg@20': tensor(0.0248), 'recall@20': tensor(0.0609), 'train_loss_0': tensor(0.7501, device='cuda:0')}
[2026-02-06 11:24:44] INFO training_time: 147.29790496826172
[2026-02-06 11:24:44] INFO inference_time: 11.356812238693237
[2026-02-06 11:24:55] INFO {'epoch': 14, 'beauty_10_ndcg@20': tensor(0.0259), 'beauty_10_recall@20': tensor(0.0627), 'ndcg@20': tensor(0.0259), 'recall@20': tensor(0.0627), 'train_loss_0': tensor(0.7284, device='cuda:0')}
[2026-02-06 11:24:55] INFO training_time: 157.84238529205322
[2026-02-06 11:24:55] INFO inference_time: 12.078389883041382
[2026-02-06 11:24:55] INFO ndcg@20 improved. Best value: 0.0259
[2026-02-06 11:24:55] INFO Best model checkpoint saved in saved/SASRec/noisy_10/2026-02-06-11-22-00-976493.ckpt.
[2026-02-06 11:25:06] INFO {'epoch': 15, 'beauty_10_ndcg@20': tensor(0.0266), 'beauty_10_recall@20': tensor(0.0652), 'ndcg@20': tensor(0.0266), 'recall@20': tensor(0.0652), 'train_loss_0': tensor(0.7053, device='cuda:0')}
[2026-02-06 11:25:06] INFO training_time: 168.21515893936157
[2026-02-06 11:25:06] INFO inference_time: 12.862117290496826
[2026-02-06 11:25:06] INFO ndcg@20 improved. Best value: 0.0266
[2026-02-06 11:25:06] INFO Best model checkpoint saved in saved/SASRec/noisy_10/2026-02-06-11-22-00-976493.ckpt.
[2026-02-06 11:25:17] INFO {'epoch': 16, 'beauty_10_ndcg@20': tensor(0.0265), 'beauty_10_recall@20': tensor(0.0648), 'ndcg@20': tensor(0.0265), 'recall@20': tensor(0.0648), 'train_loss_0': tensor(0.6864, device='cuda:0')}
[2026-02-06 11:25:17] INFO training_time: 178.59943890571594
[2026-02-06 11:25:17] INFO inference_time: 13.586450099945068
[2026-02-06 11:25:28] INFO {'epoch': 17, 'beauty_10_ndcg@20': tensor(0.0278), 'beauty_10_recall@20': tensor(0.0692), 'ndcg@20': tensor(0.0278), 'recall@20': tensor(0.0692), 'train_loss_0': tensor(0.6709, device='cuda:0')}
[2026-02-06 11:25:28] INFO training_time: 189.0532946586609
[2026-02-06 11:25:28] INFO inference_time: 14.30469799041748
[2026-02-06 11:25:28] INFO ndcg@20 improved. Best value: 0.0278
[2026-02-06 11:25:28] INFO Best model checkpoint saved in saved/SASRec/noisy_10/2026-02-06-11-22-00-976493.ckpt.
[2026-02-06 11:25:39] INFO {'epoch': 18, 'beauty_10_ndcg@20': tensor(0.0286), 'beauty_10_recall@20': tensor(0.0698), 'ndcg@20': tensor(0.0286), 'recall@20': tensor(0.0698), 'train_loss_0': tensor(0.6546, device='cuda:0')}
[2026-02-06 11:25:39] INFO training_time: 199.42645716667175
[2026-02-06 11:25:39] INFO inference_time: 15.028036117553711
[2026-02-06 11:25:39] INFO ndcg@20 improved. Best value: 0.0286
[2026-02-06 11:25:39] INFO Best model checkpoint saved in saved/SASRec/noisy_10/2026-02-06-11-22-00-976493.ckpt.
[2026-02-06 11:25:51] INFO {'epoch': 19, 'beauty_10_ndcg@20': tensor(0.0287), 'beauty_10_recall@20': tensor(0.0702), 'ndcg@20': tensor(0.0287), 'recall@20': tensor(0.0702), 'train_loss_0': tensor(0.6396, device='cuda:0')}
[2026-02-06 11:25:51] INFO training_time: 209.841938495636
[2026-02-06 11:25:51] INFO inference_time: 15.848901271820068
[2026-02-06 11:25:51] INFO ndcg@20 improved. Best value: 0.0287
[2026-02-06 11:25:51] INFO Best model checkpoint saved in saved/SASRec/noisy_10/2026-02-06-11-22-00-976493.ckpt.
[2026-02-06 11:26:02] INFO {'epoch': 20, 'beauty_10_ndcg@20': tensor(0.0290), 'beauty_10_recall@20': tensor(0.0705), 'ndcg@20': tensor(0.0290), 'recall@20': tensor(0.0705), 'train_loss_0': tensor(0.6266, device='cuda:0')}
[2026-02-06 11:26:02] INFO training_time: 220.24330878257751
[2026-02-06 11:26:02] INFO inference_time: 16.939011096954346
[2026-02-06 11:26:02] INFO ndcg@20 improved. Best value: 0.0290
[2026-02-06 11:26:02] INFO Best model checkpoint saved in saved/SASRec/noisy_10/2026-02-06-11-22-00-976493.ckpt.
[2026-02-06 11:26:13] INFO {'epoch': 21, 'beauty_10_ndcg@20': tensor(0.0305), 'beauty_10_recall@20': tensor(0.0728), 'ndcg@20': tensor(0.0305), 'recall@20': tensor(0.0728), 'train_loss_0': tensor(0.6143, device='cuda:0')}
[2026-02-06 11:26:13] INFO training_time: 230.7529182434082
[2026-02-06 11:26:13] INFO inference_time: 17.664180040359497
[2026-02-06 11:26:13] INFO ndcg@20 improved. Best value: 0.0305
[2026-02-06 11:26:13] INFO Best model checkpoint saved in saved/SASRec/noisy_10/2026-02-06-11-22-00-976493.ckpt.
[2026-02-06 11:26:25] INFO {'epoch': 22, 'beauty_10_ndcg@20': tensor(0.0311), 'beauty_10_recall@20': tensor(0.0741), 'ndcg@20': tensor(0.0311), 'recall@20': tensor(0.0741), 'train_loss_0': tensor(0.6052, device='cuda:0')}
[2026-02-06 11:26:25] INFO training_time: 241.1445508003235
[2026-02-06 11:26:25] INFO inference_time: 18.39560103416443
[2026-02-06 11:26:25] INFO ndcg@20 improved. Best value: 0.0311
[2026-02-06 11:26:25] INFO Best model checkpoint saved in saved/SASRec/noisy_10/2026-02-06-11-22-00-976493.ckpt.
[2026-02-06 11:26:36] INFO {'epoch': 23, 'beauty_10_ndcg@20': tensor(0.0310), 'beauty_10_recall@20': tensor(0.0728), 'ndcg@20': tensor(0.0310), 'recall@20': tensor(0.0728), 'train_loss_0': tensor(0.5950, device='cuda:0')}
[2026-02-06 11:26:36] INFO training_time: 251.47282767295837
[2026-02-06 11:26:36] INFO inference_time: 19.113912105560303
[2026-02-06 11:26:47] INFO {'epoch': 24, 'beauty_10_ndcg@20': tensor(0.0309), 'beauty_10_recall@20': tensor(0.0722), 'ndcg@20': tensor(0.0309), 'recall@20': tensor(0.0722), 'train_loss_0': tensor(0.5839, device='cuda:0')}
[2026-02-06 11:26:47] INFO training_time: 261.8895950317383
[2026-02-06 11:26:47] INFO inference_time: 19.975592851638794
[2026-02-06 11:26:58] INFO {'epoch': 25, 'beauty_10_ndcg@20': tensor(0.0308), 'beauty_10_recall@20': tensor(0.0712), 'ndcg@20': tensor(0.0308), 'recall@20': tensor(0.0712), 'train_loss_0': tensor(0.5758, device='cuda:0')}
[2026-02-06 11:26:58] INFO training_time: 272.3256139755249
[2026-02-06 11:26:58] INFO inference_time: 20.774964094161987
[2026-02-06 11:27:09] INFO {'epoch': 26, 'beauty_10_ndcg@20': tensor(0.0313), 'beauty_10_recall@20': tensor(0.0734), 'ndcg@20': tensor(0.0313), 'recall@20': tensor(0.0734), 'train_loss_0': tensor(0.5636, device='cuda:0')}
[2026-02-06 11:27:09] INFO training_time: 282.8571813106537
[2026-02-06 11:27:09] INFO inference_time: 21.459546327590942
[2026-02-06 11:27:09] INFO ndcg@20 improved. Best value: 0.0313
[2026-02-06 11:27:09] INFO Best model checkpoint saved in saved/SASRec/noisy_10/2026-02-06-11-22-00-976493.ckpt.
[2026-02-06 11:27:21] INFO {'epoch': 27, 'beauty_10_ndcg@20': tensor(0.0321), 'beauty_10_recall@20': tensor(0.0741), 'ndcg@20': tensor(0.0321), 'recall@20': tensor(0.0741), 'train_loss_0': tensor(0.5543, device='cuda:0')}
[2026-02-06 11:27:21] INFO training_time: 293.2710108757019
[2026-02-06 11:27:21] INFO inference_time: 22.227991580963135
[2026-02-06 11:27:21] INFO ndcg@20 improved. Best value: 0.0321
[2026-02-06 11:27:21] INFO Best model checkpoint saved in saved/SASRec/noisy_10/2026-02-06-11-22-00-976493.ckpt.
[2026-02-06 11:27:32] INFO {'epoch': 28, 'beauty_10_ndcg@20': tensor(0.0320), 'beauty_10_recall@20': tensor(0.0751), 'ndcg@20': tensor(0.0320), 'recall@20': tensor(0.0751), 'train_loss_0': tensor(0.5562, device='cuda:0')}
[2026-02-06 11:27:32] INFO training_time: 303.6795234680176
[2026-02-06 11:27:32] INFO inference_time: 23.093196868896484
[2026-02-06 11:27:43] INFO {'epoch': 29, 'beauty_10_ndcg@20': tensor(0.0320), 'beauty_10_recall@20': tensor(0.0752), 'ndcg@20': tensor(0.0320), 'recall@20': tensor(0.0752), 'train_loss_0': tensor(0.5466, device='cuda:0')}
[2026-02-06 11:27:43] INFO training_time: 314.1596851348877
[2026-02-06 11:27:43] INFO inference_time: 23.992650747299194
[2026-02-06 11:27:55] INFO {'epoch': 30, 'beauty_10_ndcg@20': tensor(0.0314), 'beauty_10_recall@20': tensor(0.0741), 'ndcg@20': tensor(0.0314), 'recall@20': tensor(0.0741), 'train_loss_0': tensor(0.5404, device='cuda:0')}
[2026-02-06 11:27:55] INFO training_time: 324.4670011997223
[2026-02-06 11:27:55] INFO inference_time: 24.961543798446655
[2026-02-06 11:28:06] INFO {'epoch': 31, 'beauty_10_ndcg@20': tensor(0.0323), 'beauty_10_recall@20': tensor(0.0744), 'ndcg@20': tensor(0.0323), 'recall@20': tensor(0.0744), 'train_loss_0': tensor(0.5348, device='cuda:0')}
[2026-02-06 11:28:06] INFO training_time: 334.9027349948883
[2026-02-06 11:28:06] INFO inference_time: 25.78068709373474
[2026-02-06 11:28:06] INFO ndcg@20 improved. Best value: 0.0323
[2026-02-06 11:28:06] INFO Best model checkpoint saved in saved/SASRec/noisy_10/2026-02-06-11-22-00-976493.ckpt.
[2026-02-06 11:28:17] INFO {'epoch': 32, 'beauty_10_ndcg@20': tensor(0.0313), 'beauty_10_recall@20': tensor(0.0724), 'ndcg@20': tensor(0.0313), 'recall@20': tensor(0.0724), 'train_loss_0': tensor(0.5315, device='cuda:0')}
[2026-02-06 11:28:17] INFO training_time: 345.36869287490845
[2026-02-06 11:28:17] INFO inference_time: 26.59009027481079
[2026-02-06 11:28:28] INFO {'epoch': 33, 'beauty_10_ndcg@20': tensor(0.0325), 'beauty_10_recall@20': tensor(0.0759), 'ndcg@20': tensor(0.0325), 'recall@20': tensor(0.0759), 'train_loss_0': tensor(0.5262, device='cuda:0')}
[2026-02-06 11:28:28] INFO training_time: 355.9162995815277
[2026-02-06 11:28:28] INFO inference_time: 27.309914350509644
[2026-02-06 11:28:28] INFO ndcg@20 improved. Best value: 0.0325
[2026-02-06 11:28:28] INFO Best model checkpoint saved in saved/SASRec/noisy_10/2026-02-06-11-22-00-976493.ckpt.
[2026-02-06 11:28:40] INFO {'epoch': 34, 'beauty_10_ndcg@20': tensor(0.0332), 'beauty_10_recall@20': tensor(0.0769), 'ndcg@20': tensor(0.0332), 'recall@20': tensor(0.0769), 'train_loss_0': tensor(0.5231, device='cuda:0')}
[2026-02-06 11:28:40] INFO training_time: 366.45745301246643
[2026-02-06 11:28:40] INFO inference_time: 28.101198196411133
[2026-02-06 11:28:40] INFO ndcg@20 improved. Best value: 0.0332
[2026-02-06 11:28:40] INFO Best model checkpoint saved in saved/SASRec/noisy_10/2026-02-06-11-22-00-976493.ckpt.
[2026-02-06 11:28:51] INFO {'epoch': 35, 'beauty_10_ndcg@20': tensor(0.0328), 'beauty_10_recall@20': tensor(0.0761), 'ndcg@20': tensor(0.0328), 'recall@20': tensor(0.0761), 'train_loss_0': tensor(0.5170, device='cuda:0')}
[2026-02-06 11:28:51] INFO training_time: 376.9917917251587
[2026-02-06 11:28:51] INFO inference_time: 28.925247192382812
[2026-02-06 11:29:02] INFO {'epoch': 36, 'beauty_10_ndcg@20': tensor(0.0323), 'beauty_10_recall@20': tensor(0.0778), 'ndcg@20': tensor(0.0323), 'recall@20': tensor(0.0778), 'train_loss_0': tensor(0.5161, device='cuda:0')}
[2026-02-06 11:29:02] INFO training_time: 387.39429688453674
[2026-02-06 11:29:02] INFO inference_time: 29.794522047042847
[2026-02-06 11:29:14] INFO {'epoch': 37, 'beauty_10_ndcg@20': tensor(0.0330), 'beauty_10_recall@20': tensor(0.0782), 'ndcg@20': tensor(0.0330), 'recall@20': tensor(0.0782), 'train_loss_0': tensor(0.5077, device='cuda:0')}
[2026-02-06 11:29:14] INFO training_time: 397.79553985595703
[2026-02-06 11:29:14] INFO inference_time: 30.564234256744385
[2026-02-06 11:29:25] INFO {'epoch': 38, 'beauty_10_ndcg@20': tensor(0.0330), 'beauty_10_recall@20': tensor(0.0765), 'ndcg@20': tensor(0.0330), 'recall@20': tensor(0.0765), 'train_loss_0': tensor(0.5067, device='cuda:0')}
[2026-02-06 11:29:25] INFO training_time: 408.1896460056305
[2026-02-06 11:29:25] INFO inference_time: 31.47413444519043
[2026-02-06 11:29:36] INFO {'epoch': 39, 'beauty_10_ndcg@20': tensor(0.0334), 'beauty_10_recall@20': tensor(0.0783), 'ndcg@20': tensor(0.0334), 'recall@20': tensor(0.0783), 'train_loss_0': tensor(0.4986, device='cuda:0')}
[2026-02-06 11:29:36] INFO training_time: 418.6723849773407
[2026-02-06 11:29:36] INFO inference_time: 32.27011251449585
[2026-02-06 11:29:36] INFO ndcg@20 improved. Best value: 0.0334
[2026-02-06 11:29:36] INFO Best model checkpoint saved in saved/SASRec/noisy_10/2026-02-06-11-22-00-976493.ckpt.
[2026-02-06 11:29:48] INFO {'epoch': 40, 'beauty_10_ndcg@20': tensor(0.0332), 'beauty_10_recall@20': tensor(0.0762), 'ndcg@20': tensor(0.0332), 'recall@20': tensor(0.0762), 'train_loss_0': tensor(0.5007, device='cuda:0')}
[2026-02-06 11:29:48] INFO training_time: 429.1606707572937
[2026-02-06 11:29:48] INFO inference_time: 33.33617281913757
[2026-02-06 11:29:59] INFO {'epoch': 41, 'beauty_10_ndcg@20': tensor(0.0327), 'beauty_10_recall@20': tensor(0.0772), 'ndcg@20': tensor(0.0327), 'recall@20': tensor(0.0772), 'train_loss_0': tensor(0.4987, device='cuda:0')}
[2026-02-06 11:29:59] INFO training_time: 439.63141083717346
[2026-02-06 11:29:59] INFO inference_time: 34.167476177215576
[2026-02-06 11:30:10] INFO {'epoch': 42, 'beauty_10_ndcg@20': tensor(0.0327), 'beauty_10_recall@20': tensor(0.0753), 'ndcg@20': tensor(0.0327), 'recall@20': tensor(0.0753), 'train_loss_0': tensor(0.4895, device='cuda:0')}
[2026-02-06 11:30:10] INFO training_time: 450.0884199142456
[2026-02-06 11:30:10] INFO inference_time: 34.9848370552063
[2026-02-06 11:30:22] INFO {'epoch': 43, 'beauty_10_ndcg@20': tensor(0.0333), 'beauty_10_recall@20': tensor(0.0774), 'ndcg@20': tensor(0.0333), 'recall@20': tensor(0.0774), 'train_loss_0': tensor(0.4922, device='cuda:0')}
[2026-02-06 11:30:22] INFO training_time: 460.5900273323059
[2026-02-06 11:30:22] INFO inference_time: 35.73044037818909
[2026-02-06 11:30:33] INFO {'epoch': 44, 'beauty_10_ndcg@20': tensor(0.0337), 'beauty_10_recall@20': tensor(0.0778), 'ndcg@20': tensor(0.0337), 'recall@20': tensor(0.0778), 'train_loss_0': tensor(0.4924, device='cuda:0')}
[2026-02-06 11:30:33] INFO training_time: 470.98541235923767
[2026-02-06 11:30:33] INFO inference_time: 36.45690369606018
[2026-02-06 11:30:33] INFO ndcg@20 improved. Best value: 0.0337
[2026-02-06 11:30:33] INFO Best model checkpoint saved in saved/SASRec/noisy_10/2026-02-06-11-22-00-976493.ckpt.
[2026-02-06 11:30:44] INFO {'epoch': 45, 'beauty_10_ndcg@20': tensor(0.0339), 'beauty_10_recall@20': tensor(0.0787), 'ndcg@20': tensor(0.0339), 'recall@20': tensor(0.0787), 'train_loss_0': tensor(0.4855, device='cuda:0')}
[2026-02-06 11:30:44] INFO training_time: 481.3442921638489
[2026-02-06 11:30:44] INFO inference_time: 37.16130876541138
[2026-02-06 11:30:44] INFO ndcg@20 improved. Best value: 0.0339
[2026-02-06 11:30:44] INFO Best model checkpoint saved in saved/SASRec/noisy_10/2026-02-06-11-22-00-976493.ckpt.
[2026-02-06 11:30:55] INFO {'epoch': 46, 'beauty_10_ndcg@20': tensor(0.0328), 'beauty_10_recall@20': tensor(0.0769), 'ndcg@20': tensor(0.0328), 'recall@20': tensor(0.0769), 'train_loss_0': tensor(0.4816, device='cuda:0')}
[2026-02-06 11:30:55] INFO training_time: 491.7768476009369
[2026-02-06 11:30:55] INFO inference_time: 37.851497650146484
[2026-02-06 11:31:06] INFO {'epoch': 47, 'beauty_10_ndcg@20': tensor(0.0344), 'beauty_10_recall@20': tensor(0.0795), 'ndcg@20': tensor(0.0344), 'recall@20': tensor(0.0795), 'train_loss_0': tensor(0.4839, device='cuda:0')}
[2026-02-06 11:31:06] INFO training_time: 502.1797697544098
[2026-02-06 11:31:06] INFO inference_time: 38.555368185043335
[2026-02-06 11:31:06] INFO ndcg@20 improved. Best value: 0.0344
[2026-02-06 11:31:06] INFO Best model checkpoint saved in saved/SASRec/noisy_10/2026-02-06-11-22-00-976493.ckpt.
[2026-02-06 11:31:17] INFO {'epoch': 48, 'beauty_10_ndcg@20': tensor(0.0340), 'beauty_10_recall@20': tensor(0.0777), 'ndcg@20': tensor(0.0340), 'recall@20': tensor(0.0777), 'train_loss_0': tensor(0.4797, device='cuda:0')}
[2026-02-06 11:31:17] INFO training_time: 512.6914553642273
[2026-02-06 11:31:17] INFO inference_time: 39.263235569000244
[2026-02-06 11:31:29] INFO {'epoch': 49, 'beauty_10_ndcg@20': tensor(0.0340), 'beauty_10_recall@20': tensor(0.0777), 'ndcg@20': tensor(0.0340), 'recall@20': tensor(0.0777), 'train_loss_0': tensor(0.4758, device='cuda:0')}
[2026-02-06 11:31:29] INFO training_time: 523.0791418552399
[2026-02-06 11:31:29] INFO inference_time: 40.073206424713135
[2026-02-06 11:31:40] INFO {'epoch': 50, 'beauty_10_ndcg@20': tensor(0.0343), 'beauty_10_recall@20': tensor(0.0800), 'ndcg@20': tensor(0.0343), 'recall@20': tensor(0.0800), 'train_loss_0': tensor(0.4766, device='cuda:0')}
[2026-02-06 11:31:40] INFO training_time: 533.6393222808838
[2026-02-06 11:31:40] INFO inference_time: 40.9863543510437
[2026-02-06 11:31:51] INFO {'epoch': 51, 'beauty_10_ndcg@20': tensor(0.0343), 'beauty_10_recall@20': tensor(0.0788), 'ndcg@20': tensor(0.0343), 'recall@20': tensor(0.0788), 'train_loss_0': tensor(0.4750, device='cuda:0')}
[2026-02-06 11:31:51] INFO training_time: 544.1234867572784
[2026-02-06 11:31:51] INFO inference_time: 41.8039116859436
[2026-02-06 11:32:03] INFO {'epoch': 52, 'beauty_10_ndcg@20': tensor(0.0344), 'beauty_10_recall@20': tensor(0.0794), 'ndcg@20': tensor(0.0344), 'recall@20': tensor(0.0794), 'train_loss_0': tensor(0.4720, device='cuda:0')}
[2026-02-06 11:32:03] INFO training_time: 554.5089609622955
[2026-02-06 11:32:03] INFO inference_time: 42.7085976600647
[2026-02-06 11:32:14] INFO {'epoch': 53, 'beauty_10_ndcg@20': tensor(0.0336), 'beauty_10_recall@20': tensor(0.0774), 'ndcg@20': tensor(0.0336), 'recall@20': tensor(0.0774), 'train_loss_0': tensor(0.4684, device='cuda:0')}
[2026-02-06 11:32:14] INFO training_time: 565.0270845890045
[2026-02-06 11:32:14] INFO inference_time: 43.498311042785645
[2026-02-06 11:32:25] INFO {'epoch': 54, 'beauty_10_ndcg@20': tensor(0.0327), 'beauty_10_recall@20': tensor(0.0763), 'ndcg@20': tensor(0.0327), 'recall@20': tensor(0.0763), 'train_loss_0': tensor(0.4676, device='cuda:0')}
[2026-02-06 11:32:25] INFO training_time: 575.5680294036865
[2026-02-06 11:32:25] INFO inference_time: 44.17568397521973
[2026-02-06 11:32:36] INFO {'epoch': 55, 'beauty_10_ndcg@20': tensor(0.0337), 'beauty_10_recall@20': tensor(0.0785), 'ndcg@20': tensor(0.0337), 'recall@20': tensor(0.0785), 'train_loss_0': tensor(0.4662, device='cuda:0')}
[2026-02-06 11:32:36] INFO training_time: 585.9827558994293
[2026-02-06 11:32:36] INFO inference_time: 44.87166953086853
[2026-02-06 11:32:47] INFO {'epoch': 56, 'beauty_10_ndcg@20': tensor(0.0334), 'beauty_10_recall@20': tensor(0.0774), 'ndcg@20': tensor(0.0334), 'recall@20': tensor(0.0774), 'train_loss_0': tensor(0.4654, device='cuda:0')}
[2026-02-06 11:32:47] INFO training_time: 596.4023418426514
[2026-02-06 11:32:47] INFO inference_time: 45.6737174987793
[2026-02-06 11:32:59] INFO {'epoch': 57, 'beauty_10_ndcg@20': tensor(0.0334), 'beauty_10_recall@20': tensor(0.0788), 'ndcg@20': tensor(0.0334), 'recall@20': tensor(0.0788), 'train_loss_0': tensor(0.4629, device='cuda:0')}
[2026-02-06 11:32:59] INFO training_time: 606.9949307441711
[2026-02-06 11:32:59] INFO inference_time: 46.52297353744507
[2026-02-06 11:33:10] INFO {'epoch': 58, 'beauty_10_ndcg@20': tensor(0.0341), 'beauty_10_recall@20': tensor(0.0796), 'ndcg@20': tensor(0.0341), 'recall@20': tensor(0.0796), 'train_loss_0': tensor(0.4609, device='cuda:0')}
[2026-02-06 11:33:10] INFO training_time: 617.4319128990173
[2026-02-06 11:33:10] INFO inference_time: 47.245665550231934
[2026-02-06 11:33:21] INFO {'epoch': 59, 'beauty_10_ndcg@20': tensor(0.0340), 'beauty_10_recall@20': tensor(0.0797), 'ndcg@20': tensor(0.0340), 'recall@20': tensor(0.0797), 'train_loss_0': tensor(0.4650, device='cuda:0')}
[2026-02-06 11:33:21] INFO training_time: 627.886233329773
[2026-02-06 11:33:21] INFO inference_time: 47.93951106071472
[2026-02-06 11:33:33] INFO {'epoch': 60, 'beauty_10_ndcg@20': tensor(0.0341), 'beauty_10_recall@20': tensor(0.0785), 'ndcg@20': tensor(0.0341), 'recall@20': tensor(0.0785), 'train_loss_0': tensor(0.4591, device='cuda:0')}
[2026-02-06 11:33:33] INFO training_time: 638.2518320083618
[2026-02-06 11:33:33] INFO inference_time: 49.02179765701294
[2026-02-06 11:33:44] INFO {'epoch': 61, 'beauty_10_ndcg@20': tensor(0.0338), 'beauty_10_recall@20': tensor(0.0781), 'ndcg@20': tensor(0.0338), 'recall@20': tensor(0.0781), 'train_loss_0': tensor(0.4574, device='cuda:0')}
[2026-02-06 11:33:44] INFO training_time: 648.8400518894196
[2026-02-06 11:33:44] INFO inference_time: 49.856858253479004
[2026-02-06 11:33:55] INFO {'epoch': 62, 'beauty_10_ndcg@20': tensor(0.0343), 'beauty_10_recall@20': tensor(0.0792), 'ndcg@20': tensor(0.0343), 'recall@20': tensor(0.0792), 'train_loss_0': tensor(0.4551, device='cuda:0')}
[2026-02-06 11:33:55] INFO training_time: 659.3716163635254
[2026-02-06 11:33:55] INFO inference_time: 50.59456920623779
[2026-02-06 11:34:07] INFO {'epoch': 63, 'beauty_10_ndcg@20': tensor(0.0339), 'beauty_10_recall@20': tensor(0.0775), 'ndcg@20': tensor(0.0339), 'recall@20': tensor(0.0775), 'train_loss_0': tensor(0.4557, device='cuda:0')}
[2026-02-06 11:34:07] INFO training_time: 669.8201441764832
[2026-02-06 11:34:07] INFO inference_time: 51.450981855392456
[2026-02-06 11:34:18] INFO {'epoch': 64, 'beauty_10_ndcg@20': tensor(0.0344), 'beauty_10_recall@20': tensor(0.0789), 'ndcg@20': tensor(0.0344), 'recall@20': tensor(0.0789), 'train_loss_0': tensor(0.4548, device='cuda:0')}
[2026-02-06 11:34:18] INFO training_time: 680.2358293533325
[2026-02-06 11:34:18] INFO inference_time: 52.14802432060242
[2026-02-06 11:34:29] INFO {'epoch': 65, 'beauty_10_ndcg@20': tensor(0.0342), 'beauty_10_recall@20': tensor(0.0787), 'ndcg@20': tensor(0.0342), 'recall@20': tensor(0.0787), 'train_loss_0': tensor(0.4534, device='cuda:0')}
[2026-02-06 11:34:29] INFO training_time: 690.8123841285706
[2026-02-06 11:34:29] INFO inference_time: 52.932233810424805
[2026-02-06 11:34:40] INFO {'epoch': 66, 'beauty_10_ndcg@20': tensor(0.0341), 'beauty_10_recall@20': tensor(0.0796), 'ndcg@20': tensor(0.0341), 'recall@20': tensor(0.0796), 'train_loss_0': tensor(0.4548, device='cuda:0')}
[2026-02-06 11:34:40] INFO training_time: 701.3313548564911
[2026-02-06 11:34:40] INFO inference_time: 53.650816679000854
[2026-02-06 11:34:52] INFO {'epoch': 67, 'beauty_10_ndcg@20': tensor(0.0343), 'beauty_10_recall@20': tensor(0.0789), 'ndcg@20': tensor(0.0343), 'recall@20': tensor(0.0789), 'train_loss_0': tensor(0.4491, device='cuda:0')}
[2026-02-06 11:34:52] INFO training_time: 711.8842735290527
[2026-02-06 11:34:52] INFO inference_time: 54.453811168670654
[2026-02-06 11:34:52] INFO Early stopped. Since the metric ndcg@20 haven't been improved for 20 epochs.
[2026-02-06 11:34:52] INFO The best score of ndcg@20 is 0.0344 on epoch 47
[2026-02-06 11:34:52] INFO Best model checkpoint saved in saved/SASRec/noisy_10/2026-02-06-11-22-00-976493.ckpt.
[2026-02-06 11:34:53] INFO defaultdict(<class 'float'>, {'beauty_10_ndcg@20': tensor(0.0261), 'beauty_10_recall@20': tensor(0.0617), 'beauty_10_ndcg@10': tensor(0.0207), 'beauty_10_recall@10': tensor(0.0398), 'ndcg@20': tensor(0.0261), 'recall@20': tensor(0.0617), 'ndcg@10': tensor(0.0207), 'recall@10': tensor(0.0398)})
