[2026-01-22 08:35:59] INFO PID of this process: 1661787
[2026-01-22 08:36:05] INFO {'model': {'embed_dim': 64, 'loss_fn': 'bce', 'hidden_size': 128, 'layer_num': 2, 'head_num': 2, 'dropout_rate': 0.5, 'activation': 'gelu', 'layer_norm_eps': 1e-12, 'model': 'SASRec'}, 'data': {'domain_name_list': ['beauty_10'], 'user_threshold': 5, 'item_threshold': 5, 'max_seq_len': 50, 'dataset_class': 'general', 'train_file': '_regen', 'dataset': 'noisy_10'}, 'train': {'batch_size': 256, 'early_stop_mode': 'max', 'early_stop_patience': 20, 'epochs': 1000, 'device': 'cuda', 'optimizer': 'adam', 'learning_rate': 0.001, 'weight_decay': 0, 'num_neg': 1, 'seed': 2026}, 'eval': {'batch_size': 2048, 'cutoff': [20, 10], 'val_metrics': ['ndcg', 'recall'], 'test_metrics': ['ndcg', 'recall'], 'topk': 100, 'save_path': './saved/'}}
[2026-01-22 08:36:05] INFO <data.dataset.SeparateDataset object at 0x7f60ef8bb1f0>
[2026-01-22 08:36:05] INFO save_dir:saved
[2026-01-22 08:36:05] INFO SASRec(
  (item_embedding): Embedding(12102, 64, padding_idx=0)
  (query_encoder): SASRecQueryEncoder(
    (item_encoder): Embedding(12102, 64, padding_idx=0)
    (position_emb): Embedding(50, 64)
    (transformer_layer): TransformerEncoder(
      (layers): ModuleList(
        (0): TransformerEncoderLayer(
          (self_attn): MultiheadAttention(
            (out_proj): NonDynamicallyQuantizableLinear(in_features=64, out_features=64, bias=True)
          )
          (linear1): Linear(in_features=64, out_features=128, bias=True)
          (dropout): Dropout(p=0.5, inplace=False)
          (linear2): Linear(in_features=128, out_features=64, bias=True)
          (norm1): LayerNorm((64,), eps=1e-12, elementwise_affine=True)
          (norm2): LayerNorm((64,), eps=1e-12, elementwise_affine=True)
          (dropout1): Dropout(p=0.5, inplace=False)
          (dropout2): Dropout(p=0.5, inplace=False)
        )
        (1): TransformerEncoderLayer(
          (self_attn): MultiheadAttention(
            (out_proj): NonDynamicallyQuantizableLinear(in_features=64, out_features=64, bias=True)
          )
          (linear1): Linear(in_features=64, out_features=128, bias=True)
          (dropout): Dropout(p=0.5, inplace=False)
          (linear2): Linear(in_features=128, out_features=64, bias=True)
          (norm1): LayerNorm((64,), eps=1e-12, elementwise_affine=True)
          (norm2): LayerNorm((64,), eps=1e-12, elementwise_affine=True)
          (dropout1): Dropout(p=0.5, inplace=False)
          (dropout2): Dropout(p=0.5, inplace=False)
        )
      )
    )
    (dropout): Dropout(p=0.5, inplace=False)
    (training_pooling_layer): SeqPoolingLayer()
    (eval_pooling_layer): SeqPoolingLayer()
  )
  (loss_fn): BinaryCrossEntropyLoss()
)
[2026-01-22 08:36:42] INFO {'epoch': 0, 'beauty_10_ndcg@20': tensor(0.0114), 'beauty_10_recall@20': tensor(0.0282), 'ndcg@20': tensor(0.0114), 'recall@20': tensor(0.0282), 'train_loss_0': tensor(1.1725, device='cuda:0')}
[2026-01-22 08:36:42] INFO training_time: 35.41510200500488
[2026-01-22 08:36:42] INFO inference_time: 1.197974681854248
[2026-01-22 08:36:42] INFO ndcg@20 improved. Best value: 0.0114
[2026-01-22 08:36:42] INFO Best model checkpoint saved in saved/SASRec/noisy_10/2026-01-22-08-35-59-772766.ckpt.
[2026-01-22 08:37:26] INFO {'epoch': 1, 'beauty_10_ndcg@20': tensor(0.0150), 'beauty_10_recall@20': tensor(0.0355), 'ndcg@20': tensor(0.0150), 'recall@20': tensor(0.0355), 'train_loss_0': tensor(1.0048, device='cuda:0')}
[2026-01-22 08:37:26] INFO training_time: 78.38218116760254
[2026-01-22 08:37:26] INFO inference_time: 1.9435534477233887
[2026-01-22 08:37:26] INFO ndcg@20 improved. Best value: 0.0150
[2026-01-22 08:37:26] INFO Best model checkpoint saved in saved/SASRec/noisy_10/2026-01-22-08-35-59-772766.ckpt.
[2026-01-22 08:38:48] INFO {'epoch': 2, 'beauty_10_ndcg@20': tensor(0.0208), 'beauty_10_recall@20': tensor(0.0492), 'ndcg@20': tensor(0.0208), 'recall@20': tensor(0.0492), 'train_loss_0': tensor(0.8975, device='cuda:0')}
[2026-01-22 08:38:48] INFO training_time: 159.66312050819397
[2026-01-22 08:38:48] INFO inference_time: 2.743350028991699
[2026-01-22 08:38:48] INFO ndcg@20 improved. Best value: 0.0208
[2026-01-22 08:38:48] INFO Best model checkpoint saved in saved/SASRec/noisy_10/2026-01-22-08-35-59-772766.ckpt.
[2026-01-22 08:40:09] INFO {'epoch': 3, 'beauty_10_ndcg@20': tensor(0.0234), 'beauty_10_recall@20': tensor(0.0561), 'ndcg@20': tensor(0.0234), 'recall@20': tensor(0.0561), 'train_loss_0': tensor(0.8068, device='cuda:0')}
[2026-01-22 08:40:09] INFO training_time: 240.54974055290222
[2026-01-22 08:40:09] INFO inference_time: 3.51459002494812
[2026-01-22 08:40:09] INFO ndcg@20 improved. Best value: 0.0234
[2026-01-22 08:40:09] INFO Best model checkpoint saved in saved/SASRec/noisy_10/2026-01-22-08-35-59-772766.ckpt.
[2026-01-22 08:41:32] INFO {'epoch': 4, 'beauty_10_ndcg@20': tensor(0.0267), 'beauty_10_recall@20': tensor(0.0637), 'ndcg@20': tensor(0.0267), 'recall@20': tensor(0.0637), 'train_loss_0': tensor(0.7354, device='cuda:0')}
[2026-01-22 08:41:32] INFO training_time: 322.14454412460327
[2026-01-22 08:41:32] INFO inference_time: 4.339590549468994
[2026-01-22 08:41:32] INFO ndcg@20 improved. Best value: 0.0267
[2026-01-22 08:41:32] INFO Best model checkpoint saved in saved/SASRec/noisy_10/2026-01-22-08-35-59-772766.ckpt.
[2026-01-22 08:42:54] INFO {'epoch': 5, 'beauty_10_ndcg@20': tensor(0.0289), 'beauty_10_recall@20': tensor(0.0694), 'ndcg@20': tensor(0.0289), 'recall@20': tensor(0.0694), 'train_loss_0': tensor(0.6843, device='cuda:0')}
[2026-01-22 08:42:54] INFO training_time: 403.1119689941406
[2026-01-22 08:42:54] INFO inference_time: 5.13889479637146
[2026-01-22 08:42:54] INFO ndcg@20 improved. Best value: 0.0289
[2026-01-22 08:42:54] INFO Best model checkpoint saved in saved/SASRec/noisy_10/2026-01-22-08-35-59-772766.ckpt.
[2026-01-22 08:44:15] INFO {'epoch': 6, 'beauty_10_ndcg@20': tensor(0.0293), 'beauty_10_recall@20': tensor(0.0701), 'ndcg@20': tensor(0.0293), 'recall@20': tensor(0.0701), 'train_loss_0': tensor(0.6430, device='cuda:0')}
[2026-01-22 08:44:15] INFO training_time: 483.8825354576111
[2026-01-22 08:44:15] INFO inference_time: 5.9303765296936035
[2026-01-22 08:44:15] INFO ndcg@20 improved. Best value: 0.0293
[2026-01-22 08:44:15] INFO Best model checkpoint saved in saved/SASRec/noisy_10/2026-01-22-08-35-59-772766.ckpt.
[2026-01-22 08:45:37] INFO {'epoch': 7, 'beauty_10_ndcg@20': tensor(0.0300), 'beauty_10_recall@20': tensor(0.0714), 'ndcg@20': tensor(0.0300), 'recall@20': tensor(0.0714), 'train_loss_0': tensor(0.6157, device='cuda:0')}
[2026-01-22 08:45:37] INFO training_time: 564.7311336994171
[2026-01-22 08:45:37] INFO inference_time: 6.778043270111084
[2026-01-22 08:45:37] INFO ndcg@20 improved. Best value: 0.0300
[2026-01-22 08:45:37] INFO Best model checkpoint saved in saved/SASRec/noisy_10/2026-01-22-08-35-59-772766.ckpt.
[2026-01-22 08:46:59] INFO {'epoch': 8, 'beauty_10_ndcg@20': tensor(0.0300), 'beauty_10_recall@20': tensor(0.0714), 'ndcg@20': tensor(0.0300), 'recall@20': tensor(0.0714), 'train_loss_0': tensor(0.5889, device='cuda:0')}
[2026-01-22 08:46:59] INFO training_time: 645.6869287490845
[2026-01-22 08:46:59] INFO inference_time: 7.5874083042144775
[2026-01-22 08:46:59] INFO ndcg@20 improved. Best value: 0.0300
[2026-01-22 08:46:59] INFO Best model checkpoint saved in saved/SASRec/noisy_10/2026-01-22-08-35-59-772766.ckpt.
[2026-01-22 08:48:20] INFO {'epoch': 9, 'beauty_10_ndcg@20': tensor(0.0321), 'beauty_10_recall@20': tensor(0.0756), 'ndcg@20': tensor(0.0321), 'recall@20': tensor(0.0756), 'train_loss_0': tensor(0.5728, device='cuda:0')}
[2026-01-22 08:48:20] INFO training_time: 726.5498666763306
[2026-01-22 08:48:20] INFO inference_time: 8.365272045135498
[2026-01-22 08:48:20] INFO ndcg@20 improved. Best value: 0.0321
[2026-01-22 08:48:20] INFO Best model checkpoint saved in saved/SASRec/noisy_10/2026-01-22-08-35-59-772766.ckpt.
[2026-01-22 08:49:42] INFO {'epoch': 10, 'beauty_10_ndcg@20': tensor(0.0322), 'beauty_10_recall@20': tensor(0.0764), 'ndcg@20': tensor(0.0322), 'recall@20': tensor(0.0764), 'train_loss_0': tensor(0.5547, device='cuda:0')}
[2026-01-22 08:49:42] INFO training_time: 807.1533222198486
[2026-01-22 08:49:42] INFO inference_time: 9.297849416732788
[2026-01-22 08:49:42] INFO ndcg@20 improved. Best value: 0.0322
[2026-01-22 08:49:42] INFO Best model checkpoint saved in saved/SASRec/noisy_10/2026-01-22-08-35-59-772766.ckpt.
[2026-01-22 08:51:03] INFO {'epoch': 11, 'beauty_10_ndcg@20': tensor(0.0325), 'beauty_10_recall@20': tensor(0.0777), 'ndcg@20': tensor(0.0325), 'recall@20': tensor(0.0777), 'train_loss_0': tensor(0.5423, device='cuda:0')}
[2026-01-22 08:51:03] INFO training_time: 887.1257889270782
[2026-01-22 08:51:03] INFO inference_time: 9.939375638961792
[2026-01-22 08:51:03] INFO ndcg@20 improved. Best value: 0.0325
[2026-01-22 08:51:03] INFO Best model checkpoint saved in saved/SASRec/noisy_10/2026-01-22-08-35-59-772766.ckpt.
[2026-01-22 08:52:23] INFO {'epoch': 12, 'beauty_10_ndcg@20': tensor(0.0325), 'beauty_10_recall@20': tensor(0.0781), 'ndcg@20': tensor(0.0325), 'recall@20': tensor(0.0781), 'train_loss_0': tensor(0.5332, device='cuda:0')}
[2026-01-22 08:52:23] INFO training_time: 967.0483951568604
[2026-01-22 08:52:23] INFO inference_time: 10.656565427780151
[2026-01-22 08:53:43] INFO {'epoch': 13, 'beauty_10_ndcg@20': tensor(0.0324), 'beauty_10_recall@20': tensor(0.0776), 'ndcg@20': tensor(0.0324), 'recall@20': tensor(0.0776), 'train_loss_0': tensor(0.5237, device='cuda:0')}
[2026-01-22 08:53:43] INFO training_time: 1046.429951429367
[2026-01-22 08:53:43] INFO inference_time: 11.437691926956177
[2026-01-22 08:55:03] INFO {'epoch': 14, 'beauty_10_ndcg@20': tensor(0.0334), 'beauty_10_recall@20': tensor(0.0794), 'ndcg@20': tensor(0.0334), 'recall@20': tensor(0.0794), 'train_loss_0': tensor(0.5181, device='cuda:0')}
[2026-01-22 08:55:03] INFO training_time: 1125.5038788318634
[2026-01-22 08:55:03] INFO inference_time: 12.300515413284302
[2026-01-22 08:55:03] INFO ndcg@20 improved. Best value: 0.0334
[2026-01-22 08:55:03] INFO Best model checkpoint saved in saved/SASRec/noisy_10/2026-01-22-08-35-59-772766.ckpt.
[2026-01-22 08:56:23] INFO {'epoch': 15, 'beauty_10_ndcg@20': tensor(0.0323), 'beauty_10_recall@20': tensor(0.0771), 'ndcg@20': tensor(0.0323), 'recall@20': tensor(0.0771), 'train_loss_0': tensor(0.5066, device='cuda:0')}
[2026-01-22 08:56:23] INFO training_time: 1204.6915431022644
[2026-01-22 08:56:23] INFO inference_time: 13.033390998840332
[2026-01-22 08:57:44] INFO {'epoch': 16, 'beauty_10_ndcg@20': tensor(0.0333), 'beauty_10_recall@20': tensor(0.0782), 'ndcg@20': tensor(0.0333), 'recall@20': tensor(0.0782), 'train_loss_0': tensor(0.5005, device='cuda:0')}
[2026-01-22 08:57:44] INFO training_time: 1283.858705997467
[2026-01-22 08:57:44] INFO inference_time: 14.0508131980896
[2026-01-22 08:59:03] INFO {'epoch': 17, 'beauty_10_ndcg@20': tensor(0.0340), 'beauty_10_recall@20': tensor(0.0777), 'ndcg@20': tensor(0.0340), 'recall@20': tensor(0.0777), 'train_loss_0': tensor(0.4928, device='cuda:0')}
[2026-01-22 08:59:03] INFO training_time: 1362.4494392871857
[2026-01-22 08:59:03] INFO inference_time: 14.939319849014282
[2026-01-22 08:59:03] INFO ndcg@20 improved. Best value: 0.0340
[2026-01-22 08:59:03] INFO Best model checkpoint saved in saved/SASRec/noisy_10/2026-01-22-08-35-59-772766.ckpt.
[2026-01-22 09:00:22] INFO {'epoch': 18, 'beauty_10_ndcg@20': tensor(0.0342), 'beauty_10_recall@20': tensor(0.0803), 'ndcg@20': tensor(0.0342), 'recall@20': tensor(0.0803), 'train_loss_0': tensor(0.4894, device='cuda:0')}
[2026-01-22 09:00:22] INFO training_time: 1440.7979934215546
[2026-01-22 09:00:22] INFO inference_time: 15.759318351745605
[2026-01-22 09:00:22] INFO ndcg@20 improved. Best value: 0.0342
[2026-01-22 09:00:22] INFO Best model checkpoint saved in saved/SASRec/noisy_10/2026-01-22-08-35-59-772766.ckpt.
[2026-01-22 09:01:42] INFO {'epoch': 19, 'beauty_10_ndcg@20': tensor(0.0339), 'beauty_10_recall@20': tensor(0.0800), 'ndcg@20': tensor(0.0339), 'recall@20': tensor(0.0800), 'train_loss_0': tensor(0.4865, device='cuda:0')}
[2026-01-22 09:01:42] INFO training_time: 1519.4919154644012
[2026-01-22 09:01:42] INFO inference_time: 16.72537326812744
[2026-01-22 09:03:02] INFO {'epoch': 20, 'beauty_10_ndcg@20': tensor(0.0347), 'beauty_10_recall@20': tensor(0.0785), 'ndcg@20': tensor(0.0347), 'recall@20': tensor(0.0785), 'train_loss_0': tensor(0.4826, device='cuda:0')}
[2026-01-22 09:03:02] INFO training_time: 1598.2106974124908
[2026-01-22 09:03:02] INFO inference_time: 17.73008155822754
[2026-01-22 09:03:02] INFO ndcg@20 improved. Best value: 0.0347
[2026-01-22 09:03:02] INFO Best model checkpoint saved in saved/SASRec/noisy_10/2026-01-22-08-35-59-772766.ckpt.
[2026-01-22 09:04:21] INFO {'epoch': 21, 'beauty_10_ndcg@20': tensor(0.0334), 'beauty_10_recall@20': tensor(0.0776), 'ndcg@20': tensor(0.0334), 'recall@20': tensor(0.0776), 'train_loss_0': tensor(0.4782, device='cuda:0')}
[2026-01-22 09:04:21] INFO training_time: 1676.543247461319
[2026-01-22 09:04:21] INFO inference_time: 18.45345973968506
[2026-01-22 09:05:40] INFO {'epoch': 22, 'beauty_10_ndcg@20': tensor(0.0331), 'beauty_10_recall@20': tensor(0.0778), 'ndcg@20': tensor(0.0331), 'recall@20': tensor(0.0778), 'train_loss_0': tensor(0.4712, device='cuda:0')}
[2026-01-22 09:05:40] INFO training_time: 1755.2462134361267
[2026-01-22 09:05:40] INFO inference_time: 19.283717393875122
[2026-01-22 09:06:59] INFO {'epoch': 23, 'beauty_10_ndcg@20': tensor(0.0332), 'beauty_10_recall@20': tensor(0.0787), 'ndcg@20': tensor(0.0332), 'recall@20': tensor(0.0787), 'train_loss_0': tensor(0.4678, device='cuda:0')}
[2026-01-22 09:06:59] INFO training_time: 1833.4172275066376
[2026-01-22 09:06:59] INFO inference_time: 20.00990605354309
[2026-01-22 09:08:19] INFO {'epoch': 24, 'beauty_10_ndcg@20': tensor(0.0329), 'beauty_10_recall@20': tensor(0.0789), 'ndcg@20': tensor(0.0329), 'recall@20': tensor(0.0789), 'train_loss_0': tensor(0.4649, device='cuda:0')}
[2026-01-22 09:08:19] INFO training_time: 1912.0689134597778
[2026-01-22 09:08:19] INFO inference_time: 20.819757223129272
[2026-01-22 09:09:38] INFO {'epoch': 25, 'beauty_10_ndcg@20': tensor(0.0330), 'beauty_10_recall@20': tensor(0.0791), 'ndcg@20': tensor(0.0330), 'recall@20': tensor(0.0791), 'train_loss_0': tensor(0.4608, device='cuda:0')}
[2026-01-22 09:09:38] INFO training_time: 1990.5342531204224
[2026-01-22 09:09:38] INFO inference_time: 21.643155813217163
[2026-01-22 09:10:57] INFO {'epoch': 26, 'beauty_10_ndcg@20': tensor(0.0334), 'beauty_10_recall@20': tensor(0.0797), 'ndcg@20': tensor(0.0334), 'recall@20': tensor(0.0797), 'train_loss_0': tensor(0.4599, device='cuda:0')}
[2026-01-22 09:10:57] INFO training_time: 2068.9591069221497
[2026-01-22 09:10:57] INFO inference_time: 22.36397695541382
[2026-01-22 09:12:17] INFO {'epoch': 27, 'beauty_10_ndcg@20': tensor(0.0333), 'beauty_10_recall@20': tensor(0.0797), 'ndcg@20': tensor(0.0333), 'recall@20': tensor(0.0797), 'train_loss_0': tensor(0.4560, device='cuda:0')}
[2026-01-22 09:12:17] INFO training_time: 2147.5675041675568
[2026-01-22 09:12:17] INFO inference_time: 23.31625199317932
[2026-01-22 09:13:36] INFO {'epoch': 28, 'beauty_10_ndcg@20': tensor(0.0345), 'beauty_10_recall@20': tensor(0.0810), 'ndcg@20': tensor(0.0345), 'recall@20': tensor(0.0810), 'train_loss_0': tensor(0.4536, device='cuda:0')}
[2026-01-22 09:13:36] INFO training_time: 2225.89662194252
[2026-01-22 09:13:36] INFO inference_time: 24.102614164352417
[2026-01-22 09:14:55] INFO {'epoch': 29, 'beauty_10_ndcg@20': tensor(0.0331), 'beauty_10_recall@20': tensor(0.0771), 'ndcg@20': tensor(0.0331), 'recall@20': tensor(0.0771), 'train_loss_0': tensor(0.4539, device='cuda:0')}
[2026-01-22 09:14:55] INFO training_time: 2304.4502427577972
[2026-01-22 09:14:55] INFO inference_time: 24.891366958618164
[2026-01-22 09:16:15] INFO {'epoch': 30, 'beauty_10_ndcg@20': tensor(0.0336), 'beauty_10_recall@20': tensor(0.0782), 'ndcg@20': tensor(0.0336), 'recall@20': tensor(0.0782), 'train_loss_0': tensor(0.4499, device='cuda:0')}
[2026-01-22 09:16:15] INFO training_time: 2382.9123134613037
[2026-01-22 09:16:15] INFO inference_time: 25.83164620399475
[2026-01-22 09:17:34] INFO {'epoch': 31, 'beauty_10_ndcg@20': tensor(0.0349), 'beauty_10_recall@20': tensor(0.0804), 'ndcg@20': tensor(0.0349), 'recall@20': tensor(0.0804), 'train_loss_0': tensor(0.4496, device='cuda:0')}
[2026-01-22 09:17:34] INFO training_time: 2461.5316450595856
[2026-01-22 09:17:34] INFO inference_time: 26.603951692581177
[2026-01-22 09:17:34] INFO ndcg@20 improved. Best value: 0.0349
[2026-01-22 09:17:34] INFO Best model checkpoint saved in saved/SASRec/noisy_10/2026-01-22-08-35-59-772766.ckpt.
[2026-01-22 09:18:53] INFO {'epoch': 32, 'beauty_10_ndcg@20': tensor(0.0348), 'beauty_10_recall@20': tensor(0.0813), 'ndcg@20': tensor(0.0348), 'recall@20': tensor(0.0813), 'train_loss_0': tensor(0.4463, device='cuda:0')}
[2026-01-22 09:18:53] INFO training_time: 2539.919945001602
[2026-01-22 09:18:53] INFO inference_time: 27.352453470230103
[2026-01-22 09:20:12] INFO {'epoch': 33, 'beauty_10_ndcg@20': tensor(0.0347), 'beauty_10_recall@20': tensor(0.0807), 'ndcg@20': tensor(0.0347), 'recall@20': tensor(0.0807), 'train_loss_0': tensor(0.4437, device='cuda:0')}
[2026-01-22 09:20:12] INFO training_time: 2618.43306350708
[2026-01-22 09:20:12] INFO inference_time: 28.128440856933594
[2026-01-22 09:21:32] INFO {'epoch': 34, 'beauty_10_ndcg@20': tensor(0.0343), 'beauty_10_recall@20': tensor(0.0779), 'ndcg@20': tensor(0.0343), 'recall@20': tensor(0.0779), 'train_loss_0': tensor(0.4380, device='cuda:0')}
[2026-01-22 09:21:32] INFO training_time: 2697.0241045951843
[2026-01-22 09:21:32] INFO inference_time: 28.88136887550354
[2026-01-22 09:22:51] INFO {'epoch': 35, 'beauty_10_ndcg@20': tensor(0.0333), 'beauty_10_recall@20': tensor(0.0791), 'ndcg@20': tensor(0.0333), 'recall@20': tensor(0.0791), 'train_loss_0': tensor(0.4384, device='cuda:0')}
[2026-01-22 09:22:51] INFO training_time: 2775.5740826129913
[2026-01-22 09:22:51] INFO inference_time: 29.688847541809082
[2026-01-22 09:24:11] INFO {'epoch': 36, 'beauty_10_ndcg@20': tensor(0.0333), 'beauty_10_recall@20': tensor(0.0799), 'ndcg@20': tensor(0.0333), 'recall@20': tensor(0.0799), 'train_loss_0': tensor(0.4332, device='cuda:0')}
[2026-01-22 09:24:11] INFO training_time: 2854.1663353443146
[2026-01-22 09:24:11] INFO inference_time: 30.51866888999939
[2026-01-22 09:25:30] INFO {'epoch': 37, 'beauty_10_ndcg@20': tensor(0.0341), 'beauty_10_recall@20': tensor(0.0792), 'ndcg@20': tensor(0.0341), 'recall@20': tensor(0.0792), 'train_loss_0': tensor(0.4328, device='cuda:0')}
[2026-01-22 09:25:30] INFO training_time: 2932.935378074646
[2026-01-22 09:25:30] INFO inference_time: 31.421767473220825
[2026-01-22 09:26:49] INFO {'epoch': 38, 'beauty_10_ndcg@20': tensor(0.0348), 'beauty_10_recall@20': tensor(0.0811), 'ndcg@20': tensor(0.0348), 'recall@20': tensor(0.0811), 'train_loss_0': tensor(0.4327, device='cuda:0')}
[2026-01-22 09:26:49] INFO training_time: 3011.2784028053284
[2026-01-22 09:26:49] INFO inference_time: 32.16663670539856
[2026-01-22 09:28:09] INFO {'epoch': 39, 'beauty_10_ndcg@20': tensor(0.0350), 'beauty_10_recall@20': tensor(0.0815), 'ndcg@20': tensor(0.0350), 'recall@20': tensor(0.0815), 'train_loss_0': tensor(0.4321, device='cuda:0')}
[2026-01-22 09:28:09] INFO training_time: 3089.7712059020996
[2026-01-22 09:28:09] INFO inference_time: 32.97596621513367
[2026-01-22 09:28:09] INFO ndcg@20 improved. Best value: 0.0350
[2026-01-22 09:28:09] INFO Best model checkpoint saved in saved/SASRec/noisy_10/2026-01-22-08-35-59-772766.ckpt.
[2026-01-22 09:29:28] INFO {'epoch': 40, 'beauty_10_ndcg@20': tensor(0.0350), 'beauty_10_recall@20': tensor(0.0825), 'ndcg@20': tensor(0.0350), 'recall@20': tensor(0.0825), 'train_loss_0': tensor(0.4291, device='cuda:0')}
[2026-01-22 09:29:28] INFO training_time: 3168.2903356552124
[2026-01-22 09:29:28] INFO inference_time: 34.073015451431274
[2026-01-22 09:29:28] INFO ndcg@20 improved. Best value: 0.0350
[2026-01-22 09:29:28] INFO Best model checkpoint saved in saved/SASRec/noisy_10/2026-01-22-08-35-59-772766.ckpt.
[2026-01-22 09:30:48] INFO {'epoch': 41, 'beauty_10_ndcg@20': tensor(0.0355), 'beauty_10_recall@20': tensor(0.0821), 'ndcg@20': tensor(0.0355), 'recall@20': tensor(0.0821), 'train_loss_0': tensor(0.4287, device='cuda:0')}
[2026-01-22 09:30:48] INFO training_time: 3246.848258495331
[2026-01-22 09:30:48] INFO inference_time: 34.78359055519104
[2026-01-22 09:30:48] INFO ndcg@20 improved. Best value: 0.0355
[2026-01-22 09:30:48] INFO Best model checkpoint saved in saved/SASRec/noisy_10/2026-01-22-08-35-59-772766.ckpt.
[2026-01-22 09:32:07] INFO {'epoch': 42, 'beauty_10_ndcg@20': tensor(0.0349), 'beauty_10_recall@20': tensor(0.0813), 'ndcg@20': tensor(0.0349), 'recall@20': tensor(0.0813), 'train_loss_0': tensor(0.4275, device='cuda:0')}
[2026-01-22 09:32:07] INFO training_time: 3325.453269958496
[2026-01-22 09:32:07] INFO inference_time: 35.51938796043396
[2026-01-22 09:33:27] INFO {'epoch': 43, 'beauty_10_ndcg@20': tensor(0.0351), 'beauty_10_recall@20': tensor(0.0838), 'ndcg@20': tensor(0.0351), 'recall@20': tensor(0.0838), 'train_loss_0': tensor(0.4275, device='cuda:0')}
[2026-01-22 09:33:27] INFO training_time: 3404.3622064590454
[2026-01-22 09:33:27] INFO inference_time: 36.35972833633423
[2026-01-22 09:34:47] INFO {'epoch': 44, 'beauty_10_ndcg@20': tensor(0.0350), 'beauty_10_recall@20': tensor(0.0821), 'ndcg@20': tensor(0.0350), 'recall@20': tensor(0.0821), 'train_loss_0': tensor(0.4254, device='cuda:0')}
[2026-01-22 09:34:47] INFO training_time: 3483.304599046707
[2026-01-22 09:34:47] INFO inference_time: 37.34133839607239
[2026-01-22 09:36:06] INFO {'epoch': 45, 'beauty_10_ndcg@20': tensor(0.0351), 'beauty_10_recall@20': tensor(0.0828), 'ndcg@20': tensor(0.0351), 'recall@20': tensor(0.0828), 'train_loss_0': tensor(0.4211, device='cuda:0')}
[2026-01-22 09:36:06] INFO training_time: 3561.9011187553406
[2026-01-22 09:36:06] INFO inference_time: 38.35924005508423
[2026-01-22 09:37:25] INFO {'epoch': 46, 'beauty_10_ndcg@20': tensor(0.0345), 'beauty_10_recall@20': tensor(0.0817), 'ndcg@20': tensor(0.0345), 'recall@20': tensor(0.0817), 'train_loss_0': tensor(0.4167, device='cuda:0')}
[2026-01-22 09:37:25] INFO training_time: 3640.3443551063538
[2026-01-22 09:37:25] INFO inference_time: 39.09053373336792
[2026-01-22 09:38:45] INFO {'epoch': 47, 'beauty_10_ndcg@20': tensor(0.0355), 'beauty_10_recall@20': tensor(0.0812), 'ndcg@20': tensor(0.0355), 'recall@20': tensor(0.0812), 'train_loss_0': tensor(0.4187, device='cuda:0')}
[2026-01-22 09:38:45] INFO training_time: 3719.287418603897
[2026-01-22 09:38:45] INFO inference_time: 39.92266917228699
[2026-01-22 09:38:45] INFO ndcg@20 improved. Best value: 0.0355
[2026-01-22 09:38:45] INFO Best model checkpoint saved in saved/SASRec/noisy_10/2026-01-22-08-35-59-772766.ckpt.
[2026-01-22 09:40:04] INFO {'epoch': 48, 'beauty_10_ndcg@20': tensor(0.0349), 'beauty_10_recall@20': tensor(0.0823), 'ndcg@20': tensor(0.0349), 'recall@20': tensor(0.0823), 'train_loss_0': tensor(0.4197, device='cuda:0')}
[2026-01-22 09:40:04] INFO training_time: 3797.538995027542
[2026-01-22 09:40:04] INFO inference_time: 40.6858115196228
[2026-01-22 09:41:24] INFO {'epoch': 49, 'beauty_10_ndcg@20': tensor(0.0348), 'beauty_10_recall@20': tensor(0.0826), 'ndcg@20': tensor(0.0348), 'recall@20': tensor(0.0826), 'train_loss_0': tensor(0.4154, device='cuda:0')}
[2026-01-22 09:41:24] INFO training_time: 3876.071566581726
[2026-01-22 09:41:24] INFO inference_time: 41.372920751571655
[2026-01-22 09:42:44] INFO {'epoch': 50, 'beauty_10_ndcg@20': tensor(0.0341), 'beauty_10_recall@20': tensor(0.0811), 'ndcg@20': tensor(0.0341), 'recall@20': tensor(0.0811), 'train_loss_0': tensor(0.4174, device='cuda:0')}
[2026-01-22 09:42:44] INFO training_time: 3955.2348392009735
[2026-01-22 09:42:44] INFO inference_time: 42.43368577957153
[2026-01-22 09:44:03] INFO {'epoch': 51, 'beauty_10_ndcg@20': tensor(0.0347), 'beauty_10_recall@20': tensor(0.0816), 'ndcg@20': tensor(0.0347), 'recall@20': tensor(0.0816), 'train_loss_0': tensor(0.4114, device='cuda:0')}
[2026-01-22 09:44:03] INFO training_time: 4033.5447397232056
[2026-01-22 09:44:03] INFO inference_time: 43.357393980026245
[2026-01-22 09:45:22] INFO {'epoch': 52, 'beauty_10_ndcg@20': tensor(0.0347), 'beauty_10_recall@20': tensor(0.0821), 'ndcg@20': tensor(0.0347), 'recall@20': tensor(0.0821), 'train_loss_0': tensor(0.4135, device='cuda:0')}
[2026-01-22 09:45:22] INFO training_time: 4112.211762666702
[2026-01-22 09:45:22] INFO inference_time: 44.162935733795166
[2026-01-22 09:46:42] INFO {'epoch': 53, 'beauty_10_ndcg@20': tensor(0.0344), 'beauty_10_recall@20': tensor(0.0823), 'ndcg@20': tensor(0.0344), 'recall@20': tensor(0.0823), 'train_loss_0': tensor(0.4110, device='cuda:0')}
[2026-01-22 09:46:42] INFO training_time: 4190.863645553589
[2026-01-22 09:46:42] INFO inference_time: 44.95475745201111
[2026-01-22 09:48:02] INFO {'epoch': 54, 'beauty_10_ndcg@20': tensor(0.0350), 'beauty_10_recall@20': tensor(0.0823), 'ndcg@20': tensor(0.0350), 'recall@20': tensor(0.0823), 'train_loss_0': tensor(0.4107, device='cuda:0')}
[2026-01-22 09:48:02] INFO training_time: 4269.8574640750885
[2026-01-22 09:48:02] INFO inference_time: 45.849509954452515
[2026-01-22 09:49:21] INFO {'epoch': 55, 'beauty_10_ndcg@20': tensor(0.0349), 'beauty_10_recall@20': tensor(0.0819), 'ndcg@20': tensor(0.0349), 'recall@20': tensor(0.0819), 'train_loss_0': tensor(0.4109, device='cuda:0')}
[2026-01-22 09:49:21] INFO training_time: 4348.324908494949
[2026-01-22 09:49:21] INFO inference_time: 46.62629699707031
[2026-01-22 09:50:41] INFO {'epoch': 56, 'beauty_10_ndcg@20': tensor(0.0356), 'beauty_10_recall@20': tensor(0.0836), 'ndcg@20': tensor(0.0356), 'recall@20': tensor(0.0836), 'train_loss_0': tensor(0.4112, device='cuda:0')}
[2026-01-22 09:50:41] INFO training_time: 4427.043468952179
[2026-01-22 09:50:41] INFO inference_time: 47.50844764709473
[2026-01-22 09:50:41] INFO ndcg@20 improved. Best value: 0.0356
[2026-01-22 09:50:41] INFO Best model checkpoint saved in saved/SASRec/noisy_10/2026-01-22-08-35-59-772766.ckpt.
[2026-01-22 09:52:00] INFO {'epoch': 57, 'beauty_10_ndcg@20': tensor(0.0351), 'beauty_10_recall@20': tensor(0.0808), 'ndcg@20': tensor(0.0351), 'recall@20': tensor(0.0808), 'train_loss_0': tensor(0.4070, device='cuda:0')}
[2026-01-22 09:52:00] INFO training_time: 4505.590032577515
[2026-01-22 09:52:00] INFO inference_time: 48.28617286682129
[2026-01-22 09:53:19] INFO {'epoch': 58, 'beauty_10_ndcg@20': tensor(0.0351), 'beauty_10_recall@20': tensor(0.0828), 'ndcg@20': tensor(0.0351), 'recall@20': tensor(0.0828), 'train_loss_0': tensor(0.4073, device='cuda:0')}
[2026-01-22 09:53:19] INFO training_time: 4584.182416915894
[2026-01-22 09:53:19] INFO inference_time: 49.08645248413086
[2026-01-22 09:54:31] INFO {'epoch': 59, 'beauty_10_ndcg@20': tensor(0.0348), 'beauty_10_recall@20': tensor(0.0798), 'ndcg@20': tensor(0.0348), 'recall@20': tensor(0.0798), 'train_loss_0': tensor(0.4035, device='cuda:0')}
[2026-01-22 09:54:31] INFO training_time: 4654.734044313431
[2026-01-22 09:54:31] INFO inference_time: 49.80985164642334
[2026-01-22 09:55:43] INFO {'epoch': 60, 'beauty_10_ndcg@20': tensor(0.0347), 'beauty_10_recall@20': tensor(0.0814), 'ndcg@20': tensor(0.0347), 'recall@20': tensor(0.0814), 'train_loss_0': tensor(0.4042, device='cuda:0')}
[2026-01-22 09:55:43] INFO training_time: 4725.574683189392
[2026-01-22 09:55:43] INFO inference_time: 50.7922146320343
[2026-01-22 09:56:54] INFO {'epoch': 61, 'beauty_10_ndcg@20': tensor(0.0353), 'beauty_10_recall@20': tensor(0.0813), 'ndcg@20': tensor(0.0353), 'recall@20': tensor(0.0813), 'train_loss_0': tensor(0.4044, device='cuda:0')}
[2026-01-22 09:56:54] INFO training_time: 4796.204799413681
[2026-01-22 09:56:54] INFO inference_time: 51.49846577644348
[2026-01-22 09:58:05] INFO {'epoch': 62, 'beauty_10_ndcg@20': tensor(0.0343), 'beauty_10_recall@20': tensor(0.0805), 'ndcg@20': tensor(0.0343), 'recall@20': tensor(0.0805), 'train_loss_0': tensor(0.4014, device='cuda:0')}
[2026-01-22 09:58:05] INFO training_time: 4866.800984144211
[2026-01-22 09:58:05] INFO inference_time: 52.187989234924316
[2026-01-22 09:59:16] INFO {'epoch': 63, 'beauty_10_ndcg@20': tensor(0.0348), 'beauty_10_recall@20': tensor(0.0822), 'ndcg@20': tensor(0.0348), 'recall@20': tensor(0.0822), 'train_loss_0': tensor(0.4007, device='cuda:0')}
[2026-01-22 09:59:16] INFO training_time: 4937.077740430832
[2026-01-22 09:59:16] INFO inference_time: 52.88693308830261
[2026-01-22 10:00:27] INFO {'epoch': 64, 'beauty_10_ndcg@20': tensor(0.0358), 'beauty_10_recall@20': tensor(0.0828), 'ndcg@20': tensor(0.0358), 'recall@20': tensor(0.0828), 'train_loss_0': tensor(0.3993, device='cuda:0')}
[2026-01-22 10:00:27] INFO training_time: 5007.411019563675
[2026-01-22 10:00:27] INFO inference_time: 53.611929416656494
[2026-01-22 10:00:27] INFO ndcg@20 improved. Best value: 0.0358
[2026-01-22 10:00:27] INFO Best model checkpoint saved in saved/SASRec/noisy_10/2026-01-22-08-35-59-772766.ckpt.
[2026-01-22 10:01:38] INFO {'epoch': 65, 'beauty_10_ndcg@20': tensor(0.0355), 'beauty_10_recall@20': tensor(0.0821), 'ndcg@20': tensor(0.0355), 'recall@20': tensor(0.0821), 'train_loss_0': tensor(0.3992, device='cuda:0')}
[2026-01-22 10:01:38] INFO training_time: 5077.823543310165
[2026-01-22 10:01:38] INFO inference_time: 54.3297061920166
[2026-01-22 10:02:50] INFO {'epoch': 66, 'beauty_10_ndcg@20': tensor(0.0344), 'beauty_10_recall@20': tensor(0.0815), 'ndcg@20': tensor(0.0344), 'recall@20': tensor(0.0815), 'train_loss_0': tensor(0.3985, device='cuda:0')}
[2026-01-22 10:02:50] INFO training_time: 5148.1880095005035
[2026-01-22 10:02:50] INFO inference_time: 55.1816086769104
[2026-01-22 10:04:01] INFO {'epoch': 67, 'beauty_10_ndcg@20': tensor(0.0354), 'beauty_10_recall@20': tensor(0.0836), 'ndcg@20': tensor(0.0354), 'recall@20': tensor(0.0836), 'train_loss_0': tensor(0.3987, device='cuda:0')}
[2026-01-22 10:04:01] INFO training_time: 5218.496577978134
[2026-01-22 10:04:01] INFO inference_time: 56.127286434173584
[2026-01-22 10:05:12] INFO {'epoch': 68, 'beauty_10_ndcg@20': tensor(0.0347), 'beauty_10_recall@20': tensor(0.0827), 'ndcg@20': tensor(0.0347), 'recall@20': tensor(0.0827), 'train_loss_0': tensor(0.3966, device='cuda:0')}
[2026-01-22 10:05:12] INFO training_time: 5288.866978645325
[2026-01-22 10:05:12] INFO inference_time: 56.98106408119202
[2026-01-22 10:06:23] INFO {'epoch': 69, 'beauty_10_ndcg@20': tensor(0.0341), 'beauty_10_recall@20': tensor(0.0810), 'ndcg@20': tensor(0.0341), 'recall@20': tensor(0.0810), 'train_loss_0': tensor(0.3976, device='cuda:0')}
[2026-01-22 10:06:23] INFO training_time: 5359.233213663101
[2026-01-22 10:06:23] INFO inference_time: 57.69855976104736
[2026-01-22 10:07:35] INFO {'epoch': 70, 'beauty_10_ndcg@20': tensor(0.0342), 'beauty_10_recall@20': tensor(0.0809), 'ndcg@20': tensor(0.0342), 'recall@20': tensor(0.0809), 'train_loss_0': tensor(0.3932, device='cuda:0')}
[2026-01-22 10:07:35] INFO training_time: 5429.81583237648
[2026-01-22 10:07:35] INFO inference_time: 58.7239785194397
[2026-01-22 10:08:46] INFO {'epoch': 71, 'beauty_10_ndcg@20': tensor(0.0345), 'beauty_10_recall@20': tensor(0.0814), 'ndcg@20': tensor(0.0345), 'recall@20': tensor(0.0814), 'train_loss_0': tensor(0.3948, device='cuda:0')}
[2026-01-22 10:08:46] INFO training_time: 5500.41172170639
[2026-01-22 10:08:46] INFO inference_time: 59.42810559272766
[2026-01-22 10:09:54] INFO {'epoch': 72, 'beauty_10_ndcg@20': tensor(0.0354), 'beauty_10_recall@20': tensor(0.0836), 'ndcg@20': tensor(0.0354), 'recall@20': tensor(0.0836), 'train_loss_0': tensor(0.3975, device='cuda:0')}
[2026-01-22 10:09:54] INFO training_time: 5567.121021032333
[2026-01-22 10:09:54] INFO inference_time: 60.258344411849976
[2026-01-22 10:10:57] INFO {'epoch': 73, 'beauty_10_ndcg@20': tensor(0.0349), 'beauty_10_recall@20': tensor(0.0808), 'ndcg@20': tensor(0.0349), 'recall@20': tensor(0.0808), 'train_loss_0': tensor(0.3946, device='cuda:0')}
[2026-01-22 10:10:57] INFO training_time: 5629.574765205383
[2026-01-22 10:10:57] INFO inference_time: 61.01924228668213
[2026-01-22 10:12:00] INFO {'epoch': 74, 'beauty_10_ndcg@20': tensor(0.0357), 'beauty_10_recall@20': tensor(0.0831), 'ndcg@20': tensor(0.0357), 'recall@20': tensor(0.0831), 'train_loss_0': tensor(0.3943, device='cuda:0')}
[2026-01-22 10:12:00] INFO training_time: 5691.907982349396
[2026-01-22 10:12:00] INFO inference_time: 61.76404643058777
[2026-01-22 10:13:03] INFO {'epoch': 75, 'beauty_10_ndcg@20': tensor(0.0357), 'beauty_10_recall@20': tensor(0.0840), 'ndcg@20': tensor(0.0357), 'recall@20': tensor(0.0840), 'train_loss_0': tensor(0.3925, device='cuda:0')}
[2026-01-22 10:13:03] INFO training_time: 5754.116512060165
[2026-01-22 10:13:03] INFO inference_time: 62.54825234413147
[2026-01-22 10:14:06] INFO {'epoch': 76, 'beauty_10_ndcg@20': tensor(0.0354), 'beauty_10_recall@20': tensor(0.0837), 'ndcg@20': tensor(0.0354), 'recall@20': tensor(0.0837), 'train_loss_0': tensor(0.3912, device='cuda:0')}
[2026-01-22 10:14:06] INFO training_time: 5816.609620809555
[2026-01-22 10:14:06] INFO inference_time: 63.298689126968384
[2026-01-22 10:15:10] INFO {'epoch': 77, 'beauty_10_ndcg@20': tensor(0.0366), 'beauty_10_recall@20': tensor(0.0845), 'ndcg@20': tensor(0.0366), 'recall@20': tensor(0.0845), 'train_loss_0': tensor(0.3904, device='cuda:0')}
[2026-01-22 10:15:10] INFO training_time: 5879.238127708435
[2026-01-22 10:15:10] INFO inference_time: 64.30496096611023
[2026-01-22 10:15:10] INFO ndcg@20 improved. Best value: 0.0366
[2026-01-22 10:15:10] INFO Best model checkpoint saved in saved/SASRec/noisy_10/2026-01-22-08-35-59-772766.ckpt.
[2026-01-22 10:16:13] INFO {'epoch': 78, 'beauty_10_ndcg@20': tensor(0.0357), 'beauty_10_recall@20': tensor(0.0843), 'ndcg@20': tensor(0.0357), 'recall@20': tensor(0.0843), 'train_loss_0': tensor(0.3883, device='cuda:0')}
[2026-01-22 10:16:13] INFO training_time: 5941.631024837494
[2026-01-22 10:16:13] INFO inference_time: 65.12196111679077
[2026-01-22 10:17:16] INFO {'epoch': 79, 'beauty_10_ndcg@20': tensor(0.0364), 'beauty_10_recall@20': tensor(0.0846), 'ndcg@20': tensor(0.0364), 'recall@20': tensor(0.0846), 'train_loss_0': tensor(0.3900, device='cuda:0')}
[2026-01-22 10:17:16] INFO training_time: 6003.941979885101
[2026-01-22 10:17:16] INFO inference_time: 66.02287793159485
[2026-01-22 10:18:18] INFO {'epoch': 80, 'beauty_10_ndcg@20': tensor(0.0346), 'beauty_10_recall@20': tensor(0.0823), 'ndcg@20': tensor(0.0346), 'recall@20': tensor(0.0823), 'train_loss_0': tensor(0.3888, device='cuda:0')}
[2026-01-22 10:18:18] INFO training_time: 6064.835401773453
[2026-01-22 10:18:18] INFO inference_time: 67.04365754127502
[2026-01-22 10:19:14] INFO {'epoch': 81, 'beauty_10_ndcg@20': tensor(0.0354), 'beauty_10_recall@20': tensor(0.0816), 'ndcg@20': tensor(0.0354), 'recall@20': tensor(0.0816), 'train_loss_0': tensor(0.3874, device='cuda:0')}
[2026-01-22 10:19:14] INFO training_time: 6119.876405477524
[2026-01-22 10:19:14] INFO inference_time: 67.84544682502747
[2026-01-22 10:20:09] INFO {'epoch': 82, 'beauty_10_ndcg@20': tensor(0.0359), 'beauty_10_recall@20': tensor(0.0834), 'ndcg@20': tensor(0.0359), 'recall@20': tensor(0.0834), 'train_loss_0': tensor(0.3868, device='cuda:0')}
[2026-01-22 10:20:09] INFO training_time: 6173.9981253147125
[2026-01-22 10:20:09] INFO inference_time: 68.62634539604187
[2026-01-22 10:20:57] INFO {'epoch': 83, 'beauty_10_ndcg@20': tensor(0.0349), 'beauty_10_recall@20': tensor(0.0837), 'ndcg@20': tensor(0.0349), 'recall@20': tensor(0.0837), 'train_loss_0': tensor(0.3865, device='cuda:0')}
[2026-01-22 10:20:57] INFO training_time: 6221.418312072754
[2026-01-22 10:20:57] INFO inference_time: 69.56741762161255
[2026-01-22 10:21:46] INFO {'epoch': 84, 'beauty_10_ndcg@20': tensor(0.0349), 'beauty_10_recall@20': tensor(0.0821), 'ndcg@20': tensor(0.0349), 'recall@20': tensor(0.0821), 'train_loss_0': tensor(0.3851, device='cuda:0')}
[2026-01-22 10:21:46] INFO training_time: 6269.530210494995
[2026-01-22 10:21:46] INFO inference_time: 70.36235857009888
[2026-01-22 10:22:34] INFO {'epoch': 85, 'beauty_10_ndcg@20': tensor(0.0356), 'beauty_10_recall@20': tensor(0.0845), 'ndcg@20': tensor(0.0356), 'recall@20': tensor(0.0845), 'train_loss_0': tensor(0.3837, device='cuda:0')}
[2026-01-22 10:22:34] INFO training_time: 6316.328010559082
[2026-01-22 10:22:34] INFO inference_time: 71.01155710220337
[2026-01-22 10:23:23] INFO {'epoch': 86, 'beauty_10_ndcg@20': tensor(0.0356), 'beauty_10_recall@20': tensor(0.0830), 'ndcg@20': tensor(0.0356), 'recall@20': tensor(0.0830), 'train_loss_0': tensor(0.3808, device='cuda:0')}
[2026-01-22 10:23:23] INFO training_time: 6364.159854412079
[2026-01-22 10:23:23] INFO inference_time: 71.9765796661377
[2026-01-22 10:24:11] INFO {'epoch': 87, 'beauty_10_ndcg@20': tensor(0.0346), 'beauty_10_recall@20': tensor(0.0813), 'ndcg@20': tensor(0.0346), 'recall@20': tensor(0.0813), 'train_loss_0': tensor(0.3851, device='cuda:0')}
[2026-01-22 10:24:11] INFO training_time: 6411.69188451767
[2026-01-22 10:24:11] INFO inference_time: 72.70820116996765
[2026-01-22 10:25:00] INFO {'epoch': 88, 'beauty_10_ndcg@20': tensor(0.0346), 'beauty_10_recall@20': tensor(0.0838), 'ndcg@20': tensor(0.0346), 'recall@20': tensor(0.0838), 'train_loss_0': tensor(0.3839, device='cuda:0')}
[2026-01-22 10:25:00] INFO training_time: 6459.62761425972
[2026-01-22 10:25:00] INFO inference_time: 73.3563597202301
[2026-01-22 10:25:48] INFO {'epoch': 89, 'beauty_10_ndcg@20': tensor(0.0353), 'beauty_10_recall@20': tensor(0.0829), 'ndcg@20': tensor(0.0353), 'recall@20': tensor(0.0829), 'train_loss_0': tensor(0.3813, device='cuda:0')}
[2026-01-22 10:25:48] INFO training_time: 6507.523477554321
[2026-01-22 10:25:48] INFO inference_time: 74.2023024559021
[2026-01-22 10:26:37] INFO {'epoch': 90, 'beauty_10_ndcg@20': tensor(0.0349), 'beauty_10_recall@20': tensor(0.0824), 'ndcg@20': tensor(0.0349), 'recall@20': tensor(0.0824), 'train_loss_0': tensor(0.3827, device='cuda:0')}
[2026-01-22 10:26:37] INFO training_time: 6555.56791138649
[2026-01-22 10:26:37] INFO inference_time: 75.0276517868042
[2026-01-22 10:27:25] INFO {'epoch': 91, 'beauty_10_ndcg@20': tensor(0.0360), 'beauty_10_recall@20': tensor(0.0832), 'ndcg@20': tensor(0.0360), 'recall@20': tensor(0.0832), 'train_loss_0': tensor(0.3813, device='cuda:0')}
[2026-01-22 10:27:25] INFO training_time: 6603.2562301158905
[2026-01-22 10:27:25] INFO inference_time: 75.68970060348511
[2026-01-22 10:28:13] INFO {'epoch': 92, 'beauty_10_ndcg@20': tensor(0.0350), 'beauty_10_recall@20': tensor(0.0823), 'ndcg@20': tensor(0.0350), 'recall@20': tensor(0.0823), 'train_loss_0': tensor(0.3814, device='cuda:0')}
[2026-01-22 10:28:13] INFO training_time: 6650.422456264496
[2026-01-22 10:28:13] INFO inference_time: 76.32984519004822
[2026-01-22 10:29:02] INFO {'epoch': 93, 'beauty_10_ndcg@20': tensor(0.0351), 'beauty_10_recall@20': tensor(0.0832), 'ndcg@20': tensor(0.0351), 'recall@20': tensor(0.0832), 'train_loss_0': tensor(0.3818, device='cuda:0')}
[2026-01-22 10:29:02] INFO training_time: 6697.997429609299
[2026-01-22 10:29:02] INFO inference_time: 77.19881582260132
[2026-01-22 10:29:51] INFO {'epoch': 94, 'beauty_10_ndcg@20': tensor(0.0351), 'beauty_10_recall@20': tensor(0.0844), 'ndcg@20': tensor(0.0351), 'recall@20': tensor(0.0844), 'train_loss_0': tensor(0.3812, device='cuda:0')}
[2026-01-22 10:29:51] INFO training_time: 6746.164406299591
[2026-01-22 10:29:51] INFO inference_time: 77.8675286769867
[2026-01-22 10:30:39] INFO {'epoch': 95, 'beauty_10_ndcg@20': tensor(0.0360), 'beauty_10_recall@20': tensor(0.0846), 'ndcg@20': tensor(0.0360), 'recall@20': tensor(0.0846), 'train_loss_0': tensor(0.3790, device='cuda:0')}
[2026-01-22 10:30:39] INFO training_time: 6794.278240203857
[2026-01-22 10:30:39] INFO inference_time: 78.52928757667542
[2026-01-22 10:31:28] INFO {'epoch': 96, 'beauty_10_ndcg@20': tensor(0.0366), 'beauty_10_recall@20': tensor(0.0846), 'ndcg@20': tensor(0.0366), 'recall@20': tensor(0.0846), 'train_loss_0': tensor(0.3809, device='cuda:0')}
[2026-01-22 10:31:28] INFO training_time: 6842.129853725433
[2026-01-22 10:31:28] INFO inference_time: 79.17895913124084
[2026-01-22 10:32:16] INFO {'epoch': 97, 'beauty_10_ndcg@20': tensor(0.0360), 'beauty_10_recall@20': tensor(0.0839), 'ndcg@20': tensor(0.0360), 'recall@20': tensor(0.0839), 'train_loss_0': tensor(0.3792, device='cuda:0')}
[2026-01-22 10:32:16] INFO training_time: 6889.646414041519
[2026-01-22 10:32:16] INFO inference_time: 79.98398685455322
[2026-01-22 10:32:16] INFO Early stopped. Since the metric ndcg@20 haven't been improved for 20 epochs.
[2026-01-22 10:32:16] INFO The best score of ndcg@20 is 0.0366 on epoch 77
[2026-01-22 10:32:16] INFO Best model checkpoint saved in saved/SASRec/noisy_10/2026-01-22-08-35-59-772766.ckpt.
[2026-01-22 10:32:17] INFO defaultdict(<class 'float'>, {'beauty_10_ndcg@20': tensor(0.0286), 'beauty_10_recall@20': tensor(0.0660), 'beauty_10_ndcg@10': tensor(0.0230), 'beauty_10_recall@10': tensor(0.0440), 'ndcg@20': tensor(0.0286), 'recall@20': tensor(0.0660), 'ndcg@10': tensor(0.0230), 'recall@10': tensor(0.0440)})
