[2026-01-21 21:06:39] INFO PID of this process: 490719
[2026-01-21 21:06:46] INFO {'model': {'embed_dim': 64, 'loss_fn': 'bce', 'hidden_size': 128, 'layer_num': 2, 'head_num': 2, 'dropout_rate': 0.5, 'activation': 'gelu', 'layer_norm_eps': 1e-12, 'model': 'SASRec'}, 'data': {'domain_name_list': ['beauty_10'], 'user_threshold': 5, 'item_threshold': 5, 'max_seq_len': 50, 'dataset_class': 'general', 'train_file': '_regen', 'dataset': 'noisy_10'}, 'train': {'batch_size': 256, 'early_stop_mode': 'max', 'early_stop_patience': 20, 'epochs': 1000, 'device': 'cuda', 'optimizer': 'adam', 'learning_rate': 0.001, 'weight_decay': 0, 'num_neg': 1, 'seed': 2025}, 'eval': {'batch_size': 2048, 'cutoff': [20, 10], 'val_metrics': ['ndcg', 'recall'], 'test_metrics': ['ndcg', 'recall'], 'topk': 100, 'save_path': './saved/'}}
[2026-01-21 21:06:46] INFO <data.dataset.SeparateDataset object at 0x7feeec7171f0>
[2026-01-21 21:06:46] INFO save_dir:saved
[2026-01-21 21:06:46] INFO SASRec(
  (item_embedding): Embedding(12102, 64, padding_idx=0)
  (query_encoder): SASRecQueryEncoder(
    (item_encoder): Embedding(12102, 64, padding_idx=0)
    (position_emb): Embedding(50, 64)
    (transformer_layer): TransformerEncoder(
      (layers): ModuleList(
        (0): TransformerEncoderLayer(
          (self_attn): MultiheadAttention(
            (out_proj): NonDynamicallyQuantizableLinear(in_features=64, out_features=64, bias=True)
          )
          (linear1): Linear(in_features=64, out_features=128, bias=True)
          (dropout): Dropout(p=0.5, inplace=False)
          (linear2): Linear(in_features=128, out_features=64, bias=True)
          (norm1): LayerNorm((64,), eps=1e-12, elementwise_affine=True)
          (norm2): LayerNorm((64,), eps=1e-12, elementwise_affine=True)
          (dropout1): Dropout(p=0.5, inplace=False)
          (dropout2): Dropout(p=0.5, inplace=False)
        )
        (1): TransformerEncoderLayer(
          (self_attn): MultiheadAttention(
            (out_proj): NonDynamicallyQuantizableLinear(in_features=64, out_features=64, bias=True)
          )
          (linear1): Linear(in_features=64, out_features=128, bias=True)
          (dropout): Dropout(p=0.5, inplace=False)
          (linear2): Linear(in_features=128, out_features=64, bias=True)
          (norm1): LayerNorm((64,), eps=1e-12, elementwise_affine=True)
          (norm2): LayerNorm((64,), eps=1e-12, elementwise_affine=True)
          (dropout1): Dropout(p=0.5, inplace=False)
          (dropout2): Dropout(p=0.5, inplace=False)
        )
      )
    )
    (dropout): Dropout(p=0.5, inplace=False)
    (training_pooling_layer): SeqPoolingLayer()
    (eval_pooling_layer): SeqPoolingLayer()
  )
  (loss_fn): BinaryCrossEntropyLoss()
)
[2026-01-21 21:07:38] INFO {'epoch': 0, 'beauty_10_ndcg@20': tensor(0.0125), 'beauty_10_recall@20': tensor(0.0309), 'ndcg@20': tensor(0.0125), 'recall@20': tensor(0.0309), 'train_loss_0': tensor(1.1760, device='cuda:0')}
[2026-01-21 21:07:38] INFO training_time: 50.64293575286865
[2026-01-21 21:07:38] INFO inference_time: 0.8391411304473877
[2026-01-21 21:07:38] INFO ndcg@20 improved. Best value: 0.0125
[2026-01-21 21:07:38] INFO Best model checkpoint saved in saved/SASRec/noisy_10/2026-01-21-21-06-39-280503.ckpt.
[2026-01-21 21:08:29] INFO {'epoch': 1, 'beauty_10_ndcg@20': tensor(0.0171), 'beauty_10_recall@20': tensor(0.0433), 'ndcg@20': tensor(0.0171), 'recall@20': tensor(0.0433), 'train_loss_0': tensor(1.0006, device='cuda:0')}
[2026-01-21 21:08:29] INFO training_time: 101.11509490013123
[2026-01-21 21:08:29] INFO inference_time: 1.6686019897460938
[2026-01-21 21:08:29] INFO ndcg@20 improved. Best value: 0.0171
[2026-01-21 21:08:29] INFO Best model checkpoint saved in saved/SASRec/noisy_10/2026-01-21-21-06-39-280503.ckpt.
[2026-01-21 21:09:20] INFO {'epoch': 2, 'beauty_10_ndcg@20': tensor(0.0212), 'beauty_10_recall@20': tensor(0.0530), 'ndcg@20': tensor(0.0212), 'recall@20': tensor(0.0530), 'train_loss_0': tensor(0.8910, device='cuda:0')}
[2026-01-21 21:09:20] INFO training_time: 151.34429168701172
[2026-01-21 21:09:20] INFO inference_time: 2.299661636352539
[2026-01-21 21:09:20] INFO ndcg@20 improved. Best value: 0.0212
[2026-01-21 21:09:20] INFO Best model checkpoint saved in saved/SASRec/noisy_10/2026-01-21-21-06-39-280503.ckpt.
[2026-01-21 21:10:11] INFO {'epoch': 3, 'beauty_10_ndcg@20': tensor(0.0228), 'beauty_10_recall@20': tensor(0.0555), 'ndcg@20': tensor(0.0228), 'recall@20': tensor(0.0555), 'train_loss_0': tensor(0.8014, device='cuda:0')}
[2026-01-21 21:10:11] INFO training_time: 201.87283062934875
[2026-01-21 21:10:11] INFO inference_time: 3.042816400527954
[2026-01-21 21:10:11] INFO ndcg@20 improved. Best value: 0.0228
[2026-01-21 21:10:11] INFO Best model checkpoint saved in saved/SASRec/noisy_10/2026-01-21-21-06-39-280503.ckpt.
[2026-01-21 21:11:02] INFO {'epoch': 4, 'beauty_10_ndcg@20': tensor(0.0265), 'beauty_10_recall@20': tensor(0.0647), 'ndcg@20': tensor(0.0265), 'recall@20': tensor(0.0647), 'train_loss_0': tensor(0.7348, device='cuda:0')}
[2026-01-21 21:11:02] INFO training_time: 252.13062930107117
[2026-01-21 21:11:02] INFO inference_time: 3.668530225753784
[2026-01-21 21:11:02] INFO ndcg@20 improved. Best value: 0.0265
[2026-01-21 21:11:02] INFO Best model checkpoint saved in saved/SASRec/noisy_10/2026-01-21-21-06-39-280503.ckpt.
[2026-01-21 21:11:53] INFO {'epoch': 5, 'beauty_10_ndcg@20': tensor(0.0297), 'beauty_10_recall@20': tensor(0.0702), 'ndcg@20': tensor(0.0297), 'recall@20': tensor(0.0702), 'train_loss_0': tensor(0.6805, device='cuda:0')}
[2026-01-21 21:11:53] INFO training_time: 302.18998408317566
[2026-01-21 21:11:53] INFO inference_time: 4.305992603302002
[2026-01-21 21:11:53] INFO ndcg@20 improved. Best value: 0.0297
[2026-01-21 21:11:53] INFO Best model checkpoint saved in saved/SASRec/noisy_10/2026-01-21-21-06-39-280503.ckpt.
[2026-01-21 21:12:44] INFO {'epoch': 6, 'beauty_10_ndcg@20': tensor(0.0298), 'beauty_10_recall@20': tensor(0.0702), 'ndcg@20': tensor(0.0298), 'recall@20': tensor(0.0702), 'train_loss_0': tensor(0.6390, device='cuda:0')}
[2026-01-21 21:12:44] INFO training_time: 352.4132387638092
[2026-01-21 21:12:44] INFO inference_time: 4.932897567749023
[2026-01-21 21:12:44] INFO ndcg@20 improved. Best value: 0.0298
[2026-01-21 21:12:44] INFO Best model checkpoint saved in saved/SASRec/noisy_10/2026-01-21-21-06-39-280503.ckpt.
[2026-01-21 21:13:34] INFO {'epoch': 7, 'beauty_10_ndcg@20': tensor(0.0300), 'beauty_10_recall@20': tensor(0.0711), 'ndcg@20': tensor(0.0300), 'recall@20': tensor(0.0711), 'train_loss_0': tensor(0.6116, device='cuda:0')}
[2026-01-21 21:13:34] INFO training_time: 402.4844093322754
[2026-01-21 21:13:34] INFO inference_time: 5.595137119293213
[2026-01-21 21:13:34] INFO ndcg@20 improved. Best value: 0.0300
[2026-01-21 21:13:35] INFO Best model checkpoint saved in saved/SASRec/noisy_10/2026-01-21-21-06-39-280503.ckpt.
[2026-01-21 21:14:25] INFO {'epoch': 8, 'beauty_10_ndcg@20': tensor(0.0311), 'beauty_10_recall@20': tensor(0.0741), 'ndcg@20': tensor(0.0311), 'recall@20': tensor(0.0741), 'train_loss_0': tensor(0.5874, device='cuda:0')}
[2026-01-21 21:14:25] INFO training_time: 452.4122619628906
[2026-01-21 21:14:25] INFO inference_time: 6.220994234085083
[2026-01-21 21:14:25] INFO ndcg@20 improved. Best value: 0.0311
[2026-01-21 21:14:25] INFO Best model checkpoint saved in saved/SASRec/noisy_10/2026-01-21-21-06-39-280503.ckpt.
[2026-01-21 21:15:16] INFO {'epoch': 9, 'beauty_10_ndcg@20': tensor(0.0318), 'beauty_10_recall@20': tensor(0.0763), 'ndcg@20': tensor(0.0318), 'recall@20': tensor(0.0763), 'train_loss_0': tensor(0.5722, device='cuda:0')}
[2026-01-21 21:15:16] INFO training_time: 502.207154750824
[2026-01-21 21:15:16] INFO inference_time: 6.897805452346802
[2026-01-21 21:15:16] INFO ndcg@20 improved. Best value: 0.0318
[2026-01-21 21:15:16] INFO Best model checkpoint saved in saved/SASRec/noisy_10/2026-01-21-21-06-39-280503.ckpt.
[2026-01-21 21:16:06] INFO {'epoch': 10, 'beauty_10_ndcg@20': tensor(0.0325), 'beauty_10_recall@20': tensor(0.0771), 'ndcg@20': tensor(0.0325), 'recall@20': tensor(0.0771), 'train_loss_0': tensor(0.5546, device='cuda:0')}
[2026-01-21 21:16:06] INFO training_time: 551.8793411254883
[2026-01-21 21:16:06] INFO inference_time: 8.033531904220581
[2026-01-21 21:16:06] INFO ndcg@20 improved. Best value: 0.0325
[2026-01-21 21:16:06] INFO Best model checkpoint saved in saved/SASRec/noisy_10/2026-01-21-21-06-39-280503.ckpt.
[2026-01-21 21:16:57] INFO {'epoch': 11, 'beauty_10_ndcg@20': tensor(0.0330), 'beauty_10_recall@20': tensor(0.0780), 'ndcg@20': tensor(0.0330), 'recall@20': tensor(0.0780), 'train_loss_0': tensor(0.5422, device='cuda:0')}
[2026-01-21 21:16:57] INFO training_time: 601.5446004867554
[2026-01-21 21:16:57] INFO inference_time: 8.757678508758545
[2026-01-21 21:16:57] INFO ndcg@20 improved. Best value: 0.0330
[2026-01-21 21:16:57] INFO Best model checkpoint saved in saved/SASRec/noisy_10/2026-01-21-21-06-39-280503.ckpt.
[2026-01-21 21:17:47] INFO {'epoch': 12, 'beauty_10_ndcg@20': tensor(0.0331), 'beauty_10_recall@20': tensor(0.0772), 'ndcg@20': tensor(0.0331), 'recall@20': tensor(0.0772), 'train_loss_0': tensor(0.5292, device='cuda:0')}
[2026-01-21 21:17:47] INFO training_time: 651.1282641887665
[2026-01-21 21:17:47] INFO inference_time: 9.472852230072021
[2026-01-21 21:17:47] INFO ndcg@20 improved. Best value: 0.0331
[2026-01-21 21:17:47] INFO Best model checkpoint saved in saved/SASRec/noisy_10/2026-01-21-21-06-39-280503.ckpt.
[2026-01-21 21:18:37] INFO {'epoch': 13, 'beauty_10_ndcg@20': tensor(0.0332), 'beauty_10_recall@20': tensor(0.0772), 'ndcg@20': tensor(0.0332), 'recall@20': tensor(0.0772), 'train_loss_0': tensor(0.5205, device='cuda:0')}
[2026-01-21 21:18:37] INFO training_time: 700.2120845317841
[2026-01-21 21:18:37] INFO inference_time: 10.13509225845337
[2026-01-21 21:18:37] INFO ndcg@20 improved. Best value: 0.0332
[2026-01-21 21:18:37] INFO Best model checkpoint saved in saved/SASRec/noisy_10/2026-01-21-21-06-39-280503.ckpt.
[2026-01-21 21:19:27] INFO {'epoch': 14, 'beauty_10_ndcg@20': tensor(0.0325), 'beauty_10_recall@20': tensor(0.0776), 'ndcg@20': tensor(0.0325), 'recall@20': tensor(0.0776), 'train_loss_0': tensor(0.5134, device='cuda:0')}
[2026-01-21 21:19:27] INFO training_time: 749.2353100776672
[2026-01-21 21:19:27] INFO inference_time: 10.795925617218018
[2026-01-21 21:20:16] INFO {'epoch': 15, 'beauty_10_ndcg@20': tensor(0.0338), 'beauty_10_recall@20': tensor(0.0782), 'ndcg@20': tensor(0.0338), 'recall@20': tensor(0.0782), 'train_loss_0': tensor(0.5080, device='cuda:0')}
[2026-01-21 21:20:16] INFO training_time: 798.2285056114197
[2026-01-21 21:20:16] INFO inference_time: 11.409196376800537
[2026-01-21 21:20:16] INFO ndcg@20 improved. Best value: 0.0338
[2026-01-21 21:20:16] INFO Best model checkpoint saved in saved/SASRec/noisy_10/2026-01-21-21-06-39-280503.ckpt.
[2026-01-21 21:21:06] INFO {'epoch': 16, 'beauty_10_ndcg@20': tensor(0.0336), 'beauty_10_recall@20': tensor(0.0791), 'ndcg@20': tensor(0.0336), 'recall@20': tensor(0.0791), 'train_loss_0': tensor(0.5000, device='cuda:0')}
[2026-01-21 21:21:06] INFO training_time: 847.5034353733063
[2026-01-21 21:21:06] INFO inference_time: 12.130021095275879
[2026-01-21 21:21:56] INFO {'epoch': 17, 'beauty_10_ndcg@20': tensor(0.0338), 'beauty_10_recall@20': tensor(0.0794), 'ndcg@20': tensor(0.0338), 'recall@20': tensor(0.0794), 'train_loss_0': tensor(0.4955, device='cuda:0')}
[2026-01-21 21:21:56] INFO training_time: 896.8263289928436
[2026-01-21 21:21:56] INFO inference_time: 13.013022661209106
[2026-01-21 21:22:46] INFO {'epoch': 18, 'beauty_10_ndcg@20': tensor(0.0338), 'beauty_10_recall@20': tensor(0.0793), 'ndcg@20': tensor(0.0338), 'recall@20': tensor(0.0793), 'train_loss_0': tensor(0.4887, device='cuda:0')}
[2026-01-21 21:22:46] INFO training_time: 946.2038123607635
[2026-01-21 21:22:46] INFO inference_time: 13.690700054168701
[2026-01-21 21:23:36] INFO {'epoch': 19, 'beauty_10_ndcg@20': tensor(0.0337), 'beauty_10_recall@20': tensor(0.0802), 'ndcg@20': tensor(0.0337), 'recall@20': tensor(0.0802), 'train_loss_0': tensor(0.4846, device='cuda:0')}
[2026-01-21 21:23:36] INFO training_time: 994.8525178432465
[2026-01-21 21:23:36] INFO inference_time: 14.495739459991455
[2026-01-21 21:24:27] INFO {'epoch': 20, 'beauty_10_ndcg@20': tensor(0.0343), 'beauty_10_recall@20': tensor(0.0805), 'ndcg@20': tensor(0.0343), 'recall@20': tensor(0.0805), 'train_loss_0': tensor(0.4803, device='cuda:0')}
[2026-01-21 21:24:27] INFO training_time: 1044.3556711673737
[2026-01-21 21:24:27] INFO inference_time: 15.584442377090454
[2026-01-21 21:24:27] INFO ndcg@20 improved. Best value: 0.0343
[2026-01-21 21:24:27] INFO Best model checkpoint saved in saved/SASRec/noisy_10/2026-01-21-21-06-39-280503.ckpt.
[2026-01-21 21:25:17] INFO {'epoch': 21, 'beauty_10_ndcg@20': tensor(0.0342), 'beauty_10_recall@20': tensor(0.0793), 'ndcg@20': tensor(0.0342), 'recall@20': tensor(0.0793), 'train_loss_0': tensor(0.4733, device='cuda:0')}
[2026-01-21 21:25:17] INFO training_time: 1093.7038083076477
[2026-01-21 21:25:17] INFO inference_time: 16.26743984222412
[2026-01-21 21:26:06] INFO {'epoch': 22, 'beauty_10_ndcg@20': tensor(0.0345), 'beauty_10_recall@20': tensor(0.0805), 'ndcg@20': tensor(0.0345), 'recall@20': tensor(0.0805), 'train_loss_0': tensor(0.4734, device='cuda:0')}
[2026-01-21 21:26:06] INFO training_time: 1142.3294672966003
[2026-01-21 21:26:06] INFO inference_time: 16.90173578262329
[2026-01-21 21:26:06] INFO ndcg@20 improved. Best value: 0.0345
[2026-01-21 21:26:06] INFO Best model checkpoint saved in saved/SASRec/noisy_10/2026-01-21-21-06-39-280503.ckpt.
[2026-01-21 21:26:56] INFO {'epoch': 23, 'beauty_10_ndcg@20': tensor(0.0351), 'beauty_10_recall@20': tensor(0.0810), 'ndcg@20': tensor(0.0351), 'recall@20': tensor(0.0810), 'train_loss_0': tensor(0.4695, device='cuda:0')}
[2026-01-21 21:26:56] INFO training_time: 1191.9286613464355
[2026-01-21 21:26:56] INFO inference_time: 17.764854431152344
[2026-01-21 21:26:56] INFO ndcg@20 improved. Best value: 0.0351
[2026-01-21 21:26:56] INFO Best model checkpoint saved in saved/SASRec/noisy_10/2026-01-21-21-06-39-280503.ckpt.
[2026-01-21 21:27:46] INFO {'epoch': 24, 'beauty_10_ndcg@20': tensor(0.0352), 'beauty_10_recall@20': tensor(0.0816), 'ndcg@20': tensor(0.0352), 'recall@20': tensor(0.0816), 'train_loss_0': tensor(0.4663, device='cuda:0')}
[2026-01-21 21:27:46] INFO training_time: 1240.6953330039978
[2026-01-21 21:27:46] INFO inference_time: 18.604285955429077
[2026-01-21 21:27:46] INFO ndcg@20 improved. Best value: 0.0352
[2026-01-21 21:27:46] INFO Best model checkpoint saved in saved/SASRec/noisy_10/2026-01-21-21-06-39-280503.ckpt.
[2026-01-21 21:28:36] INFO {'epoch': 25, 'beauty_10_ndcg@20': tensor(0.0354), 'beauty_10_recall@20': tensor(0.0805), 'ndcg@20': tensor(0.0354), 'recall@20': tensor(0.0805), 'train_loss_0': tensor(0.4611, device='cuda:0')}
[2026-01-21 21:28:36] INFO training_time: 1289.6433939933777
[2026-01-21 21:28:36] INFO inference_time: 19.234564781188965
[2026-01-21 21:28:36] INFO ndcg@20 improved. Best value: 0.0354
[2026-01-21 21:28:36] INFO Best model checkpoint saved in saved/SASRec/noisy_10/2026-01-21-21-06-39-280503.ckpt.
[2026-01-21 21:29:25] INFO {'epoch': 26, 'beauty_10_ndcg@20': tensor(0.0360), 'beauty_10_recall@20': tensor(0.0819), 'ndcg@20': tensor(0.0360), 'recall@20': tensor(0.0819), 'train_loss_0': tensor(0.4588, device='cuda:0')}
[2026-01-21 21:29:25] INFO training_time: 1338.5720174312592
[2026-01-21 21:29:25] INFO inference_time: 20.01751708984375
[2026-01-21 21:29:25] INFO ndcg@20 improved. Best value: 0.0360
[2026-01-21 21:29:25] INFO Best model checkpoint saved in saved/SASRec/noisy_10/2026-01-21-21-06-39-280503.ckpt.
[2026-01-21 21:30:15] INFO {'epoch': 27, 'beauty_10_ndcg@20': tensor(0.0352), 'beauty_10_recall@20': tensor(0.0825), 'ndcg@20': tensor(0.0352), 'recall@20': tensor(0.0825), 'train_loss_0': tensor(0.4557, device='cuda:0')}
[2026-01-21 21:30:15] INFO training_time: 1387.433913230896
[2026-01-21 21:30:15] INFO inference_time: 20.81742286682129
[2026-01-21 21:31:05] INFO {'epoch': 28, 'beauty_10_ndcg@20': tensor(0.0346), 'beauty_10_recall@20': tensor(0.0813), 'ndcg@20': tensor(0.0346), 'recall@20': tensor(0.0813), 'train_loss_0': tensor(0.4545, device='cuda:0')}
[2026-01-21 21:31:05] INFO training_time: 1436.4990780353546
[2026-01-21 21:31:05] INFO inference_time: 21.460503578186035
[2026-01-21 21:31:54] INFO {'epoch': 29, 'beauty_10_ndcg@20': tensor(0.0342), 'beauty_10_recall@20': tensor(0.0783), 'ndcg@20': tensor(0.0342), 'recall@20': tensor(0.0783), 'train_loss_0': tensor(0.4520, device='cuda:0')}
[2026-01-21 21:31:54] INFO training_time: 1485.341623544693
[2026-01-21 21:31:54] INFO inference_time: 22.172077178955078
[2026-01-21 21:32:44] INFO {'epoch': 30, 'beauty_10_ndcg@20': tensor(0.0354), 'beauty_10_recall@20': tensor(0.0818), 'ndcg@20': tensor(0.0354), 'recall@20': tensor(0.0818), 'train_loss_0': tensor(0.4504, device='cuda:0')}
[2026-01-21 21:32:44] INFO training_time: 1534.1822266578674
[2026-01-21 21:32:44] INFO inference_time: 23.105618476867676
[2026-01-21 21:33:34] INFO {'epoch': 31, 'beauty_10_ndcg@20': tensor(0.0351), 'beauty_10_recall@20': tensor(0.0808), 'ndcg@20': tensor(0.0351), 'recall@20': tensor(0.0808), 'train_loss_0': tensor(0.4466, device='cuda:0')}
[2026-01-21 21:33:34] INFO training_time: 1583.5246255397797
[2026-01-21 21:33:34] INFO inference_time: 23.741694688796997
[2026-01-21 21:34:24] INFO {'epoch': 32, 'beauty_10_ndcg@20': tensor(0.0365), 'beauty_10_recall@20': tensor(0.0817), 'ndcg@20': tensor(0.0365), 'recall@20': tensor(0.0817), 'train_loss_0': tensor(0.4454, device='cuda:0')}
[2026-01-21 21:34:24] INFO training_time: 1632.3127355575562
[2026-01-21 21:34:24] INFO inference_time: 24.541316032409668
[2026-01-21 21:34:24] INFO ndcg@20 improved. Best value: 0.0365
[2026-01-21 21:34:24] INFO Best model checkpoint saved in saved/SASRec/noisy_10/2026-01-21-21-06-39-280503.ckpt.
[2026-01-21 21:35:14] INFO {'epoch': 33, 'beauty_10_ndcg@20': tensor(0.0367), 'beauty_10_recall@20': tensor(0.0833), 'ndcg@20': tensor(0.0367), 'recall@20': tensor(0.0833), 'train_loss_0': tensor(0.4414, device='cuda:0')}
[2026-01-21 21:35:14] INFO training_time: 1681.309804201126
[2026-01-21 21:35:14] INFO inference_time: 25.43961000442505
[2026-01-21 21:35:14] INFO ndcg@20 improved. Best value: 0.0367
[2026-01-21 21:35:14] INFO Best model checkpoint saved in saved/SASRec/noisy_10/2026-01-21-21-06-39-280503.ckpt.
[2026-01-21 21:36:03] INFO {'epoch': 34, 'beauty_10_ndcg@20': tensor(0.0358), 'beauty_10_recall@20': tensor(0.0810), 'ndcg@20': tensor(0.0358), 'recall@20': tensor(0.0810), 'train_loss_0': tensor(0.4392, device='cuda:0')}
[2026-01-21 21:36:03] INFO training_time: 1730.2068409919739
[2026-01-21 21:36:03] INFO inference_time: 26.180652141571045
[2026-01-21 21:36:53] INFO {'epoch': 35, 'beauty_10_ndcg@20': tensor(0.0360), 'beauty_10_recall@20': tensor(0.0826), 'ndcg@20': tensor(0.0360), 'recall@20': tensor(0.0826), 'train_loss_0': tensor(0.4392, device='cuda:0')}
[2026-01-21 21:36:53] INFO training_time: 1778.6425895690918
[2026-01-21 21:36:53] INFO inference_time: 27.112860441207886
[2026-01-21 21:37:42] INFO {'epoch': 36, 'beauty_10_ndcg@20': tensor(0.0355), 'beauty_10_recall@20': tensor(0.0808), 'ndcg@20': tensor(0.0355), 'recall@20': tensor(0.0808), 'train_loss_0': tensor(0.4375, device='cuda:0')}
[2026-01-21 21:37:42] INFO training_time: 1827.2881014347076
[2026-01-21 21:37:42] INFO inference_time: 27.96436882019043
[2026-01-21 21:38:32] INFO {'epoch': 37, 'beauty_10_ndcg@20': tensor(0.0356), 'beauty_10_recall@20': tensor(0.0836), 'ndcg@20': tensor(0.0356), 'recall@20': tensor(0.0836), 'train_loss_0': tensor(0.4337, device='cuda:0')}
[2026-01-21 21:38:32] INFO training_time: 1876.3914051055908
[2026-01-21 21:38:32] INFO inference_time: 28.74354577064514
[2026-01-21 21:39:21] INFO {'epoch': 38, 'beauty_10_ndcg@20': tensor(0.0366), 'beauty_10_recall@20': tensor(0.0832), 'ndcg@20': tensor(0.0366), 'recall@20': tensor(0.0832), 'train_loss_0': tensor(0.4315, device='cuda:0')}
[2026-01-21 21:39:21] INFO training_time: 1924.9708182811737
[2026-01-21 21:39:21] INFO inference_time: 29.38820767402649
[2026-01-21 21:40:11] INFO {'epoch': 39, 'beauty_10_ndcg@20': tensor(0.0366), 'beauty_10_recall@20': tensor(0.0836), 'ndcg@20': tensor(0.0366), 'recall@20': tensor(0.0836), 'train_loss_0': tensor(0.4301, device='cuda:0')}
[2026-01-21 21:40:11] INFO training_time: 1973.8192555904388
[2026-01-21 21:40:11] INFO inference_time: 30.087671518325806
[2026-01-21 21:41:01] INFO {'epoch': 40, 'beauty_10_ndcg@20': tensor(0.0352), 'beauty_10_recall@20': tensor(0.0821), 'ndcg@20': tensor(0.0352), 'recall@20': tensor(0.0821), 'train_loss_0': tensor(0.4293, device='cuda:0')}
[2026-01-21 21:41:01] INFO training_time: 2022.90820479393
[2026-01-21 21:41:01] INFO inference_time: 30.918457746505737
[2026-01-21 21:41:50] INFO {'epoch': 41, 'beauty_10_ndcg@20': tensor(0.0363), 'beauty_10_recall@20': tensor(0.0833), 'ndcg@20': tensor(0.0363), 'recall@20': tensor(0.0833), 'train_loss_0': tensor(0.4285, device='cuda:0')}
[2026-01-21 21:41:50] INFO training_time: 2071.9068756103516
[2026-01-21 21:41:50] INFO inference_time: 31.695858478546143
[2026-01-21 21:42:40] INFO {'epoch': 42, 'beauty_10_ndcg@20': tensor(0.0366), 'beauty_10_recall@20': tensor(0.0835), 'ndcg@20': tensor(0.0366), 'recall@20': tensor(0.0835), 'train_loss_0': tensor(0.4270, device='cuda:0')}
[2026-01-21 21:42:40] INFO training_time: 2120.507863521576
[2026-01-21 21:42:40] INFO inference_time: 32.43437719345093
[2026-01-21 21:43:30] INFO {'epoch': 43, 'beauty_10_ndcg@20': tensor(0.0360), 'beauty_10_recall@20': tensor(0.0837), 'ndcg@20': tensor(0.0360), 'recall@20': tensor(0.0837), 'train_loss_0': tensor(0.4248, device='cuda:0')}
[2026-01-21 21:43:30] INFO training_time: 2169.4814727306366
[2026-01-21 21:43:30] INFO inference_time: 33.2615749835968
[2026-01-21 21:44:19] INFO {'epoch': 44, 'beauty_10_ndcg@20': tensor(0.0350), 'beauty_10_recall@20': tensor(0.0814), 'ndcg@20': tensor(0.0350), 'recall@20': tensor(0.0814), 'train_loss_0': tensor(0.4236, device='cuda:0')}
[2026-01-21 21:44:19] INFO training_time: 2218.2732393741608
[2026-01-21 21:44:19] INFO inference_time: 34.06841778755188
[2026-01-21 21:45:09] INFO {'epoch': 45, 'beauty_10_ndcg@20': tensor(0.0365), 'beauty_10_recall@20': tensor(0.0846), 'ndcg@20': tensor(0.0365), 'recall@20': tensor(0.0846), 'train_loss_0': tensor(0.4253, device='cuda:0')}
[2026-01-21 21:45:09] INFO training_time: 2267.2163417339325
[2026-01-21 21:45:09] INFO inference_time: 34.794371366500854
[2026-01-21 21:45:59] INFO {'epoch': 46, 'beauty_10_ndcg@20': tensor(0.0366), 'beauty_10_recall@20': tensor(0.0848), 'ndcg@20': tensor(0.0366), 'recall@20': tensor(0.0848), 'train_loss_0': tensor(0.4210, device='cuda:0')}
[2026-01-21 21:45:59] INFO training_time: 2316.186632156372
[2026-01-21 21:45:59] INFO inference_time: 35.45746159553528
[2026-01-21 21:46:49] INFO {'epoch': 47, 'beauty_10_ndcg@20': tensor(0.0357), 'beauty_10_recall@20': tensor(0.0829), 'ndcg@20': tensor(0.0357), 'recall@20': tensor(0.0829), 'train_loss_0': tensor(0.4203, device='cuda:0')}
[2026-01-21 21:46:49] INFO training_time: 2365.446260213852
[2026-01-21 21:46:49] INFO inference_time: 36.29522919654846
[2026-01-21 21:47:38] INFO {'epoch': 48, 'beauty_10_ndcg@20': tensor(0.0349), 'beauty_10_recall@20': tensor(0.0806), 'ndcg@20': tensor(0.0349), 'recall@20': tensor(0.0806), 'train_loss_0': tensor(0.4192, device='cuda:0')}
[2026-01-21 21:47:38] INFO training_time: 2414.47008061409
[2026-01-21 21:47:38] INFO inference_time: 36.985875606536865
[2026-01-21 21:48:28] INFO {'epoch': 49, 'beauty_10_ndcg@20': tensor(0.0372), 'beauty_10_recall@20': tensor(0.0852), 'ndcg@20': tensor(0.0372), 'recall@20': tensor(0.0852), 'train_loss_0': tensor(0.4173, device='cuda:0')}
[2026-01-21 21:48:28] INFO training_time: 2463.475766658783
[2026-01-21 21:48:28] INFO inference_time: 37.83307242393494
[2026-01-21 21:48:28] INFO ndcg@20 improved. Best value: 0.0372
[2026-01-21 21:48:28] INFO Best model checkpoint saved in saved/SASRec/noisy_10/2026-01-21-21-06-39-280503.ckpt.
[2026-01-21 21:49:18] INFO {'epoch': 50, 'beauty_10_ndcg@20': tensor(0.0367), 'beauty_10_recall@20': tensor(0.0846), 'ndcg@20': tensor(0.0367), 'recall@20': tensor(0.0846), 'train_loss_0': tensor(0.4147, device='cuda:0')}
[2026-01-21 21:49:18] INFO training_time: 2512.431303024292
[2026-01-21 21:49:18] INFO inference_time: 38.79057812690735
[2026-01-21 21:50:08] INFO {'epoch': 51, 'beauty_10_ndcg@20': tensor(0.0351), 'beauty_10_recall@20': tensor(0.0827), 'ndcg@20': tensor(0.0351), 'recall@20': tensor(0.0827), 'train_loss_0': tensor(0.4135, device='cuda:0')}
[2026-01-21 21:50:08] INFO training_time: 2561.3847019672394
[2026-01-21 21:50:08] INFO inference_time: 39.51714277267456
[2026-01-21 21:50:58] INFO {'epoch': 52, 'beauty_10_ndcg@20': tensor(0.0360), 'beauty_10_recall@20': tensor(0.0842), 'ndcg@20': tensor(0.0360), 'recall@20': tensor(0.0842), 'train_loss_0': tensor(0.4111, device='cuda:0')}
[2026-01-21 21:50:58] INFO training_time: 2610.6987252235413
[2026-01-21 21:50:58] INFO inference_time: 40.144415616989136
[2026-01-21 21:51:47] INFO {'epoch': 53, 'beauty_10_ndcg@20': tensor(0.0352), 'beauty_10_recall@20': tensor(0.0824), 'ndcg@20': tensor(0.0352), 'recall@20': tensor(0.0824), 'train_loss_0': tensor(0.4114, device='cuda:0')}
[2026-01-21 21:51:47] INFO training_time: 2659.702164411545
[2026-01-21 21:51:47] INFO inference_time: 40.80631947517395
[2026-01-21 21:52:37] INFO {'epoch': 54, 'beauty_10_ndcg@20': tensor(0.0345), 'beauty_10_recall@20': tensor(0.0808), 'ndcg@20': tensor(0.0345), 'recall@20': tensor(0.0808), 'train_loss_0': tensor(0.4081, device='cuda:0')}
[2026-01-21 21:52:37] INFO training_time: 2709.022749900818
[2026-01-21 21:52:37] INFO inference_time: 41.470895290374756
[2026-01-21 21:53:27] INFO {'epoch': 55, 'beauty_10_ndcg@20': tensor(0.0362), 'beauty_10_recall@20': tensor(0.0827), 'ndcg@20': tensor(0.0362), 'recall@20': tensor(0.0827), 'train_loss_0': tensor(0.4095, device='cuda:0')}
[2026-01-21 21:53:27] INFO training_time: 2758.2714359760284
[2026-01-21 21:53:27] INFO inference_time: 42.12836456298828
[2026-01-21 21:54:17] INFO {'epoch': 56, 'beauty_10_ndcg@20': tensor(0.0354), 'beauty_10_recall@20': tensor(0.0823), 'ndcg@20': tensor(0.0354), 'recall@20': tensor(0.0823), 'train_loss_0': tensor(0.4058, device='cuda:0')}
[2026-01-21 21:54:17] INFO training_time: 2807.3146018981934
[2026-01-21 21:54:17] INFO inference_time: 42.80445575714111
[2026-01-21 21:54:59] INFO {'epoch': 57, 'beauty_10_ndcg@20': tensor(0.0349), 'beauty_10_recall@20': tensor(0.0829), 'ndcg@20': tensor(0.0349), 'recall@20': tensor(0.0829), 'train_loss_0': tensor(0.4058, device='cuda:0')}
[2026-01-21 21:54:59] INFO training_time: 2848.1346578598022
[2026-01-21 21:54:59] INFO inference_time: 43.571972131729126
[2026-01-21 21:55:40] INFO {'epoch': 58, 'beauty_10_ndcg@20': tensor(0.0348), 'beauty_10_recall@20': tensor(0.0824), 'ndcg@20': tensor(0.0348), 'recall@20': tensor(0.0824), 'train_loss_0': tensor(0.4055, device='cuda:0')}
[2026-01-21 21:55:40] INFO training_time: 2888.934028863907
[2026-01-21 21:55:40] INFO inference_time: 44.21975588798523
[2026-01-21 21:56:22] INFO {'epoch': 59, 'beauty_10_ndcg@20': tensor(0.0349), 'beauty_10_recall@20': tensor(0.0810), 'ndcg@20': tensor(0.0349), 'recall@20': tensor(0.0810), 'train_loss_0': tensor(0.4056, device='cuda:0')}
[2026-01-21 21:56:22] INFO training_time: 2929.8779690265656
[2026-01-21 21:56:22] INFO inference_time: 44.969151973724365
[2026-01-21 21:57:03] INFO {'epoch': 60, 'beauty_10_ndcg@20': tensor(0.0356), 'beauty_10_recall@20': tensor(0.0821), 'ndcg@20': tensor(0.0356), 'recall@20': tensor(0.0821), 'train_loss_0': tensor(0.4032, device='cuda:0')}
[2026-01-21 21:57:04] INFO training_time: 2970.694594144821
[2026-01-21 21:57:04] INFO inference_time: 45.804301500320435
[2026-01-21 21:57:45] INFO {'epoch': 61, 'beauty_10_ndcg@20': tensor(0.0357), 'beauty_10_recall@20': tensor(0.0826), 'ndcg@20': tensor(0.0357), 'recall@20': tensor(0.0826), 'train_loss_0': tensor(0.4044, device='cuda:0')}
[2026-01-21 21:57:45] INFO training_time: 3011.463362932205
[2026-01-21 21:57:45] INFO inference_time: 46.534454107284546
[2026-01-21 21:58:21] INFO {'epoch': 62, 'beauty_10_ndcg@20': tensor(0.0356), 'beauty_10_recall@20': tensor(0.0824), 'ndcg@20': tensor(0.0356), 'recall@20': tensor(0.0824), 'train_loss_0': tensor(0.4033, device='cuda:0')}
[2026-01-21 21:58:21] INFO training_time: 3046.379463672638
[2026-01-21 21:58:21] INFO inference_time: 47.210073709487915
[2026-01-21 21:58:56] INFO {'epoch': 63, 'beauty_10_ndcg@20': tensor(0.0357), 'beauty_10_recall@20': tensor(0.0809), 'ndcg@20': tensor(0.0357), 'recall@20': tensor(0.0809), 'train_loss_0': tensor(0.4008, device='cuda:0')}
[2026-01-21 21:58:56] INFO training_time: 3080.52351975441
[2026-01-21 21:58:56] INFO inference_time: 48.0401086807251
[2026-01-21 21:59:30] INFO {'epoch': 64, 'beauty_10_ndcg@20': tensor(0.0356), 'beauty_10_recall@20': tensor(0.0812), 'ndcg@20': tensor(0.0356), 'recall@20': tensor(0.0812), 'train_loss_0': tensor(0.3982, device='cuda:0')}
[2026-01-21 21:59:30] INFO training_time: 3114.1252064704895
[2026-01-21 21:59:30] INFO inference_time: 48.92426633834839
[2026-01-21 22:00:05] INFO {'epoch': 65, 'beauty_10_ndcg@20': tensor(0.0363), 'beauty_10_recall@20': tensor(0.0830), 'ndcg@20': tensor(0.0363), 'recall@20': tensor(0.0830), 'train_loss_0': tensor(0.3976, device='cuda:0')}
[2026-01-21 22:00:05] INFO training_time: 3147.809783220291
[2026-01-21 22:00:05] INFO inference_time: 49.64937400817871
[2026-01-21 22:00:39] INFO {'epoch': 66, 'beauty_10_ndcg@20': tensor(0.0359), 'beauty_10_recall@20': tensor(0.0834), 'ndcg@20': tensor(0.0359), 'recall@20': tensor(0.0834), 'train_loss_0': tensor(0.3968, device='cuda:0')}
[2026-01-21 22:00:39] INFO training_time: 3181.529934167862
[2026-01-21 22:00:39] INFO inference_time: 50.26483678817749
[2026-01-21 22:01:14] INFO {'epoch': 67, 'beauty_10_ndcg@20': tensor(0.0359), 'beauty_10_recall@20': tensor(0.0833), 'ndcg@20': tensor(0.0359), 'recall@20': tensor(0.0833), 'train_loss_0': tensor(0.3995, device='cuda:0')}
[2026-01-21 22:01:14] INFO training_time: 3215.49018907547
[2026-01-21 22:01:14] INFO inference_time: 50.96994614601135
[2026-01-21 22:01:48] INFO {'epoch': 68, 'beauty_10_ndcg@20': tensor(0.0352), 'beauty_10_recall@20': tensor(0.0834), 'ndcg@20': tensor(0.0352), 'recall@20': tensor(0.0834), 'train_loss_0': tensor(0.3966, device='cuda:0')}
[2026-01-21 22:01:48] INFO training_time: 3249.7625262737274
[2026-01-21 22:01:48] INFO inference_time: 51.55013132095337
[2026-01-21 22:02:23] INFO {'epoch': 69, 'beauty_10_ndcg@20': tensor(0.0356), 'beauty_10_recall@20': tensor(0.0832), 'ndcg@20': tensor(0.0356), 'recall@20': tensor(0.0832), 'train_loss_0': tensor(0.3966, device='cuda:0')}
[2026-01-21 22:02:23] INFO training_time: 3284.01122546196
[2026-01-21 22:02:23] INFO inference_time: 52.18847322463989
[2026-01-21 22:02:23] INFO Early stopped. Since the metric ndcg@20 haven't been improved for 20 epochs.
[2026-01-21 22:02:23] INFO The best score of ndcg@20 is 0.0372 on epoch 49
[2026-01-21 22:02:23] INFO Best model checkpoint saved in saved/SASRec/noisy_10/2026-01-21-21-06-39-280503.ckpt.
[2026-01-21 22:02:24] INFO defaultdict(<class 'float'>, {'beauty_10_ndcg@20': tensor(0.0261), 'beauty_10_recall@20': tensor(0.0618), 'beauty_10_ndcg@10': tensor(0.0202), 'beauty_10_recall@10': tensor(0.0384), 'ndcg@20': tensor(0.0261), 'recall@20': tensor(0.0618), 'ndcg@10': tensor(0.0202), 'recall@10': tensor(0.0384)})
