[2026-01-22 15:48:08] INFO PID of this process: 2406567
[2026-01-22 15:48:15] INFO {'model': {'embed_dim': 64, 'loss_fn': 'bce', 'hidden_size': 128, 'layer_num': 2, 'head_num': 2, 'dropout_rate': 0.5, 'activation': 'gelu', 'layer_norm_eps': 1e-12, 'model': 'SASRec'}, 'data': {'domain_name_list': ['sport_10'], 'user_threshold': 5, 'item_threshold': 5, 'max_seq_len': 50, 'dataset_class': 'general', 'train_file': '_regen', 'dataset': 'noisy_10'}, 'train': {'batch_size': 256, 'early_stop_mode': 'max', 'early_stop_patience': 20, 'epochs': 1000, 'device': 'cuda', 'optimizer': 'adam', 'learning_rate': 0.001, 'weight_decay': 0, 'num_neg': 1, 'seed': 2028}, 'eval': {'batch_size': 2048, 'cutoff': [20, 10], 'val_metrics': ['ndcg', 'recall'], 'test_metrics': ['ndcg', 'recall'], 'topk': 100, 'save_path': './saved/'}}
[2026-01-22 15:48:15] INFO <data.dataset.SeparateDataset object at 0x7f0bc10901f0>
[2026-01-22 15:48:15] INFO save_dir:saved
[2026-01-22 15:48:15] INFO SASRec(
  (item_embedding): Embedding(18358, 64, padding_idx=0)
  (query_encoder): SASRecQueryEncoder(
    (item_encoder): Embedding(18358, 64, padding_idx=0)
    (position_emb): Embedding(50, 64)
    (transformer_layer): TransformerEncoder(
      (layers): ModuleList(
        (0): TransformerEncoderLayer(
          (self_attn): MultiheadAttention(
            (out_proj): NonDynamicallyQuantizableLinear(in_features=64, out_features=64, bias=True)
          )
          (linear1): Linear(in_features=64, out_features=128, bias=True)
          (dropout): Dropout(p=0.5, inplace=False)
          (linear2): Linear(in_features=128, out_features=64, bias=True)
          (norm1): LayerNorm((64,), eps=1e-12, elementwise_affine=True)
          (norm2): LayerNorm((64,), eps=1e-12, elementwise_affine=True)
          (dropout1): Dropout(p=0.5, inplace=False)
          (dropout2): Dropout(p=0.5, inplace=False)
        )
        (1): TransformerEncoderLayer(
          (self_attn): MultiheadAttention(
            (out_proj): NonDynamicallyQuantizableLinear(in_features=64, out_features=64, bias=True)
          )
          (linear1): Linear(in_features=64, out_features=128, bias=True)
          (dropout): Dropout(p=0.5, inplace=False)
          (linear2): Linear(in_features=128, out_features=64, bias=True)
          (norm1): LayerNorm((64,), eps=1e-12, elementwise_affine=True)
          (norm2): LayerNorm((64,), eps=1e-12, elementwise_affine=True)
          (dropout1): Dropout(p=0.5, inplace=False)
          (dropout2): Dropout(p=0.5, inplace=False)
        )
      )
    )
    (dropout): Dropout(p=0.5, inplace=False)
    (training_pooling_layer): SeqPoolingLayer()
    (eval_pooling_layer): SeqPoolingLayer()
  )
  (loss_fn): BinaryCrossEntropyLoss()
)
[2026-01-22 15:49:13] INFO {'epoch': 0, 'sport_10_ndcg@20': tensor(0.0089), 'sport_10_recall@20': tensor(0.0219), 'ndcg@20': tensor(0.0089), 'recall@20': tensor(0.0219), 'train_loss_0': tensor(1.2311, device='cuda:0')}
[2026-01-22 15:49:13] INFO training_time: 56.39497399330139
[2026-01-22 15:49:13] INFO inference_time: 1.4180529117584229
[2026-01-22 15:49:13] INFO ndcg@20 improved. Best value: 0.0089
[2026-01-22 15:49:13] INFO Best model checkpoint saved in saved/SASRec/noisy_10/2026-01-22-15-48-08-600607.ckpt.
[2026-01-22 15:50:36] INFO {'epoch': 1, 'sport_10_ndcg@20': tensor(0.0123), 'sport_10_recall@20': tensor(0.0299), 'ndcg@20': tensor(0.0123), 'recall@20': tensor(0.0299), 'train_loss_0': tensor(1.0934, device='cuda:0')}
[2026-01-22 15:50:36] INFO training_time: 138.20275115966797
[2026-01-22 15:50:36] INFO inference_time: 2.3419697284698486
[2026-01-22 15:50:36] INFO ndcg@20 improved. Best value: 0.0123
[2026-01-22 15:50:36] INFO Best model checkpoint saved in saved/SASRec/noisy_10/2026-01-22-15-48-08-600607.ckpt.
[2026-01-22 15:51:59] INFO {'epoch': 2, 'sport_10_ndcg@20': tensor(0.0142), 'sport_10_recall@20': tensor(0.0358), 'ndcg@20': tensor(0.0142), 'recall@20': tensor(0.0358), 'train_loss_0': tensor(0.9720, device='cuda:0')}
[2026-01-22 15:51:59] INFO training_time: 219.83155488967896
[2026-01-22 15:51:59] INFO inference_time: 3.7050435543060303
[2026-01-22 15:51:59] INFO ndcg@20 improved. Best value: 0.0142
[2026-01-22 15:51:59] INFO Best model checkpoint saved in saved/SASRec/noisy_10/2026-01-22-15-48-08-600607.ckpt.
[2026-01-22 15:53:22] INFO {'epoch': 3, 'sport_10_ndcg@20': tensor(0.0161), 'sport_10_recall@20': tensor(0.0394), 'ndcg@20': tensor(0.0161), 'recall@20': tensor(0.0394), 'train_loss_0': tensor(0.8809, device='cuda:0')}
[2026-01-22 15:53:22] INFO training_time: 301.5386571884155
[2026-01-22 15:53:22] INFO inference_time: 5.0806872844696045
[2026-01-22 15:53:22] INFO ndcg@20 improved. Best value: 0.0161
[2026-01-22 15:53:22] INFO Best model checkpoint saved in saved/SASRec/noisy_10/2026-01-22-15-48-08-600607.ckpt.
[2026-01-22 15:54:45] INFO {'epoch': 4, 'sport_10_ndcg@20': tensor(0.0161), 'sport_10_recall@20': tensor(0.0402), 'ndcg@20': tensor(0.0161), 'recall@20': tensor(0.0402), 'train_loss_0': tensor(0.8081, device='cuda:0')}
[2026-01-22 15:54:45] INFO training_time: 383.35455226898193
[2026-01-22 15:54:45] INFO inference_time: 6.367513179779053
[2026-01-22 15:54:45] INFO ndcg@20 improved. Best value: 0.0161
[2026-01-22 15:54:45] INFO Best model checkpoint saved in saved/SASRec/noisy_10/2026-01-22-15-48-08-600607.ckpt.
[2026-01-22 15:56:07] INFO {'epoch': 5, 'sport_10_ndcg@20': tensor(0.0170), 'sport_10_recall@20': tensor(0.0411), 'ndcg@20': tensor(0.0170), 'recall@20': tensor(0.0411), 'train_loss_0': tensor(0.7517, device='cuda:0')}
[2026-01-22 15:56:07] INFO training_time: 464.6107919216156
[2026-01-22 15:56:07] INFO inference_time: 7.470900058746338
[2026-01-22 15:56:07] INFO ndcg@20 improved. Best value: 0.0170
[2026-01-22 15:56:07] INFO Best model checkpoint saved in saved/SASRec/noisy_10/2026-01-22-15-48-08-600607.ckpt.
[2026-01-22 15:57:30] INFO {'epoch': 6, 'sport_10_ndcg@20': tensor(0.0179), 'sport_10_recall@20': tensor(0.0425), 'ndcg@20': tensor(0.0179), 'recall@20': tensor(0.0425), 'train_loss_0': tensor(0.7129, device='cuda:0')}
[2026-01-22 15:57:30] INFO training_time: 545.8197968006134
[2026-01-22 15:57:30] INFO inference_time: 8.649306535720825
[2026-01-22 15:57:30] INFO ndcg@20 improved. Best value: 0.0179
[2026-01-22 15:57:30] INFO Best model checkpoint saved in saved/SASRec/noisy_10/2026-01-22-15-48-08-600607.ckpt.
[2026-01-22 15:58:52] INFO {'epoch': 7, 'sport_10_ndcg@20': tensor(0.0174), 'sport_10_recall@20': tensor(0.0421), 'ndcg@20': tensor(0.0174), 'recall@20': tensor(0.0421), 'train_loss_0': tensor(0.6837, device='cuda:0')}
[2026-01-22 15:58:52] INFO training_time: 626.8759117126465
[2026-01-22 15:58:52] INFO inference_time: 9.703709125518799
[2026-01-22 16:00:13] INFO {'epoch': 8, 'sport_10_ndcg@20': tensor(0.0180), 'sport_10_recall@20': tensor(0.0428), 'ndcg@20': tensor(0.0180), 'recall@20': tensor(0.0428), 'train_loss_0': tensor(0.6568, device='cuda:0')}
[2026-01-22 16:00:13] INFO training_time: 707.3029320240021
[2026-01-22 16:00:13] INFO inference_time: 10.801503896713257
[2026-01-22 16:00:13] INFO ndcg@20 improved. Best value: 0.0180
[2026-01-22 16:00:13] INFO Best model checkpoint saved in saved/SASRec/noisy_10/2026-01-22-15-48-08-600607.ckpt.
[2026-01-22 16:01:35] INFO {'epoch': 9, 'sport_10_ndcg@20': tensor(0.0180), 'sport_10_recall@20': tensor(0.0428), 'ndcg@20': tensor(0.0180), 'recall@20': tensor(0.0428), 'train_loss_0': tensor(0.6358, device='cuda:0')}
[2026-01-22 16:01:35] INFO training_time: 787.917685508728
[2026-01-22 16:01:35] INFO inference_time: 12.022905588150024
[2026-01-22 16:01:35] INFO ndcg@20 improved. Best value: 0.0180
[2026-01-22 16:01:35] INFO Best model checkpoint saved in saved/SASRec/noisy_10/2026-01-22-15-48-08-600607.ckpt.
[2026-01-22 16:02:57] INFO {'epoch': 10, 'sport_10_ndcg@20': tensor(0.0177), 'sport_10_recall@20': tensor(0.0430), 'ndcg@20': tensor(0.0177), 'recall@20': tensor(0.0430), 'train_loss_0': tensor(0.6212, device='cuda:0')}
[2026-01-22 16:02:57] INFO training_time: 867.69753074646
[2026-01-22 16:02:57] INFO inference_time: 13.5039963722229
[2026-01-22 16:04:17] INFO {'epoch': 11, 'sport_10_ndcg@20': tensor(0.0179), 'sport_10_recall@20': tensor(0.0424), 'ndcg@20': tensor(0.0179), 'recall@20': tensor(0.0424), 'train_loss_0': tensor(0.6079, device='cuda:0')}
[2026-01-22 16:04:17] INFO training_time: 947.2589681148529
[2026-01-22 16:04:17] INFO inference_time: 14.782576560974121
[2026-01-22 16:05:38] INFO {'epoch': 12, 'sport_10_ndcg@20': tensor(0.0174), 'sport_10_recall@20': tensor(0.0422), 'ndcg@20': tensor(0.0174), 'recall@20': tensor(0.0422), 'train_loss_0': tensor(0.5979, device='cuda:0')}
[2026-01-22 16:05:38] INFO training_time: 1026.8059890270233
[2026-01-22 16:05:38] INFO inference_time: 16.300217151641846
[2026-01-22 16:06:59] INFO {'epoch': 13, 'sport_10_ndcg@20': tensor(0.0177), 'sport_10_recall@20': tensor(0.0421), 'ndcg@20': tensor(0.0177), 'recall@20': tensor(0.0421), 'train_loss_0': tensor(0.5907, device='cuda:0')}
[2026-01-22 16:06:59] INFO training_time: 1105.6866931915283
[2026-01-22 16:06:59] INFO inference_time: 17.62860369682312
[2026-01-22 16:08:19] INFO {'epoch': 14, 'sport_10_ndcg@20': tensor(0.0179), 'sport_10_recall@20': tensor(0.0433), 'ndcg@20': tensor(0.0179), 'recall@20': tensor(0.0433), 'train_loss_0': tensor(0.5768, device='cuda:0')}
[2026-01-22 16:08:19] INFO training_time: 1184.9134676456451
[2026-01-22 16:08:19] INFO inference_time: 18.949267625808716
[2026-01-22 16:09:39] INFO {'epoch': 15, 'sport_10_ndcg@20': tensor(0.0179), 'sport_10_recall@20': tensor(0.0426), 'ndcg@20': tensor(0.0179), 'recall@20': tensor(0.0426), 'train_loss_0': tensor(0.5709, device='cuda:0')}
[2026-01-22 16:09:39] INFO training_time: 1264.0089783668518
[2026-01-22 16:09:39] INFO inference_time: 20.08744740486145
[2026-01-22 16:10:59] INFO {'epoch': 16, 'sport_10_ndcg@20': tensor(0.0178), 'sport_10_recall@20': tensor(0.0430), 'ndcg@20': tensor(0.0178), 'recall@20': tensor(0.0430), 'train_loss_0': tensor(0.5652, device='cuda:0')}
[2026-01-22 16:10:59] INFO training_time: 1342.6365671157837
[2026-01-22 16:10:59] INFO inference_time: 21.210617303848267
[2026-01-22 16:12:20] INFO {'epoch': 17, 'sport_10_ndcg@20': tensor(0.0182), 'sport_10_recall@20': tensor(0.0428), 'ndcg@20': tensor(0.0182), 'recall@20': tensor(0.0428), 'train_loss_0': tensor(0.5563, device='cuda:0')}
[2026-01-22 16:12:20] INFO training_time: 1422.0399119853973
[2026-01-22 16:12:20] INFO inference_time: 22.486713409423828
[2026-01-22 16:12:20] INFO ndcg@20 improved. Best value: 0.0182
[2026-01-22 16:12:20] INFO Best model checkpoint saved in saved/SASRec/noisy_10/2026-01-22-15-48-08-600607.ckpt.
[2026-01-22 16:13:41] INFO {'epoch': 18, 'sport_10_ndcg@20': tensor(0.0187), 'sport_10_recall@20': tensor(0.0443), 'ndcg@20': tensor(0.0187), 'recall@20': tensor(0.0443), 'train_loss_0': tensor(0.5522, device='cuda:0')}
[2026-01-22 16:13:41] INFO training_time: 1501.512696504593
[2026-01-22 16:13:41] INFO inference_time: 23.704237937927246
[2026-01-22 16:13:41] INFO ndcg@20 improved. Best value: 0.0187
[2026-01-22 16:13:41] INFO Best model checkpoint saved in saved/SASRec/noisy_10/2026-01-22-15-48-08-600607.ckpt.
[2026-01-22 16:15:01] INFO {'epoch': 19, 'sport_10_ndcg@20': tensor(0.0186), 'sport_10_recall@20': tensor(0.0433), 'ndcg@20': tensor(0.0186), 'recall@20': tensor(0.0433), 'train_loss_0': tensor(0.5462, device='cuda:0')}
[2026-01-22 16:15:01] INFO training_time: 1581.066585302353
[2026-01-22 16:15:01] INFO inference_time: 24.76872682571411
[2026-01-22 16:16:22] INFO {'epoch': 20, 'sport_10_ndcg@20': tensor(0.0182), 'sport_10_recall@20': tensor(0.0431), 'ndcg@20': tensor(0.0182), 'recall@20': tensor(0.0431), 'train_loss_0': tensor(0.5419, device='cuda:0')}
[2026-01-22 16:16:22] INFO training_time: 1659.9568116664886
[2026-01-22 16:16:22] INFO inference_time: 26.3857843875885
[2026-01-22 16:17:42] INFO {'epoch': 21, 'sport_10_ndcg@20': tensor(0.0186), 'sport_10_recall@20': tensor(0.0432), 'ndcg@20': tensor(0.0186), 'recall@20': tensor(0.0432), 'train_loss_0': tensor(0.5374, device='cuda:0')}
[2026-01-22 16:17:42] INFO training_time: 1739.5343704223633
[2026-01-22 16:17:42] INFO inference_time: 27.45786452293396
[2026-01-22 16:19:03] INFO {'epoch': 22, 'sport_10_ndcg@20': tensor(0.0191), 'sport_10_recall@20': tensor(0.0442), 'ndcg@20': tensor(0.0191), 'recall@20': tensor(0.0442), 'train_loss_0': tensor(0.5316, device='cuda:0')}
[2026-01-22 16:19:03] INFO training_time: 1818.5926189422607
[2026-01-22 16:19:03] INFO inference_time: 28.64108395576477
[2026-01-22 16:19:03] INFO ndcg@20 improved. Best value: 0.0191
[2026-01-22 16:19:03] INFO Best model checkpoint saved in saved/SASRec/noisy_10/2026-01-22-15-48-08-600607.ckpt.
[2026-01-22 16:20:23] INFO {'epoch': 23, 'sport_10_ndcg@20': tensor(0.0186), 'sport_10_recall@20': tensor(0.0437), 'ndcg@20': tensor(0.0186), 'recall@20': tensor(0.0437), 'train_loss_0': tensor(0.5286, device='cuda:0')}
[2026-01-22 16:20:23] INFO training_time: 1897.8550839424133
[2026-01-22 16:20:23] INFO inference_time: 30.016411781311035
[2026-01-22 16:21:44] INFO {'epoch': 24, 'sport_10_ndcg@20': tensor(0.0189), 'sport_10_recall@20': tensor(0.0438), 'ndcg@20': tensor(0.0189), 'recall@20': tensor(0.0438), 'train_loss_0': tensor(0.5229, device='cuda:0')}
[2026-01-22 16:21:44] INFO training_time: 1977.2152755260468
[2026-01-22 16:21:44] INFO inference_time: 31.226625680923462
[2026-01-22 16:23:04] INFO {'epoch': 25, 'sport_10_ndcg@20': tensor(0.0189), 'sport_10_recall@20': tensor(0.0439), 'ndcg@20': tensor(0.0189), 'recall@20': tensor(0.0439), 'train_loss_0': tensor(0.5224, device='cuda:0')}
[2026-01-22 16:23:04] INFO training_time: 2056.376416683197
[2026-01-22 16:23:04] INFO inference_time: 32.43456506729126
[2026-01-22 16:24:25] INFO {'epoch': 26, 'sport_10_ndcg@20': tensor(0.0191), 'sport_10_recall@20': tensor(0.0440), 'ndcg@20': tensor(0.0191), 'recall@20': tensor(0.0440), 'train_loss_0': tensor(0.5183, device='cuda:0')}
[2026-01-22 16:24:25] INFO training_time: 2135.8863608837128
[2026-01-22 16:24:25] INFO inference_time: 33.6386981010437
[2026-01-22 16:24:25] INFO ndcg@20 improved. Best value: 0.0191
[2026-01-22 16:24:25] INFO Best model checkpoint saved in saved/SASRec/noisy_10/2026-01-22-15-48-08-600607.ckpt.
[2026-01-22 16:25:45] INFO {'epoch': 27, 'sport_10_ndcg@20': tensor(0.0188), 'sport_10_recall@20': tensor(0.0445), 'ndcg@20': tensor(0.0188), 'recall@20': tensor(0.0445), 'train_loss_0': tensor(0.5169, device='cuda:0')}
[2026-01-22 16:25:45] INFO training_time: 2214.570349931717
[2026-01-22 16:25:45] INFO inference_time: 34.80374336242676
[2026-01-22 16:27:06] INFO {'epoch': 28, 'sport_10_ndcg@20': tensor(0.0194), 'sport_10_recall@20': tensor(0.0453), 'ndcg@20': tensor(0.0194), 'recall@20': tensor(0.0453), 'train_loss_0': tensor(0.5122, device='cuda:0')}
[2026-01-22 16:27:06] INFO training_time: 2294.0809092521667
[2026-01-22 16:27:06] INFO inference_time: 36.01137852668762
[2026-01-22 16:27:06] INFO ndcg@20 improved. Best value: 0.0194
[2026-01-22 16:27:06] INFO Best model checkpoint saved in saved/SASRec/noisy_10/2026-01-22-15-48-08-600607.ckpt.
[2026-01-22 16:28:27] INFO {'epoch': 29, 'sport_10_ndcg@20': tensor(0.0193), 'sport_10_recall@20': tensor(0.0445), 'ndcg@20': tensor(0.0193), 'recall@20': tensor(0.0445), 'train_loss_0': tensor(0.5112, device='cuda:0')}
[2026-01-22 16:28:27] INFO training_time: 2374.1660006046295
[2026-01-22 16:28:27] INFO inference_time: 37.175246477127075
[2026-01-22 16:29:48] INFO {'epoch': 30, 'sport_10_ndcg@20': tensor(0.0189), 'sport_10_recall@20': tensor(0.0439), 'ndcg@20': tensor(0.0189), 'recall@20': tensor(0.0439), 'train_loss_0': tensor(0.5073, device='cuda:0')}
[2026-01-22 16:29:48] INFO training_time: 2453.480348110199
[2026-01-22 16:29:48] INFO inference_time: 38.751319885253906
[2026-01-22 16:31:09] INFO {'epoch': 31, 'sport_10_ndcg@20': tensor(0.0187), 'sport_10_recall@20': tensor(0.0444), 'ndcg@20': tensor(0.0187), 'recall@20': tensor(0.0444), 'train_loss_0': tensor(0.5043, device='cuda:0')}
[2026-01-22 16:31:09] INFO training_time: 2532.847665309906
[2026-01-22 16:31:09] INFO inference_time: 40.240904331207275
[2026-01-22 16:32:29] INFO {'epoch': 32, 'sport_10_ndcg@20': tensor(0.0195), 'sport_10_recall@20': tensor(0.0452), 'ndcg@20': tensor(0.0195), 'recall@20': tensor(0.0452), 'train_loss_0': tensor(0.5025, device='cuda:0')}
[2026-01-22 16:32:29] INFO training_time: 2612.352825641632
[2026-01-22 16:32:29] INFO inference_time: 41.33005928993225
[2026-01-22 16:32:29] INFO ndcg@20 improved. Best value: 0.0195
[2026-01-22 16:32:29] INFO Best model checkpoint saved in saved/SASRec/noisy_10/2026-01-22-15-48-08-600607.ckpt.
[2026-01-22 16:33:50] INFO {'epoch': 33, 'sport_10_ndcg@20': tensor(0.0196), 'sport_10_recall@20': tensor(0.0449), 'ndcg@20': tensor(0.0196), 'recall@20': tensor(0.0449), 'train_loss_0': tensor(0.4991, device='cuda:0')}
[2026-01-22 16:33:50] INFO training_time: 2691.7697653770447
[2026-01-22 16:33:50] INFO inference_time: 42.411771059036255
[2026-01-22 16:33:50] INFO ndcg@20 improved. Best value: 0.0196
[2026-01-22 16:33:50] INFO Best model checkpoint saved in saved/SASRec/noisy_10/2026-01-22-15-48-08-600607.ckpt.
[2026-01-22 16:35:11] INFO {'epoch': 34, 'sport_10_ndcg@20': tensor(0.0197), 'sport_10_recall@20': tensor(0.0453), 'ndcg@20': tensor(0.0197), 'recall@20': tensor(0.0453), 'train_loss_0': tensor(0.4999, device='cuda:0')}
[2026-01-22 16:35:11] INFO training_time: 2771.470920562744
[2026-01-22 16:35:11] INFO inference_time: 43.59157848358154
[2026-01-22 16:35:11] INFO ndcg@20 improved. Best value: 0.0197
[2026-01-22 16:35:11] INFO Best model checkpoint saved in saved/SASRec/noisy_10/2026-01-22-15-48-08-600607.ckpt.
[2026-01-22 16:36:31] INFO {'epoch': 35, 'sport_10_ndcg@20': tensor(0.0191), 'sport_10_recall@20': tensor(0.0442), 'ndcg@20': tensor(0.0191), 'recall@20': tensor(0.0442), 'train_loss_0': tensor(0.4956, device='cuda:0')}
[2026-01-22 16:36:31] INFO training_time: 2851.0509531497955
[2026-01-22 16:36:31] INFO inference_time: 44.73172998428345
[2026-01-22 16:37:52] INFO {'epoch': 36, 'sport_10_ndcg@20': tensor(0.0193), 'sport_10_recall@20': tensor(0.0444), 'ndcg@20': tensor(0.0193), 'recall@20': tensor(0.0444), 'train_loss_0': tensor(0.4912, device='cuda:0')}
[2026-01-22 16:37:52] INFO training_time: 2930.7747082710266
[2026-01-22 16:37:52] INFO inference_time: 45.776172399520874
[2026-01-22 16:39:12] INFO {'epoch': 37, 'sport_10_ndcg@20': tensor(0.0198), 'sport_10_recall@20': tensor(0.0449), 'ndcg@20': tensor(0.0198), 'recall@20': tensor(0.0449), 'train_loss_0': tensor(0.4898, device='cuda:0')}
[2026-01-22 16:39:12] INFO training_time: 3009.7343821525574
[2026-01-22 16:39:12] INFO inference_time: 46.983986139297485
[2026-01-22 16:39:12] INFO ndcg@20 improved. Best value: 0.0198
[2026-01-22 16:39:12] INFO Best model checkpoint saved in saved/SASRec/noisy_10/2026-01-22-15-48-08-600607.ckpt.
[2026-01-22 16:40:33] INFO {'epoch': 38, 'sport_10_ndcg@20': tensor(0.0193), 'sport_10_recall@20': tensor(0.0451), 'ndcg@20': tensor(0.0193), 'recall@20': tensor(0.0451), 'train_loss_0': tensor(0.4886, device='cuda:0')}
[2026-01-22 16:40:33] INFO training_time: 3089.0604445934296
[2026-01-22 16:40:33] INFO inference_time: 48.35496234893799
[2026-01-22 16:41:54] INFO {'epoch': 39, 'sport_10_ndcg@20': tensor(0.0190), 'sport_10_recall@20': tensor(0.0440), 'ndcg@20': tensor(0.0190), 'recall@20': tensor(0.0440), 'train_loss_0': tensor(0.4846, device='cuda:0')}
[2026-01-22 16:41:54] INFO training_time: 3168.8524010181427
[2026-01-22 16:41:54] INFO inference_time: 49.31793761253357
[2026-01-22 16:43:16] INFO {'epoch': 40, 'sport_10_ndcg@20': tensor(0.0195), 'sport_10_recall@20': tensor(0.0454), 'ndcg@20': tensor(0.0195), 'recall@20': tensor(0.0454), 'train_loss_0': tensor(0.4845, device='cuda:0')}
[2026-01-22 16:43:16] INFO training_time: 3248.5177195072174
[2026-01-22 16:43:16] INFO inference_time: 51.381301164627075
[2026-01-22 16:44:36] INFO {'epoch': 41, 'sport_10_ndcg@20': tensor(0.0199), 'sport_10_recall@20': tensor(0.0461), 'ndcg@20': tensor(0.0199), 'recall@20': tensor(0.0461), 'train_loss_0': tensor(0.4836, device='cuda:0')}
[2026-01-22 16:44:36] INFO training_time: 3327.726018667221
[2026-01-22 16:44:36] INFO inference_time: 52.50899624824524
[2026-01-22 16:44:36] INFO ndcg@20 improved. Best value: 0.0199
[2026-01-22 16:44:36] INFO Best model checkpoint saved in saved/SASRec/noisy_10/2026-01-22-15-48-08-600607.ckpt.
[2026-01-22 16:45:57] INFO {'epoch': 42, 'sport_10_ndcg@20': tensor(0.0196), 'sport_10_recall@20': tensor(0.0460), 'ndcg@20': tensor(0.0196), 'recall@20': tensor(0.0460), 'train_loss_0': tensor(0.4807, device='cuda:0')}
[2026-01-22 16:45:57] INFO training_time: 3407.5337088108063
[2026-01-22 16:45:57] INFO inference_time: 53.74012851715088
[2026-01-22 16:47:18] INFO {'epoch': 43, 'sport_10_ndcg@20': tensor(0.0203), 'sport_10_recall@20': tensor(0.0458), 'ndcg@20': tensor(0.0203), 'recall@20': tensor(0.0458), 'train_loss_0': tensor(0.4797, device='cuda:0')}
[2026-01-22 16:47:18] INFO training_time: 3487.475397348404
[2026-01-22 16:47:18] INFO inference_time: 54.769320249557495
[2026-01-22 16:47:18] INFO ndcg@20 improved. Best value: 0.0203
[2026-01-22 16:47:18] INFO Best model checkpoint saved in saved/SASRec/noisy_10/2026-01-22-15-48-08-600607.ckpt.
[2026-01-22 16:48:38] INFO {'epoch': 44, 'sport_10_ndcg@20': tensor(0.0199), 'sport_10_recall@20': tensor(0.0465), 'ndcg@20': tensor(0.0199), 'recall@20': tensor(0.0465), 'train_loss_0': tensor(0.4779, device='cuda:0')}
[2026-01-22 16:48:39] INFO training_time: 3566.7828030586243
[2026-01-22 16:48:39] INFO inference_time: 55.91209530830383
[2026-01-22 16:49:53] INFO {'epoch': 45, 'sport_10_ndcg@20': tensor(0.0194), 'sport_10_recall@20': tensor(0.0459), 'ndcg@20': tensor(0.0194), 'recall@20': tensor(0.0459), 'train_loss_0': tensor(0.4777, device='cuda:0')}
[2026-01-22 16:49:53] INFO training_time: 3639.8513581752777
[2026-01-22 16:49:53] INFO inference_time: 56.9897243976593
[2026-01-22 16:51:04] INFO {'epoch': 46, 'sport_10_ndcg@20': tensor(0.0200), 'sport_10_recall@20': tensor(0.0457), 'ndcg@20': tensor(0.0200), 'recall@20': tensor(0.0457), 'train_loss_0': tensor(0.4758, device='cuda:0')}
[2026-01-22 16:51:04] INFO training_time: 3709.7076325416565
[2026-01-22 16:51:04] INFO inference_time: 58.0304901599884
[2026-01-22 16:52:14] INFO {'epoch': 47, 'sport_10_ndcg@20': tensor(0.0199), 'sport_10_recall@20': tensor(0.0458), 'ndcg@20': tensor(0.0199), 'recall@20': tensor(0.0458), 'train_loss_0': tensor(0.4770, device='cuda:0')}
[2026-01-22 16:52:14] INFO training_time: 3778.7903306484222
[2026-01-22 16:52:14] INFO inference_time: 59.433608055114746
[2026-01-22 16:53:25] INFO {'epoch': 48, 'sport_10_ndcg@20': tensor(0.0198), 'sport_10_recall@20': tensor(0.0455), 'ndcg@20': tensor(0.0198), 'recall@20': tensor(0.0455), 'train_loss_0': tensor(0.4724, device='cuda:0')}
[2026-01-22 16:53:25] INFO training_time: 3848.6725494861603
[2026-01-22 16:53:25] INFO inference_time: 60.53529477119446
[2026-01-22 16:54:36] INFO {'epoch': 49, 'sport_10_ndcg@20': tensor(0.0200), 'sport_10_recall@20': tensor(0.0463), 'ndcg@20': tensor(0.0200), 'recall@20': tensor(0.0463), 'train_loss_0': tensor(0.4704, device='cuda:0')}
[2026-01-22 16:54:36] INFO training_time: 3918.940048456192
[2026-01-22 16:54:36] INFO inference_time: 61.554086208343506
[2026-01-22 16:55:48] INFO {'epoch': 50, 'sport_10_ndcg@20': tensor(0.0195), 'sport_10_recall@20': tensor(0.0453), 'ndcg@20': tensor(0.0195), 'recall@20': tensor(0.0453), 'train_loss_0': tensor(0.4696, device='cuda:0')}
[2026-01-22 16:55:48] INFO training_time: 3988.8854744434357
[2026-01-22 16:55:48] INFO inference_time: 63.039074420928955
[2026-01-22 16:56:59] INFO {'epoch': 51, 'sport_10_ndcg@20': tensor(0.0198), 'sport_10_recall@20': tensor(0.0457), 'ndcg@20': tensor(0.0198), 'recall@20': tensor(0.0457), 'train_loss_0': tensor(0.4671, device='cuda:0')}
[2026-01-22 16:56:59] INFO training_time: 4058.670241832733
[2026-01-22 16:56:59] INFO inference_time: 64.26034092903137
[2026-01-22 16:58:10] INFO {'epoch': 52, 'sport_10_ndcg@20': tensor(0.0193), 'sport_10_recall@20': tensor(0.0446), 'ndcg@20': tensor(0.0193), 'recall@20': tensor(0.0446), 'train_loss_0': tensor(0.4676, device='cuda:0')}
[2026-01-22 16:58:10] INFO training_time: 4128.408465385437
[2026-01-22 16:58:10] INFO inference_time: 65.38997840881348
[2026-01-22 16:59:21] INFO {'epoch': 53, 'sport_10_ndcg@20': tensor(0.0193), 'sport_10_recall@20': tensor(0.0449), 'ndcg@20': tensor(0.0193), 'recall@20': tensor(0.0449), 'train_loss_0': tensor(0.4668, device='cuda:0')}
[2026-01-22 16:59:21] INFO training_time: 4198.296711206436
[2026-01-22 16:59:21] INFO inference_time: 66.55474281311035
[2026-01-22 17:00:32] INFO {'epoch': 54, 'sport_10_ndcg@20': tensor(0.0194), 'sport_10_recall@20': tensor(0.0448), 'ndcg@20': tensor(0.0194), 'recall@20': tensor(0.0448), 'train_loss_0': tensor(0.4662, device='cuda:0')}
[2026-01-22 17:00:32] INFO training_time: 4268.200269699097
[2026-01-22 17:00:32] INFO inference_time: 67.60758185386658
[2026-01-22 17:01:43] INFO {'epoch': 55, 'sport_10_ndcg@20': tensor(0.0198), 'sport_10_recall@20': tensor(0.0456), 'ndcg@20': tensor(0.0198), 'recall@20': tensor(0.0456), 'train_loss_0': tensor(0.4648, device='cuda:0')}
[2026-01-22 17:01:43] INFO training_time: 4338.20374584198
[2026-01-22 17:01:43] INFO inference_time: 68.79836964607239
[2026-01-22 17:02:54] INFO {'epoch': 56, 'sport_10_ndcg@20': tensor(0.0199), 'sport_10_recall@20': tensor(0.0459), 'ndcg@20': tensor(0.0199), 'recall@20': tensor(0.0459), 'train_loss_0': tensor(0.4626, device='cuda:0')}
[2026-01-22 17:02:54] INFO training_time: 4408.19463467598
[2026-01-22 17:02:54] INFO inference_time: 69.81077122688293
[2026-01-22 17:04:05] INFO {'epoch': 57, 'sport_10_ndcg@20': tensor(0.0196), 'sport_10_recall@20': tensor(0.0449), 'ndcg@20': tensor(0.0196), 'recall@20': tensor(0.0449), 'train_loss_0': tensor(0.4614, device='cuda:0')}
[2026-01-22 17:04:05] INFO training_time: 4477.922203779221
[2026-01-22 17:04:05] INFO inference_time: 71.20897340774536
[2026-01-22 17:05:16] INFO {'epoch': 58, 'sport_10_ndcg@20': tensor(0.0198), 'sport_10_recall@20': tensor(0.0456), 'ndcg@20': tensor(0.0198), 'recall@20': tensor(0.0456), 'train_loss_0': tensor(0.4612, device='cuda:0')}
[2026-01-22 17:05:16] INFO training_time: 4547.866579055786
[2026-01-22 17:05:16] INFO inference_time: 72.58768367767334
[2026-01-22 17:06:28] INFO {'epoch': 59, 'sport_10_ndcg@20': tensor(0.0197), 'sport_10_recall@20': tensor(0.0455), 'ndcg@20': tensor(0.0197), 'recall@20': tensor(0.0455), 'train_loss_0': tensor(0.4594, device='cuda:0')}
[2026-01-22 17:06:28] INFO training_time: 4618.502862453461
[2026-01-22 17:06:28] INFO inference_time: 73.67510676383972
[2026-01-22 17:07:40] INFO {'epoch': 60, 'sport_10_ndcg@20': tensor(0.0199), 'sport_10_recall@20': tensor(0.0460), 'ndcg@20': tensor(0.0199), 'recall@20': tensor(0.0460), 'train_loss_0': tensor(0.4597, device='cuda:0')}
[2026-01-22 17:07:40] INFO training_time: 4688.439428806305
[2026-01-22 17:07:40] INFO inference_time: 75.27131152153015
[2026-01-22 17:08:50] INFO {'epoch': 61, 'sport_10_ndcg@20': tensor(0.0198), 'sport_10_recall@20': tensor(0.0459), 'ndcg@20': tensor(0.0198), 'recall@20': tensor(0.0459), 'train_loss_0': tensor(0.4582, device='cuda:0')}
[2026-01-22 17:08:50] INFO training_time: 4757.794580936432
[2026-01-22 17:08:50] INFO inference_time: 76.30810046195984
[2026-01-22 17:10:02] INFO {'epoch': 62, 'sport_10_ndcg@20': tensor(0.0198), 'sport_10_recall@20': tensor(0.0456), 'ndcg@20': tensor(0.0198), 'recall@20': tensor(0.0456), 'train_loss_0': tensor(0.4532, device='cuda:0')}
[2026-01-22 17:10:02] INFO training_time: 4828.162844657898
[2026-01-22 17:10:02] INFO inference_time: 77.47126913070679
[2026-01-22 17:11:13] INFO {'epoch': 63, 'sport_10_ndcg@20': tensor(0.0202), 'sport_10_recall@20': tensor(0.0462), 'ndcg@20': tensor(0.0202), 'recall@20': tensor(0.0462), 'train_loss_0': tensor(0.4561, device='cuda:0')}
[2026-01-22 17:11:13] INFO training_time: 4898.545966386795
[2026-01-22 17:11:13] INFO inference_time: 78.60937714576721
[2026-01-22 17:11:13] INFO Early stopped. Since the metric ndcg@20 haven't been improved for 20 epochs.
[2026-01-22 17:11:13] INFO The best score of ndcg@20 is 0.0203 on epoch 43
[2026-01-22 17:11:13] INFO Best model checkpoint saved in saved/SASRec/noisy_10/2026-01-22-15-48-08-600607.ckpt.
[2026-01-22 17:11:14] INFO defaultdict(<class 'float'>, {'sport_10_ndcg@20': tensor(0.0149), 'sport_10_recall@20': tensor(0.0336), 'sport_10_ndcg@10': tensor(0.0118), 'sport_10_recall@10': tensor(0.0214), 'ndcg@20': tensor(0.0149), 'recall@20': tensor(0.0336), 'ndcg@10': tensor(0.0118), 'recall@10': tensor(0.0214)})
