[2026-02-06 08:37:59] INFO PID of this process: 2608153
[2026-02-06 08:38:06] INFO {'model': {'embed_dim': 64, 'loss_fn': 'bce', 'hidden_size': 128, 'layer_num': 2, 'head_num': 2, 'dropout_rate': 0.5, 'activation': 'gelu', 'layer_norm_eps': 1e-12, 'model': 'SASRec'}, 'data': {'domain_name_list': ['sport_10'], 'user_threshold': 5, 'item_threshold': 5, 'max_seq_len': 50, 'dataset_class': 'general', 'train_file': '_ori', 'dataset': 'noisy_10'}, 'train': {'batch_size': 256, 'early_stop_mode': 'max', 'early_stop_patience': 20, 'epochs': 1000, 'device': 'cuda', 'optimizer': 'adam', 'learning_rate': 0.001, 'weight_decay': 0, 'num_neg': 1, 'seed': 2027}, 'eval': {'batch_size': 2048, 'cutoff': [20, 10], 'val_metrics': ['ndcg', 'recall'], 'test_metrics': ['ndcg', 'recall'], 'topk': 100, 'save_path': './saved/'}}
[2026-02-06 08:38:06] INFO <data.dataset.SeparateDataset object at 0x7fdd4bd5f1f0>
[2026-02-06 08:38:06] INFO save_dir:saved
[2026-02-06 08:38:06] INFO SASRec(
  (item_embedding): Embedding(18358, 64, padding_idx=0)
  (query_encoder): SASRecQueryEncoder(
    (item_encoder): Embedding(18358, 64, padding_idx=0)
    (position_emb): Embedding(50, 64)
    (transformer_layer): TransformerEncoder(
      (layers): ModuleList(
        (0): TransformerEncoderLayer(
          (self_attn): MultiheadAttention(
            (out_proj): NonDynamicallyQuantizableLinear(in_features=64, out_features=64, bias=True)
          )
          (linear1): Linear(in_features=64, out_features=128, bias=True)
          (dropout): Dropout(p=0.5, inplace=False)
          (linear2): Linear(in_features=128, out_features=64, bias=True)
          (norm1): LayerNorm((64,), eps=1e-12, elementwise_affine=True)
          (norm2): LayerNorm((64,), eps=1e-12, elementwise_affine=True)
          (dropout1): Dropout(p=0.5, inplace=False)
          (dropout2): Dropout(p=0.5, inplace=False)
        )
        (1): TransformerEncoderLayer(
          (self_attn): MultiheadAttention(
            (out_proj): NonDynamicallyQuantizableLinear(in_features=64, out_features=64, bias=True)
          )
          (linear1): Linear(in_features=64, out_features=128, bias=True)
          (dropout): Dropout(p=0.5, inplace=False)
          (linear2): Linear(in_features=128, out_features=64, bias=True)
          (norm1): LayerNorm((64,), eps=1e-12, elementwise_affine=True)
          (norm2): LayerNorm((64,), eps=1e-12, elementwise_affine=True)
          (dropout1): Dropout(p=0.5, inplace=False)
          (dropout2): Dropout(p=0.5, inplace=False)
        )
      )
    )
    (dropout): Dropout(p=0.5, inplace=False)
    (training_pooling_layer): SeqPoolingLayer()
    (eval_pooling_layer): SeqPoolingLayer()
  )
  (loss_fn): BinaryCrossEntropyLoss()
)
[2026-02-06 08:38:34] INFO {'epoch': 0, 'sport_10_ndcg@20': tensor(0.0079), 'sport_10_recall@20': tensor(0.0193), 'ndcg@20': tensor(0.0079), 'recall@20': tensor(0.0193), 'train_loss_0': tensor(1.3118, device='cuda:0')}
[2026-02-06 08:38:34] INFO training_time: 25.4626362323761
[2026-02-06 08:38:34] INFO inference_time: 2.1406362056732178
[2026-02-06 08:38:34] INFO ndcg@20 improved. Best value: 0.0079
[2026-02-06 08:38:34] INFO Best model checkpoint saved in saved/SASRec/noisy_10/2026-02-06-08-37-59-587006.ckpt.
[2026-02-06 08:38:59] INFO {'epoch': 1, 'sport_10_ndcg@20': tensor(0.0083), 'sport_10_recall@20': tensor(0.0204), 'ndcg@20': tensor(0.0083), 'recall@20': tensor(0.0204), 'train_loss_0': tensor(1.2247, device='cuda:0')}
[2026-02-06 08:38:59] INFO training_time: 49.04615259170532
[2026-02-06 08:38:59] INFO inference_time: 3.927471876144409
[2026-02-06 08:38:59] INFO ndcg@20 improved. Best value: 0.0083
[2026-02-06 08:38:59] INFO Best model checkpoint saved in saved/SASRec/noisy_10/2026-02-06-08-37-59-587006.ckpt.
[2026-02-06 08:39:24] INFO {'epoch': 2, 'sport_10_ndcg@20': tensor(0.0084), 'sport_10_recall@20': tensor(0.0210), 'ndcg@20': tensor(0.0084), 'recall@20': tensor(0.0210), 'train_loss_0': tensor(1.1926, device='cuda:0')}
[2026-02-06 08:39:24] INFO training_time: 72.53221273422241
[2026-02-06 08:39:24] INFO inference_time: 5.276207208633423
[2026-02-06 08:39:24] INFO ndcg@20 improved. Best value: 0.0084
[2026-02-06 08:39:24] INFO Best model checkpoint saved in saved/SASRec/noisy_10/2026-02-06-08-37-59-587006.ckpt.
[2026-02-06 08:39:49] INFO {'epoch': 3, 'sport_10_ndcg@20': tensor(0.0086), 'sport_10_recall@20': tensor(0.0213), 'ndcg@20': tensor(0.0086), 'recall@20': tensor(0.0213), 'train_loss_0': tensor(1.1488, device='cuda:0')}
[2026-02-06 08:39:49] INFO training_time: 96.10971999168396
[2026-02-06 08:39:49] INFO inference_time: 6.762298345565796
[2026-02-06 08:39:49] INFO ndcg@20 improved. Best value: 0.0086
[2026-02-06 08:39:49] INFO Best model checkpoint saved in saved/SASRec/noisy_10/2026-02-06-08-37-59-587006.ckpt.
[2026-02-06 08:40:15] INFO {'epoch': 4, 'sport_10_ndcg@20': tensor(0.0097), 'sport_10_recall@20': tensor(0.0237), 'ndcg@20': tensor(0.0097), 'recall@20': tensor(0.0237), 'train_loss_0': tensor(1.0967, device='cuda:0')}
[2026-02-06 08:40:15] INFO training_time: 119.80329489707947
[2026-02-06 08:40:15] INFO inference_time: 8.270743608474731
[2026-02-06 08:40:15] INFO ndcg@20 improved. Best value: 0.0097
[2026-02-06 08:40:15] INFO Best model checkpoint saved in saved/SASRec/noisy_10/2026-02-06-08-37-59-587006.ckpt.
[2026-02-06 08:40:40] INFO {'epoch': 5, 'sport_10_ndcg@20': tensor(0.0110), 'sport_10_recall@20': tensor(0.0277), 'ndcg@20': tensor(0.0110), 'recall@20': tensor(0.0277), 'train_loss_0': tensor(1.0421, device='cuda:0')}
[2026-02-06 08:40:40] INFO training_time: 143.21498560905457
[2026-02-06 08:40:40] INFO inference_time: 9.77070426940918
[2026-02-06 08:40:40] INFO ndcg@20 improved. Best value: 0.0110
[2026-02-06 08:40:40] INFO Best model checkpoint saved in saved/SASRec/noisy_10/2026-02-06-08-37-59-587006.ckpt.
[2026-02-06 08:41:04] INFO {'epoch': 6, 'sport_10_ndcg@20': tensor(0.0118), 'sport_10_recall@20': tensor(0.0291), 'ndcg@20': tensor(0.0118), 'recall@20': tensor(0.0291), 'train_loss_0': tensor(0.9905, device='cuda:0')}
[2026-02-06 08:41:04] INFO training_time: 166.24048018455505
[2026-02-06 08:41:04] INFO inference_time: 11.279408931732178
[2026-02-06 08:41:04] INFO ndcg@20 improved. Best value: 0.0118
[2026-02-06 08:41:04] INFO Best model checkpoint saved in saved/SASRec/noisy_10/2026-02-06-08-37-59-587006.ckpt.
[2026-02-06 08:41:29] INFO {'epoch': 7, 'sport_10_ndcg@20': tensor(0.0127), 'sport_10_recall@20': tensor(0.0312), 'ndcg@20': tensor(0.0127), 'recall@20': tensor(0.0312), 'train_loss_0': tensor(0.9466, device='cuda:0')}
[2026-02-06 08:41:29] INFO training_time: 189.75026488304138
[2026-02-06 08:41:29] INFO inference_time: 12.65646767616272
[2026-02-06 08:41:29] INFO ndcg@20 improved. Best value: 0.0127
[2026-02-06 08:41:29] INFO Best model checkpoint saved in saved/SASRec/noisy_10/2026-02-06-08-37-59-587006.ckpt.
[2026-02-06 08:41:54] INFO {'epoch': 8, 'sport_10_ndcg@20': tensor(0.0133), 'sport_10_recall@20': tensor(0.0328), 'ndcg@20': tensor(0.0133), 'recall@20': tensor(0.0328), 'train_loss_0': tensor(0.9053, device='cuda:0')}
[2026-02-06 08:41:54] INFO training_time: 213.47058844566345
[2026-02-06 08:41:54] INFO inference_time: 13.903810501098633
[2026-02-06 08:41:54] INFO ndcg@20 improved. Best value: 0.0133
[2026-02-06 08:41:54] INFO Best model checkpoint saved in saved/SASRec/noisy_10/2026-02-06-08-37-59-587006.ckpt.
[2026-02-06 08:42:19] INFO {'epoch': 9, 'sport_10_ndcg@20': tensor(0.0139), 'sport_10_recall@20': tensor(0.0347), 'ndcg@20': tensor(0.0139), 'recall@20': tensor(0.0347), 'train_loss_0': tensor(0.8672, device='cuda:0')}
[2026-02-06 08:42:19] INFO training_time: 237.02767038345337
[2026-02-06 08:42:19] INFO inference_time: 15.502324104309082
[2026-02-06 08:42:19] INFO ndcg@20 improved. Best value: 0.0139
[2026-02-06 08:42:19] INFO Best model checkpoint saved in saved/SASRec/noisy_10/2026-02-06-08-37-59-587006.ckpt.
[2026-02-06 08:42:45] INFO {'epoch': 10, 'sport_10_ndcg@20': tensor(0.0147), 'sport_10_recall@20': tensor(0.0361), 'ndcg@20': tensor(0.0147), 'recall@20': tensor(0.0361), 'train_loss_0': tensor(0.8349, device='cuda:0')}
[2026-02-06 08:42:45] INFO training_time: 260.789922952652
[2026-02-06 08:42:45] INFO inference_time: 17.46306347846985
[2026-02-06 08:42:45] INFO ndcg@20 improved. Best value: 0.0147
[2026-02-06 08:42:45] INFO Best model checkpoint saved in saved/SASRec/noisy_10/2026-02-06-08-37-59-587006.ckpt.
[2026-02-06 08:43:10] INFO {'epoch': 11, 'sport_10_ndcg@20': tensor(0.0150), 'sport_10_recall@20': tensor(0.0372), 'ndcg@20': tensor(0.0150), 'recall@20': tensor(0.0372), 'train_loss_0': tensor(0.8033, device='cuda:0')}
[2026-02-06 08:43:10] INFO training_time: 284.1926338672638
[2026-02-06 08:43:10] INFO inference_time: 18.90459895133972
[2026-02-06 08:43:10] INFO ndcg@20 improved. Best value: 0.0150
[2026-02-06 08:43:10] INFO Best model checkpoint saved in saved/SASRec/noisy_10/2026-02-06-08-37-59-587006.ckpt.
[2026-02-06 08:43:35] INFO {'epoch': 12, 'sport_10_ndcg@20': tensor(0.0158), 'sport_10_recall@20': tensor(0.0385), 'ndcg@20': tensor(0.0158), 'recall@20': tensor(0.0385), 'train_loss_0': tensor(0.7768, device='cuda:0')}
[2026-02-06 08:43:35] INFO training_time: 307.84995794296265
[2026-02-06 08:43:35] INFO inference_time: 20.57472038269043
[2026-02-06 08:43:35] INFO ndcg@20 improved. Best value: 0.0158
[2026-02-06 08:43:35] INFO Best model checkpoint saved in saved/SASRec/noisy_10/2026-02-06-08-37-59-587006.ckpt.
[2026-02-06 08:44:00] INFO {'epoch': 13, 'sport_10_ndcg@20': tensor(0.0162), 'sport_10_recall@20': tensor(0.0389), 'ndcg@20': tensor(0.0162), 'recall@20': tensor(0.0389), 'train_loss_0': tensor(0.7544, device='cuda:0')}
[2026-02-06 08:44:00] INFO training_time: 331.32719707489014
[2026-02-06 08:44:00] INFO inference_time: 22.35937237739563
[2026-02-06 08:44:00] INFO ndcg@20 improved. Best value: 0.0162
[2026-02-06 08:44:00] INFO Best model checkpoint saved in saved/SASRec/noisy_10/2026-02-06-08-37-59-587006.ckpt.
[2026-02-06 08:44:26] INFO {'epoch': 14, 'sport_10_ndcg@20': tensor(0.0162), 'sport_10_recall@20': tensor(0.0389), 'ndcg@20': tensor(0.0162), 'recall@20': tensor(0.0389), 'train_loss_0': tensor(0.7324, device='cuda:0')}
[2026-02-06 08:44:26] INFO training_time: 355.1537079811096
[2026-02-06 08:44:26] INFO inference_time: 24.013480186462402
[2026-02-06 08:44:51] INFO {'epoch': 15, 'sport_10_ndcg@20': tensor(0.0163), 'sport_10_recall@20': tensor(0.0386), 'ndcg@20': tensor(0.0163), 'recall@20': tensor(0.0386), 'train_loss_0': tensor(0.7112, device='cuda:0')}
[2026-02-06 08:44:51] INFO training_time: 378.4262411594391
[2026-02-06 08:44:51] INFO inference_time: 25.781810998916626
[2026-02-06 08:44:51] INFO ndcg@20 improved. Best value: 0.0163
[2026-02-06 08:44:51] INFO Best model checkpoint saved in saved/SASRec/noisy_10/2026-02-06-08-37-59-587006.ckpt.
[2026-02-06 08:45:16] INFO {'epoch': 16, 'sport_10_ndcg@20': tensor(0.0164), 'sport_10_recall@20': tensor(0.0401), 'ndcg@20': tensor(0.0164), 'recall@20': tensor(0.0401), 'train_loss_0': tensor(0.6945, device='cuda:0')}
[2026-02-06 08:45:16] INFO training_time: 401.9808404445648
[2026-02-06 08:45:16] INFO inference_time: 27.646011114120483
[2026-02-06 08:45:16] INFO ndcg@20 improved. Best value: 0.0164
[2026-02-06 08:45:16] INFO Best model checkpoint saved in saved/SASRec/noisy_10/2026-02-06-08-37-59-587006.ckpt.
[2026-02-06 08:45:42] INFO {'epoch': 17, 'sport_10_ndcg@20': tensor(0.0164), 'sport_10_recall@20': tensor(0.0393), 'ndcg@20': tensor(0.0164), 'recall@20': tensor(0.0393), 'train_loss_0': tensor(0.6799, device='cuda:0')}
[2026-02-06 08:45:42] INFO training_time: 425.63345861434937
[2026-02-06 08:45:42] INFO inference_time: 29.30819606781006
[2026-02-06 08:46:07] INFO {'epoch': 18, 'sport_10_ndcg@20': tensor(0.0169), 'sport_10_recall@20': tensor(0.0401), 'ndcg@20': tensor(0.0169), 'recall@20': tensor(0.0401), 'train_loss_0': tensor(0.6657, device='cuda:0')}
[2026-02-06 08:46:07] INFO training_time: 449.48576045036316
[2026-02-06 08:46:07] INFO inference_time: 30.69527530670166
[2026-02-06 08:46:07] INFO ndcg@20 improved. Best value: 0.0169
[2026-02-06 08:46:07] INFO Best model checkpoint saved in saved/SASRec/noisy_10/2026-02-06-08-37-59-587006.ckpt.
[2026-02-06 08:46:32] INFO {'epoch': 19, 'sport_10_ndcg@20': tensor(0.0169), 'sport_10_recall@20': tensor(0.0405), 'ndcg@20': tensor(0.0169), 'recall@20': tensor(0.0405), 'train_loss_0': tensor(0.6561, device='cuda:0')}
[2026-02-06 08:46:32] INFO training_time: 473.2283000946045
[2026-02-06 08:46:32] INFO inference_time: 32.0667200088501
[2026-02-06 08:46:58] INFO {'epoch': 20, 'sport_10_ndcg@20': tensor(0.0173), 'sport_10_recall@20': tensor(0.0407), 'ndcg@20': tensor(0.0173), 'recall@20': tensor(0.0407), 'train_loss_0': tensor(0.6464, device='cuda:0')}
[2026-02-06 08:46:58] INFO training_time: 496.6838569641113
[2026-02-06 08:46:58] INFO inference_time: 34.497207164764404
[2026-02-06 08:46:58] INFO ndcg@20 improved. Best value: 0.0173
[2026-02-06 08:46:58] INFO Best model checkpoint saved in saved/SASRec/noisy_10/2026-02-06-08-37-59-587006.ckpt.
[2026-02-06 08:47:23] INFO {'epoch': 21, 'sport_10_ndcg@20': tensor(0.0174), 'sport_10_recall@20': tensor(0.0409), 'ndcg@20': tensor(0.0174), 'recall@20': tensor(0.0409), 'train_loss_0': tensor(0.6328, device='cuda:0')}
[2026-02-06 08:47:23] INFO training_time: 520.0862703323364
[2026-02-06 08:47:23] INFO inference_time: 36.18944692611694
[2026-02-06 08:47:23] INFO ndcg@20 improved. Best value: 0.0174
[2026-02-06 08:47:23] INFO Best model checkpoint saved in saved/SASRec/noisy_10/2026-02-06-08-37-59-587006.ckpt.
[2026-02-06 08:47:48] INFO {'epoch': 22, 'sport_10_ndcg@20': tensor(0.0170), 'sport_10_recall@20': tensor(0.0398), 'ndcg@20': tensor(0.0170), 'recall@20': tensor(0.0398), 'train_loss_0': tensor(0.6257, device='cuda:0')}
[2026-02-06 08:47:48] INFO training_time: 543.4965646266937
[2026-02-06 08:47:48] INFO inference_time: 37.542202949523926
[2026-02-06 08:48:13] INFO {'epoch': 23, 'sport_10_ndcg@20': tensor(0.0171), 'sport_10_recall@20': tensor(0.0405), 'ndcg@20': tensor(0.0171), 'recall@20': tensor(0.0405), 'train_loss_0': tensor(0.6139, device='cuda:0')}
[2026-02-06 08:48:13] INFO training_time: 567.3342573642731
[2026-02-06 08:48:13] INFO inference_time: 39.049471855163574
[2026-02-06 08:48:38] INFO {'epoch': 24, 'sport_10_ndcg@20': tensor(0.0168), 'sport_10_recall@20': tensor(0.0407), 'ndcg@20': tensor(0.0168), 'recall@20': tensor(0.0407), 'train_loss_0': tensor(0.6112, device='cuda:0')}
[2026-02-06 08:48:38] INFO training_time: 590.4984738826752
[2026-02-06 08:48:38] INFO inference_time: 40.580617904663086
[2026-02-06 08:49:03] INFO {'epoch': 25, 'sport_10_ndcg@20': tensor(0.0175), 'sport_10_recall@20': tensor(0.0417), 'ndcg@20': tensor(0.0175), 'recall@20': tensor(0.0417), 'train_loss_0': tensor(0.5993, device='cuda:0')}
[2026-02-06 08:49:03] INFO training_time: 613.814094543457
[2026-02-06 08:49:03] INFO inference_time: 41.96470093727112
[2026-02-06 08:49:03] INFO ndcg@20 improved. Best value: 0.0175
[2026-02-06 08:49:03] INFO Best model checkpoint saved in saved/SASRec/noisy_10/2026-02-06-08-37-59-587006.ckpt.
[2026-02-06 08:49:28] INFO {'epoch': 26, 'sport_10_ndcg@20': tensor(0.0174), 'sport_10_recall@20': tensor(0.0417), 'ndcg@20': tensor(0.0174), 'recall@20': tensor(0.0417), 'train_loss_0': tensor(0.5934, device='cuda:0')}
[2026-02-06 08:49:28] INFO training_time: 637.2719120979309
[2026-02-06 08:49:28] INFO inference_time: 43.85287117958069
[2026-02-06 08:49:53] INFO {'epoch': 27, 'sport_10_ndcg@20': tensor(0.0177), 'sport_10_recall@20': tensor(0.0419), 'ndcg@20': tensor(0.0177), 'recall@20': tensor(0.0419), 'train_loss_0': tensor(0.5890, device='cuda:0')}
[2026-02-06 08:49:53] INFO training_time: 660.8699061870575
[2026-02-06 08:49:53] INFO inference_time: 45.44313979148865
[2026-02-06 08:49:53] INFO ndcg@20 improved. Best value: 0.0177
[2026-02-06 08:49:53] INFO Best model checkpoint saved in saved/SASRec/noisy_10/2026-02-06-08-37-59-587006.ckpt.
[2026-02-06 08:50:18] INFO {'epoch': 28, 'sport_10_ndcg@20': tensor(0.0175), 'sport_10_recall@20': tensor(0.0413), 'ndcg@20': tensor(0.0175), 'recall@20': tensor(0.0413), 'train_loss_0': tensor(0.5867, device='cuda:0')}
[2026-02-06 08:50:18] INFO training_time: 684.1256635189056
[2026-02-06 08:50:18] INFO inference_time: 46.7132670879364
[2026-02-06 08:50:43] INFO {'epoch': 29, 'sport_10_ndcg@20': tensor(0.0174), 'sport_10_recall@20': tensor(0.0412), 'ndcg@20': tensor(0.0174), 'recall@20': tensor(0.0412), 'train_loss_0': tensor(0.5806, device='cuda:0')}
[2026-02-06 08:50:43] INFO training_time: 707.7882225513458
[2026-02-06 08:50:43] INFO inference_time: 47.95914602279663
[2026-02-06 08:51:09] INFO {'epoch': 30, 'sport_10_ndcg@20': tensor(0.0175), 'sport_10_recall@20': tensor(0.0416), 'ndcg@20': tensor(0.0175), 'recall@20': tensor(0.0416), 'train_loss_0': tensor(0.5732, device='cuda:0')}
[2026-02-06 08:51:09] INFO training_time: 731.5694727897644
[2026-02-06 08:51:09] INFO inference_time: 49.866196155548096
[2026-02-06 08:51:33] INFO {'epoch': 31, 'sport_10_ndcg@20': tensor(0.0175), 'sport_10_recall@20': tensor(0.0407), 'ndcg@20': tensor(0.0175), 'recall@20': tensor(0.0407), 'train_loss_0': tensor(0.5701, device='cuda:0')}
[2026-02-06 08:51:33] INFO training_time: 754.8817777633667
[2026-02-06 08:51:33] INFO inference_time: 51.40544939041138
[2026-02-06 08:51:58] INFO {'epoch': 32, 'sport_10_ndcg@20': tensor(0.0177), 'sport_10_recall@20': tensor(0.0409), 'ndcg@20': tensor(0.0177), 'recall@20': tensor(0.0409), 'train_loss_0': tensor(0.5688, device='cuda:0')}
[2026-02-06 08:51:58] INFO training_time: 778.4286534786224
[2026-02-06 08:51:58] INFO inference_time: 52.94299554824829
[2026-02-06 08:51:58] INFO ndcg@20 improved. Best value: 0.0177
[2026-02-06 08:51:58] INFO Best model checkpoint saved in saved/SASRec/noisy_10/2026-02-06-08-37-59-587006.ckpt.
[2026-02-06 08:52:23] INFO {'epoch': 33, 'sport_10_ndcg@20': tensor(0.0179), 'sport_10_recall@20': tensor(0.0414), 'ndcg@20': tensor(0.0179), 'recall@20': tensor(0.0414), 'train_loss_0': tensor(0.5605, device='cuda:0')}
[2026-02-06 08:52:23] INFO training_time: 801.8250825405121
[2026-02-06 08:52:23] INFO inference_time: 54.3214271068573
[2026-02-06 08:52:23] INFO ndcg@20 improved. Best value: 0.0179
[2026-02-06 08:52:23] INFO Best model checkpoint saved in saved/SASRec/noisy_10/2026-02-06-08-37-59-587006.ckpt.
[2026-02-06 08:52:48] INFO {'epoch': 34, 'sport_10_ndcg@20': tensor(0.0176), 'sport_10_recall@20': tensor(0.0413), 'ndcg@20': tensor(0.0176), 'recall@20': tensor(0.0413), 'train_loss_0': tensor(0.5594, device='cuda:0')}
[2026-02-06 08:52:48] INFO training_time: 825.5303814411163
[2026-02-06 08:52:48] INFO inference_time: 55.773186445236206
[2026-02-06 08:53:13] INFO {'epoch': 35, 'sport_10_ndcg@20': tensor(0.0176), 'sport_10_recall@20': tensor(0.0409), 'ndcg@20': tensor(0.0176), 'recall@20': tensor(0.0409), 'train_loss_0': tensor(0.5564, device='cuda:0')}
[2026-02-06 08:53:13] INFO training_time: 848.8303451538086
[2026-02-06 08:53:13] INFO inference_time: 57.20801138877869
[2026-02-06 08:53:38] INFO {'epoch': 36, 'sport_10_ndcg@20': tensor(0.0178), 'sport_10_recall@20': tensor(0.0412), 'ndcg@20': tensor(0.0178), 'recall@20': tensor(0.0412), 'train_loss_0': tensor(0.5519, device='cuda:0')}
[2026-02-06 08:53:38] INFO training_time: 872.1442003250122
[2026-02-06 08:53:38] INFO inference_time: 58.719974517822266
[2026-02-06 08:54:03] INFO {'epoch': 37, 'sport_10_ndcg@20': tensor(0.0174), 'sport_10_recall@20': tensor(0.0407), 'ndcg@20': tensor(0.0174), 'recall@20': tensor(0.0407), 'train_loss_0': tensor(0.5491, device='cuda:0')}
[2026-02-06 08:54:03] INFO training_time: 895.8423662185669
[2026-02-06 08:54:03] INFO inference_time: 60.198787689208984
[2026-02-06 08:54:28] INFO {'epoch': 38, 'sport_10_ndcg@20': tensor(0.0174), 'sport_10_recall@20': tensor(0.0403), 'ndcg@20': tensor(0.0174), 'recall@20': tensor(0.0403), 'train_loss_0': tensor(0.5464, device='cuda:0')}
[2026-02-06 08:54:28] INFO training_time: 919.1832904815674
[2026-02-06 08:54:28] INFO inference_time: 61.79706382751465
[2026-02-06 08:54:53] INFO {'epoch': 39, 'sport_10_ndcg@20': tensor(0.0177), 'sport_10_recall@20': tensor(0.0408), 'ndcg@20': tensor(0.0177), 'recall@20': tensor(0.0408), 'train_loss_0': tensor(0.5419, device='cuda:0')}
[2026-02-06 08:54:53] INFO training_time: 942.7483479976654
[2026-02-06 08:54:53] INFO inference_time: 63.188048124313354
[2026-02-06 08:55:18] INFO {'epoch': 40, 'sport_10_ndcg@20': tensor(0.0181), 'sport_10_recall@20': tensor(0.0430), 'ndcg@20': tensor(0.0181), 'recall@20': tensor(0.0430), 'train_loss_0': tensor(0.5419, device='cuda:0')}
[2026-02-06 08:55:18] INFO training_time: 966.2918426990509
[2026-02-06 08:55:18] INFO inference_time: 64.96926593780518
[2026-02-06 08:55:18] INFO ndcg@20 improved. Best value: 0.0181
[2026-02-06 08:55:18] INFO Best model checkpoint saved in saved/SASRec/noisy_10/2026-02-06-08-37-59-587006.ckpt.
[2026-02-06 08:55:44] INFO {'epoch': 41, 'sport_10_ndcg@20': tensor(0.0180), 'sport_10_recall@20': tensor(0.0427), 'ndcg@20': tensor(0.0180), 'recall@20': tensor(0.0427), 'train_loss_0': tensor(0.5390, device='cuda:0')}
[2026-02-06 08:55:44] INFO training_time: 990.1567285060883
[2026-02-06 08:55:44] INFO inference_time: 66.63213801383972
[2026-02-06 08:56:09] INFO {'epoch': 42, 'sport_10_ndcg@20': tensor(0.0179), 'sport_10_recall@20': tensor(0.0419), 'ndcg@20': tensor(0.0179), 'recall@20': tensor(0.0419), 'train_loss_0': tensor(0.5365, device='cuda:0')}
[2026-02-06 08:56:09] INFO training_time: 1013.6222450733185
[2026-02-06 08:56:09] INFO inference_time: 68.1721863746643
[2026-02-06 08:56:34] INFO {'epoch': 43, 'sport_10_ndcg@20': tensor(0.0185), 'sport_10_recall@20': tensor(0.0426), 'ndcg@20': tensor(0.0185), 'recall@20': tensor(0.0426), 'train_loss_0': tensor(0.5289, device='cuda:0')}
[2026-02-06 08:56:34] INFO training_time: 1037.3544738292694
[2026-02-06 08:56:34] INFO inference_time: 69.62310934066772
[2026-02-06 08:56:34] INFO ndcg@20 improved. Best value: 0.0185
[2026-02-06 08:56:34] INFO Best model checkpoint saved in saved/SASRec/noisy_10/2026-02-06-08-37-59-587006.ckpt.
[2026-02-06 08:56:59] INFO {'epoch': 44, 'sport_10_ndcg@20': tensor(0.0182), 'sport_10_recall@20': tensor(0.0421), 'ndcg@20': tensor(0.0182), 'recall@20': tensor(0.0421), 'train_loss_0': tensor(0.5270, device='cuda:0')}
[2026-02-06 08:56:59] INFO training_time: 1060.8714578151703
[2026-02-06 08:56:59] INFO inference_time: 71.01757907867432
[2026-02-06 08:57:24] INFO {'epoch': 45, 'sport_10_ndcg@20': tensor(0.0179), 'sport_10_recall@20': tensor(0.0420), 'ndcg@20': tensor(0.0179), 'recall@20': tensor(0.0420), 'train_loss_0': tensor(0.5278, device='cuda:0')}
[2026-02-06 08:57:24] INFO training_time: 1084.1352801322937
[2026-02-06 08:57:24] INFO inference_time: 72.50783634185791
[2026-02-06 08:57:49] INFO {'epoch': 46, 'sport_10_ndcg@20': tensor(0.0179), 'sport_10_recall@20': tensor(0.0418), 'ndcg@20': tensor(0.0179), 'recall@20': tensor(0.0418), 'train_loss_0': tensor(0.5231, device='cuda:0')}
[2026-02-06 08:57:49] INFO training_time: 1107.3618371486664
[2026-02-06 08:57:49] INFO inference_time: 74.11943221092224
[2026-02-06 08:58:14] INFO {'epoch': 47, 'sport_10_ndcg@20': tensor(0.0180), 'sport_10_recall@20': tensor(0.0422), 'ndcg@20': tensor(0.0180), 'recall@20': tensor(0.0422), 'train_loss_0': tensor(0.5232, device='cuda:0')}
[2026-02-06 08:58:14] INFO training_time: 1130.6854074001312
[2026-02-06 08:58:14] INFO inference_time: 75.6696515083313
[2026-02-06 08:58:39] INFO {'epoch': 48, 'sport_10_ndcg@20': tensor(0.0182), 'sport_10_recall@20': tensor(0.0422), 'ndcg@20': tensor(0.0182), 'recall@20': tensor(0.0422), 'train_loss_0': tensor(0.5214, device='cuda:0')}
[2026-02-06 08:58:39] INFO training_time: 1154.0383155345917
[2026-02-06 08:58:39] INFO inference_time: 77.32617688179016
[2026-02-06 08:59:04] INFO {'epoch': 49, 'sport_10_ndcg@20': tensor(0.0181), 'sport_10_recall@20': tensor(0.0428), 'ndcg@20': tensor(0.0181), 'recall@20': tensor(0.0428), 'train_loss_0': tensor(0.5194, device='cuda:0')}
[2026-02-06 08:59:04] INFO training_time: 1177.546588420868
[2026-02-06 08:59:04] INFO inference_time: 78.79272270202637
[2026-02-06 08:59:27] INFO {'epoch': 50, 'sport_10_ndcg@20': tensor(0.0178), 'sport_10_recall@20': tensor(0.0418), 'ndcg@20': tensor(0.0178), 'recall@20': tensor(0.0418), 'train_loss_0': tensor(0.5153, device='cuda:0')}
[2026-02-06 08:59:27] INFO training_time: 1198.723200082779
[2026-02-06 08:59:27] INFO inference_time: 80.57384967803955
[2026-02-06 08:59:49] INFO {'epoch': 51, 'sport_10_ndcg@20': tensor(0.0177), 'sport_10_recall@20': tensor(0.0422), 'ndcg@20': tensor(0.0177), 'recall@20': tensor(0.0422), 'train_loss_0': tensor(0.5152, device='cuda:0')}
[2026-02-06 08:59:49] INFO training_time: 1219.8548724651337
[2026-02-06 08:59:49] INFO inference_time: 81.82133746147156
[2026-02-06 09:00:12] INFO {'epoch': 52, 'sport_10_ndcg@20': tensor(0.0181), 'sport_10_recall@20': tensor(0.0431), 'ndcg@20': tensor(0.0181), 'recall@20': tensor(0.0431), 'train_loss_0': tensor(0.5165, device='cuda:0')}
[2026-02-06 09:00:12] INFO training_time: 1241.0228803157806
[2026-02-06 09:00:12] INFO inference_time: 83.38806700706482
[2026-02-06 09:00:35] INFO {'epoch': 53, 'sport_10_ndcg@20': tensor(0.0181), 'sport_10_recall@20': tensor(0.0429), 'ndcg@20': tensor(0.0181), 'recall@20': tensor(0.0429), 'train_loss_0': tensor(0.5107, device='cuda:0')}
[2026-02-06 09:00:35] INFO training_time: 1262.271471977234
[2026-02-06 09:00:35] INFO inference_time: 84.94362235069275
[2026-02-06 09:00:57] INFO {'epoch': 54, 'sport_10_ndcg@20': tensor(0.0181), 'sport_10_recall@20': tensor(0.0433), 'ndcg@20': tensor(0.0181), 'recall@20': tensor(0.0433), 'train_loss_0': tensor(0.5141, device='cuda:0')}
[2026-02-06 09:00:57] INFO training_time: 1283.1525557041168
[2026-02-06 09:00:57] INFO inference_time: 86.53553318977356
[2026-02-06 09:01:18] INFO {'epoch': 55, 'sport_10_ndcg@20': tensor(0.0179), 'sport_10_recall@20': tensor(0.0423), 'ndcg@20': tensor(0.0179), 'recall@20': tensor(0.0423), 'train_loss_0': tensor(0.5081, device='cuda:0')}
[2026-02-06 09:01:18] INFO training_time: 1302.6007714271545
[2026-02-06 09:01:18] INFO inference_time: 88.2383360862732
[2026-02-06 09:01:38] INFO {'epoch': 56, 'sport_10_ndcg@20': tensor(0.0182), 'sport_10_recall@20': tensor(0.0423), 'ndcg@20': tensor(0.0182), 'recall@20': tensor(0.0423), 'train_loss_0': tensor(0.5082, device='cuda:0')}
[2026-02-06 09:01:38] INFO training_time: 1321.4134058952332
[2026-02-06 09:01:38] INFO inference_time: 89.4771659374237
[2026-02-06 09:01:59] INFO {'epoch': 57, 'sport_10_ndcg@20': tensor(0.0182), 'sport_10_recall@20': tensor(0.0425), 'ndcg@20': tensor(0.0182), 'recall@20': tensor(0.0425), 'train_loss_0': tensor(0.5033, device='cuda:0')}
[2026-02-06 09:01:59] INFO training_time: 1340.335380077362
[2026-02-06 09:01:59] INFO inference_time: 90.8000967502594
[2026-02-06 09:02:18] INFO {'epoch': 58, 'sport_10_ndcg@20': tensor(0.0182), 'sport_10_recall@20': tensor(0.0423), 'ndcg@20': tensor(0.0182), 'recall@20': tensor(0.0423), 'train_loss_0': tensor(0.5046, device='cuda:0')}
[2026-02-06 09:02:18] INFO training_time: 1358.8176007270813
[2026-02-06 09:02:18] INFO inference_time: 92.20327568054199
[2026-02-06 09:02:39] INFO {'epoch': 59, 'sport_10_ndcg@20': tensor(0.0185), 'sport_10_recall@20': tensor(0.0424), 'ndcg@20': tensor(0.0185), 'recall@20': tensor(0.0424), 'train_loss_0': tensor(0.5060, device='cuda:0')}
[2026-02-06 09:02:39] INFO training_time: 1377.5917010307312
[2026-02-06 09:02:39] INFO inference_time: 93.9137008190155
[2026-02-06 09:02:39] INFO ndcg@20 improved. Best value: 0.0185
[2026-02-06 09:02:39] INFO Best model checkpoint saved in saved/SASRec/noisy_10/2026-02-06-08-37-59-587006.ckpt.
[2026-02-06 09:03:00] INFO {'epoch': 60, 'sport_10_ndcg@20': tensor(0.0182), 'sport_10_recall@20': tensor(0.0423), 'ndcg@20': tensor(0.0182), 'recall@20': tensor(0.0423), 'train_loss_0': tensor(0.5011, device='cuda:0')}
[2026-02-06 09:03:00] INFO training_time: 1396.2169525623322
[2026-02-06 09:03:00] INFO inference_time: 95.97511744499207
[2026-02-06 09:03:20] INFO {'epoch': 61, 'sport_10_ndcg@20': tensor(0.0182), 'sport_10_recall@20': tensor(0.0418), 'ndcg@20': tensor(0.0182), 'recall@20': tensor(0.0418), 'train_loss_0': tensor(0.5006, device='cuda:0')}
[2026-02-06 09:03:20] INFO training_time: 1414.951247215271
[2026-02-06 09:03:20] INFO inference_time: 97.4970154762268
[2026-02-06 09:03:40] INFO {'epoch': 62, 'sport_10_ndcg@20': tensor(0.0181), 'sport_10_recall@20': tensor(0.0421), 'ndcg@20': tensor(0.0181), 'recall@20': tensor(0.0421), 'train_loss_0': tensor(0.4985, device='cuda:0')}
[2026-02-06 09:03:40] INFO training_time: 1433.7004625797272
[2026-02-06 09:03:40] INFO inference_time: 98.74876809120178
[2026-02-06 09:04:00] INFO {'epoch': 63, 'sport_10_ndcg@20': tensor(0.0182), 'sport_10_recall@20': tensor(0.0428), 'ndcg@20': tensor(0.0182), 'recall@20': tensor(0.0428), 'train_loss_0': tensor(0.5003, device='cuda:0')}
[2026-02-06 09:04:00] INFO training_time: 1452.2200026512146
[2026-02-06 09:04:00] INFO inference_time: 100.26147937774658
[2026-02-06 09:04:20] INFO {'epoch': 64, 'sport_10_ndcg@20': tensor(0.0187), 'sport_10_recall@20': tensor(0.0430), 'ndcg@20': tensor(0.0187), 'recall@20': tensor(0.0430), 'train_loss_0': tensor(0.4929, device='cuda:0')}
[2026-02-06 09:04:20] INFO training_time: 1470.7289168834686
[2026-02-06 09:04:20] INFO inference_time: 101.50812244415283
[2026-02-06 09:04:20] INFO ndcg@20 improved. Best value: 0.0187
[2026-02-06 09:04:20] INFO Best model checkpoint saved in saved/SASRec/noisy_10/2026-02-06-08-37-59-587006.ckpt.
[2026-02-06 09:04:40] INFO {'epoch': 65, 'sport_10_ndcg@20': tensor(0.0185), 'sport_10_recall@20': tensor(0.0426), 'ndcg@20': tensor(0.0185), 'recall@20': tensor(0.0426), 'train_loss_0': tensor(0.4992, device='cuda:0')}
[2026-02-06 09:04:40] INFO training_time: 1489.6614212989807
[2026-02-06 09:04:40] INFO inference_time: 103.10882806777954
[2026-02-06 09:05:00] INFO {'epoch': 66, 'sport_10_ndcg@20': tensor(0.0183), 'sport_10_recall@20': tensor(0.0428), 'ndcg@20': tensor(0.0183), 'recall@20': tensor(0.0428), 'train_loss_0': tensor(0.4924, device='cuda:0')}
[2026-02-06 09:05:00] INFO training_time: 1508.0677223205566
[2026-02-06 09:05:00] INFO inference_time: 104.76848721504211
[2026-02-06 09:05:20] INFO {'epoch': 67, 'sport_10_ndcg@20': tensor(0.0178), 'sport_10_recall@20': tensor(0.0420), 'ndcg@20': tensor(0.0178), 'recall@20': tensor(0.0420), 'train_loss_0': tensor(0.4902, device='cuda:0')}
[2026-02-06 09:05:20] INFO training_time: 1526.6251904964447
[2026-02-06 09:05:20] INFO inference_time: 106.08703660964966
[2026-02-06 09:05:40] INFO {'epoch': 68, 'sport_10_ndcg@20': tensor(0.0180), 'sport_10_recall@20': tensor(0.0422), 'ndcg@20': tensor(0.0180), 'recall@20': tensor(0.0422), 'train_loss_0': tensor(0.4939, device='cuda:0')}
[2026-02-06 09:05:40] INFO training_time: 1545.2658183574677
[2026-02-06 09:05:40] INFO inference_time: 107.53501439094543
[2026-02-06 09:06:01] INFO {'epoch': 69, 'sport_10_ndcg@20': tensor(0.0182), 'sport_10_recall@20': tensor(0.0429), 'ndcg@20': tensor(0.0182), 'recall@20': tensor(0.0429), 'train_loss_0': tensor(0.4902, device='cuda:0')}
[2026-02-06 09:06:01] INFO training_time: 1563.9151825904846
[2026-02-06 09:06:01] INFO inference_time: 109.37212300300598
[2026-02-06 09:06:22] INFO {'epoch': 70, 'sport_10_ndcg@20': tensor(0.0180), 'sport_10_recall@20': tensor(0.0421), 'ndcg@20': tensor(0.0180), 'recall@20': tensor(0.0421), 'train_loss_0': tensor(0.4901, device='cuda:0')}
[2026-02-06 09:06:22] INFO training_time: 1582.4628636837006
[2026-02-06 09:06:22] INFO inference_time: 111.67257833480835
[2026-02-06 09:06:42] INFO {'epoch': 71, 'sport_10_ndcg@20': tensor(0.0178), 'sport_10_recall@20': tensor(0.0415), 'ndcg@20': tensor(0.0178), 'recall@20': tensor(0.0415), 'train_loss_0': tensor(0.4859, device='cuda:0')}
[2026-02-06 09:06:42] INFO training_time: 1601.24573636055
[2026-02-06 09:06:42] INFO inference_time: 113.17802309989929
[2026-02-06 09:07:02] INFO {'epoch': 72, 'sport_10_ndcg@20': tensor(0.0182), 'sport_10_recall@20': tensor(0.0420), 'ndcg@20': tensor(0.0182), 'recall@20': tensor(0.0420), 'train_loss_0': tensor(0.4921, device='cuda:0')}
[2026-02-06 09:07:02] INFO training_time: 1619.9475741386414
[2026-02-06 09:07:02] INFO inference_time: 114.58351349830627
[2026-02-06 09:07:22] INFO {'epoch': 73, 'sport_10_ndcg@20': tensor(0.0179), 'sport_10_recall@20': tensor(0.0418), 'ndcg@20': tensor(0.0179), 'recall@20': tensor(0.0418), 'train_loss_0': tensor(0.4863, device='cuda:0')}
[2026-02-06 09:07:22] INFO training_time: 1638.4282801151276
[2026-02-06 09:07:22] INFO inference_time: 115.95469760894775
[2026-02-06 09:07:42] INFO {'epoch': 74, 'sport_10_ndcg@20': tensor(0.0178), 'sport_10_recall@20': tensor(0.0416), 'ndcg@20': tensor(0.0178), 'recall@20': tensor(0.0416), 'train_loss_0': tensor(0.4828, device='cuda:0')}
[2026-02-06 09:07:42] INFO training_time: 1657.2799141407013
[2026-02-06 09:07:42] INFO inference_time: 117.4708366394043
[2026-02-06 09:08:02] INFO {'epoch': 75, 'sport_10_ndcg@20': tensor(0.0184), 'sport_10_recall@20': tensor(0.0426), 'ndcg@20': tensor(0.0184), 'recall@20': tensor(0.0426), 'train_loss_0': tensor(0.4807, device='cuda:0')}
[2026-02-06 09:08:02] INFO training_time: 1675.945633649826
[2026-02-06 09:08:02] INFO inference_time: 118.93964409828186
[2026-02-06 09:08:22] INFO {'epoch': 76, 'sport_10_ndcg@20': tensor(0.0182), 'sport_10_recall@20': tensor(0.0429), 'ndcg@20': tensor(0.0182), 'recall@20': tensor(0.0429), 'train_loss_0': tensor(0.4813, device='cuda:0')}
[2026-02-06 09:08:23] INFO training_time: 1694.7933411598206
[2026-02-06 09:08:23] INFO inference_time: 120.12182569503784
[2026-02-06 09:08:42] INFO {'epoch': 77, 'sport_10_ndcg@20': tensor(0.0181), 'sport_10_recall@20': tensor(0.0427), 'ndcg@20': tensor(0.0181), 'recall@20': tensor(0.0427), 'train_loss_0': tensor(0.4849, device='cuda:0')}
[2026-02-06 09:08:42] INFO training_time: 1713.3502140045166
[2026-02-06 09:08:42] INFO inference_time: 121.46326231956482
[2026-02-06 09:09:03] INFO {'epoch': 78, 'sport_10_ndcg@20': tensor(0.0179), 'sport_10_recall@20': tensor(0.0429), 'ndcg@20': tensor(0.0179), 'recall@20': tensor(0.0429), 'train_loss_0': tensor(0.4829, device='cuda:0')}
[2026-02-06 09:09:03] INFO training_time: 1732.194207906723
[2026-02-06 09:09:03] INFO inference_time: 122.86083912849426
[2026-02-06 09:09:23] INFO {'epoch': 79, 'sport_10_ndcg@20': tensor(0.0181), 'sport_10_recall@20': tensor(0.0428), 'ndcg@20': tensor(0.0181), 'recall@20': tensor(0.0428), 'train_loss_0': tensor(0.4790, device='cuda:0')}
[2026-02-06 09:09:23] INFO training_time: 1751.0609209537506
[2026-02-06 09:09:23] INFO inference_time: 124.2101879119873
[2026-02-06 09:09:43] INFO {'epoch': 80, 'sport_10_ndcg@20': tensor(0.0184), 'sport_10_recall@20': tensor(0.0428), 'ndcg@20': tensor(0.0184), 'recall@20': tensor(0.0428), 'train_loss_0': tensor(0.4808, device='cuda:0')}
[2026-02-06 09:09:43] INFO training_time: 1769.6048610210419
[2026-02-06 09:09:43] INFO inference_time: 126.12456679344177
[2026-02-06 09:10:04] INFO {'epoch': 81, 'sport_10_ndcg@20': tensor(0.0184), 'sport_10_recall@20': tensor(0.0430), 'ndcg@20': tensor(0.0184), 'recall@20': tensor(0.0430), 'train_loss_0': tensor(0.4760, device='cuda:0')}
[2026-02-06 09:10:04] INFO training_time: 1788.36181807518
[2026-02-06 09:10:04] INFO inference_time: 127.66182804107666
[2026-02-06 09:10:23] INFO {'epoch': 82, 'sport_10_ndcg@20': tensor(0.0184), 'sport_10_recall@20': tensor(0.0429), 'ndcg@20': tensor(0.0184), 'recall@20': tensor(0.0429), 'train_loss_0': tensor(0.4812, device='cuda:0')}
[2026-02-06 09:10:23] INFO training_time: 1806.7957124710083
[2026-02-06 09:10:23] INFO inference_time: 128.98323774337769
[2026-02-06 09:10:44] INFO {'epoch': 83, 'sport_10_ndcg@20': tensor(0.0180), 'sport_10_recall@20': tensor(0.0423), 'ndcg@20': tensor(0.0180), 'recall@20': tensor(0.0423), 'train_loss_0': tensor(0.4744, device='cuda:0')}
[2026-02-06 09:10:44] INFO training_time: 1825.6709735393524
[2026-02-06 09:10:44] INFO inference_time: 130.23448061943054
[2026-02-06 09:11:04] INFO {'epoch': 84, 'sport_10_ndcg@20': tensor(0.0181), 'sport_10_recall@20': tensor(0.0417), 'ndcg@20': tensor(0.0181), 'recall@20': tensor(0.0417), 'train_loss_0': tensor(0.4778, device='cuda:0')}
[2026-02-06 09:11:04] INFO training_time: 1844.3796133995056
[2026-02-06 09:11:04] INFO inference_time: 131.61955904960632
[2026-02-06 09:11:04] INFO Early stopped. Since the metric ndcg@20 haven't been improved for 20 epochs.
[2026-02-06 09:11:04] INFO The best score of ndcg@20 is 0.0187 on epoch 64
[2026-02-06 09:11:04] INFO Best model checkpoint saved in saved/SASRec/noisy_10/2026-02-06-08-37-59-587006.ckpt.
[2026-02-06 09:11:05] INFO defaultdict(<class 'float'>, {'sport_10_ndcg@20': tensor(0.0145), 'sport_10_recall@20': tensor(0.0332), 'sport_10_ndcg@10': tensor(0.0117), 'sport_10_recall@10': tensor(0.0222), 'ndcg@20': tensor(0.0145), 'recall@20': tensor(0.0332), 'ndcg@10': tensor(0.0117), 'recall@10': tensor(0.0222)})
