[2026-01-22 08:35:45] INFO PID of this process: 1661115
[2026-01-22 08:35:53] INFO {'model': {'embed_dim': 64, 'loss_fn': 'bce', 'hidden_size': 128, 'layer_num': 2, 'head_num': 2, 'dropout_rate': 0.5, 'activation': 'gelu', 'layer_norm_eps': 1e-12, 'model': 'SASRec'}, 'data': {'domain_name_list': ['sport_10'], 'user_threshold': 5, 'item_threshold': 5, 'max_seq_len': 50, 'dataset_class': 'general', 'train_file': '_regen', 'dataset': 'noisy_10'}, 'train': {'batch_size': 256, 'early_stop_mode': 'max', 'early_stop_patience': 20, 'epochs': 1000, 'device': 'cuda', 'optimizer': 'adam', 'learning_rate': 0.001, 'weight_decay': 0, 'num_neg': 1, 'seed': 2026}, 'eval': {'batch_size': 2048, 'cutoff': [20, 10], 'val_metrics': ['ndcg', 'recall'], 'test_metrics': ['ndcg', 'recall'], 'topk': 100, 'save_path': './saved/'}}
[2026-01-22 08:35:53] INFO <data.dataset.SeparateDataset object at 0x7f94262ac1f0>
[2026-01-22 08:35:53] INFO save_dir:saved
[2026-01-22 08:35:53] INFO SASRec(
  (item_embedding): Embedding(18358, 64, padding_idx=0)
  (query_encoder): SASRecQueryEncoder(
    (item_encoder): Embedding(18358, 64, padding_idx=0)
    (position_emb): Embedding(50, 64)
    (transformer_layer): TransformerEncoder(
      (layers): ModuleList(
        (0): TransformerEncoderLayer(
          (self_attn): MultiheadAttention(
            (out_proj): NonDynamicallyQuantizableLinear(in_features=64, out_features=64, bias=True)
          )
          (linear1): Linear(in_features=64, out_features=128, bias=True)
          (dropout): Dropout(p=0.5, inplace=False)
          (linear2): Linear(in_features=128, out_features=64, bias=True)
          (norm1): LayerNorm((64,), eps=1e-12, elementwise_affine=True)
          (norm2): LayerNorm((64,), eps=1e-12, elementwise_affine=True)
          (dropout1): Dropout(p=0.5, inplace=False)
          (dropout2): Dropout(p=0.5, inplace=False)
        )
        (1): TransformerEncoderLayer(
          (self_attn): MultiheadAttention(
            (out_proj): NonDynamicallyQuantizableLinear(in_features=64, out_features=64, bias=True)
          )
          (linear1): Linear(in_features=64, out_features=128, bias=True)
          (dropout): Dropout(p=0.5, inplace=False)
          (linear2): Linear(in_features=128, out_features=64, bias=True)
          (norm1): LayerNorm((64,), eps=1e-12, elementwise_affine=True)
          (norm2): LayerNorm((64,), eps=1e-12, elementwise_affine=True)
          (dropout1): Dropout(p=0.5, inplace=False)
          (dropout2): Dropout(p=0.5, inplace=False)
        )
      )
    )
    (dropout): Dropout(p=0.5, inplace=False)
    (training_pooling_layer): SeqPoolingLayer()
    (eval_pooling_layer): SeqPoolingLayer()
  )
  (loss_fn): BinaryCrossEntropyLoss()
)
[2026-01-22 08:36:29] INFO {'epoch': 0, 'sport_10_ndcg@20': tensor(0.0082), 'sport_10_recall@20': tensor(0.0216), 'ndcg@20': tensor(0.0082), 'recall@20': tensor(0.0216), 'train_loss_0': tensor(1.2302, device='cuda:0')}
[2026-01-22 08:36:29] INFO training_time: 34.59607124328613
[2026-01-22 08:36:29] INFO inference_time: 1.1175220012664795
[2026-01-22 08:36:29] INFO ndcg@20 improved. Best value: 0.0082
[2026-01-22 08:36:29] INFO Best model checkpoint saved in saved/SASRec/noisy_10/2026-01-22-08-35-45-117383.ckpt.
[2026-01-22 08:37:17] INFO {'epoch': 1, 'sport_10_ndcg@20': tensor(0.0128), 'sport_10_recall@20': tensor(0.0325), 'ndcg@20': tensor(0.0128), 'recall@20': tensor(0.0325), 'train_loss_0': tensor(1.0946, device='cuda:0')}
[2026-01-22 08:37:17] INFO training_time: 82.01453423500061
[2026-01-22 08:37:17] INFO inference_time: 2.2031972408294678
[2026-01-22 08:37:17] INFO ndcg@20 improved. Best value: 0.0128
[2026-01-22 08:37:18] INFO Best model checkpoint saved in saved/SASRec/noisy_10/2026-01-22-08-35-45-117383.ckpt.
[2026-01-22 08:38:57] INFO {'epoch': 2, 'sport_10_ndcg@20': tensor(0.0145), 'sport_10_recall@20': tensor(0.0364), 'ndcg@20': tensor(0.0145), 'recall@20': tensor(0.0364), 'train_loss_0': tensor(0.9745, device='cuda:0')}
[2026-01-22 08:38:57] INFO training_time: 180.50687098503113
[2026-01-22 08:38:57] INFO inference_time: 3.370790481567383
[2026-01-22 08:38:57] INFO ndcg@20 improved. Best value: 0.0145
[2026-01-22 08:38:57] INFO Best model checkpoint saved in saved/SASRec/noisy_10/2026-01-22-08-35-45-117383.ckpt.
[2026-01-22 08:40:39] INFO {'epoch': 3, 'sport_10_ndcg@20': tensor(0.0159), 'sport_10_recall@20': tensor(0.0396), 'ndcg@20': tensor(0.0159), 'recall@20': tensor(0.0396), 'train_loss_0': tensor(0.8830, device='cuda:0')}
[2026-01-22 08:40:39] INFO training_time: 281.19480180740356
[2026-01-22 08:40:39] INFO inference_time: 4.507278919219971
[2026-01-22 08:40:39] INFO ndcg@20 improved. Best value: 0.0159
[2026-01-22 08:40:39] INFO Best model checkpoint saved in saved/SASRec/noisy_10/2026-01-22-08-35-45-117383.ckpt.
[2026-01-22 08:42:21] INFO {'epoch': 4, 'sport_10_ndcg@20': tensor(0.0164), 'sport_10_recall@20': tensor(0.0392), 'ndcg@20': tensor(0.0164), 'recall@20': tensor(0.0392), 'train_loss_0': tensor(0.8097, device='cuda:0')}
[2026-01-22 08:42:21] INFO training_time: 381.8399512767792
[2026-01-22 08:42:21] INFO inference_time: 5.647574424743652
[2026-01-22 08:42:21] INFO ndcg@20 improved. Best value: 0.0164
[2026-01-22 08:42:21] INFO Best model checkpoint saved in saved/SASRec/noisy_10/2026-01-22-08-35-45-117383.ckpt.
[2026-01-22 08:44:03] INFO {'epoch': 5, 'sport_10_ndcg@20': tensor(0.0170), 'sport_10_recall@20': tensor(0.0414), 'ndcg@20': tensor(0.0170), 'recall@20': tensor(0.0414), 'train_loss_0': tensor(0.7537, device='cuda:0')}
[2026-01-22 08:44:03] INFO training_time: 482.43504428863525
[2026-01-22 08:44:03] INFO inference_time: 6.8551414012908936
[2026-01-22 08:44:03] INFO ndcg@20 improved. Best value: 0.0170
[2026-01-22 08:44:03] INFO Best model checkpoint saved in saved/SASRec/noisy_10/2026-01-22-08-35-45-117383.ckpt.
[2026-01-22 08:45:44] INFO {'epoch': 6, 'sport_10_ndcg@20': tensor(0.0171), 'sport_10_recall@20': tensor(0.0415), 'ndcg@20': tensor(0.0171), 'recall@20': tensor(0.0415), 'train_loss_0': tensor(0.7109, device='cuda:0')}
[2026-01-22 08:45:44] INFO training_time: 582.9078385829926
[2026-01-22 08:45:44] INFO inference_time: 8.106592416763306
[2026-01-22 08:45:44] INFO ndcg@20 improved. Best value: 0.0171
[2026-01-22 08:45:44] INFO Best model checkpoint saved in saved/SASRec/noisy_10/2026-01-22-08-35-45-117383.ckpt.
[2026-01-22 08:47:26] INFO {'epoch': 7, 'sport_10_ndcg@20': tensor(0.0176), 'sport_10_recall@20': tensor(0.0419), 'ndcg@20': tensor(0.0176), 'recall@20': tensor(0.0419), 'train_loss_0': tensor(0.6812, device='cuda:0')}
[2026-01-22 08:47:26] INFO training_time: 683.435736656189
[2026-01-22 08:47:26] INFO inference_time: 9.28588080406189
[2026-01-22 08:47:26] INFO ndcg@20 improved. Best value: 0.0176
[2026-01-22 08:47:26] INFO Best model checkpoint saved in saved/SASRec/noisy_10/2026-01-22-08-35-45-117383.ckpt.
[2026-01-22 08:49:07] INFO {'epoch': 8, 'sport_10_ndcg@20': tensor(0.0179), 'sport_10_recall@20': tensor(0.0433), 'ndcg@20': tensor(0.0179), 'recall@20': tensor(0.0433), 'train_loss_0': tensor(0.6573, device='cuda:0')}
[2026-01-22 08:49:07] INFO training_time: 783.4325666427612
[2026-01-22 08:49:07] INFO inference_time: 10.435478687286377
[2026-01-22 08:49:07] INFO ndcg@20 improved. Best value: 0.0179
[2026-01-22 08:49:07] INFO Best model checkpoint saved in saved/SASRec/noisy_10/2026-01-22-08-35-45-117383.ckpt.
[2026-01-22 08:50:48] INFO {'epoch': 9, 'sport_10_ndcg@20': tensor(0.0181), 'sport_10_recall@20': tensor(0.0426), 'ndcg@20': tensor(0.0181), 'recall@20': tensor(0.0426), 'train_loss_0': tensor(0.6381, device='cuda:0')}
[2026-01-22 08:50:48] INFO training_time: 883.1195261478424
[2026-01-22 08:50:48] INFO inference_time: 11.522942066192627
[2026-01-22 08:50:48] INFO ndcg@20 improved. Best value: 0.0181
[2026-01-22 08:50:48] INFO Best model checkpoint saved in saved/SASRec/noisy_10/2026-01-22-08-35-45-117383.ckpt.
[2026-01-22 08:52:29] INFO {'epoch': 10, 'sport_10_ndcg@20': tensor(0.0178), 'sport_10_recall@20': tensor(0.0425), 'ndcg@20': tensor(0.0178), 'recall@20': tensor(0.0425), 'train_loss_0': tensor(0.6192, device='cuda:0')}
[2026-01-22 08:52:29] INFO training_time: 982.0085542201996
[2026-01-22 08:52:29] INFO inference_time: 13.015968799591064
[2026-01-22 08:54:08] INFO {'epoch': 11, 'sport_10_ndcg@20': tensor(0.0179), 'sport_10_recall@20': tensor(0.0426), 'ndcg@20': tensor(0.0179), 'recall@20': tensor(0.0426), 'train_loss_0': tensor(0.6090, device='cuda:0')}
[2026-01-22 08:54:08] INFO training_time: 1080.1293048858643
[2026-01-22 08:54:08] INFO inference_time: 14.349044561386108
[2026-01-22 08:55:47] INFO {'epoch': 12, 'sport_10_ndcg@20': tensor(0.0182), 'sport_10_recall@20': tensor(0.0432), 'ndcg@20': tensor(0.0182), 'recall@20': tensor(0.0432), 'train_loss_0': tensor(0.5948, device='cuda:0')}
[2026-01-22 08:55:47] INFO training_time: 1178.2957599163055
[2026-01-22 08:55:47] INFO inference_time: 15.477812767028809
[2026-01-22 08:55:47] INFO ndcg@20 improved. Best value: 0.0182
[2026-01-22 08:55:47] INFO Best model checkpoint saved in saved/SASRec/noisy_10/2026-01-22-08-35-45-117383.ckpt.
[2026-01-22 08:57:27] INFO {'epoch': 13, 'sport_10_ndcg@20': tensor(0.0178), 'sport_10_recall@20': tensor(0.0428), 'ndcg@20': tensor(0.0178), 'recall@20': tensor(0.0428), 'train_loss_0': tensor(0.5881, device='cuda:0')}
[2026-01-22 08:57:27] INFO training_time: 1276.396539926529
[2026-01-22 08:57:27] INFO inference_time: 16.597423791885376
[2026-01-22 08:59:05] INFO {'epoch': 14, 'sport_10_ndcg@20': tensor(0.0184), 'sport_10_recall@20': tensor(0.0436), 'ndcg@20': tensor(0.0184), 'recall@20': tensor(0.0436), 'train_loss_0': tensor(0.5788, device='cuda:0')}
[2026-01-22 08:59:05] INFO training_time: 1374.1663084030151
[2026-01-22 08:59:05] INFO inference_time: 17.691209316253662
[2026-01-22 08:59:05] INFO ndcg@20 improved. Best value: 0.0184
[2026-01-22 08:59:05] INFO Best model checkpoint saved in saved/SASRec/noisy_10/2026-01-22-08-35-45-117383.ckpt.
[2026-01-22 09:00:44] INFO {'epoch': 15, 'sport_10_ndcg@20': tensor(0.0180), 'sport_10_recall@20': tensor(0.0428), 'ndcg@20': tensor(0.0180), 'recall@20': tensor(0.0428), 'train_loss_0': tensor(0.5713, device='cuda:0')}
[2026-01-22 09:00:44] INFO training_time: 1471.2820522785187
[2026-01-22 09:00:44] INFO inference_time: 19.138176202774048
[2026-01-22 09:02:23] INFO {'epoch': 16, 'sport_10_ndcg@20': tensor(0.0185), 'sport_10_recall@20': tensor(0.0441), 'ndcg@20': tensor(0.0185), 'recall@20': tensor(0.0441), 'train_loss_0': tensor(0.5628, device='cuda:0')}
[2026-01-22 09:02:23] INFO training_time: 1568.8108644485474
[2026-01-22 09:02:23] INFO inference_time: 20.480003595352173
[2026-01-22 09:02:23] INFO ndcg@20 improved. Best value: 0.0185
[2026-01-22 09:02:23] INFO Best model checkpoint saved in saved/SASRec/noisy_10/2026-01-22-08-35-45-117383.ckpt.
[2026-01-22 09:04:01] INFO {'epoch': 17, 'sport_10_ndcg@20': tensor(0.0179), 'sport_10_recall@20': tensor(0.0436), 'ndcg@20': tensor(0.0179), 'recall@20': tensor(0.0436), 'train_loss_0': tensor(0.5553, device='cuda:0')}
[2026-01-22 09:04:01] INFO training_time: 1666.1493504047394
[2026-01-22 09:04:01] INFO inference_time: 21.6943039894104
[2026-01-22 09:05:40] INFO {'epoch': 18, 'sport_10_ndcg@20': tensor(0.0181), 'sport_10_recall@20': tensor(0.0444), 'ndcg@20': tensor(0.0181), 'recall@20': tensor(0.0444), 'train_loss_0': tensor(0.5518, device='cuda:0')}
[2026-01-22 09:05:40] INFO training_time: 1763.7000749111176
[2026-01-22 09:05:40] INFO inference_time: 23.057896852493286
[2026-01-22 09:07:19] INFO {'epoch': 19, 'sport_10_ndcg@20': tensor(0.0187), 'sport_10_recall@20': tensor(0.0448), 'ndcg@20': tensor(0.0187), 'recall@20': tensor(0.0448), 'train_loss_0': tensor(0.5473, device='cuda:0')}
[2026-01-22 09:07:19] INFO training_time: 1861.0824060440063
[2026-01-22 09:07:19] INFO inference_time: 24.158263444900513
[2026-01-22 09:07:19] INFO ndcg@20 improved. Best value: 0.0187
[2026-01-22 09:07:19] INFO Best model checkpoint saved in saved/SASRec/noisy_10/2026-01-22-08-35-45-117383.ckpt.
[2026-01-22 09:08:58] INFO {'epoch': 20, 'sport_10_ndcg@20': tensor(0.0183), 'sport_10_recall@20': tensor(0.0440), 'ndcg@20': tensor(0.0183), 'recall@20': tensor(0.0440), 'train_loss_0': tensor(0.5434, device='cuda:0')}
[2026-01-22 09:08:58] INFO training_time: 1958.4590990543365
[2026-01-22 09:08:58] INFO inference_time: 25.633588314056396
[2026-01-22 09:10:37] INFO {'epoch': 21, 'sport_10_ndcg@20': tensor(0.0188), 'sport_10_recall@20': tensor(0.0448), 'ndcg@20': tensor(0.0188), 'recall@20': tensor(0.0448), 'train_loss_0': tensor(0.5377, device='cuda:0')}
[2026-01-22 09:10:37] INFO training_time: 2056.0059559345245
[2026-01-22 09:10:37] INFO inference_time: 27.143272399902344
[2026-01-22 09:10:37] INFO ndcg@20 improved. Best value: 0.0188
[2026-01-22 09:10:37] INFO Best model checkpoint saved in saved/SASRec/noisy_10/2026-01-22-08-35-45-117383.ckpt.
[2026-01-22 09:12:16] INFO {'epoch': 22, 'sport_10_ndcg@20': tensor(0.0181), 'sport_10_recall@20': tensor(0.0432), 'ndcg@20': tensor(0.0181), 'recall@20': tensor(0.0432), 'train_loss_0': tensor(0.5300, device='cuda:0')}
[2026-01-22 09:12:16] INFO training_time: 2154.07009601593
[2026-01-22 09:12:16] INFO inference_time: 28.342597484588623
[2026-01-22 09:13:55] INFO {'epoch': 23, 'sport_10_ndcg@20': tensor(0.0187), 'sport_10_recall@20': tensor(0.0445), 'ndcg@20': tensor(0.0187), 'recall@20': tensor(0.0445), 'train_loss_0': tensor(0.5275, device='cuda:0')}
[2026-01-22 09:13:55] INFO training_time: 2251.6944823265076
[2026-01-22 09:13:55] INFO inference_time: 29.64003562927246
[2026-01-22 09:15:34] INFO {'epoch': 24, 'sport_10_ndcg@20': tensor(0.0180), 'sport_10_recall@20': tensor(0.0431), 'ndcg@20': tensor(0.0180), 'recall@20': tensor(0.0431), 'train_loss_0': tensor(0.5235, device='cuda:0')}
[2026-01-22 09:15:34] INFO training_time: 2349.0189111232758
[2026-01-22 09:15:34] INFO inference_time: 31.037184238433838
[2026-01-22 09:17:12] INFO {'epoch': 25, 'sport_10_ndcg@20': tensor(0.0181), 'sport_10_recall@20': tensor(0.0439), 'ndcg@20': tensor(0.0181), 'recall@20': tensor(0.0439), 'train_loss_0': tensor(0.5212, device='cuda:0')}
[2026-01-22 09:17:13] INFO training_time: 2446.654503583908
[2026-01-22 09:17:13] INFO inference_time: 32.10473847389221
[2026-01-22 09:18:51] INFO {'epoch': 26, 'sport_10_ndcg@20': tensor(0.0184), 'sport_10_recall@20': tensor(0.0445), 'ndcg@20': tensor(0.0184), 'recall@20': tensor(0.0445), 'train_loss_0': tensor(0.5191, device='cuda:0')}
[2026-01-22 09:18:51] INFO training_time: 2544.1720373630524
[2026-01-22 09:18:51] INFO inference_time: 33.37412977218628
[2026-01-22 09:20:31] INFO {'epoch': 27, 'sport_10_ndcg@20': tensor(0.0184), 'sport_10_recall@20': tensor(0.0443), 'ndcg@20': tensor(0.0184), 'recall@20': tensor(0.0443), 'train_loss_0': tensor(0.5150, device='cuda:0')}
[2026-01-22 09:20:31] INFO training_time: 2642.0369262695312
[2026-01-22 09:20:31] INFO inference_time: 34.7778263092041
[2026-01-22 09:22:10] INFO {'epoch': 28, 'sport_10_ndcg@20': tensor(0.0181), 'sport_10_recall@20': tensor(0.0438), 'ndcg@20': tensor(0.0181), 'recall@20': tensor(0.0438), 'train_loss_0': tensor(0.5090, device='cuda:0')}
[2026-01-22 09:22:10] INFO training_time: 2739.6376101970673
[2026-01-22 09:22:10] INFO inference_time: 36.41244697570801
[2026-01-22 09:23:49] INFO {'epoch': 29, 'sport_10_ndcg@20': tensor(0.0185), 'sport_10_recall@20': tensor(0.0446), 'ndcg@20': tensor(0.0185), 'recall@20': tensor(0.0446), 'train_loss_0': tensor(0.5075, device='cuda:0')}
[2026-01-22 09:23:49] INFO training_time: 2837.5562138557434
[2026-01-22 09:23:49] INFO inference_time: 37.768555641174316
[2026-01-22 09:25:28] INFO {'epoch': 30, 'sport_10_ndcg@20': tensor(0.0191), 'sport_10_recall@20': tensor(0.0451), 'ndcg@20': tensor(0.0191), 'recall@20': tensor(0.0451), 'train_loss_0': tensor(0.5071, device='cuda:0')}
[2026-01-22 09:25:28] INFO training_time: 2935.234000682831
[2026-01-22 09:25:28] INFO inference_time: 39.26268005371094
[2026-01-22 09:25:28] INFO ndcg@20 improved. Best value: 0.0191
[2026-01-22 09:25:28] INFO Best model checkpoint saved in saved/SASRec/noisy_10/2026-01-22-08-35-45-117383.ckpt.
[2026-01-22 09:27:08] INFO {'epoch': 31, 'sport_10_ndcg@20': tensor(0.0193), 'sport_10_recall@20': tensor(0.0461), 'ndcg@20': tensor(0.0193), 'recall@20': tensor(0.0461), 'train_loss_0': tensor(0.5045, device='cuda:0')}
[2026-01-22 09:27:08] INFO training_time: 3032.9327721595764
[2026-01-22 09:27:08] INFO inference_time: 40.742351770401
[2026-01-22 09:27:08] INFO ndcg@20 improved. Best value: 0.0193
[2026-01-22 09:27:08] INFO Best model checkpoint saved in saved/SASRec/noisy_10/2026-01-22-08-35-45-117383.ckpt.
[2026-01-22 09:28:47] INFO {'epoch': 32, 'sport_10_ndcg@20': tensor(0.0189), 'sport_10_recall@20': tensor(0.0453), 'ndcg@20': tensor(0.0189), 'recall@20': tensor(0.0453), 'train_loss_0': tensor(0.4997, device='cuda:0')}
[2026-01-22 09:28:47] INFO training_time: 3130.6535551548004
[2026-01-22 09:28:47] INFO inference_time: 42.07665753364563
[2026-01-22 09:30:25] INFO {'epoch': 33, 'sport_10_ndcg@20': tensor(0.0195), 'sport_10_recall@20': tensor(0.0458), 'ndcg@20': tensor(0.0195), 'recall@20': tensor(0.0458), 'train_loss_0': tensor(0.4994, device='cuda:0')}
[2026-01-22 09:30:25] INFO training_time: 3227.8214423656464
[2026-01-22 09:30:25] INFO inference_time: 43.23968291282654
[2026-01-22 09:30:25] INFO ndcg@20 improved. Best value: 0.0195
[2026-01-22 09:30:25] INFO Best model checkpoint saved in saved/SASRec/noisy_10/2026-01-22-08-35-45-117383.ckpt.
[2026-01-22 09:32:04] INFO {'epoch': 34, 'sport_10_ndcg@20': tensor(0.0192), 'sport_10_recall@20': tensor(0.0452), 'ndcg@20': tensor(0.0192), 'recall@20': tensor(0.0452), 'train_loss_0': tensor(0.4989, device='cuda:0')}
[2026-01-22 09:32:04] INFO training_time: 3325.4292109012604
[2026-01-22 09:32:04] INFO inference_time: 44.619911909103394
[2026-01-22 09:33:42] INFO {'epoch': 35, 'sport_10_ndcg@20': tensor(0.0192), 'sport_10_recall@20': tensor(0.0455), 'ndcg@20': tensor(0.0192), 'recall@20': tensor(0.0455), 'train_loss_0': tensor(0.4950, device='cuda:0')}
[2026-01-22 09:33:42] INFO training_time: 3422.302539587021
[2026-01-22 09:33:42] INFO inference_time: 45.796868562698364
[2026-01-22 09:35:21] INFO {'epoch': 36, 'sport_10_ndcg@20': tensor(0.0192), 'sport_10_recall@20': tensor(0.0455), 'ndcg@20': tensor(0.0192), 'recall@20': tensor(0.0455), 'train_loss_0': tensor(0.4937, device='cuda:0')}
[2026-01-22 09:35:21] INFO training_time: 3519.7579429149628
[2026-01-22 09:35:21] INFO inference_time: 47.10888743400574
[2026-01-22 09:37:00] INFO {'epoch': 37, 'sport_10_ndcg@20': tensor(0.0189), 'sport_10_recall@20': tensor(0.0453), 'ndcg@20': tensor(0.0189), 'recall@20': tensor(0.0453), 'train_loss_0': tensor(0.4912, device='cuda:0')}
[2026-01-22 09:37:00] INFO training_time: 3617.4157679080963
[2026-01-22 09:37:00] INFO inference_time: 48.62351322174072
[2026-01-22 09:38:38] INFO {'epoch': 38, 'sport_10_ndcg@20': tensor(0.0188), 'sport_10_recall@20': tensor(0.0451), 'ndcg@20': tensor(0.0188), 'recall@20': tensor(0.0451), 'train_loss_0': tensor(0.4887, device='cuda:0')}
[2026-01-22 09:38:38] INFO training_time: 3714.5819866657257
[2026-01-22 09:38:38] INFO inference_time: 49.711524963378906
[2026-01-22 09:40:17] INFO {'epoch': 39, 'sport_10_ndcg@20': tensor(0.0190), 'sport_10_recall@20': tensor(0.0453), 'ndcg@20': tensor(0.0190), 'recall@20': tensor(0.0453), 'train_loss_0': tensor(0.4872, device='cuda:0')}
[2026-01-22 09:40:17] INFO training_time: 3812.020179748535
[2026-01-22 09:40:17] INFO inference_time: 50.79893779754639
[2026-01-22 09:41:56] INFO {'epoch': 40, 'sport_10_ndcg@20': tensor(0.0191), 'sport_10_recall@20': tensor(0.0455), 'ndcg@20': tensor(0.0191), 'recall@20': tensor(0.0455), 'train_loss_0': tensor(0.4848, device='cuda:0')}
[2026-01-22 09:41:56] INFO training_time: 3909.4403896331787
[2026-01-22 09:41:56] INFO inference_time: 52.383647203445435
[2026-01-22 09:43:34] INFO {'epoch': 41, 'sport_10_ndcg@20': tensor(0.0192), 'sport_10_recall@20': tensor(0.0454), 'ndcg@20': tensor(0.0192), 'recall@20': tensor(0.0454), 'train_loss_0': tensor(0.4838, device='cuda:0')}
[2026-01-22 09:43:34] INFO training_time: 4006.6203274726868
[2026-01-22 09:43:34] INFO inference_time: 53.65394139289856
[2026-01-22 09:45:13] INFO {'epoch': 42, 'sport_10_ndcg@20': tensor(0.0196), 'sport_10_recall@20': tensor(0.0459), 'ndcg@20': tensor(0.0196), 'recall@20': tensor(0.0459), 'train_loss_0': tensor(0.4795, device='cuda:0')}
[2026-01-22 09:45:13] INFO training_time: 4104.065452575684
[2026-01-22 09:45:13] INFO inference_time: 54.82179093360901
[2026-01-22 09:45:13] INFO ndcg@20 improved. Best value: 0.0196
[2026-01-22 09:45:13] INFO Best model checkpoint saved in saved/SASRec/noisy_10/2026-01-22-08-35-45-117383.ckpt.
[2026-01-22 09:46:52] INFO {'epoch': 43, 'sport_10_ndcg@20': tensor(0.0195), 'sport_10_recall@20': tensor(0.0468), 'ndcg@20': tensor(0.0195), 'recall@20': tensor(0.0468), 'train_loss_0': tensor(0.4808, device='cuda:0')}
[2026-01-22 09:46:52] INFO training_time: 4201.784862279892
[2026-01-22 09:46:52] INFO inference_time: 55.98355579376221
[2026-01-22 09:48:31] INFO {'epoch': 44, 'sport_10_ndcg@20': tensor(0.0196), 'sport_10_recall@20': tensor(0.0462), 'ndcg@20': tensor(0.0196), 'recall@20': tensor(0.0462), 'train_loss_0': tensor(0.4788, device='cuda:0')}
[2026-01-22 09:48:31] INFO training_time: 4299.5183227062225
[2026-01-22 09:48:31] INFO inference_time: 57.168447971343994
[2026-01-22 09:50:09] INFO {'epoch': 45, 'sport_10_ndcg@20': tensor(0.0198), 'sport_10_recall@20': tensor(0.0462), 'ndcg@20': tensor(0.0198), 'recall@20': tensor(0.0462), 'train_loss_0': tensor(0.4764, device='cuda:0')}
[2026-01-22 09:50:09] INFO training_time: 4396.737091779709
[2026-01-22 09:50:09] INFO inference_time: 58.3142249584198
[2026-01-22 09:50:09] INFO ndcg@20 improved. Best value: 0.0198
[2026-01-22 09:50:09] INFO Best model checkpoint saved in saved/SASRec/noisy_10/2026-01-22-08-35-45-117383.ckpt.
[2026-01-22 09:51:48] INFO {'epoch': 46, 'sport_10_ndcg@20': tensor(0.0205), 'sport_10_recall@20': tensor(0.0473), 'ndcg@20': tensor(0.0205), 'recall@20': tensor(0.0473), 'train_loss_0': tensor(0.4750, device='cuda:0')}
[2026-01-22 09:51:48] INFO training_time: 4494.414076566696
[2026-01-22 09:51:48] INFO inference_time: 59.56753897666931
[2026-01-22 09:51:48] INFO ndcg@20 improved. Best value: 0.0205
[2026-01-22 09:51:48] INFO Best model checkpoint saved in saved/SASRec/noisy_10/2026-01-22-08-35-45-117383.ckpt.
[2026-01-22 09:53:26] INFO {'epoch': 47, 'sport_10_ndcg@20': tensor(0.0194), 'sport_10_recall@20': tensor(0.0456), 'ndcg@20': tensor(0.0194), 'recall@20': tensor(0.0456), 'train_loss_0': tensor(0.4736, device='cuda:0')}
[2026-01-22 09:53:26] INFO training_time: 4591.134849309921
[2026-01-22 09:53:26] INFO inference_time: 60.678818464279175
[2026-01-22 09:54:54] INFO {'epoch': 48, 'sport_10_ndcg@20': tensor(0.0200), 'sport_10_recall@20': tensor(0.0467), 'ndcg@20': tensor(0.0200), 'recall@20': tensor(0.0467), 'train_loss_0': tensor(0.4732, device='cuda:0')}
[2026-01-22 09:54:54] INFO training_time: 4678.232553243637
[2026-01-22 09:54:54] INFO inference_time: 61.8587806224823
[2026-01-22 09:56:23] INFO {'epoch': 49, 'sport_10_ndcg@20': tensor(0.0199), 'sport_10_recall@20': tensor(0.0473), 'ndcg@20': tensor(0.0199), 'recall@20': tensor(0.0473), 'train_loss_0': tensor(0.4709, device='cuda:0')}
[2026-01-22 09:56:23] INFO training_time: 4765.773595094681
[2026-01-22 09:56:23] INFO inference_time: 62.958364963531494
[2026-01-22 09:57:52] INFO {'epoch': 50, 'sport_10_ndcg@20': tensor(0.0200), 'sport_10_recall@20': tensor(0.0472), 'ndcg@20': tensor(0.0200), 'recall@20': tensor(0.0472), 'train_loss_0': tensor(0.4707, device='cuda:0')}
[2026-01-22 09:57:52] INFO training_time: 4853.2014491558075
[2026-01-22 09:57:52] INFO inference_time: 64.61985540390015
[2026-01-22 09:59:21] INFO {'epoch': 51, 'sport_10_ndcg@20': tensor(0.0197), 'sport_10_recall@20': tensor(0.0466), 'ndcg@20': tensor(0.0197), 'recall@20': tensor(0.0466), 'train_loss_0': tensor(0.4683, device='cuda:0')}
[2026-01-22 09:59:21] INFO training_time: 4940.470337629318
[2026-01-22 09:59:21] INFO inference_time: 66.04099202156067
[2026-01-22 10:00:49] INFO {'epoch': 52, 'sport_10_ndcg@20': tensor(0.0198), 'sport_10_recall@20': tensor(0.0472), 'ndcg@20': tensor(0.0198), 'recall@20': tensor(0.0472), 'train_loss_0': tensor(0.4672, device='cuda:0')}
[2026-01-22 10:00:49] INFO training_time: 5027.943465471268
[2026-01-22 10:00:49] INFO inference_time: 67.37563991546631
[2026-01-22 10:02:18] INFO {'epoch': 53, 'sport_10_ndcg@20': tensor(0.0198), 'sport_10_recall@20': tensor(0.0470), 'ndcg@20': tensor(0.0198), 'recall@20': tensor(0.0470), 'train_loss_0': tensor(0.4666, device='cuda:0')}
[2026-01-22 10:02:18] INFO training_time: 5115.368624687195
[2026-01-22 10:02:18] INFO inference_time: 68.55741953849792
[2026-01-22 10:03:47] INFO {'epoch': 54, 'sport_10_ndcg@20': tensor(0.0198), 'sport_10_recall@20': tensor(0.0466), 'ndcg@20': tensor(0.0198), 'recall@20': tensor(0.0466), 'train_loss_0': tensor(0.4639, device='cuda:0')}
[2026-01-22 10:03:47] INFO training_time: 5202.899656295776
[2026-01-22 10:03:47] INFO inference_time: 69.668372631073
[2026-01-22 10:05:15] INFO {'epoch': 55, 'sport_10_ndcg@20': tensor(0.0200), 'sport_10_recall@20': tensor(0.0469), 'ndcg@20': tensor(0.0200), 'recall@20': tensor(0.0469), 'train_loss_0': tensor(0.4645, device='cuda:0')}
[2026-01-22 10:05:15] INFO training_time: 5290.29708480835
[2026-01-22 10:05:15] INFO inference_time: 70.736656665802
[2026-01-22 10:06:44] INFO {'epoch': 56, 'sport_10_ndcg@20': tensor(0.0197), 'sport_10_recall@20': tensor(0.0467), 'ndcg@20': tensor(0.0197), 'recall@20': tensor(0.0467), 'train_loss_0': tensor(0.4634, device='cuda:0')}
[2026-01-22 10:06:44] INFO training_time: 5377.634147167206
[2026-01-22 10:06:44] INFO inference_time: 71.93876552581787
[2026-01-22 10:08:12] INFO {'epoch': 57, 'sport_10_ndcg@20': tensor(0.0199), 'sport_10_recall@20': tensor(0.0464), 'ndcg@20': tensor(0.0199), 'recall@20': tensor(0.0464), 'train_loss_0': tensor(0.4609, device='cuda:0')}
[2026-01-22 10:08:12] INFO training_time: 5465.176137447357
[2026-01-22 10:08:12] INFO inference_time: 73.009694814682
[2026-01-22 10:09:39] INFO {'epoch': 58, 'sport_10_ndcg@20': tensor(0.0196), 'sport_10_recall@20': tensor(0.0473), 'ndcg@20': tensor(0.0196), 'recall@20': tensor(0.0473), 'train_loss_0': tensor(0.4617, device='cuda:0')}
[2026-01-22 10:09:39] INFO training_time: 5550.930154800415
[2026-01-22 10:09:39] INFO inference_time: 74.17407846450806
[2026-01-22 10:10:58] INFO {'epoch': 59, 'sport_10_ndcg@20': tensor(0.0198), 'sport_10_recall@20': tensor(0.0464), 'ndcg@20': tensor(0.0198), 'recall@20': tensor(0.0464), 'train_loss_0': tensor(0.4594, device='cuda:0')}
[2026-01-22 10:10:58] INFO training_time: 5628.641784906387
[2026-01-22 10:10:58] INFO inference_time: 75.37235593795776
[2026-01-22 10:12:18] INFO {'epoch': 60, 'sport_10_ndcg@20': tensor(0.0204), 'sport_10_recall@20': tensor(0.0476), 'ndcg@20': tensor(0.0204), 'recall@20': tensor(0.0476), 'train_loss_0': tensor(0.4593, device='cuda:0')}
[2026-01-22 10:12:18] INFO training_time: 5706.660320281982
[2026-01-22 10:12:18] INFO inference_time: 77.4001874923706
[2026-01-22 10:13:37] INFO {'epoch': 61, 'sport_10_ndcg@20': tensor(0.0198), 'sport_10_recall@20': tensor(0.0466), 'ndcg@20': tensor(0.0198), 'recall@20': tensor(0.0466), 'train_loss_0': tensor(0.4564, device='cuda:0')}
[2026-01-22 10:13:37] INFO training_time: 5784.236978054047
[2026-01-22 10:13:37] INFO inference_time: 78.61210656166077
[2026-01-22 10:14:56] INFO {'epoch': 62, 'sport_10_ndcg@20': tensor(0.0201), 'sport_10_recall@20': tensor(0.0476), 'ndcg@20': tensor(0.0201), 'recall@20': tensor(0.0476), 'train_loss_0': tensor(0.4559, device='cuda:0')}
[2026-01-22 10:14:56] INFO training_time: 5862.313138484955
[2026-01-22 10:14:56] INFO inference_time: 79.8165955543518
[2026-01-22 10:16:15] INFO {'epoch': 63, 'sport_10_ndcg@20': tensor(0.0197), 'sport_10_recall@20': tensor(0.0460), 'ndcg@20': tensor(0.0197), 'recall@20': tensor(0.0460), 'train_loss_0': tensor(0.4560, device='cuda:0')}
[2026-01-22 10:16:15] INFO training_time: 5939.769517183304
[2026-01-22 10:16:15] INFO inference_time: 80.98921036720276
[2026-01-22 10:17:34] INFO {'epoch': 64, 'sport_10_ndcg@20': tensor(0.0198), 'sport_10_recall@20': tensor(0.0460), 'ndcg@20': tensor(0.0198), 'recall@20': tensor(0.0460), 'train_loss_0': tensor(0.4537, device='cuda:0')}
[2026-01-22 10:17:34] INFO training_time: 6017.328222036362
[2026-01-22 10:17:34] INFO inference_time: 81.96796917915344
[2026-01-22 10:18:47] INFO {'epoch': 65, 'sport_10_ndcg@20': tensor(0.0199), 'sport_10_recall@20': tensor(0.0461), 'ndcg@20': tensor(0.0199), 'recall@20': tensor(0.0461), 'train_loss_0': tensor(0.4545, device='cuda:0')}
[2026-01-22 10:18:47] INFO training_time: 6089.686991453171
[2026-01-22 10:18:47] INFO inference_time: 83.04956865310669
[2026-01-22 10:19:57] INFO {'epoch': 66, 'sport_10_ndcg@20': tensor(0.0200), 'sport_10_recall@20': tensor(0.0471), 'ndcg@20': tensor(0.0200), 'recall@20': tensor(0.0471), 'train_loss_0': tensor(0.4542, device='cuda:0')}
[2026-01-22 10:19:57] INFO training_time: 6158.118896722794
[2026-01-22 10:19:57] INFO inference_time: 84.10570287704468
[2026-01-22 10:19:57] INFO Early stopped. Since the metric ndcg@20 haven't been improved for 20 epochs.
[2026-01-22 10:19:57] INFO The best score of ndcg@20 is 0.0205 on epoch 46
[2026-01-22 10:19:57] INFO Best model checkpoint saved in saved/SASRec/noisy_10/2026-01-22-08-35-45-117383.ckpt.
[2026-01-22 10:19:58] INFO defaultdict(<class 'float'>, {'sport_10_ndcg@20': tensor(0.0150), 'sport_10_recall@20': tensor(0.0339), 'sport_10_ndcg@10': tensor(0.0120), 'sport_10_recall@10': tensor(0.0220), 'ndcg@20': tensor(0.0150), 'recall@20': tensor(0.0339), 'ndcg@10': tensor(0.0120), 'recall@10': tensor(0.0220)})
