[2026-02-05 19:55:13] INFO PID of this process: 1082184
[2026-02-05 19:55:19] INFO {'model': {'embed_dim': 64, 'loss_fn': 'bce', 'hidden_size': 128, 'layer_num': 2, 'head_num': 2, 'dropout_rate': 0.5, 'activation': 'gelu', 'layer_norm_eps': 1e-12, 'model': 'SASRec'}, 'data': {'domain_name_list': ['toy_10'], 'user_threshold': 5, 'item_threshold': 5, 'max_seq_len': 50, 'dataset_class': 'general', 'train_file': '_ori', 'dataset': 'noisy_10'}, 'train': {'batch_size': 256, 'early_stop_mode': 'max', 'early_stop_patience': 20, 'epochs': 1000, 'device': 'cuda', 'optimizer': 'adam', 'learning_rate': 0.001, 'weight_decay': 0, 'num_neg': 1, 'seed': 2028}, 'eval': {'batch_size': 2048, 'cutoff': [20, 10], 'val_metrics': ['ndcg', 'recall'], 'test_metrics': ['ndcg', 'recall'], 'topk': 100, 'save_path': './saved/'}}
[2026-02-05 19:55:19] INFO <data.dataset.SeparateDataset object at 0x7f8a996b81f0>
[2026-02-05 19:55:19] INFO save_dir:saved
[2026-02-05 19:55:19] INFO SASRec(
  (item_embedding): Embedding(11925, 64, padding_idx=0)
  (query_encoder): SASRecQueryEncoder(
    (item_encoder): Embedding(11925, 64, padding_idx=0)
    (position_emb): Embedding(50, 64)
    (transformer_layer): TransformerEncoder(
      (layers): ModuleList(
        (0): TransformerEncoderLayer(
          (self_attn): MultiheadAttention(
            (out_proj): NonDynamicallyQuantizableLinear(in_features=64, out_features=64, bias=True)
          )
          (linear1): Linear(in_features=64, out_features=128, bias=True)
          (dropout): Dropout(p=0.5, inplace=False)
          (linear2): Linear(in_features=128, out_features=64, bias=True)
          (norm1): LayerNorm((64,), eps=1e-12, elementwise_affine=True)
          (norm2): LayerNorm((64,), eps=1e-12, elementwise_affine=True)
          (dropout1): Dropout(p=0.5, inplace=False)
          (dropout2): Dropout(p=0.5, inplace=False)
        )
        (1): TransformerEncoderLayer(
          (self_attn): MultiheadAttention(
            (out_proj): NonDynamicallyQuantizableLinear(in_features=64, out_features=64, bias=True)
          )
          (linear1): Linear(in_features=64, out_features=128, bias=True)
          (dropout): Dropout(p=0.5, inplace=False)
          (linear2): Linear(in_features=128, out_features=64, bias=True)
          (norm1): LayerNorm((64,), eps=1e-12, elementwise_affine=True)
          (norm2): LayerNorm((64,), eps=1e-12, elementwise_affine=True)
          (dropout1): Dropout(p=0.5, inplace=False)
          (dropout2): Dropout(p=0.5, inplace=False)
        )
      )
    )
    (dropout): Dropout(p=0.5, inplace=False)
    (training_pooling_layer): SeqPoolingLayer()
    (eval_pooling_layer): SeqPoolingLayer()
  )
  (loss_fn): BinaryCrossEntropyLoss()
)
[2026-02-05 19:56:02] INFO {'epoch': 0, 'toy_10_ndcg@20': tensor(0.0066), 'toy_10_recall@20': tensor(0.0169), 'ndcg@20': tensor(0.0066), 'recall@20': tensor(0.0169), 'train_loss_0': tensor(1.3565, device='cuda:0')}
[2026-02-05 19:56:02] INFO training_time: 41.65477252006531
[2026-02-05 19:56:02] INFO inference_time: 1.7085466384887695
[2026-02-05 19:56:02] INFO ndcg@20 improved. Best value: 0.0066
[2026-02-05 19:56:02] INFO Best model checkpoint saved in saved/SASRec/noisy_10/2026-02-05-19-55-13-608439.ckpt.
[2026-02-05 19:56:42] INFO {'epoch': 1, 'toy_10_ndcg@20': tensor(0.0068), 'toy_10_recall@20': tensor(0.0162), 'ndcg@20': tensor(0.0068), 'recall@20': tensor(0.0162), 'train_loss_0': tensor(1.2660, device='cuda:0')}
[2026-02-05 19:56:42] INFO training_time: 79.61024403572083
[2026-02-05 19:56:42] INFO inference_time: 3.029566764831543
[2026-02-05 19:56:42] INFO ndcg@20 improved. Best value: 0.0068
[2026-02-05 19:56:42] INFO Best model checkpoint saved in saved/SASRec/noisy_10/2026-02-05-19-55-13-608439.ckpt.
[2026-02-05 19:57:21] INFO {'epoch': 2, 'toy_10_ndcg@20': tensor(0.0073), 'toy_10_recall@20': tensor(0.0176), 'ndcg@20': tensor(0.0073), 'recall@20': tensor(0.0176), 'train_loss_0': tensor(1.2180, device='cuda:0')}
[2026-02-05 19:57:21] INFO training_time: 117.6893801689148
[2026-02-05 19:57:21] INFO inference_time: 3.920534610748291
[2026-02-05 19:57:21] INFO ndcg@20 improved. Best value: 0.0073
[2026-02-05 19:57:21] INFO Best model checkpoint saved in saved/SASRec/noisy_10/2026-02-05-19-55-13-608439.ckpt.
[2026-02-05 19:58:00] INFO {'epoch': 3, 'toy_10_ndcg@20': tensor(0.0079), 'toy_10_recall@20': tensor(0.0191), 'ndcg@20': tensor(0.0079), 'recall@20': tensor(0.0191), 'train_loss_0': tensor(1.1684, device='cuda:0')}
[2026-02-05 19:58:00] INFO training_time: 155.7401247024536
[2026-02-05 19:58:00] INFO inference_time: 4.909793376922607
[2026-02-05 19:58:00] INFO ndcg@20 improved. Best value: 0.0079
[2026-02-05 19:58:00] INFO Best model checkpoint saved in saved/SASRec/noisy_10/2026-02-05-19-55-13-608439.ckpt.
[2026-02-05 19:58:39] INFO {'epoch': 4, 'toy_10_ndcg@20': tensor(0.0100), 'toy_10_recall@20': tensor(0.0229), 'ndcg@20': tensor(0.0100), 'recall@20': tensor(0.0229), 'train_loss_0': tensor(1.1173, device='cuda:0')}
[2026-02-05 19:58:39] INFO training_time: 193.87758255004883
[2026-02-05 19:58:39] INFO inference_time: 5.9184043407440186
[2026-02-05 19:58:39] INFO ndcg@20 improved. Best value: 0.0100
[2026-02-05 19:58:39] INFO Best model checkpoint saved in saved/SASRec/noisy_10/2026-02-05-19-55-13-608439.ckpt.
[2026-02-05 19:59:18] INFO {'epoch': 5, 'toy_10_ndcg@20': tensor(0.0114), 'toy_10_recall@20': tensor(0.0262), 'ndcg@20': tensor(0.0114), 'recall@20': tensor(0.0262), 'train_loss_0': tensor(1.0695, device='cuda:0')}
[2026-02-05 19:59:18] INFO training_time: 231.82075548171997
[2026-02-05 19:59:18] INFO inference_time: 6.978760242462158
[2026-02-05 19:59:18] INFO ndcg@20 improved. Best value: 0.0114
[2026-02-05 19:59:18] INFO Best model checkpoint saved in saved/SASRec/noisy_10/2026-02-05-19-55-13-608439.ckpt.
[2026-02-05 19:59:57] INFO {'epoch': 6, 'toy_10_ndcg@20': tensor(0.0142), 'toy_10_recall@20': tensor(0.0311), 'ndcg@20': tensor(0.0142), 'recall@20': tensor(0.0311), 'train_loss_0': tensor(1.0254, device='cuda:0')}
[2026-02-05 19:59:57] INFO training_time: 269.7537612915039
[2026-02-05 19:59:57] INFO inference_time: 8.162364482879639
[2026-02-05 19:59:57] INFO ndcg@20 improved. Best value: 0.0142
[2026-02-05 19:59:57] INFO Best model checkpoint saved in saved/SASRec/noisy_10/2026-02-05-19-55-13-608439.ckpt.
[2026-02-05 20:00:36] INFO {'epoch': 7, 'toy_10_ndcg@20': tensor(0.0165), 'toy_10_recall@20': tensor(0.0364), 'ndcg@20': tensor(0.0165), 'recall@20': tensor(0.0364), 'train_loss_0': tensor(0.9861, device='cuda:0')}
[2026-02-05 20:00:36] INFO training_time: 307.837025642395
[2026-02-05 20:00:36] INFO inference_time: 9.201000213623047
[2026-02-05 20:00:36] INFO ndcg@20 improved. Best value: 0.0165
[2026-02-05 20:00:36] INFO Best model checkpoint saved in saved/SASRec/noisy_10/2026-02-05-19-55-13-608439.ckpt.
[2026-02-05 20:01:15] INFO {'epoch': 8, 'toy_10_ndcg@20': tensor(0.0175), 'toy_10_recall@20': tensor(0.0380), 'ndcg@20': tensor(0.0175), 'recall@20': tensor(0.0380), 'train_loss_0': tensor(0.9458, device='cuda:0')}
[2026-02-05 20:01:15] INFO training_time: 345.92484283447266
[2026-02-05 20:01:15] INFO inference_time: 10.10395336151123
[2026-02-05 20:01:15] INFO ndcg@20 improved. Best value: 0.0175
[2026-02-05 20:01:15] INFO Best model checkpoint saved in saved/SASRec/noisy_10/2026-02-05-19-55-13-608439.ckpt.
[2026-02-05 20:01:54] INFO {'epoch': 9, 'toy_10_ndcg@20': tensor(0.0190), 'toy_10_recall@20': tensor(0.0417), 'ndcg@20': tensor(0.0190), 'recall@20': tensor(0.0417), 'train_loss_0': tensor(0.9060, device='cuda:0')}
[2026-02-05 20:01:54] INFO training_time: 383.94923400878906
[2026-02-05 20:01:54] INFO inference_time: 11.054754257202148
[2026-02-05 20:01:54] INFO ndcg@20 improved. Best value: 0.0190
[2026-02-05 20:01:54] INFO Best model checkpoint saved in saved/SASRec/noisy_10/2026-02-05-19-55-13-608439.ckpt.
[2026-02-05 20:02:34] INFO {'epoch': 10, 'toy_10_ndcg@20': tensor(0.0208), 'toy_10_recall@20': tensor(0.0451), 'ndcg@20': tensor(0.0208), 'recall@20': tensor(0.0451), 'train_loss_0': tensor(0.8735, device='cuda:0')}
[2026-02-05 20:02:34] INFO training_time: 421.938729763031
[2026-02-05 20:02:34] INFO inference_time: 12.589799880981445
[2026-02-05 20:02:34] INFO ndcg@20 improved. Best value: 0.0208
[2026-02-05 20:02:34] INFO Best model checkpoint saved in saved/SASRec/noisy_10/2026-02-05-19-55-13-608439.ckpt.
[2026-02-05 20:03:13] INFO {'epoch': 11, 'toy_10_ndcg@20': tensor(0.0217), 'toy_10_recall@20': tensor(0.0462), 'ndcg@20': tensor(0.0217), 'recall@20': tensor(0.0462), 'train_loss_0': tensor(0.8389, device='cuda:0')}
[2026-02-05 20:03:13] INFO training_time: 459.74663162231445
[2026-02-05 20:03:13] INFO inference_time: 13.694501638412476
[2026-02-05 20:03:13] INFO ndcg@20 improved. Best value: 0.0217
[2026-02-05 20:03:13] INFO Best model checkpoint saved in saved/SASRec/noisy_10/2026-02-05-19-55-13-608439.ckpt.
[2026-02-05 20:03:52] INFO {'epoch': 12, 'toy_10_ndcg@20': tensor(0.0232), 'toy_10_recall@20': tensor(0.0494), 'ndcg@20': tensor(0.0232), 'recall@20': tensor(0.0494), 'train_loss_0': tensor(0.8096, device='cuda:0')}
[2026-02-05 20:03:52] INFO training_time: 497.74903750419617
[2026-02-05 20:03:52] INFO inference_time: 14.79488229751587
[2026-02-05 20:03:52] INFO ndcg@20 improved. Best value: 0.0232
[2026-02-05 20:03:52] INFO Best model checkpoint saved in saved/SASRec/noisy_10/2026-02-05-19-55-13-608439.ckpt.
[2026-02-05 20:04:31] INFO {'epoch': 13, 'toy_10_ndcg@20': tensor(0.0233), 'toy_10_recall@20': tensor(0.0500), 'ndcg@20': tensor(0.0233), 'recall@20': tensor(0.0500), 'train_loss_0': tensor(0.7800, device='cuda:0')}
[2026-02-05 20:04:31] INFO training_time: 535.7144622802734
[2026-02-05 20:04:31] INFO inference_time: 15.767993688583374
[2026-02-05 20:04:31] INFO ndcg@20 improved. Best value: 0.0233
[2026-02-05 20:04:31] INFO Best model checkpoint saved in saved/SASRec/noisy_10/2026-02-05-19-55-13-608439.ckpt.
[2026-02-05 20:05:10] INFO {'epoch': 14, 'toy_10_ndcg@20': tensor(0.0239), 'toy_10_recall@20': tensor(0.0522), 'ndcg@20': tensor(0.0239), 'recall@20': tensor(0.0522), 'train_loss_0': tensor(0.7557, device='cuda:0')}
[2026-02-05 20:05:10] INFO training_time: 573.8368818759918
[2026-02-05 20:05:10] INFO inference_time: 16.869223594665527
[2026-02-05 20:05:10] INFO ndcg@20 improved. Best value: 0.0239
[2026-02-05 20:05:10] INFO Best model checkpoint saved in saved/SASRec/noisy_10/2026-02-05-19-55-13-608439.ckpt.
[2026-02-05 20:05:49] INFO {'epoch': 15, 'toy_10_ndcg@20': tensor(0.0254), 'toy_10_recall@20': tensor(0.0551), 'ndcg@20': tensor(0.0254), 'recall@20': tensor(0.0551), 'train_loss_0': tensor(0.7272, device='cuda:0')}
[2026-02-05 20:05:49] INFO training_time: 611.9697244167328
[2026-02-05 20:05:49] INFO inference_time: 17.844034910202026
[2026-02-05 20:05:49] INFO ndcg@20 improved. Best value: 0.0254
[2026-02-05 20:05:50] INFO Best model checkpoint saved in saved/SASRec/noisy_10/2026-02-05-19-55-13-608439.ckpt.
[2026-02-05 20:06:29] INFO {'epoch': 16, 'toy_10_ndcg@20': tensor(0.0267), 'toy_10_recall@20': tensor(0.0579), 'ndcg@20': tensor(0.0267), 'recall@20': tensor(0.0579), 'train_loss_0': tensor(0.7066, device='cuda:0')}
[2026-02-05 20:06:29] INFO training_time: 650.0644180774689
[2026-02-05 20:06:29] INFO inference_time: 18.895966053009033
[2026-02-05 20:06:29] INFO ndcg@20 improved. Best value: 0.0267
[2026-02-05 20:06:29] INFO Best model checkpoint saved in saved/SASRec/noisy_10/2026-02-05-19-55-13-608439.ckpt.
[2026-02-05 20:07:08] INFO {'epoch': 17, 'toy_10_ndcg@20': tensor(0.0275), 'toy_10_recall@20': tensor(0.0586), 'ndcg@20': tensor(0.0275), 'recall@20': tensor(0.0586), 'train_loss_0': tensor(0.6887, device='cuda:0')}
[2026-02-05 20:07:08] INFO training_time: 688.0042333602905
[2026-02-05 20:07:08] INFO inference_time: 19.843897104263306
[2026-02-05 20:07:08] INFO ndcg@20 improved. Best value: 0.0275
[2026-02-05 20:07:08] INFO Best model checkpoint saved in saved/SASRec/noisy_10/2026-02-05-19-55-13-608439.ckpt.
[2026-02-05 20:07:47] INFO {'epoch': 18, 'toy_10_ndcg@20': tensor(0.0276), 'toy_10_recall@20': tensor(0.0587), 'ndcg@20': tensor(0.0276), 'recall@20': tensor(0.0587), 'train_loss_0': tensor(0.6658, device='cuda:0')}
[2026-02-05 20:07:47] INFO training_time: 725.9605753421783
[2026-02-05 20:07:47] INFO inference_time: 20.866889476776123
[2026-02-05 20:07:47] INFO ndcg@20 improved. Best value: 0.0276
[2026-02-05 20:07:47] INFO Best model checkpoint saved in saved/SASRec/noisy_10/2026-02-05-19-55-13-608439.ckpt.
[2026-02-05 20:08:26] INFO {'epoch': 19, 'toy_10_ndcg@20': tensor(0.0276), 'toy_10_recall@20': tensor(0.0602), 'ndcg@20': tensor(0.0276), 'recall@20': tensor(0.0602), 'train_loss_0': tensor(0.6480, device='cuda:0')}
[2026-02-05 20:08:26] INFO training_time: 763.9476027488708
[2026-02-05 20:08:26] INFO inference_time: 21.993964910507202
[2026-02-05 20:09:05] INFO {'epoch': 20, 'toy_10_ndcg@20': tensor(0.0283), 'toy_10_recall@20': tensor(0.0610), 'ndcg@20': tensor(0.0283), 'recall@20': tensor(0.0610), 'train_loss_0': tensor(0.6331, device='cuda:0')}
[2026-02-05 20:09:05] INFO training_time: 801.8835108280182
[2026-02-05 20:09:05] INFO inference_time: 23.56151008605957
[2026-02-05 20:09:05] INFO ndcg@20 improved. Best value: 0.0283
[2026-02-05 20:09:05] INFO Best model checkpoint saved in saved/SASRec/noisy_10/2026-02-05-19-55-13-608439.ckpt.
[2026-02-05 20:09:44] INFO {'epoch': 21, 'toy_10_ndcg@20': tensor(0.0286), 'toy_10_recall@20': tensor(0.0609), 'ndcg@20': tensor(0.0286), 'recall@20': tensor(0.0609), 'train_loss_0': tensor(0.6172, device='cuda:0')}
[2026-02-05 20:09:44] INFO training_time: 839.6195721626282
[2026-02-05 20:09:44] INFO inference_time: 24.55420970916748
[2026-02-05 20:09:44] INFO ndcg@20 improved. Best value: 0.0286
[2026-02-05 20:09:44] INFO Best model checkpoint saved in saved/SASRec/noisy_10/2026-02-05-19-55-13-608439.ckpt.
[2026-02-05 20:10:23] INFO {'epoch': 22, 'toy_10_ndcg@20': tensor(0.0287), 'toy_10_recall@20': tensor(0.0619), 'ndcg@20': tensor(0.0287), 'recall@20': tensor(0.0619), 'train_loss_0': tensor(0.6041, device='cuda:0')}
[2026-02-05 20:10:23] INFO training_time: 877.6138594150543
[2026-02-05 20:10:23] INFO inference_time: 25.54505753517151
[2026-02-05 20:10:23] INFO ndcg@20 improved. Best value: 0.0287
[2026-02-05 20:10:23] INFO Best model checkpoint saved in saved/SASRec/noisy_10/2026-02-05-19-55-13-608439.ckpt.
[2026-02-05 20:11:02] INFO {'epoch': 23, 'toy_10_ndcg@20': tensor(0.0296), 'toy_10_recall@20': tensor(0.0628), 'ndcg@20': tensor(0.0296), 'recall@20': tensor(0.0628), 'train_loss_0': tensor(0.5945, device='cuda:0')}
[2026-02-05 20:11:02] INFO training_time: 915.6609129905701
[2026-02-05 20:11:02] INFO inference_time: 26.473886728286743
[2026-02-05 20:11:02] INFO ndcg@20 improved. Best value: 0.0296
[2026-02-05 20:11:02] INFO Best model checkpoint saved in saved/SASRec/noisy_10/2026-02-05-19-55-13-608439.ckpt.
[2026-02-05 20:11:41] INFO {'epoch': 24, 'toy_10_ndcg@20': tensor(0.0299), 'toy_10_recall@20': tensor(0.0639), 'ndcg@20': tensor(0.0299), 'recall@20': tensor(0.0639), 'train_loss_0': tensor(0.5843, device='cuda:0')}
[2026-02-05 20:11:41] INFO training_time: 953.8625152111053
[2026-02-05 20:11:41] INFO inference_time: 27.4939706325531
[2026-02-05 20:11:41] INFO ndcg@20 improved. Best value: 0.0299
[2026-02-05 20:11:41] INFO Best model checkpoint saved in saved/SASRec/noisy_10/2026-02-05-19-55-13-608439.ckpt.
[2026-02-05 20:12:21] INFO {'epoch': 25, 'toy_10_ndcg@20': tensor(0.0296), 'toy_10_recall@20': tensor(0.0630), 'ndcg@20': tensor(0.0296), 'recall@20': tensor(0.0630), 'train_loss_0': tensor(0.5703, device='cuda:0')}
[2026-02-05 20:12:21] INFO training_time: 991.9655902385712
[2026-02-05 20:12:21] INFO inference_time: 28.59559941291809
[2026-02-05 20:12:59] INFO {'epoch': 26, 'toy_10_ndcg@20': tensor(0.0301), 'toy_10_recall@20': tensor(0.0651), 'ndcg@20': tensor(0.0301), 'recall@20': tensor(0.0651), 'train_loss_0': tensor(0.5599, device='cuda:0')}
[2026-02-05 20:12:59] INFO training_time: 1029.7809898853302
[2026-02-05 20:12:59] INFO inference_time: 29.566073656082153
[2026-02-05 20:12:59] INFO ndcg@20 improved. Best value: 0.0301
[2026-02-05 20:12:59] INFO Best model checkpoint saved in saved/SASRec/noisy_10/2026-02-05-19-55-13-608439.ckpt.
[2026-02-05 20:13:38] INFO {'epoch': 27, 'toy_10_ndcg@20': tensor(0.0307), 'toy_10_recall@20': tensor(0.0644), 'ndcg@20': tensor(0.0307), 'recall@20': tensor(0.0644), 'train_loss_0': tensor(0.5536, device='cuda:0')}
[2026-02-05 20:13:38] INFO training_time: 1067.6216733455658
[2026-02-05 20:13:38] INFO inference_time: 30.449636936187744
[2026-02-05 20:13:38] INFO ndcg@20 improved. Best value: 0.0307
[2026-02-05 20:13:38] INFO Best model checkpoint saved in saved/SASRec/noisy_10/2026-02-05-19-55-13-608439.ckpt.
[2026-02-05 20:14:17] INFO {'epoch': 28, 'toy_10_ndcg@20': tensor(0.0306), 'toy_10_recall@20': tensor(0.0636), 'ndcg@20': tensor(0.0306), 'recall@20': tensor(0.0636), 'train_loss_0': tensor(0.5436, device='cuda:0')}
[2026-02-05 20:14:17] INFO training_time: 1105.6105885505676
[2026-02-05 20:14:17] INFO inference_time: 31.490314722061157
[2026-02-05 20:14:56] INFO {'epoch': 29, 'toy_10_ndcg@20': tensor(0.0319), 'toy_10_recall@20': tensor(0.0677), 'ndcg@20': tensor(0.0319), 'recall@20': tensor(0.0677), 'train_loss_0': tensor(0.5374, device='cuda:0')}
[2026-02-05 20:14:56] INFO training_time: 1143.6726224422455
[2026-02-05 20:14:56] INFO inference_time: 32.45420217514038
[2026-02-05 20:14:56] INFO ndcg@20 improved. Best value: 0.0319
[2026-02-05 20:14:56] INFO Best model checkpoint saved in saved/SASRec/noisy_10/2026-02-05-19-55-13-608439.ckpt.
[2026-02-05 20:15:36] INFO {'epoch': 30, 'toy_10_ndcg@20': tensor(0.0317), 'toy_10_recall@20': tensor(0.0666), 'ndcg@20': tensor(0.0317), 'recall@20': tensor(0.0666), 'train_loss_0': tensor(0.5327, device='cuda:0')}
[2026-02-05 20:15:36] INFO training_time: 1181.5906825065613
[2026-02-05 20:15:36] INFO inference_time: 34.058335304260254
[2026-02-05 20:16:15] INFO {'epoch': 31, 'toy_10_ndcg@20': tensor(0.0323), 'toy_10_recall@20': tensor(0.0678), 'ndcg@20': tensor(0.0323), 'recall@20': tensor(0.0678), 'train_loss_0': tensor(0.5268, device='cuda:0')}
[2026-02-05 20:16:15] INFO training_time: 1219.6555783748627
[2026-02-05 20:16:15] INFO inference_time: 35.1769437789917
[2026-02-05 20:16:15] INFO ndcg@20 improved. Best value: 0.0323
[2026-02-05 20:16:15] INFO Best model checkpoint saved in saved/SASRec/noisy_10/2026-02-05-19-55-13-608439.ckpt.
[2026-02-05 20:16:54] INFO {'epoch': 32, 'toy_10_ndcg@20': tensor(0.0321), 'toy_10_recall@20': tensor(0.0676), 'ndcg@20': tensor(0.0321), 'recall@20': tensor(0.0676), 'train_loss_0': tensor(0.5222, device='cuda:0')}
[2026-02-05 20:16:54] INFO training_time: 1257.5367212295532
[2026-02-05 20:16:54] INFO inference_time: 36.124573945999146
[2026-02-05 20:17:33] INFO {'epoch': 33, 'toy_10_ndcg@20': tensor(0.0319), 'toy_10_recall@20': tensor(0.0668), 'ndcg@20': tensor(0.0319), 'recall@20': tensor(0.0668), 'train_loss_0': tensor(0.5119, device='cuda:0')}
[2026-02-05 20:17:33] INFO training_time: 1295.4814298152924
[2026-02-05 20:17:33] INFO inference_time: 37.12632393836975
[2026-02-05 20:18:12] INFO {'epoch': 34, 'toy_10_ndcg@20': tensor(0.0323), 'toy_10_recall@20': tensor(0.0676), 'ndcg@20': tensor(0.0323), 'recall@20': tensor(0.0676), 'train_loss_0': tensor(0.5060, device='cuda:0')}
[2026-02-05 20:18:12] INFO training_time: 1333.6567976474762
[2026-02-05 20:18:12] INFO inference_time: 38.116480350494385
[2026-02-05 20:18:51] INFO {'epoch': 35, 'toy_10_ndcg@20': tensor(0.0321), 'toy_10_recall@20': tensor(0.0679), 'ndcg@20': tensor(0.0321), 'recall@20': tensor(0.0679), 'train_loss_0': tensor(0.5005, device='cuda:0')}
[2026-02-05 20:18:51] INFO training_time: 1371.7949850559235
[2026-02-05 20:18:51] INFO inference_time: 39.1223886013031
[2026-02-05 20:19:31] INFO {'epoch': 36, 'toy_10_ndcg@20': tensor(0.0319), 'toy_10_recall@20': tensor(0.0676), 'ndcg@20': tensor(0.0319), 'recall@20': tensor(0.0676), 'train_loss_0': tensor(0.4988, device='cuda:0')}
[2026-02-05 20:19:31] INFO training_time: 1409.9995579719543
[2026-02-05 20:19:31] INFO inference_time: 40.099302530288696
[2026-02-05 20:20:10] INFO {'epoch': 37, 'toy_10_ndcg@20': tensor(0.0324), 'toy_10_recall@20': tensor(0.0683), 'ndcg@20': tensor(0.0324), 'recall@20': tensor(0.0683), 'train_loss_0': tensor(0.4931, device='cuda:0')}
[2026-02-05 20:20:10] INFO training_time: 1448.4762554168701
[2026-02-05 20:20:10] INFO inference_time: 40.946327686309814
[2026-02-05 20:20:10] INFO ndcg@20 improved. Best value: 0.0324
[2026-02-05 20:20:10] INFO Best model checkpoint saved in saved/SASRec/noisy_10/2026-02-05-19-55-13-608439.ckpt.
[2026-02-05 20:20:49] INFO {'epoch': 38, 'toy_10_ndcg@20': tensor(0.0327), 'toy_10_recall@20': tensor(0.0686), 'ndcg@20': tensor(0.0327), 'recall@20': tensor(0.0686), 'train_loss_0': tensor(0.4876, device='cuda:0')}
[2026-02-05 20:20:49] INFO training_time: 1486.678640127182
[2026-02-05 20:20:49] INFO inference_time: 41.99703073501587
[2026-02-05 20:20:49] INFO ndcg@20 improved. Best value: 0.0327
[2026-02-05 20:20:49] INFO Best model checkpoint saved in saved/SASRec/noisy_10/2026-02-05-19-55-13-608439.ckpt.
[2026-02-05 20:21:28] INFO {'epoch': 39, 'toy_10_ndcg@20': tensor(0.0327), 'toy_10_recall@20': tensor(0.0680), 'ndcg@20': tensor(0.0327), 'recall@20': tensor(0.0680), 'train_loss_0': tensor(0.4872, device='cuda:0')}
[2026-02-05 20:21:28] INFO training_time: 1525.0072214603424
[2026-02-05 20:21:28] INFO inference_time: 42.814584255218506
[2026-02-05 20:21:28] INFO ndcg@20 improved. Best value: 0.0327
[2026-02-05 20:21:28] INFO Best model checkpoint saved in saved/SASRec/noisy_10/2026-02-05-19-55-13-608439.ckpt.
[2026-02-05 20:22:08] INFO {'epoch': 40, 'toy_10_ndcg@20': tensor(0.0324), 'toy_10_recall@20': tensor(0.0678), 'ndcg@20': tensor(0.0324), 'recall@20': tensor(0.0678), 'train_loss_0': tensor(0.4848, device='cuda:0')}
[2026-02-05 20:22:09] INFO training_time: 1563.554631948471
[2026-02-05 20:22:09] INFO inference_time: 44.37057638168335
[2026-02-05 20:22:48] INFO {'epoch': 41, 'toy_10_ndcg@20': tensor(0.0331), 'toy_10_recall@20': tensor(0.0686), 'ndcg@20': tensor(0.0331), 'recall@20': tensor(0.0686), 'train_loss_0': tensor(0.4797, device='cuda:0')}
[2026-02-05 20:22:48] INFO training_time: 1601.8219542503357
[2026-02-05 20:22:48] INFO inference_time: 45.33109211921692
[2026-02-05 20:22:48] INFO ndcg@20 improved. Best value: 0.0331
[2026-02-05 20:22:48] INFO Best model checkpoint saved in saved/SASRec/noisy_10/2026-02-05-19-55-13-608439.ckpt.
[2026-02-05 20:23:27] INFO {'epoch': 42, 'toy_10_ndcg@20': tensor(0.0333), 'toy_10_recall@20': tensor(0.0697), 'ndcg@20': tensor(0.0333), 'recall@20': tensor(0.0697), 'train_loss_0': tensor(0.4763, device='cuda:0')}
[2026-02-05 20:23:27] INFO training_time: 1640.0499293804169
[2026-02-05 20:23:27] INFO inference_time: 46.49479293823242
[2026-02-05 20:23:27] INFO ndcg@20 improved. Best value: 0.0333
[2026-02-05 20:23:27] INFO Best model checkpoint saved in saved/SASRec/noisy_10/2026-02-05-19-55-13-608439.ckpt.
[2026-02-05 20:24:07] INFO {'epoch': 43, 'toy_10_ndcg@20': tensor(0.0335), 'toy_10_recall@20': tensor(0.0695), 'ndcg@20': tensor(0.0335), 'recall@20': tensor(0.0695), 'train_loss_0': tensor(0.4741, device='cuda:0')}
[2026-02-05 20:24:07] INFO training_time: 1678.3852870464325
[2026-02-05 20:24:07] INFO inference_time: 47.55906963348389
[2026-02-05 20:24:07] INFO ndcg@20 improved. Best value: 0.0335
[2026-02-05 20:24:07] INFO Best model checkpoint saved in saved/SASRec/noisy_10/2026-02-05-19-55-13-608439.ckpt.
[2026-02-05 20:24:46] INFO {'epoch': 44, 'toy_10_ndcg@20': tensor(0.0340), 'toy_10_recall@20': tensor(0.0705), 'ndcg@20': tensor(0.0340), 'recall@20': tensor(0.0705), 'train_loss_0': tensor(0.4682, device='cuda:0')}
[2026-02-05 20:24:46] INFO training_time: 1716.9199936389923
[2026-02-05 20:24:46] INFO inference_time: 48.54079604148865
[2026-02-05 20:24:46] INFO ndcg@20 improved. Best value: 0.0340
[2026-02-05 20:24:46] INFO Best model checkpoint saved in saved/SASRec/noisy_10/2026-02-05-19-55-13-608439.ckpt.
[2026-02-05 20:25:26] INFO {'epoch': 45, 'toy_10_ndcg@20': tensor(0.0338), 'toy_10_recall@20': tensor(0.0701), 'ndcg@20': tensor(0.0338), 'recall@20': tensor(0.0701), 'train_loss_0': tensor(0.4639, device='cuda:0')}
[2026-02-05 20:25:26] INFO training_time: 1755.402833223343
[2026-02-05 20:25:26] INFO inference_time: 49.45606589317322
[2026-02-05 20:26:05] INFO {'epoch': 46, 'toy_10_ndcg@20': tensor(0.0330), 'toy_10_recall@20': tensor(0.0690), 'ndcg@20': tensor(0.0330), 'recall@20': tensor(0.0690), 'train_loss_0': tensor(0.4645, device='cuda:0')}
[2026-02-05 20:26:05] INFO training_time: 1793.7584435939789
[2026-02-05 20:26:05] INFO inference_time: 50.51760530471802
[2026-02-05 20:26:44] INFO {'epoch': 47, 'toy_10_ndcg@20': tensor(0.0335), 'toy_10_recall@20': tensor(0.0696), 'ndcg@20': tensor(0.0335), 'recall@20': tensor(0.0696), 'train_loss_0': tensor(0.4673, device='cuda:0')}
[2026-02-05 20:26:45] INFO training_time: 1832.109857559204
[2026-02-05 20:26:45] INFO inference_time: 51.56059813499451
[2026-02-05 20:27:24] INFO {'epoch': 48, 'toy_10_ndcg@20': tensor(0.0329), 'toy_10_recall@20': tensor(0.0687), 'ndcg@20': tensor(0.0329), 'recall@20': tensor(0.0687), 'train_loss_0': tensor(0.4604, device='cuda:0')}
[2026-02-05 20:27:24] INFO training_time: 1870.406388759613
[2026-02-05 20:27:24] INFO inference_time: 52.60899019241333
[2026-02-05 20:28:03] INFO {'epoch': 49, 'toy_10_ndcg@20': tensor(0.0334), 'toy_10_recall@20': tensor(0.0696), 'ndcg@20': tensor(0.0334), 'recall@20': tensor(0.0696), 'train_loss_0': tensor(0.4558, device='cuda:0')}
[2026-02-05 20:28:03] INFO training_time: 1908.7931761741638
[2026-02-05 20:28:03] INFO inference_time: 53.63786554336548
[2026-02-05 20:28:43] INFO {'epoch': 50, 'toy_10_ndcg@20': tensor(0.0332), 'toy_10_recall@20': tensor(0.0700), 'ndcg@20': tensor(0.0332), 'recall@20': tensor(0.0700), 'train_loss_0': tensor(0.4567, device='cuda:0')}
[2026-02-05 20:28:43] INFO training_time: 1947.389326095581
[2026-02-05 20:28:43] INFO inference_time: 55.12792706489563
[2026-02-05 20:29:23] INFO {'epoch': 51, 'toy_10_ndcg@20': tensor(0.0336), 'toy_10_recall@20': tensor(0.0702), 'ndcg@20': tensor(0.0336), 'recall@20': tensor(0.0702), 'train_loss_0': tensor(0.4541, device='cuda:0')}
[2026-02-05 20:29:23] INFO training_time: 1985.8311688899994
[2026-02-05 20:29:23] INFO inference_time: 56.10612607002258
[2026-02-05 20:30:02] INFO {'epoch': 52, 'toy_10_ndcg@20': tensor(0.0336), 'toy_10_recall@20': tensor(0.0706), 'ndcg@20': tensor(0.0336), 'recall@20': tensor(0.0706), 'train_loss_0': tensor(0.4496, device='cuda:0')}
[2026-02-05 20:30:02] INFO training_time: 2024.2002642154694
[2026-02-05 20:30:02] INFO inference_time: 57.04128050804138
[2026-02-05 20:30:42] INFO {'epoch': 53, 'toy_10_ndcg@20': tensor(0.0342), 'toy_10_recall@20': tensor(0.0708), 'ndcg@20': tensor(0.0342), 'recall@20': tensor(0.0708), 'train_loss_0': tensor(0.4515, device='cuda:0')}
[2026-02-05 20:30:42] INFO training_time: 2062.7429645061493
[2026-02-05 20:30:42] INFO inference_time: 57.943472385406494
[2026-02-05 20:30:42] INFO ndcg@20 improved. Best value: 0.0342
[2026-02-05 20:30:42] INFO Best model checkpoint saved in saved/SASRec/noisy_10/2026-02-05-19-55-13-608439.ckpt.
[2026-02-05 20:31:21] INFO {'epoch': 54, 'toy_10_ndcg@20': tensor(0.0340), 'toy_10_recall@20': tensor(0.0700), 'ndcg@20': tensor(0.0340), 'recall@20': tensor(0.0700), 'train_loss_0': tensor(0.4451, device='cuda:0')}
[2026-02-05 20:31:21] INFO training_time: 2101.2230792045593
[2026-02-05 20:31:21] INFO inference_time: 58.96455454826355
[2026-02-05 20:32:00] INFO {'epoch': 55, 'toy_10_ndcg@20': tensor(0.0342), 'toy_10_recall@20': tensor(0.0714), 'ndcg@20': tensor(0.0342), 'recall@20': tensor(0.0714), 'train_loss_0': tensor(0.4459, device='cuda:0')}
[2026-02-05 20:32:00] INFO training_time: 2139.223356962204
[2026-02-05 20:32:00] INFO inference_time: 59.90688490867615
[2026-02-05 20:32:40] INFO {'epoch': 56, 'toy_10_ndcg@20': tensor(0.0342), 'toy_10_recall@20': tensor(0.0717), 'ndcg@20': tensor(0.0342), 'recall@20': tensor(0.0717), 'train_loss_0': tensor(0.4460, device='cuda:0')}
[2026-02-05 20:32:40] INFO training_time: 2177.7829608917236
[2026-02-05 20:32:40] INFO inference_time: 60.856964349746704
[2026-02-05 20:32:40] INFO ndcg@20 improved. Best value: 0.0342
[2026-02-05 20:32:40] INFO Best model checkpoint saved in saved/SASRec/noisy_10/2026-02-05-19-55-13-608439.ckpt.
[2026-02-05 20:33:19] INFO {'epoch': 57, 'toy_10_ndcg@20': tensor(0.0340), 'toy_10_recall@20': tensor(0.0728), 'ndcg@20': tensor(0.0340), 'recall@20': tensor(0.0728), 'train_loss_0': tensor(0.4472, device='cuda:0')}
[2026-02-05 20:33:19] INFO training_time: 2216.2126355171204
[2026-02-05 20:33:19] INFO inference_time: 61.708704233169556
[2026-02-05 20:33:58] INFO {'epoch': 58, 'toy_10_ndcg@20': tensor(0.0341), 'toy_10_recall@20': tensor(0.0733), 'ndcg@20': tensor(0.0341), 'recall@20': tensor(0.0733), 'train_loss_0': tensor(0.4419, device='cuda:0')}
[2026-02-05 20:33:58] INFO training_time: 2254.6232221126556
[2026-02-05 20:33:58] INFO inference_time: 62.62901210784912
[2026-02-05 20:34:38] INFO {'epoch': 59, 'toy_10_ndcg@20': tensor(0.0342), 'toy_10_recall@20': tensor(0.0734), 'ndcg@20': tensor(0.0342), 'recall@20': tensor(0.0734), 'train_loss_0': tensor(0.4368, device='cuda:0')}
[2026-02-05 20:34:38] INFO training_time: 2292.903727054596
[2026-02-05 20:34:38] INFO inference_time: 63.727065563201904
[2026-02-05 20:35:18] INFO {'epoch': 60, 'toy_10_ndcg@20': tensor(0.0336), 'toy_10_recall@20': tensor(0.0703), 'ndcg@20': tensor(0.0336), 'recall@20': tensor(0.0703), 'train_loss_0': tensor(0.4356, device='cuda:0')}
[2026-02-05 20:35:18] INFO training_time: 2331.434161424637
[2026-02-05 20:35:18] INFO inference_time: 65.30583620071411
[2026-02-05 20:35:57] INFO {'epoch': 61, 'toy_10_ndcg@20': tensor(0.0337), 'toy_10_recall@20': tensor(0.0711), 'ndcg@20': tensor(0.0337), 'recall@20': tensor(0.0711), 'train_loss_0': tensor(0.4376, device='cuda:0')}
[2026-02-05 20:35:57] INFO training_time: 2369.8540410995483
[2026-02-05 20:35:57] INFO inference_time: 66.35170030593872
[2026-02-05 20:36:37] INFO {'epoch': 62, 'toy_10_ndcg@20': tensor(0.0332), 'toy_10_recall@20': tensor(0.0706), 'ndcg@20': tensor(0.0332), 'recall@20': tensor(0.0706), 'train_loss_0': tensor(0.4347, device='cuda:0')}
[2026-02-05 20:36:37] INFO training_time: 2408.179874897003
[2026-02-05 20:36:37] INFO inference_time: 67.42724823951721
[2026-02-05 20:37:16] INFO {'epoch': 63, 'toy_10_ndcg@20': tensor(0.0337), 'toy_10_recall@20': tensor(0.0713), 'ndcg@20': tensor(0.0337), 'recall@20': tensor(0.0713), 'train_loss_0': tensor(0.4289, device='cuda:0')}
[2026-02-05 20:37:16] INFO training_time: 2446.408311843872
[2026-02-05 20:37:16] INFO inference_time: 68.3989646434784
[2026-02-05 20:37:55] INFO {'epoch': 64, 'toy_10_ndcg@20': tensor(0.0344), 'toy_10_recall@20': tensor(0.0710), 'ndcg@20': tensor(0.0344), 'recall@20': tensor(0.0710), 'train_loss_0': tensor(0.4317, device='cuda:0')}
[2026-02-05 20:37:55] INFO training_time: 2484.6425330638885
[2026-02-05 20:37:55] INFO inference_time: 69.33155369758606
[2026-02-05 20:37:55] INFO ndcg@20 improved. Best value: 0.0344
[2026-02-05 20:37:55] INFO Best model checkpoint saved in saved/SASRec/noisy_10/2026-02-05-19-55-13-608439.ckpt.
[2026-02-05 20:38:35] INFO {'epoch': 65, 'toy_10_ndcg@20': tensor(0.0343), 'toy_10_recall@20': tensor(0.0714), 'ndcg@20': tensor(0.0343), 'recall@20': tensor(0.0714), 'train_loss_0': tensor(0.4311, device='cuda:0')}
[2026-02-05 20:38:35] INFO training_time: 2523.0203268527985
[2026-02-05 20:38:35] INFO inference_time: 70.35490608215332
[2026-02-05 20:39:14] INFO {'epoch': 66, 'toy_10_ndcg@20': tensor(0.0336), 'toy_10_recall@20': tensor(0.0705), 'ndcg@20': tensor(0.0336), 'recall@20': tensor(0.0705), 'train_loss_0': tensor(0.4307, device='cuda:0')}
[2026-02-05 20:39:14] INFO training_time: 2561.2741043567657
[2026-02-05 20:39:14] INFO inference_time: 71.38766980171204
[2026-02-05 20:39:54] INFO {'epoch': 67, 'toy_10_ndcg@20': tensor(0.0344), 'toy_10_recall@20': tensor(0.0727), 'ndcg@20': tensor(0.0344), 'recall@20': tensor(0.0727), 'train_loss_0': tensor(0.4272, device='cuda:0')}
[2026-02-05 20:39:54] INFO training_time: 2599.755414247513
[2026-02-05 20:39:54] INFO inference_time: 72.39249014854431
[2026-02-05 20:39:54] INFO ndcg@20 improved. Best value: 0.0344
[2026-02-05 20:39:54] INFO Best model checkpoint saved in saved/SASRec/noisy_10/2026-02-05-19-55-13-608439.ckpt.
[2026-02-05 20:40:33] INFO {'epoch': 68, 'toy_10_ndcg@20': tensor(0.0349), 'toy_10_recall@20': tensor(0.0732), 'ndcg@20': tensor(0.0349), 'recall@20': tensor(0.0732), 'train_loss_0': tensor(0.4272, device='cuda:0')}
[2026-02-05 20:40:33] INFO training_time: 2638.0388181209564
[2026-02-05 20:40:33] INFO inference_time: 73.3691794872284
[2026-02-05 20:40:33] INFO ndcg@20 improved. Best value: 0.0349
[2026-02-05 20:40:33] INFO Best model checkpoint saved in saved/SASRec/noisy_10/2026-02-05-19-55-13-608439.ckpt.
[2026-02-05 20:41:12] INFO {'epoch': 69, 'toy_10_ndcg@20': tensor(0.0342), 'toy_10_recall@20': tensor(0.0722), 'ndcg@20': tensor(0.0342), 'recall@20': tensor(0.0722), 'train_loss_0': tensor(0.4247, device='cuda:0')}
[2026-02-05 20:41:13] INFO training_time: 2676.59849858284
[2026-02-05 20:41:13] INFO inference_time: 74.35135984420776
[2026-02-05 20:41:53] INFO {'epoch': 70, 'toy_10_ndcg@20': tensor(0.0344), 'toy_10_recall@20': tensor(0.0730), 'ndcg@20': tensor(0.0344), 'recall@20': tensor(0.0730), 'train_loss_0': tensor(0.4244, device='cuda:0')}
[2026-02-05 20:41:53] INFO training_time: 2714.982987165451
[2026-02-05 20:41:53] INFO inference_time: 76.05348038673401
[2026-02-05 20:42:32] INFO {'epoch': 71, 'toy_10_ndcg@20': tensor(0.0353), 'toy_10_recall@20': tensor(0.0754), 'ndcg@20': tensor(0.0353), 'recall@20': tensor(0.0754), 'train_loss_0': tensor(0.4197, device='cuda:0')}
[2026-02-05 20:42:32] INFO training_time: 2753.414430141449
[2026-02-05 20:42:32] INFO inference_time: 77.0208649635315
[2026-02-05 20:42:32] INFO ndcg@20 improved. Best value: 0.0353
[2026-02-05 20:42:32] INFO Best model checkpoint saved in saved/SASRec/noisy_10/2026-02-05-19-55-13-608439.ckpt.
[2026-02-05 20:43:12] INFO {'epoch': 72, 'toy_10_ndcg@20': tensor(0.0352), 'toy_10_recall@20': tensor(0.0739), 'ndcg@20': tensor(0.0352), 'recall@20': tensor(0.0739), 'train_loss_0': tensor(0.4252, device='cuda:0')}
[2026-02-05 20:43:12] INFO training_time: 2791.974296092987
[2026-02-05 20:43:12] INFO inference_time: 78.05416560173035
[2026-02-05 20:43:51] INFO {'epoch': 73, 'toy_10_ndcg@20': tensor(0.0353), 'toy_10_recall@20': tensor(0.0754), 'ndcg@20': tensor(0.0353), 'recall@20': tensor(0.0754), 'train_loss_0': tensor(0.4200, device='cuda:0')}
[2026-02-05 20:43:51] INFO training_time: 2830.3095791339874
[2026-02-05 20:43:51] INFO inference_time: 79.12360668182373
[2026-02-05 20:44:30] INFO {'epoch': 74, 'toy_10_ndcg@20': tensor(0.0351), 'toy_10_recall@20': tensor(0.0745), 'ndcg@20': tensor(0.0351), 'recall@20': tensor(0.0745), 'train_loss_0': tensor(0.4205, device='cuda:0')}
[2026-02-05 20:44:30] INFO training_time: 2868.4932816028595
[2026-02-05 20:44:30] INFO inference_time: 80.03655457496643
[2026-02-05 20:45:10] INFO {'epoch': 75, 'toy_10_ndcg@20': tensor(0.0351), 'toy_10_recall@20': tensor(0.0732), 'ndcg@20': tensor(0.0351), 'recall@20': tensor(0.0732), 'train_loss_0': tensor(0.4167, device='cuda:0')}
[2026-02-05 20:45:10] INFO training_time: 2906.8437621593475
[2026-02-05 20:45:10] INFO inference_time: 81.0111153125763
[2026-02-05 20:45:49] INFO {'epoch': 76, 'toy_10_ndcg@20': tensor(0.0353), 'toy_10_recall@20': tensor(0.0746), 'ndcg@20': tensor(0.0353), 'recall@20': tensor(0.0746), 'train_loss_0': tensor(0.4170, device='cuda:0')}
[2026-02-05 20:45:49] INFO training_time: 2945.24813747406
[2026-02-05 20:45:49] INFO inference_time: 81.9894609451294
[2026-02-05 20:45:49] INFO ndcg@20 improved. Best value: 0.0353
[2026-02-05 20:45:49] INFO Best model checkpoint saved in saved/SASRec/noisy_10/2026-02-05-19-55-13-608439.ckpt.
[2026-02-05 20:46:28] INFO {'epoch': 77, 'toy_10_ndcg@20': tensor(0.0349), 'toy_10_recall@20': tensor(0.0738), 'ndcg@20': tensor(0.0349), 'recall@20': tensor(0.0738), 'train_loss_0': tensor(0.4182, device='cuda:0')}
[2026-02-05 20:46:28] INFO training_time: 2983.367356300354
[2026-02-05 20:46:28] INFO inference_time: 82.99790573120117
[2026-02-05 20:47:07] INFO {'epoch': 78, 'toy_10_ndcg@20': tensor(0.0349), 'toy_10_recall@20': tensor(0.0739), 'ndcg@20': tensor(0.0349), 'recall@20': tensor(0.0739), 'train_loss_0': tensor(0.4170, device='cuda:0')}
[2026-02-05 20:47:07] INFO training_time: 3021.495671749115
[2026-02-05 20:47:07] INFO inference_time: 83.93246841430664
[2026-02-05 20:47:47] INFO {'epoch': 79, 'toy_10_ndcg@20': tensor(0.0347), 'toy_10_recall@20': tensor(0.0733), 'ndcg@20': tensor(0.0347), 'recall@20': tensor(0.0733), 'train_loss_0': tensor(0.4148, device='cuda:0')}
[2026-02-05 20:47:47] INFO training_time: 3059.828612804413
[2026-02-05 20:47:47] INFO inference_time: 85.00820708274841
[2026-02-05 20:48:27] INFO {'epoch': 80, 'toy_10_ndcg@20': tensor(0.0344), 'toy_10_recall@20': tensor(0.0734), 'ndcg@20': tensor(0.0344), 'recall@20': tensor(0.0734), 'train_loss_0': tensor(0.4199, device='cuda:0')}
[2026-02-05 20:48:27] INFO training_time: 3098.021572113037
[2026-02-05 20:48:27] INFO inference_time: 86.6259138584137
[2026-02-05 20:49:06] INFO {'epoch': 81, 'toy_10_ndcg@20': tensor(0.0346), 'toy_10_recall@20': tensor(0.0729), 'ndcg@20': tensor(0.0346), 'recall@20': tensor(0.0729), 'train_loss_0': tensor(0.4176, device='cuda:0')}
[2026-02-05 20:49:06] INFO training_time: 3136.182445526123
[2026-02-05 20:49:06] INFO inference_time: 87.64437341690063
[2026-02-05 20:49:45] INFO {'epoch': 82, 'toy_10_ndcg@20': tensor(0.0353), 'toy_10_recall@20': tensor(0.0741), 'ndcg@20': tensor(0.0353), 'recall@20': tensor(0.0741), 'train_loss_0': tensor(0.4161, device='cuda:0')}
[2026-02-05 20:49:45] INFO training_time: 3174.6715593338013
[2026-02-05 20:49:45] INFO inference_time: 88.52496814727783
[2026-02-05 20:50:25] INFO {'epoch': 83, 'toy_10_ndcg@20': tensor(0.0349), 'toy_10_recall@20': tensor(0.0726), 'ndcg@20': tensor(0.0349), 'recall@20': tensor(0.0726), 'train_loss_0': tensor(0.4108, device='cuda:0')}
[2026-02-05 20:50:25] INFO training_time: 3213.067328453064
[2026-02-05 20:50:25] INFO inference_time: 89.51724863052368
[2026-02-05 20:51:04] INFO {'epoch': 84, 'toy_10_ndcg@20': tensor(0.0353), 'toy_10_recall@20': tensor(0.0740), 'ndcg@20': tensor(0.0353), 'recall@20': tensor(0.0740), 'train_loss_0': tensor(0.4095, device='cuda:0')}
[2026-02-05 20:51:04] INFO training_time: 3251.3655095100403
[2026-02-05 20:51:04] INFO inference_time: 90.66256046295166
[2026-02-05 20:51:43] INFO {'epoch': 85, 'toy_10_ndcg@20': tensor(0.0354), 'toy_10_recall@20': tensor(0.0743), 'ndcg@20': tensor(0.0354), 'recall@20': tensor(0.0743), 'train_loss_0': tensor(0.4125, device='cuda:0')}
[2026-02-05 20:51:43] INFO training_time: 3289.666566133499
[2026-02-05 20:51:43] INFO inference_time: 91.61397433280945
[2026-02-05 20:51:43] INFO ndcg@20 improved. Best value: 0.0354
[2026-02-05 20:51:43] INFO Best model checkpoint saved in saved/SASRec/noisy_10/2026-02-05-19-55-13-608439.ckpt.
[2026-02-05 20:52:22] INFO {'epoch': 86, 'toy_10_ndcg@20': tensor(0.0355), 'toy_10_recall@20': tensor(0.0732), 'ndcg@20': tensor(0.0355), 'recall@20': tensor(0.0732), 'train_loss_0': tensor(0.4130, device='cuda:0')}
[2026-02-05 20:52:23] INFO training_time: 3327.732806444168
[2026-02-05 20:52:23] INFO inference_time: 92.68727087974548
[2026-02-05 20:52:23] INFO ndcg@20 improved. Best value: 0.0355
[2026-02-05 20:52:23] INFO Best model checkpoint saved in saved/SASRec/noisy_10/2026-02-05-19-55-13-608439.ckpt.
[2026-02-05 20:53:02] INFO {'epoch': 87, 'toy_10_ndcg@20': tensor(0.0358), 'toy_10_recall@20': tensor(0.0742), 'ndcg@20': tensor(0.0358), 'recall@20': tensor(0.0742), 'train_loss_0': tensor(0.4109, device='cuda:0')}
[2026-02-05 20:53:02] INFO training_time: 3365.955647945404
[2026-02-05 20:53:02] INFO inference_time: 93.68307399749756
[2026-02-05 20:53:02] INFO ndcg@20 improved. Best value: 0.0358
[2026-02-05 20:53:02] INFO Best model checkpoint saved in saved/SASRec/noisy_10/2026-02-05-19-55-13-608439.ckpt.
[2026-02-05 20:53:41] INFO {'epoch': 88, 'toy_10_ndcg@20': tensor(0.0351), 'toy_10_recall@20': tensor(0.0737), 'ndcg@20': tensor(0.0351), 'recall@20': tensor(0.0737), 'train_loss_0': tensor(0.4090, device='cuda:0')}
[2026-02-05 20:53:41] INFO training_time: 3404.4391622543335
[2026-02-05 20:53:41] INFO inference_time: 94.67223072052002
[2026-02-05 20:54:21] INFO {'epoch': 89, 'toy_10_ndcg@20': tensor(0.0352), 'toy_10_recall@20': tensor(0.0749), 'ndcg@20': tensor(0.0352), 'recall@20': tensor(0.0749), 'train_loss_0': tensor(0.4082, device='cuda:0')}
[2026-02-05 20:54:21] INFO training_time: 3442.837648868561
[2026-02-05 20:54:21] INFO inference_time: 95.64390420913696
[2026-02-05 20:55:01] INFO {'epoch': 90, 'toy_10_ndcg@20': tensor(0.0344), 'toy_10_recall@20': tensor(0.0727), 'ndcg@20': tensor(0.0344), 'recall@20': tensor(0.0727), 'train_loss_0': tensor(0.4093, device='cuda:0')}
[2026-02-05 20:55:01] INFO training_time: 3481.10084605217
[2026-02-05 20:55:01] INFO inference_time: 97.28222107887268
[2026-02-05 20:55:40] INFO {'epoch': 91, 'toy_10_ndcg@20': tensor(0.0351), 'toy_10_recall@20': tensor(0.0736), 'ndcg@20': tensor(0.0351), 'recall@20': tensor(0.0736), 'train_loss_0': tensor(0.4122, device='cuda:0')}
[2026-02-05 20:55:40] INFO training_time: 3519.3743007183075
[2026-02-05 20:55:40] INFO inference_time: 98.27686715126038
[2026-02-05 20:56:19] INFO {'epoch': 92, 'toy_10_ndcg@20': tensor(0.0359), 'toy_10_recall@20': tensor(0.0746), 'ndcg@20': tensor(0.0359), 'recall@20': tensor(0.0746), 'train_loss_0': tensor(0.4045, device='cuda:0')}
[2026-02-05 20:56:19] INFO training_time: 3557.5986964702606
[2026-02-05 20:56:19] INFO inference_time: 99.31400632858276
[2026-02-05 20:56:19] INFO ndcg@20 improved. Best value: 0.0359
[2026-02-05 20:56:19] INFO Best model checkpoint saved in saved/SASRec/noisy_10/2026-02-05-19-55-13-608439.ckpt.
[2026-02-05 20:56:57] INFO {'epoch': 93, 'toy_10_ndcg@20': tensor(0.0358), 'toy_10_recall@20': tensor(0.0737), 'ndcg@20': tensor(0.0358), 'recall@20': tensor(0.0737), 'train_loss_0': tensor(0.4074, device='cuda:0')}
[2026-02-05 20:56:57] INFO training_time: 3594.7901649475098
[2026-02-05 20:56:57] INFO inference_time: 100.16136264801025
[2026-02-05 20:57:35] INFO {'epoch': 94, 'toy_10_ndcg@20': tensor(0.0358), 'toy_10_recall@20': tensor(0.0746), 'ndcg@20': tensor(0.0358), 'recall@20': tensor(0.0746), 'train_loss_0': tensor(0.4040, device='cuda:0')}
[2026-02-05 20:57:35] INFO training_time: 3631.7128059864044
[2026-02-05 20:57:35] INFO inference_time: 101.13963341712952
[2026-02-05 20:58:13] INFO {'epoch': 95, 'toy_10_ndcg@20': tensor(0.0352), 'toy_10_recall@20': tensor(0.0740), 'ndcg@20': tensor(0.0352), 'recall@20': tensor(0.0740), 'train_loss_0': tensor(0.4038, device='cuda:0')}
[2026-02-05 20:58:13] INFO training_time: 3668.403261899948
[2026-02-05 20:58:13] INFO inference_time: 102.06325483322144
[2026-02-05 20:58:51] INFO {'epoch': 96, 'toy_10_ndcg@20': tensor(0.0348), 'toy_10_recall@20': tensor(0.0725), 'ndcg@20': tensor(0.0348), 'recall@20': tensor(0.0725), 'train_loss_0': tensor(0.4075, device='cuda:0')}
[2026-02-05 20:58:51] INFO training_time: 3705.155684232712
[2026-02-05 20:58:51] INFO inference_time: 103.07996535301208
[2026-02-05 20:59:28] INFO {'epoch': 97, 'toy_10_ndcg@20': tensor(0.0349), 'toy_10_recall@20': tensor(0.0740), 'ndcg@20': tensor(0.0349), 'recall@20': tensor(0.0740), 'train_loss_0': tensor(0.4048, device='cuda:0')}
[2026-02-05 20:59:29] INFO training_time: 3741.967102766037
[2026-02-05 20:59:29] INFO inference_time: 104.07831954956055
[2026-02-05 21:00:06] INFO {'epoch': 98, 'toy_10_ndcg@20': tensor(0.0358), 'toy_10_recall@20': tensor(0.0753), 'ndcg@20': tensor(0.0358), 'recall@20': tensor(0.0753), 'train_loss_0': tensor(0.4005, device='cuda:0')}
[2026-02-05 21:00:06] INFO training_time: 3778.8439989089966
[2026-02-05 21:00:06] INFO inference_time: 105.13244652748108
[2026-02-05 21:00:44] INFO {'epoch': 99, 'toy_10_ndcg@20': tensor(0.0349), 'toy_10_recall@20': tensor(0.0733), 'ndcg@20': tensor(0.0349), 'recall@20': tensor(0.0733), 'train_loss_0': tensor(0.4042, device='cuda:0')}
[2026-02-05 21:00:44] INFO training_time: 3815.626622438431
[2026-02-05 21:00:44] INFO inference_time: 106.10807967185974
[2026-02-05 21:01:22] INFO {'epoch': 100, 'toy_10_ndcg@20': tensor(0.0350), 'toy_10_recall@20': tensor(0.0726), 'ndcg@20': tensor(0.0350), 'recall@20': tensor(0.0726), 'train_loss_0': tensor(0.3995, device='cuda:0')}
[2026-02-05 21:01:22] INFO training_time: 3852.380441904068
[2026-02-05 21:01:22] INFO inference_time: 107.56402945518494
[2026-02-05 21:02:00] INFO {'epoch': 101, 'toy_10_ndcg@20': tensor(0.0358), 'toy_10_recall@20': tensor(0.0742), 'ndcg@20': tensor(0.0358), 'recall@20': tensor(0.0742), 'train_loss_0': tensor(0.3973, device='cuda:0')}
[2026-02-05 21:02:00] INFO training_time: 3889.266283750534
[2026-02-05 21:02:00] INFO inference_time: 108.43019938468933
[2026-02-05 21:02:38] INFO {'epoch': 102, 'toy_10_ndcg@20': tensor(0.0361), 'toy_10_recall@20': tensor(0.0750), 'ndcg@20': tensor(0.0361), 'recall@20': tensor(0.0750), 'train_loss_0': tensor(0.4000, device='cuda:0')}
[2026-02-05 21:02:38] INFO training_time: 3926.220857858658
[2026-02-05 21:02:38] INFO inference_time: 109.34793162345886
[2026-02-05 21:02:38] INFO ndcg@20 improved. Best value: 0.0361
[2026-02-05 21:02:38] INFO Best model checkpoint saved in saved/SASRec/noisy_10/2026-02-05-19-55-13-608439.ckpt.
[2026-02-05 21:03:16] INFO {'epoch': 103, 'toy_10_ndcg@20': tensor(0.0354), 'toy_10_recall@20': tensor(0.0742), 'ndcg@20': tensor(0.0354), 'recall@20': tensor(0.0742), 'train_loss_0': tensor(0.3941, device='cuda:0')}
[2026-02-05 21:03:16] INFO training_time: 3963.057124853134
[2026-02-05 21:03:16] INFO inference_time: 110.27900457382202
[2026-02-05 21:03:54] INFO {'epoch': 104, 'toy_10_ndcg@20': tensor(0.0354), 'toy_10_recall@20': tensor(0.0743), 'ndcg@20': tensor(0.0354), 'recall@20': tensor(0.0743), 'train_loss_0': tensor(0.4002, device='cuda:0')}
[2026-02-05 21:03:54] INFO training_time: 3999.81751203537
[2026-02-05 21:03:54] INFO inference_time: 111.24822354316711
[2026-02-05 21:04:31] INFO {'epoch': 105, 'toy_10_ndcg@20': tensor(0.0357), 'toy_10_recall@20': tensor(0.0737), 'ndcg@20': tensor(0.0357), 'recall@20': tensor(0.0737), 'train_loss_0': tensor(0.3963, device='cuda:0')}
[2026-02-05 21:04:31] INFO training_time: 4036.474971294403
[2026-02-05 21:04:31] INFO inference_time: 112.22166848182678
[2026-02-05 21:05:09] INFO {'epoch': 106, 'toy_10_ndcg@20': tensor(0.0360), 'toy_10_recall@20': tensor(0.0755), 'ndcg@20': tensor(0.0360), 'recall@20': tensor(0.0755), 'train_loss_0': tensor(0.4008, device='cuda:0')}
[2026-02-05 21:05:09] INFO training_time: 4073.345114707947
[2026-02-05 21:05:09] INFO inference_time: 113.2320168018341
[2026-02-05 21:05:47] INFO {'epoch': 107, 'toy_10_ndcg@20': tensor(0.0358), 'toy_10_recall@20': tensor(0.0755), 'ndcg@20': tensor(0.0358), 'recall@20': tensor(0.0755), 'train_loss_0': tensor(0.3935, device='cuda:0')}
[2026-02-05 21:05:47] INFO training_time: 4110.263926744461
[2026-02-05 21:05:47] INFO inference_time: 114.31213974952698
[2026-02-05 21:06:25] INFO {'epoch': 108, 'toy_10_ndcg@20': tensor(0.0363), 'toy_10_recall@20': tensor(0.0761), 'ndcg@20': tensor(0.0363), 'recall@20': tensor(0.0761), 'train_loss_0': tensor(0.3940, device='cuda:0')}
[2026-02-05 21:06:25] INFO training_time: 4147.034037590027
[2026-02-05 21:06:25] INFO inference_time: 115.32443404197693
[2026-02-05 21:06:25] INFO ndcg@20 improved. Best value: 0.0363
[2026-02-05 21:06:25] INFO Best model checkpoint saved in saved/SASRec/noisy_10/2026-02-05-19-55-13-608439.ckpt.
[2026-02-05 21:07:03] INFO {'epoch': 109, 'toy_10_ndcg@20': tensor(0.0359), 'toy_10_recall@20': tensor(0.0754), 'ndcg@20': tensor(0.0359), 'recall@20': tensor(0.0754), 'train_loss_0': tensor(0.3981, device='cuda:0')}
[2026-02-05 21:07:03] INFO training_time: 4183.893318653107
[2026-02-05 21:07:03] INFO inference_time: 116.37467622756958
[2026-02-05 21:07:41] INFO {'epoch': 110, 'toy_10_ndcg@20': tensor(0.0354), 'toy_10_recall@20': tensor(0.0741), 'ndcg@20': tensor(0.0354), 'recall@20': tensor(0.0741), 'train_loss_0': tensor(0.3996, device='cuda:0')}
[2026-02-05 21:07:41] INFO training_time: 4220.568841934204
[2026-02-05 21:07:41] INFO inference_time: 117.95110583305359
[2026-02-05 21:08:19] INFO {'epoch': 111, 'toy_10_ndcg@20': tensor(0.0360), 'toy_10_recall@20': tensor(0.0749), 'ndcg@20': tensor(0.0360), 'recall@20': tensor(0.0749), 'train_loss_0': tensor(0.3963, device='cuda:0')}
[2026-02-05 21:08:19] INFO training_time: 4257.271090269089
[2026-02-05 21:08:19] INFO inference_time: 119.03455209732056
[2026-02-05 21:08:57] INFO {'epoch': 112, 'toy_10_ndcg@20': tensor(0.0353), 'toy_10_recall@20': tensor(0.0742), 'ndcg@20': tensor(0.0353), 'recall@20': tensor(0.0742), 'train_loss_0': tensor(0.3940, device='cuda:0')}
[2026-02-05 21:08:57] INFO training_time: 4293.852429866791
[2026-02-05 21:08:57] INFO inference_time: 119.97084951400757
[2026-02-05 21:09:34] INFO {'epoch': 113, 'toy_10_ndcg@20': tensor(0.0349), 'toy_10_recall@20': tensor(0.0745), 'ndcg@20': tensor(0.0349), 'recall@20': tensor(0.0745), 'train_loss_0': tensor(0.3916, device='cuda:0')}
[2026-02-05 21:09:34] INFO training_time: 4330.479250669479
[2026-02-05 21:09:34] INFO inference_time: 120.91164708137512
[2026-02-05 21:10:10] INFO {'epoch': 114, 'toy_10_ndcg@20': tensor(0.0352), 'toy_10_recall@20': tensor(0.0756), 'ndcg@20': tensor(0.0352), 'recall@20': tensor(0.0756), 'train_loss_0': tensor(0.3894, device='cuda:0')}
[2026-02-05 21:10:10] INFO training_time: 4365.676354169846
[2026-02-05 21:10:10] INFO inference_time: 121.80206394195557
[2026-02-05 21:10:47] INFO {'epoch': 115, 'toy_10_ndcg@20': tensor(0.0354), 'toy_10_recall@20': tensor(0.0751), 'ndcg@20': tensor(0.0354), 'recall@20': tensor(0.0751), 'train_loss_0': tensor(0.3931, device='cuda:0')}
[2026-02-05 21:10:47] INFO training_time: 4400.822454214096
[2026-02-05 21:10:47] INFO inference_time: 122.76817965507507
[2026-02-05 21:11:22] INFO {'epoch': 116, 'toy_10_ndcg@20': tensor(0.0356), 'toy_10_recall@20': tensor(0.0747), 'ndcg@20': tensor(0.0356), 'recall@20': tensor(0.0747), 'train_loss_0': tensor(0.3890, device='cuda:0')}
[2026-02-05 21:11:23] INFO training_time: 4435.8482983112335
[2026-02-05 21:11:23] INFO inference_time: 123.66928100585938
[2026-02-05 21:11:59] INFO {'epoch': 117, 'toy_10_ndcg@20': tensor(0.0353), 'toy_10_recall@20': tensor(0.0743), 'ndcg@20': tensor(0.0353), 'recall@20': tensor(0.0743), 'train_loss_0': tensor(0.3883, device='cuda:0')}
[2026-02-05 21:11:59] INFO training_time: 4470.917485713959
[2026-02-05 21:11:59] INFO inference_time: 124.68813061714172
[2026-02-05 21:12:35] INFO {'epoch': 118, 'toy_10_ndcg@20': tensor(0.0359), 'toy_10_recall@20': tensor(0.0752), 'ndcg@20': tensor(0.0359), 'recall@20': tensor(0.0752), 'train_loss_0': tensor(0.3939, device='cuda:0')}
[2026-02-05 21:12:35] INFO training_time: 4505.932499885559
[2026-02-05 21:12:35] INFO inference_time: 125.75351190567017
[2026-02-05 21:13:11] INFO {'epoch': 119, 'toy_10_ndcg@20': tensor(0.0357), 'toy_10_recall@20': tensor(0.0744), 'ndcg@20': tensor(0.0357), 'recall@20': tensor(0.0744), 'train_loss_0': tensor(0.3853, device='cuda:0')}
[2026-02-05 21:13:11] INFO training_time: 4541.108557701111
[2026-02-05 21:13:11] INFO inference_time: 126.70857095718384
[2026-02-05 21:13:47] INFO {'epoch': 120, 'toy_10_ndcg@20': tensor(0.0357), 'toy_10_recall@20': tensor(0.0745), 'ndcg@20': tensor(0.0357), 'recall@20': tensor(0.0745), 'train_loss_0': tensor(0.3893, device='cuda:0')}
[2026-02-05 21:13:47] INFO training_time: 4576.130323648453
[2026-02-05 21:13:47] INFO inference_time: 128.10349345207214
[2026-02-05 21:14:24] INFO {'epoch': 121, 'toy_10_ndcg@20': tensor(0.0359), 'toy_10_recall@20': tensor(0.0739), 'ndcg@20': tensor(0.0359), 'recall@20': tensor(0.0739), 'train_loss_0': tensor(0.3851, device='cuda:0')}
[2026-02-05 21:14:24] INFO training_time: 4611.489911079407
[2026-02-05 21:14:24] INFO inference_time: 129.0275490283966
[2026-02-05 21:15:00] INFO {'epoch': 122, 'toy_10_ndcg@20': tensor(0.0364), 'toy_10_recall@20': tensor(0.0752), 'ndcg@20': tensor(0.0364), 'recall@20': tensor(0.0752), 'train_loss_0': tensor(0.3878, device='cuda:0')}
[2026-02-05 21:15:00] INFO training_time: 4646.851159334183
[2026-02-05 21:15:00] INFO inference_time: 130.0281949043274
[2026-02-05 21:15:00] INFO ndcg@20 improved. Best value: 0.0364
[2026-02-05 21:15:00] INFO Best model checkpoint saved in saved/SASRec/noisy_10/2026-02-05-19-55-13-608439.ckpt.
[2026-02-05 21:15:36] INFO {'epoch': 123, 'toy_10_ndcg@20': tensor(0.0360), 'toy_10_recall@20': tensor(0.0744), 'ndcg@20': tensor(0.0360), 'recall@20': tensor(0.0744), 'train_loss_0': tensor(0.3864, device='cuda:0')}
[2026-02-05 21:15:37] INFO training_time: 4682.281874656677
[2026-02-05 21:15:37] INFO inference_time: 131.0257430076599
[2026-02-05 21:16:13] INFO {'epoch': 124, 'toy_10_ndcg@20': tensor(0.0359), 'toy_10_recall@20': tensor(0.0751), 'ndcg@20': tensor(0.0359), 'recall@20': tensor(0.0751), 'train_loss_0': tensor(0.3920, device='cuda:0')}
[2026-02-05 21:16:13] INFO training_time: 4717.742744684219
[2026-02-05 21:16:13] INFO inference_time: 131.94662499427795
[2026-02-05 21:16:49] INFO {'epoch': 125, 'toy_10_ndcg@20': tensor(0.0358), 'toy_10_recall@20': tensor(0.0742), 'ndcg@20': tensor(0.0358), 'recall@20': tensor(0.0742), 'train_loss_0': tensor(0.3904, device='cuda:0')}
[2026-02-05 21:16:49] INFO training_time: 4753.147665023804
[2026-02-05 21:16:49] INFO inference_time: 132.83977055549622
[2026-02-05 21:17:26] INFO {'epoch': 126, 'toy_10_ndcg@20': tensor(0.0361), 'toy_10_recall@20': tensor(0.0751), 'ndcg@20': tensor(0.0361), 'recall@20': tensor(0.0751), 'train_loss_0': tensor(0.3921, device='cuda:0')}
[2026-02-05 21:17:26] INFO training_time: 4788.581402301788
[2026-02-05 21:17:26] INFO inference_time: 133.72210121154785
[2026-02-05 21:18:02] INFO {'epoch': 127, 'toy_10_ndcg@20': tensor(0.0365), 'toy_10_recall@20': tensor(0.0758), 'ndcg@20': tensor(0.0365), 'recall@20': tensor(0.0758), 'train_loss_0': tensor(0.3871, device='cuda:0')}
[2026-02-05 21:18:02] INFO training_time: 4824.097875833511
[2026-02-05 21:18:02] INFO inference_time: 134.68730282783508
[2026-02-05 21:18:02] INFO ndcg@20 improved. Best value: 0.0365
[2026-02-05 21:18:02] INFO Best model checkpoint saved in saved/SASRec/noisy_10/2026-02-05-19-55-13-608439.ckpt.
[2026-02-05 21:18:38] INFO {'epoch': 128, 'toy_10_ndcg@20': tensor(0.0368), 'toy_10_recall@20': tensor(0.0753), 'ndcg@20': tensor(0.0368), 'recall@20': tensor(0.0753), 'train_loss_0': tensor(0.3874, device='cuda:0')}
[2026-02-05 21:18:38] INFO training_time: 4859.353218317032
[2026-02-05 21:18:38] INFO inference_time: 135.5612063407898
[2026-02-05 21:18:38] INFO ndcg@20 improved. Best value: 0.0368
[2026-02-05 21:18:38] INFO Best model checkpoint saved in saved/SASRec/noisy_10/2026-02-05-19-55-13-608439.ckpt.
[2026-02-05 21:19:15] INFO {'epoch': 129, 'toy_10_ndcg@20': tensor(0.0370), 'toy_10_recall@20': tensor(0.0766), 'ndcg@20': tensor(0.0370), 'recall@20': tensor(0.0766), 'train_loss_0': tensor(0.3882, device='cuda:0')}
[2026-02-05 21:19:15] INFO training_time: 4894.660528182983
[2026-02-05 21:19:15] INFO inference_time: 136.4793417453766
[2026-02-05 21:19:15] INFO ndcg@20 improved. Best value: 0.0370
[2026-02-05 21:19:15] INFO Best model checkpoint saved in saved/SASRec/noisy_10/2026-02-05-19-55-13-608439.ckpt.
[2026-02-05 21:19:51] INFO {'epoch': 130, 'toy_10_ndcg@20': tensor(0.0361), 'toy_10_recall@20': tensor(0.0756), 'ndcg@20': tensor(0.0361), 'recall@20': tensor(0.0756), 'train_loss_0': tensor(0.3822, device='cuda:0')}
[2026-02-05 21:19:52] INFO training_time: 4930.099983215332
[2026-02-05 21:19:52] INFO inference_time: 137.98502731323242
[2026-02-05 21:20:28] INFO {'epoch': 131, 'toy_10_ndcg@20': tensor(0.0360), 'toy_10_recall@20': tensor(0.0764), 'ndcg@20': tensor(0.0360), 'recall@20': tensor(0.0764), 'train_loss_0': tensor(0.3852, device='cuda:0')}
[2026-02-05 21:20:28] INFO training_time: 4965.466924905777
[2026-02-05 21:20:28] INFO inference_time: 139.0482702255249
[2026-02-05 21:21:04] INFO {'epoch': 132, 'toy_10_ndcg@20': tensor(0.0365), 'toy_10_recall@20': tensor(0.0765), 'ndcg@20': tensor(0.0365), 'recall@20': tensor(0.0765), 'train_loss_0': tensor(0.3864, device='cuda:0')}
[2026-02-05 21:21:04] INFO training_time: 5000.523481369019
[2026-02-05 21:21:04] INFO inference_time: 139.96017789840698
[2026-02-05 21:21:40] INFO {'epoch': 133, 'toy_10_ndcg@20': tensor(0.0364), 'toy_10_recall@20': tensor(0.0769), 'ndcg@20': tensor(0.0364), 'recall@20': tensor(0.0769), 'train_loss_0': tensor(0.3818, device='cuda:0')}
[2026-02-05 21:21:40] INFO training_time: 5035.808593988419
[2026-02-05 21:21:40] INFO inference_time: 140.8250482082367
[2026-02-05 21:22:16] INFO {'epoch': 134, 'toy_10_ndcg@20': tensor(0.0359), 'toy_10_recall@20': tensor(0.0759), 'ndcg@20': tensor(0.0359), 'recall@20': tensor(0.0759), 'train_loss_0': tensor(0.3806, device='cuda:0')}
[2026-02-05 21:22:16] INFO training_time: 5071.085928440094
[2026-02-05 21:22:16] INFO inference_time: 141.78458309173584
[2026-02-05 21:22:52] INFO {'epoch': 135, 'toy_10_ndcg@20': tensor(0.0362), 'toy_10_recall@20': tensor(0.0764), 'ndcg@20': tensor(0.0362), 'recall@20': tensor(0.0764), 'train_loss_0': tensor(0.3842, device='cuda:0')}
[2026-02-05 21:22:52] INFO training_time: 5106.266721487045
[2026-02-05 21:22:52] INFO inference_time: 142.59720921516418
[2026-02-05 21:23:28] INFO {'epoch': 136, 'toy_10_ndcg@20': tensor(0.0368), 'toy_10_recall@20': tensor(0.0771), 'ndcg@20': tensor(0.0368), 'recall@20': tensor(0.0771), 'train_loss_0': tensor(0.3830, device='cuda:0')}
[2026-02-05 21:23:29] INFO training_time: 5141.411820173264
[2026-02-05 21:23:29] INFO inference_time: 143.49328207969666
[2026-02-05 21:24:05] INFO {'epoch': 137, 'toy_10_ndcg@20': tensor(0.0361), 'toy_10_recall@20': tensor(0.0761), 'ndcg@20': tensor(0.0361), 'recall@20': tensor(0.0761), 'train_loss_0': tensor(0.3780, device='cuda:0')}
[2026-02-05 21:24:05] INFO training_time: 5176.572073221207
[2026-02-05 21:24:05] INFO inference_time: 144.5589246749878
[2026-02-05 21:24:41] INFO {'epoch': 138, 'toy_10_ndcg@20': tensor(0.0363), 'toy_10_recall@20': tensor(0.0777), 'ndcg@20': tensor(0.0363), 'recall@20': tensor(0.0777), 'train_loss_0': tensor(0.3812, device='cuda:0')}
[2026-02-05 21:24:41] INFO training_time: 5211.787662744522
[2026-02-05 21:24:41] INFO inference_time: 145.56747126579285
[2026-02-05 21:25:17] INFO {'epoch': 139, 'toy_10_ndcg@20': tensor(0.0357), 'toy_10_recall@20': tensor(0.0763), 'ndcg@20': tensor(0.0357), 'recall@20': tensor(0.0763), 'train_loss_0': tensor(0.3850, device='cuda:0')}
[2026-02-05 21:25:17] INFO training_time: 5246.924279689789
[2026-02-05 21:25:17] INFO inference_time: 146.55283761024475
[2026-02-05 21:25:54] INFO {'epoch': 140, 'toy_10_ndcg@20': tensor(0.0361), 'toy_10_recall@20': tensor(0.0778), 'ndcg@20': tensor(0.0361), 'recall@20': tensor(0.0778), 'train_loss_0': tensor(0.3830, device='cuda:0')}
[2026-02-05 21:25:54] INFO training_time: 5282.062432527542
[2026-02-05 21:25:54] INFO inference_time: 148.07655596733093
[2026-02-05 21:26:30] INFO {'epoch': 141, 'toy_10_ndcg@20': tensor(0.0364), 'toy_10_recall@20': tensor(0.0759), 'ndcg@20': tensor(0.0364), 'recall@20': tensor(0.0759), 'train_loss_0': tensor(0.3790, device='cuda:0')}
[2026-02-05 21:26:30] INFO training_time: 5317.305296421051
[2026-02-05 21:26:30] INFO inference_time: 149.00365662574768
[2026-02-05 21:27:06] INFO {'epoch': 142, 'toy_10_ndcg@20': tensor(0.0369), 'toy_10_recall@20': tensor(0.0771), 'ndcg@20': tensor(0.0369), 'recall@20': tensor(0.0771), 'train_loss_0': tensor(0.3788, device='cuda:0')}
[2026-02-05 21:27:06] INFO training_time: 5352.658128738403
[2026-02-05 21:27:06] INFO inference_time: 150.05877709388733
[2026-02-05 21:27:43] INFO {'epoch': 143, 'toy_10_ndcg@20': tensor(0.0367), 'toy_10_recall@20': tensor(0.0770), 'ndcg@20': tensor(0.0367), 'recall@20': tensor(0.0770), 'train_loss_0': tensor(0.3802, device='cuda:0')}
[2026-02-05 21:27:43] INFO training_time: 5387.958676815033
[2026-02-05 21:27:43] INFO inference_time: 151.11077451705933
[2026-02-05 21:28:19] INFO {'epoch': 144, 'toy_10_ndcg@20': tensor(0.0363), 'toy_10_recall@20': tensor(0.0769), 'ndcg@20': tensor(0.0363), 'recall@20': tensor(0.0769), 'train_loss_0': tensor(0.3803, device='cuda:0')}
[2026-02-05 21:28:19] INFO training_time: 5423.455577373505
[2026-02-05 21:28:19] INFO inference_time: 152.14292812347412
[2026-02-05 21:28:55] INFO {'epoch': 145, 'toy_10_ndcg@20': tensor(0.0369), 'toy_10_recall@20': tensor(0.0770), 'ndcg@20': tensor(0.0369), 'recall@20': tensor(0.0770), 'train_loss_0': tensor(0.3775, device='cuda:0')}
[2026-02-05 21:28:55] INFO training_time: 5458.501083374023
[2026-02-05 21:28:55] INFO inference_time: 153.13318586349487
[2026-02-05 21:29:32] INFO {'epoch': 146, 'toy_10_ndcg@20': tensor(0.0368), 'toy_10_recall@20': tensor(0.0758), 'ndcg@20': tensor(0.0368), 'recall@20': tensor(0.0758), 'train_loss_0': tensor(0.3785, device='cuda:0')}
[2026-02-05 21:29:32] INFO training_time: 5493.612074613571
[2026-02-05 21:29:32] INFO inference_time: 154.0911009311676
[2026-02-05 21:30:08] INFO {'epoch': 147, 'toy_10_ndcg@20': tensor(0.0369), 'toy_10_recall@20': tensor(0.0760), 'ndcg@20': tensor(0.0369), 'recall@20': tensor(0.0760), 'train_loss_0': tensor(0.3784, device='cuda:0')}
[2026-02-05 21:30:08] INFO training_time: 5528.7971386909485
[2026-02-05 21:30:08] INFO inference_time: 155.02124953269958
[2026-02-05 21:30:44] INFO {'epoch': 148, 'toy_10_ndcg@20': tensor(0.0367), 'toy_10_recall@20': tensor(0.0766), 'ndcg@20': tensor(0.0367), 'recall@20': tensor(0.0766), 'train_loss_0': tensor(0.3779, device='cuda:0')}
[2026-02-05 21:30:44] INFO training_time: 5563.966396570206
[2026-02-05 21:30:44] INFO inference_time: 156.05340242385864
[2026-02-05 21:31:20] INFO {'epoch': 149, 'toy_10_ndcg@20': tensor(0.0363), 'toy_10_recall@20': tensor(0.0759), 'ndcg@20': tensor(0.0363), 'recall@20': tensor(0.0759), 'train_loss_0': tensor(0.3769, device='cuda:0')}
[2026-02-05 21:31:20] INFO training_time: 5599.0684978961945
[2026-02-05 21:31:20] INFO inference_time: 156.991455078125
[2026-02-05 21:31:20] INFO Early stopped. Since the metric ndcg@20 haven't been improved for 20 epochs.
[2026-02-05 21:31:20] INFO The best score of ndcg@20 is 0.0370 on epoch 129
[2026-02-05 21:31:20] INFO Best model checkpoint saved in saved/SASRec/noisy_10/2026-02-05-19-55-13-608439.ckpt.
[2026-02-05 21:31:22] INFO defaultdict(<class 'float'>, {'toy_10_ndcg@20': tensor(0.0319), 'toy_10_recall@20': tensor(0.0644), 'toy_10_ndcg@10': tensor(0.0273), 'toy_10_recall@10': tensor(0.0462), 'ndcg@20': tensor(0.0319), 'recall@20': tensor(0.0644), 'ndcg@10': tensor(0.0273), 'recall@10': tensor(0.0462)})
