[2026-01-22 11:32:12] INFO PID of this process: 1967231
[2026-01-22 11:32:18] INFO {'model': {'embed_dim': 64, 'loss_fn': 'bce', 'hidden_size': 128, 'layer_num': 2, 'head_num': 2, 'dropout_rate': 0.5, 'activation': 'gelu', 'layer_norm_eps': 1e-12, 'model': 'SASRec'}, 'data': {'domain_name_list': ['toy_10'], 'user_threshold': 5, 'item_threshold': 5, 'max_seq_len': 50, 'dataset_class': 'general', 'train_file': '_regen', 'dataset': 'noisy_10'}, 'train': {'batch_size': 256, 'early_stop_mode': 'max', 'early_stop_patience': 20, 'epochs': 1000, 'device': 'cuda', 'optimizer': 'adam', 'learning_rate': 0.001, 'weight_decay': 0, 'num_neg': 1, 'seed': 2027}, 'eval': {'batch_size': 2048, 'cutoff': [20, 10], 'val_metrics': ['ndcg', 'recall'], 'test_metrics': ['ndcg', 'recall'], 'topk': 100, 'save_path': './saved/'}}
[2026-01-22 11:32:18] INFO <data.dataset.SeparateDataset object at 0x7f480684b1f0>
[2026-01-22 11:32:18] INFO save_dir:saved
[2026-01-22 11:32:18] INFO SASRec(
  (item_embedding): Embedding(11925, 64, padding_idx=0)
  (query_encoder): SASRecQueryEncoder(
    (item_encoder): Embedding(11925, 64, padding_idx=0)
    (position_emb): Embedding(50, 64)
    (transformer_layer): TransformerEncoder(
      (layers): ModuleList(
        (0): TransformerEncoderLayer(
          (self_attn): MultiheadAttention(
            (out_proj): NonDynamicallyQuantizableLinear(in_features=64, out_features=64, bias=True)
          )
          (linear1): Linear(in_features=64, out_features=128, bias=True)
          (dropout): Dropout(p=0.5, inplace=False)
          (linear2): Linear(in_features=128, out_features=64, bias=True)
          (norm1): LayerNorm((64,), eps=1e-12, elementwise_affine=True)
          (norm2): LayerNorm((64,), eps=1e-12, elementwise_affine=True)
          (dropout1): Dropout(p=0.5, inplace=False)
          (dropout2): Dropout(p=0.5, inplace=False)
        )
        (1): TransformerEncoderLayer(
          (self_attn): MultiheadAttention(
            (out_proj): NonDynamicallyQuantizableLinear(in_features=64, out_features=64, bias=True)
          )
          (linear1): Linear(in_features=64, out_features=128, bias=True)
          (dropout): Dropout(p=0.5, inplace=False)
          (linear2): Linear(in_features=128, out_features=64, bias=True)
          (norm1): LayerNorm((64,), eps=1e-12, elementwise_affine=True)
          (norm2): LayerNorm((64,), eps=1e-12, elementwise_affine=True)
          (dropout1): Dropout(p=0.5, inplace=False)
          (dropout2): Dropout(p=0.5, inplace=False)
        )
      )
    )
    (dropout): Dropout(p=0.5, inplace=False)
    (training_pooling_layer): SeqPoolingLayer()
    (eval_pooling_layer): SeqPoolingLayer()
  )
  (loss_fn): BinaryCrossEntropyLoss()
)
[2026-01-22 11:33:15] INFO {'epoch': 0, 'toy_10_ndcg@20': tensor(0.0068), 'toy_10_recall@20': tensor(0.0161), 'ndcg@20': tensor(0.0068), 'recall@20': tensor(0.0161), 'train_loss_0': tensor(1.2692, device='cuda:0')}
[2026-01-22 11:33:15] INFO training_time: 55.784013986587524
[2026-01-22 11:33:15] INFO inference_time: 0.8677113056182861
[2026-01-22 11:33:15] INFO ndcg@20 improved. Best value: 0.0068
[2026-01-22 11:33:15] INFO Best model checkpoint saved in saved/SASRec/noisy_10/2026-01-22-11-32-12-719374.ckpt.
[2026-01-22 11:34:10] INFO {'epoch': 1, 'toy_10_ndcg@20': tensor(0.0108), 'toy_10_recall@20': tensor(0.0252), 'ndcg@20': tensor(0.0108), 'recall@20': tensor(0.0252), 'train_loss_0': tensor(1.1197, device='cuda:0')}
[2026-01-22 11:34:10] INFO training_time: 110.70192217826843
[2026-01-22 11:34:10] INFO inference_time: 1.5903987884521484
[2026-01-22 11:34:10] INFO ndcg@20 improved. Best value: 0.0108
[2026-01-22 11:34:10] INFO Best model checkpoint saved in saved/SASRec/noisy_10/2026-01-22-11-32-12-719374.ckpt.
[2026-01-22 11:35:06] INFO {'epoch': 2, 'toy_10_ndcg@20': tensor(0.0193), 'toy_10_recall@20': tensor(0.0411), 'ndcg@20': tensor(0.0193), 'recall@20': tensor(0.0411), 'train_loss_0': tensor(0.9969, device='cuda:0')}
[2026-01-22 11:35:06] INFO training_time: 165.656569480896
[2026-01-22 11:35:06] INFO inference_time: 2.133978843688965
[2026-01-22 11:35:06] INFO ndcg@20 improved. Best value: 0.0193
[2026-01-22 11:35:06] INFO Best model checkpoint saved in saved/SASRec/noisy_10/2026-01-22-11-32-12-719374.ckpt.
[2026-01-22 11:36:01] INFO {'epoch': 3, 'toy_10_ndcg@20': tensor(0.0231), 'toy_10_recall@20': tensor(0.0506), 'ndcg@20': tensor(0.0231), 'recall@20': tensor(0.0506), 'train_loss_0': tensor(0.8931, device='cuda:0')}
[2026-01-22 11:36:01] INFO training_time: 220.64959383010864
[2026-01-22 11:36:01] INFO inference_time: 2.737889051437378
[2026-01-22 11:36:01] INFO ndcg@20 improved. Best value: 0.0231
[2026-01-22 11:36:01] INFO Best model checkpoint saved in saved/SASRec/noisy_10/2026-01-22-11-32-12-719374.ckpt.
[2026-01-22 11:36:57] INFO {'epoch': 4, 'toy_10_ndcg@20': tensor(0.0265), 'toy_10_recall@20': tensor(0.0573), 'ndcg@20': tensor(0.0265), 'recall@20': tensor(0.0573), 'train_loss_0': tensor(0.8078, device='cuda:0')}
[2026-01-22 11:36:57] INFO training_time: 275.5761981010437
[2026-01-22 11:36:57] INFO inference_time: 3.3701014518737793
[2026-01-22 11:36:57] INFO ndcg@20 improved. Best value: 0.0265
[2026-01-22 11:36:57] INFO Best model checkpoint saved in saved/SASRec/noisy_10/2026-01-22-11-32-12-719374.ckpt.
[2026-01-22 11:37:52] INFO {'epoch': 5, 'toy_10_ndcg@20': tensor(0.0279), 'toy_10_recall@20': tensor(0.0582), 'ndcg@20': tensor(0.0279), 'recall@20': tensor(0.0582), 'train_loss_0': tensor(0.7404, device='cuda:0')}
[2026-01-22 11:37:52] INFO training_time: 330.1706199645996
[2026-01-22 11:37:52] INFO inference_time: 4.005700349807739
[2026-01-22 11:37:52] INFO ndcg@20 improved. Best value: 0.0279
[2026-01-22 11:37:52] INFO Best model checkpoint saved in saved/SASRec/noisy_10/2026-01-22-11-32-12-719374.ckpt.
[2026-01-22 11:38:48] INFO {'epoch': 6, 'toy_10_ndcg@20': tensor(0.0293), 'toy_10_recall@20': tensor(0.0622), 'ndcg@20': tensor(0.0293), 'recall@20': tensor(0.0622), 'train_loss_0': tensor(0.6896, device='cuda:0')}
[2026-01-22 11:38:48] INFO training_time: 384.9371061325073
[2026-01-22 11:38:48] INFO inference_time: 4.627132177352905
[2026-01-22 11:38:48] INFO ndcg@20 improved. Best value: 0.0293
[2026-01-22 11:38:48] INFO Best model checkpoint saved in saved/SASRec/noisy_10/2026-01-22-11-32-12-719374.ckpt.
[2026-01-22 11:39:43] INFO {'epoch': 7, 'toy_10_ndcg@20': tensor(0.0301), 'toy_10_recall@20': tensor(0.0642), 'ndcg@20': tensor(0.0301), 'recall@20': tensor(0.0642), 'train_loss_0': tensor(0.6466, device='cuda:0')}
[2026-01-22 11:39:43] INFO training_time: 439.81355237960815
[2026-01-22 11:39:43] INFO inference_time: 5.406525611877441
[2026-01-22 11:39:43] INFO ndcg@20 improved. Best value: 0.0301
[2026-01-22 11:39:43] INFO Best model checkpoint saved in saved/SASRec/noisy_10/2026-01-22-11-32-12-719374.ckpt.
[2026-01-22 11:40:39] INFO {'epoch': 8, 'toy_10_ndcg@20': tensor(0.0309), 'toy_10_recall@20': tensor(0.0643), 'ndcg@20': tensor(0.0309), 'recall@20': tensor(0.0643), 'train_loss_0': tensor(0.6156, device='cuda:0')}
[2026-01-22 11:40:39] INFO training_time: 494.6091661453247
[2026-01-22 11:40:39] INFO inference_time: 5.958186388015747
[2026-01-22 11:40:39] INFO ndcg@20 improved. Best value: 0.0309
[2026-01-22 11:40:39] INFO Best model checkpoint saved in saved/SASRec/noisy_10/2026-01-22-11-32-12-719374.ckpt.
[2026-01-22 11:41:34] INFO {'epoch': 9, 'toy_10_ndcg@20': tensor(0.0322), 'toy_10_recall@20': tensor(0.0674), 'ndcg@20': tensor(0.0322), 'recall@20': tensor(0.0674), 'train_loss_0': tensor(0.5922, device='cuda:0')}
[2026-01-22 11:41:34] INFO training_time: 549.0662176609039
[2026-01-22 11:41:34] INFO inference_time: 6.794320583343506
[2026-01-22 11:41:34] INFO ndcg@20 improved. Best value: 0.0322
[2026-01-22 11:41:34] INFO Best model checkpoint saved in saved/SASRec/noisy_10/2026-01-22-11-32-12-719374.ckpt.
[2026-01-22 11:42:30] INFO {'epoch': 10, 'toy_10_ndcg@20': tensor(0.0323), 'toy_10_recall@20': tensor(0.0668), 'ndcg@20': tensor(0.0323), 'recall@20': tensor(0.0668), 'train_loss_0': tensor(0.5720, device='cuda:0')}
[2026-01-22 11:42:30] INFO training_time: 603.758795261383
[2026-01-22 11:42:30] INFO inference_time: 8.030640840530396
[2026-01-22 11:42:30] INFO ndcg@20 improved. Best value: 0.0323
[2026-01-22 11:42:30] INFO Best model checkpoint saved in saved/SASRec/noisy_10/2026-01-22-11-32-12-719374.ckpt.
[2026-01-22 11:43:25] INFO {'epoch': 11, 'toy_10_ndcg@20': tensor(0.0331), 'toy_10_recall@20': tensor(0.0702), 'ndcg@20': tensor(0.0331), 'recall@20': tensor(0.0702), 'train_loss_0': tensor(0.5536, device='cuda:0')}
[2026-01-22 11:43:25] INFO training_time: 657.9935212135315
[2026-01-22 11:43:25] INFO inference_time: 8.552632331848145
[2026-01-22 11:43:25] INFO ndcg@20 improved. Best value: 0.0331
[2026-01-22 11:43:25] INFO Best model checkpoint saved in saved/SASRec/noisy_10/2026-01-22-11-32-12-719374.ckpt.
[2026-01-22 11:44:20] INFO {'epoch': 12, 'toy_10_ndcg@20': tensor(0.0334), 'toy_10_recall@20': tensor(0.0692), 'ndcg@20': tensor(0.0334), 'recall@20': tensor(0.0692), 'train_loss_0': tensor(0.5433, device='cuda:0')}
[2026-01-22 11:44:20] INFO training_time: 712.4706375598907
[2026-01-22 11:44:20] INFO inference_time: 9.111115217208862
[2026-01-22 11:44:20] INFO ndcg@20 improved. Best value: 0.0334
[2026-01-22 11:44:20] INFO Best model checkpoint saved in saved/SASRec/noisy_10/2026-01-22-11-32-12-719374.ckpt.
[2026-01-22 11:45:14] INFO {'epoch': 13, 'toy_10_ndcg@20': tensor(0.0340), 'toy_10_recall@20': tensor(0.0716), 'ndcg@20': tensor(0.0340), 'recall@20': tensor(0.0716), 'train_loss_0': tensor(0.5296, device='cuda:0')}
[2026-01-22 11:45:14] INFO training_time: 766.1525139808655
[2026-01-22 11:45:14] INFO inference_time: 9.741225004196167
[2026-01-22 11:45:14] INFO ndcg@20 improved. Best value: 0.0340
[2026-01-22 11:45:14] INFO Best model checkpoint saved in saved/SASRec/noisy_10/2026-01-22-11-32-12-719374.ckpt.
[2026-01-22 11:46:08] INFO {'epoch': 14, 'toy_10_ndcg@20': tensor(0.0342), 'toy_10_recall@20': tensor(0.0704), 'ndcg@20': tensor(0.0342), 'recall@20': tensor(0.0704), 'train_loss_0': tensor(0.5219, device='cuda:0')}
[2026-01-22 11:46:08] INFO training_time: 819.3837194442749
[2026-01-22 11:46:08] INFO inference_time: 10.452476978302002
[2026-01-22 11:46:08] INFO ndcg@20 improved. Best value: 0.0342
[2026-01-22 11:46:08] INFO Best model checkpoint saved in saved/SASRec/noisy_10/2026-01-22-11-32-12-719374.ckpt.
[2026-01-22 11:47:02] INFO {'epoch': 15, 'toy_10_ndcg@20': tensor(0.0344), 'toy_10_recall@20': tensor(0.0712), 'ndcg@20': tensor(0.0344), 'recall@20': tensor(0.0712), 'train_loss_0': tensor(0.5124, device='cuda:0')}
[2026-01-22 11:47:02] INFO training_time: 872.7588574886322
[2026-01-22 11:47:02] INFO inference_time: 11.050430297851562
[2026-01-22 11:47:02] INFO ndcg@20 improved. Best value: 0.0344
[2026-01-22 11:47:02] INFO Best model checkpoint saved in saved/SASRec/noisy_10/2026-01-22-11-32-12-719374.ckpt.
[2026-01-22 11:47:56] INFO {'epoch': 16, 'toy_10_ndcg@20': tensor(0.0345), 'toy_10_recall@20': tensor(0.0727), 'ndcg@20': tensor(0.0345), 'recall@20': tensor(0.0727), 'train_loss_0': tensor(0.5054, device='cuda:0')}
[2026-01-22 11:47:56] INFO training_time: 926.1449437141418
[2026-01-22 11:47:56] INFO inference_time: 11.647994041442871
[2026-01-22 11:47:56] INFO ndcg@20 improved. Best value: 0.0345
[2026-01-22 11:47:56] INFO Best model checkpoint saved in saved/SASRec/noisy_10/2026-01-22-11-32-12-719374.ckpt.
[2026-01-22 11:48:51] INFO {'epoch': 17, 'toy_10_ndcg@20': tensor(0.0344), 'toy_10_recall@20': tensor(0.0726), 'ndcg@20': tensor(0.0344), 'recall@20': tensor(0.0726), 'train_loss_0': tensor(0.4970, device='cuda:0')}
[2026-01-22 11:48:51] INFO training_time: 980.066433429718
[2026-01-22 11:48:51] INFO inference_time: 12.353548049926758
[2026-01-22 11:49:45] INFO {'epoch': 18, 'toy_10_ndcg@20': tensor(0.0343), 'toy_10_recall@20': tensor(0.0728), 'ndcg@20': tensor(0.0343), 'recall@20': tensor(0.0728), 'train_loss_0': tensor(0.4937, device='cuda:0')}
[2026-01-22 11:49:45] INFO training_time: 1033.5269963741302
[2026-01-22 11:49:45] INFO inference_time: 13.11961054801941
[2026-01-22 11:50:39] INFO {'epoch': 19, 'toy_10_ndcg@20': tensor(0.0345), 'toy_10_recall@20': tensor(0.0716), 'ndcg@20': tensor(0.0345), 'recall@20': tensor(0.0716), 'train_loss_0': tensor(0.4875, device='cuda:0')}
[2026-01-22 11:50:39] INFO training_time: 1086.7239003181458
[2026-01-22 11:50:39] INFO inference_time: 13.80539321899414
[2026-01-22 11:50:39] INFO ndcg@20 improved. Best value: 0.0345
[2026-01-22 11:50:39] INFO Best model checkpoint saved in saved/SASRec/noisy_10/2026-01-22-11-32-12-719374.ckpt.
[2026-01-22 11:51:33] INFO {'epoch': 20, 'toy_10_ndcg@20': tensor(0.0348), 'toy_10_recall@20': tensor(0.0722), 'ndcg@20': tensor(0.0348), 'recall@20': tensor(0.0722), 'train_loss_0': tensor(0.4821, device='cuda:0')}
[2026-01-22 11:51:33] INFO training_time: 1139.8201887607574
[2026-01-22 11:51:33] INFO inference_time: 14.702807664871216
[2026-01-22 11:51:33] INFO ndcg@20 improved. Best value: 0.0348
[2026-01-22 11:51:33] INFO Best model checkpoint saved in saved/SASRec/noisy_10/2026-01-22-11-32-12-719374.ckpt.
[2026-01-22 11:52:27] INFO {'epoch': 21, 'toy_10_ndcg@20': tensor(0.0349), 'toy_10_recall@20': tensor(0.0728), 'ndcg@20': tensor(0.0349), 'recall@20': tensor(0.0728), 'train_loss_0': tensor(0.4807, device='cuda:0')}
[2026-01-22 11:52:27] INFO training_time: 1193.0540099143982
[2026-01-22 11:52:27] INFO inference_time: 15.299064636230469
[2026-01-22 11:52:27] INFO ndcg@20 improved. Best value: 0.0349
[2026-01-22 11:52:27] INFO Best model checkpoint saved in saved/SASRec/noisy_10/2026-01-22-11-32-12-719374.ckpt.
[2026-01-22 11:53:20] INFO {'epoch': 22, 'toy_10_ndcg@20': tensor(0.0346), 'toy_10_recall@20': tensor(0.0727), 'ndcg@20': tensor(0.0346), 'recall@20': tensor(0.0727), 'train_loss_0': tensor(0.4734, device='cuda:0')}
[2026-01-22 11:53:20] INFO training_time: 1246.240276813507
[2026-01-22 11:53:20] INFO inference_time: 15.899011135101318
[2026-01-22 11:54:14] INFO {'epoch': 23, 'toy_10_ndcg@20': tensor(0.0352), 'toy_10_recall@20': tensor(0.0738), 'ndcg@20': tensor(0.0352), 'recall@20': tensor(0.0738), 'train_loss_0': tensor(0.4724, device='cuda:0')}
[2026-01-22 11:54:14] INFO training_time: 1299.2358314990997
[2026-01-22 11:54:14] INFO inference_time: 16.691118001937866
[2026-01-22 11:54:14] INFO ndcg@20 improved. Best value: 0.0352
[2026-01-22 11:54:14] INFO Best model checkpoint saved in saved/SASRec/noisy_10/2026-01-22-11-32-12-719374.ckpt.
[2026-01-22 11:55:08] INFO {'epoch': 24, 'toy_10_ndcg@20': tensor(0.0352), 'toy_10_recall@20': tensor(0.0726), 'ndcg@20': tensor(0.0352), 'recall@20': tensor(0.0726), 'train_loss_0': tensor(0.4677, device='cuda:0')}
[2026-01-22 11:55:08] INFO training_time: 1352.4639773368835
[2026-01-22 11:55:08] INFO inference_time: 17.373865365982056
[2026-01-22 11:55:08] INFO ndcg@20 improved. Best value: 0.0352
[2026-01-22 11:55:08] INFO Best model checkpoint saved in saved/SASRec/noisy_10/2026-01-22-11-32-12-719374.ckpt.
[2026-01-22 11:56:02] INFO {'epoch': 25, 'toy_10_ndcg@20': tensor(0.0360), 'toy_10_recall@20': tensor(0.0750), 'ndcg@20': tensor(0.0360), 'recall@20': tensor(0.0750), 'train_loss_0': tensor(0.4614, device='cuda:0')}
[2026-01-22 11:56:02] INFO training_time: 1405.3384861946106
[2026-01-22 11:56:02] INFO inference_time: 17.934266090393066
[2026-01-22 11:56:02] INFO ndcg@20 improved. Best value: 0.0360
[2026-01-22 11:56:02] INFO Best model checkpoint saved in saved/SASRec/noisy_10/2026-01-22-11-32-12-719374.ckpt.
[2026-01-22 11:56:56] INFO {'epoch': 26, 'toy_10_ndcg@20': tensor(0.0363), 'toy_10_recall@20': tensor(0.0757), 'ndcg@20': tensor(0.0363), 'recall@20': tensor(0.0757), 'train_loss_0': tensor(0.4581, device='cuda:0')}
[2026-01-22 11:56:56] INFO training_time: 1458.9350943565369
[2026-01-22 11:56:56] INFO inference_time: 18.69741988182068
[2026-01-22 11:56:56] INFO ndcg@20 improved. Best value: 0.0363
[2026-01-22 11:56:56] INFO Best model checkpoint saved in saved/SASRec/noisy_10/2026-01-22-11-32-12-719374.ckpt.
[2026-01-22 11:57:50] INFO {'epoch': 27, 'toy_10_ndcg@20': tensor(0.0359), 'toy_10_recall@20': tensor(0.0772), 'ndcg@20': tensor(0.0359), 'recall@20': tensor(0.0772), 'train_loss_0': tensor(0.4585, device='cuda:0')}
[2026-01-22 11:57:50] INFO training_time: 1512.178281545639
[2026-01-22 11:57:50] INFO inference_time: 19.365517377853394
[2026-01-22 11:58:43] INFO {'epoch': 28, 'toy_10_ndcg@20': tensor(0.0360), 'toy_10_recall@20': tensor(0.0757), 'ndcg@20': tensor(0.0360), 'recall@20': tensor(0.0757), 'train_loss_0': tensor(0.4550, device='cuda:0')}
[2026-01-22 11:58:43] INFO training_time: 1565.1353704929352
[2026-01-22 11:58:43] INFO inference_time: 19.945333242416382
[2026-01-22 11:59:37] INFO {'epoch': 29, 'toy_10_ndcg@20': tensor(0.0358), 'toy_10_recall@20': tensor(0.0750), 'ndcg@20': tensor(0.0358), 'recall@20': tensor(0.0750), 'train_loss_0': tensor(0.4531, device='cuda:0')}
[2026-01-22 11:59:37] INFO training_time: 1617.9807374477386
[2026-01-22 11:59:37] INFO inference_time: 20.611940383911133
[2026-01-22 12:00:32] INFO {'epoch': 30, 'toy_10_ndcg@20': tensor(0.0363), 'toy_10_recall@20': tensor(0.0770), 'ndcg@20': tensor(0.0363), 'recall@20': tensor(0.0770), 'train_loss_0': tensor(0.4491, device='cuda:0')}
[2026-01-22 12:00:32] INFO training_time: 1671.437246799469
[2026-01-22 12:00:32] INFO inference_time: 21.764812231063843
[2026-01-22 12:00:32] INFO ndcg@20 improved. Best value: 0.0363
[2026-01-22 12:00:32] INFO Best model checkpoint saved in saved/SASRec/noisy_10/2026-01-22-11-32-12-719374.ckpt.
[2026-01-22 12:01:26] INFO {'epoch': 31, 'toy_10_ndcg@20': tensor(0.0362), 'toy_10_recall@20': tensor(0.0762), 'ndcg@20': tensor(0.0362), 'recall@20': tensor(0.0762), 'train_loss_0': tensor(0.4479, device='cuda:0')}
[2026-01-22 12:01:26] INFO training_time: 1724.6924080848694
[2026-01-22 12:01:26] INFO inference_time: 22.4357008934021
[2026-01-22 12:02:19] INFO {'epoch': 32, 'toy_10_ndcg@20': tensor(0.0366), 'toy_10_recall@20': tensor(0.0760), 'ndcg@20': tensor(0.0366), 'recall@20': tensor(0.0760), 'train_loss_0': tensor(0.4432, device='cuda:0')}
[2026-01-22 12:02:19] INFO training_time: 1778.0819375514984
[2026-01-22 12:02:19] INFO inference_time: 22.935649394989014
[2026-01-22 12:02:19] INFO ndcg@20 improved. Best value: 0.0366
[2026-01-22 12:02:19] INFO Best model checkpoint saved in saved/SASRec/noisy_10/2026-01-22-11-32-12-719374.ckpt.
[2026-01-22 12:03:13] INFO {'epoch': 33, 'toy_10_ndcg@20': tensor(0.0361), 'toy_10_recall@20': tensor(0.0749), 'ndcg@20': tensor(0.0361), 'recall@20': tensor(0.0749), 'train_loss_0': tensor(0.4420, device='cuda:0')}
[2026-01-22 12:03:13] INFO training_time: 1831.2919731140137
[2026-01-22 12:03:13] INFO inference_time: 23.486751794815063
[2026-01-22 12:04:07] INFO {'epoch': 34, 'toy_10_ndcg@20': tensor(0.0360), 'toy_10_recall@20': tensor(0.0770), 'ndcg@20': tensor(0.0360), 'recall@20': tensor(0.0770), 'train_loss_0': tensor(0.4383, device='cuda:0')}
[2026-01-22 12:04:07] INFO training_time: 1884.3817212581635
[2026-01-22 12:04:07] INFO inference_time: 24.23661708831787
[2026-01-22 12:05:01] INFO {'epoch': 35, 'toy_10_ndcg@20': tensor(0.0366), 'toy_10_recall@20': tensor(0.0769), 'ndcg@20': tensor(0.0366), 'recall@20': tensor(0.0769), 'train_loss_0': tensor(0.4399, device='cuda:0')}
[2026-01-22 12:05:01] INFO training_time: 1937.847767829895
[2026-01-22 12:05:01] INFO inference_time: 24.946459531784058
[2026-01-22 12:05:01] INFO ndcg@20 improved. Best value: 0.0366
[2026-01-22 12:05:01] INFO Best model checkpoint saved in saved/SASRec/noisy_10/2026-01-22-11-32-12-719374.ckpt.
[2026-01-22 12:05:55] INFO {'epoch': 36, 'toy_10_ndcg@20': tensor(0.0365), 'toy_10_recall@20': tensor(0.0754), 'ndcg@20': tensor(0.0365), 'recall@20': tensor(0.0754), 'train_loss_0': tensor(0.4363, device='cuda:0')}
[2026-01-22 12:05:55] INFO training_time: 1990.6771881580353
[2026-01-22 12:05:55] INFO inference_time: 25.62879252433777
[2026-01-22 12:06:49] INFO {'epoch': 37, 'toy_10_ndcg@20': tensor(0.0367), 'toy_10_recall@20': tensor(0.0773), 'ndcg@20': tensor(0.0367), 'recall@20': tensor(0.0773), 'train_loss_0': tensor(0.4348, device='cuda:0')}
[2026-01-22 12:06:49] INFO training_time: 2043.8518211841583
[2026-01-22 12:06:49] INFO inference_time: 26.320194959640503
[2026-01-22 12:06:49] INFO ndcg@20 improved. Best value: 0.0367
[2026-01-22 12:06:49] INFO Best model checkpoint saved in saved/SASRec/noisy_10/2026-01-22-11-32-12-719374.ckpt.
[2026-01-22 12:07:43] INFO {'epoch': 38, 'toy_10_ndcg@20': tensor(0.0368), 'toy_10_recall@20': tensor(0.0778), 'ndcg@20': tensor(0.0368), 'recall@20': tensor(0.0778), 'train_loss_0': tensor(0.4329, device='cuda:0')}
[2026-01-22 12:07:43] INFO training_time: 2097.254775285721
[2026-01-22 12:07:43] INFO inference_time: 27.02851629257202
[2026-01-22 12:07:43] INFO ndcg@20 improved. Best value: 0.0368
[2026-01-22 12:07:43] INFO Best model checkpoint saved in saved/SASRec/noisy_10/2026-01-22-11-32-12-719374.ckpt.
[2026-01-22 12:08:37] INFO {'epoch': 39, 'toy_10_ndcg@20': tensor(0.0371), 'toy_10_recall@20': tensor(0.0778), 'ndcg@20': tensor(0.0371), 'recall@20': tensor(0.0778), 'train_loss_0': tensor(0.4297, device='cuda:0')}
[2026-01-22 12:08:37] INFO training_time: 2150.61456823349
[2026-01-22 12:08:37] INFO inference_time: 27.712371587753296
[2026-01-22 12:08:37] INFO ndcg@20 improved. Best value: 0.0371
[2026-01-22 12:08:37] INFO Best model checkpoint saved in saved/SASRec/noisy_10/2026-01-22-11-32-12-719374.ckpt.
[2026-01-22 12:09:31] INFO {'epoch': 40, 'toy_10_ndcg@20': tensor(0.0363), 'toy_10_recall@20': tensor(0.0769), 'ndcg@20': tensor(0.0363), 'recall@20': tensor(0.0769), 'train_loss_0': tensor(0.4284, device='cuda:0')}
[2026-01-22 12:09:31] INFO training_time: 2203.7177877426147
[2026-01-22 12:09:31] INFO inference_time: 28.751023530960083
[2026-01-22 12:10:25] INFO {'epoch': 41, 'toy_10_ndcg@20': tensor(0.0368), 'toy_10_recall@20': tensor(0.0777), 'ndcg@20': tensor(0.0368), 'recall@20': tensor(0.0777), 'train_loss_0': tensor(0.4292, device='cuda:0')}
[2026-01-22 12:10:25] INFO training_time: 2257.1637456417084
[2026-01-22 12:10:25] INFO inference_time: 29.43916606903076
[2026-01-22 12:11:19] INFO {'epoch': 42, 'toy_10_ndcg@20': tensor(0.0373), 'toy_10_recall@20': tensor(0.0783), 'ndcg@20': tensor(0.0373), 'recall@20': tensor(0.0783), 'train_loss_0': tensor(0.4251, device='cuda:0')}
[2026-01-22 12:11:19] INFO training_time: 2310.507389307022
[2026-01-22 12:11:19] INFO inference_time: 30.172868013381958
[2026-01-22 12:11:19] INFO ndcg@20 improved. Best value: 0.0373
[2026-01-22 12:11:19] INFO Best model checkpoint saved in saved/SASRec/noisy_10/2026-01-22-11-32-12-719374.ckpt.
[2026-01-22 12:12:13] INFO {'epoch': 43, 'toy_10_ndcg@20': tensor(0.0368), 'toy_10_recall@20': tensor(0.0791), 'ndcg@20': tensor(0.0368), 'recall@20': tensor(0.0791), 'train_loss_0': tensor(0.4253, device='cuda:0')}
[2026-01-22 12:12:13] INFO training_time: 2363.4067034721375
[2026-01-22 12:12:13] INFO inference_time: 31.07684302330017
[2026-01-22 12:13:07] INFO {'epoch': 44, 'toy_10_ndcg@20': tensor(0.0367), 'toy_10_recall@20': tensor(0.0776), 'ndcg@20': tensor(0.0367), 'recall@20': tensor(0.0776), 'train_loss_0': tensor(0.4207, device='cuda:0')}
[2026-01-22 12:13:07] INFO training_time: 2416.441015958786
[2026-01-22 12:13:07] INFO inference_time: 31.92551612854004
[2026-01-22 12:14:01] INFO {'epoch': 45, 'toy_10_ndcg@20': tensor(0.0372), 'toy_10_recall@20': tensor(0.0783), 'ndcg@20': tensor(0.0372), 'recall@20': tensor(0.0783), 'train_loss_0': tensor(0.4211, device='cuda:0')}
[2026-01-22 12:14:01] INFO training_time: 2470.0499291419983
[2026-01-22 12:14:01] INFO inference_time: 32.56549143791199
[2026-01-22 12:14:55] INFO {'epoch': 46, 'toy_10_ndcg@20': tensor(0.0373), 'toy_10_recall@20': tensor(0.0792), 'ndcg@20': tensor(0.0373), 'recall@20': tensor(0.0792), 'train_loss_0': tensor(0.4190, device='cuda:0')}
[2026-01-22 12:14:55] INFO training_time: 2523.4011743068695
[2026-01-22 12:14:55] INFO inference_time: 33.23167943954468
[2026-01-22 12:15:49] INFO {'epoch': 47, 'toy_10_ndcg@20': tensor(0.0375), 'toy_10_recall@20': tensor(0.0807), 'ndcg@20': tensor(0.0375), 'recall@20': tensor(0.0807), 'train_loss_0': tensor(0.4193, device='cuda:0')}
[2026-01-22 12:15:49] INFO training_time: 2576.5453820228577
[2026-01-22 12:15:49] INFO inference_time: 33.77569246292114
[2026-01-22 12:15:49] INFO ndcg@20 improved. Best value: 0.0375
[2026-01-22 12:15:49] INFO Best model checkpoint saved in saved/SASRec/noisy_10/2026-01-22-11-32-12-719374.ckpt.
[2026-01-22 12:16:43] INFO {'epoch': 48, 'toy_10_ndcg@20': tensor(0.0369), 'toy_10_recall@20': tensor(0.0790), 'ndcg@20': tensor(0.0369), 'recall@20': tensor(0.0790), 'train_loss_0': tensor(0.4154, device='cuda:0')}
[2026-01-22 12:16:43] INFO training_time: 2629.956941127777
[2026-01-22 12:16:43] INFO inference_time: 34.38496446609497
[2026-01-22 12:17:37] INFO {'epoch': 49, 'toy_10_ndcg@20': tensor(0.0376), 'toy_10_recall@20': tensor(0.0805), 'ndcg@20': tensor(0.0376), 'recall@20': tensor(0.0805), 'train_loss_0': tensor(0.4162, device='cuda:0')}
[2026-01-22 12:17:37] INFO training_time: 2683.2641339302063
[2026-01-22 12:17:37] INFO inference_time: 35.017045736312866
[2026-01-22 12:17:37] INFO ndcg@20 improved. Best value: 0.0376
[2026-01-22 12:17:37] INFO Best model checkpoint saved in saved/SASRec/noisy_10/2026-01-22-11-32-12-719374.ckpt.
[2026-01-22 12:18:31] INFO {'epoch': 50, 'toy_10_ndcg@20': tensor(0.0379), 'toy_10_recall@20': tensor(0.0801), 'ndcg@20': tensor(0.0379), 'recall@20': tensor(0.0801), 'train_loss_0': tensor(0.4134, device='cuda:0')}
[2026-01-22 12:18:31] INFO training_time: 2736.369258403778
[2026-01-22 12:18:31] INFO inference_time: 35.97291135787964
[2026-01-22 12:18:31] INFO ndcg@20 improved. Best value: 0.0379
[2026-01-22 12:18:31] INFO Best model checkpoint saved in saved/SASRec/noisy_10/2026-01-22-11-32-12-719374.ckpt.
[2026-01-22 12:19:25] INFO {'epoch': 51, 'toy_10_ndcg@20': tensor(0.0378), 'toy_10_recall@20': tensor(0.0793), 'ndcg@20': tensor(0.0378), 'recall@20': tensor(0.0793), 'train_loss_0': tensor(0.4107, device='cuda:0')}
[2026-01-22 12:19:25] INFO training_time: 2789.329059123993
[2026-01-22 12:19:25] INFO inference_time: 36.59260821342468
[2026-01-22 12:20:18] INFO {'epoch': 52, 'toy_10_ndcg@20': tensor(0.0376), 'toy_10_recall@20': tensor(0.0796), 'ndcg@20': tensor(0.0376), 'recall@20': tensor(0.0796), 'train_loss_0': tensor(0.4119, device='cuda:0')}
[2026-01-22 12:20:18] INFO training_time: 2842.414303302765
[2026-01-22 12:20:18] INFO inference_time: 37.2636935710907
[2026-01-22 12:21:12] INFO {'epoch': 53, 'toy_10_ndcg@20': tensor(0.0379), 'toy_10_recall@20': tensor(0.0804), 'ndcg@20': tensor(0.0379), 'recall@20': tensor(0.0804), 'train_loss_0': tensor(0.4130, device='cuda:0')}
[2026-01-22 12:21:12] INFO training_time: 2895.7167201042175
[2026-01-22 12:21:12] INFO inference_time: 37.85828518867493
[2026-01-22 12:22:06] INFO {'epoch': 54, 'toy_10_ndcg@20': tensor(0.0373), 'toy_10_recall@20': tensor(0.0794), 'ndcg@20': tensor(0.0373), 'recall@20': tensor(0.0794), 'train_loss_0': tensor(0.4077, device='cuda:0')}
[2026-01-22 12:22:06] INFO training_time: 2948.9548354148865
[2026-01-22 12:22:06] INFO inference_time: 38.38050317764282
[2026-01-22 12:23:00] INFO {'epoch': 55, 'toy_10_ndcg@20': tensor(0.0382), 'toy_10_recall@20': tensor(0.0810), 'ndcg@20': tensor(0.0382), 'recall@20': tensor(0.0810), 'train_loss_0': tensor(0.4075, device='cuda:0')}
[2026-01-22 12:23:00] INFO training_time: 3001.9114487171173
[2026-01-22 12:23:00] INFO inference_time: 39.022690534591675
[2026-01-22 12:23:00] INFO ndcg@20 improved. Best value: 0.0382
[2026-01-22 12:23:00] INFO Best model checkpoint saved in saved/SASRec/noisy_10/2026-01-22-11-32-12-719374.ckpt.
[2026-01-22 12:23:53] INFO {'epoch': 56, 'toy_10_ndcg@20': tensor(0.0380), 'toy_10_recall@20': tensor(0.0810), 'ndcg@20': tensor(0.0380), 'recall@20': tensor(0.0810), 'train_loss_0': tensor(0.4063, device='cuda:0')}
[2026-01-22 12:23:53] INFO training_time: 3054.619519472122
[2026-01-22 12:23:53] INFO inference_time: 39.71227741241455
[2026-01-22 12:24:47] INFO {'epoch': 57, 'toy_10_ndcg@20': tensor(0.0382), 'toy_10_recall@20': tensor(0.0825), 'ndcg@20': tensor(0.0382), 'recall@20': tensor(0.0825), 'train_loss_0': tensor(0.4072, device='cuda:0')}
[2026-01-22 12:24:47] INFO training_time: 3107.484782218933
[2026-01-22 12:24:47] INFO inference_time: 40.264267921447754
[2026-01-22 12:25:40] INFO {'epoch': 58, 'toy_10_ndcg@20': tensor(0.0374), 'toy_10_recall@20': tensor(0.0798), 'ndcg@20': tensor(0.0374), 'recall@20': tensor(0.0798), 'train_loss_0': tensor(0.4052, device='cuda:0')}
[2026-01-22 12:25:41] INFO training_time: 3160.886228322983
[2026-01-22 12:25:41] INFO inference_time: 40.772547006607056
[2026-01-22 12:26:34] INFO {'epoch': 59, 'toy_10_ndcg@20': tensor(0.0378), 'toy_10_recall@20': tensor(0.0809), 'ndcg@20': tensor(0.0378), 'recall@20': tensor(0.0809), 'train_loss_0': tensor(0.4043, device='cuda:0')}
[2026-01-22 12:26:34] INFO training_time: 3214.14208817482
[2026-01-22 12:26:34] INFO inference_time: 41.43954014778137
[2026-01-22 12:27:29] INFO {'epoch': 60, 'toy_10_ndcg@20': tensor(0.0379), 'toy_10_recall@20': tensor(0.0794), 'ndcg@20': tensor(0.0379), 'recall@20': tensor(0.0794), 'train_loss_0': tensor(0.4033, device='cuda:0')}
[2026-01-22 12:27:29] INFO training_time: 3267.486857175827
[2026-01-22 12:27:29] INFO inference_time: 42.340108156204224
[2026-01-22 12:28:23] INFO {'epoch': 61, 'toy_10_ndcg@20': tensor(0.0387), 'toy_10_recall@20': tensor(0.0808), 'ndcg@20': tensor(0.0387), 'recall@20': tensor(0.0808), 'train_loss_0': tensor(0.4051, device='cuda:0')}
[2026-01-22 12:28:23] INFO training_time: 3320.9792063236237
[2026-01-22 12:28:23] INFO inference_time: 42.98357367515564
[2026-01-22 12:28:23] INFO ndcg@20 improved. Best value: 0.0387
[2026-01-22 12:28:23] INFO Best model checkpoint saved in saved/SASRec/noisy_10/2026-01-22-11-32-12-719374.ckpt.
[2026-01-22 12:29:17] INFO {'epoch': 62, 'toy_10_ndcg@20': tensor(0.0380), 'toy_10_recall@20': tensor(0.0807), 'ndcg@20': tensor(0.0380), 'recall@20': tensor(0.0807), 'train_loss_0': tensor(0.4006, device='cuda:0')}
[2026-01-22 12:29:17] INFO training_time: 3374.029224395752
[2026-01-22 12:29:17] INFO inference_time: 43.78274941444397
[2026-01-22 12:30:10] INFO {'epoch': 63, 'toy_10_ndcg@20': tensor(0.0379), 'toy_10_recall@20': tensor(0.0815), 'ndcg@20': tensor(0.0379), 'recall@20': tensor(0.0815), 'train_loss_0': tensor(0.4002, device='cuda:0')}
[2026-01-22 12:30:10] INFO training_time: 3426.973823070526
[2026-01-22 12:30:10] INFO inference_time: 44.42378091812134
[2026-01-22 12:31:04] INFO {'epoch': 64, 'toy_10_ndcg@20': tensor(0.0377), 'toy_10_recall@20': tensor(0.0813), 'ndcg@20': tensor(0.0377), 'recall@20': tensor(0.0813), 'train_loss_0': tensor(0.3990, device='cuda:0')}
[2026-01-22 12:31:04] INFO training_time: 3479.9924023151398
[2026-01-22 12:31:04] INFO inference_time: 45.0274772644043
[2026-01-22 12:31:58] INFO {'epoch': 65, 'toy_10_ndcg@20': tensor(0.0377), 'toy_10_recall@20': tensor(0.0797), 'ndcg@20': tensor(0.0377), 'recall@20': tensor(0.0797), 'train_loss_0': tensor(0.3972, device='cuda:0')}
[2026-01-22 12:31:58] INFO training_time: 3533.196212053299
[2026-01-22 12:31:58] INFO inference_time: 45.59574222564697
[2026-01-22 12:32:52] INFO {'epoch': 66, 'toy_10_ndcg@20': tensor(0.0378), 'toy_10_recall@20': tensor(0.0798), 'ndcg@20': tensor(0.0378), 'recall@20': tensor(0.0798), 'train_loss_0': tensor(0.3981, device='cuda:0')}
[2026-01-22 12:32:52] INFO training_time: 3586.394550561905
[2026-01-22 12:32:52] INFO inference_time: 46.34973645210266
[2026-01-22 12:33:46] INFO {'epoch': 67, 'toy_10_ndcg@20': tensor(0.0373), 'toy_10_recall@20': tensor(0.0793), 'ndcg@20': tensor(0.0373), 'recall@20': tensor(0.0793), 'train_loss_0': tensor(0.3950, device='cuda:0')}
[2026-01-22 12:33:46] INFO training_time: 3639.8661947250366
[2026-01-22 12:33:46] INFO inference_time: 46.996559143066406
[2026-01-22 12:34:40] INFO {'epoch': 68, 'toy_10_ndcg@20': tensor(0.0375), 'toy_10_recall@20': tensor(0.0798), 'ndcg@20': tensor(0.0375), 'recall@20': tensor(0.0798), 'train_loss_0': tensor(0.3967, device='cuda:0')}
[2026-01-22 12:34:40] INFO training_time: 3692.930103302002
[2026-01-22 12:34:40] INFO inference_time: 47.719966650009155
[2026-01-22 12:35:34] INFO {'epoch': 69, 'toy_10_ndcg@20': tensor(0.0378), 'toy_10_recall@20': tensor(0.0793), 'ndcg@20': tensor(0.0378), 'recall@20': tensor(0.0793), 'train_loss_0': tensor(0.3933, device='cuda:0')}
[2026-01-22 12:35:34] INFO training_time: 3746.3179931640625
[2026-01-22 12:35:34] INFO inference_time: 48.451741218566895
[2026-01-22 12:36:28] INFO {'epoch': 70, 'toy_10_ndcg@20': tensor(0.0372), 'toy_10_recall@20': tensor(0.0798), 'ndcg@20': tensor(0.0372), 'recall@20': tensor(0.0798), 'train_loss_0': tensor(0.3957, device='cuda:0')}
[2026-01-22 12:36:28] INFO training_time: 3799.423901319504
[2026-01-22 12:36:28] INFO inference_time: 49.34398436546326
[2026-01-22 12:37:22] INFO {'epoch': 71, 'toy_10_ndcg@20': tensor(0.0378), 'toy_10_recall@20': tensor(0.0819), 'ndcg@20': tensor(0.0378), 'recall@20': tensor(0.0819), 'train_loss_0': tensor(0.3941, device='cuda:0')}
[2026-01-22 12:37:22] INFO training_time: 3852.807334423065
[2026-01-22 12:37:22] INFO inference_time: 50.049558877944946
[2026-01-22 12:38:16] INFO {'epoch': 72, 'toy_10_ndcg@20': tensor(0.0377), 'toy_10_recall@20': tensor(0.0807), 'ndcg@20': tensor(0.0377), 'recall@20': tensor(0.0807), 'train_loss_0': tensor(0.3922, device='cuda:0')}
[2026-01-22 12:38:16] INFO training_time: 3906.4457812309265
[2026-01-22 12:38:16] INFO inference_time: 50.79666590690613
[2026-01-22 12:39:08] INFO {'epoch': 73, 'toy_10_ndcg@20': tensor(0.0372), 'toy_10_recall@20': tensor(0.0796), 'ndcg@20': tensor(0.0372), 'recall@20': tensor(0.0796), 'train_loss_0': tensor(0.3922, device='cuda:0')}
[2026-01-22 12:39:08] INFO training_time: 3958.046196937561
[2026-01-22 12:39:08] INFO inference_time: 51.33411359786987
[2026-01-22 12:39:56] INFO {'epoch': 74, 'toy_10_ndcg@20': tensor(0.0378), 'toy_10_recall@20': tensor(0.0803), 'ndcg@20': tensor(0.0378), 'recall@20': tensor(0.0803), 'train_loss_0': tensor(0.3921, device='cuda:0')}
[2026-01-22 12:39:56] INFO training_time: 4005.114495754242
[2026-01-22 12:39:56] INFO inference_time: 51.98269724845886
[2026-01-22 12:40:43] INFO {'epoch': 75, 'toy_10_ndcg@20': tensor(0.0381), 'toy_10_recall@20': tensor(0.0821), 'ndcg@20': tensor(0.0381), 'recall@20': tensor(0.0821), 'train_loss_0': tensor(0.3905, device='cuda:0')}
[2026-01-22 12:40:43] INFO training_time: 4051.7999184131622
[2026-01-22 12:40:43] INFO inference_time: 52.67471647262573
[2026-01-22 12:41:31] INFO {'epoch': 76, 'toy_10_ndcg@20': tensor(0.0383), 'toy_10_recall@20': tensor(0.0826), 'ndcg@20': tensor(0.0383), 'recall@20': tensor(0.0826), 'train_loss_0': tensor(0.3887, device='cuda:0')}
[2026-01-22 12:41:31] INFO training_time: 4098.553346157074
[2026-01-22 12:41:31] INFO inference_time: 53.28539848327637
[2026-01-22 12:42:19] INFO {'epoch': 77, 'toy_10_ndcg@20': tensor(0.0389), 'toy_10_recall@20': tensor(0.0825), 'ndcg@20': tensor(0.0389), 'recall@20': tensor(0.0825), 'train_loss_0': tensor(0.3905, device='cuda:0')}
[2026-01-22 12:42:19] INFO training_time: 4145.721215963364
[2026-01-22 12:42:19] INFO inference_time: 53.945688247680664
[2026-01-22 12:42:19] INFO ndcg@20 improved. Best value: 0.0389
[2026-01-22 12:42:19] INFO Best model checkpoint saved in saved/SASRec/noisy_10/2026-01-22-11-32-12-719374.ckpt.
[2026-01-22 12:43:06] INFO {'epoch': 78, 'toy_10_ndcg@20': tensor(0.0382), 'toy_10_recall@20': tensor(0.0810), 'ndcg@20': tensor(0.0382), 'recall@20': tensor(0.0810), 'train_loss_0': tensor(0.3899, device='cuda:0')}
[2026-01-22 12:43:06] INFO training_time: 4192.660790681839
[2026-01-22 12:43:06] INFO inference_time: 54.60459494590759
[2026-01-22 12:43:54] INFO {'epoch': 79, 'toy_10_ndcg@20': tensor(0.0383), 'toy_10_recall@20': tensor(0.0821), 'ndcg@20': tensor(0.0383), 'recall@20': tensor(0.0821), 'train_loss_0': tensor(0.3891, device='cuda:0')}
[2026-01-22 12:43:54] INFO training_time: 4239.5604820251465
[2026-01-22 12:43:54] INFO inference_time: 55.39256763458252
[2026-01-22 12:44:42] INFO {'epoch': 80, 'toy_10_ndcg@20': tensor(0.0386), 'toy_10_recall@20': tensor(0.0814), 'ndcg@20': tensor(0.0386), 'recall@20': tensor(0.0814), 'train_loss_0': tensor(0.3862, device='cuda:0')}
[2026-01-22 12:44:42] INFO training_time: 4286.214731693268
[2026-01-22 12:44:42] INFO inference_time: 56.505964279174805
[2026-01-22 12:45:29] INFO {'epoch': 81, 'toy_10_ndcg@20': tensor(0.0382), 'toy_10_recall@20': tensor(0.0818), 'ndcg@20': tensor(0.0382), 'recall@20': tensor(0.0818), 'train_loss_0': tensor(0.3861, device='cuda:0')}
[2026-01-22 12:45:29] INFO training_time: 4333.072243928909
[2026-01-22 12:45:29] INFO inference_time: 57.08824968338013
[2026-01-22 12:46:17] INFO {'epoch': 82, 'toy_10_ndcg@20': tensor(0.0378), 'toy_10_recall@20': tensor(0.0810), 'ndcg@20': tensor(0.0378), 'recall@20': tensor(0.0810), 'train_loss_0': tensor(0.3859, device='cuda:0')}
[2026-01-22 12:46:17] INFO training_time: 4380.2711408138275
[2026-01-22 12:46:17] INFO inference_time: 57.66275095939636
[2026-01-22 12:47:04] INFO {'epoch': 83, 'toy_10_ndcg@20': tensor(0.0383), 'toy_10_recall@20': tensor(0.0820), 'ndcg@20': tensor(0.0383), 'recall@20': tensor(0.0820), 'train_loss_0': tensor(0.3853, device='cuda:0')}
[2026-01-22 12:47:04] INFO training_time: 4426.913350105286
[2026-01-22 12:47:04] INFO inference_time: 58.3634877204895
[2026-01-22 12:47:52] INFO {'epoch': 84, 'toy_10_ndcg@20': tensor(0.0385), 'toy_10_recall@20': tensor(0.0826), 'ndcg@20': tensor(0.0385), 'recall@20': tensor(0.0826), 'train_loss_0': tensor(0.3868, device='cuda:0')}
[2026-01-22 12:47:52] INFO training_time: 4473.771315097809
[2026-01-22 12:47:52] INFO inference_time: 58.941407918930054
[2026-01-22 12:48:39] INFO {'epoch': 85, 'toy_10_ndcg@20': tensor(0.0392), 'toy_10_recall@20': tensor(0.0832), 'ndcg@20': tensor(0.0392), 'recall@20': tensor(0.0832), 'train_loss_0': tensor(0.3817, device='cuda:0')}
[2026-01-22 12:48:39] INFO training_time: 4520.396749258041
[2026-01-22 12:48:39] INFO inference_time: 59.58818769454956
[2026-01-22 12:48:39] INFO ndcg@20 improved. Best value: 0.0392
[2026-01-22 12:48:39] INFO Best model checkpoint saved in saved/SASRec/noisy_10/2026-01-22-11-32-12-719374.ckpt.
[2026-01-22 12:49:27] INFO {'epoch': 86, 'toy_10_ndcg@20': tensor(0.0385), 'toy_10_recall@20': tensor(0.0826), 'ndcg@20': tensor(0.0385), 'recall@20': tensor(0.0826), 'train_loss_0': tensor(0.3846, device='cuda:0')}
[2026-01-22 12:49:27] INFO training_time: 4567.318499803543
[2026-01-22 12:49:27] INFO inference_time: 60.15858840942383
[2026-01-22 12:50:14] INFO {'epoch': 87, 'toy_10_ndcg@20': tensor(0.0388), 'toy_10_recall@20': tensor(0.0815), 'ndcg@20': tensor(0.0388), 'recall@20': tensor(0.0815), 'train_loss_0': tensor(0.3839, device='cuda:0')}
[2026-01-22 12:50:14] INFO training_time: 4614.123963356018
[2026-01-22 12:50:14] INFO inference_time: 60.702524185180664
[2026-01-22 12:51:02] INFO {'epoch': 88, 'toy_10_ndcg@20': tensor(0.0392), 'toy_10_recall@20': tensor(0.0834), 'ndcg@20': tensor(0.0392), 'recall@20': tensor(0.0834), 'train_loss_0': tensor(0.3833, device='cuda:0')}
[2026-01-22 12:51:02] INFO training_time: 4660.9230189323425
[2026-01-22 12:51:02] INFO inference_time: 61.447399377822876
[2026-01-22 12:51:49] INFO {'epoch': 89, 'toy_10_ndcg@20': tensor(0.0389), 'toy_10_recall@20': tensor(0.0831), 'ndcg@20': tensor(0.0389), 'recall@20': tensor(0.0831), 'train_loss_0': tensor(0.3804, device='cuda:0')}
[2026-01-22 12:51:49] INFO training_time: 4707.609533786774
[2026-01-22 12:51:49] INFO inference_time: 61.98792028427124
[2026-01-22 12:52:37] INFO {'epoch': 90, 'toy_10_ndcg@20': tensor(0.0390), 'toy_10_recall@20': tensor(0.0828), 'ndcg@20': tensor(0.0390), 'recall@20': tensor(0.0828), 'train_loss_0': tensor(0.3838, device='cuda:0')}
[2026-01-22 12:52:37] INFO training_time: 4754.803304433823
[2026-01-22 12:52:37] INFO inference_time: 62.75278353691101
[2026-01-22 12:53:24] INFO {'epoch': 91, 'toy_10_ndcg@20': tensor(0.0395), 'toy_10_recall@20': tensor(0.0836), 'ndcg@20': tensor(0.0395), 'recall@20': tensor(0.0836), 'train_loss_0': tensor(0.3798, device='cuda:0')}
[2026-01-22 12:53:24] INFO training_time: 4801.597430467606
[2026-01-22 12:53:24] INFO inference_time: 63.33528113365173
[2026-01-22 12:53:24] INFO ndcg@20 improved. Best value: 0.0395
[2026-01-22 12:53:24] INFO Best model checkpoint saved in saved/SASRec/noisy_10/2026-01-22-11-32-12-719374.ckpt.
[2026-01-22 12:54:12] INFO {'epoch': 92, 'toy_10_ndcg@20': tensor(0.0387), 'toy_10_recall@20': tensor(0.0835), 'ndcg@20': tensor(0.0387), 'recall@20': tensor(0.0835), 'train_loss_0': tensor(0.3814, device='cuda:0')}
[2026-01-22 12:54:12] INFO training_time: 4848.509986162186
[2026-01-22 12:54:12] INFO inference_time: 63.93559217453003
[2026-01-22 12:54:59] INFO {'epoch': 93, 'toy_10_ndcg@20': tensor(0.0385), 'toy_10_recall@20': tensor(0.0824), 'ndcg@20': tensor(0.0385), 'recall@20': tensor(0.0824), 'train_loss_0': tensor(0.3782, device='cuda:0')}
[2026-01-22 12:54:59] INFO training_time: 4895.37517118454
[2026-01-22 12:54:59] INFO inference_time: 64.45598483085632
[2026-01-22 12:55:46] INFO {'epoch': 94, 'toy_10_ndcg@20': tensor(0.0392), 'toy_10_recall@20': tensor(0.0835), 'ndcg@20': tensor(0.0392), 'recall@20': tensor(0.0835), 'train_loss_0': tensor(0.3776, device='cuda:0')}
[2026-01-22 12:55:47] INFO training_time: 4942.119253873825
[2026-01-22 12:55:47] INFO inference_time: 65.15249562263489
[2026-01-22 12:56:34] INFO {'epoch': 95, 'toy_10_ndcg@20': tensor(0.0381), 'toy_10_recall@20': tensor(0.0822), 'ndcg@20': tensor(0.0381), 'recall@20': tensor(0.0822), 'train_loss_0': tensor(0.3761, device='cuda:0')}
[2026-01-22 12:56:34] INFO training_time: 4989.137700796127
[2026-01-22 12:56:34] INFO inference_time: 66.00781059265137
[2026-01-22 12:57:22] INFO {'epoch': 96, 'toy_10_ndcg@20': tensor(0.0390), 'toy_10_recall@20': tensor(0.0818), 'ndcg@20': tensor(0.0390), 'recall@20': tensor(0.0818), 'train_loss_0': tensor(0.3799, device='cuda:0')}
[2026-01-22 12:57:22] INFO training_time: 5036.027446985245
[2026-01-22 12:57:22] INFO inference_time: 66.67815566062927
[2026-01-22 12:58:09] INFO {'epoch': 97, 'toy_10_ndcg@20': tensor(0.0385), 'toy_10_recall@20': tensor(0.0818), 'ndcg@20': tensor(0.0385), 'recall@20': tensor(0.0818), 'train_loss_0': tensor(0.3796, device='cuda:0')}
[2026-01-22 12:58:09] INFO training_time: 5082.610110044479
[2026-01-22 12:58:09] INFO inference_time: 67.2567048072815
[2026-01-22 12:58:56] INFO {'epoch': 98, 'toy_10_ndcg@20': tensor(0.0386), 'toy_10_recall@20': tensor(0.0817), 'ndcg@20': tensor(0.0386), 'recall@20': tensor(0.0817), 'train_loss_0': tensor(0.3783, device='cuda:0')}
[2026-01-22 12:58:56] INFO training_time: 5129.328632354736
[2026-01-22 12:58:56] INFO inference_time: 67.75352907180786
[2026-01-22 12:59:44] INFO {'epoch': 99, 'toy_10_ndcg@20': tensor(0.0392), 'toy_10_recall@20': tensor(0.0837), 'ndcg@20': tensor(0.0392), 'recall@20': tensor(0.0837), 'train_loss_0': tensor(0.3754, device='cuda:0')}
[2026-01-22 12:59:44] INFO training_time: 5176.19998383522
[2026-01-22 12:59:44] INFO inference_time: 68.50586819648743
[2026-01-22 13:00:31] INFO {'epoch': 100, 'toy_10_ndcg@20': tensor(0.0383), 'toy_10_recall@20': tensor(0.0818), 'ndcg@20': tensor(0.0383), 'recall@20': tensor(0.0818), 'train_loss_0': tensor(0.3778, device='cuda:0')}
[2026-01-22 13:00:31] INFO training_time: 5222.513029098511
[2026-01-22 13:00:31] INFO inference_time: 69.45278573036194
[2026-01-22 13:01:18] INFO {'epoch': 101, 'toy_10_ndcg@20': tensor(0.0391), 'toy_10_recall@20': tensor(0.0827), 'ndcg@20': tensor(0.0391), 'recall@20': tensor(0.0827), 'train_loss_0': tensor(0.3777, device='cuda:0')}
[2026-01-22 13:01:18] INFO training_time: 5268.089122772217
[2026-01-22 13:01:18] INFO inference_time: 70.1325147151947
[2026-01-22 13:01:59] INFO {'epoch': 102, 'toy_10_ndcg@20': tensor(0.0396), 'toy_10_recall@20': tensor(0.0835), 'ndcg@20': tensor(0.0396), 'recall@20': tensor(0.0835), 'train_loss_0': tensor(0.3757, device='cuda:0')}
[2026-01-22 13:01:59] INFO training_time: 5308.8432970047
[2026-01-22 13:01:59] INFO inference_time: 70.66855359077454
[2026-01-22 13:01:59] INFO ndcg@20 improved. Best value: 0.0396
[2026-01-22 13:01:59] INFO Best model checkpoint saved in saved/SASRec/noisy_10/2026-01-22-11-32-12-719374.ckpt.
[2026-01-22 13:02:41] INFO {'epoch': 103, 'toy_10_ndcg@20': tensor(0.0392), 'toy_10_recall@20': tensor(0.0835), 'ndcg@20': tensor(0.0392), 'recall@20': tensor(0.0835), 'train_loss_0': tensor(0.3734, device='cuda:0')}
[2026-01-22 13:02:41] INFO training_time: 5349.873536348343
[2026-01-22 13:02:41] INFO inference_time: 71.32380056381226
[2026-01-22 13:03:22] INFO {'epoch': 104, 'toy_10_ndcg@20': tensor(0.0397), 'toy_10_recall@20': tensor(0.0840), 'ndcg@20': tensor(0.0397), 'recall@20': tensor(0.0840), 'train_loss_0': tensor(0.3736, device='cuda:0')}
[2026-01-22 13:03:22] INFO training_time: 5390.852371931076
[2026-01-22 13:03:22] INFO inference_time: 71.94237446784973
[2026-01-22 13:03:22] INFO ndcg@20 improved. Best value: 0.0397
[2026-01-22 13:03:22] INFO Best model checkpoint saved in saved/SASRec/noisy_10/2026-01-22-11-32-12-719374.ckpt.
[2026-01-22 13:04:04] INFO {'epoch': 105, 'toy_10_ndcg@20': tensor(0.0400), 'toy_10_recall@20': tensor(0.0836), 'ndcg@20': tensor(0.0400), 'recall@20': tensor(0.0836), 'train_loss_0': tensor(0.3717, device='cuda:0')}
[2026-01-22 13:04:04] INFO training_time: 5431.93653678894
[2026-01-22 13:04:04] INFO inference_time: 72.48334193229675
[2026-01-22 13:04:04] INFO ndcg@20 improved. Best value: 0.0400
[2026-01-22 13:04:04] INFO Best model checkpoint saved in saved/SASRec/noisy_10/2026-01-22-11-32-12-719374.ckpt.
[2026-01-22 13:04:45] INFO {'epoch': 106, 'toy_10_ndcg@20': tensor(0.0391), 'toy_10_recall@20': tensor(0.0830), 'ndcg@20': tensor(0.0391), 'recall@20': tensor(0.0830), 'train_loss_0': tensor(0.3701, device='cuda:0')}
[2026-01-22 13:04:45] INFO training_time: 5473.001112937927
[2026-01-22 13:04:45] INFO inference_time: 73.07926630973816
[2026-01-22 13:05:27] INFO {'epoch': 107, 'toy_10_ndcg@20': tensor(0.0392), 'toy_10_recall@20': tensor(0.0826), 'ndcg@20': tensor(0.0392), 'recall@20': tensor(0.0826), 'train_loss_0': tensor(0.3714, device='cuda:0')}
[2026-01-22 13:05:27] INFO training_time: 5514.252240657806
[2026-01-22 13:05:27] INFO inference_time: 73.60293483734131
[2026-01-22 13:06:09] INFO {'epoch': 108, 'toy_10_ndcg@20': tensor(0.0389), 'toy_10_recall@20': tensor(0.0823), 'ndcg@20': tensor(0.0389), 'recall@20': tensor(0.0823), 'train_loss_0': tensor(0.3722, device='cuda:0')}
[2026-01-22 13:06:09] INFO training_time: 5555.449687004089
[2026-01-22 13:06:09] INFO inference_time: 74.25082349777222
[2026-01-22 13:06:51] INFO {'epoch': 109, 'toy_10_ndcg@20': tensor(0.0402), 'toy_10_recall@20': tensor(0.0846), 'ndcg@20': tensor(0.0402), 'recall@20': tensor(0.0846), 'train_loss_0': tensor(0.3706, device='cuda:0')}
[2026-01-22 13:06:51] INFO training_time: 5596.948610544205
[2026-01-22 13:06:51] INFO inference_time: 74.79901957511902
[2026-01-22 13:06:51] INFO ndcg@20 improved. Best value: 0.0402
[2026-01-22 13:06:51] INFO Best model checkpoint saved in saved/SASRec/noisy_10/2026-01-22-11-32-12-719374.ckpt.
[2026-01-22 13:07:33] INFO {'epoch': 110, 'toy_10_ndcg@20': tensor(0.0389), 'toy_10_recall@20': tensor(0.0830), 'ndcg@20': tensor(0.0389), 'recall@20': tensor(0.0830), 'train_loss_0': tensor(0.3702, device='cuda:0')}
[2026-01-22 13:07:33] INFO training_time: 5638.253284692764
[2026-01-22 13:07:33] INFO inference_time: 75.57228755950928
[2026-01-22 13:08:15] INFO {'epoch': 111, 'toy_10_ndcg@20': tensor(0.0397), 'toy_10_recall@20': tensor(0.0837), 'ndcg@20': tensor(0.0397), 'recall@20': tensor(0.0837), 'train_loss_0': tensor(0.3694, device='cuda:0')}
[2026-01-22 13:08:15] INFO training_time: 5679.761190414429
[2026-01-22 13:08:15] INFO inference_time: 76.1867196559906
[2026-01-22 13:08:58] INFO {'epoch': 112, 'toy_10_ndcg@20': tensor(0.0392), 'toy_10_recall@20': tensor(0.0838), 'ndcg@20': tensor(0.0392), 'recall@20': tensor(0.0838), 'train_loss_0': tensor(0.3726, device='cuda:0')}
[2026-01-22 13:08:58] INFO training_time: 5721.141346216202
[2026-01-22 13:08:58] INFO inference_time: 76.97692155838013
[2026-01-22 13:09:40] INFO {'epoch': 113, 'toy_10_ndcg@20': tensor(0.0396), 'toy_10_recall@20': tensor(0.0844), 'ndcg@20': tensor(0.0396), 'recall@20': tensor(0.0844), 'train_loss_0': tensor(0.3697, device='cuda:0')}
[2026-01-22 13:09:40] INFO training_time: 5763.039152145386
[2026-01-22 13:09:40] INFO inference_time: 77.68735527992249
[2026-01-22 13:10:22] INFO {'epoch': 114, 'toy_10_ndcg@20': tensor(0.0400), 'toy_10_recall@20': tensor(0.0850), 'ndcg@20': tensor(0.0400), 'recall@20': tensor(0.0850), 'train_loss_0': tensor(0.3708, device='cuda:0')}
[2026-01-22 13:10:22] INFO training_time: 5804.426339149475
[2026-01-22 13:10:22] INFO inference_time: 78.34403705596924
[2026-01-22 13:11:04] INFO {'epoch': 115, 'toy_10_ndcg@20': tensor(0.0394), 'toy_10_recall@20': tensor(0.0827), 'ndcg@20': tensor(0.0394), 'recall@20': tensor(0.0827), 'train_loss_0': tensor(0.3689, device='cuda:0')}
[2026-01-22 13:11:04] INFO training_time: 5845.918996095657
[2026-01-22 13:11:04] INFO inference_time: 78.8677270412445
[2026-01-22 13:11:46] INFO {'epoch': 116, 'toy_10_ndcg@20': tensor(0.0397), 'toy_10_recall@20': tensor(0.0839), 'ndcg@20': tensor(0.0397), 'recall@20': tensor(0.0839), 'train_loss_0': tensor(0.3681, device='cuda:0')}
[2026-01-22 13:11:46] INFO training_time: 5887.462587118149
[2026-01-22 13:11:46] INFO inference_time: 79.51080703735352
[2026-01-22 13:12:28] INFO {'epoch': 117, 'toy_10_ndcg@20': tensor(0.0396), 'toy_10_recall@20': tensor(0.0840), 'ndcg@20': tensor(0.0396), 'recall@20': tensor(0.0840), 'train_loss_0': tensor(0.3708, device='cuda:0')}
[2026-01-22 13:12:28] INFO training_time: 5928.759099721909
[2026-01-22 13:12:28] INFO inference_time: 80.1823935508728
[2026-01-22 13:13:05] INFO {'epoch': 118, 'toy_10_ndcg@20': tensor(0.0392), 'toy_10_recall@20': tensor(0.0822), 'ndcg@20': tensor(0.0392), 'recall@20': tensor(0.0822), 'train_loss_0': tensor(0.3694, device='cuda:0')}
[2026-01-22 13:13:05] INFO training_time: 5964.513779878616
[2026-01-22 13:13:05] INFO inference_time: 80.70834374427795
[2026-01-22 13:13:41] INFO {'epoch': 119, 'toy_10_ndcg@20': tensor(0.0394), 'toy_10_recall@20': tensor(0.0829), 'ndcg@20': tensor(0.0394), 'recall@20': tensor(0.0829), 'train_loss_0': tensor(0.3675, device='cuda:0')}
[2026-01-22 13:13:41] INFO training_time: 6000.168362855911
[2026-01-22 13:13:41] INFO inference_time: 81.26392722129822
[2026-01-22 13:14:18] INFO {'epoch': 120, 'toy_10_ndcg@20': tensor(0.0393), 'toy_10_recall@20': tensor(0.0839), 'ndcg@20': tensor(0.0393), 'recall@20': tensor(0.0839), 'train_loss_0': tensor(0.3633, device='cuda:0')}
[2026-01-22 13:14:18] INFO training_time: 6036.339221954346
[2026-01-22 13:14:18] INFO inference_time: 81.98136615753174
[2026-01-22 13:14:53] INFO {'epoch': 121, 'toy_10_ndcg@20': tensor(0.0402), 'toy_10_recall@20': tensor(0.0841), 'ndcg@20': tensor(0.0402), 'recall@20': tensor(0.0841), 'train_loss_0': tensor(0.3665, device='cuda:0')}
[2026-01-22 13:14:53] INFO training_time: 6070.916485786438
[2026-01-22 13:14:53] INFO inference_time: 82.79562568664551
[2026-01-22 13:15:24] INFO {'epoch': 122, 'toy_10_ndcg@20': tensor(0.0402), 'toy_10_recall@20': tensor(0.0850), 'ndcg@20': tensor(0.0402), 'recall@20': tensor(0.0850), 'train_loss_0': tensor(0.3680, device='cuda:0')}
[2026-01-22 13:15:24] INFO training_time: 6101.3383955955505
[2026-01-22 13:15:24] INFO inference_time: 83.30221652984619
[2026-01-22 13:15:55] INFO {'epoch': 123, 'toy_10_ndcg@20': tensor(0.0398), 'toy_10_recall@20': tensor(0.0839), 'ndcg@20': tensor(0.0398), 'recall@20': tensor(0.0839), 'train_loss_0': tensor(0.3661, device='cuda:0')}
[2026-01-22 13:15:55] INFO training_time: 6131.836510658264
[2026-01-22 13:15:55] INFO inference_time: 83.88145565986633
[2026-01-22 13:16:26] INFO {'epoch': 124, 'toy_10_ndcg@20': tensor(0.0400), 'toy_10_recall@20': tensor(0.0836), 'ndcg@20': tensor(0.0400), 'recall@20': tensor(0.0836), 'train_loss_0': tensor(0.3669, device='cuda:0')}
[2026-01-22 13:16:26] INFO training_time: 6162.309291124344
[2026-01-22 13:16:26] INFO inference_time: 84.44260454177856
[2026-01-22 13:16:58] INFO {'epoch': 125, 'toy_10_ndcg@20': tensor(0.0399), 'toy_10_recall@20': tensor(0.0842), 'ndcg@20': tensor(0.0399), 'recall@20': tensor(0.0842), 'train_loss_0': tensor(0.3648, device='cuda:0')}
[2026-01-22 13:16:58] INFO training_time: 6193.105437278748
[2026-01-22 13:16:58] INFO inference_time: 84.89845561981201
[2026-01-22 13:17:28] INFO {'epoch': 126, 'toy_10_ndcg@20': tensor(0.0396), 'toy_10_recall@20': tensor(0.0843), 'ndcg@20': tensor(0.0396), 'recall@20': tensor(0.0843), 'train_loss_0': tensor(0.3649, device='cuda:0')}
[2026-01-22 13:17:29] INFO training_time: 6223.518854379654
[2026-01-22 13:17:29] INFO inference_time: 85.45242071151733
[2026-01-22 13:17:59] INFO {'epoch': 127, 'toy_10_ndcg@20': tensor(0.0389), 'toy_10_recall@20': tensor(0.0830), 'ndcg@20': tensor(0.0389), 'recall@20': tensor(0.0830), 'train_loss_0': tensor(0.3623, device='cuda:0')}
[2026-01-22 13:17:59] INFO training_time: 6253.727936029434
[2026-01-22 13:17:59] INFO inference_time: 85.97164225578308
[2026-01-22 13:18:31] INFO {'epoch': 128, 'toy_10_ndcg@20': tensor(0.0396), 'toy_10_recall@20': tensor(0.0852), 'ndcg@20': tensor(0.0396), 'recall@20': tensor(0.0852), 'train_loss_0': tensor(0.3661, device='cuda:0')}
[2026-01-22 13:18:31] INFO training_time: 6284.468229293823
[2026-01-22 13:18:31] INFO inference_time: 86.73076248168945
[2026-01-22 13:19:02] INFO {'epoch': 129, 'toy_10_ndcg@20': tensor(0.0393), 'toy_10_recall@20': tensor(0.0840), 'ndcg@20': tensor(0.0393), 'recall@20': tensor(0.0840), 'train_loss_0': tensor(0.3647, device='cuda:0')}
[2026-01-22 13:19:02] INFO training_time: 6315.346724033356
[2026-01-22 13:19:02] INFO inference_time: 87.20895218849182
[2026-01-22 13:19:02] INFO Early stopped. Since the metric ndcg@20 haven't been improved for 20 epochs.
[2026-01-22 13:19:02] INFO The best score of ndcg@20 is 0.0402 on epoch 109
[2026-01-22 13:19:02] INFO Best model checkpoint saved in saved/SASRec/noisy_10/2026-01-22-11-32-12-719374.ckpt.
[2026-01-22 13:19:03] INFO defaultdict(<class 'float'>, {'toy_10_ndcg@20': tensor(0.0333), 'toy_10_recall@20': tensor(0.0701), 'toy_10_ndcg@10': tensor(0.0282), 'toy_10_recall@10': tensor(0.0496), 'ndcg@20': tensor(0.0333), 'recall@20': tensor(0.0701), 'ndcg@10': tensor(0.0282), 'recall@10': tensor(0.0496)})
