[2026-01-22 08:35:15] INFO PID of this process: 1660111
[2026-01-22 08:35:21] INFO {'model': {'embed_dim': 64, 'loss_fn': 'bce', 'hidden_size': 128, 'layer_num': 2, 'head_num': 2, 'dropout_rate': 0.5, 'activation': 'gelu', 'layer_norm_eps': 1e-12, 'model': 'SASRec'}, 'data': {'domain_name_list': ['toy_10'], 'user_threshold': 5, 'item_threshold': 5, 'max_seq_len': 50, 'dataset_class': 'general', 'train_file': '_regen', 'dataset': 'noisy_10'}, 'train': {'batch_size': 256, 'early_stop_mode': 'max', 'early_stop_patience': 20, 'epochs': 1000, 'device': 'cuda', 'optimizer': 'adam', 'learning_rate': 0.001, 'weight_decay': 0, 'num_neg': 1, 'seed': 2026}, 'eval': {'batch_size': 2048, 'cutoff': [20, 10], 'val_metrics': ['ndcg', 'recall'], 'test_metrics': ['ndcg', 'recall'], 'topk': 100, 'save_path': './saved/'}}
[2026-01-22 08:35:21] INFO <data.dataset.SeparateDataset object at 0x7f0cfc4811f0>
[2026-01-22 08:35:21] INFO save_dir:saved
[2026-01-22 08:35:22] INFO SASRec(
  (item_embedding): Embedding(11925, 64, padding_idx=0)
  (query_encoder): SASRecQueryEncoder(
    (item_encoder): Embedding(11925, 64, padding_idx=0)
    (position_emb): Embedding(50, 64)
    (transformer_layer): TransformerEncoder(
      (layers): ModuleList(
        (0): TransformerEncoderLayer(
          (self_attn): MultiheadAttention(
            (out_proj): NonDynamicallyQuantizableLinear(in_features=64, out_features=64, bias=True)
          )
          (linear1): Linear(in_features=64, out_features=128, bias=True)
          (dropout): Dropout(p=0.5, inplace=False)
          (linear2): Linear(in_features=128, out_features=64, bias=True)
          (norm1): LayerNorm((64,), eps=1e-12, elementwise_affine=True)
          (norm2): LayerNorm((64,), eps=1e-12, elementwise_affine=True)
          (dropout1): Dropout(p=0.5, inplace=False)
          (dropout2): Dropout(p=0.5, inplace=False)
        )
        (1): TransformerEncoderLayer(
          (self_attn): MultiheadAttention(
            (out_proj): NonDynamicallyQuantizableLinear(in_features=64, out_features=64, bias=True)
          )
          (linear1): Linear(in_features=64, out_features=128, bias=True)
          (dropout): Dropout(p=0.5, inplace=False)
          (linear2): Linear(in_features=128, out_features=64, bias=True)
          (norm1): LayerNorm((64,), eps=1e-12, elementwise_affine=True)
          (norm2): LayerNorm((64,), eps=1e-12, elementwise_affine=True)
          (dropout1): Dropout(p=0.5, inplace=False)
          (dropout2): Dropout(p=0.5, inplace=False)
        )
      )
    )
    (dropout): Dropout(p=0.5, inplace=False)
    (training_pooling_layer): SeqPoolingLayer()
    (eval_pooling_layer): SeqPoolingLayer()
  )
  (loss_fn): BinaryCrossEntropyLoss()
)
[2026-01-22 08:36:12] INFO {'epoch': 0, 'toy_10_ndcg@20': tensor(0.0067), 'toy_10_recall@20': tensor(0.0167), 'ndcg@20': tensor(0.0067), 'recall@20': tensor(0.0167), 'train_loss_0': tensor(1.2708, device='cuda:0')}
[2026-01-22 08:36:12] INFO training_time: 49.78433036804199
[2026-01-22 08:36:12] INFO inference_time: 1.0821185111999512
[2026-01-22 08:36:12] INFO ndcg@20 improved. Best value: 0.0067
[2026-01-22 08:36:12] INFO Best model checkpoint saved in saved/SASRec/noisy_10/2026-01-22-08-35-15-485268.ckpt.
[2026-01-22 08:37:02] INFO {'epoch': 1, 'toy_10_ndcg@20': tensor(0.0108), 'toy_10_recall@20': tensor(0.0253), 'ndcg@20': tensor(0.0108), 'recall@20': tensor(0.0253), 'train_loss_0': tensor(1.1204, device='cuda:0')}
[2026-01-22 08:37:02] INFO training_time: 98.29344272613525
[2026-01-22 08:37:02] INFO inference_time: 1.7341761589050293
[2026-01-22 08:37:02] INFO ndcg@20 improved. Best value: 0.0108
[2026-01-22 08:37:02] INFO Best model checkpoint saved in saved/SASRec/noisy_10/2026-01-22-08-35-15-485268.ckpt.
[2026-01-22 08:37:51] INFO {'epoch': 2, 'toy_10_ndcg@20': tensor(0.0184), 'toy_10_recall@20': tensor(0.0409), 'ndcg@20': tensor(0.0184), 'recall@20': tensor(0.0409), 'train_loss_0': tensor(0.9967, device='cuda:0')}
[2026-01-22 08:37:51] INFO training_time: 146.80388760566711
[2026-01-22 08:37:51] INFO inference_time: 2.4334161281585693
[2026-01-22 08:37:51] INFO ndcg@20 improved. Best value: 0.0184
[2026-01-22 08:37:51] INFO Best model checkpoint saved in saved/SASRec/noisy_10/2026-01-22-08-35-15-485268.ckpt.
[2026-01-22 08:38:40] INFO {'epoch': 3, 'toy_10_ndcg@20': tensor(0.0228), 'toy_10_recall@20': tensor(0.0497), 'ndcg@20': tensor(0.0228), 'recall@20': tensor(0.0497), 'train_loss_0': tensor(0.8918, device='cuda:0')}
[2026-01-22 08:38:40] INFO training_time: 195.62993383407593
[2026-01-22 08:38:40] INFO inference_time: 3.0963447093963623
[2026-01-22 08:38:40] INFO ndcg@20 improved. Best value: 0.0228
[2026-01-22 08:38:40] INFO Best model checkpoint saved in saved/SASRec/noisy_10/2026-01-22-08-35-15-485268.ckpt.
[2026-01-22 08:39:29] INFO {'epoch': 4, 'toy_10_ndcg@20': tensor(0.0257), 'toy_10_recall@20': tensor(0.0562), 'ndcg@20': tensor(0.0257), 'recall@20': tensor(0.0562), 'train_loss_0': tensor(0.8072, device='cuda:0')}
[2026-01-22 08:39:29] INFO training_time: 243.96678709983826
[2026-01-22 08:39:29] INFO inference_time: 3.7119996547698975
[2026-01-22 08:39:29] INFO ndcg@20 improved. Best value: 0.0257
[2026-01-22 08:39:29] INFO Best model checkpoint saved in saved/SASRec/noisy_10/2026-01-22-08-35-15-485268.ckpt.
[2026-01-22 08:40:18] INFO {'epoch': 5, 'toy_10_ndcg@20': tensor(0.0271), 'toy_10_recall@20': tensor(0.0592), 'ndcg@20': tensor(0.0271), 'recall@20': tensor(0.0592), 'train_loss_0': tensor(0.7431, device='cuda:0')}
[2026-01-22 08:40:18] INFO training_time: 292.22729444503784
[2026-01-22 08:40:18] INFO inference_time: 4.445271253585815
[2026-01-22 08:40:18] INFO ndcg@20 improved. Best value: 0.0271
[2026-01-22 08:40:18] INFO Best model checkpoint saved in saved/SASRec/noisy_10/2026-01-22-08-35-15-485268.ckpt.
[2026-01-22 08:41:07] INFO {'epoch': 6, 'toy_10_ndcg@20': tensor(0.0288), 'toy_10_recall@20': tensor(0.0617), 'ndcg@20': tensor(0.0288), 'recall@20': tensor(0.0617), 'train_loss_0': tensor(0.6902, device='cuda:0')}
[2026-01-22 08:41:07] INFO training_time: 340.7489151954651
[2026-01-22 08:41:07] INFO inference_time: 4.999328136444092
[2026-01-22 08:41:07] INFO ndcg@20 improved. Best value: 0.0288
[2026-01-22 08:41:07] INFO Best model checkpoint saved in saved/SASRec/noisy_10/2026-01-22-08-35-15-485268.ckpt.
[2026-01-22 08:41:57] INFO {'epoch': 7, 'toy_10_ndcg@20': tensor(0.0304), 'toy_10_recall@20': tensor(0.0635), 'ndcg@20': tensor(0.0304), 'recall@20': tensor(0.0635), 'train_loss_0': tensor(0.6495, device='cuda:0')}
[2026-01-22 08:41:57] INFO training_time: 389.183381319046
[2026-01-22 08:41:57] INFO inference_time: 5.783186197280884
[2026-01-22 08:41:57] INFO ndcg@20 improved. Best value: 0.0304
[2026-01-22 08:41:57] INFO Best model checkpoint saved in saved/SASRec/noisy_10/2026-01-22-08-35-15-485268.ckpt.
[2026-01-22 08:42:46] INFO {'epoch': 8, 'toy_10_ndcg@20': tensor(0.0305), 'toy_10_recall@20': tensor(0.0650), 'ndcg@20': tensor(0.0305), 'recall@20': tensor(0.0650), 'train_loss_0': tensor(0.6219, device='cuda:0')}
[2026-01-22 08:42:46] INFO training_time: 437.71506929397583
[2026-01-22 08:42:46] INFO inference_time: 6.534591436386108
[2026-01-22 08:42:46] INFO ndcg@20 improved. Best value: 0.0305
[2026-01-22 08:42:46] INFO Best model checkpoint saved in saved/SASRec/noisy_10/2026-01-22-08-35-15-485268.ckpt.
[2026-01-22 08:43:35] INFO {'epoch': 9, 'toy_10_ndcg@20': tensor(0.0315), 'toy_10_recall@20': tensor(0.0673), 'ndcg@20': tensor(0.0315), 'recall@20': tensor(0.0673), 'train_loss_0': tensor(0.5924, device='cuda:0')}
[2026-01-22 08:43:35] INFO training_time: 486.22015166282654
[2026-01-22 08:43:35] INFO inference_time: 7.342644214630127
[2026-01-22 08:43:35] INFO ndcg@20 improved. Best value: 0.0315
[2026-01-22 08:43:35] INFO Best model checkpoint saved in saved/SASRec/noisy_10/2026-01-22-08-35-15-485268.ckpt.
[2026-01-22 08:44:25] INFO {'epoch': 10, 'toy_10_ndcg@20': tensor(0.0314), 'toy_10_recall@20': tensor(0.0669), 'ndcg@20': tensor(0.0314), 'recall@20': tensor(0.0669), 'train_loss_0': tensor(0.5720, device='cuda:0')}
[2026-01-22 08:44:25] INFO training_time: 534.5682082176208
[2026-01-22 08:44:25] INFO inference_time: 8.490326404571533
[2026-01-22 08:45:14] INFO {'epoch': 11, 'toy_10_ndcg@20': tensor(0.0323), 'toy_10_recall@20': tensor(0.0694), 'ndcg@20': tensor(0.0323), 'recall@20': tensor(0.0694), 'train_loss_0': tensor(0.5597, device='cuda:0')}
[2026-01-22 08:45:14] INFO training_time: 582.6330056190491
[2026-01-22 08:45:14] INFO inference_time: 9.265635967254639
[2026-01-22 08:45:14] INFO ndcg@20 improved. Best value: 0.0323
[2026-01-22 08:45:14] INFO Best model checkpoint saved in saved/SASRec/noisy_10/2026-01-22-08-35-15-485268.ckpt.
[2026-01-22 08:46:03] INFO {'epoch': 12, 'toy_10_ndcg@20': tensor(0.0334), 'toy_10_recall@20': tensor(0.0702), 'ndcg@20': tensor(0.0334), 'recall@20': tensor(0.0702), 'train_loss_0': tensor(0.5477, device='cuda:0')}
[2026-01-22 08:46:03] INFO training_time: 631.054402589798
[2026-01-22 08:46:03] INFO inference_time: 10.073323488235474
[2026-01-22 08:46:03] INFO ndcg@20 improved. Best value: 0.0334
[2026-01-22 08:46:03] INFO Best model checkpoint saved in saved/SASRec/noisy_10/2026-01-22-08-35-15-485268.ckpt.
[2026-01-22 08:46:52] INFO {'epoch': 13, 'toy_10_ndcg@20': tensor(0.0335), 'toy_10_recall@20': tensor(0.0705), 'ndcg@20': tensor(0.0335), 'recall@20': tensor(0.0705), 'train_loss_0': tensor(0.5320, device='cuda:0')}
[2026-01-22 08:46:52] INFO training_time: 679.3093655109406
[2026-01-22 08:46:52] INFO inference_time: 10.708555698394775
[2026-01-22 08:46:52] INFO ndcg@20 improved. Best value: 0.0335
[2026-01-22 08:46:52] INFO Best model checkpoint saved in saved/SASRec/noisy_10/2026-01-22-08-35-15-485268.ckpt.
[2026-01-22 08:47:40] INFO {'epoch': 14, 'toy_10_ndcg@20': tensor(0.0332), 'toy_10_recall@20': tensor(0.0699), 'ndcg@20': tensor(0.0332), 'recall@20': tensor(0.0699), 'train_loss_0': tensor(0.5235, device='cuda:0')}
[2026-01-22 08:47:40] INFO training_time: 727.3388724327087
[2026-01-22 08:47:40] INFO inference_time: 11.252535343170166
[2026-01-22 08:48:29] INFO {'epoch': 15, 'toy_10_ndcg@20': tensor(0.0337), 'toy_10_recall@20': tensor(0.0727), 'ndcg@20': tensor(0.0337), 'recall@20': tensor(0.0727), 'train_loss_0': tensor(0.5160, device='cuda:0')}
[2026-01-22 08:48:29] INFO training_time: 775.4100575447083
[2026-01-22 08:48:29] INFO inference_time: 12.031697034835815
[2026-01-22 08:48:29] INFO ndcg@20 improved. Best value: 0.0337
[2026-01-22 08:48:29] INFO Best model checkpoint saved in saved/SASRec/noisy_10/2026-01-22-08-35-15-485268.ckpt.
[2026-01-22 08:49:18] INFO {'epoch': 16, 'toy_10_ndcg@20': tensor(0.0340), 'toy_10_recall@20': tensor(0.0726), 'ndcg@20': tensor(0.0340), 'recall@20': tensor(0.0726), 'train_loss_0': tensor(0.5069, device='cuda:0')}
[2026-01-22 08:49:18] INFO training_time: 823.1206893920898
[2026-01-22 08:49:18] INFO inference_time: 12.624457120895386
[2026-01-22 08:49:18] INFO ndcg@20 improved. Best value: 0.0340
[2026-01-22 08:49:18] INFO Best model checkpoint saved in saved/SASRec/noisy_10/2026-01-22-08-35-15-485268.ckpt.
[2026-01-22 08:50:06] INFO {'epoch': 17, 'toy_10_ndcg@20': tensor(0.0343), 'toy_10_recall@20': tensor(0.0734), 'ndcg@20': tensor(0.0343), 'recall@20': tensor(0.0734), 'train_loss_0': tensor(0.5002, device='cuda:0')}
[2026-01-22 08:50:06] INFO training_time: 870.9147987365723
[2026-01-22 08:50:06] INFO inference_time: 13.25806474685669
[2026-01-22 08:50:06] INFO ndcg@20 improved. Best value: 0.0343
[2026-01-22 08:50:06] INFO Best model checkpoint saved in saved/SASRec/noisy_10/2026-01-22-08-35-15-485268.ckpt.
[2026-01-22 08:50:54] INFO {'epoch': 18, 'toy_10_ndcg@20': tensor(0.0342), 'toy_10_recall@20': tensor(0.0727), 'ndcg@20': tensor(0.0342), 'recall@20': tensor(0.0727), 'train_loss_0': tensor(0.4929, device='cuda:0')}
[2026-01-22 08:50:54] INFO training_time: 918.2464208602905
[2026-01-22 08:50:54] INFO inference_time: 13.761050939559937
[2026-01-22 08:51:42] INFO {'epoch': 19, 'toy_10_ndcg@20': tensor(0.0343), 'toy_10_recall@20': tensor(0.0738), 'ndcg@20': tensor(0.0343), 'recall@20': tensor(0.0738), 'train_loss_0': tensor(0.4891, device='cuda:0')}
[2026-01-22 08:51:42] INFO training_time: 965.4848971366882
[2026-01-22 08:51:42] INFO inference_time: 14.300380945205688
[2026-01-22 08:52:30] INFO {'epoch': 20, 'toy_10_ndcg@20': tensor(0.0345), 'toy_10_recall@20': tensor(0.0736), 'ndcg@20': tensor(0.0345), 'recall@20': tensor(0.0736), 'train_loss_0': tensor(0.4849, device='cuda:0')}
[2026-01-22 08:52:30] INFO training_time: 1012.9511954784393
[2026-01-22 08:52:30] INFO inference_time: 15.178108215332031
[2026-01-22 08:52:30] INFO ndcg@20 improved. Best value: 0.0345
[2026-01-22 08:52:30] INFO Best model checkpoint saved in saved/SASRec/noisy_10/2026-01-22-08-35-15-485268.ckpt.
[2026-01-22 08:53:18] INFO {'epoch': 21, 'toy_10_ndcg@20': tensor(0.0352), 'toy_10_recall@20': tensor(0.0749), 'ndcg@20': tensor(0.0352), 'recall@20': tensor(0.0749), 'train_loss_0': tensor(0.4779, device='cuda:0')}
[2026-01-22 08:53:18] INFO training_time: 1060.4698586463928
[2026-01-22 08:53:18] INFO inference_time: 15.695667266845703
[2026-01-22 08:53:18] INFO ndcg@20 improved. Best value: 0.0352
[2026-01-22 08:53:18] INFO Best model checkpoint saved in saved/SASRec/noisy_10/2026-01-22-08-35-15-485268.ckpt.
[2026-01-22 08:54:06] INFO {'epoch': 22, 'toy_10_ndcg@20': tensor(0.0350), 'toy_10_recall@20': tensor(0.0735), 'ndcg@20': tensor(0.0350), 'recall@20': tensor(0.0735), 'train_loss_0': tensor(0.4736, device='cuda:0')}
[2026-01-22 08:54:06] INFO training_time: 1107.6169199943542
[2026-01-22 08:54:06] INFO inference_time: 16.47273278236389
[2026-01-22 08:54:54] INFO {'epoch': 23, 'toy_10_ndcg@20': tensor(0.0342), 'toy_10_recall@20': tensor(0.0741), 'ndcg@20': tensor(0.0342), 'recall@20': tensor(0.0741), 'train_loss_0': tensor(0.4701, device='cuda:0')}
[2026-01-22 08:54:54] INFO training_time: 1154.8713631629944
[2026-01-22 08:54:54] INFO inference_time: 17.181252002716064
[2026-01-22 08:55:42] INFO {'epoch': 24, 'toy_10_ndcg@20': tensor(0.0349), 'toy_10_recall@20': tensor(0.0747), 'ndcg@20': tensor(0.0349), 'recall@20': tensor(0.0747), 'train_loss_0': tensor(0.4697, device='cuda:0')}
[2026-01-22 08:55:42] INFO training_time: 1202.2004663944244
[2026-01-22 08:55:42] INFO inference_time: 17.69717264175415
[2026-01-22 08:56:30] INFO {'epoch': 25, 'toy_10_ndcg@20': tensor(0.0345), 'toy_10_recall@20': tensor(0.0738), 'ndcg@20': tensor(0.0345), 'recall@20': tensor(0.0738), 'train_loss_0': tensor(0.4636, device='cuda:0')}
[2026-01-22 08:56:30] INFO training_time: 1249.3874382972717
[2026-01-22 08:56:30] INFO inference_time: 18.324002742767334
[2026-01-22 08:57:18] INFO {'epoch': 26, 'toy_10_ndcg@20': tensor(0.0349), 'toy_10_recall@20': tensor(0.0742), 'ndcg@20': tensor(0.0349), 'recall@20': tensor(0.0742), 'train_loss_0': tensor(0.4604, device='cuda:0')}
[2026-01-22 08:57:18] INFO training_time: 1296.728012084961
[2026-01-22 08:57:18] INFO inference_time: 18.859421014785767
[2026-01-22 08:58:05] INFO {'epoch': 27, 'toy_10_ndcg@20': tensor(0.0346), 'toy_10_recall@20': tensor(0.0732), 'ndcg@20': tensor(0.0346), 'recall@20': tensor(0.0732), 'train_loss_0': tensor(0.4570, device='cuda:0')}
[2026-01-22 08:58:05] INFO training_time: 1343.8215487003326
[2026-01-22 08:58:05] INFO inference_time: 19.47924780845642
[2026-01-22 08:58:53] INFO {'epoch': 28, 'toy_10_ndcg@20': tensor(0.0347), 'toy_10_recall@20': tensor(0.0748), 'ndcg@20': tensor(0.0347), 'recall@20': tensor(0.0748), 'train_loss_0': tensor(0.4550, device='cuda:0')}
[2026-01-22 08:58:53] INFO training_time: 1391.2106471061707
[2026-01-22 08:58:53] INFO inference_time: 20.11922597885132
[2026-01-22 08:59:41] INFO {'epoch': 29, 'toy_10_ndcg@20': tensor(0.0343), 'toy_10_recall@20': tensor(0.0733), 'ndcg@20': tensor(0.0343), 'recall@20': tensor(0.0733), 'train_loss_0': tensor(0.4535, device='cuda:0')}
[2026-01-22 08:59:41] INFO training_time: 1438.5313663482666
[2026-01-22 08:59:41] INFO inference_time: 20.722861766815186
[2026-01-22 09:00:29] INFO {'epoch': 30, 'toy_10_ndcg@20': tensor(0.0345), 'toy_10_recall@20': tensor(0.0749), 'ndcg@20': tensor(0.0345), 'recall@20': tensor(0.0749), 'train_loss_0': tensor(0.4479, device='cuda:0')}
[2026-01-22 09:00:29] INFO training_time: 1485.822436094284
[2026-01-22 09:00:29] INFO inference_time: 21.498361587524414
[2026-01-22 09:01:17] INFO {'epoch': 31, 'toy_10_ndcg@20': tensor(0.0348), 'toy_10_recall@20': tensor(0.0741), 'ndcg@20': tensor(0.0348), 'recall@20': tensor(0.0741), 'train_loss_0': tensor(0.4443, device='cuda:0')}
[2026-01-22 09:01:17] INFO training_time: 1533.2078037261963
[2026-01-22 09:01:17] INFO inference_time: 22.121306896209717
[2026-01-22 09:02:06] INFO {'epoch': 32, 'toy_10_ndcg@20': tensor(0.0349), 'toy_10_recall@20': tensor(0.0762), 'ndcg@20': tensor(0.0349), 'recall@20': tensor(0.0762), 'train_loss_0': tensor(0.4441, device='cuda:0')}
[2026-01-22 09:02:06] INFO training_time: 1580.6120564937592
[2026-01-22 09:02:06] INFO inference_time: 22.968987226486206
[2026-01-22 09:02:54] INFO {'epoch': 33, 'toy_10_ndcg@20': tensor(0.0353), 'toy_10_recall@20': tensor(0.0762), 'ndcg@20': tensor(0.0353), 'recall@20': tensor(0.0762), 'train_loss_0': tensor(0.4419, device='cuda:0')}
[2026-01-22 09:02:54] INFO training_time: 1627.8287754058838
[2026-01-22 09:02:54] INFO inference_time: 23.6644184589386
[2026-01-22 09:02:54] INFO ndcg@20 improved. Best value: 0.0353
[2026-01-22 09:02:54] INFO Best model checkpoint saved in saved/SASRec/noisy_10/2026-01-22-08-35-15-485268.ckpt.
[2026-01-22 09:03:41] INFO {'epoch': 34, 'toy_10_ndcg@20': tensor(0.0352), 'toy_10_recall@20': tensor(0.0744), 'ndcg@20': tensor(0.0352), 'recall@20': tensor(0.0744), 'train_loss_0': tensor(0.4402, device='cuda:0')}
[2026-01-22 09:03:41] INFO training_time: 1675.0601105690002
[2026-01-22 09:03:41] INFO inference_time: 24.213112592697144
[2026-01-22 09:04:29] INFO {'epoch': 35, 'toy_10_ndcg@20': tensor(0.0347), 'toy_10_recall@20': tensor(0.0742), 'ndcg@20': tensor(0.0347), 'recall@20': tensor(0.0742), 'train_loss_0': tensor(0.4394, device='cuda:0')}
[2026-01-22 09:04:29] INFO training_time: 1722.2947223186493
[2026-01-22 09:04:29] INFO inference_time: 24.872233152389526
[2026-01-22 09:05:17] INFO {'epoch': 36, 'toy_10_ndcg@20': tensor(0.0357), 'toy_10_recall@20': tensor(0.0769), 'ndcg@20': tensor(0.0357), 'recall@20': tensor(0.0769), 'train_loss_0': tensor(0.4388, device='cuda:0')}
[2026-01-22 09:05:17] INFO training_time: 1769.2313442230225
[2026-01-22 09:05:17] INFO inference_time: 25.610875844955444
[2026-01-22 09:05:17] INFO ndcg@20 improved. Best value: 0.0357
[2026-01-22 09:05:17] INFO Best model checkpoint saved in saved/SASRec/noisy_10/2026-01-22-08-35-15-485268.ckpt.
[2026-01-22 09:06:05] INFO {'epoch': 37, 'toy_10_ndcg@20': tensor(0.0352), 'toy_10_recall@20': tensor(0.0760), 'ndcg@20': tensor(0.0352), 'recall@20': tensor(0.0760), 'train_loss_0': tensor(0.4329, device='cuda:0')}
[2026-01-22 09:06:05] INFO training_time: 1816.3844141960144
[2026-01-22 09:06:05] INFO inference_time: 26.167816877365112
[2026-01-22 09:06:52] INFO {'epoch': 38, 'toy_10_ndcg@20': tensor(0.0349), 'toy_10_recall@20': tensor(0.0756), 'ndcg@20': tensor(0.0349), 'recall@20': tensor(0.0756), 'train_loss_0': tensor(0.4303, device='cuda:0')}
[2026-01-22 09:06:52] INFO training_time: 1863.4762074947357
[2026-01-22 09:06:52] INFO inference_time: 26.818068742752075
[2026-01-22 09:07:40] INFO {'epoch': 39, 'toy_10_ndcg@20': tensor(0.0353), 'toy_10_recall@20': tensor(0.0762), 'ndcg@20': tensor(0.0353), 'recall@20': tensor(0.0762), 'train_loss_0': tensor(0.4307, device='cuda:0')}
[2026-01-22 09:07:40] INFO training_time: 1910.6528058052063
[2026-01-22 09:07:40] INFO inference_time: 27.46000385284424
[2026-01-22 09:08:28] INFO {'epoch': 40, 'toy_10_ndcg@20': tensor(0.0353), 'toy_10_recall@20': tensor(0.0752), 'ndcg@20': tensor(0.0353), 'recall@20': tensor(0.0752), 'train_loss_0': tensor(0.4309, device='cuda:0')}
[2026-01-22 09:08:28] INFO training_time: 1957.2735793590546
[2026-01-22 09:08:28] INFO inference_time: 28.524083614349365
[2026-01-22 09:09:16] INFO {'epoch': 41, 'toy_10_ndcg@20': tensor(0.0357), 'toy_10_recall@20': tensor(0.0758), 'ndcg@20': tensor(0.0357), 'recall@20': tensor(0.0758), 'train_loss_0': tensor(0.4306, device='cuda:0')}
[2026-01-22 09:09:16] INFO training_time: 2004.8638541698456
[2026-01-22 09:09:16] INFO inference_time: 29.058254957199097
[2026-01-22 09:09:16] INFO ndcg@20 improved. Best value: 0.0357
[2026-01-22 09:09:16] INFO Best model checkpoint saved in saved/SASRec/noisy_10/2026-01-22-08-35-15-485268.ckpt.
[2026-01-22 09:10:04] INFO {'epoch': 42, 'toy_10_ndcg@20': tensor(0.0364), 'toy_10_recall@20': tensor(0.0774), 'ndcg@20': tensor(0.0364), 'recall@20': tensor(0.0774), 'train_loss_0': tensor(0.4239, device='cuda:0')}
[2026-01-22 09:10:04] INFO training_time: 2051.8578135967255
[2026-01-22 09:10:04] INFO inference_time: 29.73321509361267
[2026-01-22 09:10:04] INFO ndcg@20 improved. Best value: 0.0364
[2026-01-22 09:10:04] INFO Best model checkpoint saved in saved/SASRec/noisy_10/2026-01-22-08-35-15-485268.ckpt.
[2026-01-22 09:10:52] INFO {'epoch': 43, 'toy_10_ndcg@20': tensor(0.0363), 'toy_10_recall@20': tensor(0.0766), 'ndcg@20': tensor(0.0363), 'recall@20': tensor(0.0766), 'train_loss_0': tensor(0.4276, device='cuda:0')}
[2026-01-22 09:10:52] INFO training_time: 2099.170654296875
[2026-01-22 09:10:52] INFO inference_time: 30.445664405822754
[2026-01-22 09:11:40] INFO {'epoch': 44, 'toy_10_ndcg@20': tensor(0.0366), 'toy_10_recall@20': tensor(0.0766), 'ndcg@20': tensor(0.0366), 'recall@20': tensor(0.0766), 'train_loss_0': tensor(0.4240, device='cuda:0')}
[2026-01-22 09:11:40] INFO training_time: 2146.4152505397797
[2026-01-22 09:11:40] INFO inference_time: 31.08586573600769
[2026-01-22 09:11:40] INFO ndcg@20 improved. Best value: 0.0366
[2026-01-22 09:11:40] INFO Best model checkpoint saved in saved/SASRec/noisy_10/2026-01-22-08-35-15-485268.ckpt.
[2026-01-22 09:12:28] INFO {'epoch': 45, 'toy_10_ndcg@20': tensor(0.0365), 'toy_10_recall@20': tensor(0.0768), 'ndcg@20': tensor(0.0365), 'recall@20': tensor(0.0768), 'train_loss_0': tensor(0.4207, device='cuda:0')}
[2026-01-22 09:12:28] INFO training_time: 2193.5830821990967
[2026-01-22 09:12:28] INFO inference_time: 31.938976049423218
[2026-01-22 09:13:16] INFO {'epoch': 46, 'toy_10_ndcg@20': tensor(0.0362), 'toy_10_recall@20': tensor(0.0771), 'ndcg@20': tensor(0.0362), 'recall@20': tensor(0.0771), 'train_loss_0': tensor(0.4180, device='cuda:0')}
[2026-01-22 09:13:16] INFO training_time: 2240.8931913375854
[2026-01-22 09:13:16] INFO inference_time: 32.50189685821533
[2026-01-22 09:14:03] INFO {'epoch': 47, 'toy_10_ndcg@20': tensor(0.0365), 'toy_10_recall@20': tensor(0.0778), 'ndcg@20': tensor(0.0365), 'recall@20': tensor(0.0778), 'train_loss_0': tensor(0.4192, device='cuda:0')}
[2026-01-22 09:14:03] INFO training_time: 2287.9600887298584
[2026-01-22 09:14:03] INFO inference_time: 33.24885058403015
[2026-01-22 09:14:51] INFO {'epoch': 48, 'toy_10_ndcg@20': tensor(0.0367), 'toy_10_recall@20': tensor(0.0776), 'ndcg@20': tensor(0.0367), 'recall@20': tensor(0.0776), 'train_loss_0': tensor(0.4189, device='cuda:0')}
[2026-01-22 09:14:51] INFO training_time: 2335.404797554016
[2026-01-22 09:14:51] INFO inference_time: 33.782301902770996
[2026-01-22 09:14:51] INFO ndcg@20 improved. Best value: 0.0367
[2026-01-22 09:14:51] INFO Best model checkpoint saved in saved/SASRec/noisy_10/2026-01-22-08-35-15-485268.ckpt.
[2026-01-22 09:15:39] INFO {'epoch': 49, 'toy_10_ndcg@20': tensor(0.0365), 'toy_10_recall@20': tensor(0.0780), 'ndcg@20': tensor(0.0365), 'recall@20': tensor(0.0780), 'train_loss_0': tensor(0.4183, device='cuda:0')}
[2026-01-22 09:15:39] INFO training_time: 2382.541553258896
[2026-01-22 09:15:39] INFO inference_time: 34.32039737701416
[2026-01-22 09:16:27] INFO {'epoch': 50, 'toy_10_ndcg@20': tensor(0.0365), 'toy_10_recall@20': tensor(0.0783), 'ndcg@20': tensor(0.0365), 'recall@20': tensor(0.0783), 'train_loss_0': tensor(0.4132, device='cuda:0')}
[2026-01-22 09:16:27] INFO training_time: 2429.778972387314
[2026-01-22 09:16:27] INFO inference_time: 35.07884645462036
[2026-01-22 09:17:15] INFO {'epoch': 51, 'toy_10_ndcg@20': tensor(0.0363), 'toy_10_recall@20': tensor(0.0772), 'ndcg@20': tensor(0.0363), 'recall@20': tensor(0.0772), 'train_loss_0': tensor(0.4120, device='cuda:0')}
[2026-01-22 09:17:15] INFO training_time: 2477.090346813202
[2026-01-22 09:17:15] INFO inference_time: 35.61350440979004
[2026-01-22 09:18:03] INFO {'epoch': 52, 'toy_10_ndcg@20': tensor(0.0366), 'toy_10_recall@20': tensor(0.0788), 'ndcg@20': tensor(0.0366), 'recall@20': tensor(0.0788), 'train_loss_0': tensor(0.4094, device='cuda:0')}
[2026-01-22 09:18:03] INFO training_time: 2524.534021139145
[2026-01-22 09:18:03] INFO inference_time: 36.263461112976074
[2026-01-22 09:18:51] INFO {'epoch': 53, 'toy_10_ndcg@20': tensor(0.0366), 'toy_10_recall@20': tensor(0.0781), 'ndcg@20': tensor(0.0366), 'recall@20': tensor(0.0781), 'train_loss_0': tensor(0.4106, device='cuda:0')}
[2026-01-22 09:18:51] INFO training_time: 2571.6708419322968
[2026-01-22 09:18:51] INFO inference_time: 37.12495422363281
[2026-01-22 09:19:39] INFO {'epoch': 54, 'toy_10_ndcg@20': tensor(0.0371), 'toy_10_recall@20': tensor(0.0790), 'ndcg@20': tensor(0.0371), 'recall@20': tensor(0.0790), 'train_loss_0': tensor(0.4108, device='cuda:0')}
[2026-01-22 09:19:39] INFO training_time: 2618.6290476322174
[2026-01-22 09:19:39] INFO inference_time: 37.83532929420471
[2026-01-22 09:19:39] INFO ndcg@20 improved. Best value: 0.0371
[2026-01-22 09:19:39] INFO Best model checkpoint saved in saved/SASRec/noisy_10/2026-01-22-08-35-15-485268.ckpt.
[2026-01-22 09:20:27] INFO {'epoch': 55, 'toy_10_ndcg@20': tensor(0.0365), 'toy_10_recall@20': tensor(0.0798), 'ndcg@20': tensor(0.0365), 'recall@20': tensor(0.0798), 'train_loss_0': tensor(0.4080, device='cuda:0')}
[2026-01-22 09:20:27] INFO training_time: 2665.9350638389587
[2026-01-22 09:20:27] INFO inference_time: 38.69705271720886
[2026-01-22 09:21:15] INFO {'epoch': 56, 'toy_10_ndcg@20': tensor(0.0378), 'toy_10_recall@20': tensor(0.0798), 'ndcg@20': tensor(0.0378), 'recall@20': tensor(0.0798), 'train_loss_0': tensor(0.4097, device='cuda:0')}
[2026-01-22 09:21:15] INFO training_time: 2713.568384170532
[2026-01-22 09:21:15] INFO inference_time: 39.41541266441345
[2026-01-22 09:21:15] INFO ndcg@20 improved. Best value: 0.0378
[2026-01-22 09:21:15] INFO Best model checkpoint saved in saved/SASRec/noisy_10/2026-01-22-08-35-15-485268.ckpt.
[2026-01-22 09:22:03] INFO {'epoch': 57, 'toy_10_ndcg@20': tensor(0.0374), 'toy_10_recall@20': tensor(0.0800), 'ndcg@20': tensor(0.0374), 'recall@20': tensor(0.0800), 'train_loss_0': tensor(0.4061, device='cuda:0')}
[2026-01-22 09:22:03] INFO training_time: 2760.877935886383
[2026-01-22 09:22:03] INFO inference_time: 40.128968477249146
[2026-01-22 09:22:51] INFO {'epoch': 58, 'toy_10_ndcg@20': tensor(0.0373), 'toy_10_recall@20': tensor(0.0782), 'ndcg@20': tensor(0.0373), 'recall@20': tensor(0.0782), 'train_loss_0': tensor(0.4053, device='cuda:0')}
[2026-01-22 09:22:51] INFO training_time: 2808.182290792465
[2026-01-22 09:22:51] INFO inference_time: 40.72863245010376
[2026-01-22 09:23:39] INFO {'epoch': 59, 'toy_10_ndcg@20': tensor(0.0371), 'toy_10_recall@20': tensor(0.0790), 'ndcg@20': tensor(0.0371), 'recall@20': tensor(0.0790), 'train_loss_0': tensor(0.4029, device='cuda:0')}
[2026-01-22 09:23:39] INFO training_time: 2855.159009695053
[2026-01-22 09:23:39] INFO inference_time: 41.32294535636902
[2026-01-22 09:24:27] INFO {'epoch': 60, 'toy_10_ndcg@20': tensor(0.0373), 'toy_10_recall@20': tensor(0.0797), 'ndcg@20': tensor(0.0373), 'recall@20': tensor(0.0797), 'train_loss_0': tensor(0.4061, device='cuda:0')}
[2026-01-22 09:24:27] INFO training_time: 2902.3057181835175
[2026-01-22 09:24:27] INFO inference_time: 42.32742714881897
[2026-01-22 09:25:15] INFO {'epoch': 61, 'toy_10_ndcg@20': tensor(0.0373), 'toy_10_recall@20': tensor(0.0799), 'ndcg@20': tensor(0.0373), 'recall@20': tensor(0.0799), 'train_loss_0': tensor(0.4034, device='cuda:0')}
[2026-01-22 09:25:15] INFO training_time: 2949.5742535591125
[2026-01-22 09:25:15] INFO inference_time: 42.9919228553772
[2026-01-22 09:26:03] INFO {'epoch': 62, 'toy_10_ndcg@20': tensor(0.0377), 'toy_10_recall@20': tensor(0.0812), 'ndcg@20': tensor(0.0377), 'recall@20': tensor(0.0812), 'train_loss_0': tensor(0.4021, device='cuda:0')}
[2026-01-22 09:26:03] INFO training_time: 2996.9172184467316
[2026-01-22 09:26:03] INFO inference_time: 43.591546058654785
[2026-01-22 09:26:51] INFO {'epoch': 63, 'toy_10_ndcg@20': tensor(0.0375), 'toy_10_recall@20': tensor(0.0802), 'ndcg@20': tensor(0.0375), 'recall@20': tensor(0.0802), 'train_loss_0': tensor(0.4025, device='cuda:0')}
[2026-01-22 09:26:51] INFO training_time: 3044.187338113785
[2026-01-22 09:26:51] INFO inference_time: 44.26639795303345
[2026-01-22 09:27:39] INFO {'epoch': 64, 'toy_10_ndcg@20': tensor(0.0373), 'toy_10_recall@20': tensor(0.0803), 'ndcg@20': tensor(0.0373), 'recall@20': tensor(0.0803), 'train_loss_0': tensor(0.4006, device='cuda:0')}
[2026-01-22 09:27:39] INFO training_time: 3091.4067826271057
[2026-01-22 09:27:39] INFO inference_time: 45.000651359558105
[2026-01-22 09:28:27] INFO {'epoch': 65, 'toy_10_ndcg@20': tensor(0.0373), 'toy_10_recall@20': tensor(0.0820), 'ndcg@20': tensor(0.0373), 'recall@20': tensor(0.0820), 'train_loss_0': tensor(0.3991, device='cuda:0')}
[2026-01-22 09:28:27] INFO training_time: 3138.6910994052887
[2026-01-22 09:28:27] INFO inference_time: 45.63421130180359
[2026-01-22 09:29:15] INFO {'epoch': 66, 'toy_10_ndcg@20': tensor(0.0380), 'toy_10_recall@20': tensor(0.0819), 'ndcg@20': tensor(0.0380), 'recall@20': tensor(0.0819), 'train_loss_0': tensor(0.3973, device='cuda:0')}
[2026-01-22 09:29:15] INFO training_time: 3185.8805112838745
[2026-01-22 09:29:15] INFO inference_time: 46.38878631591797
[2026-01-22 09:29:15] INFO ndcg@20 improved. Best value: 0.0380
[2026-01-22 09:29:15] INFO Best model checkpoint saved in saved/SASRec/noisy_10/2026-01-22-08-35-15-485268.ckpt.
[2026-01-22 09:30:02] INFO {'epoch': 67, 'toy_10_ndcg@20': tensor(0.0380), 'toy_10_recall@20': tensor(0.0817), 'ndcg@20': tensor(0.0380), 'recall@20': tensor(0.0817), 'train_loss_0': tensor(0.3981, device='cuda:0')}
[2026-01-22 09:30:03] INFO training_time: 3232.9993047714233
[2026-01-22 09:30:03] INFO inference_time: 47.017253160476685
[2026-01-22 09:30:03] INFO ndcg@20 improved. Best value: 0.0380
[2026-01-22 09:30:03] INFO Best model checkpoint saved in saved/SASRec/noisy_10/2026-01-22-08-35-15-485268.ckpt.
[2026-01-22 09:30:51] INFO {'epoch': 68, 'toy_10_ndcg@20': tensor(0.0379), 'toy_10_recall@20': tensor(0.0813), 'ndcg@20': tensor(0.0379), 'recall@20': tensor(0.0813), 'train_loss_0': tensor(0.3953, device='cuda:0')}
[2026-01-22 09:30:51] INFO training_time: 3280.519195795059
[2026-01-22 09:30:51] INFO inference_time: 47.5609827041626
[2026-01-22 09:31:38] INFO {'epoch': 69, 'toy_10_ndcg@20': tensor(0.0384), 'toy_10_recall@20': tensor(0.0815), 'ndcg@20': tensor(0.0384), 'recall@20': tensor(0.0815), 'train_loss_0': tensor(0.3968, device='cuda:0')}
[2026-01-22 09:31:38] INFO training_time: 3327.7381703853607
[2026-01-22 09:31:38] INFO inference_time: 48.21448540687561
[2026-01-22 09:31:38] INFO ndcg@20 improved. Best value: 0.0384
[2026-01-22 09:31:38] INFO Best model checkpoint saved in saved/SASRec/noisy_10/2026-01-22-08-35-15-485268.ckpt.
[2026-01-22 09:32:27] INFO {'epoch': 70, 'toy_10_ndcg@20': tensor(0.0376), 'toy_10_recall@20': tensor(0.0803), 'ndcg@20': tensor(0.0376), 'recall@20': tensor(0.0803), 'train_loss_0': tensor(0.3973, device='cuda:0')}
[2026-01-22 09:32:27] INFO training_time: 3375.1970958709717
[2026-01-22 09:32:27] INFO inference_time: 49.37330341339111
[2026-01-22 09:33:15] INFO {'epoch': 71, 'toy_10_ndcg@20': tensor(0.0377), 'toy_10_recall@20': tensor(0.0822), 'ndcg@20': tensor(0.0377), 'recall@20': tensor(0.0822), 'train_loss_0': tensor(0.3933, device='cuda:0')}
[2026-01-22 09:33:15] INFO training_time: 3422.682341814041
[2026-01-22 09:33:15] INFO inference_time: 50.20059394836426
[2026-01-22 09:34:04] INFO {'epoch': 72, 'toy_10_ndcg@20': tensor(0.0378), 'toy_10_recall@20': tensor(0.0818), 'ndcg@20': tensor(0.0378), 'recall@20': tensor(0.0818), 'train_loss_0': tensor(0.3939, device='cuda:0')}
[2026-01-22 09:34:04] INFO training_time: 3470.17524433136
[2026-01-22 09:34:04] INFO inference_time: 50.914371490478516
[2026-01-22 09:34:51] INFO {'epoch': 73, 'toy_10_ndcg@20': tensor(0.0377), 'toy_10_recall@20': tensor(0.0809), 'ndcg@20': tensor(0.0377), 'recall@20': tensor(0.0809), 'train_loss_0': tensor(0.3950, device='cuda:0')}
[2026-01-22 09:34:51] INFO training_time: 3517.1752524375916
[2026-01-22 09:34:51] INFO inference_time: 51.609577655792236
[2026-01-22 09:35:39] INFO {'epoch': 74, 'toy_10_ndcg@20': tensor(0.0376), 'toy_10_recall@20': tensor(0.0810), 'ndcg@20': tensor(0.0376), 'recall@20': tensor(0.0810), 'train_loss_0': tensor(0.3923, device='cuda:0')}
[2026-01-22 09:35:39] INFO training_time: 3564.356776714325
[2026-01-22 09:35:39] INFO inference_time: 52.13821244239807
[2026-01-22 09:36:27] INFO {'epoch': 75, 'toy_10_ndcg@20': tensor(0.0376), 'toy_10_recall@20': tensor(0.0813), 'ndcg@20': tensor(0.0376), 'recall@20': tensor(0.0813), 'train_loss_0': tensor(0.3916, device='cuda:0')}
[2026-01-22 09:36:27] INFO training_time: 3611.943738937378
[2026-01-22 09:36:27] INFO inference_time: 52.76985311508179
[2026-01-22 09:37:16] INFO {'epoch': 76, 'toy_10_ndcg@20': tensor(0.0371), 'toy_10_recall@20': tensor(0.0803), 'ndcg@20': tensor(0.0371), 'recall@20': tensor(0.0803), 'train_loss_0': tensor(0.3880, device='cuda:0')}
[2026-01-22 09:37:16] INFO training_time: 3659.4748985767365
[2026-01-22 09:37:16] INFO inference_time: 53.43809390068054
[2026-01-22 09:38:04] INFO {'epoch': 77, 'toy_10_ndcg@20': tensor(0.0374), 'toy_10_recall@20': tensor(0.0800), 'ndcg@20': tensor(0.0374), 'recall@20': tensor(0.0800), 'train_loss_0': tensor(0.3882, device='cuda:0')}
[2026-01-22 09:38:04] INFO training_time: 3706.8966596126556
[2026-01-22 09:38:04] INFO inference_time: 54.20270752906799
[2026-01-22 09:38:52] INFO {'epoch': 78, 'toy_10_ndcg@20': tensor(0.0386), 'toy_10_recall@20': tensor(0.0833), 'ndcg@20': tensor(0.0386), 'recall@20': tensor(0.0833), 'train_loss_0': tensor(0.3921, device='cuda:0')}
[2026-01-22 09:38:52] INFO training_time: 3754.252760410309
[2026-01-22 09:38:52] INFO inference_time: 54.73870658874512
[2026-01-22 09:38:52] INFO ndcg@20 improved. Best value: 0.0386
[2026-01-22 09:38:52] INFO Best model checkpoint saved in saved/SASRec/noisy_10/2026-01-22-08-35-15-485268.ckpt.
[2026-01-22 09:39:40] INFO {'epoch': 79, 'toy_10_ndcg@20': tensor(0.0383), 'toy_10_recall@20': tensor(0.0831), 'ndcg@20': tensor(0.0383), 'recall@20': tensor(0.0831), 'train_loss_0': tensor(0.3879, device='cuda:0')}
[2026-01-22 09:39:40] INFO training_time: 3801.825865983963
[2026-01-22 09:39:40] INFO inference_time: 55.411147117614746
[2026-01-22 09:40:28] INFO {'epoch': 80, 'toy_10_ndcg@20': tensor(0.0379), 'toy_10_recall@20': tensor(0.0820), 'ndcg@20': tensor(0.0379), 'recall@20': tensor(0.0820), 'train_loss_0': tensor(0.3900, device='cuda:0')}
[2026-01-22 09:40:28] INFO training_time: 3848.9181094169617
[2026-01-22 09:40:28] INFO inference_time: 56.408775329589844
[2026-01-22 09:41:16] INFO {'epoch': 81, 'toy_10_ndcg@20': tensor(0.0382), 'toy_10_recall@20': tensor(0.0825), 'ndcg@20': tensor(0.0382), 'recall@20': tensor(0.0825), 'train_loss_0': tensor(0.3850, device='cuda:0')}
[2026-01-22 09:41:16] INFO training_time: 3896.078882932663
[2026-01-22 09:41:16] INFO inference_time: 57.12030911445618
[2026-01-22 09:42:03] INFO {'epoch': 82, 'toy_10_ndcg@20': tensor(0.0376), 'toy_10_recall@20': tensor(0.0801), 'ndcg@20': tensor(0.0376), 'recall@20': tensor(0.0801), 'train_loss_0': tensor(0.3890, device='cuda:0')}
[2026-01-22 09:42:04] INFO training_time: 3943.1567356586456
[2026-01-22 09:42:04] INFO inference_time: 57.667582273483276
[2026-01-22 09:42:51] INFO {'epoch': 83, 'toy_10_ndcg@20': tensor(0.0379), 'toy_10_recall@20': tensor(0.0822), 'ndcg@20': tensor(0.0379), 'recall@20': tensor(0.0822), 'train_loss_0': tensor(0.3827, device='cuda:0')}
[2026-01-22 09:42:51] INFO training_time: 3990.1336057186127
[2026-01-22 09:42:51] INFO inference_time: 58.242785930633545
[2026-01-22 09:43:39] INFO {'epoch': 84, 'toy_10_ndcg@20': tensor(0.0380), 'toy_10_recall@20': tensor(0.0825), 'ndcg@20': tensor(0.0380), 'recall@20': tensor(0.0825), 'train_loss_0': tensor(0.3864, device='cuda:0')}
[2026-01-22 09:43:39] INFO training_time: 4037.559079885483
[2026-01-22 09:43:39] INFO inference_time: 58.81657266616821
[2026-01-22 09:44:27] INFO {'epoch': 85, 'toy_10_ndcg@20': tensor(0.0382), 'toy_10_recall@20': tensor(0.0819), 'ndcg@20': tensor(0.0382), 'recall@20': tensor(0.0819), 'train_loss_0': tensor(0.3835, device='cuda:0')}
[2026-01-22 09:44:27] INFO training_time: 4084.6620995998383
[2026-01-22 09:44:27] INFO inference_time: 59.53714370727539
[2026-01-22 09:45:14] INFO {'epoch': 86, 'toy_10_ndcg@20': tensor(0.0387), 'toy_10_recall@20': tensor(0.0827), 'ndcg@20': tensor(0.0387), 'recall@20': tensor(0.0827), 'train_loss_0': tensor(0.3834, device='cuda:0')}
[2026-01-22 09:45:14] INFO training_time: 4131.402006149292
[2026-01-22 09:45:14] INFO inference_time: 60.16692233085632
[2026-01-22 09:45:14] INFO ndcg@20 improved. Best value: 0.0387
[2026-01-22 09:45:14] INFO Best model checkpoint saved in saved/SASRec/noisy_10/2026-01-22-08-35-15-485268.ckpt.
[2026-01-22 09:45:56] INFO {'epoch': 87, 'toy_10_ndcg@20': tensor(0.0378), 'toy_10_recall@20': tensor(0.0823), 'ndcg@20': tensor(0.0378), 'recall@20': tensor(0.0823), 'train_loss_0': tensor(0.3824, device='cuda:0')}
[2026-01-22 09:45:56] INFO training_time: 4172.958279371262
[2026-01-22 09:45:56] INFO inference_time: 60.67292857170105
[2026-01-22 09:46:39] INFO {'epoch': 88, 'toy_10_ndcg@20': tensor(0.0385), 'toy_10_recall@20': tensor(0.0826), 'ndcg@20': tensor(0.0385), 'recall@20': tensor(0.0826), 'train_loss_0': tensor(0.3827, device='cuda:0')}
[2026-01-22 09:46:39] INFO training_time: 4214.646629333496
[2026-01-22 09:46:39] INFO inference_time: 61.23070788383484
[2026-01-22 09:47:20] INFO {'epoch': 89, 'toy_10_ndcg@20': tensor(0.0378), 'toy_10_recall@20': tensor(0.0812), 'ndcg@20': tensor(0.0378), 'recall@20': tensor(0.0812), 'train_loss_0': tensor(0.3826, device='cuda:0')}
[2026-01-22 09:47:20] INFO training_time: 4255.834758758545
[2026-01-22 09:47:20] INFO inference_time: 61.90782165527344
[2026-01-22 09:48:03] INFO {'epoch': 90, 'toy_10_ndcg@20': tensor(0.0378), 'toy_10_recall@20': tensor(0.0818), 'ndcg@20': tensor(0.0378), 'recall@20': tensor(0.0818), 'train_loss_0': tensor(0.3800, device='cuda:0')}
[2026-01-22 09:48:03] INFO training_time: 4297.042943716049
[2026-01-22 09:48:03] INFO inference_time: 62.85705065727234
[2026-01-22 09:48:45] INFO {'epoch': 91, 'toy_10_ndcg@20': tensor(0.0376), 'toy_10_recall@20': tensor(0.0802), 'ndcg@20': tensor(0.0376), 'recall@20': tensor(0.0802), 'train_loss_0': tensor(0.3780, device='cuda:0')}
[2026-01-22 09:48:45] INFO training_time: 4338.347045183182
[2026-01-22 09:48:45] INFO inference_time: 63.52251052856445
[2026-01-22 09:49:27] INFO {'epoch': 92, 'toy_10_ndcg@20': tensor(0.0372), 'toy_10_recall@20': tensor(0.0807), 'ndcg@20': tensor(0.0372), 'recall@20': tensor(0.0807), 'train_loss_0': tensor(0.3800, device='cuda:0')}
[2026-01-22 09:49:27] INFO training_time: 4379.525291919708
[2026-01-22 09:49:27] INFO inference_time: 64.22391414642334
[2026-01-22 09:50:08] INFO {'epoch': 93, 'toy_10_ndcg@20': tensor(0.0379), 'toy_10_recall@20': tensor(0.0817), 'ndcg@20': tensor(0.0379), 'recall@20': tensor(0.0817), 'train_loss_0': tensor(0.3818, device='cuda:0')}
[2026-01-22 09:50:08] INFO training_time: 4420.680652856827
[2026-01-22 09:50:08] INFO inference_time: 64.96011352539062
[2026-01-22 09:50:51] INFO {'epoch': 94, 'toy_10_ndcg@20': tensor(0.0376), 'toy_10_recall@20': tensor(0.0807), 'ndcg@20': tensor(0.0376), 'recall@20': tensor(0.0807), 'train_loss_0': tensor(0.3832, device='cuda:0')}
[2026-01-22 09:50:51] INFO training_time: 4462.054873466492
[2026-01-22 09:50:51] INFO inference_time: 65.74162864685059
[2026-01-22 09:51:33] INFO {'epoch': 95, 'toy_10_ndcg@20': tensor(0.0375), 'toy_10_recall@20': tensor(0.0807), 'ndcg@20': tensor(0.0375), 'recall@20': tensor(0.0807), 'train_loss_0': tensor(0.3787, device='cuda:0')}
[2026-01-22 09:51:33] INFO training_time: 4503.575914382935
[2026-01-22 09:51:33] INFO inference_time: 66.42296767234802
[2026-01-22 09:52:15] INFO {'epoch': 96, 'toy_10_ndcg@20': tensor(0.0375), 'toy_10_recall@20': tensor(0.0810), 'ndcg@20': tensor(0.0375), 'recall@20': tensor(0.0810), 'train_loss_0': tensor(0.3792, device='cuda:0')}
[2026-01-22 09:52:15] INFO training_time: 4544.66356253624
[2026-01-22 09:52:15] INFO inference_time: 67.07716083526611
[2026-01-22 09:52:56] INFO {'epoch': 97, 'toy_10_ndcg@20': tensor(0.0385), 'toy_10_recall@20': tensor(0.0835), 'ndcg@20': tensor(0.0385), 'recall@20': tensor(0.0835), 'train_loss_0': tensor(0.3766, device='cuda:0')}
[2026-01-22 09:52:56] INFO training_time: 4585.855203151703
[2026-01-22 09:52:56] INFO inference_time: 67.81077337265015
[2026-01-22 09:53:38] INFO {'epoch': 98, 'toy_10_ndcg@20': tensor(0.0384), 'toy_10_recall@20': tensor(0.0840), 'ndcg@20': tensor(0.0384), 'recall@20': tensor(0.0840), 'train_loss_0': tensor(0.3771, device='cuda:0')}
[2026-01-22 09:53:38] INFO training_time: 4627.154868841171
[2026-01-22 09:53:38] INFO inference_time: 68.31666541099548
[2026-01-22 09:54:20] INFO {'epoch': 99, 'toy_10_ndcg@20': tensor(0.0383), 'toy_10_recall@20': tensor(0.0828), 'ndcg@20': tensor(0.0383), 'recall@20': tensor(0.0828), 'train_loss_0': tensor(0.3799, device='cuda:0')}
[2026-01-22 09:54:20] INFO training_time: 4668.411227464676
[2026-01-22 09:54:20] INFO inference_time: 68.91019606590271
[2026-01-22 09:55:02] INFO {'epoch': 100, 'toy_10_ndcg@20': tensor(0.0381), 'toy_10_recall@20': tensor(0.0822), 'ndcg@20': tensor(0.0381), 'recall@20': tensor(0.0822), 'train_loss_0': tensor(0.3723, device='cuda:0')}
[2026-01-22 09:55:02] INFO training_time: 4709.838054656982
[2026-01-22 09:55:02] INFO inference_time: 69.7759165763855
[2026-01-22 09:55:44] INFO {'epoch': 101, 'toy_10_ndcg@20': tensor(0.0379), 'toy_10_recall@20': tensor(0.0823), 'ndcg@20': tensor(0.0379), 'recall@20': tensor(0.0823), 'train_loss_0': tensor(0.3755, device='cuda:0')}
[2026-01-22 09:55:44] INFO training_time: 4751.1450889110565
[2026-01-22 09:55:44] INFO inference_time: 70.4494378566742
[2026-01-22 09:56:26] INFO {'epoch': 102, 'toy_10_ndcg@20': tensor(0.0383), 'toy_10_recall@20': tensor(0.0832), 'ndcg@20': tensor(0.0383), 'recall@20': tensor(0.0832), 'train_loss_0': tensor(0.3738, device='cuda:0')}
[2026-01-22 09:56:26] INFO training_time: 4792.144427776337
[2026-01-22 09:56:26] INFO inference_time: 71.15629053115845
[2026-01-22 09:57:02] INFO {'epoch': 103, 'toy_10_ndcg@20': tensor(0.0381), 'toy_10_recall@20': tensor(0.0818), 'ndcg@20': tensor(0.0381), 'recall@20': tensor(0.0818), 'train_loss_0': tensor(0.3788, device='cuda:0')}
[2026-01-22 09:57:02] INFO training_time: 4827.732142448425
[2026-01-22 09:57:02] INFO inference_time: 71.67305898666382
[2026-01-22 09:57:38] INFO {'epoch': 104, 'toy_10_ndcg@20': tensor(0.0382), 'toy_10_recall@20': tensor(0.0826), 'ndcg@20': tensor(0.0382), 'recall@20': tensor(0.0826), 'train_loss_0': tensor(0.3716, device='cuda:0')}
[2026-01-22 09:57:38] INFO training_time: 4863.111743688583
[2026-01-22 09:57:38] INFO inference_time: 72.26681661605835
[2026-01-22 09:58:14] INFO {'epoch': 105, 'toy_10_ndcg@20': tensor(0.0387), 'toy_10_recall@20': tensor(0.0831), 'ndcg@20': tensor(0.0387), 'recall@20': tensor(0.0831), 'train_loss_0': tensor(0.3741, device='cuda:0')}
[2026-01-22 09:58:14] INFO training_time: 4898.504660844803
[2026-01-22 09:58:14] INFO inference_time: 72.91644144058228
[2026-01-22 09:58:14] INFO ndcg@20 improved. Best value: 0.0387
[2026-01-22 09:58:14] INFO Best model checkpoint saved in saved/SASRec/noisy_10/2026-01-22-08-35-15-485268.ckpt.
[2026-01-22 09:58:51] INFO {'epoch': 106, 'toy_10_ndcg@20': tensor(0.0384), 'toy_10_recall@20': tensor(0.0831), 'ndcg@20': tensor(0.0384), 'recall@20': tensor(0.0831), 'train_loss_0': tensor(0.3734, device='cuda:0')}
[2026-01-22 09:58:51] INFO training_time: 4933.919837236404
[2026-01-22 09:58:51] INFO inference_time: 73.69466543197632
[2026-01-22 09:59:26] INFO {'epoch': 107, 'toy_10_ndcg@20': tensor(0.0391), 'toy_10_recall@20': tensor(0.0843), 'ndcg@20': tensor(0.0391), 'recall@20': tensor(0.0843), 'train_loss_0': tensor(0.3714, device='cuda:0')}
[2026-01-22 09:59:26] INFO training_time: 4969.350735425949
[2026-01-22 09:59:26] INFO inference_time: 74.19237112998962
[2026-01-22 09:59:26] INFO ndcg@20 improved. Best value: 0.0391
[2026-01-22 09:59:26] INFO Best model checkpoint saved in saved/SASRec/noisy_10/2026-01-22-08-35-15-485268.ckpt.
[2026-01-22 10:00:03] INFO {'epoch': 108, 'toy_10_ndcg@20': tensor(0.0379), 'toy_10_recall@20': tensor(0.0829), 'ndcg@20': tensor(0.0379), 'recall@20': tensor(0.0829), 'train_loss_0': tensor(0.3718, device='cuda:0')}
[2026-01-22 10:00:03] INFO training_time: 5004.964374303818
[2026-01-22 10:00:03] INFO inference_time: 74.7022967338562
[2026-01-22 10:00:39] INFO {'epoch': 109, 'toy_10_ndcg@20': tensor(0.0383), 'toy_10_recall@20': tensor(0.0825), 'ndcg@20': tensor(0.0383), 'recall@20': tensor(0.0825), 'train_loss_0': tensor(0.3724, device='cuda:0')}
[2026-01-22 10:00:39] INFO training_time: 5040.519560575485
[2026-01-22 10:00:39] INFO inference_time: 75.31052732467651
[2026-01-22 10:01:15] INFO {'epoch': 110, 'toy_10_ndcg@20': tensor(0.0386), 'toy_10_recall@20': tensor(0.0837), 'ndcg@20': tensor(0.0386), 'recall@20': tensor(0.0837), 'train_loss_0': tensor(0.3728, device='cuda:0')}
[2026-01-22 10:01:15] INFO training_time: 5075.450204372406
[2026-01-22 10:01:15] INFO inference_time: 76.25495076179504
[2026-01-22 10:01:50] INFO {'epoch': 111, 'toy_10_ndcg@20': tensor(0.0389), 'toy_10_recall@20': tensor(0.0853), 'ndcg@20': tensor(0.0389), 'recall@20': tensor(0.0853), 'train_loss_0': tensor(0.3711, device='cuda:0')}
[2026-01-22 10:01:50] INFO training_time: 5110.408051252365
[2026-01-22 10:01:50] INFO inference_time: 76.79724073410034
[2026-01-22 10:02:20] INFO {'epoch': 112, 'toy_10_ndcg@20': tensor(0.0383), 'toy_10_recall@20': tensor(0.0830), 'ndcg@20': tensor(0.0383), 'recall@20': tensor(0.0830), 'train_loss_0': tensor(0.3694, device='cuda:0')}
[2026-01-22 10:02:20] INFO training_time: 5139.830130815506
[2026-01-22 10:02:20] INFO inference_time: 77.42736411094666
[2026-01-22 10:02:50] INFO {'epoch': 113, 'toy_10_ndcg@20': tensor(0.0384), 'toy_10_recall@20': tensor(0.0831), 'ndcg@20': tensor(0.0384), 'recall@20': tensor(0.0831), 'train_loss_0': tensor(0.3704, device='cuda:0')}
[2026-01-22 10:02:50] INFO training_time: 5169.167357444763
[2026-01-22 10:02:50] INFO inference_time: 78.12004852294922
[2026-01-22 10:03:20] INFO {'epoch': 114, 'toy_10_ndcg@20': tensor(0.0382), 'toy_10_recall@20': tensor(0.0822), 'ndcg@20': tensor(0.0382), 'recall@20': tensor(0.0822), 'train_loss_0': tensor(0.3720, device='cuda:0')}
[2026-01-22 10:03:20] INFO training_time: 5198.620083332062
[2026-01-22 10:03:20] INFO inference_time: 78.72291851043701
[2026-01-22 10:03:51] INFO {'epoch': 115, 'toy_10_ndcg@20': tensor(0.0387), 'toy_10_recall@20': tensor(0.0829), 'ndcg@20': tensor(0.0387), 'recall@20': tensor(0.0829), 'train_loss_0': tensor(0.3689, device='cuda:0')}
[2026-01-22 10:03:51] INFO training_time: 5228.15173125267
[2026-01-22 10:03:51] INFO inference_time: 79.39519929885864
[2026-01-22 10:04:21] INFO {'epoch': 116, 'toy_10_ndcg@20': tensor(0.0383), 'toy_10_recall@20': tensor(0.0821), 'ndcg@20': tensor(0.0383), 'recall@20': tensor(0.0821), 'train_loss_0': tensor(0.3676, device='cuda:0')}
[2026-01-22 10:04:21] INFO training_time: 5257.909255981445
[2026-01-22 10:04:21] INFO inference_time: 79.97473192214966
[2026-01-22 10:04:51] INFO {'epoch': 117, 'toy_10_ndcg@20': tensor(0.0385), 'toy_10_recall@20': tensor(0.0829), 'ndcg@20': tensor(0.0385), 'recall@20': tensor(0.0829), 'train_loss_0': tensor(0.3657, device='cuda:0')}
[2026-01-22 10:04:51] INFO training_time: 5287.505700111389
[2026-01-22 10:04:51] INFO inference_time: 80.64764738082886
[2026-01-22 10:05:17] INFO {'epoch': 118, 'toy_10_ndcg@20': tensor(0.0382), 'toy_10_recall@20': tensor(0.0821), 'ndcg@20': tensor(0.0382), 'recall@20': tensor(0.0821), 'train_loss_0': tensor(0.3698, device='cuda:0')}
[2026-01-22 10:05:17] INFO training_time: 5312.936522483826
[2026-01-22 10:05:17] INFO inference_time: 81.26336097717285
[2026-01-22 10:05:42] INFO {'epoch': 119, 'toy_10_ndcg@20': tensor(0.0382), 'toy_10_recall@20': tensor(0.0820), 'ndcg@20': tensor(0.0382), 'recall@20': tensor(0.0820), 'train_loss_0': tensor(0.3657, device='cuda:0')}
[2026-01-22 10:05:42] INFO training_time: 5337.3412001132965
[2026-01-22 10:05:42] INFO inference_time: 81.76924347877502
[2026-01-22 10:06:07] INFO {'epoch': 120, 'toy_10_ndcg@20': tensor(0.0385), 'toy_10_recall@20': tensor(0.0830), 'ndcg@20': tensor(0.0385), 'recall@20': tensor(0.0830), 'train_loss_0': tensor(0.3656, device='cuda:0')}
[2026-01-22 10:06:07] INFO training_time: 5361.591312408447
[2026-01-22 10:06:07] INFO inference_time: 82.57720041275024
[2026-01-22 10:06:32] INFO {'epoch': 121, 'toy_10_ndcg@20': tensor(0.0384), 'toy_10_recall@20': tensor(0.0835), 'ndcg@20': tensor(0.0384), 'recall@20': tensor(0.0835), 'train_loss_0': tensor(0.3662, device='cuda:0')}
[2026-01-22 10:06:32] INFO training_time: 5386.059365987778
[2026-01-22 10:06:32] INFO inference_time: 83.07771611213684
[2026-01-22 10:06:57] INFO {'epoch': 122, 'toy_10_ndcg@20': tensor(0.0381), 'toy_10_recall@20': tensor(0.0830), 'ndcg@20': tensor(0.0381), 'recall@20': tensor(0.0830), 'train_loss_0': tensor(0.3688, device='cuda:0')}
[2026-01-22 10:06:57] INFO training_time: 5410.497271537781
[2026-01-22 10:06:57] INFO inference_time: 83.69443249702454
[2026-01-22 10:07:22] INFO {'epoch': 123, 'toy_10_ndcg@20': tensor(0.0379), 'toy_10_recall@20': tensor(0.0819), 'ndcg@20': tensor(0.0379), 'recall@20': tensor(0.0819), 'train_loss_0': tensor(0.3676, device='cuda:0')}
[2026-01-22 10:07:22] INFO training_time: 5434.703859090805
[2026-01-22 10:07:22] INFO inference_time: 84.40458679199219
[2026-01-22 10:07:47] INFO {'epoch': 124, 'toy_10_ndcg@20': tensor(0.0384), 'toy_10_recall@20': tensor(0.0827), 'ndcg@20': tensor(0.0384), 'recall@20': tensor(0.0827), 'train_loss_0': tensor(0.3682, device='cuda:0')}
[2026-01-22 10:07:47] INFO training_time: 5458.7075452804565
[2026-01-22 10:07:47] INFO inference_time: 85.00868582725525
[2026-01-22 10:08:11] INFO {'epoch': 125, 'toy_10_ndcg@20': tensor(0.0380), 'toy_10_recall@20': tensor(0.0827), 'ndcg@20': tensor(0.0380), 'recall@20': tensor(0.0827), 'train_loss_0': tensor(0.3669, device='cuda:0')}
[2026-01-22 10:08:11] INFO training_time: 5482.882314682007
[2026-01-22 10:08:11] INFO inference_time: 85.53707122802734
[2026-01-22 10:08:36] INFO {'epoch': 126, 'toy_10_ndcg@20': tensor(0.0382), 'toy_10_recall@20': tensor(0.0827), 'ndcg@20': tensor(0.0382), 'recall@20': tensor(0.0827), 'train_loss_0': tensor(0.3631, device='cuda:0')}
[2026-01-22 10:08:36] INFO training_time: 5506.89981842041
[2026-01-22 10:08:36] INFO inference_time: 86.17379236221313
[2026-01-22 10:09:01] INFO {'epoch': 127, 'toy_10_ndcg@20': tensor(0.0390), 'toy_10_recall@20': tensor(0.0829), 'ndcg@20': tensor(0.0390), 'recall@20': tensor(0.0829), 'train_loss_0': tensor(0.3669, device='cuda:0')}
[2026-01-22 10:09:01] INFO training_time: 5531.164555311203
[2026-01-22 10:09:01] INFO inference_time: 86.84721112251282
[2026-01-22 10:09:01] INFO Early stopped. Since the metric ndcg@20 haven't been improved for 20 epochs.
[2026-01-22 10:09:01] INFO The best score of ndcg@20 is 0.0391 on epoch 107
[2026-01-22 10:09:01] INFO Best model checkpoint saved in saved/SASRec/noisy_10/2026-01-22-08-35-15-485268.ckpt.
[2026-01-22 10:09:02] INFO defaultdict(<class 'float'>, {'toy_10_ndcg@20': tensor(0.0321), 'toy_10_recall@20': tensor(0.0673), 'toy_10_ndcg@10': tensor(0.0278), 'toy_10_recall@10': tensor(0.0505), 'ndcg@20': tensor(0.0321), 'recall@20': tensor(0.0673), 'ndcg@10': tensor(0.0278), 'recall@10': tensor(0.0505)})
