[2026-02-05 19:53:58] INFO PID of this process: 1079405
[2026-02-05 19:54:03] INFO {'model': {'embed_dim': 64, 'loss_fn': 'bce', 'hidden_size': 128, 'layer_num': 2, 'head_num': 2, 'dropout_rate': 0.5, 'activation': 'gelu', 'layer_norm_eps': 1e-12, 'model': 'SASRec'}, 'data': {'domain_name_list': ['toy_10'], 'user_threshold': 5, 'item_threshold': 5, 'max_seq_len': 50, 'dataset_class': 'general', 'train_file': '_ori', 'dataset': 'noisy_10'}, 'train': {'batch_size': 256, 'early_stop_mode': 'max', 'early_stop_patience': 20, 'epochs': 1000, 'device': 'cuda', 'optimizer': 'adam', 'learning_rate': 0.001, 'weight_decay': 0, 'num_neg': 1, 'seed': 2026}, 'eval': {'batch_size': 2048, 'cutoff': [20, 10], 'val_metrics': ['ndcg', 'recall'], 'test_metrics': ['ndcg', 'recall'], 'topk': 100, 'save_path': './saved/'}}
[2026-02-05 19:54:03] INFO <data.dataset.SeparateDataset object at 0x7fb0a674c1f0>
[2026-02-05 19:54:03] INFO save_dir:saved
[2026-02-05 19:54:03] INFO SASRec(
  (item_embedding): Embedding(11925, 64, padding_idx=0)
  (query_encoder): SASRecQueryEncoder(
    (item_encoder): Embedding(11925, 64, padding_idx=0)
    (position_emb): Embedding(50, 64)
    (transformer_layer): TransformerEncoder(
      (layers): ModuleList(
        (0): TransformerEncoderLayer(
          (self_attn): MultiheadAttention(
            (out_proj): NonDynamicallyQuantizableLinear(in_features=64, out_features=64, bias=True)
          )
          (linear1): Linear(in_features=64, out_features=128, bias=True)
          (dropout): Dropout(p=0.5, inplace=False)
          (linear2): Linear(in_features=128, out_features=64, bias=True)
          (norm1): LayerNorm((64,), eps=1e-12, elementwise_affine=True)
          (norm2): LayerNorm((64,), eps=1e-12, elementwise_affine=True)
          (dropout1): Dropout(p=0.5, inplace=False)
          (dropout2): Dropout(p=0.5, inplace=False)
        )
        (1): TransformerEncoderLayer(
          (self_attn): MultiheadAttention(
            (out_proj): NonDynamicallyQuantizableLinear(in_features=64, out_features=64, bias=True)
          )
          (linear1): Linear(in_features=64, out_features=128, bias=True)
          (dropout): Dropout(p=0.5, inplace=False)
          (linear2): Linear(in_features=128, out_features=64, bias=True)
          (norm1): LayerNorm((64,), eps=1e-12, elementwise_affine=True)
          (norm2): LayerNorm((64,), eps=1e-12, elementwise_affine=True)
          (dropout1): Dropout(p=0.5, inplace=False)
          (dropout2): Dropout(p=0.5, inplace=False)
        )
      )
    )
    (dropout): Dropout(p=0.5, inplace=False)
    (training_pooling_layer): SeqPoolingLayer()
    (eval_pooling_layer): SeqPoolingLayer()
  )
  (loss_fn): BinaryCrossEntropyLoss()
)
[2026-02-05 19:54:17] INFO {'epoch': 0, 'toy_10_ndcg@20': tensor(0.0067), 'toy_10_recall@20': tensor(0.0159), 'ndcg@20': tensor(0.0067), 'recall@20': tensor(0.0159), 'train_loss_0': tensor(1.3579, device='cuda:0')}
[2026-02-05 19:54:17] INFO training_time: 12.781723499298096
[2026-02-05 19:54:17] INFO inference_time: 1.0191102027893066
[2026-02-05 19:54:17] INFO ndcg@20 improved. Best value: 0.0067
[2026-02-05 19:54:17] INFO Best model checkpoint saved in saved/SASRec/noisy_10/2026-02-05-19-53-58-907540.ckpt.
[2026-02-05 19:54:29] INFO {'epoch': 1, 'toy_10_ndcg@20': tensor(0.0070), 'toy_10_recall@20': tensor(0.0156), 'ndcg@20': tensor(0.0070), 'recall@20': tensor(0.0156), 'train_loss_0': tensor(1.2659, device='cuda:0')}
[2026-02-05 19:54:29] INFO training_time: 24.055322647094727
[2026-02-05 19:54:29] INFO inference_time: 1.8168179988861084
[2026-02-05 19:54:29] INFO ndcg@20 improved. Best value: 0.0070
[2026-02-05 19:54:29] INFO Best model checkpoint saved in saved/SASRec/noisy_10/2026-02-05-19-53-58-907540.ckpt.
[2026-02-05 19:54:41] INFO {'epoch': 2, 'toy_10_ndcg@20': tensor(0.0080), 'toy_10_recall@20': tensor(0.0194), 'ndcg@20': tensor(0.0080), 'recall@20': tensor(0.0194), 'train_loss_0': tensor(1.2166, device='cuda:0')}
[2026-02-05 19:54:41] INFO training_time: 35.39317750930786
[2026-02-05 19:54:41] INFO inference_time: 2.500408172607422
[2026-02-05 19:54:41] INFO ndcg@20 improved. Best value: 0.0080
[2026-02-05 19:54:41] INFO Best model checkpoint saved in saved/SASRec/noisy_10/2026-02-05-19-53-58-907540.ckpt.
[2026-02-05 19:54:53] INFO {'epoch': 3, 'toy_10_ndcg@20': tensor(0.0072), 'toy_10_recall@20': tensor(0.0185), 'ndcg@20': tensor(0.0072), 'recall@20': tensor(0.0185), 'train_loss_0': tensor(1.1673, device='cuda:0')}
[2026-02-05 19:54:53] INFO training_time: 46.7373309135437
[2026-02-05 19:54:53] INFO inference_time: 3.1300132274627686
[2026-02-05 19:55:05] INFO {'epoch': 4, 'toy_10_ndcg@20': tensor(0.0101), 'toy_10_recall@20': tensor(0.0240), 'ndcg@20': tensor(0.0101), 'recall@20': tensor(0.0240), 'train_loss_0': tensor(1.1153, device='cuda:0')}
[2026-02-05 19:55:05] INFO training_time: 58.11781692504883
[2026-02-05 19:55:05] INFO inference_time: 3.841691255569458
[2026-02-05 19:55:05] INFO ndcg@20 improved. Best value: 0.0101
[2026-02-05 19:55:05] INFO Best model checkpoint saved in saved/SASRec/noisy_10/2026-02-05-19-53-58-907540.ckpt.
[2026-02-05 19:55:18] INFO {'epoch': 5, 'toy_10_ndcg@20': tensor(0.0124), 'toy_10_recall@20': tensor(0.0278), 'ndcg@20': tensor(0.0124), 'recall@20': tensor(0.0278), 'train_loss_0': tensor(1.0675, device='cuda:0')}
[2026-02-05 19:55:18] INFO training_time: 69.45765089988708
[2026-02-05 19:55:18] INFO inference_time: 4.80796217918396
[2026-02-05 19:55:18] INFO ndcg@20 improved. Best value: 0.0124
[2026-02-05 19:55:18] INFO Best model checkpoint saved in saved/SASRec/noisy_10/2026-02-05-19-53-58-907540.ckpt.
[2026-02-05 19:55:30] INFO {'epoch': 6, 'toy_10_ndcg@20': tensor(0.0138), 'toy_10_recall@20': tensor(0.0311), 'ndcg@20': tensor(0.0138), 'recall@20': tensor(0.0311), 'train_loss_0': tensor(1.0230, device='cuda:0')}
[2026-02-05 19:55:30] INFO training_time: 80.654953956604
[2026-02-05 19:55:30] INFO inference_time: 5.548971652984619
[2026-02-05 19:55:30] INFO ndcg@20 improved. Best value: 0.0138
[2026-02-05 19:55:30] INFO Best model checkpoint saved in saved/SASRec/noisy_10/2026-02-05-19-53-58-907540.ckpt.
[2026-02-05 19:55:42] INFO {'epoch': 7, 'toy_10_ndcg@20': tensor(0.0166), 'toy_10_recall@20': tensor(0.0377), 'ndcg@20': tensor(0.0166), 'recall@20': tensor(0.0377), 'train_loss_0': tensor(0.9824, device='cuda:0')}
[2026-02-05 19:55:42] INFO training_time: 91.95149183273315
[2026-02-05 19:55:42] INFO inference_time: 6.459107160568237
[2026-02-05 19:55:42] INFO ndcg@20 improved. Best value: 0.0166
[2026-02-05 19:55:42] INFO Best model checkpoint saved in saved/SASRec/noisy_10/2026-02-05-19-53-58-907540.ckpt.
[2026-02-05 19:55:54] INFO {'epoch': 8, 'toy_10_ndcg@20': tensor(0.0185), 'toy_10_recall@20': tensor(0.0405), 'ndcg@20': tensor(0.0185), 'recall@20': tensor(0.0405), 'train_loss_0': tensor(0.9395, device='cuda:0')}
[2026-02-05 19:55:54] INFO training_time: 103.34562420845032
[2026-02-05 19:55:54] INFO inference_time: 7.196028709411621
[2026-02-05 19:55:54] INFO ndcg@20 improved. Best value: 0.0185
[2026-02-05 19:55:54] INFO Best model checkpoint saved in saved/SASRec/noisy_10/2026-02-05-19-53-58-907540.ckpt.
[2026-02-05 19:56:06] INFO {'epoch': 9, 'toy_10_ndcg@20': tensor(0.0197), 'toy_10_recall@20': tensor(0.0440), 'ndcg@20': tensor(0.0197), 'recall@20': tensor(0.0440), 'train_loss_0': tensor(0.9087, device='cuda:0')}
[2026-02-05 19:56:06] INFO training_time: 114.78095746040344
[2026-02-05 19:56:06] INFO inference_time: 7.897650241851807
[2026-02-05 19:56:06] INFO ndcg@20 improved. Best value: 0.0197
[2026-02-05 19:56:06] INFO Best model checkpoint saved in saved/SASRec/noisy_10/2026-02-05-19-53-58-907540.ckpt.
[2026-02-05 19:56:19] INFO {'epoch': 10, 'toy_10_ndcg@20': tensor(0.0213), 'toy_10_recall@20': tensor(0.0467), 'ndcg@20': tensor(0.0213), 'recall@20': tensor(0.0467), 'train_loss_0': tensor(0.8726, device='cuda:0')}
[2026-02-05 19:56:19] INFO training_time: 126.21814942359924
[2026-02-05 19:56:19] INFO inference_time: 9.037447929382324
[2026-02-05 19:56:19] INFO ndcg@20 improved. Best value: 0.0213
[2026-02-05 19:56:19] INFO Best model checkpoint saved in saved/SASRec/noisy_10/2026-02-05-19-53-58-907540.ckpt.
[2026-02-05 19:56:31] INFO {'epoch': 11, 'toy_10_ndcg@20': tensor(0.0220), 'toy_10_recall@20': tensor(0.0490), 'ndcg@20': tensor(0.0220), 'recall@20': tensor(0.0490), 'train_loss_0': tensor(0.8401, device='cuda:0')}
[2026-02-05 19:56:31] INFO training_time: 137.62318062782288
[2026-02-05 19:56:31] INFO inference_time: 9.615386009216309
[2026-02-05 19:56:31] INFO ndcg@20 improved. Best value: 0.0220
[2026-02-05 19:56:31] INFO Best model checkpoint saved in saved/SASRec/noisy_10/2026-02-05-19-53-58-907540.ckpt.
[2026-02-05 19:56:43] INFO {'epoch': 12, 'toy_10_ndcg@20': tensor(0.0212), 'toy_10_recall@20': tensor(0.0483), 'ndcg@20': tensor(0.0212), 'recall@20': tensor(0.0483), 'train_loss_0': tensor(0.8089, device='cuda:0')}
[2026-02-05 19:56:43] INFO training_time: 148.89974284172058
[2026-02-05 19:56:43] INFO inference_time: 10.340820550918579
[2026-02-05 19:56:55] INFO {'epoch': 13, 'toy_10_ndcg@20': tensor(0.0231), 'toy_10_recall@20': tensor(0.0511), 'ndcg@20': tensor(0.0231), 'recall@20': tensor(0.0511), 'train_loss_0': tensor(0.7805, device='cuda:0')}
[2026-02-05 19:56:55] INFO training_time: 160.13647294044495
[2026-02-05 19:56:55] INFO inference_time: 11.051422595977783
[2026-02-05 19:56:55] INFO ndcg@20 improved. Best value: 0.0231
[2026-02-05 19:56:55] INFO Best model checkpoint saved in saved/SASRec/noisy_10/2026-02-05-19-53-58-907540.ckpt.
[2026-02-05 19:57:07] INFO {'epoch': 14, 'toy_10_ndcg@20': tensor(0.0238), 'toy_10_recall@20': tensor(0.0535), 'ndcg@20': tensor(0.0238), 'recall@20': tensor(0.0535), 'train_loss_0': tensor(0.7565, device='cuda:0')}
[2026-02-05 19:57:07] INFO training_time: 171.5674238204956
[2026-02-05 19:57:07] INFO inference_time: 11.879044771194458
[2026-02-05 19:57:07] INFO ndcg@20 improved. Best value: 0.0238
[2026-02-05 19:57:07] INFO Best model checkpoint saved in saved/SASRec/noisy_10/2026-02-05-19-53-58-907540.ckpt.
[2026-02-05 19:57:19] INFO {'epoch': 15, 'toy_10_ndcg@20': tensor(0.0252), 'toy_10_recall@20': tensor(0.0556), 'ndcg@20': tensor(0.0252), 'recall@20': tensor(0.0556), 'train_loss_0': tensor(0.7303, device='cuda:0')}
[2026-02-05 19:57:19] INFO training_time: 182.98020672798157
[2026-02-05 19:57:19] INFO inference_time: 12.576795816421509
[2026-02-05 19:57:19] INFO ndcg@20 improved. Best value: 0.0252
[2026-02-05 19:57:19] INFO Best model checkpoint saved in saved/SASRec/noisy_10/2026-02-05-19-53-58-907540.ckpt.
[2026-02-05 19:57:31] INFO {'epoch': 16, 'toy_10_ndcg@20': tensor(0.0261), 'toy_10_recall@20': tensor(0.0568), 'ndcg@20': tensor(0.0261), 'recall@20': tensor(0.0568), 'train_loss_0': tensor(0.7104, device='cuda:0')}
[2026-02-05 19:57:31] INFO training_time: 194.46669483184814
[2026-02-05 19:57:31] INFO inference_time: 13.281731605529785
[2026-02-05 19:57:32] INFO ndcg@20 improved. Best value: 0.0261
[2026-02-05 19:57:32] INFO Best model checkpoint saved in saved/SASRec/noisy_10/2026-02-05-19-53-58-907540.ckpt.
[2026-02-05 19:57:44] INFO {'epoch': 17, 'toy_10_ndcg@20': tensor(0.0272), 'toy_10_recall@20': tensor(0.0590), 'ndcg@20': tensor(0.0272), 'recall@20': tensor(0.0590), 'train_loss_0': tensor(0.6867, device='cuda:0')}
[2026-02-05 19:57:44] INFO training_time: 205.85201382637024
[2026-02-05 19:57:44] INFO inference_time: 13.916324853897095
[2026-02-05 19:57:44] INFO ndcg@20 improved. Best value: 0.0272
[2026-02-05 19:57:44] INFO Best model checkpoint saved in saved/SASRec/noisy_10/2026-02-05-19-53-58-907540.ckpt.
[2026-02-05 19:57:56] INFO {'epoch': 18, 'toy_10_ndcg@20': tensor(0.0273), 'toy_10_recall@20': tensor(0.0591), 'ndcg@20': tensor(0.0273), 'recall@20': tensor(0.0591), 'train_loss_0': tensor(0.6688, device='cuda:0')}
[2026-02-05 19:57:56] INFO training_time: 217.29488968849182
[2026-02-05 19:57:56] INFO inference_time: 14.563822746276855
[2026-02-05 19:57:56] INFO ndcg@20 improved. Best value: 0.0273
[2026-02-05 19:57:56] INFO Best model checkpoint saved in saved/SASRec/noisy_10/2026-02-05-19-53-58-907540.ckpt.
[2026-02-05 19:58:08] INFO {'epoch': 19, 'toy_10_ndcg@20': tensor(0.0278), 'toy_10_recall@20': tensor(0.0582), 'ndcg@20': tensor(0.0278), 'recall@20': tensor(0.0582), 'train_loss_0': tensor(0.6465, device='cuda:0')}
[2026-02-05 19:58:08] INFO training_time: 228.61967039108276
[2026-02-05 19:58:08] INFO inference_time: 15.206211805343628
[2026-02-05 19:58:08] INFO ndcg@20 improved. Best value: 0.0278
[2026-02-05 19:58:08] INFO Best model checkpoint saved in saved/SASRec/noisy_10/2026-02-05-19-53-58-907540.ckpt.
[2026-02-05 19:58:20] INFO {'epoch': 20, 'toy_10_ndcg@20': tensor(0.0277), 'toy_10_recall@20': tensor(0.0596), 'ndcg@20': tensor(0.0277), 'recall@20': tensor(0.0596), 'train_loss_0': tensor(0.6324, device='cuda:0')}
[2026-02-05 19:58:20] INFO training_time: 239.8394250869751
[2026-02-05 19:58:20] INFO inference_time: 16.34938406944275
[2026-02-05 19:58:32] INFO {'epoch': 21, 'toy_10_ndcg@20': tensor(0.0285), 'toy_10_recall@20': tensor(0.0619), 'ndcg@20': tensor(0.0285), 'recall@20': tensor(0.0619), 'train_loss_0': tensor(0.6197, device='cuda:0')}
[2026-02-05 19:58:32] INFO training_time: 251.22318315505981
[2026-02-05 19:58:32] INFO inference_time: 17.163463830947876
[2026-02-05 19:58:32] INFO ndcg@20 improved. Best value: 0.0285
[2026-02-05 19:58:32] INFO Best model checkpoint saved in saved/SASRec/noisy_10/2026-02-05-19-53-58-907540.ckpt.
[2026-02-05 19:58:44] INFO {'epoch': 22, 'toy_10_ndcg@20': tensor(0.0292), 'toy_10_recall@20': tensor(0.0623), 'ndcg@20': tensor(0.0292), 'recall@20': tensor(0.0623), 'train_loss_0': tensor(0.6078, device='cuda:0')}
[2026-02-05 19:58:44] INFO training_time: 262.51926469802856
[2026-02-05 19:58:44] INFO inference_time: 17.97918391227722
[2026-02-05 19:58:44] INFO ndcg@20 improved. Best value: 0.0292
[2026-02-05 19:58:44] INFO Best model checkpoint saved in saved/SASRec/noisy_10/2026-02-05-19-53-58-907540.ckpt.
[2026-02-05 19:58:56] INFO {'epoch': 23, 'toy_10_ndcg@20': tensor(0.0294), 'toy_10_recall@20': tensor(0.0619), 'ndcg@20': tensor(0.0294), 'recall@20': tensor(0.0619), 'train_loss_0': tensor(0.5950, device='cuda:0')}
[2026-02-05 19:58:56] INFO training_time: 273.8233919143677
[2026-02-05 19:58:56] INFO inference_time: 18.554637908935547
[2026-02-05 19:58:56] INFO ndcg@20 improved. Best value: 0.0294
[2026-02-05 19:58:56] INFO Best model checkpoint saved in saved/SASRec/noisy_10/2026-02-05-19-53-58-907540.ckpt.
[2026-02-05 19:59:08] INFO {'epoch': 24, 'toy_10_ndcg@20': tensor(0.0299), 'toy_10_recall@20': tensor(0.0627), 'ndcg@20': tensor(0.0299), 'recall@20': tensor(0.0627), 'train_loss_0': tensor(0.5887, device='cuda:0')}
[2026-02-05 19:59:08] INFO training_time: 284.98675060272217
[2026-02-05 19:59:08] INFO inference_time: 19.484686136245728
[2026-02-05 19:59:08] INFO ndcg@20 improved. Best value: 0.0299
[2026-02-05 19:59:08] INFO Best model checkpoint saved in saved/SASRec/noisy_10/2026-02-05-19-53-58-907540.ckpt.
[2026-02-05 19:59:20] INFO {'epoch': 25, 'toy_10_ndcg@20': tensor(0.0291), 'toy_10_recall@20': tensor(0.0614), 'ndcg@20': tensor(0.0291), 'recall@20': tensor(0.0614), 'train_loss_0': tensor(0.5744, device='cuda:0')}
[2026-02-05 19:59:20] INFO training_time: 296.3589382171631
[2026-02-05 19:59:20] INFO inference_time: 20.1673686504364
[2026-02-05 19:59:33] INFO {'epoch': 26, 'toy_10_ndcg@20': tensor(0.0303), 'toy_10_recall@20': tensor(0.0633), 'ndcg@20': tensor(0.0303), 'recall@20': tensor(0.0633), 'train_loss_0': tensor(0.5618, device='cuda:0')}
[2026-02-05 19:59:33] INFO training_time: 307.72323727607727
[2026-02-05 19:59:33] INFO inference_time: 20.87748646736145
[2026-02-05 19:59:33] INFO ndcg@20 improved. Best value: 0.0303
[2026-02-05 19:59:33] INFO Best model checkpoint saved in saved/SASRec/noisy_10/2026-02-05-19-53-58-907540.ckpt.
[2026-02-05 19:59:45] INFO {'epoch': 27, 'toy_10_ndcg@20': tensor(0.0305), 'toy_10_recall@20': tensor(0.0645), 'ndcg@20': tensor(0.0305), 'recall@20': tensor(0.0645), 'train_loss_0': tensor(0.5529, device='cuda:0')}
[2026-02-05 19:59:45] INFO training_time: 319.04458689689636
[2026-02-05 19:59:45] INFO inference_time: 21.62757921218872
[2026-02-05 19:59:45] INFO ndcg@20 improved. Best value: 0.0305
[2026-02-05 19:59:45] INFO Best model checkpoint saved in saved/SASRec/noisy_10/2026-02-05-19-53-58-907540.ckpt.
[2026-02-05 19:59:57] INFO {'epoch': 28, 'toy_10_ndcg@20': tensor(0.0312), 'toy_10_recall@20': tensor(0.0654), 'ndcg@20': tensor(0.0312), 'recall@20': tensor(0.0654), 'train_loss_0': tensor(0.5490, device='cuda:0')}
[2026-02-05 19:59:57] INFO training_time: 330.4901010990143
[2026-02-05 19:59:57] INFO inference_time: 22.363911151885986
[2026-02-05 19:59:57] INFO ndcg@20 improved. Best value: 0.0312
[2026-02-05 19:59:57] INFO Best model checkpoint saved in saved/SASRec/noisy_10/2026-02-05-19-53-58-907540.ckpt.
[2026-02-05 20:00:09] INFO {'epoch': 29, 'toy_10_ndcg@20': tensor(0.0308), 'toy_10_recall@20': tensor(0.0652), 'ndcg@20': tensor(0.0308), 'recall@20': tensor(0.0652), 'train_loss_0': tensor(0.5375, device='cuda:0')}
[2026-02-05 20:00:09] INFO training_time: 341.8545677661896
[2026-02-05 20:00:09] INFO inference_time: 23.048984050750732
[2026-02-05 20:00:21] INFO {'epoch': 30, 'toy_10_ndcg@20': tensor(0.0317), 'toy_10_recall@20': tensor(0.0667), 'ndcg@20': tensor(0.0317), 'recall@20': tensor(0.0667), 'train_loss_0': tensor(0.5358, device='cuda:0')}
[2026-02-05 20:00:21] INFO training_time: 353.15376353263855
[2026-02-05 20:00:21] INFO inference_time: 24.15002179145813
[2026-02-05 20:00:21] INFO ndcg@20 improved. Best value: 0.0317
[2026-02-05 20:00:21] INFO Best model checkpoint saved in saved/SASRec/noisy_10/2026-02-05-19-53-58-907540.ckpt.
[2026-02-05 20:00:33] INFO {'epoch': 31, 'toy_10_ndcg@20': tensor(0.0314), 'toy_10_recall@20': tensor(0.0669), 'ndcg@20': tensor(0.0314), 'recall@20': tensor(0.0669), 'train_loss_0': tensor(0.5227, device='cuda:0')}
[2026-02-05 20:00:33] INFO training_time: 364.4170162677765
[2026-02-05 20:00:33] INFO inference_time: 24.86052918434143
[2026-02-05 20:00:45] INFO {'epoch': 32, 'toy_10_ndcg@20': tensor(0.0309), 'toy_10_recall@20': tensor(0.0659), 'ndcg@20': tensor(0.0309), 'recall@20': tensor(0.0659), 'train_loss_0': tensor(0.5202, device='cuda:0')}
[2026-02-05 20:00:45] INFO training_time: 375.72544384002686
[2026-02-05 20:00:45] INFO inference_time: 25.68374514579773
[2026-02-05 20:00:57] INFO {'epoch': 33, 'toy_10_ndcg@20': tensor(0.0319), 'toy_10_recall@20': tensor(0.0675), 'ndcg@20': tensor(0.0319), 'recall@20': tensor(0.0675), 'train_loss_0': tensor(0.5141, device='cuda:0')}
[2026-02-05 20:00:57] INFO training_time: 387.0245831012726
[2026-02-05 20:00:57] INFO inference_time: 26.3318989276886
[2026-02-05 20:00:57] INFO ndcg@20 improved. Best value: 0.0319
[2026-02-05 20:00:57] INFO Best model checkpoint saved in saved/SASRec/noisy_10/2026-02-05-19-53-58-907540.ckpt.
[2026-02-05 20:01:10] INFO {'epoch': 34, 'toy_10_ndcg@20': tensor(0.0318), 'toy_10_recall@20': tensor(0.0666), 'ndcg@20': tensor(0.0318), 'recall@20': tensor(0.0666), 'train_loss_0': tensor(0.5101, device='cuda:0')}
[2026-02-05 20:01:10] INFO training_time: 398.42148089408875
[2026-02-05 20:01:10] INFO inference_time: 27.03687286376953
[2026-02-05 20:01:22] INFO {'epoch': 35, 'toy_10_ndcg@20': tensor(0.0323), 'toy_10_recall@20': tensor(0.0689), 'ndcg@20': tensor(0.0323), 'recall@20': tensor(0.0689), 'train_loss_0': tensor(0.5014, device='cuda:0')}
[2026-02-05 20:01:22] INFO training_time: 409.8348035812378
[2026-02-05 20:01:22] INFO inference_time: 27.738476753234863
[2026-02-05 20:01:22] INFO ndcg@20 improved. Best value: 0.0323
[2026-02-05 20:01:22] INFO Best model checkpoint saved in saved/SASRec/noisy_10/2026-02-05-19-53-58-907540.ckpt.
[2026-02-05 20:01:33] INFO {'epoch': 36, 'toy_10_ndcg@20': tensor(0.0322), 'toy_10_recall@20': tensor(0.0683), 'ndcg@20': tensor(0.0322), 'recall@20': tensor(0.0683), 'train_loss_0': tensor(0.5009, device='cuda:0')}
[2026-02-05 20:01:33] INFO training_time: 421.04368591308594
[2026-02-05 20:01:33] INFO inference_time: 28.332904815673828
[2026-02-05 20:01:45] INFO {'epoch': 37, 'toy_10_ndcg@20': tensor(0.0327), 'toy_10_recall@20': tensor(0.0700), 'ndcg@20': tensor(0.0327), 'recall@20': tensor(0.0700), 'train_loss_0': tensor(0.4939, device='cuda:0')}
[2026-02-05 20:01:45] INFO training_time: 432.2951490879059
[2026-02-05 20:01:45] INFO inference_time: 28.98865008354187
[2026-02-05 20:01:45] INFO ndcg@20 improved. Best value: 0.0327
[2026-02-05 20:01:45] INFO Best model checkpoint saved in saved/SASRec/noisy_10/2026-02-05-19-53-58-907540.ckpt.
[2026-02-05 20:01:57] INFO {'epoch': 38, 'toy_10_ndcg@20': tensor(0.0328), 'toy_10_recall@20': tensor(0.0698), 'ndcg@20': tensor(0.0328), 'recall@20': tensor(0.0698), 'train_loss_0': tensor(0.4882, device='cuda:0')}
[2026-02-05 20:01:57] INFO training_time: 443.6666748523712
[2026-02-05 20:01:57] INFO inference_time: 29.681999921798706
[2026-02-05 20:01:57] INFO ndcg@20 improved. Best value: 0.0328
[2026-02-05 20:01:57] INFO Best model checkpoint saved in saved/SASRec/noisy_10/2026-02-05-19-53-58-907540.ckpt.
[2026-02-05 20:02:09] INFO {'epoch': 39, 'toy_10_ndcg@20': tensor(0.0327), 'toy_10_recall@20': tensor(0.0686), 'ndcg@20': tensor(0.0327), 'recall@20': tensor(0.0686), 'train_loss_0': tensor(0.4868, device='cuda:0')}
[2026-02-05 20:02:09] INFO training_time: 455.04211044311523
[2026-02-05 20:02:09] INFO inference_time: 30.326393127441406
[2026-02-05 20:02:22] INFO {'epoch': 40, 'toy_10_ndcg@20': tensor(0.0326), 'toy_10_recall@20': tensor(0.0684), 'ndcg@20': tensor(0.0326), 'recall@20': tensor(0.0684), 'train_loss_0': tensor(0.4816, device='cuda:0')}
[2026-02-05 20:02:22] INFO training_time: 466.31648421287537
[2026-02-05 20:02:22] INFO inference_time: 31.25232195854187
[2026-02-05 20:02:34] INFO {'epoch': 41, 'toy_10_ndcg@20': tensor(0.0321), 'toy_10_recall@20': tensor(0.0688), 'ndcg@20': tensor(0.0321), 'recall@20': tensor(0.0688), 'train_loss_0': tensor(0.4809, device='cuda:0')}
[2026-02-05 20:02:34] INFO training_time: 477.78001832962036
[2026-02-05 20:02:34] INFO inference_time: 31.939562559127808
[2026-02-05 20:02:46] INFO {'epoch': 42, 'toy_10_ndcg@20': tensor(0.0321), 'toy_10_recall@20': tensor(0.0673), 'ndcg@20': tensor(0.0321), 'recall@20': tensor(0.0673), 'train_loss_0': tensor(0.4763, device='cuda:0')}
[2026-02-05 20:02:46] INFO training_time: 488.9993734359741
[2026-02-05 20:02:46] INFO inference_time: 32.725109577178955
[2026-02-05 20:02:58] INFO {'epoch': 43, 'toy_10_ndcg@20': tensor(0.0321), 'toy_10_recall@20': tensor(0.0683), 'ndcg@20': tensor(0.0321), 'recall@20': tensor(0.0683), 'train_loss_0': tensor(0.4713, device='cuda:0')}
[2026-02-05 20:02:58] INFO training_time: 500.2624988555908
[2026-02-05 20:02:58] INFO inference_time: 33.55853819847107
[2026-02-05 20:03:10] INFO {'epoch': 44, 'toy_10_ndcg@20': tensor(0.0321), 'toy_10_recall@20': tensor(0.0690), 'ndcg@20': tensor(0.0321), 'recall@20': tensor(0.0690), 'train_loss_0': tensor(0.4691, device='cuda:0')}
[2026-02-05 20:03:10] INFO training_time: 511.6092195510864
[2026-02-05 20:03:10] INFO inference_time: 34.331883668899536
[2026-02-05 20:03:22] INFO {'epoch': 45, 'toy_10_ndcg@20': tensor(0.0333), 'toy_10_recall@20': tensor(0.0706), 'ndcg@20': tensor(0.0333), 'recall@20': tensor(0.0706), 'train_loss_0': tensor(0.4697, device='cuda:0')}
[2026-02-05 20:03:22] INFO training_time: 522.990647315979
[2026-02-05 20:03:22] INFO inference_time: 34.9193971157074
[2026-02-05 20:03:22] INFO ndcg@20 improved. Best value: 0.0333
[2026-02-05 20:03:22] INFO Best model checkpoint saved in saved/SASRec/noisy_10/2026-02-05-19-53-58-907540.ckpt.
[2026-02-05 20:03:34] INFO {'epoch': 46, 'toy_10_ndcg@20': tensor(0.0337), 'toy_10_recall@20': tensor(0.0715), 'ndcg@20': tensor(0.0337), 'recall@20': tensor(0.0715), 'train_loss_0': tensor(0.4688, device='cuda:0')}
[2026-02-05 20:03:34] INFO training_time: 534.2601704597473
[2026-02-05 20:03:34] INFO inference_time: 35.85228371620178
[2026-02-05 20:03:34] INFO ndcg@20 improved. Best value: 0.0337
[2026-02-05 20:03:34] INFO Best model checkpoint saved in saved/SASRec/noisy_10/2026-02-05-19-53-58-907540.ckpt.
[2026-02-05 20:03:46] INFO {'epoch': 47, 'toy_10_ndcg@20': tensor(0.0335), 'toy_10_recall@20': tensor(0.0702), 'ndcg@20': tensor(0.0335), 'recall@20': tensor(0.0702), 'train_loss_0': tensor(0.4632, device='cuda:0')}
[2026-02-05 20:03:46] INFO training_time: 545.6433637142181
[2026-02-05 20:03:46] INFO inference_time: 36.62916541099548
[2026-02-05 20:03:58] INFO {'epoch': 48, 'toy_10_ndcg@20': tensor(0.0334), 'toy_10_recall@20': tensor(0.0710), 'ndcg@20': tensor(0.0334), 'recall@20': tensor(0.0710), 'train_loss_0': tensor(0.4665, device='cuda:0')}
[2026-02-05 20:03:58] INFO training_time: 556.7607827186584
[2026-02-05 20:03:58] INFO inference_time: 37.353200912475586
[2026-02-05 20:04:11] INFO {'epoch': 49, 'toy_10_ndcg@20': tensor(0.0332), 'toy_10_recall@20': tensor(0.0703), 'ndcg@20': tensor(0.0332), 'recall@20': tensor(0.0703), 'train_loss_0': tensor(0.4601, device='cuda:0')}
[2026-02-05 20:04:11] INFO training_time: 568.0968642234802
[2026-02-05 20:04:11] INFO inference_time: 38.22124242782593
[2026-02-05 20:04:23] INFO {'epoch': 50, 'toy_10_ndcg@20': tensor(0.0348), 'toy_10_recall@20': tensor(0.0721), 'ndcg@20': tensor(0.0348), 'recall@20': tensor(0.0721), 'train_loss_0': tensor(0.4559, device='cuda:0')}
[2026-02-05 20:04:23] INFO training_time: 579.2882661819458
[2026-02-05 20:04:23] INFO inference_time: 39.107046604156494
[2026-02-05 20:04:23] INFO ndcg@20 improved. Best value: 0.0348
[2026-02-05 20:04:23] INFO Best model checkpoint saved in saved/SASRec/noisy_10/2026-02-05-19-53-58-907540.ckpt.
[2026-02-05 20:04:35] INFO {'epoch': 51, 'toy_10_ndcg@20': tensor(0.0343), 'toy_10_recall@20': tensor(0.0729), 'ndcg@20': tensor(0.0343), 'recall@20': tensor(0.0729), 'train_loss_0': tensor(0.4539, device='cuda:0')}
[2026-02-05 20:04:35] INFO training_time: 590.7426450252533
[2026-02-05 20:04:35] INFO inference_time: 39.71218276023865
[2026-02-05 20:04:47] INFO {'epoch': 52, 'toy_10_ndcg@20': tensor(0.0339), 'toy_10_recall@20': tensor(0.0718), 'ndcg@20': tensor(0.0339), 'recall@20': tensor(0.0718), 'train_loss_0': tensor(0.4561, device='cuda:0')}
[2026-02-05 20:04:47] INFO training_time: 602.0219714641571
[2026-02-05 20:04:47] INFO inference_time: 40.33322286605835
[2026-02-05 20:04:59] INFO {'epoch': 53, 'toy_10_ndcg@20': tensor(0.0344), 'toy_10_recall@20': tensor(0.0733), 'ndcg@20': tensor(0.0344), 'recall@20': tensor(0.0733), 'train_loss_0': tensor(0.4498, device='cuda:0')}
[2026-02-05 20:04:59] INFO training_time: 613.5156078338623
[2026-02-05 20:04:59] INFO inference_time: 40.9418089389801
[2026-02-05 20:05:11] INFO {'epoch': 54, 'toy_10_ndcg@20': tensor(0.0353), 'toy_10_recall@20': tensor(0.0739), 'ndcg@20': tensor(0.0353), 'recall@20': tensor(0.0739), 'train_loss_0': tensor(0.4530, device='cuda:0')}
[2026-02-05 20:05:11] INFO training_time: 624.8906245231628
[2026-02-05 20:05:11] INFO inference_time: 41.76573705673218
[2026-02-05 20:05:11] INFO ndcg@20 improved. Best value: 0.0353
[2026-02-05 20:05:11] INFO Best model checkpoint saved in saved/SASRec/noisy_10/2026-02-05-19-53-58-907540.ckpt.
[2026-02-05 20:05:23] INFO {'epoch': 55, 'toy_10_ndcg@20': tensor(0.0339), 'toy_10_recall@20': tensor(0.0716), 'ndcg@20': tensor(0.0339), 'recall@20': tensor(0.0716), 'train_loss_0': tensor(0.4441, device='cuda:0')}
[2026-02-05 20:05:23] INFO training_time: 636.1373405456543
[2026-02-05 20:05:23] INFO inference_time: 42.5845263004303
[2026-02-05 20:05:35] INFO {'epoch': 56, 'toy_10_ndcg@20': tensor(0.0339), 'toy_10_recall@20': tensor(0.0708), 'ndcg@20': tensor(0.0339), 'recall@20': tensor(0.0708), 'train_loss_0': tensor(0.4412, device='cuda:0')}
[2026-02-05 20:05:35] INFO training_time: 647.4099054336548
[2026-02-05 20:05:35] INFO inference_time: 43.34968042373657
[2026-02-05 20:05:47] INFO {'epoch': 57, 'toy_10_ndcg@20': tensor(0.0341), 'toy_10_recall@20': tensor(0.0728), 'ndcg@20': tensor(0.0341), 'recall@20': tensor(0.0728), 'train_loss_0': tensor(0.4425, device='cuda:0')}
[2026-02-05 20:05:47] INFO training_time: 658.8703877925873
[2026-02-05 20:05:47] INFO inference_time: 44.14729189872742
[2026-02-05 20:05:59] INFO {'epoch': 58, 'toy_10_ndcg@20': tensor(0.0341), 'toy_10_recall@20': tensor(0.0721), 'ndcg@20': tensor(0.0341), 'recall@20': tensor(0.0721), 'train_loss_0': tensor(0.4449, device='cuda:0')}
[2026-02-05 20:05:59] INFO training_time: 670.0032320022583
[2026-02-05 20:05:59] INFO inference_time: 44.866994857788086
[2026-02-05 20:06:12] INFO {'epoch': 59, 'toy_10_ndcg@20': tensor(0.0336), 'toy_10_recall@20': tensor(0.0719), 'ndcg@20': tensor(0.0336), 'recall@20': tensor(0.0719), 'train_loss_0': tensor(0.4396, device='cuda:0')}
[2026-02-05 20:06:12] INFO training_time: 681.7116365432739
[2026-02-05 20:06:12] INFO inference_time: 45.53665280342102
[2026-02-05 20:06:24] INFO {'epoch': 60, 'toy_10_ndcg@20': tensor(0.0335), 'toy_10_recall@20': tensor(0.0707), 'ndcg@20': tensor(0.0335), 'recall@20': tensor(0.0707), 'train_loss_0': tensor(0.4393, device='cuda:0')}
[2026-02-05 20:06:24] INFO training_time: 693.0279603004456
[2026-02-05 20:06:24] INFO inference_time: 46.50291848182678
[2026-02-05 20:06:36] INFO {'epoch': 61, 'toy_10_ndcg@20': tensor(0.0333), 'toy_10_recall@20': tensor(0.0696), 'ndcg@20': tensor(0.0333), 'recall@20': tensor(0.0696), 'train_loss_0': tensor(0.4353, device='cuda:0')}
[2026-02-05 20:06:36] INFO training_time: 704.2779629230499
[2026-02-05 20:06:36] INFO inference_time: 47.408557176589966
[2026-02-05 20:06:48] INFO {'epoch': 62, 'toy_10_ndcg@20': tensor(0.0338), 'toy_10_recall@20': tensor(0.0708), 'ndcg@20': tensor(0.0338), 'recall@20': tensor(0.0708), 'train_loss_0': tensor(0.4386, device='cuda:0')}
[2026-02-05 20:06:48] INFO training_time: 715.5692002773285
[2026-02-05 20:06:48] INFO inference_time: 48.13602018356323
[2026-02-05 20:07:00] INFO {'epoch': 63, 'toy_10_ndcg@20': tensor(0.0346), 'toy_10_recall@20': tensor(0.0726), 'ndcg@20': tensor(0.0346), 'recall@20': tensor(0.0726), 'train_loss_0': tensor(0.4303, device='cuda:0')}
[2026-02-05 20:07:00] INFO training_time: 726.8801271915436
[2026-02-05 20:07:00] INFO inference_time: 48.75283718109131
[2026-02-05 20:07:12] INFO {'epoch': 64, 'toy_10_ndcg@20': tensor(0.0345), 'toy_10_recall@20': tensor(0.0723), 'ndcg@20': tensor(0.0345), 'recall@20': tensor(0.0723), 'train_loss_0': tensor(0.4329, device='cuda:0')}
[2026-02-05 20:07:12] INFO training_time: 738.3509962558746
[2026-02-05 20:07:12] INFO inference_time: 49.43564558029175
[2026-02-05 20:07:24] INFO {'epoch': 65, 'toy_10_ndcg@20': tensor(0.0342), 'toy_10_recall@20': tensor(0.0730), 'ndcg@20': tensor(0.0342), 'recall@20': tensor(0.0730), 'train_loss_0': tensor(0.4271, device='cuda:0')}
[2026-02-05 20:07:24] INFO training_time: 749.6397619247437
[2026-02-05 20:07:24] INFO inference_time: 50.184935331344604
[2026-02-05 20:07:36] INFO {'epoch': 66, 'toy_10_ndcg@20': tensor(0.0345), 'toy_10_recall@20': tensor(0.0732), 'ndcg@20': tensor(0.0345), 'recall@20': tensor(0.0732), 'train_loss_0': tensor(0.4290, device='cuda:0')}
[2026-02-05 20:07:36] INFO training_time: 761.1042532920837
[2026-02-05 20:07:36] INFO inference_time: 50.80483055114746
[2026-02-05 20:07:48] INFO {'epoch': 67, 'toy_10_ndcg@20': tensor(0.0341), 'toy_10_recall@20': tensor(0.0728), 'ndcg@20': tensor(0.0341), 'recall@20': tensor(0.0728), 'train_loss_0': tensor(0.4272, device='cuda:0')}
[2026-02-05 20:07:48] INFO training_time: 772.408757686615
[2026-02-05 20:07:48] INFO inference_time: 51.47848653793335
[2026-02-05 20:08:00] INFO {'epoch': 68, 'toy_10_ndcg@20': tensor(0.0349), 'toy_10_recall@20': tensor(0.0746), 'ndcg@20': tensor(0.0349), 'recall@20': tensor(0.0746), 'train_loss_0': tensor(0.4306, device='cuda:0')}
[2026-02-05 20:08:00] INFO training_time: 783.6405131816864
[2026-02-05 20:08:00] INFO inference_time: 52.100929975509644
[2026-02-05 20:08:12] INFO {'epoch': 69, 'toy_10_ndcg@20': tensor(0.0352), 'toy_10_recall@20': tensor(0.0742), 'ndcg@20': tensor(0.0352), 'recall@20': tensor(0.0742), 'train_loss_0': tensor(0.4240, device='cuda:0')}
[2026-02-05 20:08:12] INFO training_time: 795.1815104484558
[2026-02-05 20:08:12] INFO inference_time: 52.86770462989807
[2026-02-05 20:08:25] INFO {'epoch': 70, 'toy_10_ndcg@20': tensor(0.0349), 'toy_10_recall@20': tensor(0.0734), 'ndcg@20': tensor(0.0349), 'recall@20': tensor(0.0734), 'train_loss_0': tensor(0.4203, device='cuda:0')}
[2026-02-05 20:08:25] INFO training_time: 806.7333917617798
[2026-02-05 20:08:25] INFO inference_time: 53.71017003059387
[2026-02-05 20:08:37] INFO {'epoch': 71, 'toy_10_ndcg@20': tensor(0.0351), 'toy_10_recall@20': tensor(0.0740), 'ndcg@20': tensor(0.0351), 'recall@20': tensor(0.0740), 'train_loss_0': tensor(0.4286, device='cuda:0')}
[2026-02-05 20:08:37] INFO training_time: 818.1536912918091
[2026-02-05 20:08:37] INFO inference_time: 54.28740119934082
[2026-02-05 20:08:49] INFO {'epoch': 72, 'toy_10_ndcg@20': tensor(0.0352), 'toy_10_recall@20': tensor(0.0742), 'ndcg@20': tensor(0.0352), 'recall@20': tensor(0.0742), 'train_loss_0': tensor(0.4242, device='cuda:0')}
[2026-02-05 20:08:49] INFO training_time: 829.5063192844391
[2026-02-05 20:08:49] INFO inference_time: 55.08213543891907
[2026-02-05 20:09:01] INFO {'epoch': 73, 'toy_10_ndcg@20': tensor(0.0347), 'toy_10_recall@20': tensor(0.0730), 'ndcg@20': tensor(0.0347), 'recall@20': tensor(0.0730), 'train_loss_0': tensor(0.4266, device='cuda:0')}
[2026-02-05 20:09:01] INFO training_time: 840.8323037624359
[2026-02-05 20:09:01] INFO inference_time: 55.79517483711243
[2026-02-05 20:09:14] INFO {'epoch': 74, 'toy_10_ndcg@20': tensor(0.0350), 'toy_10_recall@20': tensor(0.0739), 'ndcg@20': tensor(0.0350), 'recall@20': tensor(0.0739), 'train_loss_0': tensor(0.4238, device='cuda:0')}
[2026-02-05 20:09:14] INFO training_time: 852.4894065856934
[2026-02-05 20:09:14] INFO inference_time: 56.61131501197815
[2026-02-05 20:09:14] INFO Early stopped. Since the metric ndcg@20 haven't been improved for 20 epochs.
[2026-02-05 20:09:14] INFO The best score of ndcg@20 is 0.0353 on epoch 54
[2026-02-05 20:09:14] INFO Best model checkpoint saved in saved/SASRec/noisy_10/2026-02-05-19-53-58-907540.ckpt.
[2026-02-05 20:09:14] INFO defaultdict(<class 'float'>, {'toy_10_ndcg@20': tensor(0.0290), 'toy_10_recall@20': tensor(0.0594), 'toy_10_ndcg@10': tensor(0.0250), 'toy_10_recall@10': tensor(0.0438), 'ndcg@20': tensor(0.0290), 'recall@20': tensor(0.0594), 'ndcg@10': tensor(0.0250), 'recall@10': tensor(0.0438)})
