[2026-02-09 12:14:07] INFO PID of this process: 981610
[2026-02-09 12:14:15] INFO {'model': {'embed_dim': 64, 'loss_fn': 'bce', 'sub_model': 'SASRec', 'hidden_size': 128, 'layer_num': 2, 'head_num': 2, 'dropout_rate': 0.5, 'activation': 'gelu', 'tau_min': 1, 'layer_norm_eps': 1e-12, 'model': 'MetaModel'}, 'data': {'domain_name_list': ['toy_10'], 'user_threshold': 5, 'item_threshold': 5, 'max_seq_len': 50, 'dataset_class': 'general', 'train_file': '_regen', 'dataset': 'noisy_10'}, 'train': {'batch_size': 256, 'early_stop_mode': 'max', 'early_stop_patience': 20, 'epochs': 1000, 'device': 'cuda', 'optimizer': 'adam', 'learning_rate': 0.001, 'weight_decay': 0, 'num_neg': 1, 'seed': 2024, 'interval': 30, 'meta_optimizer': 'sgd', 'meta_learning_rate': 0.001, 'hpo_learning_rate': 0.001, 'meta_weight_decay': 0.001, 'descent_step': 30, 'warmup_epoch': 10}, 'eval': {'batch_size': 2048, 'cutoff': [20, 10], 'val_metrics': ['ndcg', 'recall'], 'test_metrics': ['ndcg', 'recall'], 'topk': 100, 'save_path': './saved/'}}
[2026-02-09 12:14:15] INFO <data.dataset.SeparateDataset object at 0x7f772c1421f0>
[2026-02-09 12:14:15] INFO save_dir:saved
[2026-02-09 12:14:15] INFO {'model': {'embed_dim': 64, 'loss_fn': 'bce', 'hidden_size': 128, 'layer_num': 2, 'head_num': 2, 'dropout_rate': 0.5, 'activation': 'gelu', 'layer_norm_eps': 1e-12, 'model': 'SASRec'}, 'data': {'domain_name_list': ['sport_10'], 'user_threshold': 5, 'item_threshold': 5, 'max_seq_len': 50, 'dataset_class': 'general', 'train_file': '_regen', 'dataset': 'noisy_10'}, 'train': {'batch_size': 256, 'early_stop_mode': 'max', 'early_stop_patience': 20, 'epochs': 1000, 'device': 0, 'optimizer': 'adam', 'learning_rate': 0.001, 'weight_decay': 0, 'num_neg': 1, 'seed': 2024}, 'eval': {'batch_size': 2048, 'cutoff': [20, 10], 'val_metrics': ['ndcg', 'recall'], 'test_metrics': ['ndcg', 'recall'], 'topk': 100, 'save_path': './saved/'}}
[2026-02-09 12:14:15] INFO MetaModel(
  (item_embedding): Embedding(11925, 64, padding_idx=0)
  (sub_model): SASRec(
    (item_embedding): Embedding(11925, 64, padding_idx=0)
    (query_encoder): SASRecQueryEncoder(
      (item_encoder): Embedding(11925, 64, padding_idx=0)
      (position_emb): Embedding(50, 64)
      (transformer_layer): TransformerEncoder(
        (layers): ModuleList(
          (0): TransformerEncoderLayer(
            (self_attn): MultiheadAttention(
              (out_proj): NonDynamicallyQuantizableLinear(in_features=64, out_features=64, bias=True)
            )
            (linear1): Linear(in_features=64, out_features=128, bias=True)
            (dropout): Dropout(p=0.5, inplace=False)
            (linear2): Linear(in_features=128, out_features=64, bias=True)
            (norm1): LayerNorm((64,), eps=1e-12, elementwise_affine=True)
            (norm2): LayerNorm((64,), eps=1e-12, elementwise_affine=True)
            (dropout1): Dropout(p=0.5, inplace=False)
            (dropout2): Dropout(p=0.5, inplace=False)
          )
          (1): TransformerEncoderLayer(
            (self_attn): MultiheadAttention(
              (out_proj): NonDynamicallyQuantizableLinear(in_features=64, out_features=64, bias=True)
            )
            (linear1): Linear(in_features=64, out_features=128, bias=True)
            (dropout): Dropout(p=0.5, inplace=False)
            (linear2): Linear(in_features=128, out_features=64, bias=True)
            (norm1): LayerNorm((64,), eps=1e-12, elementwise_affine=True)
            (norm2): LayerNorm((64,), eps=1e-12, elementwise_affine=True)
            (dropout1): Dropout(p=0.5, inplace=False)
            (dropout2): Dropout(p=0.5, inplace=False)
          )
        )
      )
      (dropout): Dropout(p=0.5, inplace=False)
      (training_pooling_layer): SeqPoolingLayer()
      (eval_pooling_layer): SeqPoolingLayer()
    )
    (loss_fn): BinaryCrossEntropyLoss()
  )
  (meta_module): Sequential(
    (0): Linear(in_features=64, out_features=64, bias=True)
    (1): ReLU()
    (2): Linear(in_features=64, out_features=2, bias=True)
  )
)
[2026-02-09 12:15:00] INFO {'epoch': 0, 'toy_10_ndcg@20': tensor(0.0078), 'toy_10_recall@20': tensor(0.0198), 'ndcg@20': tensor(0.0078), 'recall@20': tensor(0.0198), 'train_loss_0': tensor(1.2411, device='cuda:0')}
[2026-02-09 12:15:00] INFO training_time: 43.69045400619507
[2026-02-09 12:15:00] INFO inference_time: 1.1021296977996826
[2026-02-09 12:15:00] INFO ndcg@20 improved. Best value: 0.0078
[2026-02-09 12:15:00] INFO Best model checkpoint saved in saved/MetaModel/noisy_10/2026-02-09-12-14-07-409137.ckpt.
[2026-02-09 12:15:48] INFO {'epoch': 1, 'toy_10_ndcg@20': tensor(0.0168), 'toy_10_recall@20': tensor(0.0374), 'ndcg@20': tensor(0.0168), 'recall@20': tensor(0.0374), 'train_loss_0': tensor(1.0745, device='cuda:0')}
[2026-02-09 12:15:48] INFO training_time: 91.24251222610474
[2026-02-09 12:15:48] INFO inference_time: 1.955833911895752
[2026-02-09 12:15:48] INFO ndcg@20 improved. Best value: 0.0168
[2026-02-09 12:15:48] INFO Best model checkpoint saved in saved/MetaModel/noisy_10/2026-02-09-12-14-07-409137.ckpt.
[2026-02-09 12:16:36] INFO {'epoch': 2, 'toy_10_ndcg@20': tensor(0.0257), 'toy_10_recall@20': tensor(0.0571), 'ndcg@20': tensor(0.0257), 'recall@20': tensor(0.0571), 'train_loss_0': tensor(0.9467, device='cuda:0')}
[2026-02-09 12:16:36] INFO training_time: 138.73600244522095
[2026-02-09 12:16:36] INFO inference_time: 2.7133865356445312
[2026-02-09 12:16:36] INFO ndcg@20 improved. Best value: 0.0257
[2026-02-09 12:16:36] INFO Best model checkpoint saved in saved/MetaModel/noisy_10/2026-02-09-12-14-07-409137.ckpt.
[2026-02-09 12:17:25] INFO {'epoch': 3, 'toy_10_ndcg@20': tensor(0.0309), 'toy_10_recall@20': tensor(0.0675), 'ndcg@20': tensor(0.0309), 'recall@20': tensor(0.0675), 'train_loss_0': tensor(0.8475, device='cuda:0')}
[2026-02-09 12:17:25] INFO training_time: 186.58089923858643
[2026-02-09 12:17:25] INFO inference_time: 3.641892910003662
[2026-02-09 12:17:25] INFO ndcg@20 improved. Best value: 0.0309
[2026-02-09 12:17:25] INFO Best model checkpoint saved in saved/MetaModel/noisy_10/2026-02-09-12-14-07-409137.ckpt.
[2026-02-09 12:18:14] INFO {'epoch': 4, 'toy_10_ndcg@20': tensor(0.0345), 'toy_10_recall@20': tensor(0.0772), 'ndcg@20': tensor(0.0345), 'recall@20': tensor(0.0772), 'train_loss_0': tensor(0.7720, device='cuda:0')}
[2026-02-09 12:18:14] INFO training_time: 234.52978897094727
[2026-02-09 12:18:14] INFO inference_time: 4.352133750915527
[2026-02-09 12:18:14] INFO ndcg@20 improved. Best value: 0.0345
[2026-02-09 12:18:14] INFO Best model checkpoint saved in saved/MetaModel/noisy_10/2026-02-09-12-14-07-409137.ckpt.
[2026-02-09 12:19:02] INFO {'epoch': 5, 'toy_10_ndcg@20': tensor(0.0378), 'toy_10_recall@20': tensor(0.0841), 'ndcg@20': tensor(0.0378), 'recall@20': tensor(0.0841), 'train_loss_0': tensor(0.7126, device='cuda:0')}
[2026-02-09 12:19:02] INFO training_time: 282.0499277114868
[2026-02-09 12:19:02] INFO inference_time: 5.2234320640563965
[2026-02-09 12:19:02] INFO ndcg@20 improved. Best value: 0.0378
[2026-02-09 12:19:02] INFO Best model checkpoint saved in saved/MetaModel/noisy_10/2026-02-09-12-14-07-409137.ckpt.
[2026-02-09 12:19:47] INFO {'epoch': 6, 'toy_10_ndcg@20': tensor(0.0399), 'toy_10_recall@20': tensor(0.0883), 'ndcg@20': tensor(0.0399), 'recall@20': tensor(0.0883), 'train_loss_0': tensor(0.6699, device='cuda:0')}
[2026-02-09 12:19:47] INFO training_time: 325.838928937912
[2026-02-09 12:19:47] INFO inference_time: 6.046810626983643
[2026-02-09 12:19:47] INFO ndcg@20 improved. Best value: 0.0399
[2026-02-09 12:19:47] INFO Best model checkpoint saved in saved/MetaModel/noisy_10/2026-02-09-12-14-07-409137.ckpt.
[2026-02-09 12:20:29] INFO {'epoch': 7, 'toy_10_ndcg@20': tensor(0.0409), 'toy_10_recall@20': tensor(0.0898), 'ndcg@20': tensor(0.0409), 'recall@20': tensor(0.0898), 'train_loss_0': tensor(0.6374, device='cuda:0')}
[2026-02-09 12:20:29] INFO training_time: 367.26849389076233
[2026-02-09 12:20:29] INFO inference_time: 6.806128978729248
[2026-02-09 12:20:29] INFO ndcg@20 improved. Best value: 0.0409
[2026-02-09 12:20:29] INFO Best model checkpoint saved in saved/MetaModel/noisy_10/2026-02-09-12-14-07-409137.ckpt.
[2026-02-09 12:21:12] INFO {'epoch': 8, 'toy_10_ndcg@20': tensor(0.0431), 'toy_10_recall@20': tensor(0.0919), 'ndcg@20': tensor(0.0431), 'recall@20': tensor(0.0919), 'train_loss_0': tensor(0.6100, device='cuda:0')}
[2026-02-09 12:21:12] INFO training_time: 408.76034593582153
[2026-02-09 12:21:12] INFO inference_time: 7.75626802444458
[2026-02-09 12:21:12] INFO ndcg@20 improved. Best value: 0.0431
[2026-02-09 12:21:12] INFO Best model checkpoint saved in saved/MetaModel/noisy_10/2026-02-09-12-14-07-409137.ckpt.
[2026-02-09 12:21:54] INFO {'epoch': 9, 'toy_10_ndcg@20': tensor(0.0421), 'toy_10_recall@20': tensor(0.0924), 'ndcg@20': tensor(0.0421), 'recall@20': tensor(0.0924), 'train_loss_0': tensor(0.5883, device='cuda:0')}
[2026-02-09 12:21:54] INFO training_time: 450.19264340400696
[2026-02-09 12:21:54] INFO inference_time: 8.678659439086914
[2026-02-09 12:22:36] INFO {'epoch': 10, 'toy_10_ndcg@20': tensor(0.0436), 'toy_10_recall@20': tensor(0.0941), 'ndcg@20': tensor(0.0436), 'recall@20': tensor(0.0941), 'train_loss_0': tensor(0.5731, device='cuda:0')}
[2026-02-09 12:22:36] INFO training_time: 491.3558683395386
[2026-02-09 12:22:36] INFO inference_time: 9.794566869735718
[2026-02-09 12:22:36] INFO ndcg@20 improved. Best value: 0.0436
[2026-02-09 12:22:36] INFO Best model checkpoint saved in saved/MetaModel/noisy_10/2026-02-09-12-14-07-409137.ckpt.
[2026-02-09 12:23:38] INFO {'epoch': 11, 'toy_10_ndcg@20': tensor(0.0450), 'toy_10_recall@20': tensor(0.0958), 'ndcg@20': tensor(0.0450), 'recall@20': tensor(0.0958), 'train_loss_0': tensor(0.2847, device='cuda:0')}
[2026-02-09 12:23:38] INFO training_time: 551.9502410888672
[2026-02-09 12:23:38] INFO inference_time: 10.66471266746521
[2026-02-09 12:23:38] INFO ndcg@20 improved. Best value: 0.0450
[2026-02-09 12:23:38] INFO Best model checkpoint saved in saved/MetaModel/noisy_10/2026-02-09-12-14-07-409137.ckpt.
[2026-02-09 12:24:39] INFO {'epoch': 12, 'toy_10_ndcg@20': tensor(0.0459), 'toy_10_recall@20': tensor(0.0988), 'ndcg@20': tensor(0.0459), 'recall@20': tensor(0.0988), 'train_loss_0': tensor(0.2781, device='cuda:0')}
[2026-02-09 12:24:39] INFO training_time: 612.5866045951843
[2026-02-09 12:24:39] INFO inference_time: 11.441180944442749
[2026-02-09 12:24:39] INFO ndcg@20 improved. Best value: 0.0459
[2026-02-09 12:24:39] INFO Best model checkpoint saved in saved/MetaModel/noisy_10/2026-02-09-12-14-07-409137.ckpt.
[2026-02-09 12:25:40] INFO {'epoch': 13, 'toy_10_ndcg@20': tensor(0.0461), 'toy_10_recall@20': tensor(0.1001), 'ndcg@20': tensor(0.0461), 'recall@20': tensor(0.1001), 'train_loss_0': tensor(0.2741, device='cuda:0')}
[2026-02-09 12:25:40] INFO training_time: 672.673666715622
[2026-02-09 12:25:40] INFO inference_time: 12.403051376342773
[2026-02-09 12:25:40] INFO ndcg@20 improved. Best value: 0.0461
[2026-02-09 12:25:40] INFO Best model checkpoint saved in saved/MetaModel/noisy_10/2026-02-09-12-14-07-409137.ckpt.
[2026-02-09 12:26:42] INFO {'epoch': 14, 'toy_10_ndcg@20': tensor(0.0464), 'toy_10_recall@20': tensor(0.0987), 'ndcg@20': tensor(0.0464), 'recall@20': tensor(0.0987), 'train_loss_0': tensor(0.2724, device='cuda:0')}
[2026-02-09 12:26:42] INFO training_time: 733.7692348957062
[2026-02-09 12:26:42] INFO inference_time: 13.189525365829468
[2026-02-09 12:26:42] INFO ndcg@20 improved. Best value: 0.0464
[2026-02-09 12:26:42] INFO Best model checkpoint saved in saved/MetaModel/noisy_10/2026-02-09-12-14-07-409137.ckpt.
[2026-02-09 12:27:43] INFO {'epoch': 15, 'toy_10_ndcg@20': tensor(0.0473), 'toy_10_recall@20': tensor(0.1007), 'ndcg@20': tensor(0.0473), 'recall@20': tensor(0.1007), 'train_loss_0': tensor(0.2700, device='cuda:0')}
[2026-02-09 12:27:43] INFO training_time: 794.2015998363495
[2026-02-09 12:27:43] INFO inference_time: 14.031164169311523
[2026-02-09 12:27:43] INFO ndcg@20 improved. Best value: 0.0473
[2026-02-09 12:27:43] INFO Best model checkpoint saved in saved/MetaModel/noisy_10/2026-02-09-12-14-07-409137.ckpt.
[2026-02-09 12:28:43] INFO {'epoch': 16, 'toy_10_ndcg@20': tensor(0.0465), 'toy_10_recall@20': tensor(0.0999), 'ndcg@20': tensor(0.0465), 'recall@20': tensor(0.0999), 'train_loss_0': tensor(0.2701, device='cuda:0')}
[2026-02-09 12:28:43] INFO training_time: 853.4028296470642
[2026-02-09 12:28:43] INFO inference_time: 14.905190467834473
[2026-02-09 12:29:45] INFO {'epoch': 17, 'toy_10_ndcg@20': tensor(0.0475), 'toy_10_recall@20': tensor(0.1002), 'ndcg@20': tensor(0.0475), 'recall@20': tensor(0.1002), 'train_loss_0': tensor(0.2668, device='cuda:0')}
[2026-02-09 12:29:45] INFO training_time: 914.1878318786621
[2026-02-09 12:29:45] INFO inference_time: 15.677701950073242
[2026-02-09 12:29:45] INFO ndcg@20 improved. Best value: 0.0475
[2026-02-09 12:29:45] INFO Best model checkpoint saved in saved/MetaModel/noisy_10/2026-02-09-12-14-07-409137.ckpt.
[2026-02-09 12:30:45] INFO {'epoch': 18, 'toy_10_ndcg@20': tensor(0.0477), 'toy_10_recall@20': tensor(0.1007), 'ndcg@20': tensor(0.0477), 'recall@20': tensor(0.1007), 'train_loss_0': tensor(0.2669, device='cuda:0')}
[2026-02-09 12:30:45] INFO training_time: 973.4843742847443
[2026-02-09 12:30:45] INFO inference_time: 16.67654848098755
[2026-02-09 12:30:45] INFO ndcg@20 improved. Best value: 0.0477
[2026-02-09 12:30:45] INFO Best model checkpoint saved in saved/MetaModel/noisy_10/2026-02-09-12-14-07-409137.ckpt.
[2026-02-09 12:31:46] INFO {'epoch': 19, 'toy_10_ndcg@20': tensor(0.0475), 'toy_10_recall@20': tensor(0.0980), 'ndcg@20': tensor(0.0475), 'recall@20': tensor(0.0980), 'train_loss_0': tensor(0.2654, device='cuda:0')}
[2026-02-09 12:31:46] INFO training_time: 1033.5068867206573
[2026-02-09 12:31:46] INFO inference_time: 17.5503032207489
[2026-02-09 12:32:46] INFO {'epoch': 20, 'toy_10_ndcg@20': tensor(0.0480), 'toy_10_recall@20': tensor(0.1003), 'ndcg@20': tensor(0.0480), 'recall@20': tensor(0.1003), 'train_loss_0': tensor(0.2631, device='cuda:0')}
[2026-02-09 12:32:46] INFO training_time: 1092.214290857315
[2026-02-09 12:32:46] INFO inference_time: 18.650195121765137
[2026-02-09 12:32:46] INFO ndcg@20 improved. Best value: 0.0480
[2026-02-09 12:32:46] INFO Best model checkpoint saved in saved/MetaModel/noisy_10/2026-02-09-12-14-07-409137.ckpt.
[2026-02-09 12:33:46] INFO {'epoch': 21, 'toy_10_ndcg@20': tensor(0.0484), 'toy_10_recall@20': tensor(0.1013), 'ndcg@20': tensor(0.0484), 'recall@20': tensor(0.1013), 'train_loss_0': tensor(0.2615, device='cuda:0')}
[2026-02-09 12:33:46] INFO training_time: 1151.4321193695068
[2026-02-09 12:33:46] INFO inference_time: 19.394386768341064
[2026-02-09 12:33:46] INFO ndcg@20 improved. Best value: 0.0484
[2026-02-09 12:33:46] INFO Best model checkpoint saved in saved/MetaModel/noisy_10/2026-02-09-12-14-07-409137.ckpt.
[2026-02-09 12:34:46] INFO {'epoch': 22, 'toy_10_ndcg@20': tensor(0.0480), 'toy_10_recall@20': tensor(0.1018), 'ndcg@20': tensor(0.0480), 'recall@20': tensor(0.1018), 'train_loss_0': tensor(0.2601, device='cuda:0')}
[2026-02-09 12:34:46] INFO training_time: 1210.9292850494385
[2026-02-09 12:34:46] INFO inference_time: 20.135403156280518
[2026-02-09 12:35:46] INFO {'epoch': 23, 'toy_10_ndcg@20': tensor(0.0487), 'toy_10_recall@20': tensor(0.1025), 'ndcg@20': tensor(0.0487), 'recall@20': tensor(0.1025), 'train_loss_0': tensor(0.2566, device='cuda:0')}
[2026-02-09 12:35:46] INFO training_time: 1269.2273421287537
[2026-02-09 12:35:46] INFO inference_time: 21.082235097885132
[2026-02-09 12:35:46] INFO ndcg@20 improved. Best value: 0.0487
[2026-02-09 12:35:46] INFO Best model checkpoint saved in saved/MetaModel/noisy_10/2026-02-09-12-14-07-409137.ckpt.
[2026-02-09 12:36:46] INFO {'epoch': 24, 'toy_10_ndcg@20': tensor(0.0489), 'toy_10_recall@20': tensor(0.1030), 'ndcg@20': tensor(0.0489), 'recall@20': tensor(0.1030), 'train_loss_0': tensor(0.2545, device='cuda:0')}
[2026-02-09 12:36:46] INFO training_time: 1328.5352098941803
[2026-02-09 12:36:46] INFO inference_time: 22.021635055541992
[2026-02-09 12:36:46] INFO ndcg@20 improved. Best value: 0.0489
[2026-02-09 12:36:46] INFO Best model checkpoint saved in saved/MetaModel/noisy_10/2026-02-09-12-14-07-409137.ckpt.
[2026-02-09 12:37:46] INFO {'epoch': 25, 'toy_10_ndcg@20': tensor(0.0491), 'toy_10_recall@20': tensor(0.1029), 'ndcg@20': tensor(0.0491), 'recall@20': tensor(0.1029), 'train_loss_0': tensor(0.2548, device='cuda:0')}
[2026-02-09 12:37:46] INFO training_time: 1387.8543300628662
[2026-02-09 12:37:46] INFO inference_time: 22.753801345825195
[2026-02-09 12:37:46] INFO ndcg@20 improved. Best value: 0.0491
[2026-02-09 12:37:46] INFO Best model checkpoint saved in saved/MetaModel/noisy_10/2026-02-09-12-14-07-409137.ckpt.
[2026-02-09 12:38:46] INFO {'epoch': 26, 'toy_10_ndcg@20': tensor(0.0496), 'toy_10_recall@20': tensor(0.1045), 'ndcg@20': tensor(0.0496), 'recall@20': tensor(0.1045), 'train_loss_0': tensor(0.2523, device='cuda:0')}
[2026-02-09 12:38:46] INFO training_time: 1446.6734511852264
[2026-02-09 12:38:46] INFO inference_time: 23.57622718811035
[2026-02-09 12:38:46] INFO ndcg@20 improved. Best value: 0.0496
[2026-02-09 12:38:46] INFO Best model checkpoint saved in saved/MetaModel/noisy_10/2026-02-09-12-14-07-409137.ckpt.
[2026-02-09 12:39:46] INFO {'epoch': 27, 'toy_10_ndcg@20': tensor(0.0485), 'toy_10_recall@20': tensor(0.1044), 'ndcg@20': tensor(0.0485), 'recall@20': tensor(0.1044), 'train_loss_0': tensor(0.2510, device='cuda:0')}
[2026-02-09 12:39:46] INFO training_time: 1506.0373022556305
[2026-02-09 12:39:46] INFO inference_time: 24.223216772079468
[2026-02-09 12:40:45] INFO {'epoch': 28, 'toy_10_ndcg@20': tensor(0.0486), 'toy_10_recall@20': tensor(0.1026), 'ndcg@20': tensor(0.0486), 'recall@20': tensor(0.1026), 'train_loss_0': tensor(0.2493, device='cuda:0')}
[2026-02-09 12:40:45] INFO training_time: 1564.9905779361725
[2026-02-09 12:40:45] INFO inference_time: 24.89865016937256
[2026-02-09 12:41:46] INFO {'epoch': 29, 'toy_10_ndcg@20': tensor(0.0489), 'toy_10_recall@20': tensor(0.1029), 'ndcg@20': tensor(0.0489), 'recall@20': tensor(0.1029), 'train_loss_0': tensor(0.2477, device='cuda:0')}
[2026-02-09 12:41:46] INFO training_time: 1624.6569163799286
[2026-02-09 12:41:46] INFO inference_time: 25.658259391784668
[2026-02-09 12:42:45] INFO {'epoch': 30, 'toy_10_ndcg@20': tensor(0.0488), 'toy_10_recall@20': tensor(0.1035), 'ndcg@20': tensor(0.0488), 'recall@20': tensor(0.1035), 'train_loss_0': tensor(0.2452, device='cuda:0')}
[2026-02-09 12:42:45] INFO training_time: 1683.0584490299225
[2026-02-09 12:42:45] INFO inference_time: 26.718523263931274
[2026-02-09 12:43:45] INFO {'epoch': 31, 'toy_10_ndcg@20': tensor(0.0500), 'toy_10_recall@20': tensor(0.1044), 'ndcg@20': tensor(0.0500), 'recall@20': tensor(0.1044), 'train_loss_0': tensor(0.2438, device='cuda:0')}
[2026-02-09 12:43:45] INFO training_time: 1742.2868101596832
[2026-02-09 12:43:45] INFO inference_time: 27.598103761672974
[2026-02-09 12:43:45] INFO ndcg@20 improved. Best value: 0.0500
[2026-02-09 12:43:45] INFO Best model checkpoint saved in saved/MetaModel/noisy_10/2026-02-09-12-14-07-409137.ckpt.
[2026-02-09 12:44:47] INFO {'epoch': 32, 'toy_10_ndcg@20': tensor(0.0486), 'toy_10_recall@20': tensor(0.1028), 'ndcg@20': tensor(0.0486), 'recall@20': tensor(0.1028), 'train_loss_0': tensor(0.2436, device='cuda:0')}
[2026-02-09 12:44:47] INFO training_time: 1802.630680322647
[2026-02-09 12:44:47] INFO inference_time: 28.73456048965454
[2026-02-09 12:45:47] INFO {'epoch': 33, 'toy_10_ndcg@20': tensor(0.0475), 'toy_10_recall@20': tensor(0.1014), 'ndcg@20': tensor(0.0475), 'recall@20': tensor(0.1014), 'train_loss_0': tensor(0.2438, device='cuda:0')}
[2026-02-09 12:45:47] INFO training_time: 1861.483925819397
[2026-02-09 12:45:47] INFO inference_time: 29.641501665115356
[2026-02-09 12:46:48] INFO {'epoch': 34, 'toy_10_ndcg@20': tensor(0.0485), 'toy_10_recall@20': tensor(0.1035), 'ndcg@20': tensor(0.0485), 'recall@20': tensor(0.1035), 'train_loss_0': tensor(0.2422, device='cuda:0')}
[2026-02-09 12:46:48] INFO training_time: 1921.8905446529388
[2026-02-09 12:46:48] INFO inference_time: 30.438487768173218
[2026-02-09 12:47:49] INFO {'epoch': 35, 'toy_10_ndcg@20': tensor(0.0498), 'toy_10_recall@20': tensor(0.1045), 'ndcg@20': tensor(0.0498), 'recall@20': tensor(0.1045), 'train_loss_0': tensor(0.2410, device='cuda:0')}
[2026-02-09 12:47:49] INFO training_time: 1982.324190378189
[2026-02-09 12:47:49] INFO inference_time: 31.19559645652771
[2026-02-09 12:48:49] INFO {'epoch': 36, 'toy_10_ndcg@20': tensor(0.0495), 'toy_10_recall@20': tensor(0.1038), 'ndcg@20': tensor(0.0495), 'recall@20': tensor(0.1038), 'train_loss_0': tensor(0.2395, device='cuda:0')}
[2026-02-09 12:48:49] INFO training_time: 2041.5212473869324
[2026-02-09 12:48:49] INFO inference_time: 32.08524250984192
[2026-02-09 12:49:50] INFO {'epoch': 37, 'toy_10_ndcg@20': tensor(0.0499), 'toy_10_recall@20': tensor(0.1053), 'ndcg@20': tensor(0.0499), 'recall@20': tensor(0.1053), 'train_loss_0': tensor(0.2390, device='cuda:0')}
[2026-02-09 12:49:50] INFO training_time: 2101.4480016231537
[2026-02-09 12:49:50] INFO inference_time: 32.86240839958191
[2026-02-09 12:50:50] INFO {'epoch': 38, 'toy_10_ndcg@20': tensor(0.0495), 'toy_10_recall@20': tensor(0.1033), 'ndcg@20': tensor(0.0495), 'recall@20': tensor(0.1033), 'train_loss_0': tensor(0.2389, device='cuda:0')}
[2026-02-09 12:50:50] INFO training_time: 2160.697424888611
[2026-02-09 12:50:50] INFO inference_time: 33.7130126953125
[2026-02-09 12:51:51] INFO {'epoch': 39, 'toy_10_ndcg@20': tensor(0.0493), 'toy_10_recall@20': tensor(0.1008), 'ndcg@20': tensor(0.0493), 'recall@20': tensor(0.1008), 'train_loss_0': tensor(0.2371, device='cuda:0')}
[2026-02-09 12:51:51] INFO training_time: 2220.4623510837555
[2026-02-09 12:51:51] INFO inference_time: 34.74991464614868
[2026-02-09 12:52:50] INFO {'epoch': 40, 'toy_10_ndcg@20': tensor(0.0492), 'toy_10_recall@20': tensor(0.1020), 'ndcg@20': tensor(0.0492), 'recall@20': tensor(0.1020), 'train_loss_0': tensor(0.2353, device='cuda:0')}
[2026-02-09 12:52:50] INFO training_time: 2278.8039853572845
[2026-02-09 12:52:50] INFO inference_time: 35.935189723968506
[2026-02-09 12:53:51] INFO {'epoch': 41, 'toy_10_ndcg@20': tensor(0.0488), 'toy_10_recall@20': tensor(0.1032), 'ndcg@20': tensor(0.0488), 'recall@20': tensor(0.1032), 'train_loss_0': tensor(0.2350, device='cuda:0')}
[2026-02-09 12:53:51] INFO training_time: 2338.3837764263153
[2026-02-09 12:53:51] INFO inference_time: 36.77699542045593
[2026-02-09 12:54:51] INFO {'epoch': 42, 'toy_10_ndcg@20': tensor(0.0488), 'toy_10_recall@20': tensor(0.1031), 'ndcg@20': tensor(0.0488), 'recall@20': tensor(0.1031), 'train_loss_0': tensor(0.2350, device='cuda:0')}
[2026-02-09 12:54:51] INFO training_time: 2398.15634226799
[2026-02-09 12:54:51] INFO inference_time: 37.57639169692993
[2026-02-09 12:55:51] INFO {'epoch': 43, 'toy_10_ndcg@20': tensor(0.0491), 'toy_10_recall@20': tensor(0.1030), 'ndcg@20': tensor(0.0491), 'recall@20': tensor(0.1030), 'train_loss_0': tensor(0.2331, device='cuda:0')}
[2026-02-09 12:55:51] INFO training_time: 2456.6890828609467
[2026-02-09 12:55:51] INFO inference_time: 38.3832049369812
[2026-02-09 12:56:51] INFO {'epoch': 44, 'toy_10_ndcg@20': tensor(0.0497), 'toy_10_recall@20': tensor(0.1024), 'ndcg@20': tensor(0.0497), 'recall@20': tensor(0.1024), 'train_loss_0': tensor(0.2339, device='cuda:0')}
[2026-02-09 12:56:51] INFO training_time: 2516.4325602054596
[2026-02-09 12:56:51] INFO inference_time: 39.12853956222534
[2026-02-09 12:57:52] INFO {'epoch': 45, 'toy_10_ndcg@20': tensor(0.0492), 'toy_10_recall@20': tensor(0.1034), 'ndcg@20': tensor(0.0492), 'recall@20': tensor(0.1034), 'train_loss_0': tensor(0.2322, device='cuda:0')}
[2026-02-09 12:57:52] INFO training_time: 2575.9910850524902
[2026-02-09 12:57:52] INFO inference_time: 39.99530839920044
[2026-02-09 12:58:51] INFO {'epoch': 46, 'toy_10_ndcg@20': tensor(0.0508), 'toy_10_recall@20': tensor(0.1058), 'ndcg@20': tensor(0.0508), 'recall@20': tensor(0.1058), 'train_loss_0': tensor(0.2309, device='cuda:0')}
[2026-02-09 12:58:51] INFO training_time: 2635.053169488907
[2026-02-09 12:58:51] INFO inference_time: 40.90616583824158
[2026-02-09 12:58:51] INFO ndcg@20 improved. Best value: 0.0508
[2026-02-09 12:58:52] INFO Best model checkpoint saved in saved/MetaModel/noisy_10/2026-02-09-12-14-07-409137.ckpt.
[2026-02-09 12:59:52] INFO {'epoch': 47, 'toy_10_ndcg@20': tensor(0.0501), 'toy_10_recall@20': tensor(0.1052), 'ndcg@20': tensor(0.0501), 'recall@20': tensor(0.1052), 'train_loss_0': tensor(0.2318, device='cuda:0')}
[2026-02-09 12:59:52] INFO training_time: 2694.819552898407
[2026-02-09 12:59:52] INFO inference_time: 41.99138402938843
[2026-02-09 13:00:53] INFO {'epoch': 48, 'toy_10_ndcg@20': tensor(0.0505), 'toy_10_recall@20': tensor(0.1051), 'ndcg@20': tensor(0.0505), 'recall@20': tensor(0.1051), 'train_loss_0': tensor(0.2299, device='cuda:0')}
[2026-02-09 13:00:53] INFO training_time: 2754.719591140747
[2026-02-09 13:00:53] INFO inference_time: 42.89837694168091
[2026-02-09 13:01:53] INFO {'epoch': 49, 'toy_10_ndcg@20': tensor(0.0508), 'toy_10_recall@20': tensor(0.1057), 'ndcg@20': tensor(0.0508), 'recall@20': tensor(0.1057), 'train_loss_0': tensor(0.2281, device='cuda:0')}
[2026-02-09 13:01:53] INFO training_time: 2814.255974292755
[2026-02-09 13:01:53] INFO inference_time: 43.64324593544006
[2026-02-09 13:02:53] INFO {'epoch': 50, 'toy_10_ndcg@20': tensor(0.0507), 'toy_10_recall@20': tensor(0.1073), 'ndcg@20': tensor(0.0507), 'recall@20': tensor(0.1073), 'train_loss_0': tensor(0.2278, device='cuda:0')}
[2026-02-09 13:02:53] INFO training_time: 2872.9944047927856
[2026-02-09 13:02:53] INFO inference_time: 44.68511652946472
[2026-02-09 13:03:54] INFO {'epoch': 51, 'toy_10_ndcg@20': tensor(0.0508), 'toy_10_recall@20': tensor(0.1064), 'ndcg@20': tensor(0.0508), 'recall@20': tensor(0.1064), 'train_loss_0': tensor(0.2292, device='cuda:0')}
[2026-02-09 13:03:54] INFO training_time: 2933.090886116028
[2026-02-09 13:03:54] INFO inference_time: 45.374003171920776
[2026-02-09 13:04:55] INFO {'epoch': 52, 'toy_10_ndcg@20': tensor(0.0501), 'toy_10_recall@20': tensor(0.1074), 'ndcg@20': tensor(0.0501), 'recall@20': tensor(0.1074), 'train_loss_0': tensor(0.2265, device='cuda:0')}
[2026-02-09 13:04:55] INFO training_time: 2993.6076633930206
[2026-02-09 13:04:55] INFO inference_time: 46.14312553405762
[2026-02-09 13:05:54] INFO {'epoch': 53, 'toy_10_ndcg@20': tensor(0.0508), 'toy_10_recall@20': tensor(0.1052), 'ndcg@20': tensor(0.0508), 'recall@20': tensor(0.1052), 'train_loss_0': tensor(0.2268, device='cuda:0')}
[2026-02-09 13:05:54] INFO training_time: 3051.417613506317
[2026-02-09 13:05:54] INFO inference_time: 47.117995262145996
[2026-02-09 13:06:56] INFO {'epoch': 54, 'toy_10_ndcg@20': tensor(0.0505), 'toy_10_recall@20': tensor(0.1078), 'ndcg@20': tensor(0.0505), 'recall@20': tensor(0.1078), 'train_loss_0': tensor(0.2256, device='cuda:0')}
[2026-02-09 13:06:56] INFO training_time: 3112.098342895508
[2026-02-09 13:06:56] INFO inference_time: 47.98836064338684
[2026-02-09 13:07:56] INFO {'epoch': 55, 'toy_10_ndcg@20': tensor(0.0510), 'toy_10_recall@20': tensor(0.1072), 'ndcg@20': tensor(0.0510), 'recall@20': tensor(0.1072), 'train_loss_0': tensor(0.2240, device='cuda:0')}
[2026-02-09 13:07:56] INFO training_time: 3171.583724498749
[2026-02-09 13:07:56] INFO inference_time: 48.84428000450134
[2026-02-09 13:07:56] INFO ndcg@20 improved. Best value: 0.0510
[2026-02-09 13:07:56] INFO Best model checkpoint saved in saved/MetaModel/noisy_10/2026-02-09-12-14-07-409137.ckpt.
[2026-02-09 13:08:56] INFO {'epoch': 56, 'toy_10_ndcg@20': tensor(0.0503), 'toy_10_recall@20': tensor(0.1066), 'ndcg@20': tensor(0.0503), 'recall@20': tensor(0.1066), 'train_loss_0': tensor(0.2243, device='cuda:0')}
[2026-02-09 13:08:56] INFO training_time: 3230.513828754425
[2026-02-09 13:08:56] INFO inference_time: 49.599772214889526
[2026-02-09 13:09:57] INFO {'epoch': 57, 'toy_10_ndcg@20': tensor(0.0506), 'toy_10_recall@20': tensor(0.1066), 'ndcg@20': tensor(0.0506), 'recall@20': tensor(0.1066), 'train_loss_0': tensor(0.2232, device='cuda:0')}
[2026-02-09 13:09:57] INFO training_time: 3290.806173801422
[2026-02-09 13:09:57] INFO inference_time: 50.393991231918335
[2026-02-09 13:10:58] INFO {'epoch': 58, 'toy_10_ndcg@20': tensor(0.0506), 'toy_10_recall@20': tensor(0.1071), 'ndcg@20': tensor(0.0506), 'recall@20': tensor(0.1071), 'train_loss_0': tensor(0.2234, device='cuda:0')}
[2026-02-09 13:10:58] INFO training_time: 3351.231769323349
[2026-02-09 13:10:58] INFO inference_time: 51.320082664489746
[2026-02-09 13:11:59] INFO {'epoch': 59, 'toy_10_ndcg@20': tensor(0.0506), 'toy_10_recall@20': tensor(0.1063), 'ndcg@20': tensor(0.0506), 'recall@20': tensor(0.1063), 'train_loss_0': tensor(0.2246, device='cuda:0')}
[2026-02-09 13:11:59] INFO training_time: 3411.2523975372314
[2026-02-09 13:11:59] INFO inference_time: 52.15272045135498
[2026-02-09 13:12:59] INFO {'epoch': 60, 'toy_10_ndcg@20': tensor(0.0501), 'toy_10_recall@20': tensor(0.1055), 'ndcg@20': tensor(0.0501), 'recall@20': tensor(0.1055), 'train_loss_0': tensor(0.2225, device='cuda:0')}
[2026-02-09 13:12:59] INFO training_time: 3469.637447834015
[2026-02-09 13:12:59] INFO inference_time: 53.2277135848999
[2026-02-09 13:14:00] INFO {'epoch': 61, 'toy_10_ndcg@20': tensor(0.0511), 'toy_10_recall@20': tensor(0.1063), 'ndcg@20': tensor(0.0511), 'recall@20': tensor(0.1063), 'train_loss_0': tensor(0.2212, device='cuda:0')}
[2026-02-09 13:14:00] INFO training_time: 3529.8260605335236
[2026-02-09 13:14:00] INFO inference_time: 54.093923568725586
[2026-02-09 13:14:00] INFO ndcg@20 improved. Best value: 0.0511
[2026-02-09 13:14:00] INFO Best model checkpoint saved in saved/MetaModel/noisy_10/2026-02-09-12-14-07-409137.ckpt.
[2026-02-09 13:15:01] INFO {'epoch': 62, 'toy_10_ndcg@20': tensor(0.0497), 'toy_10_recall@20': tensor(0.1053), 'ndcg@20': tensor(0.0497), 'recall@20': tensor(0.1053), 'train_loss_0': tensor(0.2220, device='cuda:0')}
[2026-02-09 13:15:01] INFO training_time: 3589.8952136039734
[2026-02-09 13:15:01] INFO inference_time: 54.973954916000366
[2026-02-09 13:16:00] INFO {'epoch': 63, 'toy_10_ndcg@20': tensor(0.0504), 'toy_10_recall@20': tensor(0.1074), 'ndcg@20': tensor(0.0504), 'recall@20': tensor(0.1074), 'train_loss_0': tensor(0.2191, device='cuda:0')}
[2026-02-09 13:16:00] INFO training_time: 3648.9252009391785
[2026-02-09 13:16:00] INFO inference_time: 55.7682158946991
[2026-02-09 13:17:01] INFO {'epoch': 64, 'toy_10_ndcg@20': tensor(0.0499), 'toy_10_recall@20': tensor(0.1080), 'ndcg@20': tensor(0.0499), 'recall@20': tensor(0.1080), 'train_loss_0': tensor(0.2208, device='cuda:0')}
[2026-02-09 13:17:01] INFO training_time: 3708.941046476364
[2026-02-09 13:17:01] INFO inference_time: 56.49388670921326
[2026-02-09 13:18:03] INFO {'epoch': 65, 'toy_10_ndcg@20': tensor(0.0504), 'toy_10_recall@20': tensor(0.1067), 'ndcg@20': tensor(0.0504), 'recall@20': tensor(0.1067), 'train_loss_0': tensor(0.2188, device='cuda:0')}
[2026-02-09 13:18:03] INFO training_time: 3769.4252927303314
[2026-02-09 13:18:03] INFO inference_time: 57.36609935760498
[2026-02-09 13:19:02] INFO {'epoch': 66, 'toy_10_ndcg@20': tensor(0.0506), 'toy_10_recall@20': tensor(0.1073), 'ndcg@20': tensor(0.0506), 'recall@20': tensor(0.1073), 'train_loss_0': tensor(0.2203, device='cuda:0')}
[2026-02-09 13:19:02] INFO training_time: 3827.7470750808716
[2026-02-09 13:19:02] INFO inference_time: 58.1241991519928
[2026-02-09 13:20:02] INFO {'epoch': 67, 'toy_10_ndcg@20': tensor(0.0510), 'toy_10_recall@20': tensor(0.1090), 'ndcg@20': tensor(0.0510), 'recall@20': tensor(0.1090), 'train_loss_0': tensor(0.2199, device='cuda:0')}
[2026-02-09 13:20:02] INFO training_time: 3886.9275517463684
[2026-02-09 13:20:02] INFO inference_time: 59.14781618118286
[2026-02-09 13:21:03] INFO {'epoch': 68, 'toy_10_ndcg@20': tensor(0.0511), 'toy_10_recall@20': tensor(0.1082), 'ndcg@20': tensor(0.0511), 'recall@20': tensor(0.1082), 'train_loss_0': tensor(0.2173, device='cuda:0')}
[2026-02-09 13:21:03] INFO training_time: 3946.9512021541595
[2026-02-09 13:21:03] INFO inference_time: 59.90758013725281
[2026-02-09 13:22:02] INFO {'epoch': 69, 'toy_10_ndcg@20': tensor(0.0491), 'toy_10_recall@20': tensor(0.1068), 'ndcg@20': tensor(0.0491), 'recall@20': tensor(0.1068), 'train_loss_0': tensor(0.2185, device='cuda:0')}
[2026-02-09 13:22:02] INFO training_time: 4006.0215241909027
[2026-02-09 13:22:02] INFO inference_time: 60.68420338630676
[2026-02-09 13:23:02] INFO {'epoch': 70, 'toy_10_ndcg@20': tensor(0.0505), 'toy_10_recall@20': tensor(0.1094), 'ndcg@20': tensor(0.0505), 'recall@20': tensor(0.1094), 'train_loss_0': tensor(0.2185, device='cuda:0')}
[2026-02-09 13:23:02] INFO training_time: 4064.571742296219
[2026-02-09 13:23:02] INFO inference_time: 61.66284251213074
[2026-02-09 13:24:03] INFO {'epoch': 71, 'toy_10_ndcg@20': tensor(0.0509), 'toy_10_recall@20': tensor(0.1084), 'ndcg@20': tensor(0.0509), 'recall@20': tensor(0.1084), 'train_loss_0': tensor(0.2191, device='cuda:0')}
[2026-02-09 13:24:03] INFO training_time: 4124.588656663895
[2026-02-09 13:24:03] INFO inference_time: 62.45248222351074
[2026-02-09 13:25:05] INFO {'epoch': 72, 'toy_10_ndcg@20': tensor(0.0500), 'toy_10_recall@20': tensor(0.1081), 'ndcg@20': tensor(0.0500), 'recall@20': tensor(0.1081), 'train_loss_0': tensor(0.2168, device='cuda:0')}
[2026-02-09 13:25:05] INFO training_time: 4185.509748697281
[2026-02-09 13:25:05] INFO inference_time: 63.220983266830444
[2026-02-09 13:26:04] INFO {'epoch': 73, 'toy_10_ndcg@20': tensor(0.0513), 'toy_10_recall@20': tensor(0.1094), 'ndcg@20': tensor(0.0513), 'recall@20': tensor(0.1094), 'train_loss_0': tensor(0.2167, device='cuda:0')}
[2026-02-09 13:26:04] INFO training_time: 4243.676392555237
[2026-02-09 13:26:04] INFO inference_time: 64.20650672912598
[2026-02-09 13:26:04] INFO ndcg@20 improved. Best value: 0.0513
[2026-02-09 13:26:04] INFO Best model checkpoint saved in saved/MetaModel/noisy_10/2026-02-09-12-14-07-409137.ckpt.
[2026-02-09 13:27:05] INFO {'epoch': 74, 'toy_10_ndcg@20': tensor(0.0509), 'toy_10_recall@20': tensor(0.1073), 'ndcg@20': tensor(0.0509), 'recall@20': tensor(0.1073), 'train_loss_0': tensor(0.2165, device='cuda:0')}
[2026-02-09 13:27:05] INFO training_time: 4303.742468357086
[2026-02-09 13:27:05] INFO inference_time: 65.18932342529297
[2026-02-09 13:28:06] INFO {'epoch': 75, 'toy_10_ndcg@20': tensor(0.0513), 'toy_10_recall@20': tensor(0.1080), 'ndcg@20': tensor(0.0513), 'recall@20': tensor(0.1080), 'train_loss_0': tensor(0.2167, device='cuda:0')}
[2026-02-09 13:28:06] INFO training_time: 4364.022024154663
[2026-02-09 13:28:06] INFO inference_time: 65.99028849601746
[2026-02-09 13:29:06] INFO {'epoch': 76, 'toy_10_ndcg@20': tensor(0.0507), 'toy_10_recall@20': tensor(0.1069), 'ndcg@20': tensor(0.0507), 'recall@20': tensor(0.1069), 'train_loss_0': tensor(0.2151, device='cuda:0')}
[2026-02-09 13:29:06] INFO training_time: 4423.262271404266
[2026-02-09 13:29:06] INFO inference_time: 66.73901128768921
[2026-02-09 13:30:08] INFO {'epoch': 77, 'toy_10_ndcg@20': tensor(0.0513), 'toy_10_recall@20': tensor(0.1086), 'ndcg@20': tensor(0.0513), 'recall@20': tensor(0.1086), 'train_loss_0': tensor(0.2152, device='cuda:0')}
[2026-02-09 13:30:08] INFO training_time: 4484.18390250206
[2026-02-09 13:30:08] INFO inference_time: 67.62124466896057
[2026-02-09 13:31:09] INFO {'epoch': 78, 'toy_10_ndcg@20': tensor(0.0517), 'toy_10_recall@20': tensor(0.1085), 'ndcg@20': tensor(0.0517), 'recall@20': tensor(0.1085), 'train_loss_0': tensor(0.2145, device='cuda:0')}
[2026-02-09 13:31:09] INFO training_time: 4545.212157964706
[2026-02-09 13:31:09] INFO inference_time: 68.38854002952576
[2026-02-09 13:31:09] INFO ndcg@20 improved. Best value: 0.0517
[2026-02-09 13:31:09] INFO Best model checkpoint saved in saved/MetaModel/noisy_10/2026-02-09-12-14-07-409137.ckpt.
[2026-02-09 13:32:11] INFO {'epoch': 79, 'toy_10_ndcg@20': tensor(0.0518), 'toy_10_recall@20': tensor(0.1104), 'ndcg@20': tensor(0.0518), 'recall@20': tensor(0.1104), 'train_loss_0': tensor(0.2141, device='cuda:0')}
[2026-02-09 13:32:11] INFO training_time: 4606.467575550079
[2026-02-09 13:32:11] INFO inference_time: 69.12049198150635
[2026-02-09 13:32:11] INFO ndcg@20 improved. Best value: 0.0518
[2026-02-09 13:32:11] INFO Best model checkpoint saved in saved/MetaModel/noisy_10/2026-02-09-12-14-07-409137.ckpt.
[2026-02-09 13:33:13] INFO {'epoch': 80, 'toy_10_ndcg@20': tensor(0.0516), 'toy_10_recall@20': tensor(0.1086), 'ndcg@20': tensor(0.0516), 'recall@20': tensor(0.1086), 'train_loss_0': tensor(0.2140, device='cuda:0')}
[2026-02-09 13:33:13] INFO training_time: 4666.546284675598
[2026-02-09 13:33:13] INFO inference_time: 70.3280987739563
[2026-02-09 13:34:14] INFO {'epoch': 81, 'toy_10_ndcg@20': tensor(0.0515), 'toy_10_recall@20': tensor(0.1087), 'ndcg@20': tensor(0.0515), 'recall@20': tensor(0.1087), 'train_loss_0': tensor(0.2134, device='cuda:0')}
[2026-02-09 13:34:14] INFO training_time: 4727.029899358749
[2026-02-09 13:34:14] INFO inference_time: 71.24145913124084
[2026-02-09 13:35:15] INFO {'epoch': 82, 'toy_10_ndcg@20': tensor(0.0517), 'toy_10_recall@20': tensor(0.1089), 'ndcg@20': tensor(0.0517), 'recall@20': tensor(0.1089), 'train_loss_0': tensor(0.2141, device='cuda:0')}
[2026-02-09 13:35:15] INFO training_time: 4787.2587242126465
[2026-02-09 13:35:15] INFO inference_time: 72.26551914215088
[2026-02-09 13:36:16] INFO {'epoch': 83, 'toy_10_ndcg@20': tensor(0.0520), 'toy_10_recall@20': tensor(0.1088), 'ndcg@20': tensor(0.0520), 'recall@20': tensor(0.1088), 'train_loss_0': tensor(0.2132, device='cuda:0')}
[2026-02-09 13:36:16] INFO training_time: 4846.615191698074
[2026-02-09 13:36:16] INFO inference_time: 73.07478356361389
[2026-02-09 13:36:16] INFO ndcg@20 improved. Best value: 0.0520
[2026-02-09 13:36:16] INFO Best model checkpoint saved in saved/MetaModel/noisy_10/2026-02-09-12-14-07-409137.ckpt.
[2026-02-09 13:37:16] INFO {'epoch': 84, 'toy_10_ndcg@20': tensor(0.0516), 'toy_10_recall@20': tensor(0.1087), 'ndcg@20': tensor(0.0516), 'recall@20': tensor(0.1087), 'train_loss_0': tensor(0.2119, device='cuda:0')}
[2026-02-09 13:37:16] INFO training_time: 4906.446767807007
[2026-02-09 13:37:16] INFO inference_time: 73.81727147102356
[2026-02-09 13:38:18] INFO {'epoch': 85, 'toy_10_ndcg@20': tensor(0.0516), 'toy_10_recall@20': tensor(0.1084), 'ndcg@20': tensor(0.0516), 'recall@20': tensor(0.1084), 'train_loss_0': tensor(0.2130, device='cuda:0')}
[2026-02-09 13:38:18] INFO training_time: 4967.406055450439
[2026-02-09 13:38:18] INFO inference_time: 74.82588386535645
[2026-02-09 13:39:17] INFO {'epoch': 86, 'toy_10_ndcg@20': tensor(0.0520), 'toy_10_recall@20': tensor(0.1093), 'ndcg@20': tensor(0.0520), 'recall@20': tensor(0.1093), 'train_loss_0': tensor(0.2133, device='cuda:0')}
[2026-02-09 13:39:17] INFO training_time: 5025.232458353043
[2026-02-09 13:39:17] INFO inference_time: 75.63225769996643
[2026-02-09 13:40:18] INFO {'epoch': 87, 'toy_10_ndcg@20': tensor(0.0524), 'toy_10_recall@20': tensor(0.1102), 'ndcg@20': tensor(0.0524), 'recall@20': tensor(0.1102), 'train_loss_0': tensor(0.2124, device='cuda:0')}
[2026-02-09 13:40:18] INFO training_time: 5085.272003650665
[2026-02-09 13:40:18] INFO inference_time: 76.47730684280396
[2026-02-09 13:40:18] INFO ndcg@20 improved. Best value: 0.0524
[2026-02-09 13:40:18] INFO Best model checkpoint saved in saved/MetaModel/noisy_10/2026-02-09-12-14-07-409137.ckpt.
[2026-02-09 13:41:18] INFO {'epoch': 88, 'toy_10_ndcg@20': tensor(0.0515), 'toy_10_recall@20': tensor(0.1092), 'ndcg@20': tensor(0.0515), 'recall@20': tensor(0.1092), 'train_loss_0': tensor(0.2120, device='cuda:0')}
[2026-02-09 13:41:18] INFO training_time: 5144.511421442032
[2026-02-09 13:41:18] INFO inference_time: 77.33086729049683
[2026-02-09 13:42:13] INFO {'epoch': 89, 'toy_10_ndcg@20': tensor(0.0524), 'toy_10_recall@20': tensor(0.1112), 'ndcg@20': tensor(0.0524), 'recall@20': tensor(0.1112), 'train_loss_0': tensor(0.2105, device='cuda:0')}
[2026-02-09 13:42:13] INFO training_time: 5199.006395816803
[2026-02-09 13:42:13] INFO inference_time: 78.17380571365356
[2026-02-09 13:42:13] INFO ndcg@20 improved. Best value: 0.0524
[2026-02-09 13:42:13] INFO Best model checkpoint saved in saved/MetaModel/noisy_10/2026-02-09-12-14-07-409137.ckpt.
[2026-02-09 13:43:05] INFO {'epoch': 90, 'toy_10_ndcg@20': tensor(0.0523), 'toy_10_recall@20': tensor(0.1096), 'ndcg@20': tensor(0.0523), 'recall@20': tensor(0.1096), 'train_loss_0': tensor(0.2125, device='cuda:0')}
[2026-02-09 13:43:05] INFO training_time: 5249.538395404816
[2026-02-09 13:43:05] INFO inference_time: 79.36795020103455
[2026-02-09 13:43:57] INFO {'epoch': 91, 'toy_10_ndcg@20': tensor(0.0517), 'toy_10_recall@20': tensor(0.1106), 'ndcg@20': tensor(0.0517), 'recall@20': tensor(0.1106), 'train_loss_0': tensor(0.2111, device='cuda:0')}
[2026-02-09 13:43:57] INFO training_time: 5300.908739566803
[2026-02-09 13:43:57] INFO inference_time: 80.25175476074219
[2026-02-09 13:44:49] INFO {'epoch': 92, 'toy_10_ndcg@20': tensor(0.0518), 'toy_10_recall@20': tensor(0.1107), 'ndcg@20': tensor(0.0518), 'recall@20': tensor(0.1107), 'train_loss_0': tensor(0.2109, device='cuda:0')}
[2026-02-09 13:44:49] INFO training_time: 5351.814374923706
[2026-02-09 13:44:49] INFO inference_time: 81.14773392677307
[2026-02-09 13:45:40] INFO {'epoch': 93, 'toy_10_ndcg@20': tensor(0.0526), 'toy_10_recall@20': tensor(0.1101), 'ndcg@20': tensor(0.0526), 'recall@20': tensor(0.1101), 'train_loss_0': tensor(0.2106, device='cuda:0')}
[2026-02-09 13:45:40] INFO training_time: 5402.122176170349
[2026-02-09 13:45:40] INFO inference_time: 81.81938791275024
[2026-02-09 13:45:40] INFO ndcg@20 improved. Best value: 0.0526
[2026-02-09 13:45:40] INFO Best model checkpoint saved in saved/MetaModel/noisy_10/2026-02-09-12-14-07-409137.ckpt.
[2026-02-09 13:46:32] INFO {'epoch': 94, 'toy_10_ndcg@20': tensor(0.0522), 'toy_10_recall@20': tensor(0.1101), 'ndcg@20': tensor(0.0522), 'recall@20': tensor(0.1101), 'train_loss_0': tensor(0.2102, device='cuda:0')}
[2026-02-09 13:46:32] INFO training_time: 5453.14829993248
[2026-02-09 13:46:32] INFO inference_time: 82.60209059715271
[2026-02-09 13:47:24] INFO {'epoch': 95, 'toy_10_ndcg@20': tensor(0.0519), 'toy_10_recall@20': tensor(0.1096), 'ndcg@20': tensor(0.0519), 'recall@20': tensor(0.1096), 'train_loss_0': tensor(0.2091, device='cuda:0')}
[2026-02-09 13:47:24] INFO training_time: 5504.6347913742065
[2026-02-09 13:47:24] INFO inference_time: 83.50430464744568
[2026-02-09 13:48:15] INFO {'epoch': 96, 'toy_10_ndcg@20': tensor(0.0516), 'toy_10_recall@20': tensor(0.1096), 'ndcg@20': tensor(0.0516), 'recall@20': tensor(0.1096), 'train_loss_0': tensor(0.2084, device='cuda:0')}
[2026-02-09 13:48:15] INFO training_time: 5554.489506483078
[2026-02-09 13:48:15] INFO inference_time: 84.34767079353333
[2026-02-09 13:49:07] INFO {'epoch': 97, 'toy_10_ndcg@20': tensor(0.0518), 'toy_10_recall@20': tensor(0.1098), 'ndcg@20': tensor(0.0518), 'recall@20': tensor(0.1098), 'train_loss_0': tensor(0.2078, device='cuda:0')}
[2026-02-09 13:49:07] INFO training_time: 5605.501128196716
[2026-02-09 13:49:07] INFO inference_time: 85.17876672744751
[2026-02-09 13:49:58] INFO {'epoch': 98, 'toy_10_ndcg@20': tensor(0.0526), 'toy_10_recall@20': tensor(0.1113), 'ndcg@20': tensor(0.0526), 'recall@20': tensor(0.1113), 'train_loss_0': tensor(0.2089, device='cuda:0')}
[2026-02-09 13:49:58] INFO training_time: 5656.265802145004
[2026-02-09 13:49:58] INFO inference_time: 85.96010756492615
[2026-02-09 13:49:58] INFO ndcg@20 improved. Best value: 0.0526
[2026-02-09 13:49:58] INFO Best model checkpoint saved in saved/MetaModel/noisy_10/2026-02-09-12-14-07-409137.ckpt.
[2026-02-09 13:50:50] INFO {'epoch': 99, 'toy_10_ndcg@20': tensor(0.0519), 'toy_10_recall@20': tensor(0.1098), 'ndcg@20': tensor(0.0519), 'recall@20': tensor(0.1098), 'train_loss_0': tensor(0.2090, device='cuda:0')}
[2026-02-09 13:50:50] INFO training_time: 5707.3443648815155
[2026-02-09 13:50:50] INFO inference_time: 86.93952679634094
[2026-02-09 13:51:42] INFO {'epoch': 100, 'toy_10_ndcg@20': tensor(0.0525), 'toy_10_recall@20': tensor(0.1102), 'ndcg@20': tensor(0.0525), 'recall@20': tensor(0.1102), 'train_loss_0': tensor(0.2077, device='cuda:0')}
[2026-02-09 13:51:42] INFO training_time: 5758.161419868469
[2026-02-09 13:51:42] INFO inference_time: 88.05250525474548
[2026-02-09 13:52:34] INFO {'epoch': 101, 'toy_10_ndcg@20': tensor(0.0527), 'toy_10_recall@20': tensor(0.1111), 'ndcg@20': tensor(0.0527), 'recall@20': tensor(0.1111), 'train_loss_0': tensor(0.2075, device='cuda:0')}
[2026-02-09 13:52:35] INFO training_time: 5809.587175607681
[2026-02-09 13:52:35] INFO inference_time: 88.79581260681152
[2026-02-09 13:52:35] INFO ndcg@20 improved. Best value: 0.0527
[2026-02-09 13:52:35] INFO Best model checkpoint saved in saved/MetaModel/noisy_10/2026-02-09-12-14-07-409137.ckpt.
[2026-02-09 13:53:27] INFO {'epoch': 102, 'toy_10_ndcg@20': tensor(0.0523), 'toy_10_recall@20': tensor(0.1111), 'ndcg@20': tensor(0.0523), 'recall@20': tensor(0.1111), 'train_loss_0': tensor(0.2078, device='cuda:0')}
[2026-02-09 13:53:27] INFO training_time: 5861.407763719559
[2026-02-09 13:53:27] INFO inference_time: 89.58935570716858
[2026-02-09 13:54:19] INFO {'epoch': 103, 'toy_10_ndcg@20': tensor(0.0520), 'toy_10_recall@20': tensor(0.1108), 'ndcg@20': tensor(0.0520), 'recall@20': tensor(0.1108), 'train_loss_0': tensor(0.2089, device='cuda:0')}
[2026-02-09 13:54:19] INFO training_time: 5912.616277933121
[2026-02-09 13:54:19] INFO inference_time: 90.31586456298828
[2026-02-09 13:55:12] INFO {'epoch': 104, 'toy_10_ndcg@20': tensor(0.0536), 'toy_10_recall@20': tensor(0.1127), 'ndcg@20': tensor(0.0536), 'recall@20': tensor(0.1127), 'train_loss_0': tensor(0.2081, device='cuda:0')}
[2026-02-09 13:55:12] INFO training_time: 5964.470149278641
[2026-02-09 13:55:12] INFO inference_time: 91.20840573310852
[2026-02-09 13:55:12] INFO ndcg@20 improved. Best value: 0.0536
[2026-02-09 13:55:12] INFO Best model checkpoint saved in saved/MetaModel/noisy_10/2026-02-09-12-14-07-409137.ckpt.
[2026-02-09 13:56:04] INFO {'epoch': 105, 'toy_10_ndcg@20': tensor(0.0525), 'toy_10_recall@20': tensor(0.1113), 'ndcg@20': tensor(0.0525), 'recall@20': tensor(0.1113), 'train_loss_0': tensor(0.2061, device='cuda:0')}
[2026-02-09 13:56:04] INFO training_time: 6015.797123908997
[2026-02-09 13:56:04] INFO inference_time: 92.178706407547
[2026-02-09 13:56:55] INFO {'epoch': 106, 'toy_10_ndcg@20': tensor(0.0514), 'toy_10_recall@20': tensor(0.1100), 'ndcg@20': tensor(0.0514), 'recall@20': tensor(0.1100), 'train_loss_0': tensor(0.2066, device='cuda:0')}
[2026-02-09 13:56:55] INFO training_time: 6066.013619184494
[2026-02-09 13:56:55] INFO inference_time: 92.9648129940033
[2026-02-09 13:57:47] INFO {'epoch': 107, 'toy_10_ndcg@20': tensor(0.0528), 'toy_10_recall@20': tensor(0.1109), 'ndcg@20': tensor(0.0528), 'recall@20': tensor(0.1109), 'train_loss_0': tensor(0.2056, device='cuda:0')}
[2026-02-09 13:57:47] INFO training_time: 6117.129939317703
[2026-02-09 13:57:47] INFO inference_time: 94.01153469085693
[2026-02-09 13:58:39] INFO {'epoch': 108, 'toy_10_ndcg@20': tensor(0.0528), 'toy_10_recall@20': tensor(0.1111), 'ndcg@20': tensor(0.0528), 'recall@20': tensor(0.1111), 'train_loss_0': tensor(0.2058, device='cuda:0')}
[2026-02-09 13:58:39] INFO training_time: 6167.648696184158
[2026-02-09 13:58:39] INFO inference_time: 94.88409638404846
[2026-02-09 13:59:30] INFO {'epoch': 109, 'toy_10_ndcg@20': tensor(0.0522), 'toy_10_recall@20': tensor(0.1104), 'ndcg@20': tensor(0.0522), 'recall@20': tensor(0.1104), 'train_loss_0': tensor(0.2067, device='cuda:0')}
[2026-02-09 13:59:30] INFO training_time: 6218.640466928482
[2026-02-09 13:59:30] INFO inference_time: 95.58557677268982
[2026-02-09 14:00:22] INFO {'epoch': 110, 'toy_10_ndcg@20': tensor(0.0519), 'toy_10_recall@20': tensor(0.1098), 'ndcg@20': tensor(0.0519), 'recall@20': tensor(0.1098), 'train_loss_0': tensor(0.2053, device='cuda:0')}
[2026-02-09 14:00:22] INFO training_time: 6268.720977306366
[2026-02-09 14:00:22] INFO inference_time: 96.70510840415955
[2026-02-09 14:01:13] INFO {'epoch': 111, 'toy_10_ndcg@20': tensor(0.0525), 'toy_10_recall@20': tensor(0.1119), 'ndcg@20': tensor(0.0525), 'recall@20': tensor(0.1119), 'train_loss_0': tensor(0.2055, device='cuda:0')}
[2026-02-09 14:01:13] INFO training_time: 6319.587684869766
[2026-02-09 14:01:13] INFO inference_time: 97.53444194793701
[2026-02-09 14:02:05] INFO {'epoch': 112, 'toy_10_ndcg@20': tensor(0.0531), 'toy_10_recall@20': tensor(0.1115), 'ndcg@20': tensor(0.0531), 'recall@20': tensor(0.1115), 'train_loss_0': tensor(0.2059, device='cuda:0')}
[2026-02-09 14:02:05] INFO training_time: 6370.752907514572
[2026-02-09 14:02:05] INFO inference_time: 98.32270503044128
[2026-02-09 14:02:56] INFO {'epoch': 113, 'toy_10_ndcg@20': tensor(0.0529), 'toy_10_recall@20': tensor(0.1122), 'ndcg@20': tensor(0.0529), 'recall@20': tensor(0.1122), 'train_loss_0': tensor(0.2050, device='cuda:0')}
[2026-02-09 14:02:56] INFO training_time: 6420.979743242264
[2026-02-09 14:02:56] INFO inference_time: 99.09952902793884
[2026-02-09 14:03:48] INFO {'epoch': 114, 'toy_10_ndcg@20': tensor(0.0540), 'toy_10_recall@20': tensor(0.1132), 'ndcg@20': tensor(0.0540), 'recall@20': tensor(0.1132), 'train_loss_0': tensor(0.2060, device='cuda:0')}
[2026-02-09 14:03:48] INFO training_time: 6471.557124376297
[2026-02-09 14:03:48] INFO inference_time: 99.90257501602173
[2026-02-09 14:03:48] INFO ndcg@20 improved. Best value: 0.0540
[2026-02-09 14:03:48] INFO Best model checkpoint saved in saved/MetaModel/noisy_10/2026-02-09-12-14-07-409137.ckpt.
[2026-02-09 14:04:40] INFO {'epoch': 115, 'toy_10_ndcg@20': tensor(0.0541), 'toy_10_recall@20': tensor(0.1125), 'ndcg@20': tensor(0.0541), 'recall@20': tensor(0.1125), 'train_loss_0': tensor(0.2054, device='cuda:0')}
[2026-02-09 14:04:40] INFO training_time: 6523.368845462799
[2026-02-09 14:04:40] INFO inference_time: 100.71973896026611
[2026-02-09 14:04:40] INFO ndcg@20 improved. Best value: 0.0541
[2026-02-09 14:04:40] INFO Best model checkpoint saved in saved/MetaModel/noisy_10/2026-02-09-12-14-07-409137.ckpt.
[2026-02-09 14:05:31] INFO {'epoch': 116, 'toy_10_ndcg@20': tensor(0.0535), 'toy_10_recall@20': tensor(0.1124), 'ndcg@20': tensor(0.0535), 'recall@20': tensor(0.1124), 'train_loss_0': tensor(0.2046, device='cuda:0')}
[2026-02-09 14:05:31] INFO training_time: 6573.436296224594
[2026-02-09 14:05:31] INFO inference_time: 101.47361707687378
[2026-02-09 14:06:24] INFO {'epoch': 117, 'toy_10_ndcg@20': tensor(0.0529), 'toy_10_recall@20': tensor(0.1106), 'ndcg@20': tensor(0.0529), 'recall@20': tensor(0.1106), 'train_loss_0': tensor(0.2045, device='cuda:0')}
[2026-02-09 14:06:24] INFO training_time: 6625.092879533768
[2026-02-09 14:06:24] INFO inference_time: 102.28882789611816
[2026-02-09 14:07:16] INFO {'epoch': 118, 'toy_10_ndcg@20': tensor(0.0536), 'toy_10_recall@20': tensor(0.1118), 'ndcg@20': tensor(0.0536), 'recall@20': tensor(0.1118), 'train_loss_0': tensor(0.2048, device='cuda:0')}
[2026-02-09 14:07:16] INFO training_time: 6676.428143024445
[2026-02-09 14:07:16] INFO inference_time: 103.19502830505371
[2026-02-09 14:08:08] INFO {'epoch': 119, 'toy_10_ndcg@20': tensor(0.0526), 'toy_10_recall@20': tensor(0.1118), 'ndcg@20': tensor(0.0526), 'recall@20': tensor(0.1118), 'train_loss_0': tensor(0.2043, device='cuda:0')}
[2026-02-09 14:08:08] INFO training_time: 6727.758300304413
[2026-02-09 14:08:08] INFO inference_time: 104.13493728637695
[2026-02-09 14:09:00] INFO {'epoch': 120, 'toy_10_ndcg@20': tensor(0.0544), 'toy_10_recall@20': tensor(0.1123), 'ndcg@20': tensor(0.0544), 'recall@20': tensor(0.1123), 'train_loss_0': tensor(0.2041, device='cuda:0')}
[2026-02-09 14:09:00] INFO training_time: 6778.886528491974
[2026-02-09 14:09:00] INFO inference_time: 105.29865145683289
[2026-02-09 14:09:00] INFO ndcg@20 improved. Best value: 0.0544
[2026-02-09 14:09:01] INFO Best model checkpoint saved in saved/MetaModel/noisy_10/2026-02-09-12-14-07-409137.ckpt.
[2026-02-09 14:09:53] INFO {'epoch': 121, 'toy_10_ndcg@20': tensor(0.0538), 'toy_10_recall@20': tensor(0.1137), 'ndcg@20': tensor(0.0538), 'recall@20': tensor(0.1137), 'train_loss_0': tensor(0.2031, device='cuda:0')}
[2026-02-09 14:09:53] INFO training_time: 6830.247147321701
[2026-02-09 14:09:53] INFO inference_time: 106.20508909225464
[2026-02-09 14:10:45] INFO {'epoch': 122, 'toy_10_ndcg@20': tensor(0.0538), 'toy_10_recall@20': tensor(0.1127), 'ndcg@20': tensor(0.0538), 'recall@20': tensor(0.1127), 'train_loss_0': tensor(0.2033, device='cuda:0')}
[2026-02-09 14:10:45] INFO training_time: 6881.675045490265
[2026-02-09 14:10:45] INFO inference_time: 107.11408352851868
[2026-02-09 14:11:36] INFO {'epoch': 123, 'toy_10_ndcg@20': tensor(0.0542), 'toy_10_recall@20': tensor(0.1127), 'ndcg@20': tensor(0.0542), 'recall@20': tensor(0.1127), 'train_loss_0': tensor(0.2010, device='cuda:0')}
[2026-02-09 14:11:36] INFO training_time: 6932.1769070625305
[2026-02-09 14:11:36] INFO inference_time: 107.85433173179626
[2026-02-09 14:12:28] INFO {'epoch': 124, 'toy_10_ndcg@20': tensor(0.0546), 'toy_10_recall@20': tensor(0.1133), 'ndcg@20': tensor(0.0546), 'recall@20': tensor(0.1133), 'train_loss_0': tensor(0.2036, device='cuda:0')}
[2026-02-09 14:12:28] INFO training_time: 6982.82737827301
[2026-02-09 14:12:28] INFO inference_time: 108.64146018028259
[2026-02-09 14:12:28] INFO ndcg@20 improved. Best value: 0.0546
[2026-02-09 14:12:28] INFO Best model checkpoint saved in saved/MetaModel/noisy_10/2026-02-09-12-14-07-409137.ckpt.
[2026-02-09 14:13:20] INFO {'epoch': 125, 'toy_10_ndcg@20': tensor(0.0545), 'toy_10_recall@20': tensor(0.1132), 'ndcg@20': tensor(0.0545), 'recall@20': tensor(0.1132), 'train_loss_0': tensor(0.2039, device='cuda:0')}
[2026-02-09 14:13:20] INFO training_time: 7033.970919132233
[2026-02-09 14:13:20] INFO inference_time: 109.38069081306458
[2026-02-09 14:14:11] INFO {'epoch': 126, 'toy_10_ndcg@20': tensor(0.0544), 'toy_10_recall@20': tensor(0.1138), 'ndcg@20': tensor(0.0544), 'recall@20': tensor(0.1138), 'train_loss_0': tensor(0.2036, device='cuda:0')}
[2026-02-09 14:14:11] INFO training_time: 7084.716694355011
[2026-02-09 14:14:11] INFO inference_time: 110.07713508605957
[2026-02-09 14:14:55] INFO {'epoch': 127, 'toy_10_ndcg@20': tensor(0.0539), 'toy_10_recall@20': tensor(0.1114), 'ndcg@20': tensor(0.0539), 'recall@20': tensor(0.1114), 'train_loss_0': tensor(0.2027, device='cuda:0')}
[2026-02-09 14:14:55] INFO training_time: 7128.030777215958
[2026-02-09 14:14:55] INFO inference_time: 110.7829794883728
[2026-02-09 14:15:39] INFO {'epoch': 128, 'toy_10_ndcg@20': tensor(0.0541), 'toy_10_recall@20': tensor(0.1119), 'ndcg@20': tensor(0.0541), 'recall@20': tensor(0.1119), 'train_loss_0': tensor(0.2031, device='cuda:0')}
[2026-02-09 14:15:39] INFO training_time: 7170.685065507889
[2026-02-09 14:15:39] INFO inference_time: 111.53357744216919
[2026-02-09 14:16:23] INFO {'epoch': 129, 'toy_10_ndcg@20': tensor(0.0539), 'toy_10_recall@20': tensor(0.1133), 'ndcg@20': tensor(0.0539), 'recall@20': tensor(0.1133), 'train_loss_0': tensor(0.2012, device='cuda:0')}
[2026-02-09 14:16:23] INFO training_time: 7214.025960445404
[2026-02-09 14:16:23] INFO inference_time: 112.19916558265686
[2026-02-09 14:17:05] INFO {'epoch': 130, 'toy_10_ndcg@20': tensor(0.0540), 'toy_10_recall@20': tensor(0.1140), 'ndcg@20': tensor(0.0540), 'recall@20': tensor(0.1140), 'train_loss_0': tensor(0.2011, device='cuda:0')}
[2026-02-09 14:17:05] INFO training_time: 7255.563741445541
[2026-02-09 14:17:05] INFO inference_time: 113.15553832054138
[2026-02-09 14:17:48] INFO {'epoch': 131, 'toy_10_ndcg@20': tensor(0.0537), 'toy_10_recall@20': tensor(0.1119), 'ndcg@20': tensor(0.0537), 'recall@20': tensor(0.1119), 'train_loss_0': tensor(0.2008, device='cuda:0')}
[2026-02-09 14:17:48] INFO training_time: 7297.598894357681
[2026-02-09 14:17:48] INFO inference_time: 113.85081005096436
[2026-02-09 14:18:31] INFO {'epoch': 132, 'toy_10_ndcg@20': tensor(0.0539), 'toy_10_recall@20': tensor(0.1143), 'ndcg@20': tensor(0.0539), 'recall@20': tensor(0.1143), 'train_loss_0': tensor(0.2009, device='cuda:0')}
[2026-02-09 14:18:31] INFO training_time: 7340.359251976013
[2026-02-09 14:18:31] INFO inference_time: 114.47449016571045
[2026-02-09 14:19:14] INFO {'epoch': 133, 'toy_10_ndcg@20': tensor(0.0528), 'toy_10_recall@20': tensor(0.1114), 'ndcg@20': tensor(0.0528), 'recall@20': tensor(0.1114), 'train_loss_0': tensor(0.2014, device='cuda:0')}
[2026-02-09 14:19:14] INFO training_time: 7382.158871650696
[2026-02-09 14:19:14] INFO inference_time: 115.31057500839233
[2026-02-09 14:19:57] INFO {'epoch': 134, 'toy_10_ndcg@20': tensor(0.0530), 'toy_10_recall@20': tensor(0.1135), 'ndcg@20': tensor(0.0530), 'recall@20': tensor(0.1135), 'train_loss_0': tensor(0.2015, device='cuda:0')}
[2026-02-09 14:19:57] INFO training_time: 7424.323341369629
[2026-02-09 14:19:57] INFO inference_time: 116.11113595962524
[2026-02-09 14:20:40] INFO {'epoch': 135, 'toy_10_ndcg@20': tensor(0.0532), 'toy_10_recall@20': tensor(0.1130), 'ndcg@20': tensor(0.0532), 'recall@20': tensor(0.1130), 'train_loss_0': tensor(0.2015, device='cuda:0')}
[2026-02-09 14:20:40] INFO training_time: 7466.700567007065
[2026-02-09 14:20:40] INFO inference_time: 116.87817811965942
[2026-02-09 14:21:22] INFO {'epoch': 136, 'toy_10_ndcg@20': tensor(0.0526), 'toy_10_recall@20': tensor(0.1129), 'ndcg@20': tensor(0.0526), 'recall@20': tensor(0.1129), 'train_loss_0': tensor(0.2019, device='cuda:0')}
[2026-02-09 14:21:22] INFO training_time: 7507.947987318039
[2026-02-09 14:21:22] INFO inference_time: 117.59450340270996
[2026-02-09 14:22:05] INFO {'epoch': 137, 'toy_10_ndcg@20': tensor(0.0532), 'toy_10_recall@20': tensor(0.1125), 'ndcg@20': tensor(0.0532), 'recall@20': tensor(0.1125), 'train_loss_0': tensor(0.2007, device='cuda:0')}
[2026-02-09 14:22:05] INFO training_time: 7550.214532375336
[2026-02-09 14:22:05] INFO inference_time: 118.24838495254517
[2026-02-09 14:22:48] INFO {'epoch': 138, 'toy_10_ndcg@20': tensor(0.0527), 'toy_10_recall@20': tensor(0.1132), 'ndcg@20': tensor(0.0527), 'recall@20': tensor(0.1132), 'train_loss_0': tensor(0.2003, device='cuda:0')}
[2026-02-09 14:22:48] INFO training_time: 7592.863102197647
[2026-02-09 14:22:48] INFO inference_time: 118.94188094139099
[2026-02-09 14:23:32] INFO {'epoch': 139, 'toy_10_ndcg@20': tensor(0.0535), 'toy_10_recall@20': tensor(0.1130), 'ndcg@20': tensor(0.0535), 'recall@20': tensor(0.1130), 'train_loss_0': tensor(0.1995, device='cuda:0')}
[2026-02-09 14:23:32] INFO training_time: 7635.427576780319
[2026-02-09 14:23:32] INFO inference_time: 119.69252133369446
[2026-02-09 14:24:14] INFO {'epoch': 140, 'toy_10_ndcg@20': tensor(0.0533), 'toy_10_recall@20': tensor(0.1132), 'ndcg@20': tensor(0.0533), 'recall@20': tensor(0.1132), 'train_loss_0': tensor(0.1997, device='cuda:0')}
[2026-02-09 14:24:14] INFO training_time: 7676.782361507416
[2026-02-09 14:24:14] INFO inference_time: 120.69684743881226
[2026-02-09 14:24:57] INFO {'epoch': 141, 'toy_10_ndcg@20': tensor(0.0521), 'toy_10_recall@20': tensor(0.1098), 'ndcg@20': tensor(0.0521), 'recall@20': tensor(0.1098), 'train_loss_0': tensor(0.1995, device='cuda:0')}
[2026-02-09 14:24:57] INFO training_time: 7718.943712949753
[2026-02-09 14:24:57] INFO inference_time: 121.49011206626892
[2026-02-09 14:25:40] INFO {'epoch': 142, 'toy_10_ndcg@20': tensor(0.0533), 'toy_10_recall@20': tensor(0.1110), 'ndcg@20': tensor(0.0533), 'recall@20': tensor(0.1110), 'train_loss_0': tensor(0.2007, device='cuda:0')}
[2026-02-09 14:25:40] INFO training_time: 7761.01895236969
[2026-02-09 14:25:40] INFO inference_time: 122.3408145904541
[2026-02-09 14:26:22] INFO {'epoch': 143, 'toy_10_ndcg@20': tensor(0.0526), 'toy_10_recall@20': tensor(0.1108), 'ndcg@20': tensor(0.0526), 'recall@20': tensor(0.1108), 'train_loss_0': tensor(0.2005, device='cuda:0')}
[2026-02-09 14:26:22] INFO training_time: 7802.783698797226
[2026-02-09 14:26:22] INFO inference_time: 123.00884819030762
[2026-02-09 14:26:57] INFO {'epoch': 144, 'toy_10_ndcg@20': tensor(0.0516), 'toy_10_recall@20': tensor(0.1083), 'ndcg@20': tensor(0.0516), 'recall@20': tensor(0.1083), 'train_loss_0': tensor(0.1992, device='cuda:0')}
[2026-02-09 14:26:57] INFO training_time: 7837.191330194473
[2026-02-09 14:26:57] INFO inference_time: 123.75585508346558
[2026-02-09 14:26:57] INFO Early stopped. Since the metric ndcg@20 haven't been improved for 20 epochs.
[2026-02-09 14:26:57] INFO The best score of ndcg@20 is 0.0546 on epoch 124
[2026-02-09 14:26:57] INFO Best model checkpoint saved in saved/MetaModel/noisy_10/2026-02-09-12-14-07-409137.ckpt.
[2026-02-09 14:26:58] INFO defaultdict(<class 'float'>, {'toy_10_ndcg@20': tensor(0.0430), 'toy_10_recall@20': tensor(0.0909), 'toy_10_ndcg@10': tensor(0.0364), 'toy_10_recall@10': tensor(0.0646), 'ndcg@20': tensor(0.0430), 'recall@20': tensor(0.0909), 'ndcg@10': tensor(0.0364), 'recall@10': tensor(0.0646)})
